[Licensing::Module] Trying to connect to existing licensing client channel...
Built from '6000.2/staging' branch; Version is '6000.2.14f1 (589824c1fc31) revision 5806116'; Using compiler version '194234433'; Build Type 'Release'
OS: 'Windows 11  (10.0.26200) 64bit Professional' Language: 'ru' Physical Memory: 32577 MB
BatchMode: 1, IsHumanControllingUs: 0, StartBugReporterOnCrash: 0, Is64bit: 1
Date: 2025-11-28T13:59:26Z
[Licensing::IpcConnector] Successfully connected to: "LicenseClient-Ubuntu" at "2025-11-28T13:59:26.1449118Z"

COMMAND LINE ARGUMENTS:
C:\Program Files\Unity\Hub\Editor\6000.2.14f1\Editor\Unity.exe
-runTests
-batchmode
-projectPath
C:\Users\Ubuntu\Desktop\_DEV\AFFECT-2025-10-11
-testResults
C:\Users\Ubuntu\Desktop\_DEV\AFFECT-2025-10-11\TestResults.xml
-testPlatform
EditMode
-logFile
C:\Users\Ubuntu\Desktop\_DEV\AFFECT-2025-10-11\test_log.txt
Successfully changed project path to: C:\Users\Ubuntu\Desktop\_DEV\AFFECT-2025-10-11
C:/Users/Ubuntu/Desktop/_DEV/AFFECT-2025-10-11
[UnityMemory] Configuration Parameters - Can be set up in boot.config
    "memorysetup-allocator-temp-initial-block-size-main=262144"
    "memorysetup-allocator-temp-initial-block-size-worker=262144"
    "memorysetup-bucket-allocator-granularity=16"
    "memorysetup-bucket-allocator-bucket-count=8"
    "memorysetup-bucket-allocator-block-size=33554432"
    "memorysetup-bucket-allocator-block-count=8"
    "memorysetup-main-allocator-block-size=16777216"
    "memorysetup-thread-allocator-block-size=16777216"
    "memorysetup-gfx-main-allocator-block-size=16777216"
    "memorysetup-gfx-thread-allocator-block-size=16777216"
    "memorysetup-cache-allocator-block-size=4194304"
    "memorysetup-typetree-allocator-block-size=2097152"
    "memorysetup-profiler-bucket-allocator-granularity=16"
    "memorysetup-profiler-bucket-allocator-bucket-count=8"
    "memorysetup-profiler-bucket-allocator-block-size=33554432"
    "memorysetup-profiler-bucket-allocator-block-count=8"
    "memorysetup-profiler-allocator-block-size=16777216"
    "memorysetup-profiler-editor-allocator-block-size=1048576"
    "memorysetup-temp-allocator-size-main=16777216"
    "memorysetup-job-temp-allocator-block-size=2097152"
    "memorysetup-job-temp-allocator-block-size-background=1048576"
    "memorysetup-job-temp-allocator-reduction-small-platforms=262144"
    "memorysetup-temp-allocator-size-background-worker=32768"
    "memorysetup-temp-allocator-size-job-worker=262144"
    "memorysetup-temp-allocator-size-preload-manager=33554432"
    "memorysetup-temp-allocator-size-nav-mesh-worker=65536"
    "memorysetup-temp-allocator-size-audio-worker=65536"
    "memorysetup-temp-allocator-size-cloud-worker=32768"
    "memorysetup-temp-allocator-size-gi-baking-worker=262144"
    "memorysetup-temp-allocator-size-gi-baking-worker=262144"
    "memorysetup-temp-allocator-size-gi-baking-worker=262144"
    "memorysetup-temp-allocator-size-gi-baking-worker=262144"
    "memorysetup-temp-allocator-size-gi-baking-worker=262144"
    "memorysetup-temp-allocator-size-gfx=262144"
Player connection [35164]  Target information:

Player connection [35164]  * "[IP] 192.168.101.36 [Port] 55504 [Flags] 2 [Guid] 2751573570 [EditorId] 2751573570 [Version] 1048832 [Id] WindowsEditor(7,AF-PC) [Debug] 1 [PackageName] WindowsEditor [ProjectName] Editor" 

Player connection [35164]  * "[IP] 172.20.16.1 [Port] 55504 [Flags] 2 [Guid] 2751573570 [EditorId] 2751573570 [Version] 1048832 [Id] WindowsEditor(7,AF-PC) [Debug] 1 [PackageName] WindowsEditor [ProjectName] Editor" 

Player connection [35164]  * "[IP] 192.168.64.1 [Port] 55504 [Flags] 2 [Guid] 2751573570 [EditorId] 2751573570 [Version] 1048832 [Id] WindowsEditor(7,AF-PC) [Debug] 1 [PackageName] WindowsEditor [ProjectName] Editor" 

Player connection [35164]  * "[IP] 192.168.179.1 [Port] 55504 [Flags] 2 [Guid] 2751573570 [EditorId] 2751573570 [Version] 1048832 [Id] WindowsEditor(7,AF-PC) [Debug] 1 [PackageName] WindowsEditor [ProjectName] Editor" 

Player connection [35164] Host joined multi-casting on [225.0.0.222:54997]...
Player connection [35164] Host joined alternative multi-casting on [225.0.0.222:34997]...
Input System module state changed to: Initialized.
[Physics::Module] Initialized fallback backend.
[Physics::Module] Id: 0xdecafbad
[Package Manager] Connected to IPC stream "Upm-8720" after 0.2 seconds.
Library Redirect Path: Library/
[Physics::Module] Selected backend.
[Physics::Module] Name: PhysX
[Physics::Module] Id: 0xf2b8ea05
[Physics::Module] SDK Version: 4.1.2
[Physics::Module] Integration Version: 1.0.0
[Physics::Module] Threading Mode: Multi-Threaded
Refreshing native plugins compatible for Editor in 0.31 ms, found 0 plugins.
Preloading 0 native plugins for Editor in 0.00 ms.
Initialize engine version: 6000.2.14f1 (589824c1fc31)
[Subsystems] Discovering subsystems at path C:/Program Files/Unity/Hub/Editor/6000.2.14f1/Editor/Data/Resources/UnitySubsystems
[Subsystems] Discovering subsystems at path C:/Users/Ubuntu/Desktop/_DEV/AFFECT-2025-10-11/Assets
GfxDevice: creating device client; kGfxThreadingModeNonThreaded
Direct3D:
    Version:  Direct3D 11.0 [level 11.1]
    Renderer: AMD Radeon RX 6900 XT (ID=0x73af)
    Vendor:   ATI
    VRAM:     16337 MB
    Driver:   32.0.21033.3005
Initialize mono
Mono path[0] = 'C:/Program Files/Unity/Hub/Editor/6000.2.14f1/Editor/Data/Managed'
Mono path[1] = 'C:/Program Files/Unity/Hub/Editor/6000.2.14f1/Editor/Data/MonoBleedingEdge/lib/mono/unityjit-win32'
Mono config path = 'C:/Program Files/Unity/Hub/Editor/6000.2.14f1/Editor/Data/MonoBleedingEdge/etc'
Using monoOptions --debugger-agent=transport=dt_socket,embedding=1,server=y,suspend=n,address=127.0.0.1:56720
[Licensing::Client] Handshaking with LicensingClient:
  Version:                 1.17.4+4293ba1
  Session Id:              d4cd21cbe6514844a85a07777b430b59
  Correlation Id:          76baf3b177585eced64a1bc2d11c5a6c
  External correlation Id: 8688173373340045331
  Machine Id:              NXW8CwYcU/bwPpuoluoq85jUBIQ=
[Licensing::Module] Successfully connected to LicensingClient on channel: "LicenseClient-Ubuntu" (connect: 0.00s, validation: 0.00s, handshake: 0.56s)
[Licensing::IpcConnector] Successfully connected to: "LicenseClient-Ubuntu-notifications" at "2025-11-28T13:59:26.7084506Z"
[Licensing::Module] Error: Access token is unavailable; failed to update
[Licensing::Client] Successfully resolved entitlement details
[Licensing::Module] License group:
  Id: 992905-UnityPersXXXX
  Product: Unity Personal
  Type: Assigned
  Expiration: Unlimited
[Licensing::Client] Successfully updated license, isAsync: True, time: 0.00
[Licensing::Module] Licensing Background thread has ended after 0.57s
Using cacheserver namespaces - metadata:defaultmetadata, artifacts:defaultartifacts
Using cacheserver namespaces - metadata:defaultmetadata, artifacts:defaultartifacts
ImportWorker Server TCP listen port: 0
AcceleratorClientConnectionCallback - disconnected - :0
Begin MonoManager ReloadAssembly
Registering precompiled unity dll's ...
Register platform support module: C:/Program Files/Unity/Hub/Editor/6000.2.14f1/Editor/Data/PlaybackEngines/WindowsStandaloneSupport/UnityEditor.WindowsStandalone.Extensions.dll
Registered in 0.001388 seconds.
- Loaded All Assemblies, in  0.230 seconds
Native extension for WindowsStandalone target not found
Mono: successfully reloaded assembly
- Finished resetting the current domain, in  0.212 seconds
Domain Reload Profiling: 441ms
	BeginReloadAssembly (77ms)
		ExecutionOrderSort (0ms)
		DisableScriptedObjects (0ms)
		BackupInstance (0ms)
		ReleaseScriptingObjects (0ms)
		CreateAndSetChildDomain (0ms)
	RebuildCommonClasses (23ms)
	RebuildNativeTypeToScriptingClass (7ms)
	initialDomainReloadingComplete (30ms)
	LoadAllAssembliesAndSetupDomain (92ms)
		LoadAssemblies (74ms)
		RebuildTransferFunctionScriptingTraits (0ms)
		AnalyzeDomain (90ms)
			TypeCache.Refresh (89ms)
				TypeCache.ScanAssembly (82ms)
			BuildScriptInfoCaches (0ms)
			ResolveRequiredComponents (0ms)
	FinalizeReload (213ms)
		ReleaseScriptCaches (0ms)
		RebuildScriptCaches (0ms)
		SetupLoadedEditorAssemblies (191ms)
			LogAssemblyErrors (0ms)
			InitializePlatformSupportModulesInManaged (31ms)
			SetLoadedEditorAssemblies (3ms)
			BeforeProcessingInitializeOnLoad (40ms)
			ProcessInitializeOnLoadAttributes (82ms)
			ProcessInitializeOnLoadMethodAttributes (36ms)
			AfterProcessingInitializeOnLoad (0ms)
			EditorAssembliesLoaded (0ms)
		ExecutionOrderSort2 (0ms)
		AwakeInstancesAfterBackupRestoration (0ms)
[Licensing::Client] Successfully resolved entitlement details
Application.AssetDatabase Initial Refresh Start
Package Manager log level set to [2]
[Package Manager] Restoring resolved packages state from cache
[Licensing::Client] Successfully resolved entitlement details
[Package Manager] Registered 63 packages:
  Packages from [https://packages.unity.com]:
    com.unity.ai.generators@1.0.0-pre.20 (location: C:\Users\Ubuntu\Desktop\_DEV\AFFECT-2025-10-11\Library\PackageCache\com.unity.ai.generators@f55909672e13)
    com.unity.ai.inference@2.4.1 (location: C:\Users\Ubuntu\Desktop\_DEV\AFFECT-2025-10-11\Library\PackageCache\com.unity.ai.inference@587873fd5e1b)
    com.unity.ai.navigation@2.0.9 (location: C:\Users\Ubuntu\Desktop\_DEV\AFFECT-2025-10-11\Library\PackageCache\com.unity.ai.navigation@5218e4bf7edc)
    com.unity.asset-manager-for-unity@1.9.0 (location: C:\Users\Ubuntu\Desktop\_DEV\AFFECT-2025-10-11\Library\PackageCache\com.unity.asset-manager-for-unity@3385c108f5c1)
    com.unity.collab-proxy@2.10.2 (location: C:\Users\Ubuntu\Desktop\_DEV\AFFECT-2025-10-11\Library\PackageCache\com.unity.collab-proxy@3351acaba9c9)
    com.unity.ide.rider@3.0.38 (location: C:\Users\Ubuntu\Desktop\_DEV\AFFECT-2025-10-11\Library\PackageCache\com.unity.ide.rider@1f60b3138684)
    com.unity.ide.visualstudio@2.0.25 (location: C:\Users\Ubuntu\Desktop\_DEV\AFFECT-2025-10-11\Library\PackageCache\com.unity.ide.visualstudio@74aa435fc4bb)
    com.unity.inputsystem@1.16.0 (location: C:\Users\Ubuntu\Desktop\_DEV\AFFECT-2025-10-11\Library\PackageCache\com.unity.inputsystem@552acc76aabe)
    com.unity.postprocessing@3.5.1 (location: C:\Users\Ubuntu\Desktop\_DEV\AFFECT-2025-10-11\Library\PackageCache\com.unity.postprocessing@4a41da475b74)
    com.unity.probuilder@6.0.8 (location: C:\Users\Ubuntu\Desktop\_DEV\AFFECT-2025-10-11\Library\PackageCache\com.unity.probuilder@2e7e30b1490d)
    com.unity.timeline@1.8.9 (location: C:\Users\Ubuntu\Desktop\_DEV\AFFECT-2025-10-11\Library\PackageCache\com.unity.timeline@6b9e48457ddb)
    com.unity.settings-manager@2.1.0 (location: C:\Users\Ubuntu\Desktop\_DEV\AFFECT-2025-10-11\Library\PackageCache\com.unity.settings-manager@41738c275190)
    com.unity.nuget.newtonsoft-json@3.2.1 (location: C:\Users\Ubuntu\Desktop\_DEV\AFFECT-2025-10-11\Library\PackageCache\com.unity.nuget.newtonsoft-json@74deb55db2a0)
    com.unity.burst@1.8.25 (location: C:\Users\Ubuntu\Desktop\_DEV\AFFECT-2025-10-11\Library\PackageCache\com.unity.burst@1df634d836b8)
    com.unity.dt.app-ui@1.3.1 (location: C:\Users\Ubuntu\Desktop\_DEV\AFFECT-2025-10-11\Library\PackageCache\com.unity.dt.app-ui@7b87c8225c06)
    com.unity.collections@2.6.2 (location: C:\Users\Ubuntu\Desktop\_DEV\AFFECT-2025-10-11\Library\PackageCache\com.unity.collections@aea9d3bd5e19)
    com.unity.ai.toolkit@1.0.0-pre.20 (location: C:\Users\Ubuntu\Desktop\_DEV\AFFECT-2025-10-11\Library\PackageCache\com.unity.ai.toolkit@48a271771d1a)
    com.unity.mathematics@1.3.2 (location: C:\Users\Ubuntu\Desktop\_DEV\AFFECT-2025-10-11\Library\PackageCache\com.unity.mathematics@8017b507cc74)
    com.unity.searcher@4.9.3 (location: C:\Users\Ubuntu\Desktop\_DEV\AFFECT-2025-10-11\Library\PackageCache\com.unity.searcher@1e17ce91558d)
    com.unity.nuget.mono-cecil@1.11.5 (location: C:\Users\Ubuntu\Desktop\_DEV\AFFECT-2025-10-11\Library\PackageCache\com.unity.nuget.mono-cecil@d78732e851eb)
    com.unity.test-framework.performance@3.2.0 (location: C:\Users\Ubuntu\Desktop\_DEV\AFFECT-2025-10-11\Library\PackageCache\com.unity.test-framework.performance@0840f58e4562)
  Built-in packages:
    com.unity.render-pipelines.universal@17.2.0 (location: C:\Users\Ubuntu\Desktop\_DEV\AFFECT-2025-10-11\Library\PackageCache\com.unity.render-pipelines.universal@8a8bcae6893e)
    com.unity.test-framework@1.6.0 (location: C:\Users\Ubuntu\Desktop\_DEV\AFFECT-2025-10-11\Library\PackageCache\com.unity.test-framework@40e262928427)
    com.unity.ugui@2.0.0 (location: C:\Users\Ubuntu\Desktop\_DEV\AFFECT-2025-10-11\Library\PackageCache\com.unity.ugui@dda977a1d52f)
    com.unity.modules.accessibility@1.0.0 (location: C:\Program Files\Unity\Hub\Editor\6000.2.14f1\Editor\Data\Resources\PackageManager\BuiltInPackages\com.unity.modules.accessibility)
    com.unity.modules.ai@1.0.0 (location: C:\Program Files\Unity\Hub\Editor\6000.2.14f1\Editor\Data\Resources\PackageManager\BuiltInPackages\com.unity.modules.ai)
    com.unity.modules.androidjni@1.0.0 (location: C:\Program Files\Unity\Hub\Editor\6000.2.14f1\Editor\Data\Resources\PackageManager\BuiltInPackages\com.unity.modules.androidjni)
    com.unity.modules.animation@1.0.0 (location: C:\Program Files\Unity\Hub\Editor\6000.2.14f1\Editor\Data\Resources\PackageManager\BuiltInPackages\com.unity.modules.animation)
    com.unity.modules.assetbundle@1.0.0 (location: C:\Program Files\Unity\Hub\Editor\6000.2.14f1\Editor\Data\Resources\PackageManager\BuiltInPackages\com.unity.modules.assetbundle)
    com.unity.modules.audio@1.0.0 (location: C:\Program Files\Unity\Hub\Editor\6000.2.14f1\Editor\Data\Resources\PackageManager\BuiltInPackages\com.unity.modules.audio)
    com.unity.modules.cloth@1.0.0 (location: C:\Program Files\Unity\Hub\Editor\6000.2.14f1\Editor\Data\Resources\PackageManager\BuiltInPackages\com.unity.modules.cloth)
    com.unity.modules.director@1.0.0 (location: C:\Program Files\Unity\Hub\Editor\6000.2.14f1\Editor\Data\Resources\PackageManager\BuiltInPackages\com.unity.modules.director)
    com.unity.modules.imageconversion@1.0.0 (location: C:\Program Files\Unity\Hub\Editor\6000.2.14f1\Editor\Data\Resources\PackageManager\BuiltInPackages\com.unity.modules.imageconversion)
    com.unity.modules.imgui@1.0.0 (location: C:\Program Files\Unity\Hub\Editor\6000.2.14f1\Editor\Data\Resources\PackageManager\BuiltInPackages\com.unity.modules.imgui)
    com.unity.modules.jsonserialize@1.0.0 (location: C:\Program Files\Unity\Hub\Editor\6000.2.14f1\Editor\Data\Resources\PackageManager\BuiltInPackages\com.unity.modules.jsonserialize)
    com.unity.modules.particlesystem@1.0.0 (location: C:\Program Files\Unity\Hub\Editor\6000.2.14f1\Editor\Data\Resources\PackageManager\BuiltInPackages\com.unity.modules.particlesystem)
    com.unity.modules.physics@1.0.0 (location: C:\Program Files\Unity\Hub\Editor\6000.2.14f1\Editor\Data\Resources\PackageManager\BuiltInPackages\com.unity.modules.physics)
    com.unity.modules.physics2d@1.0.0 (location: C:\Program Files\Unity\Hub\Editor\6000.2.14f1\Editor\Data\Resources\PackageManager\BuiltInPackages\com.unity.modules.physics2d)
    com.unity.modules.screencapture@1.0.0 (location: C:\Program Files\Unity\Hub\Editor\6000.2.14f1\Editor\Data\Resources\PackageManager\BuiltInPackages\com.unity.modules.screencapture)
    com.unity.modules.terrain@1.0.0 (location: C:\Program Files\Unity\Hub\Editor\6000.2.14f1\Editor\Data\Resources\PackageManager\BuiltInPackages\com.unity.modules.terrain)
    com.unity.modules.terrainphysics@1.0.0 (location: C:\Program Files\Unity\Hub\Editor\6000.2.14f1\Editor\Data\Resources\PackageManager\BuiltInPackages\com.unity.modules.terrainphysics)
    com.unity.modules.tilemap@1.0.0 (location: C:\Program Files\Unity\Hub\Editor\6000.2.14f1\Editor\Data\Resources\PackageManager\BuiltInPackages\com.unity.modules.tilemap)
    com.unity.modules.ui@1.0.0 (location: C:\Program Files\Unity\Hub\Editor\6000.2.14f1\Editor\Data\Resources\PackageManager\BuiltInPackages\com.unity.modules.ui)
    com.unity.modules.uielements@1.0.0 (location: C:\Program Files\Unity\Hub\Editor\6000.2.14f1\Editor\Data\Resources\PackageManager\BuiltInPackages\com.unity.modules.uielements)
    com.unity.modules.umbra@1.0.0 (location: C:\Program Files\Unity\Hub\Editor\6000.2.14f1\Editor\Data\Resources\PackageManager\BuiltInPackages\com.unity.modules.umbra)
    com.unity.modules.unityanalytics@1.0.0 (location: C:\Program Files\Unity\Hub\Editor\6000.2.14f1\Editor\Data\Resources\PackageManager\BuiltInPackages\com.unity.modules.unityanalytics)
    com.unity.modules.unitywebrequest@1.0.0 (location: C:\Program Files\Unity\Hub\Editor\6000.2.14f1\Editor\Data\Resources\PackageManager\BuiltInPackages\com.unity.modules.unitywebrequest)
    com.unity.modules.unitywebrequestassetbundle@1.0.0 (location: C:\Program Files\Unity\Hub\Editor\6000.2.14f1\Editor\Data\Resources\PackageManager\BuiltInPackages\com.unity.modules.unitywebrequestassetbundle)
    com.unity.modules.unitywebrequestaudio@1.0.0 (location: C:\Program Files\Unity\Hub\Editor\6000.2.14f1\Editor\Data\Resources\PackageManager\BuiltInPackages\com.unity.modules.unitywebrequestaudio)
    com.unity.modules.unitywebrequesttexture@1.0.0 (location: C:\Program Files\Unity\Hub\Editor\6000.2.14f1\Editor\Data\Resources\PackageManager\BuiltInPackages\com.unity.modules.unitywebrequesttexture)
    com.unity.modules.unitywebrequestwww@1.0.0 (location: C:\Program Files\Unity\Hub\Editor\6000.2.14f1\Editor\Data\Resources\PackageManager\BuiltInPackages\com.unity.modules.unitywebrequestwww)
    com.unity.modules.vehicles@1.0.0 (location: C:\Program Files\Unity\Hub\Editor\6000.2.14f1\Editor\Data\Resources\PackageManager\BuiltInPackages\com.unity.modules.vehicles)
    com.unity.modules.video@1.0.0 (location: C:\Program Files\Unity\Hub\Editor\6000.2.14f1\Editor\Data\Resources\PackageManager\BuiltInPackages\com.unity.modules.video)
    com.unity.modules.vr@1.0.0 (location: C:\Program Files\Unity\Hub\Editor\6000.2.14f1\Editor\Data\Resources\PackageManager\BuiltInPackages\com.unity.modules.vr)
    com.unity.modules.wind@1.0.0 (location: C:\Program Files\Unity\Hub\Editor\6000.2.14f1\Editor\Data\Resources\PackageManager\BuiltInPackages\com.unity.modules.wind)
    com.unity.modules.xr@1.0.0 (location: C:\Program Files\Unity\Hub\Editor\6000.2.14f1\Editor\Data\Resources\PackageManager\BuiltInPackages\com.unity.modules.xr)
    com.unity.modules.subsystems@1.0.0 (location: C:\Program Files\Unity\Hub\Editor\6000.2.14f1\Editor\Data\Resources\PackageManager\BuiltInPackages\com.unity.modules.subsystems)
    com.unity.modules.hierarchycore@1.0.0 (location: C:\Program Files\Unity\Hub\Editor\6000.2.14f1\Editor\Data\Resources\PackageManager\BuiltInPackages\com.unity.modules.hierarchycore)
    com.unity.ext.nunit@2.0.5 (location: C:\Users\Ubuntu\Desktop\_DEV\AFFECT-2025-10-11\Library\PackageCache\com.unity.ext.nunit@031a54704bff)
    com.unity.render-pipelines.core@17.2.0 (location: C:\Users\Ubuntu\Desktop\_DEV\AFFECT-2025-10-11\Library\PackageCache\com.unity.render-pipelines.core@615f7ded20c5)
    com.unity.shadergraph@17.2.0 (location: C:\Users\Ubuntu\Desktop\_DEV\AFFECT-2025-10-11\Library\PackageCache\com.unity.shadergraph@08d2e635540d)
    com.unity.render-pipelines.universal-config@17.0.3 (location: C:\Users\Ubuntu\Desktop\_DEV\AFFECT-2025-10-11\Library\PackageCache\com.unity.render-pipelines.universal-config@8dc1aab4af1d)
    com.unity.rendering.light-transport@1.0.1 (location: C:\Users\Ubuntu\Desktop\_DEV\AFFECT-2025-10-11\Library\PackageCache\com.unity.rendering.light-transport@2c9279f90d7c)
[Subsystems] No new subsystems found in resolved package list.
[Package Manager] Done registering packages in 0.02 seconds
A meta data file (.meta) exists but its asset 'Assets/_SCRIPTS/_PLAYER/Recoil/RecoilSystem.asmdef' can't be found. When moving or deleting files outside of Unity, please ensure that the corresponding .meta file is moved or deleted along with it.
0x00007fff38f222ae (Unity) StackWalker::ShowCallstack
0x00007fff38f31ee9 (Unity) PlatformStacktrace::GetStacktrace
0x00007fff3a1ac04e (Unity) Stacktrace::GetStacktrace
0x00007fff3a7859df (Unity) DebugStringToFile
0x00007fff3a43a270 (Unity) FilteredMetaFileIterationState::SkipToAssetAndFindMeta
0x00007fff3a43882c (Unity) FilteredMetaFileIterationState::NextFile
0x00007fff3a3b5ebf (Unity) GuidDB::ProcessBlock
0x00007fff3a3b40d2 (Unity) GuidDB::Process
0x00007fff3a3b71cb (Unity) SourceAssetDBWriteTxn::RefreshStage4_SyncDatabase
0x00007fff3a4357f5 (Unity) <lambda_98613f2cd3966de8d757ed617833d65b>::operator()
0x00007fff3a42fef0 (Unity) LMDB_Transaction::Run
0x00007fff3a3bb1a3 (Unity) SourceAssetDBWriteTxn::Run
0x00007fff3a439c01 (Unity) SourceAssetScanner::Refresh
0x00007fff3a3f40c4 (Unity) Scan
0x00007fff3a3ec817 (Unity) RefreshInternalV2
0x00007fff3a3f67c7 (Unity) StopAssetImportingV2Internal
0x00007fff3a3e54df (Unity) InitialRefreshV2
0x00007fff3a35a28f (Unity) AssetDatabase::InitialRefresh
0x00007fff39bd61c7 (Unity) Application::InitializeProject
0x00007fff3a1b9965 (Unity) UnityMain
0x00007ff68b302f2a (Unity) __scrt_common_main_seh
0x00007fffddade8d7 (KERNEL32) BaseThreadInitThunk
0x00007fffde88c53c (ntdll) RtlUserThreadStart

[ScriptCompilation] Requested script compilation because: Assembly Definition File(s) changed
[ScriptCompilation] Requested script compilation because: Assetdatabase observed changes in script compilation related files
Refreshing native plugins compatible for Editor in 1.60 ms, found 3 plugins.
Starting: C:\Program Files\Unity\Hub\Editor\6000.2.14f1\Editor\Data\bee_backend.exe --ipc --defer-dag-verification --dagfile="Library/Bee/1900b0aEDbg.dag" --continue-on-failure --profile="Library/Bee/backend1.traceevents" ScriptAssemblies
WorkingDir: C:/Users/Ubuntu/Desktop/_DEV/AFFECT-2025-10-11
DisplayProgressbar: Compiling Scripts
ExitCode: 4 Duration: 0s255ms
[1046/1381  0s] ILPP-Configuration Library/ilpp-configuration.nevergeneratedoutput
Rebuilding DAG because FileSignature timestamp changed: Library/Bee/1900b0aEDbg-inputdata.json
*** Tundra requires additional run (0.23 seconds), 2 items updated, 1381 evaluated
Starting: C:\Program Files\Unity\Hub\Editor\6000.2.14f1\Editor\Data\Tools\netcorerun\netcorerun.exe "C:\Program Files\Unity\Hub\Editor\6000.2.14f1\Editor\Data\Tools\BuildPipeline\ScriptCompilationBuildProgram.exe" "Library/Bee/1900b0aEDbg.dag.json" "Library/Bee/1900b0aEDbg-inputdata.json" "Library\Bee\buildprogram0.traceevents"
WorkingDir: C:/Users/Ubuntu/Desktop/_DEV/AFFECT-2025-10-11
ExitCode: 0 Duration: 0s690ms
Starting: C:\Program Files\Unity\Hub\Editor\6000.2.14f1\Editor\Data\bee_backend.exe --ipc --defer-dag-verification --dagfile="Library/Bee/1900b0aEDbg.dag" --continue-on-failure --dagfilejson="Library\Bee\1900b0aEDbg.dag.json" --profile="Library/Bee/backend2.traceevents" ScriptAssemblies
WorkingDir: C:/Users/Ubuntu/Desktop/_DEV/AFFECT-2025-10-11
ExitCode: 0 Duration: 0s880ms
Finished compiling graph: 1365 nodes, 24852 flattened edges (20044 ToBuild, 228 ToUse), maximum node priority 1544
[           0s] Delete 12 artifact files that are no longer in use. (like Library\Bee\artifacts\rsp\14457316037826614656.rsp)
[ 699/1361  0s] WriteResponseFile Library/Bee/artifacts/rsp/12244479590358847285.rsp
[ 700/1361  0s] WriteText Library/Bee/artifacts/1900b0aEDbg.dag/Assembly-CSharp-Editor.rsp
[ 701/1361  0s] WriteText Library/Bee/artifacts/1900b0aEDbg.dag/Assembly-CSharp.rsp
[ 702/1361  0s] WriteResponseFile Library/Bee/artifacts/rsp/13279423640760612673.rsp
[1035/1361  0s] ILPP-Configuration Library/ilpp-configuration.nevergeneratedoutput
[1357/1361  0s] Csc Library/Bee/artifacts/1900b0aEDbg.dag/Assembly-CSharp-Editor.dll (+2 others)
warning CS8785: Generator 'AttributeBasedFieldGenerator' failed to generate source. It will not contribute to the output and compilation errors may occur as a result. Exception was of type 'IndexOutOfRangeException' with message 'Index was outside the bounds of the array.'
[1358/1361  0s] ILPostProcess Library/Bee/artifacts/1900b0aEDbg.dag/post-processed/Assembly-CSharp-Editor.dll (+pdb)
Processing assembly Library/Bee/artifacts/1900b0aEDbg.dag/Assembly-CSharp-Editor.dll, with 133 defines and 335 references

processors: Unity.Jobs.CodeGen.JobsILPostProcessor, zzzUnity.Burst.CodeGen.BurstILPostProcessor

running Unity.Jobs.CodeGen.JobsILPostProcessor

running zzzUnity.Burst.CodeGen.BurstILPostProcessor
[1359/1361  0s] CopyFiles Library/ScriptAssemblies/Assembly-CSharp-Editor.pdb
[1360/1361  0s] CopyFiles Library/ScriptAssemblies/Assembly-CSharp-Editor.dll
*** Tundra build success (0.87 seconds), 9 items updated, 1361 evaluated
AssetDatabase: script compilation time: 2.230368s
Begin MonoManager ReloadAssembly
- Loaded All Assemblies, in  0.877 seconds
Refreshing native plugins compatible for Editor in 1.22 ms, found 3 plugins.
Native extension for WindowsStandalone target not found
[MODES] ModeService[none].Initialize
[MODES] ModeService[none].LoadModes
[MODES] Loading mode Default (0) for mode-current-id-AFFECT-2025-10-11
Mono: successfully reloaded assembly
- Finished resetting the current domain, in  4.153 seconds
Domain Reload Profiling: 5027ms
	BeginReloadAssembly (219ms)
		ExecutionOrderSort (0ms)
		DisableScriptedObjects (8ms)
		BackupInstance (0ms)
		ReleaseScriptingObjects (0ms)
		CreateAndSetChildDomain (128ms)
	RebuildCommonClasses (22ms)
	RebuildNativeTypeToScriptingClass (8ms)
	initialDomainReloadingComplete (18ms)
	LoadAllAssembliesAndSetupDomain (607ms)
		LoadAssemblies (472ms)
		RebuildTransferFunctionScriptingTraits (0ms)
		AnalyzeDomain (193ms)
			TypeCache.Refresh (142ms)
				TypeCache.ScanAssembly (133ms)
			BuildScriptInfoCaches (41ms)
			ResolveRequiredComponents (6ms)
	FinalizeReload (4154ms)
		ReleaseScriptCaches (0ms)
		RebuildScriptCaches (0ms)
		SetupLoadedEditorAssemblies (4011ms)
			LogAssemblyErrors (0ms)
			InitializePlatformSupportModulesInManaged (13ms)
			SetLoadedEditorAssemblies (4ms)
			BeforeProcessingInitializeOnLoad (191ms)
			ProcessInitializeOnLoadAttributes (3557ms)
			ProcessInitializeOnLoadMethodAttributes (243ms)
			AfterProcessingInitializeOnLoad (3ms)
			EditorAssembliesLoaded (0ms)
		ExecutionOrderSort2 (0ms)
		AwakeInstancesAfterBackupRestoration (5ms)
Refreshing native plugins compatible for Editor in 1.26 ms, found 3 plugins.
Preloading 1 native plugins for Editor in 0.48 ms.
Asset Pipeline Refresh (id=f2d2f03590152ac45b95c8229a42881e): Total: 8.448 seconds - Initiated by InitialRefreshV2(ForceSynchronousImport)
	Summary:
		Imports: total=0 (actual=0, local cache=0, cache server=0)
		Asset DB Process Time: managed=0 ms, native=4679 ms
		Asset DB Callback time: managed=524 ms, native=28 ms
		Scripting: domain reloads=1, domain reload time=877 ms, compile time=2234 ms, other=103 ms
		Project Asset Count: scripts=1850, non-scripts=4479
		Asset File Changes: new=0, changed=1, moved=7, deleted=2
		Scan Filter Count: 0
	InvokeCustomDependenciesCallbacks: 0.001ms
	InvokePackagesCallback: 21.024ms
	ApplyChangesToAssetFolders: 0.481ms
	Scan: 226.362ms
	OnSourceAssetsModified: 0.524ms
	CategorizeAssetsWithTransientArtifact: 30.724ms
	ProcessAssetsWithTransientArtifactChanges: 53.878ms
	UnregisterDeletedAssets: 0.001ms
	CategorizeAssets: 45.574ms
	ImportOutOfDateAssets: 4161.192ms (1925.242ms without children)
		CompileScripts: 2234.260ms
		ReloadNativeAssets: 0.014ms
		UnloadImportedAssets: 0.373ms
		EnsureUptoDateAssetsAreRegisteredWithGuidPM: 0.585ms
		InitializingProgressBar: 0.000ms
		PostProcessAllAssetNotificationsAddChangedAssets: 0.000ms
		OnDemandSchedulerStart: 0.717ms
	PostProcessAllAssets: 528.525ms
	Hotreload: 3.807ms
	GatherAllCurrentPrimaryArtifactRevisions: 0.001ms
	UnloadStreamsBegin: 2.105ms
	PersistCurrentRevisions: 0.276ms
	UnloadStreamsEnd: 0.001ms
	GenerateScriptTypeHashes: 2.045ms
	Untracked: 3373.944ms

Application.AssetDatabase Initial Refresh End
Launched and connected shader compiler UnityShaderCompiler.exe after 0.01 seconds
Scanning for USB devices : 4.905ms
Initializing Unity extensions:
Unloading 70 Unused Serialized files (Serialized files now loaded: 0)
Unloading 8051 unused Assets / (20.9 MB). Loaded Objects now: 8875.
Memory consumption went from 254.4 MB to 233.5 MB.
Total: 9.554000 ms (FindLiveObjects: 0.465800 ms CreateObjectMapping: 0.435900 ms MarkObjects: 5.662300 ms  DeleteObjects: 2.989600 ms)

D3D11 device created for Microsoft Media Foundation video decoding.
[Project] Loading completed in 10.262 seconds
	Project init time: 				10.067 seconds
		Template init time: 		0.000 seconds
		Package Manager init time: 		0.220 seconds
		Asset Database init time: 		0.120 seconds
		Global illumination init time: 	0.002 seconds
		Assemblies load time: 			0.456 seconds
		Unity extensions init time: 	0.006 seconds
		Asset Database refresh time: 	8.449 seconds
	Scene opening time: 			0.145 seconds
##utp:{"type":"ProjectInfo","version":2,"phase":"Immediate","time":1764338376391,"processId":8720,"projectLoad":10.2622479,"projectInit":10.0669523,"templateInit":0.0,"packageManagerInit":0.2200806,"assetDatabaseInit":0.1200597,"globalIlluminationInit":0.0018791,"assembliesLoad":0.4555346,"unityExtensionsInit":0.0059859,"assetDatabaseRefresh":8.4485029,"sceneOpening":0.1447724}
##utp:{"type":"EditorInfo","version":2,"phase":"Immediate","time":1764338376391,"processId":8720,"editorVersion":"6000.2.14f1 (589824c1fc31)","branch":"6000.2/staging","buildType":"Release","platform":"Windows"}
Asset Pipeline Refresh (id=8ada93774cdc1454c980c44cdc50fa46): Total: 0.037 seconds - Initiated by RefreshV2(NoUpdateAssetOptions)
Running tests for ExecutionSettings with details:
targetPlatform = 
playerHeartbeatTimeout = 600
filters[0] = 
   Filter with settings:
   testMode = EditMode
   targetPlatform = 
   testNames = null
   groupNames = null
   categoryNames = null
   assemblyNames = null
ignoreTests = {}
featureFlags = null

0x00007fff38f222ae (Unity) StackWalker::ShowCallstack
0x00007fff38f31ee9 (Unity) PlatformStacktrace::GetStacktrace
0x00007fff3a1ac04e (Unity) Stacktrace::GetStacktrace
0x00007fff3a7859df (Unity) DebugStringToFile
0x00007fff37fd2930 (Unity) DebugLogHandler_CUSTOM_Internal_Log
0x000001e9766cbd3e (Mono JIT Code) (wrapper managed-to-native) UnityEngine.DebugLogHandler:Internal_Log_Injected (UnityEngine.LogType,UnityEngine.LogOption,UnityEngine.Bindings.ManagedSpanWrapper&,intptr)
0x000001e9766cbb43 (Mono JIT Code) UnityEngine.DebugLogHandler:Internal_Log (UnityEngine.LogType,UnityEngine.LogOption,string,UnityEngine.Object)
0x000001e9766cb7fb (Mono JIT Code) UnityEngine.DebugLogHandler:LogFormat (UnityEngine.LogType,UnityEngine.Object,string,object[])
0x000001e9766ca6ae (Mono JIT Code) UnityEngine.Logger:Log (UnityEngine.LogType,object)
0x000001e9766ca34d (Mono JIT Code) UnityEngine.Debug:Log (object)
0x000001e9766be048 (Mono JIT Code) UnityEditor.TestTools.TestRunner.CommandLineTest.Executer:InitializeAndExecuteRun (string[]) (at ./Library/PackageCache/com.unity.test-framework@40e262928427/UnityEditor.TestRunner/CommandLineTest/Executer.cs:53)
0x000001e9766af5b4 (Mono JIT Code) UnityEditor.TestTools.TestRunner.CommandLineTest.TestStarter:InitializeAndExecuteRun () (at ./Library/PackageCache/com.unity.test-framework@40e262928427/UnityEditor.TestRunner/CommandLineTest/TestStarter.cs:64)
0x000001e99df821b8 (Mono JIT Code) UnityEditor.EditorApplication:Internal_CallUpdateFunctions ()
0x000001e8e6514785 (Mono JIT Code) (wrapper runtime-invoke) object:runtime_invoke_void (object,intptr,intptr,intptr)
0x00007fff3fd16e7e (mono-2.0-bdwgc) mono_jit_runtime_invoke (at C:/build/output/Unity-Technologies/mono/mono/mini/mini-runtime.c:3445)
0x00007fff3fc58874 (mono-2.0-bdwgc) do_runtime_invoke (at C:/build/output/Unity-Technologies/mono/mono/metadata/object.c:3068)
0x00007fff3fc58960 (mono-2.0-bdwgc) mono_runtime_invoke (at C:/build/output/Unity-Technologies/mono/mono/metadata/object.c:3115)
0x00007fff38e4cea4 (Unity) scripting_method_invoke
0x00007fff38e25433 (Unity) ScriptingInvocation::Invoke
0x00007fff38e20b35 (Unity) ScriptingInvocation::Invoke<void>
0x00007fff38f8b4bb (Unity) Scripting::UnityEditor::EditorApplicationProxy::Internal_CallUpdateFunctions
0x00007fff3a07e0e4 (Unity) SceneTracker::Update
0x00007fff39be1247 (Unity) Application::TickTimer
0x00007fff3a1b25ac (Unity) MainMessageLoop
0x00007fff3a1b9d1c (Unity) UnityMain
0x00007ff68b302f2a (Unity) __scrt_common_main_seh
0x00007fffddade8d7 (KERNEL32) BaseThreadInitThunk
0x00007fffde88c53c (ntdll) RtlUserThreadStart

[UnityConnectServicesConfig] config is NOT valid, switching to default
Created GICache directory at C:/Users/Ubuntu/AppData/LocalLow/Unity/Caches/GiCache. Took: 0.009s, timestamps: [10.271 - 10.280]
Unloading 21 Unused Serialized files (Serialized files now loaded: 0)
Unloading 22 unused Assets / (12.2 KB). Loaded Objects now: 8918.
Memory consumption went from 209.8 MB to 209.8 MB.
Total: 8.665900 ms (FindLiveObjects: 0.230500 ms CreateObjectMapping: 0.100000 ms MarkObjects: 8.230500 ms  DeleteObjects: 0.104200 ms)

Executing IPrebuildSetup for: Unity.PerformanceTesting.Editor.TestRunBuilder.
0x00007fff38f222ae (Unity) StackWalker::ShowCallstack
0x00007fff38f31ee9 (Unity) PlatformStacktrace::GetStacktrace
0x00007fff3a1ac04e (Unity) Stacktrace::GetStacktrace
0x00007fff3a7859df (Unity) DebugStringToFile
0x00007fff37fd2930 (Unity) DebugLogHandler_CUSTOM_Internal_Log
0x000001e9766cbd3e (Mono JIT Code) (wrapper managed-to-native) UnityEngine.DebugLogHandler:Internal_Log_Injected (UnityEngine.LogType,UnityEngine.LogOption,UnityEngine.Bindings.ManagedSpanWrapper&,intptr)
0x000001e9766cbb43 (Mono JIT Code) UnityEngine.DebugLogHandler:Internal_Log (UnityEngine.LogType,UnityEngine.LogOption,string,UnityEngine.Object)
0x000001e9766cb7fb (Mono JIT Code) UnityEngine.DebugLogHandler:LogFormat (UnityEngine.LogType,UnityEngine.Object,string,object[])
0x000001e9766ca6ae (Mono JIT Code) UnityEngine.Logger:Log (UnityEngine.LogType,object)
0x000001e9766ca34d (Mono JIT Code) UnityEngine.Debug:Log (object)
0x000001e977219740 (Mono JIT Code) UnityEditor.TestTools.TestRunner.TestRun.Tasks.BuildActionTaskBase`1/<ExecuteMethods>d__8<T_REF>:MoveNext () (at ./Library/PackageCache/com.unity.test-framework@40e262928427/UnityEditor.TestRunner/TestRun/Tasks/BuildActionTaskBase.cs:48)
0x000001e977218f43 (Mono JIT Code) UnityEditor.TestTools.TestRunner.TestRun.Tasks.BuildActionTaskBase`1/<Execute>d__7<T_REF>:MoveNext () (at ./Library/PackageCache/com.unity.test-framework@40e262928427/UnityEditor.TestRunner/TestRun/Tasks/BuildActionTaskBase.cs:34)
0x000001e977129d5e (Mono JIT Code) UnityEditor.TestTools.TestRunner.TestRun.TestJobRunner:ExecuteStep () (at ./Library/PackageCache/com.unity.test-framework@40e262928427/UnityEditor.TestRunner/TestRun/TestJobRunner.cs:173)
0x000001e977128953 (Mono JIT Code) UnityEditor.TestTools.TestRunner.TestRun.TestJobRunner:ExecuteCallback () (at ./Library/PackageCache/com.unity.test-framework@40e262928427/UnityEditor.TestRunner/TestRun/TestJobRunner.cs:108)
0x000001e99df821b8 (Mono JIT Code) UnityEditor.EditorApplication:Internal_CallUpdateFunctions ()
0x000001e8e6514785 (Mono JIT Code) (wrapper runtime-invoke) object:runtime_invoke_void (object,intptr,intptr,intptr)
0x00007fff3fd16e7e (mono-2.0-bdwgc) mono_jit_runtime_invoke (at C:/build/output/Unity-Technologies/mono/mono/mini/mini-runtime.c:3445)
0x00007fff3fc58874 (mono-2.0-bdwgc) do_runtime_invoke (at C:/build/output/Unity-Technologies/mono/mono/metadata/object.c:3068)
0x00007fff3fc58960 (mono-2.0-bdwgc) mono_runtime_invoke (at C:/build/output/Unity-Technologies/mono/mono/metadata/object.c:3115)
0x00007fff38e4cea4 (Unity) scripting_method_invoke
0x00007fff38e25433 (Unity) ScriptingInvocation::Invoke
0x00007fff38e20b35 (Unity) ScriptingInvocation::Invoke<void>
0x00007fff38f8b4bb (Unity) Scripting::UnityEditor::EditorApplicationProxy::Internal_CallUpdateFunctions
0x00007fff3a07e0e4 (Unity) SceneTracker::Update
0x00007fff39be1247 (Unity) Application::TickTimer
0x00007fff3a1b25ac (Unity) MainMessageLoop
0x00007fff3a1b9d1c (Unity) UnityMain
0x00007ff68b302f2a (Unity) __scrt_common_main_seh
0x00007fffddade8d7 (KERNEL32) BaseThreadInitThunk
0x00007fffde88c53c (ntdll) RtlUserThreadStart

[MouseTracker] PlayerInputHandler not found. Mouse compensation will be disabled.
0x00007fff38f222ae (Unity) StackWalker::ShowCallstack
0x00007fff38f31ee9 (Unity) PlatformStacktrace::GetStacktrace
0x00007fff3a1ac04e (Unity) Stacktrace::GetStacktrace
0x00007fff3a7859df (Unity) DebugStringToFile
0x00007fff37fd2930 (Unity) DebugLogHandler_CUSTOM_Internal_Log
0x000001e9766cbd3e (Mono JIT Code) (wrapper managed-to-native) UnityEngine.DebugLogHandler:Internal_Log_Injected (UnityEngine.LogType,UnityEngine.LogOption,UnityEngine.Bindings.ManagedSpanWrapper&,intptr)
0x000001e9766cbb43 (Mono JIT Code) UnityEngine.DebugLogHandler:Internal_Log (UnityEngine.LogType,UnityEngine.LogOption,string,UnityEngine.Object)
0x000001e9766cb7fb (Mono JIT Code) UnityEngine.DebugLogHandler:LogFormat (UnityEngine.LogType,UnityEngine.Object,string,object[])
0x000001e9766ca6ae (Mono JIT Code) UnityEngine.Logger:Log (UnityEngine.LogType,object)
0x000001e9aa2b404d (Mono JIT Code) UnityEngine.Debug:LogWarning (object)
0x000001e9aa2b33ab (Mono JIT Code) MouseTracker:Initialize (RecoilSystem) (at C:/Users/Ubuntu/Desktop/_DEV/AFFECT-2025-10-11/Assets/_SCRIPTS/_PLAYER/Recoil/MouseTracker.cs:80)
0x000001e9aa2b2c13 (Mono JIT Code) MouseTrackerProperties:SetUp () (at C:/Users/Ubuntu/Desktop/_DEV/AFFECT-2025-10-11/Assets/_SCRIPTS/Editor/Properties/MouseTrackerProperties.cs:21)
0x000001e9aa264548 (Mono JIT Code) (wrapper runtime-invoke) object:runtime_invoke_void__this__ (object,intptr,intptr,intptr)
0x00007fff3fd16e7e (mono-2.0-bdwgc) mono_jit_runtime_invoke (at C:/build/output/Unity-Technologies/mono/mono/mini/mini-runtime.c:3445)
0x00007fff3fc58874 (mono-2.0-bdwgc) do_runtime_invoke (at C:/build/output/Unity-Technologies/mono/mono/metadata/object.c:3068)
0x00007fff3fc5f926 (mono-2.0-bdwgc) mono_runtime_try_invoke_array (at C:/build/output/Unity-Technologies/mono/mono/metadata/object.c:5774)
0x00007fff3fb91b81 (mono-2.0-bdwgc) ves_icall_InternalInvoke (at C:/build/output/Unity-Technologies/mono/mono/metadata/icall.c:4038)
0x00007fff3fbb7e31 (mono-2.0-bdwgc) ves_icall_InternalInvoke_raw (at C:/build/output/Unity-Technologies/mono/mono/metadata/icall-def.h:692)
0x000001e8e22b0f92 (Mono JIT Code) (wrapper managed-to-native) System.Reflection.RuntimeMethodInfo:InternalInvoke (System.Reflection.RuntimeMethodInfo,object,object[],System.Exception&)
0x000001e8e3c7ea73 (Mono JIT Code) System.Reflection.RuntimeMethodInfo:Invoke (object,System.Reflection.BindingFlags,System.Reflection.Binder,object[],System.Globalization.CultureInfo)
0x000001e8db9555ef (Mono JIT Code) System.Reflection.MethodBase:Invoke (object,object[])
0x000001e9aa26e783 (Mono JIT Code) NUnit.Framework.Internal.Reflect:InvokeMethod (System.Reflection.MethodInfo,object,object[])
0x000001e9aa26e2db (Mono JIT Code) NUnit.Framework.Internal.Reflect:InvokeMethod (System.Reflection.MethodInfo,object)
0x000001e9aa26dfe3 (Mono JIT Code) UnityEngine.TestTools.SetUpTearDownCommand/<InvokeBefore>d__4:MoveNext () (at ./Library/PackageCache/com.unity.test-framework@40e262928427/UnityEngine.TestRunner/NUnitExtensions/Commands/SetUpTearDownCommand.cs:59)
0x000001e9aa26d06e (Mono JIT Code) UnityEngine.TestTools.EnumeratorHelper/<ProgressOnEnumerator>d__5:MoveNext () (at ./Library/PackageCache/com.unity.test-framework@40e262928427/UnityEngine.TestRunner/NUnitExtensions/Attributes/EnumeratorHelper.cs:35)
0x000001e9aa250a50 (Mono JIT Code) UnityEngine.TestTools.BeforeAfterTestCommandBase`1/<ExecuteEnumerable>d__16<T_REF>:MoveNext () (at ./Library/PackageCache/com.unity.test-framework@40e262928427/UnityEngine.TestRunner/NUnitExtensions/Commands/BeforeAfterTestCommandBase.cs:155)
0x000001e9aa251e01 (Mono JIT Code) UnityEngine.TestTools.BeforeAfterTestCommandBase`1/<ExecuteEnumerable>d__16<T_REF>:MoveNext () (at ./Library/PackageCache/com.unity.test-framework@40e262928427/UnityEngine.TestRunner/NUnitExtensions/Commands/BeforeAfterTestCommandBase.cs:212)
0x000001e9aa251e01 (Mono JIT Code) UnityEngine.TestTools.BeforeAfterTestCommandBase`1/<ExecuteEnumerable>d__16<T_REF>:MoveNext () (at ./Library/PackageCache/com.unity.test-framework@40e262928427/UnityEngine.TestRunner/NUnitExtensions/Commands/BeforeAfterTestCommandBase.cs:212)
0x000001e9aa26b457 (Mono JIT Code) UnityEngine.TestTools.RetryCommand/<ExecuteEnumerable>d__2:MoveNext () (at ./Library/PackageCache/com.unity.test-framework@40e262928427/UnityEngine.TestRunner/NUnitExtensions/Commands/RetryCommand.cs:37)
0x000001e9aa269f2f (Mono JIT Code) UnityEngine.TestTools.RepeatCommand/<ExecuteEnumerable>d__2:MoveNext () (at ./Library/PackageCache/com.unity.test-framework@40e262928427/UnityEngine.TestRunner/NUnitExtensions/Commands/RepeatCommand.cs:36)
0x000001e9aa268fa6 (Mono JIT Code) UnityEngine.TestTools.IgnoreTestCommand/<ExecuteEnumerable>d__3:MoveNext () (at ./Library/PackageCache/com.unity.test-framework@40e262928427/UnityEngine.TestRunner/NUnitExtensions/Commands/IgnoreTestCommand.cs:42)
0x000001e9aa267c7f (Mono JIT Code) UnityEngine.TestTools.StrictCheckCommand/<ExecuteEnumerable>d__2:MoveNext () (at ./Library/PackageCache/com.unity.test-framework@40e262928427/UnityEngine.TestRunner/NUnitExtensions/Commands/StrictCheckCommand.cs:29)
0x000001e9aa266fe1 (Mono JIT Code) UnityEngine.TestRunner.NUnitExtensions.Runner.DefaultTestWorkItem/<PerformWork>d__2:MoveNext () (at ./Library/PackageCache/com.unity.test-framework@40e262928427/UnityEngine.TestRunner/NUnitExtensions/Runner/DefaultTestWorkItem.cs:50)
0x000001e9aa255e12 (Mono JIT Code) UnityEngine.TestRunner.NUnitExtensions.Runner.CompositeWorkItem/<RunChildren>d__17:MoveNext () (at ./Library/PackageCache/com.unity.test-framework@40e262928427/UnityEngine.TestRunner/NUnitExtensions/Runner/CompositeWorkItem.cs:207)
0x000001e9aa247756 (Mono JIT Code) UnityEngine.TestRunner.NUnitExtensions.Runner.CompositeWorkItem/<PerformWork>d__13:MoveNext () (at ./Library/PackageCache/com.unity.test-framework@40e262928427/UnityEngine.TestRunner/NUnitExtensions/Runner/CompositeWorkItem.cs:82)
0x000001e9aa255e12 (Mono JIT Code) UnityEngine.TestRunner.NUnitExtensions.Runner.CompositeWorkItem/<RunChildren>d__17:MoveNext () (at ./Library/PackageCache/com.unity.test-framework@40e262928427/UnityEngine.TestRunner/NUnitExtensions/Runner/CompositeWorkItem.cs:207)
0x000001e9aa247756 (Mono JIT Code) UnityEngine.TestRunner.NUnitExtensions.Runner.CompositeWorkItem/<PerformWork>d__13:MoveNext () (at ./Library/PackageCache/com.unity.test-framework@40e262928427/UnityEngine.TestRunner/NUnitExtensions/Runner/CompositeWorkItem.cs:82)
0x000001e9aa255e12 (Mono JIT Code) UnityEngine.TestRunner.NUnitExtensions.Runner.CompositeWorkItem/<RunChildren>d__17:MoveNext () (at ./Library/PackageCache/com.unity.test-framework@40e262928427/UnityEngine.TestRunner/NUnitExtensions/Runner/CompositeWorkItem.cs:207)
0x000001e9aa247756 (Mono JIT Code) UnityEngine.TestRunner.NUnitExtensions.Runner.CompositeWorkItem/<PerformWork>d__13:MoveNext () (at ./Library/PackageCache/com.unity.test-framework@40e262928427/UnityEngine.TestRunner/NUnitExtensions/Runner/CompositeWorkItem.cs:82)
0x000001e9aa245fcc (Mono JIT Code) UnityEditor.TestTools.TestRunner.EditModeRunner:MoveNextAndUpdateYieldObject () (at ./Library/PackageCache/com.unity.test-framework@40e262928427/UnityEditor.TestRunner/TestRunner/EditModeRunner.cs:167)
0x000001e9aa245b7b (Mono JIT Code) UnityEditor.TestTools.TestRunner.EditModeRunner:TestConsumer (UnityEditor.TestTools.TestRunner.TestRunnerStateSerializer) (at ./Library/PackageCache/com.unity.test-framework@40e262928427/UnityEditor.TestRunner/TestRunner/EditModeRunner.cs:200)
0x000001e9aa23c173 (Mono JIT Code) UnityEditor.TestTools.TestRunner.TestRun.Tasks.EditModeRunTask/<Execute>d__1:MoveNext () (at ./Library/PackageCache/com.unity.test-framework@40e262928427/UnityEditor.TestRunner/TestRun/Tasks/EditModeRunTask.cs:48)
0x000001e977129d5e (Mono JIT Code) UnityEditor.TestTools.TestRunner.TestRun.TestJobRunner:ExecuteStep () (at ./Library/PackageCache/com.unity.test-framework@40e262928427/UnityEditor.TestRunner/TestRun/TestJobRunner.cs:173)
0x000001e977128953 (Mono JIT Code) UnityEditor.TestTools.TestRunner.TestRun.TestJobRunner:ExecuteCallback () (at ./Library/PackageCache/com.unity.test-framework@40e262928427/UnityEditor.TestRunner/TestRun/TestJobRunner.cs:108)
0x000001e99df821b8 (Mono JIT Code) UnityEditor.EditorApplication:Internal_CallUpdateFunctions ()
0x000001e8e6514785 (Mono JIT Code) (wrapper runtime-invoke) object:runtime_invoke_void (object,intptr,intptr,intptr)
0x00007fff3fd16e7e (mono-2.0-bdwgc) mono_jit_runtime_invoke (at C:/build/output/Unity-Technologies/mono/mono/mini/mini-runtime.c:3445)
0x00007fff3fc58874 (mono-2.0-bdwgc) do_runtime_invoke (at C:/build/output/Unity-Technologies/mono/mono/metadata/object.c:3068)
0x00007fff3fc58960 (mono-2.0-bdwgc) mono_runtime_invoke (at C:/build/output/Unity-Technologies/mono/mono/metadata/object.c:3115)
0x00007fff38e4cea4 (Unity) scripting_method_invoke
0x00007fff38e25433 (Unity) ScriptingInvocation::Invoke
0x00007fff38e20b35 (Unity) ScriptingInvocation::Invoke<void>
0x00007fff38f8b4bb (Unity) Scripting::UnityEditor::EditorApplicationProxy::Internal_CallUpdateFunctions
0x00007fff3a07e0e4 (Unity) SceneTracker::Update
0x00007fff39be1247 (Unity) Application::TickTimer
0x00007fff3a1b25ac (Unity) MainMessageLoop
0x00007fff3a1b9d1c (Unity) UnityMain
0x00007ff68b302f2a (Unity) __scrt_common_main_seh
0x00007fffddade8d7 (KERNEL32) BaseThreadInitThunk
0x00007fffde88c53c (ntdll) RtlUserThreadStart

[MouseTracker] PlayerInputHandler not found. Mouse compensation will be disabled.
0x00007fff38f222ae (Unity) StackWalker::ShowCallstack
0x00007fff38f31ee9 (Unity) PlatformStacktrace::GetStacktrace
0x00007fff3a1ac04e (Unity) Stacktrace::GetStacktrace
0x00007fff3a7859df (Unity) DebugStringToFile
0x00007fff37fd2930 (Unity) DebugLogHandler_CUSTOM_Internal_Log
0x000001e9766cbd3e (Mono JIT Code) (wrapper managed-to-native) UnityEngine.DebugLogHandler:Internal_Log_Injected (UnityEngine.LogType,UnityEngine.LogOption,UnityEngine.Bindings.ManagedSpanWrapper&,intptr)
0x000001e9766cbb43 (Mono JIT Code) UnityEngine.DebugLogHandler:Internal_Log (UnityEngine.LogType,UnityEngine.LogOption,string,UnityEngine.Object)
0x000001e9766cb7fb (Mono JIT Code) UnityEngine.DebugLogHandler:LogFormat (UnityEngine.LogType,UnityEngine.Object,string,object[])
0x000001e9766ca6ae (Mono JIT Code) UnityEngine.Logger:Log (UnityEngine.LogType,object)
0x000001e9aa2b404d (Mono JIT Code) UnityEngine.Debug:LogWarning (object)
0x000001e9aa2b33ab (Mono JIT Code) MouseTracker:Initialize (RecoilSystem) (at C:/Users/Ubuntu/Desktop/_DEV/AFFECT-2025-10-11/Assets/_SCRIPTS/_PLAYER/Recoil/MouseTracker.cs:80)
0x000001e9aa2b2c13 (Mono JIT Code) MouseTrackerProperties:SetUp () (at C:/Users/Ubuntu/Desktop/_DEV/AFFECT-2025-10-11/Assets/_SCRIPTS/Editor/Properties/MouseTrackerProperties.cs:21)
0x000001e9aa264548 (Mono JIT Code) (wrapper runtime-invoke) object:runtime_invoke_void__this__ (object,intptr,intptr,intptr)
0x00007fff3fd16e7e (mono-2.0-bdwgc) mono_jit_runtime_invoke (at C:/build/output/Unity-Technologies/mono/mono/mini/mini-runtime.c:3445)
0x00007fff3fc58874 (mono-2.0-bdwgc) do_runtime_invoke (at C:/build/output/Unity-Technologies/mono/mono/metadata/object.c:3068)
0x00007fff3fc5f926 (mono-2.0-bdwgc) mono_runtime_try_invoke_array (at C:/build/output/Unity-Technologies/mono/mono/metadata/object.c:5774)
0x00007fff3fb91b81 (mono-2.0-bdwgc) ves_icall_InternalInvoke (at C:/build/output/Unity-Technologies/mono/mono/metadata/icall.c:4038)
0x00007fff3fbb7e31 (mono-2.0-bdwgc) ves_icall_InternalInvoke_raw (at C:/build/output/Unity-Technologies/mono/mono/metadata/icall-def.h:692)
0x000001e8e22b0f92 (Mono JIT Code) (wrapper managed-to-native) System.Reflection.RuntimeMethodInfo:InternalInvoke (System.Reflection.RuntimeMethodInfo,object,object[],System.Exception&)
0x000001e8e3c7ea73 (Mono JIT Code) System.Reflection.RuntimeMethodInfo:Invoke (object,System.Reflection.BindingFlags,System.Reflection.Binder,object[],System.Globalization.CultureInfo)
0x000001e8db9555ef (Mono JIT Code) System.Reflection.MethodBase:Invoke (object,object[])
0x000001e9aa26e783 (Mono JIT Code) NUnit.Framework.Internal.Reflect:InvokeMethod (System.Reflection.MethodInfo,object,object[])
0x000001e9aa26e2db (Mono JIT Code) NUnit.Framework.Internal.Reflect:InvokeMethod (System.Reflection.MethodInfo,object)
0x000001e9aa26dfe3 (Mono JIT Code) UnityEngine.TestTools.SetUpTearDownCommand/<InvokeBefore>d__4:MoveNext () (at ./Library/PackageCache/com.unity.test-framework@40e262928427/UnityEngine.TestRunner/NUnitExtensions/Commands/SetUpTearDownCommand.cs:59)
0x000001e9aa26d06e (Mono JIT Code) UnityEngine.TestTools.EnumeratorHelper/<ProgressOnEnumerator>d__5:MoveNext () (at ./Library/PackageCache/com.unity.test-framework@40e262928427/UnityEngine.TestRunner/NUnitExtensions/Attributes/EnumeratorHelper.cs:35)
0x000001e9aa250a50 (Mono JIT Code) UnityEngine.TestTools.BeforeAfterTestCommandBase`1/<ExecuteEnumerable>d__16<T_REF>:MoveNext () (at ./Library/PackageCache/com.unity.test-framework@40e262928427/UnityEngine.TestRunner/NUnitExtensions/Commands/BeforeAfterTestCommandBase.cs:155)
0x000001e9aa251e01 (Mono JIT Code) UnityEngine.TestTools.BeforeAfterTestCommandBase`1/<ExecuteEnumerable>d__16<T_REF>:MoveNext () (at ./Library/PackageCache/com.unity.test-framework@40e262928427/UnityEngine.TestRunner/NUnitExtensions/Commands/BeforeAfterTestCommandBase.cs:212)
0x000001e9aa251e01 (Mono JIT Code) UnityEngine.TestTools.BeforeAfterTestCommandBase`1/<ExecuteEnumerable>d__16<T_REF>:MoveNext () (at ./Library/PackageCache/com.unity.test-framework@40e262928427/UnityEngine.TestRunner/NUnitExtensions/Commands/BeforeAfterTestCommandBase.cs:212)
0x000001e9aa26b457 (Mono JIT Code) UnityEngine.TestTools.RetryCommand/<ExecuteEnumerable>d__2:MoveNext () (at ./Library/PackageCache/com.unity.test-framework@40e262928427/UnityEngine.TestRunner/NUnitExtensions/Commands/RetryCommand.cs:37)
0x000001e9aa269f2f (Mono JIT Code) UnityEngine.TestTools.RepeatCommand/<ExecuteEnumerable>d__2:MoveNext () (at ./Library/PackageCache/com.unity.test-framework@40e262928427/UnityEngine.TestRunner/NUnitExtensions/Commands/RepeatCommand.cs:36)
0x000001e9aa268fa6 (Mono JIT Code) UnityEngine.TestTools.IgnoreTestCommand/<ExecuteEnumerable>d__3:MoveNext () (at ./Library/PackageCache/com.unity.test-framework@40e262928427/UnityEngine.TestRunner/NUnitExtensions/Commands/IgnoreTestCommand.cs:42)
0x000001e9aa267c7f (Mono JIT Code) UnityEngine.TestTools.StrictCheckCommand/<ExecuteEnumerable>d__2:MoveNext () (at ./Library/PackageCache/com.unity.test-framework@40e262928427/UnityEngine.TestRunner/NUnitExtensions/Commands/StrictCheckCommand.cs:29)
0x000001e9aa266fe1 (Mono JIT Code) UnityEngine.TestRunner.NUnitExtensions.Runner.DefaultTestWorkItem/<PerformWork>d__2:MoveNext () (at ./Library/PackageCache/com.unity.test-framework@40e262928427/UnityEngine.TestRunner/NUnitExtensions/Runner/DefaultTestWorkItem.cs:50)
0x000001e9aa255e12 (Mono JIT Code) UnityEngine.TestRunner.NUnitExtensions.Runner.CompositeWorkItem/<RunChildren>d__17:MoveNext () (at ./Library/PackageCache/com.unity.test-framework@40e262928427/UnityEngine.TestRunner/NUnitExtensions/Runner/CompositeWorkItem.cs:207)
0x000001e9aa247756 (Mono JIT Code) UnityEngine.TestRunner.NUnitExtensions.Runner.CompositeWorkItem/<PerformWork>d__13:MoveNext () (at ./Library/PackageCache/com.unity.test-framework@40e262928427/UnityEngine.TestRunner/NUnitExtensions/Runner/CompositeWorkItem.cs:82)
0x000001e9aa255e12 (Mono JIT Code) UnityEngine.TestRunner.NUnitExtensions.Runner.CompositeWorkItem/<RunChildren>d__17:MoveNext () (at ./Library/PackageCache/com.unity.test-framework@40e262928427/UnityEngine.TestRunner/NUnitExtensions/Runner/CompositeWorkItem.cs:207)
0x000001e9aa247756 (Mono JIT Code) UnityEngine.TestRunner.NUnitExtensions.Runner.CompositeWorkItem/<PerformWork>d__13:MoveNext () (at ./Library/PackageCache/com.unity.test-framework@40e262928427/UnityEngine.TestRunner/NUnitExtensions/Runner/CompositeWorkItem.cs:82)
0x000001e9aa255e12 (Mono JIT Code) UnityEngine.TestRunner.NUnitExtensions.Runner.CompositeWorkItem/<RunChildren>d__17:MoveNext () (at ./Library/PackageCache/com.unity.test-framework@40e262928427/UnityEngine.TestRunner/NUnitExtensions/Runner/CompositeWorkItem.cs:207)
0x000001e9aa247756 (Mono JIT Code) UnityEngine.TestRunner.NUnitExtensions.Runner.CompositeWorkItem/<PerformWork>d__13:MoveNext () (at ./Library/PackageCache/com.unity.test-framework@40e262928427/UnityEngine.TestRunner/NUnitExtensions/Runner/CompositeWorkItem.cs:82)
0x000001e9aa245fcc (Mono JIT Code) UnityEditor.TestTools.TestRunner.EditModeRunner:MoveNextAndUpdateYieldObject () (at ./Library/PackageCache/com.unity.test-framework@40e262928427/UnityEditor.TestRunner/TestRunner/EditModeRunner.cs:167)
0x000001e9aa245b7b (Mono JIT Code) UnityEditor.TestTools.TestRunner.EditModeRunner:TestConsumer (UnityEditor.TestTools.TestRunner.TestRunnerStateSerializer) (at ./Library/PackageCache/com.unity.test-framework@40e262928427/UnityEditor.TestRunner/TestRunner/EditModeRunner.cs:200)
0x000001e9aa23c173 (Mono JIT Code) UnityEditor.TestTools.TestRunner.TestRun.Tasks.EditModeRunTask/<Execute>d__1:MoveNext () (at ./Library/PackageCache/com.unity.test-framework@40e262928427/UnityEditor.TestRunner/TestRun/Tasks/EditModeRunTask.cs:48)
0x000001e977129d5e (Mono JIT Code) UnityEditor.TestTools.TestRunner.TestRun.TestJobRunner:ExecuteStep () (at ./Library/PackageCache/com.unity.test-framework@40e262928427/UnityEditor.TestRunner/TestRun/TestJobRunner.cs:173)
0x000001e977128953 (Mono JIT Code) UnityEditor.TestTools.TestRunner.TestRun.TestJobRunner:ExecuteCallback () (at ./Library/PackageCache/com.unity.test-framework@40e262928427/UnityEditor.TestRunner/TestRun/TestJobRunner.cs:108)
0x000001e99df821b8 (Mono JIT Code) UnityEditor.EditorApplication:Internal_CallUpdateFunctions ()
0x000001e8e6514785 (Mono JIT Code) (wrapper runtime-invoke) object:runtime_invoke_void (object,intptr,intptr,intptr)
0x00007fff3fd16e7e (mono-2.0-bdwgc) mono_jit_runtime_invoke (at C:/build/output/Unity-Technologies/mono/mono/mini/mini-runtime.c:3445)
0x00007fff3fc58874 (mono-2.0-bdwgc) do_runtime_invoke (at C:/build/output/Unity-Technologies/mono/mono/metadata/object.c:3068)
0x00007fff3fc58960 (mono-2.0-bdwgc) mono_runtime_invoke (at C:/build/output/Unity-Technologies/mono/mono/metadata/object.c:3115)
0x00007fff38e4cea4 (Unity) scripting_method_invoke
0x00007fff38e25433 (Unity) ScriptingInvocation::Invoke
0x00007fff38e20b35 (Unity) ScriptingInvocation::Invoke<void>
0x00007fff38f8b4bb (Unity) Scripting::UnityEditor::EditorApplicationProxy::Internal_CallUpdateFunctions
0x00007fff3a07e0e4 (Unity) SceneTracker::Update
0x00007fff39be1247 (Unity) Application::TickTimer
0x00007fff3a1b25ac (Unity) MainMessageLoop
0x00007fff3a1b9d1c (Unity) UnityMain
0x00007ff68b302f2a (Unity) __scrt_common_main_seh
0x00007fffddade8d7 (KERNEL32) BaseThreadInitThunk
0x00007fffde88c53c (ntdll) RtlUserThreadStart

[MouseTracker] PlayerInputHandler not found. Mouse compensation will be disabled.
0x00007fff38f222ae (Unity) StackWalker::ShowCallstack
0x00007fff38f31ee9 (Unity) PlatformStacktrace::GetStacktrace
0x00007fff3a1ac04e (Unity) Stacktrace::GetStacktrace
0x00007fff3a7859df (Unity) DebugStringToFile
0x00007fff37fd2930 (Unity) DebugLogHandler_CUSTOM_Internal_Log
0x000001e9766cbd3e (Mono JIT Code) (wrapper managed-to-native) UnityEngine.DebugLogHandler:Internal_Log_Injected (UnityEngine.LogType,UnityEngine.LogOption,UnityEngine.Bindings.ManagedSpanWrapper&,intptr)
0x000001e9766cbb43 (Mono JIT Code) UnityEngine.DebugLogHandler:Internal_Log (UnityEngine.LogType,UnityEngine.LogOption,string,UnityEngine.Object)
0x000001e9766cb7fb (Mono JIT Code) UnityEngine.DebugLogHandler:LogFormat (UnityEngine.LogType,UnityEngine.Object,string,object[])
0x000001e9766ca6ae (Mono JIT Code) UnityEngine.Logger:Log (UnityEngine.LogType,object)
0x000001e9aa2b404d (Mono JIT Code) UnityEngine.Debug:LogWarning (object)
0x000001e9aa2b33ab (Mono JIT Code) MouseTracker:Initialize (RecoilSystem) (at C:/Users/Ubuntu/Desktop/_DEV/AFFECT-2025-10-11/Assets/_SCRIPTS/_PLAYER/Recoil/MouseTracker.cs:80)
0x000001e9aa2b2c13 (Mono JIT Code) MouseTrackerProperties:SetUp () (at C:/Users/Ubuntu/Desktop/_DEV/AFFECT-2025-10-11/Assets/_SCRIPTS/Editor/Properties/MouseTrackerProperties.cs:21)
0x000001e9aa264548 (Mono JIT Code) (wrapper runtime-invoke) object:runtime_invoke_void__this__ (object,intptr,intptr,intptr)
0x00007fff3fd16e7e (mono-2.0-bdwgc) mono_jit_runtime_invoke (at C:/build/output/Unity-Technologies/mono/mono/mini/mini-runtime.c:3445)
0x00007fff3fc58874 (mono-2.0-bdwgc) do_runtime_invoke (at C:/build/output/Unity-Technologies/mono/mono/metadata/object.c:3068)
0x00007fff3fc5f926 (mono-2.0-bdwgc) mono_runtime_try_invoke_array (at C:/build/output/Unity-Technologies/mono/mono/metadata/object.c:5774)
0x00007fff3fb91b81 (mono-2.0-bdwgc) ves_icall_InternalInvoke (at C:/build/output/Unity-Technologies/mono/mono/metadata/icall.c:4038)
0x00007fff3fbb7e31 (mono-2.0-bdwgc) ves_icall_InternalInvoke_raw (at C:/build/output/Unity-Technologies/mono/mono/metadata/icall-def.h:692)
0x000001e8e22b0f92 (Mono JIT Code) (wrapper managed-to-native) System.Reflection.RuntimeMethodInfo:InternalInvoke (System.Reflection.RuntimeMethodInfo,object,object[],System.Exception&)
0x000001e8e3c7ea73 (Mono JIT Code) System.Reflection.RuntimeMethodInfo:Invoke (object,System.Reflection.BindingFlags,System.Reflection.Binder,object[],System.Globalization.CultureInfo)
0x000001e8db9555ef (Mono JIT Code) System.Reflection.MethodBase:Invoke (object,object[])
0x000001e9aa26e783 (Mono JIT Code) NUnit.Framework.Internal.Reflect:InvokeMethod (System.Reflection.MethodInfo,object,object[])
0x000001e9aa26e2db (Mono JIT Code) NUnit.Framework.Internal.Reflect:InvokeMethod (System.Reflection.MethodInfo,object)
0x000001e9aa26dfe3 (Mono JIT Code) UnityEngine.TestTools.SetUpTearDownCommand/<InvokeBefore>d__4:MoveNext () (at ./Library/PackageCache/com.unity.test-framework@40e262928427/UnityEngine.TestRunner/NUnitExtensions/Commands/SetUpTearDownCommand.cs:59)
0x000001e9aa26d06e (Mono JIT Code) UnityEngine.TestTools.EnumeratorHelper/<ProgressOnEnumerator>d__5:MoveNext () (at ./Library/PackageCache/com.unity.test-framework@40e262928427/UnityEngine.TestRunner/NUnitExtensions/Attributes/EnumeratorHelper.cs:35)
0x000001e9aa250a50 (Mono JIT Code) UnityEngine.TestTools.BeforeAfterTestCommandBase`1/<ExecuteEnumerable>d__16<T_REF>:MoveNext () (at ./Library/PackageCache/com.unity.test-framework@40e262928427/UnityEngine.TestRunner/NUnitExtensions/Commands/BeforeAfterTestCommandBase.cs:155)
0x000001e9aa251e01 (Mono JIT Code) UnityEngine.TestTools.BeforeAfterTestCommandBase`1/<ExecuteEnumerable>d__16<T_REF>:MoveNext () (at ./Library/PackageCache/com.unity.test-framework@40e262928427/UnityEngine.TestRunner/NUnitExtensions/Commands/BeforeAfterTestCommandBase.cs:212)
0x000001e9aa251e01 (Mono JIT Code) UnityEngine.TestTools.BeforeAfterTestCommandBase`1/<ExecuteEnumerable>d__16<T_REF>:MoveNext () (at ./Library/PackageCache/com.unity.test-framework@40e262928427/UnityEngine.TestRunner/NUnitExtensions/Commands/BeforeAfterTestCommandBase.cs:212)
0x000001e9aa26b457 (Mono JIT Code) UnityEngine.TestTools.RetryCommand/<ExecuteEnumerable>d__2:MoveNext () (at ./Library/PackageCache/com.unity.test-framework@40e262928427/UnityEngine.TestRunner/NUnitExtensions/Commands/RetryCommand.cs:37)
0x000001e9aa269f2f (Mono JIT Code) UnityEngine.TestTools.RepeatCommand/<ExecuteEnumerable>d__2:MoveNext () (at ./Library/PackageCache/com.unity.test-framework@40e262928427/UnityEngine.TestRunner/NUnitExtensions/Commands/RepeatCommand.cs:36)
0x000001e9aa268fa6 (Mono JIT Code) UnityEngine.TestTools.IgnoreTestCommand/<ExecuteEnumerable>d__3:MoveNext () (at ./Library/PackageCache/com.unity.test-framework@40e262928427/UnityEngine.TestRunner/NUnitExtensions/Commands/IgnoreTestCommand.cs:42)
0x000001e9aa267c7f (Mono JIT Code) UnityEngine.TestTools.StrictCheckCommand/<ExecuteEnumerable>d__2:MoveNext () (at ./Library/PackageCache/com.unity.test-framework@40e262928427/UnityEngine.TestRunner/NUnitExtensions/Commands/StrictCheckCommand.cs:29)
0x000001e9aa266fe1 (Mono JIT Code) UnityEngine.TestRunner.NUnitExtensions.Runner.DefaultTestWorkItem/<PerformWork>d__2:MoveNext () (at ./Library/PackageCache/com.unity.test-framework@40e262928427/UnityEngine.TestRunner/NUnitExtensions/Runner/DefaultTestWorkItem.cs:50)
0x000001e9aa255e12 (Mono JIT Code) UnityEngine.TestRunner.NUnitExtensions.Runner.CompositeWorkItem/<RunChildren>d__17:MoveNext () (at ./Library/PackageCache/com.unity.test-framework@40e262928427/UnityEngine.TestRunner/NUnitExtensions/Runner/CompositeWorkItem.cs:207)
0x000001e9aa247756 (Mono JIT Code) UnityEngine.TestRunner.NUnitExtensions.Runner.CompositeWorkItem/<PerformWork>d__13:MoveNext () (at ./Library/PackageCache/com.unity.test-framework@40e262928427/UnityEngine.TestRunner/NUnitExtensions/Runner/CompositeWorkItem.cs:82)
0x000001e9aa255e12 (Mono JIT Code) UnityEngine.TestRunner.NUnitExtensions.Runner.CompositeWorkItem/<RunChildren>d__17:MoveNext () (at ./Library/PackageCache/com.unity.test-framework@40e262928427/UnityEngine.TestRunner/NUnitExtensions/Runner/CompositeWorkItem.cs:207)
0x000001e9aa247756 (Mono JIT Code) UnityEngine.TestRunner.NUnitExtensions.Runner.CompositeWorkItem/<PerformWork>d__13:MoveNext () (at ./Library/PackageCache/com.unity.test-framework@40e262928427/UnityEngine.TestRunner/NUnitExtensions/Runner/CompositeWorkItem.cs:82)
0x000001e9aa255e12 (Mono JIT Code) UnityEngine.TestRunner.NUnitExtensions.Runner.CompositeWorkItem/<RunChildren>d__17:MoveNext () (at ./Library/PackageCache/com.unity.test-framework@40e262928427/UnityEngine.TestRunner/NUnitExtensions/Runner/CompositeWorkItem.cs:207)
0x000001e9aa247756 (Mono JIT Code) UnityEngine.TestRunner.NUnitExtensions.Runner.CompositeWorkItem/<PerformWork>d__13:MoveNext () (at ./Library/PackageCache/com.unity.test-framework@40e262928427/UnityEngine.TestRunner/NUnitExtensions/Runner/CompositeWorkItem.cs:82)
0x000001e9aa245fcc (Mono JIT Code) UnityEditor.TestTools.TestRunner.EditModeRunner:MoveNextAndUpdateYieldObject () (at ./Library/PackageCache/com.unity.test-framework@40e262928427/UnityEditor.TestRunner/TestRunner/EditModeRunner.cs:167)
0x000001e9aa245b7b (Mono JIT Code) UnityEditor.TestTools.TestRunner.EditModeRunner:TestConsumer (UnityEditor.TestTools.TestRunner.TestRunnerStateSerializer) (at ./Library/PackageCache/com.unity.test-framework@40e262928427/UnityEditor.TestRunner/TestRunner/EditModeRunner.cs:200)
0x000001e9aa23c173 (Mono JIT Code) UnityEditor.TestTools.TestRunner.TestRun.Tasks.EditModeRunTask/<Execute>d__1:MoveNext () (at ./Library/PackageCache/com.unity.test-framework@40e262928427/UnityEditor.TestRunner/TestRun/Tasks/EditModeRunTask.cs:48)
0x000001e977129d5e (Mono JIT Code) UnityEditor.TestTools.TestRunner.TestRun.TestJobRunner:ExecuteStep () (at ./Library/PackageCache/com.unity.test-framework@40e262928427/UnityEditor.TestRunner/TestRun/TestJobRunner.cs:173)
0x000001e977128953 (Mono JIT Code) UnityEditor.TestTools.TestRunner.TestRun.TestJobRunner:ExecuteCallback () (at ./Library/PackageCache/com.unity.test-framework@40e262928427/UnityEditor.TestRunner/TestRun/TestJobRunner.cs:108)
0x000001e99df821b8 (Mono JIT Code) UnityEditor.EditorApplication:Internal_CallUpdateFunctions ()
0x000001e8e6514785 (Mono JIT Code) (wrapper runtime-invoke) object:runtime_invoke_void (object,intptr,intptr,intptr)
0x00007fff3fd16e7e (mono-2.0-bdwgc) mono_jit_runtime_invoke (at C:/build/output/Unity-Technologies/mono/mono/mini/mini-runtime.c:3445)
0x00007fff3fc58874 (mono-2.0-bdwgc) do_runtime_invoke (at C:/build/output/Unity-Technologies/mono/mono/metadata/object.c:3068)
0x00007fff3fc58960 (mono-2.0-bdwgc) mono_runtime_invoke (at C:/build/output/Unity-Technologies/mono/mono/metadata/object.c:3115)
0x00007fff38e4cea4 (Unity) scripting_method_invoke
0x00007fff38e25433 (Unity) ScriptingInvocation::Invoke
0x00007fff38e20b35 (Unity) ScriptingInvocation::Invoke<void>
0x00007fff38f8b4bb (Unity) Scripting::UnityEditor::EditorApplicationProxy::Internal_CallUpdateFunctions
0x00007fff3a07e0e4 (Unity) SceneTracker::Update
0x00007fff39be1247 (Unity) Application::TickTimer
0x00007fff3a1b25ac (Unity) MainMessageLoop
0x00007fff3a1b9d1c (Unity) UnityMain
0x00007ff68b302f2a (Unity) __scrt_common_main_seh
0x00007fffddade8d7 (KERNEL32) BaseThreadInitThunk
0x00007fffde88c53c (ntdll) RtlUserThreadStart

[MouseTracker] PlayerInputHandler not found. Mouse compensation will be disabled.
0x00007fff38f222ae (Unity) StackWalker::ShowCallstack
0x00007fff38f31ee9 (Unity) PlatformStacktrace::GetStacktrace
0x00007fff3a1ac04e (Unity) Stacktrace::GetStacktrace
0x00007fff3a7859df (Unity) DebugStringToFile
0x00007fff37fd2930 (Unity) DebugLogHandler_CUSTOM_Internal_Log
0x000001e9766cbd3e (Mono JIT Code) (wrapper managed-to-native) UnityEngine.DebugLogHandler:Internal_Log_Injected (UnityEngine.LogType,UnityEngine.LogOption,UnityEngine.Bindings.ManagedSpanWrapper&,intptr)
0x000001e9766cbb43 (Mono JIT Code) UnityEngine.DebugLogHandler:Internal_Log (UnityEngine.LogType,UnityEngine.LogOption,string,UnityEngine.Object)
0x000001e9766cb7fb (Mono JIT Code) UnityEngine.DebugLogHandler:LogFormat (UnityEngine.LogType,UnityEngine.Object,string,object[])
0x000001e9766ca6ae (Mono JIT Code) UnityEngine.Logger:Log (UnityEngine.LogType,object)
0x000001e9aa2b404d (Mono JIT Code) UnityEngine.Debug:LogWarning (object)
0x000001e9aa2b33ab (Mono JIT Code) MouseTracker:Initialize (RecoilSystem) (at C:/Users/Ubuntu/Desktop/_DEV/AFFECT-2025-10-11/Assets/_SCRIPTS/_PLAYER/Recoil/MouseTracker.cs:80)
0x000001e9aa2b2c13 (Mono JIT Code) MouseTrackerProperties:SetUp () (at C:/Users/Ubuntu/Desktop/_DEV/AFFECT-2025-10-11/Assets/_SCRIPTS/Editor/Properties/MouseTrackerProperties.cs:21)
0x000001e9aa264548 (Mono JIT Code) (wrapper runtime-invoke) object:runtime_invoke_void__this__ (object,intptr,intptr,intptr)
0x00007fff3fd16e7e (mono-2.0-bdwgc) mono_jit_runtime_invoke (at C:/build/output/Unity-Technologies/mono/mono/mini/mini-runtime.c:3445)
0x00007fff3fc58874 (mono-2.0-bdwgc) do_runtime_invoke (at C:/build/output/Unity-Technologies/mono/mono/metadata/object.c:3068)
0x00007fff3fc5f926 (mono-2.0-bdwgc) mono_runtime_try_invoke_array (at C:/build/output/Unity-Technologies/mono/mono/metadata/object.c:5774)
0x00007fff3fb91b81 (mono-2.0-bdwgc) ves_icall_InternalInvoke (at C:/build/output/Unity-Technologies/mono/mono/metadata/icall.c:4038)
0x00007fff3fbb7e31 (mono-2.0-bdwgc) ves_icall_InternalInvoke_raw (at C:/build/output/Unity-Technologies/mono/mono/metadata/icall-def.h:692)
0x000001e8e22b0f92 (Mono JIT Code) (wrapper managed-to-native) System.Reflection.RuntimeMethodInfo:InternalInvoke (System.Reflection.RuntimeMethodInfo,object,object[],System.Exception&)
0x000001e8e3c7ea73 (Mono JIT Code) System.Reflection.RuntimeMethodInfo:Invoke (object,System.Reflection.BindingFlags,System.Reflection.Binder,object[],System.Globalization.CultureInfo)
0x000001e8db9555ef (Mono JIT Code) System.Reflection.MethodBase:Invoke (object,object[])
0x000001e9aa26e783 (Mono JIT Code) NUnit.Framework.Internal.Reflect:InvokeMethod (System.Reflection.MethodInfo,object,object[])
0x000001e9aa26e2db (Mono JIT Code) NUnit.Framework.Internal.Reflect:InvokeMethod (System.Reflection.MethodInfo,object)
0x000001e9aa26dfe3 (Mono JIT Code) UnityEngine.TestTools.SetUpTearDownCommand/<InvokeBefore>d__4:MoveNext () (at ./Library/PackageCache/com.unity.test-framework@40e262928427/UnityEngine.TestRunner/NUnitExtensions/Commands/SetUpTearDownCommand.cs:59)
0x000001e9aa26d06e (Mono JIT Code) UnityEngine.TestTools.EnumeratorHelper/<ProgressOnEnumerator>d__5:MoveNext () (at ./Library/PackageCache/com.unity.test-framework@40e262928427/UnityEngine.TestRunner/NUnitExtensions/Attributes/EnumeratorHelper.cs:35)
0x000001e9aa250a50 (Mono JIT Code) UnityEngine.TestTools.BeforeAfterTestCommandBase`1/<ExecuteEnumerable>d__16<T_REF>:MoveNext () (at ./Library/PackageCache/com.unity.test-framework@40e262928427/UnityEngine.TestRunner/NUnitExtensions/Commands/BeforeAfterTestCommandBase.cs:155)
0x000001e9aa251e01 (Mono JIT Code) UnityEngine.TestTools.BeforeAfterTestCommandBase`1/<ExecuteEnumerable>d__16<T_REF>:MoveNext () (at ./Library/PackageCache/com.unity.test-framework@40e262928427/UnityEngine.TestRunner/NUnitExtensions/Commands/BeforeAfterTestCommandBase.cs:212)
0x000001e9aa251e01 (Mono JIT Code) UnityEngine.TestTools.BeforeAfterTestCommandBase`1/<ExecuteEnumerable>d__16<T_REF>:MoveNext () (at ./Library/PackageCache/com.unity.test-framework@40e262928427/UnityEngine.TestRunner/NUnitExtensions/Commands/BeforeAfterTestCommandBase.cs:212)
0x000001e9aa26b457 (Mono JIT Code) UnityEngine.TestTools.RetryCommand/<ExecuteEnumerable>d__2:MoveNext () (at ./Library/PackageCache/com.unity.test-framework@40e262928427/UnityEngine.TestRunner/NUnitExtensions/Commands/RetryCommand.cs:37)
0x000001e9aa269f2f (Mono JIT Code) UnityEngine.TestTools.RepeatCommand/<ExecuteEnumerable>d__2:MoveNext () (at ./Library/PackageCache/com.unity.test-framework@40e262928427/UnityEngine.TestRunner/NUnitExtensions/Commands/RepeatCommand.cs:36)
0x000001e9aa268fa6 (Mono JIT Code) UnityEngine.TestTools.IgnoreTestCommand/<ExecuteEnumerable>d__3:MoveNext () (at ./Library/PackageCache/com.unity.test-framework@40e262928427/UnityEngine.TestRunner/NUnitExtensions/Commands/IgnoreTestCommand.cs:42)
0x000001e9aa267c7f (Mono JIT Code) UnityEngine.TestTools.StrictCheckCommand/<ExecuteEnumerable>d__2:MoveNext () (at ./Library/PackageCache/com.unity.test-framework@40e262928427/UnityEngine.TestRunner/NUnitExtensions/Commands/StrictCheckCommand.cs:29)
0x000001e9aa266fe1 (Mono JIT Code) UnityEngine.TestRunner.NUnitExtensions.Runner.DefaultTestWorkItem/<PerformWork>d__2:MoveNext () (at ./Library/PackageCache/com.unity.test-framework@40e262928427/UnityEngine.TestRunner/NUnitExtensions/Runner/DefaultTestWorkItem.cs:50)
0x000001e9aa255e12 (Mono JIT Code) UnityEngine.TestRunner.NUnitExtensions.Runner.CompositeWorkItem/<RunChildren>d__17:MoveNext () (at ./Library/PackageCache/com.unity.test-framework@40e262928427/UnityEngine.TestRunner/NUnitExtensions/Runner/CompositeWorkItem.cs:207)
0x000001e9aa247756 (Mono JIT Code) UnityEngine.TestRunner.NUnitExtensions.Runner.CompositeWorkItem/<PerformWork>d__13:MoveNext () (at ./Library/PackageCache/com.unity.test-framework@40e262928427/UnityEngine.TestRunner/NUnitExtensions/Runner/CompositeWorkItem.cs:82)
0x000001e9aa255e12 (Mono JIT Code) UnityEngine.TestRunner.NUnitExtensions.Runner.CompositeWorkItem/<RunChildren>d__17:MoveNext () (at ./Library/PackageCache/com.unity.test-framework@40e262928427/UnityEngine.TestRunner/NUnitExtensions/Runner/CompositeWorkItem.cs:207)
0x000001e9aa247756 (Mono JIT Code) UnityEngine.TestRunner.NUnitExtensions.Runner.CompositeWorkItem/<PerformWork>d__13:MoveNext () (at ./Library/PackageCache/com.unity.test-framework@40e262928427/UnityEngine.TestRunner/NUnitExtensions/Runner/CompositeWorkItem.cs:82)
0x000001e9aa255e12 (Mono JIT Code) UnityEngine.TestRunner.NUnitExtensions.Runner.CompositeWorkItem/<RunChildren>d__17:MoveNext () (at ./Library/PackageCache/com.unity.test-framework@40e262928427/UnityEngine.TestRunner/NUnitExtensions/Runner/CompositeWorkItem.cs:207)
0x000001e9aa247756 (Mono JIT Code) UnityEngine.TestRunner.NUnitExtensions.Runner.CompositeWorkItem/<PerformWork>d__13:MoveNext () (at ./Library/PackageCache/com.unity.test-framework@40e262928427/UnityEngine.TestRunner/NUnitExtensions/Runner/CompositeWorkItem.cs:82)
0x000001e9aa245fcc (Mono JIT Code) UnityEditor.TestTools.TestRunner.EditModeRunner:MoveNextAndUpdateYieldObject () (at ./Library/PackageCache/com.unity.test-framework@40e262928427/UnityEditor.TestRunner/TestRunner/EditModeRunner.cs:167)
0x000001e9aa245b7b (Mono JIT Code) UnityEditor.TestTools.TestRunner.EditModeRunner:TestConsumer (UnityEditor.TestTools.TestRunner.TestRunnerStateSerializer) (at ./Library/PackageCache/com.unity.test-framework@40e262928427/UnityEditor.TestRunner/TestRunner/EditModeRunner.cs:200)
0x000001e9aa23c173 (Mono JIT Code) UnityEditor.TestTools.TestRunner.TestRun.Tasks.EditModeRunTask/<Execute>d__1:MoveNext () (at ./Library/PackageCache/com.unity.test-framework@40e262928427/UnityEditor.TestRunner/TestRun/Tasks/EditModeRunTask.cs:48)
0x000001e977129d5e (Mono JIT Code) UnityEditor.TestTools.TestRunner.TestRun.TestJobRunner:ExecuteStep () (at ./Library/PackageCache/com.unity.test-framework@40e262928427/UnityEditor.TestRunner/TestRun/TestJobRunner.cs:173)
0x000001e977128953 (Mono JIT Code) UnityEditor.TestTools.TestRunner.TestRun.TestJobRunner:ExecuteCallback () (at ./Library/PackageCache/com.unity.test-framework@40e262928427/UnityEditor.TestRunner/TestRun/TestJobRunner.cs:108)
0x000001e99df821b8 (Mono JIT Code) UnityEditor.EditorApplication:Internal_CallUpdateFunctions ()
0x000001e8e6514785 (Mono JIT Code) (wrapper runtime-invoke) object:runtime_invoke_void (object,intptr,intptr,intptr)
0x00007fff3fd16e7e (mono-2.0-bdwgc) mono_jit_runtime_invoke (at C:/build/output/Unity-Technologies/mono/mono/mini/mini-runtime.c:3445)
0x00007fff3fc58874 (mono-2.0-bdwgc) do_runtime_invoke (at C:/build/output/Unity-Technologies/mono/mono/metadata/object.c:3068)
0x00007fff3fc58960 (mono-2.0-bdwgc) mono_runtime_invoke (at C:/build/output/Unity-Technologies/mono/mono/metadata/object.c:3115)
0x00007fff38e4cea4 (Unity) scripting_method_invoke
0x00007fff38e25433 (Unity) ScriptingInvocation::Invoke
0x00007fff38e20b35 (Unity) ScriptingInvocation::Invoke<void>
0x00007fff38f8b4bb (Unity) Scripting::UnityEditor::EditorApplicationProxy::Internal_CallUpdateFunctions
0x00007fff3a07e0e4 (Unity) SceneTracker::Update
0x00007fff39be1247 (Unity) Application::TickTimer
0x00007fff3a1b25ac (Unity) MainMessageLoop
0x00007fff3a1b9d1c (Unity) UnityMain
0x00007ff68b302f2a (Unity) __scrt_common_main_seh
0x00007fffddade8d7 (KERNEL32) BaseThreadInitThunk
0x00007fffde88c53c (ntdll) RtlUserThreadStart

[MouseTracker] PlayerInputHandler not found. Mouse compensation will be disabled.
0x00007fff38f222ae (Unity) StackWalker::ShowCallstack
0x00007fff38f31ee9 (Unity) PlatformStacktrace::GetStacktrace
0x00007fff3a1ac04e (Unity) Stacktrace::GetStacktrace
0x00007fff3a7859df (Unity) DebugStringToFile
0x00007fff37fd2930 (Unity) DebugLogHandler_CUSTOM_Internal_Log
0x000001e9766cbd3e (Mono JIT Code) (wrapper managed-to-native) UnityEngine.DebugLogHandler:Internal_Log_Injected (UnityEngine.LogType,UnityEngine.LogOption,UnityEngine.Bindings.ManagedSpanWrapper&,intptr)
0x000001e9766cbb43 (Mono JIT Code) UnityEngine.DebugLogHandler:Internal_Log (UnityEngine.LogType,UnityEngine.LogOption,string,UnityEngine.Object)
0x000001e9766cb7fb (Mono JIT Code) UnityEngine.DebugLogHandler:LogFormat (UnityEngine.LogType,UnityEngine.Object,string,object[])
0x000001e9766ca6ae (Mono JIT Code) UnityEngine.Logger:Log (UnityEngine.LogType,object)
0x000001e9aa2b404d (Mono JIT Code) UnityEngine.Debug:LogWarning (object)
0x000001e9aa2b33ab (Mono JIT Code) MouseTracker:Initialize (RecoilSystem) (at C:/Users/Ubuntu/Desktop/_DEV/AFFECT-2025-10-11/Assets/_SCRIPTS/_PLAYER/Recoil/MouseTracker.cs:80)
0x000001e9aa2b2c13 (Mono JIT Code) MouseTrackerProperties:SetUp () (at C:/Users/Ubuntu/Desktop/_DEV/AFFECT-2025-10-11/Assets/_SCRIPTS/Editor/Properties/MouseTrackerProperties.cs:21)
0x000001e9aa264548 (Mono JIT Code) (wrapper runtime-invoke) object:runtime_invoke_void__this__ (object,intptr,intptr,intptr)
0x00007fff3fd16e7e (mono-2.0-bdwgc) mono_jit_runtime_invoke (at C:/build/output/Unity-Technologies/mono/mono/mini/mini-runtime.c:3445)
0x00007fff3fc58874 (mono-2.0-bdwgc) do_runtime_invoke (at C:/build/output/Unity-Technologies/mono/mono/metadata/object.c:3068)
0x00007fff3fc5f926 (mono-2.0-bdwgc) mono_runtime_try_invoke_array (at C:/build/output/Unity-Technologies/mono/mono/metadata/object.c:5774)
0x00007fff3fb91b81 (mono-2.0-bdwgc) ves_icall_InternalInvoke (at C:/build/output/Unity-Technologies/mono/mono/metadata/icall.c:4038)
0x00007fff3fbb7e31 (mono-2.0-bdwgc) ves_icall_InternalInvoke_raw (at C:/build/output/Unity-Technologies/mono/mono/metadata/icall-def.h:692)
0x000001e8e22b0f92 (Mono JIT Code) (wrapper managed-to-native) System.Reflection.RuntimeMethodInfo:InternalInvoke (System.Reflection.RuntimeMethodInfo,object,object[],System.Exception&)
0x000001e8e3c7ea73 (Mono JIT Code) System.Reflection.RuntimeMethodInfo:Invoke (object,System.Reflection.BindingFlags,System.Reflection.Binder,object[],System.Globalization.CultureInfo)
0x000001e8db9555ef (Mono JIT Code) System.Reflection.MethodBase:Invoke (object,object[])
0x000001e9aa26e783 (Mono JIT Code) NUnit.Framework.Internal.Reflect:InvokeMethod (System.Reflection.MethodInfo,object,object[])
0x000001e9aa26e2db (Mono JIT Code) NUnit.Framework.Internal.Reflect:InvokeMethod (System.Reflection.MethodInfo,object)
0x000001e9aa26dfe3 (Mono JIT Code) UnityEngine.TestTools.SetUpTearDownCommand/<InvokeBefore>d__4:MoveNext () (at ./Library/PackageCache/com.unity.test-framework@40e262928427/UnityEngine.TestRunner/NUnitExtensions/Commands/SetUpTearDownCommand.cs:59)
0x000001e9aa26d06e (Mono JIT Code) UnityEngine.TestTools.EnumeratorHelper/<ProgressOnEnumerator>d__5:MoveNext () (at ./Library/PackageCache/com.unity.test-framework@40e262928427/UnityEngine.TestRunner/NUnitExtensions/Attributes/EnumeratorHelper.cs:35)
0x000001e9aa250a50 (Mono JIT Code) UnityEngine.TestTools.BeforeAfterTestCommandBase`1/<ExecuteEnumerable>d__16<T_REF>:MoveNext () (at ./Library/PackageCache/com.unity.test-framework@40e262928427/UnityEngine.TestRunner/NUnitExtensions/Commands/BeforeAfterTestCommandBase.cs:155)
0x000001e9aa251e01 (Mono JIT Code) UnityEngine.TestTools.BeforeAfterTestCommandBase`1/<ExecuteEnumerable>d__16<T_REF>:MoveNext () (at ./Library/PackageCache/com.unity.test-framework@40e262928427/UnityEngine.TestRunner/NUnitExtensions/Commands/BeforeAfterTestCommandBase.cs:212)
0x000001e9aa251e01 (Mono JIT Code) UnityEngine.TestTools.BeforeAfterTestCommandBase`1/<ExecuteEnumerable>d__16<T_REF>:MoveNext () (at ./Library/PackageCache/com.unity.test-framework@40e262928427/UnityEngine.TestRunner/NUnitExtensions/Commands/BeforeAfterTestCommandBase.cs:212)
0x000001e9aa26b457 (Mono JIT Code) UnityEngine.TestTools.RetryCommand/<ExecuteEnumerable>d__2:MoveNext () (at ./Library/PackageCache/com.unity.test-framework@40e262928427/UnityEngine.TestRunner/NUnitExtensions/Commands/RetryCommand.cs:37)
0x000001e9aa269f2f (Mono JIT Code) UnityEngine.TestTools.RepeatCommand/<ExecuteEnumerable>d__2:MoveNext () (at ./Library/PackageCache/com.unity.test-framework@40e262928427/UnityEngine.TestRunner/NUnitExtensions/Commands/RepeatCommand.cs:36)
0x000001e9aa268fa6 (Mono JIT Code) UnityEngine.TestTools.IgnoreTestCommand/<ExecuteEnumerable>d__3:MoveNext () (at ./Library/PackageCache/com.unity.test-framework@40e262928427/UnityEngine.TestRunner/NUnitExtensions/Commands/IgnoreTestCommand.cs:42)
0x000001e9aa267c7f (Mono JIT Code) UnityEngine.TestTools.StrictCheckCommand/<ExecuteEnumerable>d__2:MoveNext () (at ./Library/PackageCache/com.unity.test-framework@40e262928427/UnityEngine.TestRunner/NUnitExtensions/Commands/StrictCheckCommand.cs:29)
0x000001e9aa266fe1 (Mono JIT Code) UnityEngine.TestRunner.NUnitExtensions.Runner.DefaultTestWorkItem/<PerformWork>d__2:MoveNext () (at ./Library/PackageCache/com.unity.test-framework@40e262928427/UnityEngine.TestRunner/NUnitExtensions/Runner/DefaultTestWorkItem.cs:50)
0x000001e9aa255e12 (Mono JIT Code) UnityEngine.TestRunner.NUnitExtensions.Runner.CompositeWorkItem/<RunChildren>d__17:MoveNext () (at ./Library/PackageCache/com.unity.test-framework@40e262928427/UnityEngine.TestRunner/NUnitExtensions/Runner/CompositeWorkItem.cs:207)
0x000001e9aa247756 (Mono JIT Code) UnityEngine.TestRunner.NUnitExtensions.Runner.CompositeWorkItem/<PerformWork>d__13:MoveNext () (at ./Library/PackageCache/com.unity.test-framework@40e262928427/UnityEngine.TestRunner/NUnitExtensions/Runner/CompositeWorkItem.cs:82)
0x000001e9aa255e12 (Mono JIT Code) UnityEngine.TestRunner.NUnitExtensions.Runner.CompositeWorkItem/<RunChildren>d__17:MoveNext () (at ./Library/PackageCache/com.unity.test-framework@40e262928427/UnityEngine.TestRunner/NUnitExtensions/Runner/CompositeWorkItem.cs:207)
0x000001e9aa247756 (Mono JIT Code) UnityEngine.TestRunner.NUnitExtensions.Runner.CompositeWorkItem/<PerformWork>d__13:MoveNext () (at ./Library/PackageCache/com.unity.test-framework@40e262928427/UnityEngine.TestRunner/NUnitExtensions/Runner/CompositeWorkItem.cs:82)
0x000001e9aa255e12 (Mono JIT Code) UnityEngine.TestRunner.NUnitExtensions.Runner.CompositeWorkItem/<RunChildren>d__17:MoveNext () (at ./Library/PackageCache/com.unity.test-framework@40e262928427/UnityEngine.TestRunner/NUnitExtensions/Runner/CompositeWorkItem.cs:207)
0x000001e9aa247756 (Mono JIT Code) UnityEngine.TestRunner.NUnitExtensions.Runner.CompositeWorkItem/<PerformWork>d__13:MoveNext () (at ./Library/PackageCache/com.unity.test-framework@40e262928427/UnityEngine.TestRunner/NUnitExtensions/Runner/CompositeWorkItem.cs:82)
0x000001e9aa245fcc (Mono JIT Code) UnityEditor.TestTools.TestRunner.EditModeRunner:MoveNextAndUpdateYieldObject () (at ./Library/PackageCache/com.unity.test-framework@40e262928427/UnityEditor.TestRunner/TestRunner/EditModeRunner.cs:167)
0x000001e9aa245b7b (Mono JIT Code) UnityEditor.TestTools.TestRunner.EditModeRunner:TestConsumer (UnityEditor.TestTools.TestRunner.TestRunnerStateSerializer) (at ./Library/PackageCache/com.unity.test-framework@40e262928427/UnityEditor.TestRunner/TestRunner/EditModeRunner.cs:200)
0x000001e9aa23c173 (Mono JIT Code) UnityEditor.TestTools.TestRunner.TestRun.Tasks.EditModeRunTask/<Execute>d__1:MoveNext () (at ./Library/PackageCache/com.unity.test-framework@40e262928427/UnityEditor.TestRunner/TestRun/Tasks/EditModeRunTask.cs:48)
0x000001e977129d5e (Mono JIT Code) UnityEditor.TestTools.TestRunner.TestRun.TestJobRunner:ExecuteStep () (at ./Library/PackageCache/com.unity.test-framework@40e262928427/UnityEditor.TestRunner/TestRun/TestJobRunner.cs:173)
0x000001e977128953 (Mono JIT Code) UnityEditor.TestTools.TestRunner.TestRun.TestJobRunner:ExecuteCallback () (at ./Library/PackageCache/com.unity.test-framework@40e262928427/UnityEditor.TestRunner/TestRun/TestJobRunner.cs:108)
0x000001e99df821b8 (Mono JIT Code) UnityEditor.EditorApplication:Internal_CallUpdateFunctions ()
0x000001e8e6514785 (Mono JIT Code) (wrapper runtime-invoke) object:runtime_invoke_void (object,intptr,intptr,intptr)
0x00007fff3fd16e7e (mono-2.0-bdwgc) mono_jit_runtime_invoke (at C:/build/output/Unity-Technologies/mono/mono/mini/mini-runtime.c:3445)
0x00007fff3fc58874 (mono-2.0-bdwgc) do_runtime_invoke (at C:/build/output/Unity-Technologies/mono/mono/metadata/object.c:3068)
0x00007fff3fc58960 (mono-2.0-bdwgc) mono_runtime_invoke (at C:/build/output/Unity-Technologies/mono/mono/metadata/object.c:3115)
0x00007fff38e4cea4 (Unity) scripting_method_invoke
0x00007fff38e25433 (Unity) ScriptingInvocation::Invoke
0x00007fff38e20b35 (Unity) ScriptingInvocation::Invoke<void>
0x00007fff38f8b4bb (Unity) Scripting::UnityEditor::EditorApplicationProxy::Internal_CallUpdateFunctions
0x00007fff3a07e0e4 (Unity) SceneTracker::Update
0x00007fff39be1247 (Unity) Application::TickTimer
0x00007fff3a1b25ac (Unity) MainMessageLoop
0x00007fff3a1b9d1c (Unity) UnityMain
0x00007ff68b302f2a (Unity) __scrt_common_main_seh
0x00007fffddade8d7 (KERNEL32) BaseThreadInitThunk
0x00007fffde88c53c (ntdll) RtlUserThreadStart

[MouseTracker] PlayerInputHandler not found. Mouse compensation will be disabled.
0x00007fff38f222ae (Unity) StackWalker::ShowCallstack
0x00007fff38f31ee9 (Unity) PlatformStacktrace::GetStacktrace
0x00007fff3a1ac04e (Unity) Stacktrace::GetStacktrace
0x00007fff3a7859df (Unity) DebugStringToFile
0x00007fff37fd2930 (Unity) DebugLogHandler_CUSTOM_Internal_Log
0x000001e9766cbd3e (Mono JIT Code) (wrapper managed-to-native) UnityEngine.DebugLogHandler:Internal_Log_Injected (UnityEngine.LogType,UnityEngine.LogOption,UnityEngine.Bindings.ManagedSpanWrapper&,intptr)
0x000001e9766cbb43 (Mono JIT Code) UnityEngine.DebugLogHandler:Internal_Log (UnityEngine.LogType,UnityEngine.LogOption,string,UnityEngine.Object)
0x000001e9766cb7fb (Mono JIT Code) UnityEngine.DebugLogHandler:LogFormat (UnityEngine.LogType,UnityEngine.Object,string,object[])
0x000001e9766ca6ae (Mono JIT Code) UnityEngine.Logger:Log (UnityEngine.LogType,object)
0x000001e9aa2b404d (Mono JIT Code) UnityEngine.Debug:LogWarning (object)
0x000001e9aa2b33ab (Mono JIT Code) MouseTracker:Initialize (RecoilSystem) (at C:/Users/Ubuntu/Desktop/_DEV/AFFECT-2025-10-11/Assets/_SCRIPTS/_PLAYER/Recoil/MouseTracker.cs:80)
0x000001e976d36246 (Mono JIT Code) RecoilSystem:InitializeModules () (at C:/Users/Ubuntu/Desktop/_DEV/AFFECT-2025-10-11/Assets/_SCRIPTS/_PLAYER/Recoil/RecoilSystem.cs:203)
0x000001e976d33eb3 (Mono JIT Code) RecoilSystem:Initialize () (at C:/Users/Ubuntu/Desktop/_DEV/AFFECT-2025-10-11/Assets/_SCRIPTS/_PLAYER/Recoil/RecoilSystem.cs:165)
0x000001e976d333a3 (Mono JIT Code) RecoilSystem:ForceInitializeForTesting () (at C:/Users/Ubuntu/Desktop/_DEV/AFFECT-2025-10-11/Assets/_SCRIPTS/_PLAYER/Recoil/RecoilSystem.cs:632)
0x000001e976d3c213 (Mono JIT Code) RecoilSystemProperties:Property13_GracefulModuleDegradation () (at C:/Users/Ubuntu/Desktop/_DEV/AFFECT-2025-10-11/Assets/_SCRIPTS/Editor/Properties/RecoilSystemProperties.cs:269)
0x000001e9aa264548 (Mono JIT Code) (wrapper runtime-invoke) object:runtime_invoke_void__this__ (object,intptr,intptr,intptr)
0x00007fff3fd16e7e (mono-2.0-bdwgc) mono_jit_runtime_invoke (at C:/build/output/Unity-Technologies/mono/mono/mini/mini-runtime.c:3445)
0x00007fff3fc58874 (mono-2.0-bdwgc) do_runtime_invoke (at C:/build/output/Unity-Technologies/mono/mono/metadata/object.c:3068)
0x00007fff3fc5f926 (mono-2.0-bdwgc) mono_runtime_try_invoke_array (at C:/build/output/Unity-Technologies/mono/mono/metadata/object.c:5774)
0x00007fff3fb91b81 (mono-2.0-bdwgc) ves_icall_InternalInvoke (at C:/build/output/Unity-Technologies/mono/mono/metadata/icall.c:4038)
0x00007fff3fbb7e31 (mono-2.0-bdwgc) ves_icall_InternalInvoke_raw (at C:/build/output/Unity-Technologies/mono/mono/metadata/icall-def.h:692)
0x000001e8e22b0f92 (Mono JIT Code) (wrapper managed-to-native) System.Reflection.RuntimeMethodInfo:InternalInvoke (System.Reflection.RuntimeMethodInfo,object,object[],System.Exception&)
0x000001e8e3c7ea73 (Mono JIT Code) System.Reflection.RuntimeMethodInfo:Invoke (object,System.Reflection.BindingFlags,System.Reflection.Binder,object[],System.Globalization.CultureInfo)
0x000001e8db9555ef (Mono JIT Code) System.Reflection.MethodBase:Invoke (object,object[])
0x000001e9aa26e783 (Mono JIT Code) NUnit.Framework.Internal.Reflect:InvokeMethod (System.Reflection.MethodInfo,object,object[])
0x000001e9aa2760ab (Mono JIT Code) NUnit.Framework.Internal.MethodWrapper:Invoke (object,object[])
0x000001e9aa275f8a (Mono JIT Code) NUnit.Framework.Internal.Commands.TestMethodCommand:RunNonAsyncTestMethod (NUnit.Framework.Internal.ITestExecutionContext)
0x000001e9aa275dd3 (Mono JIT Code) NUnit.Framework.Internal.Commands.TestMethodCommand:RunTestMethod (NUnit.Framework.Internal.ITestExecutionContext)
0x000001e9aa275973 (Mono JIT Code) NUnit.Framework.Internal.Commands.TestMethodCommand:Execute (NUnit.Framework.Internal.ITestExecutionContext)
0x000001e9aa27556b (Mono JIT Code) UnityEngine.TestTools.UnityTestMethodCommand:Execute (NUnit.Framework.Internal.ITestExecutionContext) (at ./Library/PackageCache/com.unity.test-framework@40e262928427/UnityEngine.TestRunner/NUnitExtensions/Commands/UnityTestMethodCommand.cs:19)
0x000001e9aa2752fb (Mono JIT Code) UnityEngine.TestRunner.NUnitExtensions.Runner.UnityLogCheckDelegatingCommand/<>c__DisplayClass2_0:<Execute>b__0 () (at ./Library/PackageCache/com.unity.test-framework@40e262928427/UnityEngine.TestRunner/NUnitExtensions/Runner/UnityLogCheckDelegatingCommand.cs:24)
0x000001e9aa275123 (Mono JIT Code) UnityEngine.TestRunner.NUnitExtensions.Runner.UnityLogCheckDelegatingCommand:CaptureException (NUnit.Framework.Internal.TestResult,System.Action) (at ./Library/PackageCache/com.unity.test-framework@40e262928427/UnityEngine.TestRunner/NUnitExtensions/Runner/UnityLogCheckDelegatingCommand.cs:72)
0x000001e9aa274fb3 (Mono JIT Code) UnityEngine.TestRunner.NUnitExtensions.Runner.UnityLogCheckDelegatingCommand:ExecuteAndCheckLog (UnityEngine.TestTools.Logging.LogScope,NUnit.Framework.Internal.TestResult,System.Action) (at ./Library/PackageCache/com.unity.test-framework@40e262928427/UnityEngine.TestRunner/NUnitExtensions/Runner/UnityLogCheckDelegatingCommand.cs:83)
0x000001e9aa274c3b (Mono JIT Code) UnityEngine.TestRunner.NUnitExtensions.Runner.UnityLogCheckDelegatingCommand:Execute (NUnit.Framework.Internal.ITestExecutionContext) (at ./Library/PackageCache/com.unity.test-framework@40e262928427/UnityEngine.TestRunner/NUnitExtensions/Runner/UnityLogCheckDelegatingCommand.cs:24)
0x000001e9aa273c19 (Mono JIT Code) UnityEngine.TestRunner.NUnitExtensions.Runner.UnityLogCheckDelegatingCommand/<ExecuteEnumerable>d__3:MoveNext () (at ./Library/PackageCache/com.unity.test-framework@40e262928427/UnityEngine.TestRunner/NUnitExtensions/Runner/UnityLogCheckDelegatingCommand.cs:35)
0x000001e9aa251e01 (Mono JIT Code) UnityEngine.TestTools.BeforeAfterTestCommandBase`1/<ExecuteEnumerable>d__16<T_REF>:MoveNext () (at ./Library/PackageCache/com.unity.test-framework@40e262928427/UnityEngine.TestRunner/NUnitExtensions/Commands/BeforeAfterTestCommandBase.cs:212)
0x000001e9aa272fb6 (Mono JIT Code) UnityEngine.TestTools.ImmediateEnumerableCommand:Execute (NUnit.Framework.Internal.ITestExecutionContext) (at ./Library/PackageCache/com.unity.test-framework@40e262928427/UnityEngine.TestRunner/NUnitExtensions/Commands/ImmediateEnumerableCommand.cs:18)
0x000001e9aa251f01 (Mono JIT Code) UnityEngine.TestTools.BeforeAfterTestCommandBase`1/<ExecuteEnumerable>d__16<T_REF>:MoveNext () (at ./Library/PackageCache/com.unity.test-framework@40e262928427/UnityEngine.TestRunner/NUnitExtensions/Commands/BeforeAfterTestCommandBase.cs:219)
0x000001e9aa251e01 (Mono JIT Code) UnityEngine.TestTools.BeforeAfterTestCommandBase`1/<ExecuteEnumerable>d__16<T_REF>:MoveNext () (at ./Library/PackageCache/com.unity.test-framework@40e262928427/UnityEngine.TestRunner/NUnitExtensions/Commands/BeforeAfterTestCommandBase.cs:212)
0x000001e9aa251e01 (Mono JIT Code) UnityEngine.TestTools.BeforeAfterTestCommandBase`1/<ExecuteEnumerable>d__16<T_REF>:MoveNext () (at ./Library/PackageCache/com.unity.test-framework@40e262928427/UnityEngine.TestRunner/NUnitExtensions/Commands/BeforeAfterTestCommandBase.cs:212)
0x000001e9aa26b457 (Mono JIT Code) UnityEngine.TestTools.RetryCommand/<ExecuteEnumerable>d__2:MoveNext () (at ./Library/PackageCache/com.unity.test-framework@40e262928427/UnityEngine.TestRunner/NUnitExtensions/Commands/RetryCommand.cs:37)
0x000001e9aa269f2f (Mono JIT Code) UnityEngine.TestTools.RepeatCommand/<ExecuteEnumerable>d__2:MoveNext () (at ./Library/PackageCache/com.unity.test-framework@40e262928427/UnityEngine.TestRunner/NUnitExtensions/Commands/RepeatCommand.cs:36)
0x000001e9aa268fa6 (Mono JIT Code) UnityEngine.TestTools.IgnoreTestCommand/<ExecuteEnumerable>d__3:MoveNext () (at ./Library/PackageCache/com.unity.test-framework@40e262928427/UnityEngine.TestRunner/NUnitExtensions/Commands/IgnoreTestCommand.cs:42)
0x000001e9aa267c7f (Mono JIT Code) UnityEngine.TestTools.StrictCheckCommand/<ExecuteEnumerable>d__2:MoveNext () (at ./Library/PackageCache/com.unity.test-framework@40e262928427/UnityEngine.TestRunner/NUnitExtensions/Commands/StrictCheckCommand.cs:29)
0x000001e9aa266fe1 (Mono JIT Code) UnityEngine.TestRunner.NUnitExtensions.Runner.DefaultTestWorkItem/<PerformWork>d__2:MoveNext () (at ./Library/PackageCache/com.unity.test-framework@40e262928427/UnityEngine.TestRunner/NUnitExtensions/Runner/DefaultTestWorkItem.cs:50)
0x000001e9aa255e12 (Mono JIT Code) UnityEngine.TestRunner.NUnitExtensions.Runner.CompositeWorkItem/<RunChildren>d__17:MoveNext () (at ./Library/PackageCache/com.unity.test-framework@40e262928427/UnityEngine.TestRunner/NUnitExtensions/Runner/CompositeWorkItem.cs:207)
0x000001e9aa247756 (Mono JIT Code) UnityEngine.TestRunner.NUnitExtensions.Runner.CompositeWorkItem/<PerformWork>d__13:MoveNext () (at ./Library/PackageCache/com.unity.test-framework@40e262928427/UnityEngine.TestRunner/NUnitExtensions/Runner/CompositeWorkItem.cs:82)
0x000001e9aa255e12 (Mono JIT Code) UnityEngine.TestRunner.NUnitExtensions.Runner.CompositeWorkItem/<RunChildren>d__17:MoveNext () (at ./Library/PackageCache/com.unity.test-framework@40e262928427/UnityEngine.TestRunner/NUnitExtensions/Runner/CompositeWorkItem.cs:207)
0x000001e9aa247756 (Mono JIT Code) UnityEngine.TestRunner.NUnitExtensions.Runner.CompositeWorkItem/<PerformWork>d__13:MoveNext () (at ./Library/PackageCache/com.unity.test-framework@40e262928427/UnityEngine.TestRunner/NUnitExtensions/Runner/CompositeWorkItem.cs:82)
0x000001e9aa255e12 (Mono JIT Code) UnityEngine.TestRunner.NUnitExtensions.Runner.CompositeWorkItem/<RunChildren>d__17:MoveNext () (at ./Library/PackageCache/com.unity.test-framework@40e262928427/UnityEngine.TestRunner/NUnitExtensions/Runner/CompositeWorkItem.cs:207)
0x000001e9aa247756 (Mono JIT Code) UnityEngine.TestRunner.NUnitExtensions.Runner.CompositeWorkItem/<PerformWork>d__13:MoveNext () (at ./Library/PackageCache/com.unity.test-framework@40e262928427/UnityEngine.TestRunner/NUnitExtensions/Runner/CompositeWorkItem.cs:82)
0x000001e9aa245fcc (Mono JIT Code) UnityEditor.TestTools.TestRunner.EditModeRunner:MoveNextAndUpdateYieldObject () (at ./Library/PackageCache/com.unity.test-framework@40e262928427/UnityEditor.TestRunner/TestRunner/EditModeRunner.cs:167)
0x000001e9aa245b7b (Mono JIT Code) UnityEditor.TestTools.TestRunner.EditModeRunner:TestConsumer (UnityEditor.TestTools.TestRunner.TestRunnerStateSerializer) (at ./Library/PackageCache/com.unity.test-framework@40e262928427/UnityEditor.TestRunner/TestRunner/EditModeRunner.cs:200)
0x000001e9aa23c173 (Mono JIT Code) UnityEditor.TestTools.TestRunner.TestRun.Tasks.EditModeRunTask/<Execute>d__1:MoveNext () (at ./Library/PackageCache/com.unity.test-framework@40e262928427/UnityEditor.TestRunner/TestRun/Tasks/EditModeRunTask.cs:48)
0x000001e977129d5e (Mono JIT Code) UnityEditor.TestTools.TestRunner.TestRun.TestJobRunner:ExecuteStep () (at ./Library/PackageCache/com.unity.test-framework@40e262928427/UnityEditor.TestRunner/TestRun/TestJobRunner.cs:173)
0x000001e977128953 (Mono JIT Code) UnityEditor.TestTools.TestRunner.TestRun.TestJobRunner:ExecuteCallback () (at ./Library/PackageCache/com.unity.test-framework@40e262928427/UnityEditor.TestRunner/TestRun/TestJobRunner.cs:108)
0x000001e99df821b8 (Mono JIT Code) UnityEditor.EditorApplication:Internal_CallUpdateFunctions ()
0x000001e8e6514785 (Mono JIT Code) (wrapper runtime-invoke) object:runtime_invoke_void (object,intptr,intptr,intptr)
0x00007fff3fd16e7e (mono-2.0-bdwgc) mono_jit_runtime_invoke (at C:/build/output/Unity-Technologies/mono/mono/mini/mini-runtime.c:3445)
0x00007fff3fc58874 (mono-2.0-bdwgc) do_runtime_invoke (at C:/build/output/Unity-Technologies/mono/mono/metadata/object.c:3068)
0x00007fff3fc58960 (mono-2.0-bdwgc) mono_runtime_invoke (at C:/build/output/Unity-Technologies/mono/mono/metadata/object.c:3115)
0x00007fff38e4cea4 (Unity) scripting_method_invoke
0x00007fff38e25433 (Unity) ScriptingInvocation::Invoke
0x00007fff38e20b35 (Unity) ScriptingInvocation::Invoke<void>
0x00007fff38f8b4bb (Unity) Scripting::UnityEditor::EditorApplicationProxy::Internal_CallUpdateFunctions
0x00007fff3a07e0e4 (Unity) SceneTracker::Update
0x00007fff39be1247 (Unity) Application::TickTimer
0x00007fff3a1b25ac (Unity) MainMessageLoop
0x00007fff3a1b9d1c (Unity) UnityMain
0x00007ff68b302f2a (Unity) __scrt_common_main_seh
0x00007fffddade8d7 (KERNEL32) BaseThreadInitThunk
0x00007fffde88c53c (ntdll) RtlUserThreadStart

[MouseTracker] PlayerInputHandler not found. Mouse compensation will be disabled.
0x00007fff38f222ae (Unity) StackWalker::ShowCallstack
0x00007fff38f31ee9 (Unity) PlatformStacktrace::GetStacktrace
0x00007fff3a1ac04e (Unity) Stacktrace::GetStacktrace
0x00007fff3a7859df (Unity) DebugStringToFile
0x00007fff37fd2930 (Unity) DebugLogHandler_CUSTOM_Internal_Log
0x000001e9766cbd3e (Mono JIT Code) (wrapper managed-to-native) UnityEngine.DebugLogHandler:Internal_Log_Injected (UnityEngine.LogType,UnityEngine.LogOption,UnityEngine.Bindings.ManagedSpanWrapper&,intptr)
0x000001e9766cbb43 (Mono JIT Code) UnityEngine.DebugLogHandler:Internal_Log (UnityEngine.LogType,UnityEngine.LogOption,string,UnityEngine.Object)
0x000001e9766cb7fb (Mono JIT Code) UnityEngine.DebugLogHandler:LogFormat (UnityEngine.LogType,UnityEngine.Object,string,object[])
0x000001e9766ca6ae (Mono JIT Code) UnityEngine.Logger:Log (UnityEngine.LogType,object)
0x000001e9aa2b404d (Mono JIT Code) UnityEngine.Debug:LogWarning (object)
0x000001e9aa2b33ab (Mono JIT Code) MouseTracker:Initialize (RecoilSystem) (at C:/Users/Ubuntu/Desktop/_DEV/AFFECT-2025-10-11/Assets/_SCRIPTS/_PLAYER/Recoil/MouseTracker.cs:80)
0x000001e976d36246 (Mono JIT Code) RecoilSystem:InitializeModules () (at C:/Users/Ubuntu/Desktop/_DEV/AFFECT-2025-10-11/Assets/_SCRIPTS/_PLAYER/Recoil/RecoilSystem.cs:203)
0x000001e976d33eb3 (Mono JIT Code) RecoilSystem:Initialize () (at C:/Users/Ubuntu/Desktop/_DEV/AFFECT-2025-10-11/Assets/_SCRIPTS/_PLAYER/Recoil/RecoilSystem.cs:165)
0x000001e976d333a3 (Mono JIT Code) RecoilSystem:ForceInitializeForTesting () (at C:/Users/Ubuntu/Desktop/_DEV/AFFECT-2025-10-11/Assets/_SCRIPTS/_PLAYER/Recoil/RecoilSystem.cs:632)
0x000001e976d3c213 (Mono JIT Code) RecoilSystemProperties:Property13_GracefulModuleDegradation () (at C:/Users/Ubuntu/Desktop/_DEV/AFFECT-2025-10-11/Assets/_SCRIPTS/Editor/Properties/RecoilSystemProperties.cs:269)
0x000001e9aa264548 (Mono JIT Code) (wrapper runtime-invoke) object:runtime_invoke_void__this__ (object,intptr,intptr,intptr)
0x00007fff3fd16e7e (mono-2.0-bdwgc) mono_jit_runtime_invoke (at C:/build/output/Unity-Technologies/mono/mono/mini/mini-runtime.c:3445)
0x00007fff3fc58874 (mono-2.0-bdwgc) do_runtime_invoke (at C:/build/output/Unity-Technologies/mono/mono/metadata/object.c:3068)
0x00007fff3fc5f926 (mono-2.0-bdwgc) mono_runtime_try_invoke_array (at C:/build/output/Unity-Technologies/mono/mono/metadata/object.c:5774)
0x00007fff3fb91b81 (mono-2.0-bdwgc) ves_icall_InternalInvoke (at C:/build/output/Unity-Technologies/mono/mono/metadata/icall.c:4038)
0x00007fff3fbb7e31 (mono-2.0-bdwgc) ves_icall_InternalInvoke_raw (at C:/build/output/Unity-Technologies/mono/mono/metadata/icall-def.h:692)
0x000001e8e22b0f92 (Mono JIT Code) (wrapper managed-to-native) System.Reflection.RuntimeMethodInfo:InternalInvoke (System.Reflection.RuntimeMethodInfo,object,object[],System.Exception&)
0x000001e8e3c7ea73 (Mono JIT Code) System.Reflection.RuntimeMethodInfo:Invoke (object,System.Reflection.BindingFlags,System.Reflection.Binder,object[],System.Globalization.CultureInfo)
0x000001e8db9555ef (Mono JIT Code) System.Reflection.MethodBase:Invoke (object,object[])
0x000001e9aa26e783 (Mono JIT Code) NUnit.Framework.Internal.Reflect:InvokeMethod (System.Reflection.MethodInfo,object,object[])
0x000001e9aa2760ab (Mono JIT Code) NUnit.Framework.Internal.MethodWrapper:Invoke (object,object[])
0x000001e9aa275f8a (Mono JIT Code) NUnit.Framework.Internal.Commands.TestMethodCommand:RunNonAsyncTestMethod (NUnit.Framework.Internal.ITestExecutionContext)
0x000001e9aa275dd3 (Mono JIT Code) NUnit.Framework.Internal.Commands.TestMethodCommand:RunTestMethod (NUnit.Framework.Internal.ITestExecutionContext)
0x000001e9aa275973 (Mono JIT Code) NUnit.Framework.Internal.Commands.TestMethodCommand:Execute (NUnit.Framework.Internal.ITestExecutionContext)
0x000001e9aa27556b (Mono JIT Code) UnityEngine.TestTools.UnityTestMethodCommand:Execute (NUnit.Framework.Internal.ITestExecutionContext) (at ./Library/PackageCache/com.unity.test-framework@40e262928427/UnityEngine.TestRunner/NUnitExtensions/Commands/UnityTestMethodCommand.cs:19)
0x000001e9aa2752fb (Mono JIT Code) UnityEngine.TestRunner.NUnitExtensions.Runner.UnityLogCheckDelegatingCommand/<>c__DisplayClass2_0:<Execute>b__0 () (at ./Library/PackageCache/com.unity.test-framework@40e262928427/UnityEngine.TestRunner/NUnitExtensions/Runner/UnityLogCheckDelegatingCommand.cs:24)
0x000001e9aa275123 (Mono JIT Code) UnityEngine.TestRunner.NUnitExtensions.Runner.UnityLogCheckDelegatingCommand:CaptureException (NUnit.Framework.Internal.TestResult,System.Action) (at ./Library/PackageCache/com.unity.test-framework@40e262928427/UnityEngine.TestRunner/NUnitExtensions/Runner/UnityLogCheckDelegatingCommand.cs:72)
0x000001e9aa274fb3 (Mono JIT Code) UnityEngine.TestRunner.NUnitExtensions.Runner.UnityLogCheckDelegatingCommand:ExecuteAndCheckLog (UnityEngine.TestTools.Logging.LogScope,NUnit.Framework.Internal.TestResult,System.Action) (at ./Library/PackageCache/com.unity.test-framework@40e262928427/UnityEngine.TestRunner/NUnitExtensions/Runner/UnityLogCheckDelegatingCommand.cs:83)
0x000001e9aa274c3b (Mono JIT Code) UnityEngine.TestRunner.NUnitExtensions.Runner.UnityLogCheckDelegatingCommand:Execute (NUnit.Framework.Internal.ITestExecutionContext) (at ./Library/PackageCache/com.unity.test-framework@40e262928427/UnityEngine.TestRunner/NUnitExtensions/Runner/UnityLogCheckDelegatingCommand.cs:24)
0x000001e9aa273c19 (Mono JIT Code) UnityEngine.TestRunner.NUnitExtensions.Runner.UnityLogCheckDelegatingCommand/<ExecuteEnumerable>d__3:MoveNext () (at ./Library/PackageCache/com.unity.test-framework@40e262928427/UnityEngine.TestRunner/NUnitExtensions/Runner/UnityLogCheckDelegatingCommand.cs:35)
0x000001e9aa251e01 (Mono JIT Code) UnityEngine.TestTools.BeforeAfterTestCommandBase`1/<ExecuteEnumerable>d__16<T_REF>:MoveNext () (at ./Library/PackageCache/com.unity.test-framework@40e262928427/UnityEngine.TestRunner/NUnitExtensions/Commands/BeforeAfterTestCommandBase.cs:212)
0x000001e9aa272fb6 (Mono JIT Code) UnityEngine.TestTools.ImmediateEnumerableCommand:Execute (NUnit.Framework.Internal.ITestExecutionContext) (at ./Library/PackageCache/com.unity.test-framework@40e262928427/UnityEngine.TestRunner/NUnitExtensions/Commands/ImmediateEnumerableCommand.cs:18)
0x000001e9aa251f01 (Mono JIT Code) UnityEngine.TestTools.BeforeAfterTestCommandBase`1/<ExecuteEnumerable>d__16<T_REF>:MoveNext () (at ./Library/PackageCache/com.unity.test-framework@40e262928427/UnityEngine.TestRunner/NUnitExtensions/Commands/BeforeAfterTestCommandBase.cs:219)
0x000001e9aa251e01 (Mono JIT Code) UnityEngine.TestTools.BeforeAfterTestCommandBase`1/<ExecuteEnumerable>d__16<T_REF>:MoveNext () (at ./Library/PackageCache/com.unity.test-framework@40e262928427/UnityEngine.TestRunner/NUnitExtensions/Commands/BeforeAfterTestCommandBase.cs:212)
0x000001e9aa251e01 (Mono JIT Code) UnityEngine.TestTools.BeforeAfterTestCommandBase`1/<ExecuteEnumerable>d__16<T_REF>:MoveNext () (at ./Library/PackageCache/com.unity.test-framework@40e262928427/UnityEngine.TestRunner/NUnitExtensions/Commands/BeforeAfterTestCommandBase.cs:212)
0x000001e9aa26b457 (Mono JIT Code) UnityEngine.TestTools.RetryCommand/<ExecuteEnumerable>d__2:MoveNext () (at ./Library/PackageCache/com.unity.test-framework@40e262928427/UnityEngine.TestRunner/NUnitExtensions/Commands/RetryCommand.cs:37)
0x000001e9aa269f2f (Mono JIT Code) UnityEngine.TestTools.RepeatCommand/<ExecuteEnumerable>d__2:MoveNext () (at ./Library/PackageCache/com.unity.test-framework@40e262928427/UnityEngine.TestRunner/NUnitExtensions/Commands/RepeatCommand.cs:36)
0x000001e9aa268fa6 (Mono JIT Code) UnityEngine.TestTools.IgnoreTestCommand/<ExecuteEnumerable>d__3:MoveNext () (at ./Library/PackageCache/com.unity.test-framework@40e262928427/UnityEngine.TestRunner/NUnitExtensions/Commands/IgnoreTestCommand.cs:42)
0x000001e9aa267c7f (Mono JIT Code) UnityEngine.TestTools.StrictCheckCommand/<ExecuteEnumerable>d__2:MoveNext () (at ./Library/PackageCache/com.unity.test-framework@40e262928427/UnityEngine.TestRunner/NUnitExtensions/Commands/StrictCheckCommand.cs:29)
0x000001e9aa266fe1 (Mono JIT Code) UnityEngine.TestRunner.NUnitExtensions.Runner.DefaultTestWorkItem/<PerformWork>d__2:MoveNext () (at ./Library/PackageCache/com.unity.test-framework@40e262928427/UnityEngine.TestRunner/NUnitExtensions/Runner/DefaultTestWorkItem.cs:50)
0x000001e9aa255e12 (Mono JIT Code) UnityEngine.TestRunner.NUnitExtensions.Runner.CompositeWorkItem/<RunChildren>d__17:MoveNext () (at ./Library/PackageCache/com.unity.test-framework@40e262928427/UnityEngine.TestRunner/NUnitExtensions/Runner/CompositeWorkItem.cs:207)
0x000001e9aa247756 (Mono JIT Code) UnityEngine.TestRunner.NUnitExtensions.Runner.CompositeWorkItem/<PerformWork>d__13:MoveNext () (at ./Library/PackageCache/com.unity.test-framework@40e262928427/UnityEngine.TestRunner/NUnitExtensions/Runner/CompositeWorkItem.cs:82)
0x000001e9aa255e12 (Mono JIT Code) UnityEngine.TestRunner.NUnitExtensions.Runner.CompositeWorkItem/<RunChildren>d__17:MoveNext () (at ./Library/PackageCache/com.unity.test-framework@40e262928427/UnityEngine.TestRunner/NUnitExtensions/Runner/CompositeWorkItem.cs:207)
0x000001e9aa247756 (Mono JIT Code) UnityEngine.TestRunner.NUnitExtensions.Runner.CompositeWorkItem/<PerformWork>d__13:MoveNext () (at ./Library/PackageCache/com.unity.test-framework@40e262928427/UnityEngine.TestRunner/NUnitExtensions/Runner/CompositeWorkItem.cs:82)
0x000001e9aa255e12 (Mono JIT Code) UnityEngine.TestRunner.NUnitExtensions.Runner.CompositeWorkItem/<RunChildren>d__17:MoveNext () (at ./Library/PackageCache/com.unity.test-framework@40e262928427/UnityEngine.TestRunner/NUnitExtensions/Runner/CompositeWorkItem.cs:207)
0x000001e9aa247756 (Mono JIT Code) UnityEngine.TestRunner.NUnitExtensions.Runner.CompositeWorkItem/<PerformWork>d__13:MoveNext () (at ./Library/PackageCache/com.unity.test-framework@40e262928427/UnityEngine.TestRunner/NUnitExtensions/Runner/CompositeWorkItem.cs:82)
0x000001e9aa245fcc (Mono JIT Code) UnityEditor.TestTools.TestRunner.EditModeRunner:MoveNextAndUpdateYieldObject () (at ./Library/PackageCache/com.unity.test-framework@40e262928427/UnityEditor.TestRunner/TestRunner/EditModeRunner.cs:167)
0x000001e9aa245b7b (Mono JIT Code) UnityEditor.TestTools.TestRunner.EditModeRunner:TestConsumer (UnityEditor.TestTools.TestRunner.TestRunnerStateSerializer) (at ./Library/PackageCache/com.unity.test-framework@40e262928427/UnityEditor.TestRunner/TestRunner/EditModeRunner.cs:200)
0x000001e9aa23c173 (Mono JIT Code) UnityEditor.TestTools.TestRunner.TestRun.Tasks.EditModeRunTask/<Execute>d__1:MoveNext () (at ./Library/PackageCache/com.unity.test-framework@40e262928427/UnityEditor.TestRunner/TestRun/Tasks/EditModeRunTask.cs:48)
0x000001e977129d5e (Mono JIT Code) UnityEditor.TestTools.TestRunner.TestRun.TestJobRunner:ExecuteStep () (at ./Library/PackageCache/com.unity.test-framework@40e262928427/UnityEditor.TestRunner/TestRun/TestJobRunner.cs:173)
0x000001e977128953 (Mono JIT Code) UnityEditor.TestTools.TestRunner.TestRun.TestJobRunner:ExecuteCallback () (at ./Library/PackageCache/com.unity.test-framework@40e262928427/UnityEditor.TestRunner/TestRun/TestJobRunner.cs:108)
0x000001e99df821b8 (Mono JIT Code) UnityEditor.EditorApplication:Internal_CallUpdateFunctions ()
0x000001e8e6514785 (Mono JIT Code) (wrapper runtime-invoke) object:runtime_invoke_void (object,intptr,intptr,intptr)
0x00007fff3fd16e7e (mono-2.0-bdwgc) mono_jit_runtime_invoke (at C:/build/output/Unity-Technologies/mono/mono/mini/mini-runtime.c:3445)
0x00007fff3fc58874 (mono-2.0-bdwgc) do_runtime_invoke (at C:/build/output/Unity-Technologies/mono/mono/metadata/object.c:3068)
0x00007fff3fc58960 (mono-2.0-bdwgc) mono_runtime_invoke (at C:/build/output/Unity-Technologies/mono/mono/metadata/object.c:3115)
0x00007fff38e4cea4 (Unity) scripting_method_invoke
0x00007fff38e25433 (Unity) ScriptingInvocation::Invoke
0x00007fff38e20b35 (Unity) ScriptingInvocation::Invoke<void>
0x00007fff38f8b4bb (Unity) Scripting::UnityEditor::EditorApplicationProxy::Internal_CallUpdateFunctions
0x00007fff3a07e0e4 (Unity) SceneTracker::Update
0x00007fff39be1247 (Unity) Application::TickTimer
0x00007fff3a1b25ac (Unity) MainMessageLoop
0x00007fff3a1b9d1c (Unity) UnityMain
0x00007ff68b302f2a (Unity) __scrt_common_main_seh
0x00007fffddade8d7 (KERNEL32) BaseThreadInitThunk
0x00007fffde88c53c (ntdll) RtlUserThreadStart

[MouseTracker] PlayerInputHandler not found. Mouse compensation will be disabled.
0x00007fff38f222ae (Unity) StackWalker::ShowCallstack
0x00007fff38f31ee9 (Unity) PlatformStacktrace::GetStacktrace
0x00007fff3a1ac04e (Unity) Stacktrace::GetStacktrace
0x00007fff3a7859df (Unity) DebugStringToFile
0x00007fff37fd2930 (Unity) DebugLogHandler_CUSTOM_Internal_Log
0x000001e9766cbd3e (Mono JIT Code) (wrapper managed-to-native) UnityEngine.DebugLogHandler:Internal_Log_Injected (UnityEngine.LogType,UnityEngine.LogOption,UnityEngine.Bindings.ManagedSpanWrapper&,intptr)
0x000001e9766cbb43 (Mono JIT Code) UnityEngine.DebugLogHandler:Internal_Log (UnityEngine.LogType,UnityEngine.LogOption,string,UnityEngine.Object)
0x000001e9766cb7fb (Mono JIT Code) UnityEngine.DebugLogHandler:LogFormat (UnityEngine.LogType,UnityEngine.Object,string,object[])
0x000001e9766ca6ae (Mono JIT Code) UnityEngine.Logger:Log (UnityEngine.LogType,object)
0x000001e9aa2b404d (Mono JIT Code) UnityEngine.Debug:LogWarning (object)
0x000001e9aa2b33ab (Mono JIT Code) MouseTracker:Initialize (RecoilSystem) (at C:/Users/Ubuntu/Desktop/_DEV/AFFECT-2025-10-11/Assets/_SCRIPTS/_PLAYER/Recoil/MouseTracker.cs:80)
0x000001e976d36246 (Mono JIT Code) RecoilSystem:InitializeModules () (at C:/Users/Ubuntu/Desktop/_DEV/AFFECT-2025-10-11/Assets/_SCRIPTS/_PLAYER/Recoil/RecoilSystem.cs:203)
0x000001e976d33eb3 (Mono JIT Code) RecoilSystem:Initialize () (at C:/Users/Ubuntu/Desktop/_DEV/AFFECT-2025-10-11/Assets/_SCRIPTS/_PLAYER/Recoil/RecoilSystem.cs:165)
0x000001e976d333a3 (Mono JIT Code) RecoilSystem:ForceInitializeForTesting () (at C:/Users/Ubuntu/Desktop/_DEV/AFFECT-2025-10-11/Assets/_SCRIPTS/_PLAYER/Recoil/RecoilSystem.cs:632)
0x000001e976d3c213 (Mono JIT Code) RecoilSystemProperties:Property13_GracefulModuleDegradation () (at C:/Users/Ubuntu/Desktop/_DEV/AFFECT-2025-10-11/Assets/_SCRIPTS/Editor/Properties/RecoilSystemProperties.cs:269)
0x000001e9aa264548 (Mono JIT Code) (wrapper runtime-invoke) object:runtime_invoke_void__this__ (object,intptr,intptr,intptr)
0x00007fff3fd16e7e (mono-2.0-bdwgc) mono_jit_runtime_invoke (at C:/build/output/Unity-Technologies/mono/mono/mini/mini-runtime.c:3445)
0x00007fff3fc58874 (mono-2.0-bdwgc) do_runtime_invoke (at C:/build/output/Unity-Technologies/mono/mono/metadata/object.c:3068)
0x00007fff3fc5f926 (mono-2.0-bdwgc) mono_runtime_try_invoke_array (at C:/build/output/Unity-Technologies/mono/mono/metadata/object.c:5774)
0x00007fff3fb91b81 (mono-2.0-bdwgc) ves_icall_InternalInvoke (at C:/build/output/Unity-Technologies/mono/mono/metadata/icall.c:4038)
0x00007fff3fbb7e31 (mono-2.0-bdwgc) ves_icall_InternalInvoke_raw (at C:/build/output/Unity-Technologies/mono/mono/metadata/icall-def.h:692)
0x000001e8e22b0f92 (Mono JIT Code) (wrapper managed-to-native) System.Reflection.RuntimeMethodInfo:InternalInvoke (System.Reflection.RuntimeMethodInfo,object,object[],System.Exception&)
0x000001e8e3c7ea73 (Mono JIT Code) System.Reflection.RuntimeMethodInfo:Invoke (object,System.Reflection.BindingFlags,System.Reflection.Binder,object[],System.Globalization.CultureInfo)
0x000001e8db9555ef (Mono JIT Code) System.Reflection.MethodBase:Invoke (object,object[])
0x000001e9aa26e783 (Mono JIT Code) NUnit.Framework.Internal.Reflect:InvokeMethod (System.Reflection.MethodInfo,object,object[])
0x000001e9aa2760ab (Mono JIT Code) NUnit.Framework.Internal.MethodWrapper:Invoke (object,object[])
0x000001e9aa275f8a (Mono JIT Code) NUnit.Framework.Internal.Commands.TestMethodCommand:RunNonAsyncTestMethod (NUnit.Framework.Internal.ITestExecutionContext)
0x000001e9aa275dd3 (Mono JIT Code) NUnit.Framework.Internal.Commands.TestMethodCommand:RunTestMethod (NUnit.Framework.Internal.ITestExecutionContext)
0x000001e9aa275973 (Mono JIT Code) NUnit.Framework.Internal.Commands.TestMethodCommand:Execute (NUnit.Framework.Internal.ITestExecutionContext)
0x000001e9aa27556b (Mono JIT Code) UnityEngine.TestTools.UnityTestMethodCommand:Execute (NUnit.Framework.Internal.ITestExecutionContext) (at ./Library/PackageCache/com.unity.test-framework@40e262928427/UnityEngine.TestRunner/NUnitExtensions/Commands/UnityTestMethodCommand.cs:19)
0x000001e9aa2752fb (Mono JIT Code) UnityEngine.TestRunner.NUnitExtensions.Runner.UnityLogCheckDelegatingCommand/<>c__DisplayClass2_0:<Execute>b__0 () (at ./Library/PackageCache/com.unity.test-framework@40e262928427/UnityEngine.TestRunner/NUnitExtensions/Runner/UnityLogCheckDelegatingCommand.cs:24)
0x000001e9aa275123 (Mono JIT Code) UnityEngine.TestRunner.NUnitExtensions.Runner.UnityLogCheckDelegatingCommand:CaptureException (NUnit.Framework.Internal.TestResult,System.Action) (at ./Library/PackageCache/com.unity.test-framework@40e262928427/UnityEngine.TestRunner/NUnitExtensions/Runner/UnityLogCheckDelegatingCommand.cs:72)
0x000001e9aa274fb3 (Mono JIT Code) UnityEngine.TestRunner.NUnitExtensions.Runner.UnityLogCheckDelegatingCommand:ExecuteAndCheckLog (UnityEngine.TestTools.Logging.LogScope,NUnit.Framework.Internal.TestResult,System.Action) (at ./Library/PackageCache/com.unity.test-framework@40e262928427/UnityEngine.TestRunner/NUnitExtensions/Runner/UnityLogCheckDelegatingCommand.cs:83)
0x000001e9aa274c3b (Mono JIT Code) UnityEngine.TestRunner.NUnitExtensions.Runner.UnityLogCheckDelegatingCommand:Execute (NUnit.Framework.Internal.ITestExecutionContext) (at ./Library/PackageCache/com.unity.test-framework@40e262928427/UnityEngine.TestRunner/NUnitExtensions/Runner/UnityLogCheckDelegatingCommand.cs:24)
0x000001e9aa273c19 (Mono JIT Code) UnityEngine.TestRunner.NUnitExtensions.Runner.UnityLogCheckDelegatingCommand/<ExecuteEnumerable>d__3:MoveNext () (at ./Library/PackageCache/com.unity.test-framework@40e262928427/UnityEngine.TestRunner/NUnitExtensions/Runner/UnityLogCheckDelegatingCommand.cs:35)
0x000001e9aa251e01 (Mono JIT Code) UnityEngine.TestTools.BeforeAfterTestCommandBase`1/<ExecuteEnumerable>d__16<T_REF>:MoveNext () (at ./Library/PackageCache/com.unity.test-framework@40e262928427/UnityEngine.TestRunner/NUnitExtensions/Commands/BeforeAfterTestCommandBase.cs:212)
0x000001e9aa272fb6 (Mono JIT Code) UnityEngine.TestTools.ImmediateEnumerableCommand:Execute (NUnit.Framework.Internal.ITestExecutionContext) (at ./Library/PackageCache/com.unity.test-framework@40e262928427/UnityEngine.TestRunner/NUnitExtensions/Commands/ImmediateEnumerableCommand.cs:18)
0x000001e9aa251f01 (Mono JIT Code) UnityEngine.TestTools.BeforeAfterTestCommandBase`1/<ExecuteEnumerable>d__16<T_REF>:MoveNext () (at ./Library/PackageCache/com.unity.test-framework@40e262928427/UnityEngine.TestRunner/NUnitExtensions/Commands/BeforeAfterTestCommandBase.cs:219)
0x000001e9aa251e01 (Mono JIT Code) UnityEngine.TestTools.BeforeAfterTestCommandBase`1/<ExecuteEnumerable>d__16<T_REF>:MoveNext () (at ./Library/PackageCache/com.unity.test-framework@40e262928427/UnityEngine.TestRunner/NUnitExtensions/Commands/BeforeAfterTestCommandBase.cs:212)
0x000001e9aa251e01 (Mono JIT Code) UnityEngine.TestTools.BeforeAfterTestCommandBase`1/<ExecuteEnumerable>d__16<T_REF>:MoveNext () (at ./Library/PackageCache/com.unity.test-framework@40e262928427/UnityEngine.TestRunner/NUnitExtensions/Commands/BeforeAfterTestCommandBase.cs:212)
0x000001e9aa26b457 (Mono JIT Code) UnityEngine.TestTools.RetryCommand/<ExecuteEnumerable>d__2:MoveNext () (at ./Library/PackageCache/com.unity.test-framework@40e262928427/UnityEngine.TestRunner/NUnitExtensions/Commands/RetryCommand.cs:37)
0x000001e9aa269f2f (Mono JIT Code) UnityEngine.TestTools.RepeatCommand/<ExecuteEnumerable>d__2:MoveNext () (at ./Library/PackageCache/com.unity.test-framework@40e262928427/UnityEngine.TestRunner/NUnitExtensions/Commands/RepeatCommand.cs:36)
0x000001e9aa268fa6 (Mono JIT Code) UnityEngine.TestTools.IgnoreTestCommand/<ExecuteEnumerable>d__3:MoveNext () (at ./Library/PackageCache/com.unity.test-framework@40e262928427/UnityEngine.TestRunner/NUnitExtensions/Commands/IgnoreTestCommand.cs:42)
0x000001e9aa267c7f (Mono JIT Code) UnityEngine.TestTools.StrictCheckCommand/<ExecuteEnumerable>d__2:MoveNext () (at ./Library/PackageCache/com.unity.test-framework@40e262928427/UnityEngine.TestRunner/NUnitExtensions/Commands/StrictCheckCommand.cs:29)
0x000001e9aa266fe1 (Mono JIT Code) UnityEngine.TestRunner.NUnitExtensions.Runner.DefaultTestWorkItem/<PerformWork>d__2:MoveNext () (at ./Library/PackageCache/com.unity.test-framework@40e262928427/UnityEngine.TestRunner/NUnitExtensions/Runner/DefaultTestWorkItem.cs:50)
0x000001e9aa255e12 (Mono JIT Code) UnityEngine.TestRunner.NUnitExtensions.Runner.CompositeWorkItem/<RunChildren>d__17:MoveNext () (at ./Library/PackageCache/com.unity.test-framework@40e262928427/UnityEngine.TestRunner/NUnitExtensions/Runner/CompositeWorkItem.cs:207)
0x000001e9aa247756 (Mono JIT Code) UnityEngine.TestRunner.NUnitExtensions.Runner.CompositeWorkItem/<PerformWork>d__13:MoveNext () (at ./Library/PackageCache/com.unity.test-framework@40e262928427/UnityEngine.TestRunner/NUnitExtensions/Runner/CompositeWorkItem.cs:82)
0x000001e9aa255e12 (Mono JIT Code) UnityEngine.TestRunner.NUnitExtensions.Runner.CompositeWorkItem/<RunChildren>d__17:MoveNext () (at ./Library/PackageCache/com.unity.test-framework@40e262928427/UnityEngine.TestRunner/NUnitExtensions/Runner/CompositeWorkItem.cs:207)
0x000001e9aa247756 (Mono JIT Code) UnityEngine.TestRunner.NUnitExtensions.Runner.CompositeWorkItem/<PerformWork>d__13:MoveNext () (at ./Library/PackageCache/com.unity.test-framework@40e262928427/UnityEngine.TestRunner/NUnitExtensions/Runner/CompositeWorkItem.cs:82)
0x000001e9aa255e12 (Mono JIT Code) UnityEngine.TestRunner.NUnitExtensions.Runner.CompositeWorkItem/<RunChildren>d__17:MoveNext () (at ./Library/PackageCache/com.unity.test-framework@40e262928427/UnityEngine.TestRunner/NUnitExtensions/Runner/CompositeWorkItem.cs:207)
0x000001e9aa247756 (Mono JIT Code) UnityEngine.TestRunner.NUnitExtensions.Runner.CompositeWorkItem/<PerformWork>d__13:MoveNext () (at ./Library/PackageCache/com.unity.test-framework@40e262928427/UnityEngine.TestRunner/NUnitExtensions/Runner/CompositeWorkItem.cs:82)
0x000001e9aa245fcc (Mono JIT Code) UnityEditor.TestTools.TestRunner.EditModeRunner:MoveNextAndUpdateYieldObject () (at ./Library/PackageCache/com.unity.test-framework@40e262928427/UnityEditor.TestRunner/TestRunner/EditModeRunner.cs:167)
0x000001e9aa245b7b (Mono JIT Code) UnityEditor.TestTools.TestRunner.EditModeRunner:TestConsumer (UnityEditor.TestTools.TestRunner.TestRunnerStateSerializer) (at ./Library/PackageCache/com.unity.test-framework@40e262928427/UnityEditor.TestRunner/TestRunner/EditModeRunner.cs:200)
0x000001e9aa23c173 (Mono JIT Code) UnityEditor.TestTools.TestRunner.TestRun.Tasks.EditModeRunTask/<Execute>d__1:MoveNext () (at ./Library/PackageCache/com.unity.test-framework@40e262928427/UnityEditor.TestRunner/TestRun/Tasks/EditModeRunTask.cs:48)
0x000001e977129d5e (Mono JIT Code) UnityEditor.TestTools.TestRunner.TestRun.TestJobRunner:ExecuteStep () (at ./Library/PackageCache/com.unity.test-framework@40e262928427/UnityEditor.TestRunner/TestRun/TestJobRunner.cs:173)
0x000001e977128953 (Mono JIT Code) UnityEditor.TestTools.TestRunner.TestRun.TestJobRunner:ExecuteCallback () (at ./Library/PackageCache/com.unity.test-framework@40e262928427/UnityEditor.TestRunner/TestRun/TestJobRunner.cs:108)
0x000001e99df821b8 (Mono JIT Code) UnityEditor.EditorApplication:Internal_CallUpdateFunctions ()
0x000001e8e6514785 (Mono JIT Code) (wrapper runtime-invoke) object:runtime_invoke_void (object,intptr,intptr,intptr)
0x00007fff3fd16e7e (mono-2.0-bdwgc) mono_jit_runtime_invoke (at C:/build/output/Unity-Technologies/mono/mono/mini/mini-runtime.c:3445)
0x00007fff3fc58874 (mono-2.0-bdwgc) do_runtime_invoke (at C:/build/output/Unity-Technologies/mono/mono/metadata/object.c:3068)
0x00007fff3fc58960 (mono-2.0-bdwgc) mono_runtime_invoke (at C:/build/output/Unity-Technologies/mono/mono/metadata/object.c:3115)
0x00007fff38e4cea4 (Unity) scripting_method_invoke
0x00007fff38e25433 (Unity) ScriptingInvocation::Invoke
0x00007fff38e20b35 (Unity) ScriptingInvocation::Invoke<void>
0x00007fff38f8b4bb (Unity) Scripting::UnityEditor::EditorApplicationProxy::Internal_CallUpdateFunctions
0x00007fff3a07e0e4 (Unity) SceneTracker::Update
0x00007fff39be1247 (Unity) Application::TickTimer
0x00007fff3a1b25ac (Unity) MainMessageLoop
0x00007fff3a1b9d1c (Unity) UnityMain
0x00007ff68b302f2a (Unity) __scrt_common_main_seh
0x00007fffddade8d7 (KERNEL32) BaseThreadInitThunk
0x00007fffde88c53c (ntdll) RtlUserThreadStart

[MouseTracker] PlayerInputHandler not found. Mouse compensation will be disabled.
0x00007fff38f222ae (Unity) StackWalker::ShowCallstack
0x00007fff38f31ee9 (Unity) PlatformStacktrace::GetStacktrace
0x00007fff3a1ac04e (Unity) Stacktrace::GetStacktrace
0x00007fff3a7859df (Unity) DebugStringToFile
0x00007fff37fd2930 (Unity) DebugLogHandler_CUSTOM_Internal_Log
0x000001e9766cbd3e (Mono JIT Code) (wrapper managed-to-native) UnityEngine.DebugLogHandler:Internal_Log_Injected (UnityEngine.LogType,UnityEngine.LogOption,UnityEngine.Bindings.ManagedSpanWrapper&,intptr)
0x000001e9766cbb43 (Mono JIT Code) UnityEngine.DebugLogHandler:Internal_Log (UnityEngine.LogType,UnityEngine.LogOption,string,UnityEngine.Object)
0x000001e9766cb7fb (Mono JIT Code) UnityEngine.DebugLogHandler:LogFormat (UnityEngine.LogType,UnityEngine.Object,string,object[])
0x000001e9766ca6ae (Mono JIT Code) UnityEngine.Logger:Log (UnityEngine.LogType,object)
0x000001e9aa2b404d (Mono JIT Code) UnityEngine.Debug:LogWarning (object)
0x000001e9aa2b33ab (Mono JIT Code) MouseTracker:Initialize (RecoilSystem) (at C:/Users/Ubuntu/Desktop/_DEV/AFFECT-2025-10-11/Assets/_SCRIPTS/_PLAYER/Recoil/MouseTracker.cs:80)
0x000001e976d36246 (Mono JIT Code) RecoilSystem:InitializeModules () (at C:/Users/Ubuntu/Desktop/_DEV/AFFECT-2025-10-11/Assets/_SCRIPTS/_PLAYER/Recoil/RecoilSystem.cs:203)
0x000001e976d33eb3 (Mono JIT Code) RecoilSystem:Initialize () (at C:/Users/Ubuntu/Desktop/_DEV/AFFECT-2025-10-11/Assets/_SCRIPTS/_PLAYER/Recoil/RecoilSystem.cs:165)
0x000001e976d333a3 (Mono JIT Code) RecoilSystem:ForceInitializeForTesting () (at C:/Users/Ubuntu/Desktop/_DEV/AFFECT-2025-10-11/Assets/_SCRIPTS/_PLAYER/Recoil/RecoilSystem.cs:632)
0x000001e976d3c213 (Mono JIT Code) RecoilSystemProperties:Property13_GracefulModuleDegradation () (at C:/Users/Ubuntu/Desktop/_DEV/AFFECT-2025-10-11/Assets/_SCRIPTS/Editor/Properties/RecoilSystemProperties.cs:269)
0x000001e9aa264548 (Mono JIT Code) (wrapper runtime-invoke) object:runtime_invoke_void__this__ (object,intptr,intptr,intptr)
0x00007fff3fd16e7e (mono-2.0-bdwgc) mono_jit_runtime_invoke (at C:/build/output/Unity-Technologies/mono/mono/mini/mini-runtime.c:3445)
0x00007fff3fc58874 (mono-2.0-bdwgc) do_runtime_invoke (at C:/build/output/Unity-Technologies/mono/mono/metadata/object.c:3068)
0x00007fff3fc5f926 (mono-2.0-bdwgc) mono_runtime_try_invoke_array (at C:/build/output/Unity-Technologies/mono/mono/metadata/object.c:5774)
0x00007fff3fb91b81 (mono-2.0-bdwgc) ves_icall_InternalInvoke (at C:/build/output/Unity-Technologies/mono/mono/metadata/icall.c:4038)
0x00007fff3fbb7e31 (mono-2.0-bdwgc) ves_icall_InternalInvoke_raw (at C:/build/output/Unity-Technologies/mono/mono/metadata/icall-def.h:692)
0x000001e8e22b0f92 (Mono JIT Code) (wrapper managed-to-native) System.Reflection.RuntimeMethodInfo:InternalInvoke (System.Reflection.RuntimeMethodInfo,object,object[],System.Exception&)
0x000001e8e3c7ea73 (Mono JIT Code) System.Reflection.RuntimeMethodInfo:Invoke (object,System.Reflection.BindingFlags,System.Reflection.Binder,object[],System.Globalization.CultureInfo)
0x000001e8db9555ef (Mono JIT Code) System.Reflection.MethodBase:Invoke (object,object[])
0x000001e9aa26e783 (Mono JIT Code) NUnit.Framework.Internal.Reflect:InvokeMethod (System.Reflection.MethodInfo,object,object[])
0x000001e9aa2760ab (Mono JIT Code) NUnit.Framework.Internal.MethodWrapper:Invoke (object,object[])
0x000001e9aa275f8a (Mono JIT Code) NUnit.Framework.Internal.Commands.TestMethodCommand:RunNonAsyncTestMethod (NUnit.Framework.Internal.ITestExecutionContext)
0x000001e9aa275dd3 (Mono JIT Code) NUnit.Framework.Internal.Commands.TestMethodCommand:RunTestMethod (NUnit.Framework.Internal.ITestExecutionContext)
0x000001e9aa275973 (Mono JIT Code) NUnit.Framework.Internal.Commands.TestMethodCommand:Execute (NUnit.Framework.Internal.ITestExecutionContext)
0x000001e9aa27556b (Mono JIT Code) UnityEngine.TestTools.UnityTestMethodCommand:Execute (NUnit.Framework.Internal.ITestExecutionContext) (at ./Library/PackageCache/com.unity.test-framework@40e262928427/UnityEngine.TestRunner/NUnitExtensions/Commands/UnityTestMethodCommand.cs:19)
0x000001e9aa2752fb (Mono JIT Code) UnityEngine.TestRunner.NUnitExtensions.Runner.UnityLogCheckDelegatingCommand/<>c__DisplayClass2_0:<Execute>b__0 () (at ./Library/PackageCache/com.unity.test-framework@40e262928427/UnityEngine.TestRunner/NUnitExtensions/Runner/UnityLogCheckDelegatingCommand.cs:24)
0x000001e9aa275123 (Mono JIT Code) UnityEngine.TestRunner.NUnitExtensions.Runner.UnityLogCheckDelegatingCommand:CaptureException (NUnit.Framework.Internal.TestResult,System.Action) (at ./Library/PackageCache/com.unity.test-framework@40e262928427/UnityEngine.TestRunner/NUnitExtensions/Runner/UnityLogCheckDelegatingCommand.cs:72)
0x000001e9aa274fb3 (Mono JIT Code) UnityEngine.TestRunner.NUnitExtensions.Runner.UnityLogCheckDelegatingCommand:ExecuteAndCheckLog (UnityEngine.TestTools.Logging.LogScope,NUnit.Framework.Internal.TestResult,System.Action) (at ./Library/PackageCache/com.unity.test-framework@40e262928427/UnityEngine.TestRunner/NUnitExtensions/Runner/UnityLogCheckDelegatingCommand.cs:83)
0x000001e9aa274c3b (Mono JIT Code) UnityEngine.TestRunner.NUnitExtensions.Runner.UnityLogCheckDelegatingCommand:Execute (NUnit.Framework.Internal.ITestExecutionContext) (at ./Library/PackageCache/com.unity.test-framework@40e262928427/UnityEngine.TestRunner/NUnitExtensions/Runner/UnityLogCheckDelegatingCommand.cs:24)
0x000001e9aa273c19 (Mono JIT Code) UnityEngine.TestRunner.NUnitExtensions.Runner.UnityLogCheckDelegatingCommand/<ExecuteEnumerable>d__3:MoveNext () (at ./Library/PackageCache/com.unity.test-framework@40e262928427/UnityEngine.TestRunner/NUnitExtensions/Runner/UnityLogCheckDelegatingCommand.cs:35)
0x000001e9aa251e01 (Mono JIT Code) UnityEngine.TestTools.BeforeAfterTestCommandBase`1/<ExecuteEnumerable>d__16<T_REF>:MoveNext () (at ./Library/PackageCache/com.unity.test-framework@40e262928427/UnityEngine.TestRunner/NUnitExtensions/Commands/BeforeAfterTestCommandBase.cs:212)
0x000001e9aa272fb6 (Mono JIT Code) UnityEngine.TestTools.ImmediateEnumerableCommand:Execute (NUnit.Framework.Internal.ITestExecutionContext) (at ./Library/PackageCache/com.unity.test-framework@40e262928427/UnityEngine.TestRunner/NUnitExtensions/Commands/ImmediateEnumerableCommand.cs:18)
0x000001e9aa251f01 (Mono JIT Code) UnityEngine.TestTools.BeforeAfterTestCommandBase`1/<ExecuteEnumerable>d__16<T_REF>:MoveNext () (at ./Library/PackageCache/com.unity.test-framework@40e262928427/UnityEngine.TestRunner/NUnitExtensions/Commands/BeforeAfterTestCommandBase.cs:219)
0x000001e9aa251e01 (Mono JIT Code) UnityEngine.TestTools.BeforeAfterTestCommandBase`1/<ExecuteEnumerable>d__16<T_REF>:MoveNext () (at ./Library/PackageCache/com.unity.test-framework@40e262928427/UnityEngine.TestRunner/NUnitExtensions/Commands/BeforeAfterTestCommandBase.cs:212)
0x000001e9aa251e01 (Mono JIT Code) UnityEngine.TestTools.BeforeAfterTestCommandBase`1/<ExecuteEnumerable>d__16<T_REF>:MoveNext () (at ./Library/PackageCache/com.unity.test-framework@40e262928427/UnityEngine.TestRunner/NUnitExtensions/Commands/BeforeAfterTestCommandBase.cs:212)
0x000001e9aa26b457 (Mono JIT Code) UnityEngine.TestTools.RetryCommand/<ExecuteEnumerable>d__2:MoveNext () (at ./Library/PackageCache/com.unity.test-framework@40e262928427/UnityEngine.TestRunner/NUnitExtensions/Commands/RetryCommand.cs:37)
0x000001e9aa269f2f (Mono JIT Code) UnityEngine.TestTools.RepeatCommand/<ExecuteEnumerable>d__2:MoveNext () (at ./Library/PackageCache/com.unity.test-framework@40e262928427/UnityEngine.TestRunner/NUnitExtensions/Commands/RepeatCommand.cs:36)
0x000001e9aa268fa6 (Mono JIT Code) UnityEngine.TestTools.IgnoreTestCommand/<ExecuteEnumerable>d__3:MoveNext () (at ./Library/PackageCache/com.unity.test-framework@40e262928427/UnityEngine.TestRunner/NUnitExtensions/Commands/IgnoreTestCommand.cs:42)
0x000001e9aa267c7f (Mono JIT Code) UnityEngine.TestTools.StrictCheckCommand/<ExecuteEnumerable>d__2:MoveNext () (at ./Library/PackageCache/com.unity.test-framework@40e262928427/UnityEngine.TestRunner/NUnitExtensions/Commands/StrictCheckCommand.cs:29)
0x000001e9aa266fe1 (Mono JIT Code) UnityEngine.TestRunner.NUnitExtensions.Runner.DefaultTestWorkItem/<PerformWork>d__2:MoveNext () (at ./Library/PackageCache/com.unity.test-framework@40e262928427/UnityEngine.TestRunner/NUnitExtensions/Runner/DefaultTestWorkItem.cs:50)
0x000001e9aa255e12 (Mono JIT Code) UnityEngine.TestRunner.NUnitExtensions.Runner.CompositeWorkItem/<RunChildren>d__17:MoveNext () (at ./Library/PackageCache/com.unity.test-framework@40e262928427/UnityEngine.TestRunner/NUnitExtensions/Runner/CompositeWorkItem.cs:207)
0x000001e9aa247756 (Mono JIT Code) UnityEngine.TestRunner.NUnitExtensions.Runner.CompositeWorkItem/<PerformWork>d__13:MoveNext () (at ./Library/PackageCache/com.unity.test-framework@40e262928427/UnityEngine.TestRunner/NUnitExtensions/Runner/CompositeWorkItem.cs:82)
0x000001e9aa255e12 (Mono JIT Code) UnityEngine.TestRunner.NUnitExtensions.Runner.CompositeWorkItem/<RunChildren>d__17:MoveNext () (at ./Library/PackageCache/com.unity.test-framework@40e262928427/UnityEngine.TestRunner/NUnitExtensions/Runner/CompositeWorkItem.cs:207)
0x000001e9aa247756 (Mono JIT Code) UnityEngine.TestRunner.NUnitExtensions.Runner.CompositeWorkItem/<PerformWork>d__13:MoveNext () (at ./Library/PackageCache/com.unity.test-framework@40e262928427/UnityEngine.TestRunner/NUnitExtensions/Runner/CompositeWorkItem.cs:82)
0x000001e9aa255e12 (Mono JIT Code) UnityEngine.TestRunner.NUnitExtensions.Runner.CompositeWorkItem/<RunChildren>d__17:MoveNext () (at ./Library/PackageCache/com.unity.test-framework@40e262928427/UnityEngine.TestRunner/NUnitExtensions/Runner/CompositeWorkItem.cs:207)
0x000001e9aa247756 (Mono JIT Code) UnityEngine.TestRunner.NUnitExtensions.Runner.CompositeWorkItem/<PerformWork>d__13:MoveNext () (at ./Library/PackageCache/com.unity.test-framework@40e262928427/UnityEngine.TestRunner/NUnitExtensions/Runner/CompositeWorkItem.cs:82)
0x000001e9aa245fcc (Mono JIT Code) UnityEditor.TestTools.TestRunner.EditModeRunner:MoveNextAndUpdateYieldObject () (at ./Library/PackageCache/com.unity.test-framework@40e262928427/UnityEditor.TestRunner/TestRunner/EditModeRunner.cs:167)
0x000001e9aa245b7b (Mono JIT Code) UnityEditor.TestTools.TestRunner.EditModeRunner:TestConsumer (UnityEditor.TestTools.TestRunner.TestRunnerStateSerializer) (at ./Library/PackageCache/com.unity.test-framework@40e262928427/UnityEditor.TestRunner/TestRunner/EditModeRunner.cs:200)
0x000001e9aa23c173 (Mono JIT Code) UnityEditor.TestTools.TestRunner.TestRun.Tasks.EditModeRunTask/<Execute>d__1:MoveNext () (at ./Library/PackageCache/com.unity.test-framework@40e262928427/UnityEditor.TestRunner/TestRun/Tasks/EditModeRunTask.cs:48)
0x000001e977129d5e (Mono JIT Code) UnityEditor.TestTools.TestRunner.TestRun.TestJobRunner:ExecuteStep () (at ./Library/PackageCache/com.unity.test-framework@40e262928427/UnityEditor.TestRunner/TestRun/TestJobRunner.cs:173)
0x000001e977128953 (Mono JIT Code) UnityEditor.TestTools.TestRunner.TestRun.TestJobRunner:ExecuteCallback () (at ./Library/PackageCache/com.unity.test-framework@40e262928427/UnityEditor.TestRunner/TestRun/TestJobRunner.cs:108)
0x000001e99df821b8 (Mono JIT Code) UnityEditor.EditorApplication:Internal_CallUpdateFunctions ()
0x000001e8e6514785 (Mono JIT Code) (wrapper runtime-invoke) object:runtime_invoke_void (object,intptr,intptr,intptr)
0x00007fff3fd16e7e (mono-2.0-bdwgc) mono_jit_runtime_invoke (at C:/build/output/Unity-Technologies/mono/mono/mini/mini-runtime.c:3445)
0x00007fff3fc58874 (mono-2.0-bdwgc) do_runtime_invoke (at C:/build/output/Unity-Technologies/mono/mono/metadata/object.c:3068)
0x00007fff3fc58960 (mono-2.0-bdwgc) mono_runtime_invoke (at C:/build/output/Unity-Technologies/mono/mono/metadata/object.c:3115)
0x00007fff38e4cea4 (Unity) scripting_method_invoke
0x00007fff38e25433 (Unity) ScriptingInvocation::Invoke
0x00007fff38e20b35 (Unity) ScriptingInvocation::Invoke<void>
0x00007fff38f8b4bb (Unity) Scripting::UnityEditor::EditorApplicationProxy::Internal_CallUpdateFunctions
0x00007fff3a07e0e4 (Unity) SceneTracker::Update
0x00007fff39be1247 (Unity) Application::TickTimer
0x00007fff3a1b25ac (Unity) MainMessageLoop
0x00007fff3a1b9d1c (Unity) UnityMain
0x00007ff68b302f2a (Unity) __scrt_common_main_seh
0x00007fffddade8d7 (KERNEL32) BaseThreadInitThunk
0x00007fffde88c53c (ntdll) RtlUserThreadStart

[MouseTracker] PlayerInputHandler not found. Mouse compensation will be disabled.
0x00007fff38f222ae (Unity) StackWalker::ShowCallstack
0x00007fff38f31ee9 (Unity) PlatformStacktrace::GetStacktrace
0x00007fff3a1ac04e (Unity) Stacktrace::GetStacktrace
0x00007fff3a7859df (Unity) DebugStringToFile
0x00007fff37fd2930 (Unity) DebugLogHandler_CUSTOM_Internal_Log
0x000001e9766cbd3e (Mono JIT Code) (wrapper managed-to-native) UnityEngine.DebugLogHandler:Internal_Log_Injected (UnityEngine.LogType,UnityEngine.LogOption,UnityEngine.Bindings.ManagedSpanWrapper&,intptr)
0x000001e9766cbb43 (Mono JIT Code) UnityEngine.DebugLogHandler:Internal_Log (UnityEngine.LogType,UnityEngine.LogOption,string,UnityEngine.Object)
0x000001e9766cb7fb (Mono JIT Code) UnityEngine.DebugLogHandler:LogFormat (UnityEngine.LogType,UnityEngine.Object,string,object[])
0x000001e9766ca6ae (Mono JIT Code) UnityEngine.Logger:Log (UnityEngine.LogType,object)
0x000001e9aa2b404d (Mono JIT Code) UnityEngine.Debug:LogWarning (object)
0x000001e9aa2b33ab (Mono JIT Code) MouseTracker:Initialize (RecoilSystem) (at C:/Users/Ubuntu/Desktop/_DEV/AFFECT-2025-10-11/Assets/_SCRIPTS/_PLAYER/Recoil/MouseTracker.cs:80)
0x000001e976d36246 (Mono JIT Code) RecoilSystem:InitializeModules () (at C:/Users/Ubuntu/Desktop/_DEV/AFFECT-2025-10-11/Assets/_SCRIPTS/_PLAYER/Recoil/RecoilSystem.cs:203)
0x000001e976d33eb3 (Mono JIT Code) RecoilSystem:Initialize () (at C:/Users/Ubuntu/Desktop/_DEV/AFFECT-2025-10-11/Assets/_SCRIPTS/_PLAYER/Recoil/RecoilSystem.cs:165)
0x000001e976d333a3 (Mono JIT Code) RecoilSystem:ForceInitializeForTesting () (at C:/Users/Ubuntu/Desktop/_DEV/AFFECT-2025-10-11/Assets/_SCRIPTS/_PLAYER/Recoil/RecoilSystem.cs:632)
0x000001e976d3c213 (Mono JIT Code) RecoilSystemProperties:Property13_GracefulModuleDegradation () (at C:/Users/Ubuntu/Desktop/_DEV/AFFECT-2025-10-11/Assets/_SCRIPTS/Editor/Properties/RecoilSystemProperties.cs:269)
0x000001e9aa264548 (Mono JIT Code) (wrapper runtime-invoke) object:runtime_invoke_void__this__ (object,intptr,intptr,intptr)
0x00007fff3fd16e7e (mono-2.0-bdwgc) mono_jit_runtime_invoke (at C:/build/output/Unity-Technologies/mono/mono/mini/mini-runtime.c:3445)
0x00007fff3fc58874 (mono-2.0-bdwgc) do_runtime_invoke (at C:/build/output/Unity-Technologies/mono/mono/metadata/object.c:3068)
0x00007fff3fc5f926 (mono-2.0-bdwgc) mono_runtime_try_invoke_array (at C:/build/output/Unity-Technologies/mono/mono/metadata/object.c:5774)
0x00007fff3fb91b81 (mono-2.0-bdwgc) ves_icall_InternalInvoke (at C:/build/output/Unity-Technologies/mono/mono/metadata/icall.c:4038)
0x00007fff3fbb7e31 (mono-2.0-bdwgc) ves_icall_InternalInvoke_raw (at C:/build/output/Unity-Technologies/mono/mono/metadata/icall-def.h:692)
0x000001e8e22b0f92 (Mono JIT Code) (wrapper managed-to-native) System.Reflection.RuntimeMethodInfo:InternalInvoke (System.Reflection.RuntimeMethodInfo,object,object[],System.Exception&)
0x000001e8e3c7ea73 (Mono JIT Code) System.Reflection.RuntimeMethodInfo:Invoke (object,System.Reflection.BindingFlags,System.Reflection.Binder,object[],System.Globalization.CultureInfo)
0x000001e8db9555ef (Mono JIT Code) System.Reflection.MethodBase:Invoke (object,object[])
0x000001e9aa26e783 (Mono JIT Code) NUnit.Framework.Internal.Reflect:InvokeMethod (System.Reflection.MethodInfo,object,object[])
0x000001e9aa2760ab (Mono JIT Code) NUnit.Framework.Internal.MethodWrapper:Invoke (object,object[])
0x000001e9aa275f8a (Mono JIT Code) NUnit.Framework.Internal.Commands.TestMethodCommand:RunNonAsyncTestMethod (NUnit.Framework.Internal.ITestExecutionContext)
0x000001e9aa275dd3 (Mono JIT Code) NUnit.Framework.Internal.Commands.TestMethodCommand:RunTestMethod (NUnit.Framework.Internal.ITestExecutionContext)
0x000001e9aa275973 (Mono JIT Code) NUnit.Framework.Internal.Commands.TestMethodCommand:Execute (NUnit.Framework.Internal.ITestExecutionContext)
0x000001e9aa27556b (Mono JIT Code) UnityEngine.TestTools.UnityTestMethodCommand:Execute (NUnit.Framework.Internal.ITestExecutionContext) (at ./Library/PackageCache/com.unity.test-framework@40e262928427/UnityEngine.TestRunner/NUnitExtensions/Commands/UnityTestMethodCommand.cs:19)
0x000001e9aa2752fb (Mono JIT Code) UnityEngine.TestRunner.NUnitExtensions.Runner.UnityLogCheckDelegatingCommand/<>c__DisplayClass2_0:<Execute>b__0 () (at ./Library/PackageCache/com.unity.test-framework@40e262928427/UnityEngine.TestRunner/NUnitExtensions/Runner/UnityLogCheckDelegatingCommand.cs:24)
0x000001e9aa275123 (Mono JIT Code) UnityEngine.TestRunner.NUnitExtensions.Runner.UnityLogCheckDelegatingCommand:CaptureException (NUnit.Framework.Internal.TestResult,System.Action) (at ./Library/PackageCache/com.unity.test-framework@40e262928427/UnityEngine.TestRunner/NUnitExtensions/Runner/UnityLogCheckDelegatingCommand.cs:72)
0x000001e9aa274fb3 (Mono JIT Code) UnityEngine.TestRunner.NUnitExtensions.Runner.UnityLogCheckDelegatingCommand:ExecuteAndCheckLog (UnityEngine.TestTools.Logging.LogScope,NUnit.Framework.Internal.TestResult,System.Action) (at ./Library/PackageCache/com.unity.test-framework@40e262928427/UnityEngine.TestRunner/NUnitExtensions/Runner/UnityLogCheckDelegatingCommand.cs:83)
0x000001e9aa274c3b (Mono JIT Code) UnityEngine.TestRunner.NUnitExtensions.Runner.UnityLogCheckDelegatingCommand:Execute (NUnit.Framework.Internal.ITestExecutionContext) (at ./Library/PackageCache/com.unity.test-framework@40e262928427/UnityEngine.TestRunner/NUnitExtensions/Runner/UnityLogCheckDelegatingCommand.cs:24)
0x000001e9aa273c19 (Mono JIT Code) UnityEngine.TestRunner.NUnitExtensions.Runner.UnityLogCheckDelegatingCommand/<ExecuteEnumerable>d__3:MoveNext () (at ./Library/PackageCache/com.unity.test-framework@40e262928427/UnityEngine.TestRunner/NUnitExtensions/Runner/UnityLogCheckDelegatingCommand.cs:35)
0x000001e9aa251e01 (Mono JIT Code) UnityEngine.TestTools.BeforeAfterTestCommandBase`1/<ExecuteEnumerable>d__16<T_REF>:MoveNext () (at ./Library/PackageCache/com.unity.test-framework@40e262928427/UnityEngine.TestRunner/NUnitExtensions/Commands/BeforeAfterTestCommandBase.cs:212)
0x000001e9aa272fb6 (Mono JIT Code) UnityEngine.TestTools.ImmediateEnumerableCommand:Execute (NUnit.Framework.Internal.ITestExecutionContext) (at ./Library/PackageCache/com.unity.test-framework@40e262928427/UnityEngine.TestRunner/NUnitExtensions/Commands/ImmediateEnumerableCommand.cs:18)
0x000001e9aa251f01 (Mono JIT Code) UnityEngine.TestTools.BeforeAfterTestCommandBase`1/<ExecuteEnumerable>d__16<T_REF>:MoveNext () (at ./Library/PackageCache/com.unity.test-framework@40e262928427/UnityEngine.TestRunner/NUnitExtensions/Commands/BeforeAfterTestCommandBase.cs:219)
0x000001e9aa251e01 (Mono JIT Code) UnityEngine.TestTools.BeforeAfterTestCommandBase`1/<ExecuteEnumerable>d__16<T_REF>:MoveNext () (at ./Library/PackageCache/com.unity.test-framework@40e262928427/UnityEngine.TestRunner/NUnitExtensions/Commands/BeforeAfterTestCommandBase.cs:212)
0x000001e9aa251e01 (Mono JIT Code) UnityEngine.TestTools.BeforeAfterTestCommandBase`1/<ExecuteEnumerable>d__16<T_REF>:MoveNext () (at ./Library/PackageCache/com.unity.test-framework@40e262928427/UnityEngine.TestRunner/NUnitExtensions/Commands/BeforeAfterTestCommandBase.cs:212)
0x000001e9aa26b457 (Mono JIT Code) UnityEngine.TestTools.RetryCommand/<ExecuteEnumerable>d__2:MoveNext () (at ./Library/PackageCache/com.unity.test-framework@40e262928427/UnityEngine.TestRunner/NUnitExtensions/Commands/RetryCommand.cs:37)
0x000001e9aa269f2f (Mono JIT Code) UnityEngine.TestTools.RepeatCommand/<ExecuteEnumerable>d__2:MoveNext () (at ./Library/PackageCache/com.unity.test-framework@40e262928427/UnityEngine.TestRunner/NUnitExtensions/Commands/RepeatCommand.cs:36)
0x000001e9aa268fa6 (Mono JIT Code) UnityEngine.TestTools.IgnoreTestCommand/<ExecuteEnumerable>d__3:MoveNext () (at ./Library/PackageCache/com.unity.test-framework@40e262928427/UnityEngine.TestRunner/NUnitExtensions/Commands/IgnoreTestCommand.cs:42)
0x000001e9aa267c7f (Mono JIT Code) UnityEngine.TestTools.StrictCheckCommand/<ExecuteEnumerable>d__2:MoveNext () (at ./Library/PackageCache/com.unity.test-framework@40e262928427/UnityEngine.TestRunner/NUnitExtensions/Commands/StrictCheckCommand.cs:29)
0x000001e9aa266fe1 (Mono JIT Code) UnityEngine.TestRunner.NUnitExtensions.Runner.DefaultTestWorkItem/<PerformWork>d__2:MoveNext () (at ./Library/PackageCache/com.unity.test-framework@40e262928427/UnityEngine.TestRunner/NUnitExtensions/Runner/DefaultTestWorkItem.cs:50)
0x000001e9aa255e12 (Mono JIT Code) UnityEngine.TestRunner.NUnitExtensions.Runner.CompositeWorkItem/<RunChildren>d__17:MoveNext () (at ./Library/PackageCache/com.unity.test-framework@40e262928427/UnityEngine.TestRunner/NUnitExtensions/Runner/CompositeWorkItem.cs:207)
0x000001e9aa247756 (Mono JIT Code) UnityEngine.TestRunner.NUnitExtensions.Runner.CompositeWorkItem/<PerformWork>d__13:MoveNext () (at ./Library/PackageCache/com.unity.test-framework@40e262928427/UnityEngine.TestRunner/NUnitExtensions/Runner/CompositeWorkItem.cs:82)
0x000001e9aa255e12 (Mono JIT Code) UnityEngine.TestRunner.NUnitExtensions.Runner.CompositeWorkItem/<RunChildren>d__17:MoveNext () (at ./Library/PackageCache/com.unity.test-framework@40e262928427/UnityEngine.TestRunner/NUnitExtensions/Runner/CompositeWorkItem.cs:207)
0x000001e9aa247756 (Mono JIT Code) UnityEngine.TestRunner.NUnitExtensions.Runner.CompositeWorkItem/<PerformWork>d__13:MoveNext () (at ./Library/PackageCache/com.unity.test-framework@40e262928427/UnityEngine.TestRunner/NUnitExtensions/Runner/CompositeWorkItem.cs:82)
0x000001e9aa255e12 (Mono JIT Code) UnityEngine.TestRunner.NUnitExtensions.Runner.CompositeWorkItem/<RunChildren>d__17:MoveNext () (at ./Library/PackageCache/com.unity.test-framework@40e262928427/UnityEngine.TestRunner/NUnitExtensions/Runner/CompositeWorkItem.cs:207)
0x000001e9aa247756 (Mono JIT Code) UnityEngine.TestRunner.NUnitExtensions.Runner.CompositeWorkItem/<PerformWork>d__13:MoveNext () (at ./Library/PackageCache/com.unity.test-framework@40e262928427/UnityEngine.TestRunner/NUnitExtensions/Runner/CompositeWorkItem.cs:82)
0x000001e9aa245fcc (Mono JIT Code) UnityEditor.TestTools.TestRunner.EditModeRunner:MoveNextAndUpdateYieldObject () (at ./Library/PackageCache/com.unity.test-framework@40e262928427/UnityEditor.TestRunner/TestRunner/EditModeRunner.cs:167)
0x000001e9aa245b7b (Mono JIT Code) UnityEditor.TestTools.TestRunner.EditModeRunner:TestConsumer (UnityEditor.TestTools.TestRunner.TestRunnerStateSerializer) (at ./Library/PackageCache/com.unity.test-framework@40e262928427/UnityEditor.TestRunner/TestRunner/EditModeRunner.cs:200)
0x000001e9aa23c173 (Mono JIT Code) UnityEditor.TestTools.TestRunner.TestRun.Tasks.EditModeRunTask/<Execute>d__1:MoveNext () (at ./Library/PackageCache/com.unity.test-framework@40e262928427/UnityEditor.TestRunner/TestRun/Tasks/EditModeRunTask.cs:48)
0x000001e977129d5e (Mono JIT Code) UnityEditor.TestTools.TestRunner.TestRun.TestJobRunner:ExecuteStep () (at ./Library/PackageCache/com.unity.test-framework@40e262928427/UnityEditor.TestRunner/TestRun/TestJobRunner.cs:173)
0x000001e977128953 (Mono JIT Code) UnityEditor.TestTools.TestRunner.TestRun.TestJobRunner:ExecuteCallback () (at ./Library/PackageCache/com.unity.test-framework@40e262928427/UnityEditor.TestRunner/TestRun/TestJobRunner.cs:108)
0x000001e99df821b8 (Mono JIT Code) UnityEditor.EditorApplication:Internal_CallUpdateFunctions ()
0x000001e8e6514785 (Mono JIT Code) (wrapper runtime-invoke) object:runtime_invoke_void (object,intptr,intptr,intptr)
0x00007fff3fd16e7e (mono-2.0-bdwgc) mono_jit_runtime_invoke (at C:/build/output/Unity-Technologies/mono/mono/mini/mini-runtime.c:3445)
0x00007fff3fc58874 (mono-2.0-bdwgc) do_runtime_invoke (at C:/build/output/Unity-Technologies/mono/mono/metadata/object.c:3068)
0x00007fff3fc58960 (mono-2.0-bdwgc) mono_runtime_invoke (at C:/build/output/Unity-Technologies/mono/mono/metadata/object.c:3115)
0x00007fff38e4cea4 (Unity) scripting_method_invoke
0x00007fff38e25433 (Unity) ScriptingInvocation::Invoke
0x00007fff38e20b35 (Unity) ScriptingInvocation::Invoke<void>
0x00007fff38f8b4bb (Unity) Scripting::UnityEditor::EditorApplicationProxy::Internal_CallUpdateFunctions
0x00007fff3a07e0e4 (Unity) SceneTracker::Update
0x00007fff39be1247 (Unity) Application::TickTimer
0x00007fff3a1b25ac (Unity) MainMessageLoop
0x00007fff3a1b9d1c (Unity) UnityMain
0x00007ff68b302f2a (Unity) __scrt_common_main_seh
0x00007fffddade8d7 (KERNEL32) BaseThreadInitThunk
0x00007fffde88c53c (ntdll) RtlUserThreadStart

[MouseTracker] PlayerInputHandler not found. Mouse compensation will be disabled.
0x00007fff38f222ae (Unity) StackWalker::ShowCallstack
0x00007fff38f31ee9 (Unity) PlatformStacktrace::GetStacktrace
0x00007fff3a1ac04e (Unity) Stacktrace::GetStacktrace
0x00007fff3a7859df (Unity) DebugStringToFile
0x00007fff37fd2930 (Unity) DebugLogHandler_CUSTOM_Internal_Log
0x000001e9766cbd3e (Mono JIT Code) (wrapper managed-to-native) UnityEngine.DebugLogHandler:Internal_Log_Injected (UnityEngine.LogType,UnityEngine.LogOption,UnityEngine.Bindings.ManagedSpanWrapper&,intptr)
0x000001e9766cbb43 (Mono JIT Code) UnityEngine.DebugLogHandler:Internal_Log (UnityEngine.LogType,UnityEngine.LogOption,string,UnityEngine.Object)
0x000001e9766cb7fb (Mono JIT Code) UnityEngine.DebugLogHandler:LogFormat (UnityEngine.LogType,UnityEngine.Object,string,object[])
0x000001e9766ca6ae (Mono JIT Code) UnityEngine.Logger:Log (UnityEngine.LogType,object)
0x000001e9aa2b404d (Mono JIT Code) UnityEngine.Debug:LogWarning (object)
0x000001e9aa2b33ab (Mono JIT Code) MouseTracker:Initialize (RecoilSystem) (at C:/Users/Ubuntu/Desktop/_DEV/AFFECT-2025-10-11/Assets/_SCRIPTS/_PLAYER/Recoil/MouseTracker.cs:80)
0x000001e976d36246 (Mono JIT Code) RecoilSystem:InitializeModules () (at C:/Users/Ubuntu/Desktop/_DEV/AFFECT-2025-10-11/Assets/_SCRIPTS/_PLAYER/Recoil/RecoilSystem.cs:203)
0x000001e976d33eb3 (Mono JIT Code) RecoilSystem:Initialize () (at C:/Users/Ubuntu/Desktop/_DEV/AFFECT-2025-10-11/Assets/_SCRIPTS/_PLAYER/Recoil/RecoilSystem.cs:165)
0x000001e976d333a3 (Mono JIT Code) RecoilSystem:ForceInitializeForTesting () (at C:/Users/Ubuntu/Desktop/_DEV/AFFECT-2025-10-11/Assets/_SCRIPTS/_PLAYER/Recoil/RecoilSystem.cs:632)
0x000001e976d3c213 (Mono JIT Code) RecoilSystemProperties:Property13_GracefulModuleDegradation () (at C:/Users/Ubuntu/Desktop/_DEV/AFFECT-2025-10-11/Assets/_SCRIPTS/Editor/Properties/RecoilSystemProperties.cs:269)
0x000001e9aa264548 (Mono JIT Code) (wrapper runtime-invoke) object:runtime_invoke_void__this__ (object,intptr,intptr,intptr)
0x00007fff3fd16e7e (mono-2.0-bdwgc) mono_jit_runtime_invoke (at C:/build/output/Unity-Technologies/mono/mono/mini/mini-runtime.c:3445)
0x00007fff3fc58874 (mono-2.0-bdwgc) do_runtime_invoke (at C:/build/output/Unity-Technologies/mono/mono/metadata/object.c:3068)
0x00007fff3fc5f926 (mono-2.0-bdwgc) mono_runtime_try_invoke_array (at C:/build/output/Unity-Technologies/mono/mono/metadata/object.c:5774)
0x00007fff3fb91b81 (mono-2.0-bdwgc) ves_icall_InternalInvoke (at C:/build/output/Unity-Technologies/mono/mono/metadata/icall.c:4038)
0x00007fff3fbb7e31 (mono-2.0-bdwgc) ves_icall_InternalInvoke_raw (at C:/build/output/Unity-Technologies/mono/mono/metadata/icall-def.h:692)
0x000001e8e22b0f92 (Mono JIT Code) (wrapper managed-to-native) System.Reflection.RuntimeMethodInfo:InternalInvoke (System.Reflection.RuntimeMethodInfo,object,object[],System.Exception&)
0x000001e8e3c7ea73 (Mono JIT Code) System.Reflection.RuntimeMethodInfo:Invoke (object,System.Reflection.BindingFlags,System.Reflection.Binder,object[],System.Globalization.CultureInfo)
0x000001e8db9555ef (Mono JIT Code) System.Reflection.MethodBase:Invoke (object,object[])
0x000001e9aa26e783 (Mono JIT Code) NUnit.Framework.Internal.Reflect:InvokeMethod (System.Reflection.MethodInfo,object,object[])
0x000001e9aa2760ab (Mono JIT Code) NUnit.Framework.Internal.MethodWrapper:Invoke (object,object[])
0x000001e9aa275f8a (Mono JIT Code) NUnit.Framework.Internal.Commands.TestMethodCommand:RunNonAsyncTestMethod (NUnit.Framework.Internal.ITestExecutionContext)
0x000001e9aa275dd3 (Mono JIT Code) NUnit.Framework.Internal.Commands.TestMethodCommand:RunTestMethod (NUnit.Framework.Internal.ITestExecutionContext)
0x000001e9aa275973 (Mono JIT Code) NUnit.Framework.Internal.Commands.TestMethodCommand:Execute (NUnit.Framework.Internal.ITestExecutionContext)
0x000001e9aa27556b (Mono JIT Code) UnityEngine.TestTools.UnityTestMethodCommand:Execute (NUnit.Framework.Internal.ITestExecutionContext) (at ./Library/PackageCache/com.unity.test-framework@40e262928427/UnityEngine.TestRunner/NUnitExtensions/Commands/UnityTestMethodCommand.cs:19)
0x000001e9aa2752fb (Mono JIT Code) UnityEngine.TestRunner.NUnitExtensions.Runner.UnityLogCheckDelegatingCommand/<>c__DisplayClass2_0:<Execute>b__0 () (at ./Library/PackageCache/com.unity.test-framework@40e262928427/UnityEngine.TestRunner/NUnitExtensions/Runner/UnityLogCheckDelegatingCommand.cs:24)
0x000001e9aa275123 (Mono JIT Code) UnityEngine.TestRunner.NUnitExtensions.Runner.UnityLogCheckDelegatingCommand:CaptureException (NUnit.Framework.Internal.TestResult,System.Action) (at ./Library/PackageCache/com.unity.test-framework@40e262928427/UnityEngine.TestRunner/NUnitExtensions/Runner/UnityLogCheckDelegatingCommand.cs:72)
0x000001e9aa274fb3 (Mono JIT Code) UnityEngine.TestRunner.NUnitExtensions.Runner.UnityLogCheckDelegatingCommand:ExecuteAndCheckLog (UnityEngine.TestTools.Logging.LogScope,NUnit.Framework.Internal.TestResult,System.Action) (at ./Library/PackageCache/com.unity.test-framework@40e262928427/UnityEngine.TestRunner/NUnitExtensions/Runner/UnityLogCheckDelegatingCommand.cs:83)
0x000001e9aa274c3b (Mono JIT Code) UnityEngine.TestRunner.NUnitExtensions.Runner.UnityLogCheckDelegatingCommand:Execute (NUnit.Framework.Internal.ITestExecutionContext) (at ./Library/PackageCache/com.unity.test-framework@40e262928427/UnityEngine.TestRunner/NUnitExtensions/Runner/UnityLogCheckDelegatingCommand.cs:24)
0x000001e9aa273c19 (Mono JIT Code) UnityEngine.TestRunner.NUnitExtensions.Runner.UnityLogCheckDelegatingCommand/<ExecuteEnumerable>d__3:MoveNext () (at ./Library/PackageCache/com.unity.test-framework@40e262928427/UnityEngine.TestRunner/NUnitExtensions/Runner/UnityLogCheckDelegatingCommand.cs:35)
0x000001e9aa251e01 (Mono JIT Code) UnityEngine.TestTools.BeforeAfterTestCommandBase`1/<ExecuteEnumerable>d__16<T_REF>:MoveNext () (at ./Library/PackageCache/com.unity.test-framework@40e262928427/UnityEngine.TestRunner/NUnitExtensions/Commands/BeforeAfterTestCommandBase.cs:212)
0x000001e9aa272fb6 (Mono JIT Code) UnityEngine.TestTools.ImmediateEnumerableCommand:Execute (NUnit.Framework.Internal.ITestExecutionContext) (at ./Library/PackageCache/com.unity.test-framework@40e262928427/UnityEngine.TestRunner/NUnitExtensions/Commands/ImmediateEnumerableCommand.cs:18)
0x000001e9aa251f01 (Mono JIT Code) UnityEngine.TestTools.BeforeAfterTestCommandBase`1/<ExecuteEnumerable>d__16<T_REF>:MoveNext () (at ./Library/PackageCache/com.unity.test-framework@40e262928427/UnityEngine.TestRunner/NUnitExtensions/Commands/BeforeAfterTestCommandBase.cs:219)
0x000001e9aa251e01 (Mono JIT Code) UnityEngine.TestTools.BeforeAfterTestCommandBase`1/<ExecuteEnumerable>d__16<T_REF>:MoveNext () (at ./Library/PackageCache/com.unity.test-framework@40e262928427/UnityEngine.TestRunner/NUnitExtensions/Commands/BeforeAfterTestCommandBase.cs:212)
0x000001e9aa251e01 (Mono JIT Code) UnityEngine.TestTools.BeforeAfterTestCommandBase`1/<ExecuteEnumerable>d__16<T_REF>:MoveNext () (at ./Library/PackageCache/com.unity.test-framework@40e262928427/UnityEngine.TestRunner/NUnitExtensions/Commands/BeforeAfterTestCommandBase.cs:212)
0x000001e9aa26b457 (Mono JIT Code) UnityEngine.TestTools.RetryCommand/<ExecuteEnumerable>d__2:MoveNext () (at ./Library/PackageCache/com.unity.test-framework@40e262928427/UnityEngine.TestRunner/NUnitExtensions/Commands/RetryCommand.cs:37)
0x000001e9aa269f2f (Mono JIT Code) UnityEngine.TestTools.RepeatCommand/<ExecuteEnumerable>d__2:MoveNext () (at ./Library/PackageCache/com.unity.test-framework@40e262928427/UnityEngine.TestRunner/NUnitExtensions/Commands/RepeatCommand.cs:36)
0x000001e9aa268fa6 (Mono JIT Code) UnityEngine.TestTools.IgnoreTestCommand/<ExecuteEnumerable>d__3:MoveNext () (at ./Library/PackageCache/com.unity.test-framework@40e262928427/UnityEngine.TestRunner/NUnitExtensions/Commands/IgnoreTestCommand.cs:42)
0x000001e9aa267c7f (Mono JIT Code) UnityEngine.TestTools.StrictCheckCommand/<ExecuteEnumerable>d__2:MoveNext () (at ./Library/PackageCache/com.unity.test-framework@40e262928427/UnityEngine.TestRunner/NUnitExtensions/Commands/StrictCheckCommand.cs:29)
0x000001e9aa266fe1 (Mono JIT Code) UnityEngine.TestRunner.NUnitExtensions.Runner.DefaultTestWorkItem/<PerformWork>d__2:MoveNext () (at ./Library/PackageCache/com.unity.test-framework@40e262928427/UnityEngine.TestRunner/NUnitExtensions/Runner/DefaultTestWorkItem.cs:50)
0x000001e9aa255e12 (Mono JIT Code) UnityEngine.TestRunner.NUnitExtensions.Runner.CompositeWorkItem/<RunChildren>d__17:MoveNext () (at ./Library/PackageCache/com.unity.test-framework@40e262928427/UnityEngine.TestRunner/NUnitExtensions/Runner/CompositeWorkItem.cs:207)
0x000001e9aa247756 (Mono JIT Code) UnityEngine.TestRunner.NUnitExtensions.Runner.CompositeWorkItem/<PerformWork>d__13:MoveNext () (at ./Library/PackageCache/com.unity.test-framework@40e262928427/UnityEngine.TestRunner/NUnitExtensions/Runner/CompositeWorkItem.cs:82)
0x000001e9aa255e12 (Mono JIT Code) UnityEngine.TestRunner.NUnitExtensions.Runner.CompositeWorkItem/<RunChildren>d__17:MoveNext () (at ./Library/PackageCache/com.unity.test-framework@40e262928427/UnityEngine.TestRunner/NUnitExtensions/Runner/CompositeWorkItem.cs:207)
0x000001e9aa247756 (Mono JIT Code) UnityEngine.TestRunner.NUnitExtensions.Runner.CompositeWorkItem/<PerformWork>d__13:MoveNext () (at ./Library/PackageCache/com.unity.test-framework@40e262928427/UnityEngine.TestRunner/NUnitExtensions/Runner/CompositeWorkItem.cs:82)
0x000001e9aa255e12 (Mono JIT Code) UnityEngine.TestRunner.NUnitExtensions.Runner.CompositeWorkItem/<RunChildren>d__17:MoveNext () (at ./Library/PackageCache/com.unity.test-framework@40e262928427/UnityEngine.TestRunner/NUnitExtensions/Runner/CompositeWorkItem.cs:207)
0x000001e9aa247756 (Mono JIT Code) UnityEngine.TestRunner.NUnitExtensions.Runner.CompositeWorkItem/<PerformWork>d__13:MoveNext () (at ./Library/PackageCache/com.unity.test-framework@40e262928427/UnityEngine.TestRunner/NUnitExtensions/Runner/CompositeWorkItem.cs:82)
0x000001e9aa245fcc (Mono JIT Code) UnityEditor.TestTools.TestRunner.EditModeRunner:MoveNextAndUpdateYieldObject () (at ./Library/PackageCache/com.unity.test-framework@40e262928427/UnityEditor.TestRunner/TestRunner/EditModeRunner.cs:167)
0x000001e9aa245b7b (Mono JIT Code) UnityEditor.TestTools.TestRunner.EditModeRunner:TestConsumer (UnityEditor.TestTools.TestRunner.TestRunnerStateSerializer) (at ./Library/PackageCache/com.unity.test-framework@40e262928427/UnityEditor.TestRunner/TestRunner/EditModeRunner.cs:200)
0x000001e9aa23c173 (Mono JIT Code) UnityEditor.TestTools.TestRunner.TestRun.Tasks.EditModeRunTask/<Execute>d__1:MoveNext () (at ./Library/PackageCache/com.unity.test-framework@40e262928427/UnityEditor.TestRunner/TestRun/Tasks/EditModeRunTask.cs:48)
0x000001e977129d5e (Mono JIT Code) UnityEditor.TestTools.TestRunner.TestRun.TestJobRunner:ExecuteStep () (at ./Library/PackageCache/com.unity.test-framework@40e262928427/UnityEditor.TestRunner/TestRun/TestJobRunner.cs:173)
0x000001e977128953 (Mono JIT Code) UnityEditor.TestTools.TestRunner.TestRun.TestJobRunner:ExecuteCallback () (at ./Library/PackageCache/com.unity.test-framework@40e262928427/UnityEditor.TestRunner/TestRun/TestJobRunner.cs:108)
0x000001e99df821b8 (Mono JIT Code) UnityEditor.EditorApplication:Internal_CallUpdateFunctions ()
0x000001e8e6514785 (Mono JIT Code) (wrapper runtime-invoke) object:runtime_invoke_void (object,intptr,intptr,intptr)
0x00007fff3fd16e7e (mono-2.0-bdwgc) mono_jit_runtime_invoke (at C:/build/output/Unity-Technologies/mono/mono/mini/mini-runtime.c:3445)
0x00007fff3fc58874 (mono-2.0-bdwgc) do_runtime_invoke (at C:/build/output/Unity-Technologies/mono/mono/metadata/object.c:3068)
0x00007fff3fc58960 (mono-2.0-bdwgc) mono_runtime_invoke (at C:/build/output/Unity-Technologies/mono/mono/metadata/object.c:3115)
0x00007fff38e4cea4 (Unity) scripting_method_invoke
0x00007fff38e25433 (Unity) ScriptingInvocation::Invoke
0x00007fff38e20b35 (Unity) ScriptingInvocation::Invoke<void>
0x00007fff38f8b4bb (Unity) Scripting::UnityEditor::EditorApplicationProxy::Internal_CallUpdateFunctions
0x00007fff3a07e0e4 (Unity) SceneTracker::Update
0x00007fff39be1247 (Unity) Application::TickTimer
0x00007fff3a1b25ac (Unity) MainMessageLoop
0x00007fff3a1b9d1c (Unity) UnityMain
0x00007ff68b302f2a (Unity) __scrt_common_main_seh
0x00007fffddade8d7 (KERNEL32) BaseThreadInitThunk
0x00007fffde88c53c (ntdll) RtlUserThreadStart

[MouseTracker] PlayerInputHandler not found. Mouse compensation will be disabled.
0x00007fff38f222ae (Unity) StackWalker::ShowCallstack
0x00007fff38f31ee9 (Unity) PlatformStacktrace::GetStacktrace
0x00007fff3a1ac04e (Unity) Stacktrace::GetStacktrace
0x00007fff3a7859df (Unity) DebugStringToFile
0x00007fff37fd2930 (Unity) DebugLogHandler_CUSTOM_Internal_Log
0x000001e9766cbd3e (Mono JIT Code) (wrapper managed-to-native) UnityEngine.DebugLogHandler:Internal_Log_Injected (UnityEngine.LogType,UnityEngine.LogOption,UnityEngine.Bindings.ManagedSpanWrapper&,intptr)
0x000001e9766cbb43 (Mono JIT Code) UnityEngine.DebugLogHandler:Internal_Log (UnityEngine.LogType,UnityEngine.LogOption,string,UnityEngine.Object)
0x000001e9766cb7fb (Mono JIT Code) UnityEngine.DebugLogHandler:LogFormat (UnityEngine.LogType,UnityEngine.Object,string,object[])
0x000001e9766ca6ae (Mono JIT Code) UnityEngine.Logger:Log (UnityEngine.LogType,object)
0x000001e9aa2b404d (Mono JIT Code) UnityEngine.Debug:LogWarning (object)
0x000001e9aa2b33ab (Mono JIT Code) MouseTracker:Initialize (RecoilSystem) (at C:/Users/Ubuntu/Desktop/_DEV/AFFECT-2025-10-11/Assets/_SCRIPTS/_PLAYER/Recoil/MouseTracker.cs:80)
0x000001e976d36246 (Mono JIT Code) RecoilSystem:InitializeModules () (at C:/Users/Ubuntu/Desktop/_DEV/AFFECT-2025-10-11/Assets/_SCRIPTS/_PLAYER/Recoil/RecoilSystem.cs:203)
0x000001e976d33eb3 (Mono JIT Code) RecoilSystem:Initialize () (at C:/Users/Ubuntu/Desktop/_DEV/AFFECT-2025-10-11/Assets/_SCRIPTS/_PLAYER/Recoil/RecoilSystem.cs:165)
0x000001e976d333a3 (Mono JIT Code) RecoilSystem:ForceInitializeForTesting () (at C:/Users/Ubuntu/Desktop/_DEV/AFFECT-2025-10-11/Assets/_SCRIPTS/_PLAYER/Recoil/RecoilSystem.cs:632)
0x000001e976d3c213 (Mono JIT Code) RecoilSystemProperties:Property13_GracefulModuleDegradation () (at C:/Users/Ubuntu/Desktop/_DEV/AFFECT-2025-10-11/Assets/_SCRIPTS/Editor/Properties/RecoilSystemProperties.cs:269)
0x000001e9aa264548 (Mono JIT Code) (wrapper runtime-invoke) object:runtime_invoke_void__this__ (object,intptr,intptr,intptr)
0x00007fff3fd16e7e (mono-2.0-bdwgc) mono_jit_runtime_invoke (at C:/build/output/Unity-Technologies/mono/mono/mini/mini-runtime.c:3445)
0x00007fff3fc58874 (mono-2.0-bdwgc) do_runtime_invoke (at C:/build/output/Unity-Technologies/mono/mono/metadata/object.c:3068)
0x00007fff3fc5f926 (mono-2.0-bdwgc) mono_runtime_try_invoke_array (at C:/build/output/Unity-Technologies/mono/mono/metadata/object.c:5774)
0x00007fff3fb91b81 (mono-2.0-bdwgc) ves_icall_InternalInvoke (at C:/build/output/Unity-Technologies/mono/mono/metadata/icall.c:4038)
0x00007fff3fbb7e31 (mono-2.0-bdwgc) ves_icall_InternalInvoke_raw (at C:/build/output/Unity-Technologies/mono/mono/metadata/icall-def.h:692)
0x000001e8e22b0f92 (Mono JIT Code) (wrapper managed-to-native) System.Reflection.RuntimeMethodInfo:InternalInvoke (System.Reflection.RuntimeMethodInfo,object,object[],System.Exception&)
0x000001e8e3c7ea73 (Mono JIT Code) System.Reflection.RuntimeMethodInfo:Invoke (object,System.Reflection.BindingFlags,System.Reflection.Binder,object[],System.Globalization.CultureInfo)
0x000001e8db9555ef (Mono JIT Code) System.Reflection.MethodBase:Invoke (object,object[])
0x000001e9aa26e783 (Mono JIT Code) NUnit.Framework.Internal.Reflect:InvokeMethod (System.Reflection.MethodInfo,object,object[])
0x000001e9aa2760ab (Mono JIT Code) NUnit.Framework.Internal.MethodWrapper:Invoke (object,object[])
0x000001e9aa275f8a (Mono JIT Code) NUnit.Framework.Internal.Commands.TestMethodCommand:RunNonAsyncTestMethod (NUnit.Framework.Internal.ITestExecutionContext)
0x000001e9aa275dd3 (Mono JIT Code) NUnit.Framework.Internal.Commands.TestMethodCommand:RunTestMethod (NUnit.Framework.Internal.ITestExecutionContext)
0x000001e9aa275973 (Mono JIT Code) NUnit.Framework.Internal.Commands.TestMethodCommand:Execute (NUnit.Framework.Internal.ITestExecutionContext)
0x000001e9aa27556b (Mono JIT Code) UnityEngine.TestTools.UnityTestMethodCommand:Execute (NUnit.Framework.Internal.ITestExecutionContext) (at ./Library/PackageCache/com.unity.test-framework@40e262928427/UnityEngine.TestRunner/NUnitExtensions/Commands/UnityTestMethodCommand.cs:19)
0x000001e9aa2752fb (Mono JIT Code) UnityEngine.TestRunner.NUnitExtensions.Runner.UnityLogCheckDelegatingCommand/<>c__DisplayClass2_0:<Execute>b__0 () (at ./Library/PackageCache/com.unity.test-framework@40e262928427/UnityEngine.TestRunner/NUnitExtensions/Runner/UnityLogCheckDelegatingCommand.cs:24)
0x000001e9aa275123 (Mono JIT Code) UnityEngine.TestRunner.NUnitExtensions.Runner.UnityLogCheckDelegatingCommand:CaptureException (NUnit.Framework.Internal.TestResult,System.Action) (at ./Library/PackageCache/com.unity.test-framework@40e262928427/UnityEngine.TestRunner/NUnitExtensions/Runner/UnityLogCheckDelegatingCommand.cs:72)
0x000001e9aa274fb3 (Mono JIT Code) UnityEngine.TestRunner.NUnitExtensions.Runner.UnityLogCheckDelegatingCommand:ExecuteAndCheckLog (UnityEngine.TestTools.Logging.LogScope,NUnit.Framework.Internal.TestResult,System.Action) (at ./Library/PackageCache/com.unity.test-framework@40e262928427/UnityEngine.TestRunner/NUnitExtensions/Runner/UnityLogCheckDelegatingCommand.cs:83)
0x000001e9aa274c3b (Mono JIT Code) UnityEngine.TestRunner.NUnitExtensions.Runner.UnityLogCheckDelegatingCommand:Execute (NUnit.Framework.Internal.ITestExecutionContext) (at ./Library/PackageCache/com.unity.test-framework@40e262928427/UnityEngine.TestRunner/NUnitExtensions/Runner/UnityLogCheckDelegatingCommand.cs:24)
0x000001e9aa273c19 (Mono JIT Code) UnityEngine.TestRunner.NUnitExtensions.Runner.UnityLogCheckDelegatingCommand/<ExecuteEnumerable>d__3:MoveNext () (at ./Library/PackageCache/com.unity.test-framework@40e262928427/UnityEngine.TestRunner/NUnitExtensions/Runner/UnityLogCheckDelegatingCommand.cs:35)
0x000001e9aa251e01 (Mono JIT Code) UnityEngine.TestTools.BeforeAfterTestCommandBase`1/<ExecuteEnumerable>d__16<T_REF>:MoveNext () (at ./Library/PackageCache/com.unity.test-framework@40e262928427/UnityEngine.TestRunner/NUnitExtensions/Commands/BeforeAfterTestCommandBase.cs:212)
0x000001e9aa272fb6 (Mono JIT Code) UnityEngine.TestTools.ImmediateEnumerableCommand:Execute (NUnit.Framework.Internal.ITestExecutionContext) (at ./Library/PackageCache/com.unity.test-framework@40e262928427/UnityEngine.TestRunner/NUnitExtensions/Commands/ImmediateEnumerableCommand.cs:18)
0x000001e9aa251f01 (Mono JIT Code) UnityEngine.TestTools.BeforeAfterTestCommandBase`1/<ExecuteEnumerable>d__16<T_REF>:MoveNext () (at ./Library/PackageCache/com.unity.test-framework@40e262928427/UnityEngine.TestRunner/NUnitExtensions/Commands/BeforeAfterTestCommandBase.cs:219)
0x000001e9aa251e01 (Mono JIT Code) UnityEngine.TestTools.BeforeAfterTestCommandBase`1/<ExecuteEnumerable>d__16<T_REF>:MoveNext () (at ./Library/PackageCache/com.unity.test-framework@40e262928427/UnityEngine.TestRunner/NUnitExtensions/Commands/BeforeAfterTestCommandBase.cs:212)
0x000001e9aa251e01 (Mono JIT Code) UnityEngine.TestTools.BeforeAfterTestCommandBase`1/<ExecuteEnumerable>d__16<T_REF>:MoveNext () (at ./Library/PackageCache/com.unity.test-framework@40e262928427/UnityEngine.TestRunner/NUnitExtensions/Commands/BeforeAfterTestCommandBase.cs:212)
0x000001e9aa26b457 (Mono JIT Code) UnityEngine.TestTools.RetryCommand/<ExecuteEnumerable>d__2:MoveNext () (at ./Library/PackageCache/com.unity.test-framework@40e262928427/UnityEngine.TestRunner/NUnitExtensions/Commands/RetryCommand.cs:37)
0x000001e9aa269f2f (Mono JIT Code) UnityEngine.TestTools.RepeatCommand/<ExecuteEnumerable>d__2:MoveNext () (at ./Library/PackageCache/com.unity.test-framework@40e262928427/UnityEngine.TestRunner/NUnitExtensions/Commands/RepeatCommand.cs:36)
0x000001e9aa268fa6 (Mono JIT Code) UnityEngine.TestTools.IgnoreTestCommand/<ExecuteEnumerable>d__3:MoveNext () (at ./Library/PackageCache/com.unity.test-framework@40e262928427/UnityEngine.TestRunner/NUnitExtensions/Commands/IgnoreTestCommand.cs:42)
0x000001e9aa267c7f (Mono JIT Code) UnityEngine.TestTools.StrictCheckCommand/<ExecuteEnumerable>d__2:MoveNext () (at ./Library/PackageCache/com.unity.test-framework@40e262928427/UnityEngine.TestRunner/NUnitExtensions/Commands/StrictCheckCommand.cs:29)
0x000001e9aa266fe1 (Mono JIT Code) UnityEngine.TestRunner.NUnitExtensions.Runner.DefaultTestWorkItem/<PerformWork>d__2:MoveNext () (at ./Library/PackageCache/com.unity.test-framework@40e262928427/UnityEngine.TestRunner/NUnitExtensions/Runner/DefaultTestWorkItem.cs:50)
0x000001e9aa255e12 (Mono JIT Code) UnityEngine.TestRunner.NUnitExtensions.Runner.CompositeWorkItem/<RunChildren>d__17:MoveNext () (at ./Library/PackageCache/com.unity.test-framework@40e262928427/UnityEngine.TestRunner/NUnitExtensions/Runner/CompositeWorkItem.cs:207)
0x000001e9aa247756 (Mono JIT Code) UnityEngine.TestRunner.NUnitExtensions.Runner.CompositeWorkItem/<PerformWork>d__13:MoveNext () (at ./Library/PackageCache/com.unity.test-framework@40e262928427/UnityEngine.TestRunner/NUnitExtensions/Runner/CompositeWorkItem.cs:82)
0x000001e9aa255e12 (Mono JIT Code) UnityEngine.TestRunner.NUnitExtensions.Runner.CompositeWorkItem/<RunChildren>d__17:MoveNext () (at ./Library/PackageCache/com.unity.test-framework@40e262928427/UnityEngine.TestRunner/NUnitExtensions/Runner/CompositeWorkItem.cs:207)
0x000001e9aa247756 (Mono JIT Code) UnityEngine.TestRunner.NUnitExtensions.Runner.CompositeWorkItem/<PerformWork>d__13:MoveNext () (at ./Library/PackageCache/com.unity.test-framework@40e262928427/UnityEngine.TestRunner/NUnitExtensions/Runner/CompositeWorkItem.cs:82)
0x000001e9aa255e12 (Mono JIT Code) UnityEngine.TestRunner.NUnitExtensions.Runner.CompositeWorkItem/<RunChildren>d__17:MoveNext () (at ./Library/PackageCache/com.unity.test-framework@40e262928427/UnityEngine.TestRunner/NUnitExtensions/Runner/CompositeWorkItem.cs:207)
0x000001e9aa247756 (Mono JIT Code) UnityEngine.TestRunner.NUnitExtensions.Runner.CompositeWorkItem/<PerformWork>d__13:MoveNext () (at ./Library/PackageCache/com.unity.test-framework@40e262928427/UnityEngine.TestRunner/NUnitExtensions/Runner/CompositeWorkItem.cs:82)
0x000001e9aa245fcc (Mono JIT Code) UnityEditor.TestTools.TestRunner.EditModeRunner:MoveNextAndUpdateYieldObject () (at ./Library/PackageCache/com.unity.test-framework@40e262928427/UnityEditor.TestRunner/TestRunner/EditModeRunner.cs:167)
0x000001e9aa245b7b (Mono JIT Code) UnityEditor.TestTools.TestRunner.EditModeRunner:TestConsumer (UnityEditor.TestTools.TestRunner.TestRunnerStateSerializer) (at ./Library/PackageCache/com.unity.test-framework@40e262928427/UnityEditor.TestRunner/TestRunner/EditModeRunner.cs:200)
0x000001e9aa23c173 (Mono JIT Code) UnityEditor.TestTools.TestRunner.TestRun.Tasks.EditModeRunTask/<Execute>d__1:MoveNext () (at ./Library/PackageCache/com.unity.test-framework@40e262928427/UnityEditor.TestRunner/TestRun/Tasks/EditModeRunTask.cs:48)
0x000001e977129d5e (Mono JIT Code) UnityEditor.TestTools.TestRunner.TestRun.TestJobRunner:ExecuteStep () (at ./Library/PackageCache/com.unity.test-framework@40e262928427/UnityEditor.TestRunner/TestRun/TestJobRunner.cs:173)
0x000001e977128953 (Mono JIT Code) UnityEditor.TestTools.TestRunner.TestRun.TestJobRunner:ExecuteCallback () (at ./Library/PackageCache/com.unity.test-framework@40e262928427/UnityEditor.TestRunner/TestRun/TestJobRunner.cs:108)
0x000001e99df821b8 (Mono JIT Code) UnityEditor.EditorApplication:Internal_CallUpdateFunctions ()
0x000001e8e6514785 (Mono JIT Code) (wrapper runtime-invoke) object:runtime_invoke_void (object,intptr,intptr,intptr)
0x00007fff3fd16e7e (mono-2.0-bdwgc) mono_jit_runtime_invoke (at C:/build/output/Unity-Technologies/mono/mono/mini/mini-runtime.c:3445)
0x00007fff3fc58874 (mono-2.0-bdwgc) do_runtime_invoke (at C:/build/output/Unity-Technologies/mono/mono/metadata/object.c:3068)
0x00007fff3fc58960 (mono-2.0-bdwgc) mono_runtime_invoke (at C:/build/output/Unity-Technologies/mono/mono/metadata/object.c:3115)
0x00007fff38e4cea4 (Unity) scripting_method_invoke
0x00007fff38e25433 (Unity) ScriptingInvocation::Invoke
0x00007fff38e20b35 (Unity) ScriptingInvocation::Invoke<void>
0x00007fff38f8b4bb (Unity) Scripting::UnityEditor::EditorApplicationProxy::Internal_CallUpdateFunctions
0x00007fff3a07e0e4 (Unity) SceneTracker::Update
0x00007fff39be1247 (Unity) Application::TickTimer
0x00007fff3a1b25ac (Unity) MainMessageLoop
0x00007fff3a1b9d1c (Unity) UnityMain
0x00007ff68b302f2a (Unity) __scrt_common_main_seh
0x00007fffddade8d7 (KERNEL32) BaseThreadInitThunk
0x00007fffde88c53c (ntdll) RtlUserThreadStart

[MouseTracker] PlayerInputHandler not found. Mouse compensation will be disabled.
0x00007fff38f222ae (Unity) StackWalker::ShowCallstack
0x00007fff38f31ee9 (Unity) PlatformStacktrace::GetStacktrace
0x00007fff3a1ac04e (Unity) Stacktrace::GetStacktrace
0x00007fff3a7859df (Unity) DebugStringToFile
0x00007fff37fd2930 (Unity) DebugLogHandler_CUSTOM_Internal_Log
0x000001e9766cbd3e (Mono JIT Code) (wrapper managed-to-native) UnityEngine.DebugLogHandler:Internal_Log_Injected (UnityEngine.LogType,UnityEngine.LogOption,UnityEngine.Bindings.ManagedSpanWrapper&,intptr)
0x000001e9766cbb43 (Mono JIT Code) UnityEngine.DebugLogHandler:Internal_Log (UnityEngine.LogType,UnityEngine.LogOption,string,UnityEngine.Object)
0x000001e9766cb7fb (Mono JIT Code) UnityEngine.DebugLogHandler:LogFormat (UnityEngine.LogType,UnityEngine.Object,string,object[])
0x000001e9766ca6ae (Mono JIT Code) UnityEngine.Logger:Log (UnityEngine.LogType,object)
0x000001e9aa2b404d (Mono JIT Code) UnityEngine.Debug:LogWarning (object)
0x000001e9aa2b33ab (Mono JIT Code) MouseTracker:Initialize (RecoilSystem) (at C:/Users/Ubuntu/Desktop/_DEV/AFFECT-2025-10-11/Assets/_SCRIPTS/_PLAYER/Recoil/MouseTracker.cs:80)
0x000001e976d36246 (Mono JIT Code) RecoilSystem:InitializeModules () (at C:/Users/Ubuntu/Desktop/_DEV/AFFECT-2025-10-11/Assets/_SCRIPTS/_PLAYER/Recoil/RecoilSystem.cs:203)
0x000001e976d33eb3 (Mono JIT Code) RecoilSystem:Initialize () (at C:/Users/Ubuntu/Desktop/_DEV/AFFECT-2025-10-11/Assets/_SCRIPTS/_PLAYER/Recoil/RecoilSystem.cs:165)
0x000001e976d333a3 (Mono JIT Code) RecoilSystem:ForceInitializeForTesting () (at C:/Users/Ubuntu/Desktop/_DEV/AFFECT-2025-10-11/Assets/_SCRIPTS/_PLAYER/Recoil/RecoilSystem.cs:632)
0x000001e976d3c213 (Mono JIT Code) RecoilSystemProperties:Property13_GracefulModuleDegradation () (at C:/Users/Ubuntu/Desktop/_DEV/AFFECT-2025-10-11/Assets/_SCRIPTS/Editor/Properties/RecoilSystemProperties.cs:269)
0x000001e9aa264548 (Mono JIT Code) (wrapper runtime-invoke) object:runtime_invoke_void__this__ (object,intptr,intptr,intptr)
0x00007fff3fd16e7e (mono-2.0-bdwgc) mono_jit_runtime_invoke (at C:/build/output/Unity-Technologies/mono/mono/mini/mini-runtime.c:3445)
0x00007fff3fc58874 (mono-2.0-bdwgc) do_runtime_invoke (at C:/build/output/Unity-Technologies/mono/mono/metadata/object.c:3068)
0x00007fff3fc5f926 (mono-2.0-bdwgc) mono_runtime_try_invoke_array (at C:/build/output/Unity-Technologies/mono/mono/metadata/object.c:5774)
0x00007fff3fb91b81 (mono-2.0-bdwgc) ves_icall_InternalInvoke (at C:/build/output/Unity-Technologies/mono/mono/metadata/icall.c:4038)
0x00007fff3fbb7e31 (mono-2.0-bdwgc) ves_icall_InternalInvoke_raw (at C:/build/output/Unity-Technologies/mono/mono/metadata/icall-def.h:692)
0x000001e8e22b0f92 (Mono JIT Code) (wrapper managed-to-native) System.Reflection.RuntimeMethodInfo:InternalInvoke (System.Reflection.RuntimeMethodInfo,object,object[],System.Exception&)
0x000001e8e3c7ea73 (Mono JIT Code) System.Reflection.RuntimeMethodInfo:Invoke (object,System.Reflection.BindingFlags,System.Reflection.Binder,object[],System.Globalization.CultureInfo)
0x000001e8db9555ef (Mono JIT Code) System.Reflection.MethodBase:Invoke (object,object[])
0x000001e9aa26e783 (Mono JIT Code) NUnit.Framework.Internal.Reflect:InvokeMethod (System.Reflection.MethodInfo,object,object[])
0x000001e9aa2760ab (Mono JIT Code) NUnit.Framework.Internal.MethodWrapper:Invoke (object,object[])
0x000001e9aa275f8a (Mono JIT Code) NUnit.Framework.Internal.Commands.TestMethodCommand:RunNonAsyncTestMethod (NUnit.Framework.Internal.ITestExecutionContext)
0x000001e9aa275dd3 (Mono JIT Code) NUnit.Framework.Internal.Commands.TestMethodCommand:RunTestMethod (NUnit.Framework.Internal.ITestExecutionContext)
0x000001e9aa275973 (Mono JIT Code) NUnit.Framework.Internal.Commands.TestMethodCommand:Execute (NUnit.Framework.Internal.ITestExecutionContext)
0x000001e9aa27556b (Mono JIT Code) UnityEngine.TestTools.UnityTestMethodCommand:Execute (NUnit.Framework.Internal.ITestExecutionContext) (at ./Library/PackageCache/com.unity.test-framework@40e262928427/UnityEngine.TestRunner/NUnitExtensions/Commands/UnityTestMethodCommand.cs:19)
0x000001e9aa2752fb (Mono JIT Code) UnityEngine.TestRunner.NUnitExtensions.Runner.UnityLogCheckDelegatingCommand/<>c__DisplayClass2_0:<Execute>b__0 () (at ./Library/PackageCache/com.unity.test-framework@40e262928427/UnityEngine.TestRunner/NUnitExtensions/Runner/UnityLogCheckDelegatingCommand.cs:24)
0x000001e9aa275123 (Mono JIT Code) UnityEngine.TestRunner.NUnitExtensions.Runner.UnityLogCheckDelegatingCommand:CaptureException (NUnit.Framework.Internal.TestResult,System.Action) (at ./Library/PackageCache/com.unity.test-framework@40e262928427/UnityEngine.TestRunner/NUnitExtensions/Runner/UnityLogCheckDelegatingCommand.cs:72)
0x000001e9aa274fb3 (Mono JIT Code) UnityEngine.TestRunner.NUnitExtensions.Runner.UnityLogCheckDelegatingCommand:ExecuteAndCheckLog (UnityEngine.TestTools.Logging.LogScope,NUnit.Framework.Internal.TestResult,System.Action) (at ./Library/PackageCache/com.unity.test-framework@40e262928427/UnityEngine.TestRunner/NUnitExtensions/Runner/UnityLogCheckDelegatingCommand.cs:83)
0x000001e9aa274c3b (Mono JIT Code) UnityEngine.TestRunner.NUnitExtensions.Runner.UnityLogCheckDelegatingCommand:Execute (NUnit.Framework.Internal.ITestExecutionContext) (at ./Library/PackageCache/com.unity.test-framework@40e262928427/UnityEngine.TestRunner/NUnitExtensions/Runner/UnityLogCheckDelegatingCommand.cs:24)
0x000001e9aa273c19 (Mono JIT Code) UnityEngine.TestRunner.NUnitExtensions.Runner.UnityLogCheckDelegatingCommand/<ExecuteEnumerable>d__3:MoveNext () (at ./Library/PackageCache/com.unity.test-framework@40e262928427/UnityEngine.TestRunner/NUnitExtensions/Runner/UnityLogCheckDelegatingCommand.cs:35)
0x000001e9aa251e01 (Mono JIT Code) UnityEngine.TestTools.BeforeAfterTestCommandBase`1/<ExecuteEnumerable>d__16<T_REF>:MoveNext () (at ./Library/PackageCache/com.unity.test-framework@40e262928427/UnityEngine.TestRunner/NUnitExtensions/Commands/BeforeAfterTestCommandBase.cs:212)
0x000001e9aa272fb6 (Mono JIT Code) UnityEngine.TestTools.ImmediateEnumerableCommand:Execute (NUnit.Framework.Internal.ITestExecutionContext) (at ./Library/PackageCache/com.unity.test-framework@40e262928427/UnityEngine.TestRunner/NUnitExtensions/Commands/ImmediateEnumerableCommand.cs:18)
0x000001e9aa251f01 (Mono JIT Code) UnityEngine.TestTools.BeforeAfterTestCommandBase`1/<ExecuteEnumerable>d__16<T_REF>:MoveNext () (at ./Library/PackageCache/com.unity.test-framework@40e262928427/UnityEngine.TestRunner/NUnitExtensions/Commands/BeforeAfterTestCommandBase.cs:219)
0x000001e9aa251e01 (Mono JIT Code) UnityEngine.TestTools.BeforeAfterTestCommandBase`1/<ExecuteEnumerable>d__16<T_REF>:MoveNext () (at ./Library/PackageCache/com.unity.test-framework@40e262928427/UnityEngine.TestRunner/NUnitExtensions/Commands/BeforeAfterTestCommandBase.cs:212)
0x000001e9aa251e01 (Mono JIT Code) UnityEngine.TestTools.BeforeAfterTestCommandBase`1/<ExecuteEnumerable>d__16<T_REF>:MoveNext () (at ./Library/PackageCache/com.unity.test-framework@40e262928427/UnityEngine.TestRunner/NUnitExtensions/Commands/BeforeAfterTestCommandBase.cs:212)
0x000001e9aa26b457 (Mono JIT Code) UnityEngine.TestTools.RetryCommand/<ExecuteEnumerable>d__2:MoveNext () (at ./Library/PackageCache/com.unity.test-framework@40e262928427/UnityEngine.TestRunner/NUnitExtensions/Commands/RetryCommand.cs:37)
0x000001e9aa269f2f (Mono JIT Code) UnityEngine.TestTools.RepeatCommand/<ExecuteEnumerable>d__2:MoveNext () (at ./Library/PackageCache/com.unity.test-framework@40e262928427/UnityEngine.TestRunner/NUnitExtensions/Commands/RepeatCommand.cs:36)
0x000001e9aa268fa6 (Mono JIT Code) UnityEngine.TestTools.IgnoreTestCommand/<ExecuteEnumerable>d__3:MoveNext () (at ./Library/PackageCache/com.unity.test-framework@40e262928427/UnityEngine.TestRunner/NUnitExtensions/Commands/IgnoreTestCommand.cs:42)
0x000001e9aa267c7f (Mono JIT Code) UnityEngine.TestTools.StrictCheckCommand/<ExecuteEnumerable>d__2:MoveNext () (at ./Library/PackageCache/com.unity.test-framework@40e262928427/UnityEngine.TestRunner/NUnitExtensions/Commands/StrictCheckCommand.cs:29)
0x000001e9aa266fe1 (Mono JIT Code) UnityEngine.TestRunner.NUnitExtensions.Runner.DefaultTestWorkItem/<PerformWork>d__2:MoveNext () (at ./Library/PackageCache/com.unity.test-framework@40e262928427/UnityEngine.TestRunner/NUnitExtensions/Runner/DefaultTestWorkItem.cs:50)
0x000001e9aa255e12 (Mono JIT Code) UnityEngine.TestRunner.NUnitExtensions.Runner.CompositeWorkItem/<RunChildren>d__17:MoveNext () (at ./Library/PackageCache/com.unity.test-framework@40e262928427/UnityEngine.TestRunner/NUnitExtensions/Runner/CompositeWorkItem.cs:207)
0x000001e9aa247756 (Mono JIT Code) UnityEngine.TestRunner.NUnitExtensions.Runner.CompositeWorkItem/<PerformWork>d__13:MoveNext () (at ./Library/PackageCache/com.unity.test-framework@40e262928427/UnityEngine.TestRunner/NUnitExtensions/Runner/CompositeWorkItem.cs:82)
0x000001e9aa255e12 (Mono JIT Code) UnityEngine.TestRunner.NUnitExtensions.Runner.CompositeWorkItem/<RunChildren>d__17:MoveNext () (at ./Library/PackageCache/com.unity.test-framework@40e262928427/UnityEngine.TestRunner/NUnitExtensions/Runner/CompositeWorkItem.cs:207)
0x000001e9aa247756 (Mono JIT Code) UnityEngine.TestRunner.NUnitExtensions.Runner.CompositeWorkItem/<PerformWork>d__13:MoveNext () (at ./Library/PackageCache/com.unity.test-framework@40e262928427/UnityEngine.TestRunner/NUnitExtensions/Runner/CompositeWorkItem.cs:82)
0x000001e9aa255e12 (Mono JIT Code) UnityEngine.TestRunner.NUnitExtensions.Runner.CompositeWorkItem/<RunChildren>d__17:MoveNext () (at ./Library/PackageCache/com.unity.test-framework@40e262928427/UnityEngine.TestRunner/NUnitExtensions/Runner/CompositeWorkItem.cs:207)
0x000001e9aa247756 (Mono JIT Code) UnityEngine.TestRunner.NUnitExtensions.Runner.CompositeWorkItem/<PerformWork>d__13:MoveNext () (at ./Library/PackageCache/com.unity.test-framework@40e262928427/UnityEngine.TestRunner/NUnitExtensions/Runner/CompositeWorkItem.cs:82)
0x000001e9aa245fcc (Mono JIT Code) UnityEditor.TestTools.TestRunner.EditModeRunner:MoveNextAndUpdateYieldObject () (at ./Library/PackageCache/com.unity.test-framework@40e262928427/UnityEditor.TestRunner/TestRunner/EditModeRunner.cs:167)
0x000001e9aa245b7b (Mono JIT Code) UnityEditor.TestTools.TestRunner.EditModeRunner:TestConsumer (UnityEditor.TestTools.TestRunner.TestRunnerStateSerializer) (at ./Library/PackageCache/com.unity.test-framework@40e262928427/UnityEditor.TestRunner/TestRunner/EditModeRunner.cs:200)
0x000001e9aa23c173 (Mono JIT Code) UnityEditor.TestTools.TestRunner.TestRun.Tasks.EditModeRunTask/<Execute>d__1:MoveNext () (at ./Library/PackageCache/com.unity.test-framework@40e262928427/UnityEditor.TestRunner/TestRun/Tasks/EditModeRunTask.cs:48)
0x000001e977129d5e (Mono JIT Code) UnityEditor.TestTools.TestRunner.TestRun.TestJobRunner:ExecuteStep () (at ./Library/PackageCache/com.unity.test-framework@40e262928427/UnityEditor.TestRunner/TestRun/TestJobRunner.cs:173)
0x000001e977128953 (Mono JIT Code) UnityEditor.TestTools.TestRunner.TestRun.TestJobRunner:ExecuteCallback () (at ./Library/PackageCache/com.unity.test-framework@40e262928427/UnityEditor.TestRunner/TestRun/TestJobRunner.cs:108)
0x000001e99df821b8 (Mono JIT Code) UnityEditor.EditorApplication:Internal_CallUpdateFunctions ()
0x000001e8e6514785 (Mono JIT Code) (wrapper runtime-invoke) object:runtime_invoke_void (object,intptr,intptr,intptr)
0x00007fff3fd16e7e (mono-2.0-bdwgc) mono_jit_runtime_invoke (at C:/build/output/Unity-Technologies/mono/mono/mini/mini-runtime.c:3445)
0x00007fff3fc58874 (mono-2.0-bdwgc) do_runtime_invoke (at C:/build/output/Unity-Technologies/mono/mono/metadata/object.c:3068)
0x00007fff3fc58960 (mono-2.0-bdwgc) mono_runtime_invoke (at C:/build/output/Unity-Technologies/mono/mono/metadata/object.c:3115)
0x00007fff38e4cea4 (Unity) scripting_method_invoke
0x00007fff38e25433 (Unity) ScriptingInvocation::Invoke
0x00007fff38e20b35 (Unity) ScriptingInvocation::Invoke<void>
0x00007fff38f8b4bb (Unity) Scripting::UnityEditor::EditorApplicationProxy::Internal_CallUpdateFunctions
0x00007fff3a07e0e4 (Unity) SceneTracker::Update
0x00007fff39be1247 (Unity) Application::TickTimer
0x00007fff3a1b25ac (Unity) MainMessageLoop
0x00007fff3a1b9d1c (Unity) UnityMain
0x00007ff68b302f2a (Unity) __scrt_common_main_seh
0x00007fffddade8d7 (KERNEL32) BaseThreadInitThunk
0x00007fffde88c53c (ntdll) RtlUserThreadStart

[MouseTracker] PlayerInputHandler not found. Mouse compensation will be disabled.
0x00007fff38f222ae (Unity) StackWalker::ShowCallstack
0x00007fff38f31ee9 (Unity) PlatformStacktrace::GetStacktrace
0x00007fff3a1ac04e (Unity) Stacktrace::GetStacktrace
0x00007fff3a7859df (Unity) DebugStringToFile
0x00007fff37fd2930 (Unity) DebugLogHandler_CUSTOM_Internal_Log
0x000001e9766cbd3e (Mono JIT Code) (wrapper managed-to-native) UnityEngine.DebugLogHandler:Internal_Log_Injected (UnityEngine.LogType,UnityEngine.LogOption,UnityEngine.Bindings.ManagedSpanWrapper&,intptr)
0x000001e9766cbb43 (Mono JIT Code) UnityEngine.DebugLogHandler:Internal_Log (UnityEngine.LogType,UnityEngine.LogOption,string,UnityEngine.Object)
0x000001e9766cb7fb (Mono JIT Code) UnityEngine.DebugLogHandler:LogFormat (UnityEngine.LogType,UnityEngine.Object,string,object[])
0x000001e9766ca6ae (Mono JIT Code) UnityEngine.Logger:Log (UnityEngine.LogType,object)
0x000001e9aa2b404d (Mono JIT Code) UnityEngine.Debug:LogWarning (object)
0x000001e9aa2b33ab (Mono JIT Code) MouseTracker:Initialize (RecoilSystem) (at C:/Users/Ubuntu/Desktop/_DEV/AFFECT-2025-10-11/Assets/_SCRIPTS/_PLAYER/Recoil/MouseTracker.cs:80)
0x000001e976d36246 (Mono JIT Code) RecoilSystem:InitializeModules () (at C:/Users/Ubuntu/Desktop/_DEV/AFFECT-2025-10-11/Assets/_SCRIPTS/_PLAYER/Recoil/RecoilSystem.cs:203)
0x000001e976d33eb3 (Mono JIT Code) RecoilSystem:Initialize () (at C:/Users/Ubuntu/Desktop/_DEV/AFFECT-2025-10-11/Assets/_SCRIPTS/_PLAYER/Recoil/RecoilSystem.cs:165)
0x000001e976d333a3 (Mono JIT Code) RecoilSystem:ForceInitializeForTesting () (at C:/Users/Ubuntu/Desktop/_DEV/AFFECT-2025-10-11/Assets/_SCRIPTS/_PLAYER/Recoil/RecoilSystem.cs:632)
0x000001e976d3c213 (Mono JIT Code) RecoilSystemProperties:Property13_GracefulModuleDegradation () (at C:/Users/Ubuntu/Desktop/_DEV/AFFECT-2025-10-11/Assets/_SCRIPTS/Editor/Properties/RecoilSystemProperties.cs:269)
0x000001e9aa264548 (Mono JIT Code) (wrapper runtime-invoke) object:runtime_invoke_void__this__ (object,intptr,intptr,intptr)
0x00007fff3fd16e7e (mono-2.0-bdwgc) mono_jit_runtime_invoke (at C:/build/output/Unity-Technologies/mono/mono/mini/mini-runtime.c:3445)
0x00007fff3fc58874 (mono-2.0-bdwgc) do_runtime_invoke (at C:/build/output/Unity-Technologies/mono/mono/metadata/object.c:3068)
0x00007fff3fc5f926 (mono-2.0-bdwgc) mono_runtime_try_invoke_array (at C:/build/output/Unity-Technologies/mono/mono/metadata/object.c:5774)
0x00007fff3fb91b81 (mono-2.0-bdwgc) ves_icall_InternalInvoke (at C:/build/output/Unity-Technologies/mono/mono/metadata/icall.c:4038)
0x00007fff3fbb7e31 (mono-2.0-bdwgc) ves_icall_InternalInvoke_raw (at C:/build/output/Unity-Technologies/mono/mono/metadata/icall-def.h:692)
0x000001e8e22b0f92 (Mono JIT Code) (wrapper managed-to-native) System.Reflection.RuntimeMethodInfo:InternalInvoke (System.Reflection.RuntimeMethodInfo,object,object[],System.Exception&)
0x000001e8e3c7ea73 (Mono JIT Code) System.Reflection.RuntimeMethodInfo:Invoke (object,System.Reflection.BindingFlags,System.Reflection.Binder,object[],System.Globalization.CultureInfo)
0x000001e8db9555ef (Mono JIT Code) System.Reflection.MethodBase:Invoke (object,object[])
0x000001e9aa26e783 (Mono JIT Code) NUnit.Framework.Internal.Reflect:InvokeMethod (System.Reflection.MethodInfo,object,object[])
0x000001e9aa2760ab (Mono JIT Code) NUnit.Framework.Internal.MethodWrapper:Invoke (object,object[])
0x000001e9aa275f8a (Mono JIT Code) NUnit.Framework.Internal.Commands.TestMethodCommand:RunNonAsyncTestMethod (NUnit.Framework.Internal.ITestExecutionContext)
0x000001e9aa275dd3 (Mono JIT Code) NUnit.Framework.Internal.Commands.TestMethodCommand:RunTestMethod (NUnit.Framework.Internal.ITestExecutionContext)
0x000001e9aa275973 (Mono JIT Code) NUnit.Framework.Internal.Commands.TestMethodCommand:Execute (NUnit.Framework.Internal.ITestExecutionContext)
0x000001e9aa27556b (Mono JIT Code) UnityEngine.TestTools.UnityTestMethodCommand:Execute (NUnit.Framework.Internal.ITestExecutionContext) (at ./Library/PackageCache/com.unity.test-framework@40e262928427/UnityEngine.TestRunner/NUnitExtensions/Commands/UnityTestMethodCommand.cs:19)
0x000001e9aa2752fb (Mono JIT Code) UnityEngine.TestRunner.NUnitExtensions.Runner.UnityLogCheckDelegatingCommand/<>c__DisplayClass2_0:<Execute>b__0 () (at ./Library/PackageCache/com.unity.test-framework@40e262928427/UnityEngine.TestRunner/NUnitExtensions/Runner/UnityLogCheckDelegatingCommand.cs:24)
0x000001e9aa275123 (Mono JIT Code) UnityEngine.TestRunner.NUnitExtensions.Runner.UnityLogCheckDelegatingCommand:CaptureException (NUnit.Framework.Internal.TestResult,System.Action) (at ./Library/PackageCache/com.unity.test-framework@40e262928427/UnityEngine.TestRunner/NUnitExtensions/Runner/UnityLogCheckDelegatingCommand.cs:72)
0x000001e9aa274fb3 (Mono JIT Code) UnityEngine.TestRunner.NUnitExtensions.Runner.UnityLogCheckDelegatingCommand:ExecuteAndCheckLog (UnityEngine.TestTools.Logging.LogScope,NUnit.Framework.Internal.TestResult,System.Action) (at ./Library/PackageCache/com.unity.test-framework@40e262928427/UnityEngine.TestRunner/NUnitExtensions/Runner/UnityLogCheckDelegatingCommand.cs:83)
0x000001e9aa274c3b (Mono JIT Code) UnityEngine.TestRunner.NUnitExtensions.Runner.UnityLogCheckDelegatingCommand:Execute (NUnit.Framework.Internal.ITestExecutionContext) (at ./Library/PackageCache/com.unity.test-framework@40e262928427/UnityEngine.TestRunner/NUnitExtensions/Runner/UnityLogCheckDelegatingCommand.cs:24)
0x000001e9aa273c19 (Mono JIT Code) UnityEngine.TestRunner.NUnitExtensions.Runner.UnityLogCheckDelegatingCommand/<ExecuteEnumerable>d__3:MoveNext () (at ./Library/PackageCache/com.unity.test-framework@40e262928427/UnityEngine.TestRunner/NUnitExtensions/Runner/UnityLogCheckDelegatingCommand.cs:35)
0x000001e9aa251e01 (Mono JIT Code) UnityEngine.TestTools.BeforeAfterTestCommandBase`1/<ExecuteEnumerable>d__16<T_REF>:MoveNext () (at ./Library/PackageCache/com.unity.test-framework@40e262928427/UnityEngine.TestRunner/NUnitExtensions/Commands/BeforeAfterTestCommandBase.cs:212)
0x000001e9aa272fb6 (Mono JIT Code) UnityEngine.TestTools.ImmediateEnumerableCommand:Execute (NUnit.Framework.Internal.ITestExecutionContext) (at ./Library/PackageCache/com.unity.test-framework@40e262928427/UnityEngine.TestRunner/NUnitExtensions/Commands/ImmediateEnumerableCommand.cs:18)
0x000001e9aa251f01 (Mono JIT Code) UnityEngine.TestTools.BeforeAfterTestCommandBase`1/<ExecuteEnumerable>d__16<T_REF>:MoveNext () (at ./Library/PackageCache/com.unity.test-framework@40e262928427/UnityEngine.TestRunner/NUnitExtensions/Commands/BeforeAfterTestCommandBase.cs:219)
0x000001e9aa251e01 (Mono JIT Code) UnityEngine.TestTools.BeforeAfterTestCommandBase`1/<ExecuteEnumerable>d__16<T_REF>:MoveNext () (at ./Library/PackageCache/com.unity.test-framework@40e262928427/UnityEngine.TestRunner/NUnitExtensions/Commands/BeforeAfterTestCommandBase.cs:212)
0x000001e9aa251e01 (Mono JIT Code) UnityEngine.TestTools.BeforeAfterTestCommandBase`1/<ExecuteEnumerable>d__16<T_REF>:MoveNext () (at ./Library/PackageCache/com.unity.test-framework@40e262928427/UnityEngine.TestRunner/NUnitExtensions/Commands/BeforeAfterTestCommandBase.cs:212)
0x000001e9aa26b457 (Mono JIT Code) UnityEngine.TestTools.RetryCommand/<ExecuteEnumerable>d__2:MoveNext () (at ./Library/PackageCache/com.unity.test-framework@40e262928427/UnityEngine.TestRunner/NUnitExtensions/Commands/RetryCommand.cs:37)
0x000001e9aa269f2f (Mono JIT Code) UnityEngine.TestTools.RepeatCommand/<ExecuteEnumerable>d__2:MoveNext () (at ./Library/PackageCache/com.unity.test-framework@40e262928427/UnityEngine.TestRunner/NUnitExtensions/Commands/RepeatCommand.cs:36)
0x000001e9aa268fa6 (Mono JIT Code) UnityEngine.TestTools.IgnoreTestCommand/<ExecuteEnumerable>d__3:MoveNext () (at ./Library/PackageCache/com.unity.test-framework@40e262928427/UnityEngine.TestRunner/NUnitExtensions/Commands/IgnoreTestCommand.cs:42)
0x000001e9aa267c7f (Mono JIT Code) UnityEngine.TestTools.StrictCheckCommand/<ExecuteEnumerable>d__2:MoveNext () (at ./Library/PackageCache/com.unity.test-framework@40e262928427/UnityEngine.TestRunner/NUnitExtensions/Commands/StrictCheckCommand.cs:29)
0x000001e9aa266fe1 (Mono JIT Code) UnityEngine.TestRunner.NUnitExtensions.Runner.DefaultTestWorkItem/<PerformWork>d__2:MoveNext () (at ./Library/PackageCache/com.unity.test-framework@40e262928427/UnityEngine.TestRunner/NUnitExtensions/Runner/DefaultTestWorkItem.cs:50)
0x000001e9aa255e12 (Mono JIT Code) UnityEngine.TestRunner.NUnitExtensions.Runner.CompositeWorkItem/<RunChildren>d__17:MoveNext () (at ./Library/PackageCache/com.unity.test-framework@40e262928427/UnityEngine.TestRunner/NUnitExtensions/Runner/CompositeWorkItem.cs:207)
0x000001e9aa247756 (Mono JIT Code) UnityEngine.TestRunner.NUnitExtensions.Runner.CompositeWorkItem/<PerformWork>d__13:MoveNext () (at ./Library/PackageCache/com.unity.test-framework@40e262928427/UnityEngine.TestRunner/NUnitExtensions/Runner/CompositeWorkItem.cs:82)
0x000001e9aa255e12 (Mono JIT Code) UnityEngine.TestRunner.NUnitExtensions.Runner.CompositeWorkItem/<RunChildren>d__17:MoveNext () (at ./Library/PackageCache/com.unity.test-framework@40e262928427/UnityEngine.TestRunner/NUnitExtensions/Runner/CompositeWorkItem.cs:207)
0x000001e9aa247756 (Mono JIT Code) UnityEngine.TestRunner.NUnitExtensions.Runner.CompositeWorkItem/<PerformWork>d__13:MoveNext () (at ./Library/PackageCache/com.unity.test-framework@40e262928427/UnityEngine.TestRunner/NUnitExtensions/Runner/CompositeWorkItem.cs:82)
0x000001e9aa255e12 (Mono JIT Code) UnityEngine.TestRunner.NUnitExtensions.Runner.CompositeWorkItem/<RunChildren>d__17:MoveNext () (at ./Library/PackageCache/com.unity.test-framework@40e262928427/UnityEngine.TestRunner/NUnitExtensions/Runner/CompositeWorkItem.cs:207)
0x000001e9aa247756 (Mono JIT Code) UnityEngine.TestRunner.NUnitExtensions.Runner.CompositeWorkItem/<PerformWork>d__13:MoveNext () (at ./Library/PackageCache/com.unity.test-framework@40e262928427/UnityEngine.TestRunner/NUnitExtensions/Runner/CompositeWorkItem.cs:82)
0x000001e9aa245fcc (Mono JIT Code) UnityEditor.TestTools.TestRunner.EditModeRunner:MoveNextAndUpdateYieldObject () (at ./Library/PackageCache/com.unity.test-framework@40e262928427/UnityEditor.TestRunner/TestRunner/EditModeRunner.cs:167)
0x000001e9aa245b7b (Mono JIT Code) UnityEditor.TestTools.TestRunner.EditModeRunner:TestConsumer (UnityEditor.TestTools.TestRunner.TestRunnerStateSerializer) (at ./Library/PackageCache/com.unity.test-framework@40e262928427/UnityEditor.TestRunner/TestRunner/EditModeRunner.cs:200)
0x000001e9aa23c173 (Mono JIT Code) UnityEditor.TestTools.TestRunner.TestRun.Tasks.EditModeRunTask/<Execute>d__1:MoveNext () (at ./Library/PackageCache/com.unity.test-framework@40e262928427/UnityEditor.TestRunner/TestRun/Tasks/EditModeRunTask.cs:48)
0x000001e977129d5e (Mono JIT Code) UnityEditor.TestTools.TestRunner.TestRun.TestJobRunner:ExecuteStep () (at ./Library/PackageCache/com.unity.test-framework@40e262928427/UnityEditor.TestRunner/TestRun/TestJobRunner.cs:173)
0x000001e977128953 (Mono JIT Code) UnityEditor.TestTools.TestRunner.TestRun.TestJobRunner:ExecuteCallback () (at ./Library/PackageCache/com.unity.test-framework@40e262928427/UnityEditor.TestRunner/TestRun/TestJobRunner.cs:108)
0x000001e99df821b8 (Mono JIT Code) UnityEditor.EditorApplication:Internal_CallUpdateFunctions ()
0x000001e8e6514785 (Mono JIT Code) (wrapper runtime-invoke) object:runtime_invoke_void (object,intptr,intptr,intptr)
0x00007fff3fd16e7e (mono-2.0-bdwgc) mono_jit_runtime_invoke (at C:/build/output/Unity-Technologies/mono/mono/mini/mini-runtime.c:3445)
0x00007fff3fc58874 (mono-2.0-bdwgc) do_runtime_invoke (at C:/build/output/Unity-Technologies/mono/mono/metadata/object.c:3068)
0x00007fff3fc58960 (mono-2.0-bdwgc) mono_runtime_invoke (at C:/build/output/Unity-Technologies/mono/mono/metadata/object.c:3115)
0x00007fff38e4cea4 (Unity) scripting_method_invoke
0x00007fff38e25433 (Unity) ScriptingInvocation::Invoke
0x00007fff38e20b35 (Unity) ScriptingInvocation::Invoke<void>
0x00007fff38f8b4bb (Unity) Scripting::UnityEditor::EditorApplicationProxy::Internal_CallUpdateFunctions
0x00007fff3a07e0e4 (Unity) SceneTracker::Update
0x00007fff39be1247 (Unity) Application::TickTimer
0x00007fff3a1b25ac (Unity) MainMessageLoop
0x00007fff3a1b9d1c (Unity) UnityMain
0x00007ff68b302f2a (Unity) __scrt_common_main_seh
0x00007fffddade8d7 (KERNEL32) BaseThreadInitThunk
0x00007fffde88c53c (ntdll) RtlUserThreadStart

[MouseTracker] PlayerInputHandler not found. Mouse compensation will be disabled.
0x00007fff38f222ae (Unity) StackWalker::ShowCallstack
0x00007fff38f31ee9 (Unity) PlatformStacktrace::GetStacktrace
0x00007fff3a1ac04e (Unity) Stacktrace::GetStacktrace
0x00007fff3a7859df (Unity) DebugStringToFile
0x00007fff37fd2930 (Unity) DebugLogHandler_CUSTOM_Internal_Log
0x000001e9766cbd3e (Mono JIT Code) (wrapper managed-to-native) UnityEngine.DebugLogHandler:Internal_Log_Injected (UnityEngine.LogType,UnityEngine.LogOption,UnityEngine.Bindings.ManagedSpanWrapper&,intptr)
0x000001e9766cbb43 (Mono JIT Code) UnityEngine.DebugLogHandler:Internal_Log (UnityEngine.LogType,UnityEngine.LogOption,string,UnityEngine.Object)
0x000001e9766cb7fb (Mono JIT Code) UnityEngine.DebugLogHandler:LogFormat (UnityEngine.LogType,UnityEngine.Object,string,object[])
0x000001e9766ca6ae (Mono JIT Code) UnityEngine.Logger:Log (UnityEngine.LogType,object)
0x000001e9aa2b404d (Mono JIT Code) UnityEngine.Debug:LogWarning (object)
0x000001e9aa2b33ab (Mono JIT Code) MouseTracker:Initialize (RecoilSystem) (at C:/Users/Ubuntu/Desktop/_DEV/AFFECT-2025-10-11/Assets/_SCRIPTS/_PLAYER/Recoil/MouseTracker.cs:80)
0x000001e976d36246 (Mono JIT Code) RecoilSystem:InitializeModules () (at C:/Users/Ubuntu/Desktop/_DEV/AFFECT-2025-10-11/Assets/_SCRIPTS/_PLAYER/Recoil/RecoilSystem.cs:203)
0x000001e976d33eb3 (Mono JIT Code) RecoilSystem:Initialize () (at C:/Users/Ubuntu/Desktop/_DEV/AFFECT-2025-10-11/Assets/_SCRIPTS/_PLAYER/Recoil/RecoilSystem.cs:165)
0x000001e976d333a3 (Mono JIT Code) RecoilSystem:ForceInitializeForTesting () (at C:/Users/Ubuntu/Desktop/_DEV/AFFECT-2025-10-11/Assets/_SCRIPTS/_PLAYER/Recoil/RecoilSystem.cs:632)
0x000001e976d3c213 (Mono JIT Code) RecoilSystemProperties:Property13_GracefulModuleDegradation () (at C:/Users/Ubuntu/Desktop/_DEV/AFFECT-2025-10-11/Assets/_SCRIPTS/Editor/Properties/RecoilSystemProperties.cs:269)
0x000001e9aa264548 (Mono JIT Code) (wrapper runtime-invoke) object:runtime_invoke_void__this__ (object,intptr,intptr,intptr)
0x00007fff3fd16e7e (mono-2.0-bdwgc) mono_jit_runtime_invoke (at C:/build/output/Unity-Technologies/mono/mono/mini/mini-runtime.c:3445)
0x00007fff3fc58874 (mono-2.0-bdwgc) do_runtime_invoke (at C:/build/output/Unity-Technologies/mono/mono/metadata/object.c:3068)
0x00007fff3fc5f926 (mono-2.0-bdwgc) mono_runtime_try_invoke_array (at C:/build/output/Unity-Technologies/mono/mono/metadata/object.c:5774)
0x00007fff3fb91b81 (mono-2.0-bdwgc) ves_icall_InternalInvoke (at C:/build/output/Unity-Technologies/mono/mono/metadata/icall.c:4038)
0x00007fff3fbb7e31 (mono-2.0-bdwgc) ves_icall_InternalInvoke_raw (at C:/build/output/Unity-Technologies/mono/mono/metadata/icall-def.h:692)
0x000001e8e22b0f92 (Mono JIT Code) (wrapper managed-to-native) System.Reflection.RuntimeMethodInfo:InternalInvoke (System.Reflection.RuntimeMethodInfo,object,object[],System.Exception&)
0x000001e8e3c7ea73 (Mono JIT Code) System.Reflection.RuntimeMethodInfo:Invoke (object,System.Reflection.BindingFlags,System.Reflection.Binder,object[],System.Globalization.CultureInfo)
0x000001e8db9555ef (Mono JIT Code) System.Reflection.MethodBase:Invoke (object,object[])
0x000001e9aa26e783 (Mono JIT Code) NUnit.Framework.Internal.Reflect:InvokeMethod (System.Reflection.MethodInfo,object,object[])
0x000001e9aa2760ab (Mono JIT Code) NUnit.Framework.Internal.MethodWrapper:Invoke (object,object[])
0x000001e9aa275f8a (Mono JIT Code) NUnit.Framework.Internal.Commands.TestMethodCommand:RunNonAsyncTestMethod (NUnit.Framework.Internal.ITestExecutionContext)
0x000001e9aa275dd3 (Mono JIT Code) NUnit.Framework.Internal.Commands.TestMethodCommand:RunTestMethod (NUnit.Framework.Internal.ITestExecutionContext)
0x000001e9aa275973 (Mono JIT Code) NUnit.Framework.Internal.Commands.TestMethodCommand:Execute (NUnit.Framework.Internal.ITestExecutionContext)
0x000001e9aa27556b (Mono JIT Code) UnityEngine.TestTools.UnityTestMethodCommand:Execute (NUnit.Framework.Internal.ITestExecutionContext) (at ./Library/PackageCache/com.unity.test-framework@40e262928427/UnityEngine.TestRunner/NUnitExtensions/Commands/UnityTestMethodCommand.cs:19)
0x000001e9aa2752fb (Mono JIT Code) UnityEngine.TestRunner.NUnitExtensions.Runner.UnityLogCheckDelegatingCommand/<>c__DisplayClass2_0:<Execute>b__0 () (at ./Library/PackageCache/com.unity.test-framework@40e262928427/UnityEngine.TestRunner/NUnitExtensions/Runner/UnityLogCheckDelegatingCommand.cs:24)
0x000001e9aa275123 (Mono JIT Code) UnityEngine.TestRunner.NUnitExtensions.Runner.UnityLogCheckDelegatingCommand:CaptureException (NUnit.Framework.Internal.TestResult,System.Action) (at ./Library/PackageCache/com.unity.test-framework@40e262928427/UnityEngine.TestRunner/NUnitExtensions/Runner/UnityLogCheckDelegatingCommand.cs:72)
0x000001e9aa274fb3 (Mono JIT Code) UnityEngine.TestRunner.NUnitExtensions.Runner.UnityLogCheckDelegatingCommand:ExecuteAndCheckLog (UnityEngine.TestTools.Logging.LogScope,NUnit.Framework.Internal.TestResult,System.Action) (at ./Library/PackageCache/com.unity.test-framework@40e262928427/UnityEngine.TestRunner/NUnitExtensions/Runner/UnityLogCheckDelegatingCommand.cs:83)
0x000001e9aa274c3b (Mono JIT Code) UnityEngine.TestRunner.NUnitExtensions.Runner.UnityLogCheckDelegatingCommand:Execute (NUnit.Framework.Internal.ITestExecutionContext) (at ./Library/PackageCache/com.unity.test-framework@40e262928427/UnityEngine.TestRunner/NUnitExtensions/Runner/UnityLogCheckDelegatingCommand.cs:24)
0x000001e9aa273c19 (Mono JIT Code) UnityEngine.TestRunner.NUnitExtensions.Runner.UnityLogCheckDelegatingCommand/<ExecuteEnumerable>d__3:MoveNext () (at ./Library/PackageCache/com.unity.test-framework@40e262928427/UnityEngine.TestRunner/NUnitExtensions/Runner/UnityLogCheckDelegatingCommand.cs:35)
0x000001e9aa251e01 (Mono JIT Code) UnityEngine.TestTools.BeforeAfterTestCommandBase`1/<ExecuteEnumerable>d__16<T_REF>:MoveNext () (at ./Library/PackageCache/com.unity.test-framework@40e262928427/UnityEngine.TestRunner/NUnitExtensions/Commands/BeforeAfterTestCommandBase.cs:212)
0x000001e9aa272fb6 (Mono JIT Code) UnityEngine.TestTools.ImmediateEnumerableCommand:Execute (NUnit.Framework.Internal.ITestExecutionContext) (at ./Library/PackageCache/com.unity.test-framework@40e262928427/UnityEngine.TestRunner/NUnitExtensions/Commands/ImmediateEnumerableCommand.cs:18)
0x000001e9aa251f01 (Mono JIT Code) UnityEngine.TestTools.BeforeAfterTestCommandBase`1/<ExecuteEnumerable>d__16<T_REF>:MoveNext () (at ./Library/PackageCache/com.unity.test-framework@40e262928427/UnityEngine.TestRunner/NUnitExtensions/Commands/BeforeAfterTestCommandBase.cs:219)
0x000001e9aa251e01 (Mono JIT Code) UnityEngine.TestTools.BeforeAfterTestCommandBase`1/<ExecuteEnumerable>d__16<T_REF>:MoveNext () (at ./Library/PackageCache/com.unity.test-framework@40e262928427/UnityEngine.TestRunner/NUnitExtensions/Commands/BeforeAfterTestCommandBase.cs:212)
0x000001e9aa251e01 (Mono JIT Code) UnityEngine.TestTools.BeforeAfterTestCommandBase`1/<ExecuteEnumerable>d__16<T_REF>:MoveNext () (at ./Library/PackageCache/com.unity.test-framework@40e262928427/UnityEngine.TestRunner/NUnitExtensions/Commands/BeforeAfterTestCommandBase.cs:212)
0x000001e9aa26b457 (Mono JIT Code) UnityEngine.TestTools.RetryCommand/<ExecuteEnumerable>d__2:MoveNext () (at ./Library/PackageCache/com.unity.test-framework@40e262928427/UnityEngine.TestRunner/NUnitExtensions/Commands/RetryCommand.cs:37)
0x000001e9aa269f2f (Mono JIT Code) UnityEngine.TestTools.RepeatCommand/<ExecuteEnumerable>d__2:MoveNext () (at ./Library/PackageCache/com.unity.test-framework@40e262928427/UnityEngine.TestRunner/NUnitExtensions/Commands/RepeatCommand.cs:36)
0x000001e9aa268fa6 (Mono JIT Code) UnityEngine.TestTools.IgnoreTestCommand/<ExecuteEnumerable>d__3:MoveNext () (at ./Library/PackageCache/com.unity.test-framework@40e262928427/UnityEngine.TestRunner/NUnitExtensions/Commands/IgnoreTestCommand.cs:42)
0x000001e9aa267c7f (Mono JIT Code) UnityEngine.TestTools.StrictCheckCommand/<ExecuteEnumerable>d__2:MoveNext () (at ./Library/PackageCache/com.unity.test-framework@40e262928427/UnityEngine.TestRunner/NUnitExtensions/Commands/StrictCheckCommand.cs:29)
0x000001e9aa266fe1 (Mono JIT Code) UnityEngine.TestRunner.NUnitExtensions.Runner.DefaultTestWorkItem/<PerformWork>d__2:MoveNext () (at ./Library/PackageCache/com.unity.test-framework@40e262928427/UnityEngine.TestRunner/NUnitExtensions/Runner/DefaultTestWorkItem.cs:50)
0x000001e9aa255e12 (Mono JIT Code) UnityEngine.TestRunner.NUnitExtensions.Runner.CompositeWorkItem/<RunChildren>d__17:MoveNext () (at ./Library/PackageCache/com.unity.test-framework@40e262928427/UnityEngine.TestRunner/NUnitExtensions/Runner/CompositeWorkItem.cs:207)
0x000001e9aa247756 (Mono JIT Code) UnityEngine.TestRunner.NUnitExtensions.Runner.CompositeWorkItem/<PerformWork>d__13:MoveNext () (at ./Library/PackageCache/com.unity.test-framework@40e262928427/UnityEngine.TestRunner/NUnitExtensions/Runner/CompositeWorkItem.cs:82)
0x000001e9aa255e12 (Mono JIT Code) UnityEngine.TestRunner.NUnitExtensions.Runner.CompositeWorkItem/<RunChildren>d__17:MoveNext () (at ./Library/PackageCache/com.unity.test-framework@40e262928427/UnityEngine.TestRunner/NUnitExtensions/Runner/CompositeWorkItem.cs:207)
0x000001e9aa247756 (Mono JIT Code) UnityEngine.TestRunner.NUnitExtensions.Runner.CompositeWorkItem/<PerformWork>d__13:MoveNext () (at ./Library/PackageCache/com.unity.test-framework@40e262928427/UnityEngine.TestRunner/NUnitExtensions/Runner/CompositeWorkItem.cs:82)
0x000001e9aa255e12 (Mono JIT Code) UnityEngine.TestRunner.NUnitExtensions.Runner.CompositeWorkItem/<RunChildren>d__17:MoveNext () (at ./Library/PackageCache/com.unity.test-framework@40e262928427/UnityEngine.TestRunner/NUnitExtensions/Runner/CompositeWorkItem.cs:207)
0x000001e9aa247756 (Mono JIT Code) UnityEngine.TestRunner.NUnitExtensions.Runner.CompositeWorkItem/<PerformWork>d__13:MoveNext () (at ./Library/PackageCache/com.unity.test-framework@40e262928427/UnityEngine.TestRunner/NUnitExtensions/Runner/CompositeWorkItem.cs:82)
0x000001e9aa245fcc (Mono JIT Code) UnityEditor.TestTools.TestRunner.EditModeRunner:MoveNextAndUpdateYieldObject () (at ./Library/PackageCache/com.unity.test-framework@40e262928427/UnityEditor.TestRunner/TestRunner/EditModeRunner.cs:167)
0x000001e9aa245b7b (Mono JIT Code) UnityEditor.TestTools.TestRunner.EditModeRunner:TestConsumer (UnityEditor.TestTools.TestRunner.TestRunnerStateSerializer) (at ./Library/PackageCache/com.unity.test-framework@40e262928427/UnityEditor.TestRunner/TestRunner/EditModeRunner.cs:200)
0x000001e9aa23c173 (Mono JIT Code) UnityEditor.TestTools.TestRunner.TestRun.Tasks.EditModeRunTask/<Execute>d__1:MoveNext () (at ./Library/PackageCache/com.unity.test-framework@40e262928427/UnityEditor.TestRunner/TestRun/Tasks/EditModeRunTask.cs:48)
0x000001e977129d5e (Mono JIT Code) UnityEditor.TestTools.TestRunner.TestRun.TestJobRunner:ExecuteStep () (at ./Library/PackageCache/com.unity.test-framework@40e262928427/UnityEditor.TestRunner/TestRun/TestJobRunner.cs:173)
0x000001e977128953 (Mono JIT Code) UnityEditor.TestTools.TestRunner.TestRun.TestJobRunner:ExecuteCallback () (at ./Library/PackageCache/com.unity.test-framework@40e262928427/UnityEditor.TestRunner/TestRun/TestJobRunner.cs:108)
0x000001e99df821b8 (Mono JIT Code) UnityEditor.EditorApplication:Internal_CallUpdateFunctions ()
0x000001e8e6514785 (Mono JIT Code) (wrapper runtime-invoke) object:runtime_invoke_void (object,intptr,intptr,intptr)
0x00007fff3fd16e7e (mono-2.0-bdwgc) mono_jit_runtime_invoke (at C:/build/output/Unity-Technologies/mono/mono/mini/mini-runtime.c:3445)
0x00007fff3fc58874 (mono-2.0-bdwgc) do_runtime_invoke (at C:/build/output/Unity-Technologies/mono/mono/metadata/object.c:3068)
0x00007fff3fc58960 (mono-2.0-bdwgc) mono_runtime_invoke (at C:/build/output/Unity-Technologies/mono/mono/metadata/object.c:3115)
0x00007fff38e4cea4 (Unity) scripting_method_invoke
0x00007fff38e25433 (Unity) ScriptingInvocation::Invoke
0x00007fff38e20b35 (Unity) ScriptingInvocation::Invoke<void>
0x00007fff38f8b4bb (Unity) Scripting::UnityEditor::EditorApplicationProxy::Internal_CallUpdateFunctions
0x00007fff3a07e0e4 (Unity) SceneTracker::Update
0x00007fff39be1247 (Unity) Application::TickTimer
0x00007fff3a1b25ac (Unity) MainMessageLoop
0x00007fff3a1b9d1c (Unity) UnityMain
0x00007ff68b302f2a (Unity) __scrt_common_main_seh
0x00007fffddade8d7 (KERNEL32) BaseThreadInitThunk
0x00007fffde88c53c (ntdll) RtlUserThreadStart

[MouseTracker] PlayerInputHandler not found. Mouse compensation will be disabled.
0x00007fff38f222ae (Unity) StackWalker::ShowCallstack
0x00007fff38f31ee9 (Unity) PlatformStacktrace::GetStacktrace
0x00007fff3a1ac04e (Unity) Stacktrace::GetStacktrace
0x00007fff3a7859df (Unity) DebugStringToFile
0x00007fff37fd2930 (Unity) DebugLogHandler_CUSTOM_Internal_Log
0x000001e9766cbd3e (Mono JIT Code) (wrapper managed-to-native) UnityEngine.DebugLogHandler:Internal_Log_Injected (UnityEngine.LogType,UnityEngine.LogOption,UnityEngine.Bindings.ManagedSpanWrapper&,intptr)
0x000001e9766cbb43 (Mono JIT Code) UnityEngine.DebugLogHandler:Internal_Log (UnityEngine.LogType,UnityEngine.LogOption,string,UnityEngine.Object)
0x000001e9766cb7fb (Mono JIT Code) UnityEngine.DebugLogHandler:LogFormat (UnityEngine.LogType,UnityEngine.Object,string,object[])
0x000001e9766ca6ae (Mono JIT Code) UnityEngine.Logger:Log (UnityEngine.LogType,object)
0x000001e9aa2b404d (Mono JIT Code) UnityEngine.Debug:LogWarning (object)
0x000001e9aa2b33ab (Mono JIT Code) MouseTracker:Initialize (RecoilSystem) (at C:/Users/Ubuntu/Desktop/_DEV/AFFECT-2025-10-11/Assets/_SCRIPTS/_PLAYER/Recoil/MouseTracker.cs:80)
0x000001e976d36246 (Mono JIT Code) RecoilSystem:InitializeModules () (at C:/Users/Ubuntu/Desktop/_DEV/AFFECT-2025-10-11/Assets/_SCRIPTS/_PLAYER/Recoil/RecoilSystem.cs:203)
0x000001e976d33eb3 (Mono JIT Code) RecoilSystem:Initialize () (at C:/Users/Ubuntu/Desktop/_DEV/AFFECT-2025-10-11/Assets/_SCRIPTS/_PLAYER/Recoil/RecoilSystem.cs:165)
0x000001e976d333a3 (Mono JIT Code) RecoilSystem:ForceInitializeForTesting () (at C:/Users/Ubuntu/Desktop/_DEV/AFFECT-2025-10-11/Assets/_SCRIPTS/_PLAYER/Recoil/RecoilSystem.cs:632)
0x000001e976d3c213 (Mono JIT Code) RecoilSystemProperties:Property13_GracefulModuleDegradation () (at C:/Users/Ubuntu/Desktop/_DEV/AFFECT-2025-10-11/Assets/_SCRIPTS/Editor/Properties/RecoilSystemProperties.cs:269)
0x000001e9aa264548 (Mono JIT Code) (wrapper runtime-invoke) object:runtime_invoke_void__this__ (object,intptr,intptr,intptr)
0x00007fff3fd16e7e (mono-2.0-bdwgc) mono_jit_runtime_invoke (at C:/build/output/Unity-Technologies/mono/mono/mini/mini-runtime.c:3445)
0x00007fff3fc58874 (mono-2.0-bdwgc) do_runtime_invoke (at C:/build/output/Unity-Technologies/mono/mono/metadata/object.c:3068)
0x00007fff3fc5f926 (mono-2.0-bdwgc) mono_runtime_try_invoke_array (at C:/build/output/Unity-Technologies/mono/mono/metadata/object.c:5774)
0x00007fff3fb91b81 (mono-2.0-bdwgc) ves_icall_InternalInvoke (at C:/build/output/Unity-Technologies/mono/mono/metadata/icall.c:4038)
0x00007fff3fbb7e31 (mono-2.0-bdwgc) ves_icall_InternalInvoke_raw (at C:/build/output/Unity-Technologies/mono/mono/metadata/icall-def.h:692)
0x000001e8e22b0f92 (Mono JIT Code) (wrapper managed-to-native) System.Reflection.RuntimeMethodInfo:InternalInvoke (System.Reflection.RuntimeMethodInfo,object,object[],System.Exception&)
0x000001e8e3c7ea73 (Mono JIT Code) System.Reflection.RuntimeMethodInfo:Invoke (object,System.Reflection.BindingFlags,System.Reflection.Binder,object[],System.Globalization.CultureInfo)
0x000001e8db9555ef (Mono JIT Code) System.Reflection.MethodBase:Invoke (object,object[])
0x000001e9aa26e783 (Mono JIT Code) NUnit.Framework.Internal.Reflect:InvokeMethod (System.Reflection.MethodInfo,object,object[])
0x000001e9aa2760ab (Mono JIT Code) NUnit.Framework.Internal.MethodWrapper:Invoke (object,object[])
0x000001e9aa275f8a (Mono JIT Code) NUnit.Framework.Internal.Commands.TestMethodCommand:RunNonAsyncTestMethod (NUnit.Framework.Internal.ITestExecutionContext)
0x000001e9aa275dd3 (Mono JIT Code) NUnit.Framework.Internal.Commands.TestMethodCommand:RunTestMethod (NUnit.Framework.Internal.ITestExecutionContext)
0x000001e9aa275973 (Mono JIT Code) NUnit.Framework.Internal.Commands.TestMethodCommand:Execute (NUnit.Framework.Internal.ITestExecutionContext)
0x000001e9aa27556b (Mono JIT Code) UnityEngine.TestTools.UnityTestMethodCommand:Execute (NUnit.Framework.Internal.ITestExecutionContext) (at ./Library/PackageCache/com.unity.test-framework@40e262928427/UnityEngine.TestRunner/NUnitExtensions/Commands/UnityTestMethodCommand.cs:19)
0x000001e9aa2752fb (Mono JIT Code) UnityEngine.TestRunner.NUnitExtensions.Runner.UnityLogCheckDelegatingCommand/<>c__DisplayClass2_0:<Execute>b__0 () (at ./Library/PackageCache/com.unity.test-framework@40e262928427/UnityEngine.TestRunner/NUnitExtensions/Runner/UnityLogCheckDelegatingCommand.cs:24)
0x000001e9aa275123 (Mono JIT Code) UnityEngine.TestRunner.NUnitExtensions.Runner.UnityLogCheckDelegatingCommand:CaptureException (NUnit.Framework.Internal.TestResult,System.Action) (at ./Library/PackageCache/com.unity.test-framework@40e262928427/UnityEngine.TestRunner/NUnitExtensions/Runner/UnityLogCheckDelegatingCommand.cs:72)
0x000001e9aa274fb3 (Mono JIT Code) UnityEngine.TestRunner.NUnitExtensions.Runner.UnityLogCheckDelegatingCommand:ExecuteAndCheckLog (UnityEngine.TestTools.Logging.LogScope,NUnit.Framework.Internal.TestResult,System.Action) (at ./Library/PackageCache/com.unity.test-framework@40e262928427/UnityEngine.TestRunner/NUnitExtensions/Runner/UnityLogCheckDelegatingCommand.cs:83)
0x000001e9aa274c3b (Mono JIT Code) UnityEngine.TestRunner.NUnitExtensions.Runner.UnityLogCheckDelegatingCommand:Execute (NUnit.Framework.Internal.ITestExecutionContext) (at ./Library/PackageCache/com.unity.test-framework@40e262928427/UnityEngine.TestRunner/NUnitExtensions/Runner/UnityLogCheckDelegatingCommand.cs:24)
0x000001e9aa273c19 (Mono JIT Code) UnityEngine.TestRunner.NUnitExtensions.Runner.UnityLogCheckDelegatingCommand/<ExecuteEnumerable>d__3:MoveNext () (at ./Library/PackageCache/com.unity.test-framework@40e262928427/UnityEngine.TestRunner/NUnitExtensions/Runner/UnityLogCheckDelegatingCommand.cs:35)
0x000001e9aa251e01 (Mono JIT Code) UnityEngine.TestTools.BeforeAfterTestCommandBase`1/<ExecuteEnumerable>d__16<T_REF>:MoveNext () (at ./Library/PackageCache/com.unity.test-framework@40e262928427/UnityEngine.TestRunner/NUnitExtensions/Commands/BeforeAfterTestCommandBase.cs:212)
0x000001e9aa272fb6 (Mono JIT Code) UnityEngine.TestTools.ImmediateEnumerableCommand:Execute (NUnit.Framework.Internal.ITestExecutionContext) (at ./Library/PackageCache/com.unity.test-framework@40e262928427/UnityEngine.TestRunner/NUnitExtensions/Commands/ImmediateEnumerableCommand.cs:18)
0x000001e9aa251f01 (Mono JIT Code) UnityEngine.TestTools.BeforeAfterTestCommandBase`1/<ExecuteEnumerable>d__16<T_REF>:MoveNext () (at ./Library/PackageCache/com.unity.test-framework@40e262928427/UnityEngine.TestRunner/NUnitExtensions/Commands/BeforeAfterTestCommandBase.cs:219)
0x000001e9aa251e01 (Mono JIT Code) UnityEngine.TestTools.BeforeAfterTestCommandBase`1/<ExecuteEnumerable>d__16<T_REF>:MoveNext () (at ./Library/PackageCache/com.unity.test-framework@40e262928427/UnityEngine.TestRunner/NUnitExtensions/Commands/BeforeAfterTestCommandBase.cs:212)
0x000001e9aa251e01 (Mono JIT Code) UnityEngine.TestTools.BeforeAfterTestCommandBase`1/<ExecuteEnumerable>d__16<T_REF>:MoveNext () (at ./Library/PackageCache/com.unity.test-framework@40e262928427/UnityEngine.TestRunner/NUnitExtensions/Commands/BeforeAfterTestCommandBase.cs:212)
0x000001e9aa26b457 (Mono JIT Code) UnityEngine.TestTools.RetryCommand/<ExecuteEnumerable>d__2:MoveNext () (at ./Library/PackageCache/com.unity.test-framework@40e262928427/UnityEngine.TestRunner/NUnitExtensions/Commands/RetryCommand.cs:37)
0x000001e9aa269f2f (Mono JIT Code) UnityEngine.TestTools.RepeatCommand/<ExecuteEnumerable>d__2:MoveNext () (at ./Library/PackageCache/com.unity.test-framework@40e262928427/UnityEngine.TestRunner/NUnitExtensions/Commands/RepeatCommand.cs:36)
0x000001e9aa268fa6 (Mono JIT Code) UnityEngine.TestTools.IgnoreTestCommand/<ExecuteEnumerable>d__3:MoveNext () (at ./Library/PackageCache/com.unity.test-framework@40e262928427/UnityEngine.TestRunner/NUnitExtensions/Commands/IgnoreTestCommand.cs:42)
0x000001e9aa267c7f (Mono JIT Code) UnityEngine.TestTools.StrictCheckCommand/<ExecuteEnumerable>d__2:MoveNext () (at ./Library/PackageCache/com.unity.test-framework@40e262928427/UnityEngine.TestRunner/NUnitExtensions/Commands/StrictCheckCommand.cs:29)
0x000001e9aa266fe1 (Mono JIT Code) UnityEngine.TestRunner.NUnitExtensions.Runner.DefaultTestWorkItem/<PerformWork>d__2:MoveNext () (at ./Library/PackageCache/com.unity.test-framework@40e262928427/UnityEngine.TestRunner/NUnitExtensions/Runner/DefaultTestWorkItem.cs:50)
0x000001e9aa255e12 (Mono JIT Code) UnityEngine.TestRunner.NUnitExtensions.Runner.CompositeWorkItem/<RunChildren>d__17:MoveNext () (at ./Library/PackageCache/com.unity.test-framework@40e262928427/UnityEngine.TestRunner/NUnitExtensions/Runner/CompositeWorkItem.cs:207)
0x000001e9aa247756 (Mono JIT Code) UnityEngine.TestRunner.NUnitExtensions.Runner.CompositeWorkItem/<PerformWork>d__13:MoveNext () (at ./Library/PackageCache/com.unity.test-framework@40e262928427/UnityEngine.TestRunner/NUnitExtensions/Runner/CompositeWorkItem.cs:82)
0x000001e9aa255e12 (Mono JIT Code) UnityEngine.TestRunner.NUnitExtensions.Runner.CompositeWorkItem/<RunChildren>d__17:MoveNext () (at ./Library/PackageCache/com.unity.test-framework@40e262928427/UnityEngine.TestRunner/NUnitExtensions/Runner/CompositeWorkItem.cs:207)
0x000001e9aa247756 (Mono JIT Code) UnityEngine.TestRunner.NUnitExtensions.Runner.CompositeWorkItem/<PerformWork>d__13:MoveNext () (at ./Library/PackageCache/com.unity.test-framework@40e262928427/UnityEngine.TestRunner/NUnitExtensions/Runner/CompositeWorkItem.cs:82)
0x000001e9aa255e12 (Mono JIT Code) UnityEngine.TestRunner.NUnitExtensions.Runner.CompositeWorkItem/<RunChildren>d__17:MoveNext () (at ./Library/PackageCache/com.unity.test-framework@40e262928427/UnityEngine.TestRunner/NUnitExtensions/Runner/CompositeWorkItem.cs:207)
0x000001e9aa247756 (Mono JIT Code) UnityEngine.TestRunner.NUnitExtensions.Runner.CompositeWorkItem/<PerformWork>d__13:MoveNext () (at ./Library/PackageCache/com.unity.test-framework@40e262928427/UnityEngine.TestRunner/NUnitExtensions/Runner/CompositeWorkItem.cs:82)
0x000001e9aa245fcc (Mono JIT Code) UnityEditor.TestTools.TestRunner.EditModeRunner:MoveNextAndUpdateYieldObject () (at ./Library/PackageCache/com.unity.test-framework@40e262928427/UnityEditor.TestRunner/TestRunner/EditModeRunner.cs:167)
0x000001e9aa245b7b (Mono JIT Code) UnityEditor.TestTools.TestRunner.EditModeRunner:TestConsumer (UnityEditor.TestTools.TestRunner.TestRunnerStateSerializer) (at ./Library/PackageCache/com.unity.test-framework@40e262928427/UnityEditor.TestRunner/TestRunner/EditModeRunner.cs:200)
0x000001e9aa23c173 (Mono JIT Code) UnityEditor.TestTools.TestRunner.TestRun.Tasks.EditModeRunTask/<Execute>d__1:MoveNext () (at ./Library/PackageCache/com.unity.test-framework@40e262928427/UnityEditor.TestRunner/TestRun/Tasks/EditModeRunTask.cs:48)
0x000001e977129d5e (Mono JIT Code) UnityEditor.TestTools.TestRunner.TestRun.TestJobRunner:ExecuteStep () (at ./Library/PackageCache/com.unity.test-framework@40e262928427/UnityEditor.TestRunner/TestRun/TestJobRunner.cs:173)
0x000001e977128953 (Mono JIT Code) UnityEditor.TestTools.TestRunner.TestRun.TestJobRunner:ExecuteCallback () (at ./Library/PackageCache/com.unity.test-framework@40e262928427/UnityEditor.TestRunner/TestRun/TestJobRunner.cs:108)
0x000001e99df821b8 (Mono JIT Code) UnityEditor.EditorApplication:Internal_CallUpdateFunctions ()
0x000001e8e6514785 (Mono JIT Code) (wrapper runtime-invoke) object:runtime_invoke_void (object,intptr,intptr,intptr)
0x00007fff3fd16e7e (mono-2.0-bdwgc) mono_jit_runtime_invoke (at C:/build/output/Unity-Technologies/mono/mono/mini/mini-runtime.c:3445)
0x00007fff3fc58874 (mono-2.0-bdwgc) do_runtime_invoke (at C:/build/output/Unity-Technologies/mono/mono/metadata/object.c:3068)
0x00007fff3fc58960 (mono-2.0-bdwgc) mono_runtime_invoke (at C:/build/output/Unity-Technologies/mono/mono/metadata/object.c:3115)
0x00007fff38e4cea4 (Unity) scripting_method_invoke
0x00007fff38e25433 (Unity) ScriptingInvocation::Invoke
0x00007fff38e20b35 (Unity) ScriptingInvocation::Invoke<void>
0x00007fff38f8b4bb (Unity) Scripting::UnityEditor::EditorApplicationProxy::Internal_CallUpdateFunctions
0x00007fff3a07e0e4 (Unity) SceneTracker::Update
0x00007fff39be1247 (Unity) Application::TickTimer
0x00007fff3a1b25ac (Unity) MainMessageLoop
0x00007fff3a1b9d1c (Unity) UnityMain
0x00007ff68b302f2a (Unity) __scrt_common_main_seh
0x00007fffddade8d7 (KERNEL32) BaseThreadInitThunk
0x00007fffde88c53c (ntdll) RtlUserThreadStart

[MouseTracker] PlayerInputHandler not found. Mouse compensation will be disabled.
0x00007fff38f222ae (Unity) StackWalker::ShowCallstack
0x00007fff38f31ee9 (Unity) PlatformStacktrace::GetStacktrace
0x00007fff3a1ac04e (Unity) Stacktrace::GetStacktrace
0x00007fff3a7859df (Unity) DebugStringToFile
0x00007fff37fd2930 (Unity) DebugLogHandler_CUSTOM_Internal_Log
0x000001e9766cbd3e (Mono JIT Code) (wrapper managed-to-native) UnityEngine.DebugLogHandler:Internal_Log_Injected (UnityEngine.LogType,UnityEngine.LogOption,UnityEngine.Bindings.ManagedSpanWrapper&,intptr)
0x000001e9766cbb43 (Mono JIT Code) UnityEngine.DebugLogHandler:Internal_Log (UnityEngine.LogType,UnityEngine.LogOption,string,UnityEngine.Object)
0x000001e9766cb7fb (Mono JIT Code) UnityEngine.DebugLogHandler:LogFormat (UnityEngine.LogType,UnityEngine.Object,string,object[])
0x000001e9766ca6ae (Mono JIT Code) UnityEngine.Logger:Log (UnityEngine.LogType,object)
0x000001e9aa2b404d (Mono JIT Code) UnityEngine.Debug:LogWarning (object)
0x000001e9aa2b33ab (Mono JIT Code) MouseTracker:Initialize (RecoilSystem) (at C:/Users/Ubuntu/Desktop/_DEV/AFFECT-2025-10-11/Assets/_SCRIPTS/_PLAYER/Recoil/MouseTracker.cs:80)
0x000001e976d36246 (Mono JIT Code) RecoilSystem:InitializeModules () (at C:/Users/Ubuntu/Desktop/_DEV/AFFECT-2025-10-11/Assets/_SCRIPTS/_PLAYER/Recoil/RecoilSystem.cs:203)
0x000001e976d33eb3 (Mono JIT Code) RecoilSystem:Initialize () (at C:/Users/Ubuntu/Desktop/_DEV/AFFECT-2025-10-11/Assets/_SCRIPTS/_PLAYER/Recoil/RecoilSystem.cs:165)
0x000001e976d333a3 (Mono JIT Code) RecoilSystem:ForceInitializeForTesting () (at C:/Users/Ubuntu/Desktop/_DEV/AFFECT-2025-10-11/Assets/_SCRIPTS/_PLAYER/Recoil/RecoilSystem.cs:632)
0x000001e976d3c213 (Mono JIT Code) RecoilSystemProperties:Property13_GracefulModuleDegradation () (at C:/Users/Ubuntu/Desktop/_DEV/AFFECT-2025-10-11/Assets/_SCRIPTS/Editor/Properties/RecoilSystemProperties.cs:269)
0x000001e9aa264548 (Mono JIT Code) (wrapper runtime-invoke) object:runtime_invoke_void__this__ (object,intptr,intptr,intptr)
0x00007fff3fd16e7e (mono-2.0-bdwgc) mono_jit_runtime_invoke (at C:/build/output/Unity-Technologies/mono/mono/mini/mini-runtime.c:3445)
0x00007fff3fc58874 (mono-2.0-bdwgc) do_runtime_invoke (at C:/build/output/Unity-Technologies/mono/mono/metadata/object.c:3068)
0x00007fff3fc5f926 (mono-2.0-bdwgc) mono_runtime_try_invoke_array (at C:/build/output/Unity-Technologies/mono/mono/metadata/object.c:5774)
0x00007fff3fb91b81 (mono-2.0-bdwgc) ves_icall_InternalInvoke (at C:/build/output/Unity-Technologies/mono/mono/metadata/icall.c:4038)
0x00007fff3fbb7e31 (mono-2.0-bdwgc) ves_icall_InternalInvoke_raw (at C:/build/output/Unity-Technologies/mono/mono/metadata/icall-def.h:692)
0x000001e8e22b0f92 (Mono JIT Code) (wrapper managed-to-native) System.Reflection.RuntimeMethodInfo:InternalInvoke (System.Reflection.RuntimeMethodInfo,object,object[],System.Exception&)
0x000001e8e3c7ea73 (Mono JIT Code) System.Reflection.RuntimeMethodInfo:Invoke (object,System.Reflection.BindingFlags,System.Reflection.Binder,object[],System.Globalization.CultureInfo)
0x000001e8db9555ef (Mono JIT Code) System.Reflection.MethodBase:Invoke (object,object[])
0x000001e9aa26e783 (Mono JIT Code) NUnit.Framework.Internal.Reflect:InvokeMethod (System.Reflection.MethodInfo,object,object[])
0x000001e9aa2760ab (Mono JIT Code) NUnit.Framework.Internal.MethodWrapper:Invoke (object,object[])
0x000001e9aa275f8a (Mono JIT Code) NUnit.Framework.Internal.Commands.TestMethodCommand:RunNonAsyncTestMethod (NUnit.Framework.Internal.ITestExecutionContext)
0x000001e9aa275dd3 (Mono JIT Code) NUnit.Framework.Internal.Commands.TestMethodCommand:RunTestMethod (NUnit.Framework.Internal.ITestExecutionContext)
0x000001e9aa275973 (Mono JIT Code) NUnit.Framework.Internal.Commands.TestMethodCommand:Execute (NUnit.Framework.Internal.ITestExecutionContext)
0x000001e9aa27556b (Mono JIT Code) UnityEngine.TestTools.UnityTestMethodCommand:Execute (NUnit.Framework.Internal.ITestExecutionContext) (at ./Library/PackageCache/com.unity.test-framework@40e262928427/UnityEngine.TestRunner/NUnitExtensions/Commands/UnityTestMethodCommand.cs:19)
0x000001e9aa2752fb (Mono JIT Code) UnityEngine.TestRunner.NUnitExtensions.Runner.UnityLogCheckDelegatingCommand/<>c__DisplayClass2_0:<Execute>b__0 () (at ./Library/PackageCache/com.unity.test-framework@40e262928427/UnityEngine.TestRunner/NUnitExtensions/Runner/UnityLogCheckDelegatingCommand.cs:24)
0x000001e9aa275123 (Mono JIT Code) UnityEngine.TestRunner.NUnitExtensions.Runner.UnityLogCheckDelegatingCommand:CaptureException (NUnit.Framework.Internal.TestResult,System.Action) (at ./Library/PackageCache/com.unity.test-framework@40e262928427/UnityEngine.TestRunner/NUnitExtensions/Runner/UnityLogCheckDelegatingCommand.cs:72)
0x000001e9aa274fb3 (Mono JIT Code) UnityEngine.TestRunner.NUnitExtensions.Runner.UnityLogCheckDelegatingCommand:ExecuteAndCheckLog (UnityEngine.TestTools.Logging.LogScope,NUnit.Framework.Internal.TestResult,System.Action) (at ./Library/PackageCache/com.unity.test-framework@40e262928427/UnityEngine.TestRunner/NUnitExtensions/Runner/UnityLogCheckDelegatingCommand.cs:83)
0x000001e9aa274c3b (Mono JIT Code) UnityEngine.TestRunner.NUnitExtensions.Runner.UnityLogCheckDelegatingCommand:Execute (NUnit.Framework.Internal.ITestExecutionContext) (at ./Library/PackageCache/com.unity.test-framework@40e262928427/UnityEngine.TestRunner/NUnitExtensions/Runner/UnityLogCheckDelegatingCommand.cs:24)
0x000001e9aa273c19 (Mono JIT Code) UnityEngine.TestRunner.NUnitExtensions.Runner.UnityLogCheckDelegatingCommand/<ExecuteEnumerable>d__3:MoveNext () (at ./Library/PackageCache/com.unity.test-framework@40e262928427/UnityEngine.TestRunner/NUnitExtensions/Runner/UnityLogCheckDelegatingCommand.cs:35)
0x000001e9aa251e01 (Mono JIT Code) UnityEngine.TestTools.BeforeAfterTestCommandBase`1/<ExecuteEnumerable>d__16<T_REF>:MoveNext () (at ./Library/PackageCache/com.unity.test-framework@40e262928427/UnityEngine.TestRunner/NUnitExtensions/Commands/BeforeAfterTestCommandBase.cs:212)
0x000001e9aa272fb6 (Mono JIT Code) UnityEngine.TestTools.ImmediateEnumerableCommand:Execute (NUnit.Framework.Internal.ITestExecutionContext) (at ./Library/PackageCache/com.unity.test-framework@40e262928427/UnityEngine.TestRunner/NUnitExtensions/Commands/ImmediateEnumerableCommand.cs:18)
0x000001e9aa251f01 (Mono JIT Code) UnityEngine.TestTools.BeforeAfterTestCommandBase`1/<ExecuteEnumerable>d__16<T_REF>:MoveNext () (at ./Library/PackageCache/com.unity.test-framework@40e262928427/UnityEngine.TestRunner/NUnitExtensions/Commands/BeforeAfterTestCommandBase.cs:219)
0x000001e9aa251e01 (Mono JIT Code) UnityEngine.TestTools.BeforeAfterTestCommandBase`1/<ExecuteEnumerable>d__16<T_REF>:MoveNext () (at ./Library/PackageCache/com.unity.test-framework@40e262928427/UnityEngine.TestRunner/NUnitExtensions/Commands/BeforeAfterTestCommandBase.cs:212)
0x000001e9aa251e01 (Mono JIT Code) UnityEngine.TestTools.BeforeAfterTestCommandBase`1/<ExecuteEnumerable>d__16<T_REF>:MoveNext () (at ./Library/PackageCache/com.unity.test-framework@40e262928427/UnityEngine.TestRunner/NUnitExtensions/Commands/BeforeAfterTestCommandBase.cs:212)
0x000001e9aa26b457 (Mono JIT Code) UnityEngine.TestTools.RetryCommand/<ExecuteEnumerable>d__2:MoveNext () (at ./Library/PackageCache/com.unity.test-framework@40e262928427/UnityEngine.TestRunner/NUnitExtensions/Commands/RetryCommand.cs:37)
0x000001e9aa269f2f (Mono JIT Code) UnityEngine.TestTools.RepeatCommand/<ExecuteEnumerable>d__2:MoveNext () (at ./Library/PackageCache/com.unity.test-framework@40e262928427/UnityEngine.TestRunner/NUnitExtensions/Commands/RepeatCommand.cs:36)
0x000001e9aa268fa6 (Mono JIT Code) UnityEngine.TestTools.IgnoreTestCommand/<ExecuteEnumerable>d__3:MoveNext () (at ./Library/PackageCache/com.unity.test-framework@40e262928427/UnityEngine.TestRunner/NUnitExtensions/Commands/IgnoreTestCommand.cs:42)
0x000001e9aa267c7f (Mono JIT Code) UnityEngine.TestTools.StrictCheckCommand/<ExecuteEnumerable>d__2:MoveNext () (at ./Library/PackageCache/com.unity.test-framework@40e262928427/UnityEngine.TestRunner/NUnitExtensions/Commands/StrictCheckCommand.cs:29)
0x000001e9aa266fe1 (Mono JIT Code) UnityEngine.TestRunner.NUnitExtensions.Runner.DefaultTestWorkItem/<PerformWork>d__2:MoveNext () (at ./Library/PackageCache/com.unity.test-framework@40e262928427/UnityEngine.TestRunner/NUnitExtensions/Runner/DefaultTestWorkItem.cs:50)
0x000001e9aa255e12 (Mono JIT Code) UnityEngine.TestRunner.NUnitExtensions.Runner.CompositeWorkItem/<RunChildren>d__17:MoveNext () (at ./Library/PackageCache/com.unity.test-framework@40e262928427/UnityEngine.TestRunner/NUnitExtensions/Runner/CompositeWorkItem.cs:207)
0x000001e9aa247756 (Mono JIT Code) UnityEngine.TestRunner.NUnitExtensions.Runner.CompositeWorkItem/<PerformWork>d__13:MoveNext () (at ./Library/PackageCache/com.unity.test-framework@40e262928427/UnityEngine.TestRunner/NUnitExtensions/Runner/CompositeWorkItem.cs:82)
0x000001e9aa255e12 (Mono JIT Code) UnityEngine.TestRunner.NUnitExtensions.Runner.CompositeWorkItem/<RunChildren>d__17:MoveNext () (at ./Library/PackageCache/com.unity.test-framework@40e262928427/UnityEngine.TestRunner/NUnitExtensions/Runner/CompositeWorkItem.cs:207)
0x000001e9aa247756 (Mono JIT Code) UnityEngine.TestRunner.NUnitExtensions.Runner.CompositeWorkItem/<PerformWork>d__13:MoveNext () (at ./Library/PackageCache/com.unity.test-framework@40e262928427/UnityEngine.TestRunner/NUnitExtensions/Runner/CompositeWorkItem.cs:82)
0x000001e9aa255e12 (Mono JIT Code) UnityEngine.TestRunner.NUnitExtensions.Runner.CompositeWorkItem/<RunChildren>d__17:MoveNext () (at ./Library/PackageCache/com.unity.test-framework@40e262928427/UnityEngine.TestRunner/NUnitExtensions/Runner/CompositeWorkItem.cs:207)
0x000001e9aa247756 (Mono JIT Code) UnityEngine.TestRunner.NUnitExtensions.Runner.CompositeWorkItem/<PerformWork>d__13:MoveNext () (at ./Library/PackageCache/com.unity.test-framework@40e262928427/UnityEngine.TestRunner/NUnitExtensions/Runner/CompositeWorkItem.cs:82)
0x000001e9aa245fcc (Mono JIT Code) UnityEditor.TestTools.TestRunner.EditModeRunner:MoveNextAndUpdateYieldObject () (at ./Library/PackageCache/com.unity.test-framework@40e262928427/UnityEditor.TestRunner/TestRunner/EditModeRunner.cs:167)
0x000001e9aa245b7b (Mono JIT Code) UnityEditor.TestTools.TestRunner.EditModeRunner:TestConsumer (UnityEditor.TestTools.TestRunner.TestRunnerStateSerializer) (at ./Library/PackageCache/com.unity.test-framework@40e262928427/UnityEditor.TestRunner/TestRunner/EditModeRunner.cs:200)
0x000001e9aa23c173 (Mono JIT Code) UnityEditor.TestTools.TestRunner.TestRun.Tasks.EditModeRunTask/<Execute>d__1:MoveNext () (at ./Library/PackageCache/com.unity.test-framework@40e262928427/UnityEditor.TestRunner/TestRun/Tasks/EditModeRunTask.cs:48)
0x000001e977129d5e (Mono JIT Code) UnityEditor.TestTools.TestRunner.TestRun.TestJobRunner:ExecuteStep () (at ./Library/PackageCache/com.unity.test-framework@40e262928427/UnityEditor.TestRunner/TestRun/TestJobRunner.cs:173)
0x000001e977128953 (Mono JIT Code) UnityEditor.TestTools.TestRunner.TestRun.TestJobRunner:ExecuteCallback () (at ./Library/PackageCache/com.unity.test-framework@40e262928427/UnityEditor.TestRunner/TestRun/TestJobRunner.cs:108)
0x000001e99df821b8 (Mono JIT Code) UnityEditor.EditorApplication:Internal_CallUpdateFunctions ()
0x000001e8e6514785 (Mono JIT Code) (wrapper runtime-invoke) object:runtime_invoke_void (object,intptr,intptr,intptr)
0x00007fff3fd16e7e (mono-2.0-bdwgc) mono_jit_runtime_invoke (at C:/build/output/Unity-Technologies/mono/mono/mini/mini-runtime.c:3445)
0x00007fff3fc58874 (mono-2.0-bdwgc) do_runtime_invoke (at C:/build/output/Unity-Technologies/mono/mono/metadata/object.c:3068)
0x00007fff3fc58960 (mono-2.0-bdwgc) mono_runtime_invoke (at C:/build/output/Unity-Technologies/mono/mono/metadata/object.c:3115)
0x00007fff38e4cea4 (Unity) scripting_method_invoke
0x00007fff38e25433 (Unity) ScriptingInvocation::Invoke
0x00007fff38e20b35 (Unity) ScriptingInvocation::Invoke<void>
0x00007fff38f8b4bb (Unity) Scripting::UnityEditor::EditorApplicationProxy::Internal_CallUpdateFunctions
0x00007fff3a07e0e4 (Unity) SceneTracker::Update
0x00007fff39be1247 (Unity) Application::TickTimer
0x00007fff3a1b25ac (Unity) MainMessageLoop
0x00007fff3a1b9d1c (Unity) UnityMain
0x00007ff68b302f2a (Unity) __scrt_common_main_seh
0x00007fffddade8d7 (KERNEL32) BaseThreadInitThunk
0x00007fffde88c53c (ntdll) RtlUserThreadStart

[MouseTracker] PlayerInputHandler not found. Mouse compensation will be disabled.
0x00007fff38f222ae (Unity) StackWalker::ShowCallstack
0x00007fff38f31ee9 (Unity) PlatformStacktrace::GetStacktrace
0x00007fff3a1ac04e (Unity) Stacktrace::GetStacktrace
0x00007fff3a7859df (Unity) DebugStringToFile
0x00007fff37fd2930 (Unity) DebugLogHandler_CUSTOM_Internal_Log
0x000001e9766cbd3e (Mono JIT Code) (wrapper managed-to-native) UnityEngine.DebugLogHandler:Internal_Log_Injected (UnityEngine.LogType,UnityEngine.LogOption,UnityEngine.Bindings.ManagedSpanWrapper&,intptr)
0x000001e9766cbb43 (Mono JIT Code) UnityEngine.DebugLogHandler:Internal_Log (UnityEngine.LogType,UnityEngine.LogOption,string,UnityEngine.Object)
0x000001e9766cb7fb (Mono JIT Code) UnityEngine.DebugLogHandler:LogFormat (UnityEngine.LogType,UnityEngine.Object,string,object[])
0x000001e9766ca6ae (Mono JIT Code) UnityEngine.Logger:Log (UnityEngine.LogType,object)
0x000001e9aa2b404d (Mono JIT Code) UnityEngine.Debug:LogWarning (object)
0x000001e9aa2b33ab (Mono JIT Code) MouseTracker:Initialize (RecoilSystem) (at C:/Users/Ubuntu/Desktop/_DEV/AFFECT-2025-10-11/Assets/_SCRIPTS/_PLAYER/Recoil/MouseTracker.cs:80)
0x000001e976d36246 (Mono JIT Code) RecoilSystem:InitializeModules () (at C:/Users/Ubuntu/Desktop/_DEV/AFFECT-2025-10-11/Assets/_SCRIPTS/_PLAYER/Recoil/RecoilSystem.cs:203)
0x000001e976d33eb3 (Mono JIT Code) RecoilSystem:Initialize () (at C:/Users/Ubuntu/Desktop/_DEV/AFFECT-2025-10-11/Assets/_SCRIPTS/_PLAYER/Recoil/RecoilSystem.cs:165)
0x000001e976d333a3 (Mono JIT Code) RecoilSystem:ForceInitializeForTesting () (at C:/Users/Ubuntu/Desktop/_DEV/AFFECT-2025-10-11/Assets/_SCRIPTS/_PLAYER/Recoil/RecoilSystem.cs:632)
0x000001e976d3c213 (Mono JIT Code) RecoilSystemProperties:Property13_GracefulModuleDegradation () (at C:/Users/Ubuntu/Desktop/_DEV/AFFECT-2025-10-11/Assets/_SCRIPTS/Editor/Properties/RecoilSystemProperties.cs:269)
0x000001e9aa264548 (Mono JIT Code) (wrapper runtime-invoke) object:runtime_invoke_void__this__ (object,intptr,intptr,intptr)
0x00007fff3fd16e7e (mono-2.0-bdwgc) mono_jit_runtime_invoke (at C:/build/output/Unity-Technologies/mono/mono/mini/mini-runtime.c:3445)
0x00007fff3fc58874 (mono-2.0-bdwgc) do_runtime_invoke (at C:/build/output/Unity-Technologies/mono/mono/metadata/object.c:3068)
0x00007fff3fc5f926 (mono-2.0-bdwgc) mono_runtime_try_invoke_array (at C:/build/output/Unity-Technologies/mono/mono/metadata/object.c:5774)
0x00007fff3fb91b81 (mono-2.0-bdwgc) ves_icall_InternalInvoke (at C:/build/output/Unity-Technologies/mono/mono/metadata/icall.c:4038)
0x00007fff3fbb7e31 (mono-2.0-bdwgc) ves_icall_InternalInvoke_raw (at C:/build/output/Unity-Technologies/mono/mono/metadata/icall-def.h:692)
0x000001e8e22b0f92 (Mono JIT Code) (wrapper managed-to-native) System.Reflection.RuntimeMethodInfo:InternalInvoke (System.Reflection.RuntimeMethodInfo,object,object[],System.Exception&)
0x000001e8e3c7ea73 (Mono JIT Code) System.Reflection.RuntimeMethodInfo:Invoke (object,System.Reflection.BindingFlags,System.Reflection.Binder,object[],System.Globalization.CultureInfo)
0x000001e8db9555ef (Mono JIT Code) System.Reflection.MethodBase:Invoke (object,object[])
0x000001e9aa26e783 (Mono JIT Code) NUnit.Framework.Internal.Reflect:InvokeMethod (System.Reflection.MethodInfo,object,object[])
0x000001e9aa2760ab (Mono JIT Code) NUnit.Framework.Internal.MethodWrapper:Invoke (object,object[])
0x000001e9aa275f8a (Mono JIT Code) NUnit.Framework.Internal.Commands.TestMethodCommand:RunNonAsyncTestMethod (NUnit.Framework.Internal.ITestExecutionContext)
0x000001e9aa275dd3 (Mono JIT Code) NUnit.Framework.Internal.Commands.TestMethodCommand:RunTestMethod (NUnit.Framework.Internal.ITestExecutionContext)
0x000001e9aa275973 (Mono JIT Code) NUnit.Framework.Internal.Commands.TestMethodCommand:Execute (NUnit.Framework.Internal.ITestExecutionContext)
0x000001e9aa27556b (Mono JIT Code) UnityEngine.TestTools.UnityTestMethodCommand:Execute (NUnit.Framework.Internal.ITestExecutionContext) (at ./Library/PackageCache/com.unity.test-framework@40e262928427/UnityEngine.TestRunner/NUnitExtensions/Commands/UnityTestMethodCommand.cs:19)
0x000001e9aa2752fb (Mono JIT Code) UnityEngine.TestRunner.NUnitExtensions.Runner.UnityLogCheckDelegatingCommand/<>c__DisplayClass2_0:<Execute>b__0 () (at ./Library/PackageCache/com.unity.test-framework@40e262928427/UnityEngine.TestRunner/NUnitExtensions/Runner/UnityLogCheckDelegatingCommand.cs:24)
0x000001e9aa275123 (Mono JIT Code) UnityEngine.TestRunner.NUnitExtensions.Runner.UnityLogCheckDelegatingCommand:CaptureException (NUnit.Framework.Internal.TestResult,System.Action) (at ./Library/PackageCache/com.unity.test-framework@40e262928427/UnityEngine.TestRunner/NUnitExtensions/Runner/UnityLogCheckDelegatingCommand.cs:72)
0x000001e9aa274fb3 (Mono JIT Code) UnityEngine.TestRunner.NUnitExtensions.Runner.UnityLogCheckDelegatingCommand:ExecuteAndCheckLog (UnityEngine.TestTools.Logging.LogScope,NUnit.Framework.Internal.TestResult,System.Action) (at ./Library/PackageCache/com.unity.test-framework@40e262928427/UnityEngine.TestRunner/NUnitExtensions/Runner/UnityLogCheckDelegatingCommand.cs:83)
0x000001e9aa274c3b (Mono JIT Code) UnityEngine.TestRunner.NUnitExtensions.Runner.UnityLogCheckDelegatingCommand:Execute (NUnit.Framework.Internal.ITestExecutionContext) (at ./Library/PackageCache/com.unity.test-framework@40e262928427/UnityEngine.TestRunner/NUnitExtensions/Runner/UnityLogCheckDelegatingCommand.cs:24)
0x000001e9aa273c19 (Mono JIT Code) UnityEngine.TestRunner.NUnitExtensions.Runner.UnityLogCheckDelegatingCommand/<ExecuteEnumerable>d__3:MoveNext () (at ./Library/PackageCache/com.unity.test-framework@40e262928427/UnityEngine.TestRunner/NUnitExtensions/Runner/UnityLogCheckDelegatingCommand.cs:35)
0x000001e9aa251e01 (Mono JIT Code) UnityEngine.TestTools.BeforeAfterTestCommandBase`1/<ExecuteEnumerable>d__16<T_REF>:MoveNext () (at ./Library/PackageCache/com.unity.test-framework@40e262928427/UnityEngine.TestRunner/NUnitExtensions/Commands/BeforeAfterTestCommandBase.cs:212)
0x000001e9aa272fb6 (Mono JIT Code) UnityEngine.TestTools.ImmediateEnumerableCommand:Execute (NUnit.Framework.Internal.ITestExecutionContext) (at ./Library/PackageCache/com.unity.test-framework@40e262928427/UnityEngine.TestRunner/NUnitExtensions/Commands/ImmediateEnumerableCommand.cs:18)
0x000001e9aa251f01 (Mono JIT Code) UnityEngine.TestTools.BeforeAfterTestCommandBase`1/<ExecuteEnumerable>d__16<T_REF>:MoveNext () (at ./Library/PackageCache/com.unity.test-framework@40e262928427/UnityEngine.TestRunner/NUnitExtensions/Commands/BeforeAfterTestCommandBase.cs:219)
0x000001e9aa251e01 (Mono JIT Code) UnityEngine.TestTools.BeforeAfterTestCommandBase`1/<ExecuteEnumerable>d__16<T_REF>:MoveNext () (at ./Library/PackageCache/com.unity.test-framework@40e262928427/UnityEngine.TestRunner/NUnitExtensions/Commands/BeforeAfterTestCommandBase.cs:212)
0x000001e9aa251e01 (Mono JIT Code) UnityEngine.TestTools.BeforeAfterTestCommandBase`1/<ExecuteEnumerable>d__16<T_REF>:MoveNext () (at ./Library/PackageCache/com.unity.test-framework@40e262928427/UnityEngine.TestRunner/NUnitExtensions/Commands/BeforeAfterTestCommandBase.cs:212)
0x000001e9aa26b457 (Mono JIT Code) UnityEngine.TestTools.RetryCommand/<ExecuteEnumerable>d__2:MoveNext () (at ./Library/PackageCache/com.unity.test-framework@40e262928427/UnityEngine.TestRunner/NUnitExtensions/Commands/RetryCommand.cs:37)
0x000001e9aa269f2f (Mono JIT Code) UnityEngine.TestTools.RepeatCommand/<ExecuteEnumerable>d__2:MoveNext () (at ./Library/PackageCache/com.unity.test-framework@40e262928427/UnityEngine.TestRunner/NUnitExtensions/Commands/RepeatCommand.cs:36)
0x000001e9aa268fa6 (Mono JIT Code) UnityEngine.TestTools.IgnoreTestCommand/<ExecuteEnumerable>d__3:MoveNext () (at ./Library/PackageCache/com.unity.test-framework@40e262928427/UnityEngine.TestRunner/NUnitExtensions/Commands/IgnoreTestCommand.cs:42)
0x000001e9aa267c7f (Mono JIT Code) UnityEngine.TestTools.StrictCheckCommand/<ExecuteEnumerable>d__2:MoveNext () (at ./Library/PackageCache/com.unity.test-framework@40e262928427/UnityEngine.TestRunner/NUnitExtensions/Commands/StrictCheckCommand.cs:29)
0x000001e9aa266fe1 (Mono JIT Code) UnityEngine.TestRunner.NUnitExtensions.Runner.DefaultTestWorkItem/<PerformWork>d__2:MoveNext () (at ./Library/PackageCache/com.unity.test-framework@40e262928427/UnityEngine.TestRunner/NUnitExtensions/Runner/DefaultTestWorkItem.cs:50)
0x000001e9aa255e12 (Mono JIT Code) UnityEngine.TestRunner.NUnitExtensions.Runner.CompositeWorkItem/<RunChildren>d__17:MoveNext () (at ./Library/PackageCache/com.unity.test-framework@40e262928427/UnityEngine.TestRunner/NUnitExtensions/Runner/CompositeWorkItem.cs:207)
0x000001e9aa247756 (Mono JIT Code) UnityEngine.TestRunner.NUnitExtensions.Runner.CompositeWorkItem/<PerformWork>d__13:MoveNext () (at ./Library/PackageCache/com.unity.test-framework@40e262928427/UnityEngine.TestRunner/NUnitExtensions/Runner/CompositeWorkItem.cs:82)
0x000001e9aa255e12 (Mono JIT Code) UnityEngine.TestRunner.NUnitExtensions.Runner.CompositeWorkItem/<RunChildren>d__17:MoveNext () (at ./Library/PackageCache/com.unity.test-framework@40e262928427/UnityEngine.TestRunner/NUnitExtensions/Runner/CompositeWorkItem.cs:207)
0x000001e9aa247756 (Mono JIT Code) UnityEngine.TestRunner.NUnitExtensions.Runner.CompositeWorkItem/<PerformWork>d__13:MoveNext () (at ./Library/PackageCache/com.unity.test-framework@40e262928427/UnityEngine.TestRunner/NUnitExtensions/Runner/CompositeWorkItem.cs:82)
0x000001e9aa255e12 (Mono JIT Code) UnityEngine.TestRunner.NUnitExtensions.Runner.CompositeWorkItem/<RunChildren>d__17:MoveNext () (at ./Library/PackageCache/com.unity.test-framework@40e262928427/UnityEngine.TestRunner/NUnitExtensions/Runner/CompositeWorkItem.cs:207)
0x000001e9aa247756 (Mono JIT Code) UnityEngine.TestRunner.NUnitExtensions.Runner.CompositeWorkItem/<PerformWork>d__13:MoveNext () (at ./Library/PackageCache/com.unity.test-framework@40e262928427/UnityEngine.TestRunner/NUnitExtensions/Runner/CompositeWorkItem.cs:82)
0x000001e9aa245fcc (Mono JIT Code) UnityEditor.TestTools.TestRunner.EditModeRunner:MoveNextAndUpdateYieldObject () (at ./Library/PackageCache/com.unity.test-framework@40e262928427/UnityEditor.TestRunner/TestRunner/EditModeRunner.cs:167)
0x000001e9aa245b7b (Mono JIT Code) UnityEditor.TestTools.TestRunner.EditModeRunner:TestConsumer (UnityEditor.TestTools.TestRunner.TestRunnerStateSerializer) (at ./Library/PackageCache/com.unity.test-framework@40e262928427/UnityEditor.TestRunner/TestRunner/EditModeRunner.cs:200)
0x000001e9aa23c173 (Mono JIT Code) UnityEditor.TestTools.TestRunner.TestRun.Tasks.EditModeRunTask/<Execute>d__1:MoveNext () (at ./Library/PackageCache/com.unity.test-framework@40e262928427/UnityEditor.TestRunner/TestRun/Tasks/EditModeRunTask.cs:48)
0x000001e977129d5e (Mono JIT Code) UnityEditor.TestTools.TestRunner.TestRun.TestJobRunner:ExecuteStep () (at ./Library/PackageCache/com.unity.test-framework@40e262928427/UnityEditor.TestRunner/TestRun/TestJobRunner.cs:173)
0x000001e977128953 (Mono JIT Code) UnityEditor.TestTools.TestRunner.TestRun.TestJobRunner:ExecuteCallback () (at ./Library/PackageCache/com.unity.test-framework@40e262928427/UnityEditor.TestRunner/TestRun/TestJobRunner.cs:108)
0x000001e99df821b8 (Mono JIT Code) UnityEditor.EditorApplication:Internal_CallUpdateFunctions ()
0x000001e8e6514785 (Mono JIT Code) (wrapper runtime-invoke) object:runtime_invoke_void (object,intptr,intptr,intptr)
0x00007fff3fd16e7e (mono-2.0-bdwgc) mono_jit_runtime_invoke (at C:/build/output/Unity-Technologies/mono/mono/mini/mini-runtime.c:3445)
0x00007fff3fc58874 (mono-2.0-bdwgc) do_runtime_invoke (at C:/build/output/Unity-Technologies/mono/mono/metadata/object.c:3068)
0x00007fff3fc58960 (mono-2.0-bdwgc) mono_runtime_invoke (at C:/build/output/Unity-Technologies/mono/mono/metadata/object.c:3115)
0x00007fff38e4cea4 (Unity) scripting_method_invoke
0x00007fff38e25433 (Unity) ScriptingInvocation::Invoke
0x00007fff38e20b35 (Unity) ScriptingInvocation::Invoke<void>
0x00007fff38f8b4bb (Unity) Scripting::UnityEditor::EditorApplicationProxy::Internal_CallUpdateFunctions
0x00007fff3a07e0e4 (Unity) SceneTracker::Update
0x00007fff39be1247 (Unity) Application::TickTimer
0x00007fff3a1b25ac (Unity) MainMessageLoop
0x00007fff3a1b9d1c (Unity) UnityMain
0x00007ff68b302f2a (Unity) __scrt_common_main_seh
0x00007fffddade8d7 (KERNEL32) BaseThreadInitThunk
0x00007fffde88c53c (ntdll) RtlUserThreadStart

[MouseTracker] PlayerInputHandler not found. Mouse compensation will be disabled.
0x00007fff38f222ae (Unity) StackWalker::ShowCallstack
0x00007fff38f31ee9 (Unity) PlatformStacktrace::GetStacktrace
0x00007fff3a1ac04e (Unity) Stacktrace::GetStacktrace
0x00007fff3a7859df (Unity) DebugStringToFile
0x00007fff37fd2930 (Unity) DebugLogHandler_CUSTOM_Internal_Log
0x000001e9766cbd3e (Mono JIT Code) (wrapper managed-to-native) UnityEngine.DebugLogHandler:Internal_Log_Injected (UnityEngine.LogType,UnityEngine.LogOption,UnityEngine.Bindings.ManagedSpanWrapper&,intptr)
0x000001e9766cbb43 (Mono JIT Code) UnityEngine.DebugLogHandler:Internal_Log (UnityEngine.LogType,UnityEngine.LogOption,string,UnityEngine.Object)
0x000001e9766cb7fb (Mono JIT Code) UnityEngine.DebugLogHandler:LogFormat (UnityEngine.LogType,UnityEngine.Object,string,object[])
0x000001e9766ca6ae (Mono JIT Code) UnityEngine.Logger:Log (UnityEngine.LogType,object)
0x000001e9aa2b404d (Mono JIT Code) UnityEngine.Debug:LogWarning (object)
0x000001e9aa2b33ab (Mono JIT Code) MouseTracker:Initialize (RecoilSystem) (at C:/Users/Ubuntu/Desktop/_DEV/AFFECT-2025-10-11/Assets/_SCRIPTS/_PLAYER/Recoil/MouseTracker.cs:80)
0x000001e976d36246 (Mono JIT Code) RecoilSystem:InitializeModules () (at C:/Users/Ubuntu/Desktop/_DEV/AFFECT-2025-10-11/Assets/_SCRIPTS/_PLAYER/Recoil/RecoilSystem.cs:203)
0x000001e976d33eb3 (Mono JIT Code) RecoilSystem:Initialize () (at C:/Users/Ubuntu/Desktop/_DEV/AFFECT-2025-10-11/Assets/_SCRIPTS/_PLAYER/Recoil/RecoilSystem.cs:165)
0x000001e976d333a3 (Mono JIT Code) RecoilSystem:ForceInitializeForTesting () (at C:/Users/Ubuntu/Desktop/_DEV/AFFECT-2025-10-11/Assets/_SCRIPTS/_PLAYER/Recoil/RecoilSystem.cs:632)
0x000001e976d3c213 (Mono JIT Code) RecoilSystemProperties:Property13_GracefulModuleDegradation () (at C:/Users/Ubuntu/Desktop/_DEV/AFFECT-2025-10-11/Assets/_SCRIPTS/Editor/Properties/RecoilSystemProperties.cs:269)
0x000001e9aa264548 (Mono JIT Code) (wrapper runtime-invoke) object:runtime_invoke_void__this__ (object,intptr,intptr,intptr)
0x00007fff3fd16e7e (mono-2.0-bdwgc) mono_jit_runtime_invoke (at C:/build/output/Unity-Technologies/mono/mono/mini/mini-runtime.c:3445)
0x00007fff3fc58874 (mono-2.0-bdwgc) do_runtime_invoke (at C:/build/output/Unity-Technologies/mono/mono/metadata/object.c:3068)
0x00007fff3fc5f926 (mono-2.0-bdwgc) mono_runtime_try_invoke_array (at C:/build/output/Unity-Technologies/mono/mono/metadata/object.c:5774)
0x00007fff3fb91b81 (mono-2.0-bdwgc) ves_icall_InternalInvoke (at C:/build/output/Unity-Technologies/mono/mono/metadata/icall.c:4038)
0x00007fff3fbb7e31 (mono-2.0-bdwgc) ves_icall_InternalInvoke_raw (at C:/build/output/Unity-Technologies/mono/mono/metadata/icall-def.h:692)
0x000001e8e22b0f92 (Mono JIT Code) (wrapper managed-to-native) System.Reflection.RuntimeMethodInfo:InternalInvoke (System.Reflection.RuntimeMethodInfo,object,object[],System.Exception&)
0x000001e8e3c7ea73 (Mono JIT Code) System.Reflection.RuntimeMethodInfo:Invoke (object,System.Reflection.BindingFlags,System.Reflection.Binder,object[],System.Globalization.CultureInfo)
0x000001e8db9555ef (Mono JIT Code) System.Reflection.MethodBase:Invoke (object,object[])
0x000001e9aa26e783 (Mono JIT Code) NUnit.Framework.Internal.Reflect:InvokeMethod (System.Reflection.MethodInfo,object,object[])
0x000001e9aa2760ab (Mono JIT Code) NUnit.Framework.Internal.MethodWrapper:Invoke (object,object[])
0x000001e9aa275f8a (Mono JIT Code) NUnit.Framework.Internal.Commands.TestMethodCommand:RunNonAsyncTestMethod (NUnit.Framework.Internal.ITestExecutionContext)
0x000001e9aa275dd3 (Mono JIT Code) NUnit.Framework.Internal.Commands.TestMethodCommand:RunTestMethod (NUnit.Framework.Internal.ITestExecutionContext)
0x000001e9aa275973 (Mono JIT Code) NUnit.Framework.Internal.Commands.TestMethodCommand:Execute (NUnit.Framework.Internal.ITestExecutionContext)
0x000001e9aa27556b (Mono JIT Code) UnityEngine.TestTools.UnityTestMethodCommand:Execute (NUnit.Framework.Internal.ITestExecutionContext) (at ./Library/PackageCache/com.unity.test-framework@40e262928427/UnityEngine.TestRunner/NUnitExtensions/Commands/UnityTestMethodCommand.cs:19)
0x000001e9aa2752fb (Mono JIT Code) UnityEngine.TestRunner.NUnitExtensions.Runner.UnityLogCheckDelegatingCommand/<>c__DisplayClass2_0:<Execute>b__0 () (at ./Library/PackageCache/com.unity.test-framework@40e262928427/UnityEngine.TestRunner/NUnitExtensions/Runner/UnityLogCheckDelegatingCommand.cs:24)
0x000001e9aa275123 (Mono JIT Code) UnityEngine.TestRunner.NUnitExtensions.Runner.UnityLogCheckDelegatingCommand:CaptureException (NUnit.Framework.Internal.TestResult,System.Action) (at ./Library/PackageCache/com.unity.test-framework@40e262928427/UnityEngine.TestRunner/NUnitExtensions/Runner/UnityLogCheckDelegatingCommand.cs:72)
0x000001e9aa274fb3 (Mono JIT Code) UnityEngine.TestRunner.NUnitExtensions.Runner.UnityLogCheckDelegatingCommand:ExecuteAndCheckLog (UnityEngine.TestTools.Logging.LogScope,NUnit.Framework.Internal.TestResult,System.Action) (at ./Library/PackageCache/com.unity.test-framework@40e262928427/UnityEngine.TestRunner/NUnitExtensions/Runner/UnityLogCheckDelegatingCommand.cs:83)
0x000001e9aa274c3b (Mono JIT Code) UnityEngine.TestRunner.NUnitExtensions.Runner.UnityLogCheckDelegatingCommand:Execute (NUnit.Framework.Internal.ITestExecutionContext) (at ./Library/PackageCache/com.unity.test-framework@40e262928427/UnityEngine.TestRunner/NUnitExtensions/Runner/UnityLogCheckDelegatingCommand.cs:24)
0x000001e9aa273c19 (Mono JIT Code) UnityEngine.TestRunner.NUnitExtensions.Runner.UnityLogCheckDelegatingCommand/<ExecuteEnumerable>d__3:MoveNext () (at ./Library/PackageCache/com.unity.test-framework@40e262928427/UnityEngine.TestRunner/NUnitExtensions/Runner/UnityLogCheckDelegatingCommand.cs:35)
0x000001e9aa251e01 (Mono JIT Code) UnityEngine.TestTools.BeforeAfterTestCommandBase`1/<ExecuteEnumerable>d__16<T_REF>:MoveNext () (at ./Library/PackageCache/com.unity.test-framework@40e262928427/UnityEngine.TestRunner/NUnitExtensions/Commands/BeforeAfterTestCommandBase.cs:212)
0x000001e9aa272fb6 (Mono JIT Code) UnityEngine.TestTools.ImmediateEnumerableCommand:Execute (NUnit.Framework.Internal.ITestExecutionContext) (at ./Library/PackageCache/com.unity.test-framework@40e262928427/UnityEngine.TestRunner/NUnitExtensions/Commands/ImmediateEnumerableCommand.cs:18)
0x000001e9aa251f01 (Mono JIT Code) UnityEngine.TestTools.BeforeAfterTestCommandBase`1/<ExecuteEnumerable>d__16<T_REF>:MoveNext () (at ./Library/PackageCache/com.unity.test-framework@40e262928427/UnityEngine.TestRunner/NUnitExtensions/Commands/BeforeAfterTestCommandBase.cs:219)
0x000001e9aa251e01 (Mono JIT Code) UnityEngine.TestTools.BeforeAfterTestCommandBase`1/<ExecuteEnumerable>d__16<T_REF>:MoveNext () (at ./Library/PackageCache/com.unity.test-framework@40e262928427/UnityEngine.TestRunner/NUnitExtensions/Commands/BeforeAfterTestCommandBase.cs:212)
0x000001e9aa251e01 (Mono JIT Code) UnityEngine.TestTools.BeforeAfterTestCommandBase`1/<ExecuteEnumerable>d__16<T_REF>:MoveNext () (at ./Library/PackageCache/com.unity.test-framework@40e262928427/UnityEngine.TestRunner/NUnitExtensions/Commands/BeforeAfterTestCommandBase.cs:212)
0x000001e9aa26b457 (Mono JIT Code) UnityEngine.TestTools.RetryCommand/<ExecuteEnumerable>d__2:MoveNext () (at ./Library/PackageCache/com.unity.test-framework@40e262928427/UnityEngine.TestRunner/NUnitExtensions/Commands/RetryCommand.cs:37)
0x000001e9aa269f2f (Mono JIT Code) UnityEngine.TestTools.RepeatCommand/<ExecuteEnumerable>d__2:MoveNext () (at ./Library/PackageCache/com.unity.test-framework@40e262928427/UnityEngine.TestRunner/NUnitExtensions/Commands/RepeatCommand.cs:36)
0x000001e9aa268fa6 (Mono JIT Code) UnityEngine.TestTools.IgnoreTestCommand/<ExecuteEnumerable>d__3:MoveNext () (at ./Library/PackageCache/com.unity.test-framework@40e262928427/UnityEngine.TestRunner/NUnitExtensions/Commands/IgnoreTestCommand.cs:42)
0x000001e9aa267c7f (Mono JIT Code) UnityEngine.TestTools.StrictCheckCommand/<ExecuteEnumerable>d__2:MoveNext () (at ./Library/PackageCache/com.unity.test-framework@40e262928427/UnityEngine.TestRunner/NUnitExtensions/Commands/StrictCheckCommand.cs:29)
0x000001e9aa266fe1 (Mono JIT Code) UnityEngine.TestRunner.NUnitExtensions.Runner.DefaultTestWorkItem/<PerformWork>d__2:MoveNext () (at ./Library/PackageCache/com.unity.test-framework@40e262928427/UnityEngine.TestRunner/NUnitExtensions/Runner/DefaultTestWorkItem.cs:50)
0x000001e9aa255e12 (Mono JIT Code) UnityEngine.TestRunner.NUnitExtensions.Runner.CompositeWorkItem/<RunChildren>d__17:MoveNext () (at ./Library/PackageCache/com.unity.test-framework@40e262928427/UnityEngine.TestRunner/NUnitExtensions/Runner/CompositeWorkItem.cs:207)
0x000001e9aa247756 (Mono JIT Code) UnityEngine.TestRunner.NUnitExtensions.Runner.CompositeWorkItem/<PerformWork>d__13:MoveNext () (at ./Library/PackageCache/com.unity.test-framework@40e262928427/UnityEngine.TestRunner/NUnitExtensions/Runner/CompositeWorkItem.cs:82)
0x000001e9aa255e12 (Mono JIT Code) UnityEngine.TestRunner.NUnitExtensions.Runner.CompositeWorkItem/<RunChildren>d__17:MoveNext () (at ./Library/PackageCache/com.unity.test-framework@40e262928427/UnityEngine.TestRunner/NUnitExtensions/Runner/CompositeWorkItem.cs:207)
0x000001e9aa247756 (Mono JIT Code) UnityEngine.TestRunner.NUnitExtensions.Runner.CompositeWorkItem/<PerformWork>d__13:MoveNext () (at ./Library/PackageCache/com.unity.test-framework@40e262928427/UnityEngine.TestRunner/NUnitExtensions/Runner/CompositeWorkItem.cs:82)
0x000001e9aa255e12 (Mono JIT Code) UnityEngine.TestRunner.NUnitExtensions.Runner.CompositeWorkItem/<RunChildren>d__17:MoveNext () (at ./Library/PackageCache/com.unity.test-framework@40e262928427/UnityEngine.TestRunner/NUnitExtensions/Runner/CompositeWorkItem.cs:207)
0x000001e9aa247756 (Mono JIT Code) UnityEngine.TestRunner.NUnitExtensions.Runner.CompositeWorkItem/<PerformWork>d__13:MoveNext () (at ./Library/PackageCache/com.unity.test-framework@40e262928427/UnityEngine.TestRunner/NUnitExtensions/Runner/CompositeWorkItem.cs:82)
0x000001e9aa245fcc (Mono JIT Code) UnityEditor.TestTools.TestRunner.EditModeRunner:MoveNextAndUpdateYieldObject () (at ./Library/PackageCache/com.unity.test-framework@40e262928427/UnityEditor.TestRunner/TestRunner/EditModeRunner.cs:167)
0x000001e9aa245b7b (Mono JIT Code) UnityEditor.TestTools.TestRunner.EditModeRunner:TestConsumer (UnityEditor.TestTools.TestRunner.TestRunnerStateSerializer) (at ./Library/PackageCache/com.unity.test-framework@40e262928427/UnityEditor.TestRunner/TestRunner/EditModeRunner.cs:200)
0x000001e9aa23c173 (Mono JIT Code) UnityEditor.TestTools.TestRunner.TestRun.Tasks.EditModeRunTask/<Execute>d__1:MoveNext () (at ./Library/PackageCache/com.unity.test-framework@40e262928427/UnityEditor.TestRunner/TestRun/Tasks/EditModeRunTask.cs:48)
0x000001e977129d5e (Mono JIT Code) UnityEditor.TestTools.TestRunner.TestRun.TestJobRunner:ExecuteStep () (at ./Library/PackageCache/com.unity.test-framework@40e262928427/UnityEditor.TestRunner/TestRun/TestJobRunner.cs:173)
0x000001e977128953 (Mono JIT Code) UnityEditor.TestTools.TestRunner.TestRun.TestJobRunner:ExecuteCallback () (at ./Library/PackageCache/com.unity.test-framework@40e262928427/UnityEditor.TestRunner/TestRun/TestJobRunner.cs:108)
0x000001e99df821b8 (Mono JIT Code) UnityEditor.EditorApplication:Internal_CallUpdateFunctions ()
0x000001e8e6514785 (Mono JIT Code) (wrapper runtime-invoke) object:runtime_invoke_void (object,intptr,intptr,intptr)
0x00007fff3fd16e7e (mono-2.0-bdwgc) mono_jit_runtime_invoke (at C:/build/output/Unity-Technologies/mono/mono/mini/mini-runtime.c:3445)
0x00007fff3fc58874 (mono-2.0-bdwgc) do_runtime_invoke (at C:/build/output/Unity-Technologies/mono/mono/metadata/object.c:3068)
0x00007fff3fc58960 (mono-2.0-bdwgc) mono_runtime_invoke (at C:/build/output/Unity-Technologies/mono/mono/metadata/object.c:3115)
0x00007fff38e4cea4 (Unity) scripting_method_invoke
0x00007fff38e25433 (Unity) ScriptingInvocation::Invoke
0x00007fff38e20b35 (Unity) ScriptingInvocation::Invoke<void>
0x00007fff38f8b4bb (Unity) Scripting::UnityEditor::EditorApplicationProxy::Internal_CallUpdateFunctions
0x00007fff3a07e0e4 (Unity) SceneTracker::Update
0x00007fff39be1247 (Unity) Application::TickTimer
0x00007fff3a1b25ac (Unity) MainMessageLoop
0x00007fff3a1b9d1c (Unity) UnityMain
0x00007ff68b302f2a (Unity) __scrt_common_main_seh
0x00007fffddade8d7 (KERNEL32) BaseThreadInitThunk
0x00007fffde88c53c (ntdll) RtlUserThreadStart

[MouseTracker] PlayerInputHandler not found. Mouse compensation will be disabled.
0x00007fff38f222ae (Unity) StackWalker::ShowCallstack
0x00007fff38f31ee9 (Unity) PlatformStacktrace::GetStacktrace
0x00007fff3a1ac04e (Unity) Stacktrace::GetStacktrace
0x00007fff3a7859df (Unity) DebugStringToFile
0x00007fff37fd2930 (Unity) DebugLogHandler_CUSTOM_Internal_Log
0x000001e9766cbd3e (Mono JIT Code) (wrapper managed-to-native) UnityEngine.DebugLogHandler:Internal_Log_Injected (UnityEngine.LogType,UnityEngine.LogOption,UnityEngine.Bindings.ManagedSpanWrapper&,intptr)
0x000001e9766cbb43 (Mono JIT Code) UnityEngine.DebugLogHandler:Internal_Log (UnityEngine.LogType,UnityEngine.LogOption,string,UnityEngine.Object)
0x000001e9766cb7fb (Mono JIT Code) UnityEngine.DebugLogHandler:LogFormat (UnityEngine.LogType,UnityEngine.Object,string,object[])
0x000001e9766ca6ae (Mono JIT Code) UnityEngine.Logger:Log (UnityEngine.LogType,object)
0x000001e9aa2b404d (Mono JIT Code) UnityEngine.Debug:LogWarning (object)
0x000001e9aa2b33ab (Mono JIT Code) MouseTracker:Initialize (RecoilSystem) (at C:/Users/Ubuntu/Desktop/_DEV/AFFECT-2025-10-11/Assets/_SCRIPTS/_PLAYER/Recoil/MouseTracker.cs:80)
0x000001e976d36246 (Mono JIT Code) RecoilSystem:InitializeModules () (at C:/Users/Ubuntu/Desktop/_DEV/AFFECT-2025-10-11/Assets/_SCRIPTS/_PLAYER/Recoil/RecoilSystem.cs:203)
0x000001e976d33eb3 (Mono JIT Code) RecoilSystem:Initialize () (at C:/Users/Ubuntu/Desktop/_DEV/AFFECT-2025-10-11/Assets/_SCRIPTS/_PLAYER/Recoil/RecoilSystem.cs:165)
0x000001e976d333a3 (Mono JIT Code) RecoilSystem:ForceInitializeForTesting () (at C:/Users/Ubuntu/Desktop/_DEV/AFFECT-2025-10-11/Assets/_SCRIPTS/_PLAYER/Recoil/RecoilSystem.cs:632)
0x000001e976d3c213 (Mono JIT Code) RecoilSystemProperties:Property13_GracefulModuleDegradation () (at C:/Users/Ubuntu/Desktop/_DEV/AFFECT-2025-10-11/Assets/_SCRIPTS/Editor/Properties/RecoilSystemProperties.cs:269)
0x000001e9aa264548 (Mono JIT Code) (wrapper runtime-invoke) object:runtime_invoke_void__this__ (object,intptr,intptr,intptr)
0x00007fff3fd16e7e (mono-2.0-bdwgc) mono_jit_runtime_invoke (at C:/build/output/Unity-Technologies/mono/mono/mini/mini-runtime.c:3445)
0x00007fff3fc58874 (mono-2.0-bdwgc) do_runtime_invoke (at C:/build/output/Unity-Technologies/mono/mono/metadata/object.c:3068)
0x00007fff3fc5f926 (mono-2.0-bdwgc) mono_runtime_try_invoke_array (at C:/build/output/Unity-Technologies/mono/mono/metadata/object.c:5774)
0x00007fff3fb91b81 (mono-2.0-bdwgc) ves_icall_InternalInvoke (at C:/build/output/Unity-Technologies/mono/mono/metadata/icall.c:4038)
0x00007fff3fbb7e31 (mono-2.0-bdwgc) ves_icall_InternalInvoke_raw (at C:/build/output/Unity-Technologies/mono/mono/metadata/icall-def.h:692)
0x000001e8e22b0f92 (Mono JIT Code) (wrapper managed-to-native) System.Reflection.RuntimeMethodInfo:InternalInvoke (System.Reflection.RuntimeMethodInfo,object,object[],System.Exception&)
0x000001e8e3c7ea73 (Mono JIT Code) System.Reflection.RuntimeMethodInfo:Invoke (object,System.Reflection.BindingFlags,System.Reflection.Binder,object[],System.Globalization.CultureInfo)
0x000001e8db9555ef (Mono JIT Code) System.Reflection.MethodBase:Invoke (object,object[])
0x000001e9aa26e783 (Mono JIT Code) NUnit.Framework.Internal.Reflect:InvokeMethod (System.Reflection.MethodInfo,object,object[])
0x000001e9aa2760ab (Mono JIT Code) NUnit.Framework.Internal.MethodWrapper:Invoke (object,object[])
0x000001e9aa275f8a (Mono JIT Code) NUnit.Framework.Internal.Commands.TestMethodCommand:RunNonAsyncTestMethod (NUnit.Framework.Internal.ITestExecutionContext)
0x000001e9aa275dd3 (Mono JIT Code) NUnit.Framework.Internal.Commands.TestMethodCommand:RunTestMethod (NUnit.Framework.Internal.ITestExecutionContext)
0x000001e9aa275973 (Mono JIT Code) NUnit.Framework.Internal.Commands.TestMethodCommand:Execute (NUnit.Framework.Internal.ITestExecutionContext)
0x000001e9aa27556b (Mono JIT Code) UnityEngine.TestTools.UnityTestMethodCommand:Execute (NUnit.Framework.Internal.ITestExecutionContext) (at ./Library/PackageCache/com.unity.test-framework@40e262928427/UnityEngine.TestRunner/NUnitExtensions/Commands/UnityTestMethodCommand.cs:19)
0x000001e9aa2752fb (Mono JIT Code) UnityEngine.TestRunner.NUnitExtensions.Runner.UnityLogCheckDelegatingCommand/<>c__DisplayClass2_0:<Execute>b__0 () (at ./Library/PackageCache/com.unity.test-framework@40e262928427/UnityEngine.TestRunner/NUnitExtensions/Runner/UnityLogCheckDelegatingCommand.cs:24)
0x000001e9aa275123 (Mono JIT Code) UnityEngine.TestRunner.NUnitExtensions.Runner.UnityLogCheckDelegatingCommand:CaptureException (NUnit.Framework.Internal.TestResult,System.Action) (at ./Library/PackageCache/com.unity.test-framework@40e262928427/UnityEngine.TestRunner/NUnitExtensions/Runner/UnityLogCheckDelegatingCommand.cs:72)
0x000001e9aa274fb3 (Mono JIT Code) UnityEngine.TestRunner.NUnitExtensions.Runner.UnityLogCheckDelegatingCommand:ExecuteAndCheckLog (UnityEngine.TestTools.Logging.LogScope,NUnit.Framework.Internal.TestResult,System.Action) (at ./Library/PackageCache/com.unity.test-framework@40e262928427/UnityEngine.TestRunner/NUnitExtensions/Runner/UnityLogCheckDelegatingCommand.cs:83)
0x000001e9aa274c3b (Mono JIT Code) UnityEngine.TestRunner.NUnitExtensions.Runner.UnityLogCheckDelegatingCommand:Execute (NUnit.Framework.Internal.ITestExecutionContext) (at ./Library/PackageCache/com.unity.test-framework@40e262928427/UnityEngine.TestRunner/NUnitExtensions/Runner/UnityLogCheckDelegatingCommand.cs:24)
0x000001e9aa273c19 (Mono JIT Code) UnityEngine.TestRunner.NUnitExtensions.Runner.UnityLogCheckDelegatingCommand/<ExecuteEnumerable>d__3:MoveNext () (at ./Library/PackageCache/com.unity.test-framework@40e262928427/UnityEngine.TestRunner/NUnitExtensions/Runner/UnityLogCheckDelegatingCommand.cs:35)
0x000001e9aa251e01 (Mono JIT Code) UnityEngine.TestTools.BeforeAfterTestCommandBase`1/<ExecuteEnumerable>d__16<T_REF>:MoveNext () (at ./Library/PackageCache/com.unity.test-framework@40e262928427/UnityEngine.TestRunner/NUnitExtensions/Commands/BeforeAfterTestCommandBase.cs:212)
0x000001e9aa272fb6 (Mono JIT Code) UnityEngine.TestTools.ImmediateEnumerableCommand:Execute (NUnit.Framework.Internal.ITestExecutionContext) (at ./Library/PackageCache/com.unity.test-framework@40e262928427/UnityEngine.TestRunner/NUnitExtensions/Commands/ImmediateEnumerableCommand.cs:18)
0x000001e9aa251f01 (Mono JIT Code) UnityEngine.TestTools.BeforeAfterTestCommandBase`1/<ExecuteEnumerable>d__16<T_REF>:MoveNext () (at ./Library/PackageCache/com.unity.test-framework@40e262928427/UnityEngine.TestRunner/NUnitExtensions/Commands/BeforeAfterTestCommandBase.cs:219)
0x000001e9aa251e01 (Mono JIT Code) UnityEngine.TestTools.BeforeAfterTestCommandBase`1/<ExecuteEnumerable>d__16<T_REF>:MoveNext () (at ./Library/PackageCache/com.unity.test-framework@40e262928427/UnityEngine.TestRunner/NUnitExtensions/Commands/BeforeAfterTestCommandBase.cs:212)
0x000001e9aa251e01 (Mono JIT Code) UnityEngine.TestTools.BeforeAfterTestCommandBase`1/<ExecuteEnumerable>d__16<T_REF>:MoveNext () (at ./Library/PackageCache/com.unity.test-framework@40e262928427/UnityEngine.TestRunner/NUnitExtensions/Commands/BeforeAfterTestCommandBase.cs:212)
0x000001e9aa26b457 (Mono JIT Code) UnityEngine.TestTools.RetryCommand/<ExecuteEnumerable>d__2:MoveNext () (at ./Library/PackageCache/com.unity.test-framework@40e262928427/UnityEngine.TestRunner/NUnitExtensions/Commands/RetryCommand.cs:37)
0x000001e9aa269f2f (Mono JIT Code) UnityEngine.TestTools.RepeatCommand/<ExecuteEnumerable>d__2:MoveNext () (at ./Library/PackageCache/com.unity.test-framework@40e262928427/UnityEngine.TestRunner/NUnitExtensions/Commands/RepeatCommand.cs:36)
0x000001e9aa268fa6 (Mono JIT Code) UnityEngine.TestTools.IgnoreTestCommand/<ExecuteEnumerable>d__3:MoveNext () (at ./Library/PackageCache/com.unity.test-framework@40e262928427/UnityEngine.TestRunner/NUnitExtensions/Commands/IgnoreTestCommand.cs:42)
0x000001e9aa267c7f (Mono JIT Code) UnityEngine.TestTools.StrictCheckCommand/<ExecuteEnumerable>d__2:MoveNext () (at ./Library/PackageCache/com.unity.test-framework@40e262928427/UnityEngine.TestRunner/NUnitExtensions/Commands/StrictCheckCommand.cs:29)
0x000001e9aa266fe1 (Mono JIT Code) UnityEngine.TestRunner.NUnitExtensions.Runner.DefaultTestWorkItem/<PerformWork>d__2:MoveNext () (at ./Library/PackageCache/com.unity.test-framework@40e262928427/UnityEngine.TestRunner/NUnitExtensions/Runner/DefaultTestWorkItem.cs:50)
0x000001e9aa255e12 (Mono JIT Code) UnityEngine.TestRunner.NUnitExtensions.Runner.CompositeWorkItem/<RunChildren>d__17:MoveNext () (at ./Library/PackageCache/com.unity.test-framework@40e262928427/UnityEngine.TestRunner/NUnitExtensions/Runner/CompositeWorkItem.cs:207)
0x000001e9aa247756 (Mono JIT Code) UnityEngine.TestRunner.NUnitExtensions.Runner.CompositeWorkItem/<PerformWork>d__13:MoveNext () (at ./Library/PackageCache/com.unity.test-framework@40e262928427/UnityEngine.TestRunner/NUnitExtensions/Runner/CompositeWorkItem.cs:82)
0x000001e9aa255e12 (Mono JIT Code) UnityEngine.TestRunner.NUnitExtensions.Runner.CompositeWorkItem/<RunChildren>d__17:MoveNext () (at ./Library/PackageCache/com.unity.test-framework@40e262928427/UnityEngine.TestRunner/NUnitExtensions/Runner/CompositeWorkItem.cs:207)
0x000001e9aa247756 (Mono JIT Code) UnityEngine.TestRunner.NUnitExtensions.Runner.CompositeWorkItem/<PerformWork>d__13:MoveNext () (at ./Library/PackageCache/com.unity.test-framework@40e262928427/UnityEngine.TestRunner/NUnitExtensions/Runner/CompositeWorkItem.cs:82)
0x000001e9aa255e12 (Mono JIT Code) UnityEngine.TestRunner.NUnitExtensions.Runner.CompositeWorkItem/<RunChildren>d__17:MoveNext () (at ./Library/PackageCache/com.unity.test-framework@40e262928427/UnityEngine.TestRunner/NUnitExtensions/Runner/CompositeWorkItem.cs:207)
0x000001e9aa247756 (Mono JIT Code) UnityEngine.TestRunner.NUnitExtensions.Runner.CompositeWorkItem/<PerformWork>d__13:MoveNext () (at ./Library/PackageCache/com.unity.test-framework@40e262928427/UnityEngine.TestRunner/NUnitExtensions/Runner/CompositeWorkItem.cs:82)
0x000001e9aa245fcc (Mono JIT Code) UnityEditor.TestTools.TestRunner.EditModeRunner:MoveNextAndUpdateYieldObject () (at ./Library/PackageCache/com.unity.test-framework@40e262928427/UnityEditor.TestRunner/TestRunner/EditModeRunner.cs:167)
0x000001e9aa245b7b (Mono JIT Code) UnityEditor.TestTools.TestRunner.EditModeRunner:TestConsumer (UnityEditor.TestTools.TestRunner.TestRunnerStateSerializer) (at ./Library/PackageCache/com.unity.test-framework@40e262928427/UnityEditor.TestRunner/TestRunner/EditModeRunner.cs:200)
0x000001e9aa23c173 (Mono JIT Code) UnityEditor.TestTools.TestRunner.TestRun.Tasks.EditModeRunTask/<Execute>d__1:MoveNext () (at ./Library/PackageCache/com.unity.test-framework@40e262928427/UnityEditor.TestRunner/TestRun/Tasks/EditModeRunTask.cs:48)
0x000001e977129d5e (Mono JIT Code) UnityEditor.TestTools.TestRunner.TestRun.TestJobRunner:ExecuteStep () (at ./Library/PackageCache/com.unity.test-framework@40e262928427/UnityEditor.TestRunner/TestRun/TestJobRunner.cs:173)
0x000001e977128953 (Mono JIT Code) UnityEditor.TestTools.TestRunner.TestRun.TestJobRunner:ExecuteCallback () (at ./Library/PackageCache/com.unity.test-framework@40e262928427/UnityEditor.TestRunner/TestRun/TestJobRunner.cs:108)
0x000001e99df821b8 (Mono JIT Code) UnityEditor.EditorApplication:Internal_CallUpdateFunctions ()
0x000001e8e6514785 (Mono JIT Code) (wrapper runtime-invoke) object:runtime_invoke_void (object,intptr,intptr,intptr)
0x00007fff3fd16e7e (mono-2.0-bdwgc) mono_jit_runtime_invoke (at C:/build/output/Unity-Technologies/mono/mono/mini/mini-runtime.c:3445)
0x00007fff3fc58874 (mono-2.0-bdwgc) do_runtime_invoke (at C:/build/output/Unity-Technologies/mono/mono/metadata/object.c:3068)
0x00007fff3fc58960 (mono-2.0-bdwgc) mono_runtime_invoke (at C:/build/output/Unity-Technologies/mono/mono/metadata/object.c:3115)
0x00007fff38e4cea4 (Unity) scripting_method_invoke
0x00007fff38e25433 (Unity) ScriptingInvocation::Invoke
0x00007fff38e20b35 (Unity) ScriptingInvocation::Invoke<void>
0x00007fff38f8b4bb (Unity) Scripting::UnityEditor::EditorApplicationProxy::Internal_CallUpdateFunctions
0x00007fff3a07e0e4 (Unity) SceneTracker::Update
0x00007fff39be1247 (Unity) Application::TickTimer
0x00007fff3a1b25ac (Unity) MainMessageLoop
0x00007fff3a1b9d1c (Unity) UnityMain
0x00007ff68b302f2a (Unity) __scrt_common_main_seh
0x00007fffddade8d7 (KERNEL32) BaseThreadInitThunk
0x00007fffde88c53c (ntdll) RtlUserThreadStart

[MouseTracker] PlayerInputHandler not found. Mouse compensation will be disabled.
0x00007fff38f222ae (Unity) StackWalker::ShowCallstack
0x00007fff38f31ee9 (Unity) PlatformStacktrace::GetStacktrace
0x00007fff3a1ac04e (Unity) Stacktrace::GetStacktrace
0x00007fff3a7859df (Unity) DebugStringToFile
0x00007fff37fd2930 (Unity) DebugLogHandler_CUSTOM_Internal_Log
0x000001e9766cbd3e (Mono JIT Code) (wrapper managed-to-native) UnityEngine.DebugLogHandler:Internal_Log_Injected (UnityEngine.LogType,UnityEngine.LogOption,UnityEngine.Bindings.ManagedSpanWrapper&,intptr)
0x000001e9766cbb43 (Mono JIT Code) UnityEngine.DebugLogHandler:Internal_Log (UnityEngine.LogType,UnityEngine.LogOption,string,UnityEngine.Object)
0x000001e9766cb7fb (Mono JIT Code) UnityEngine.DebugLogHandler:LogFormat (UnityEngine.LogType,UnityEngine.Object,string,object[])
0x000001e9766ca6ae (Mono JIT Code) UnityEngine.Logger:Log (UnityEngine.LogType,object)
0x000001e9aa2b404d (Mono JIT Code) UnityEngine.Debug:LogWarning (object)
0x000001e9aa2b33ab (Mono JIT Code) MouseTracker:Initialize (RecoilSystem) (at C:/Users/Ubuntu/Desktop/_DEV/AFFECT-2025-10-11/Assets/_SCRIPTS/_PLAYER/Recoil/MouseTracker.cs:80)
0x000001e976d36246 (Mono JIT Code) RecoilSystem:InitializeModules () (at C:/Users/Ubuntu/Desktop/_DEV/AFFECT-2025-10-11/Assets/_SCRIPTS/_PLAYER/Recoil/RecoilSystem.cs:203)
0x000001e976d33eb3 (Mono JIT Code) RecoilSystem:Initialize () (at C:/Users/Ubuntu/Desktop/_DEV/AFFECT-2025-10-11/Assets/_SCRIPTS/_PLAYER/Recoil/RecoilSystem.cs:165)
0x000001e976d333a3 (Mono JIT Code) RecoilSystem:ForceInitializeForTesting () (at C:/Users/Ubuntu/Desktop/_DEV/AFFECT-2025-10-11/Assets/_SCRIPTS/_PLAYER/Recoil/RecoilSystem.cs:632)
0x000001e976d3c213 (Mono JIT Code) RecoilSystemProperties:Property13_GracefulModuleDegradation () (at C:/Users/Ubuntu/Desktop/_DEV/AFFECT-2025-10-11/Assets/_SCRIPTS/Editor/Properties/RecoilSystemProperties.cs:269)
0x000001e9aa264548 (Mono JIT Code) (wrapper runtime-invoke) object:runtime_invoke_void__this__ (object,intptr,intptr,intptr)
0x00007fff3fd16e7e (mono-2.0-bdwgc) mono_jit_runtime_invoke (at C:/build/output/Unity-Technologies/mono/mono/mini/mini-runtime.c:3445)
0x00007fff3fc58874 (mono-2.0-bdwgc) do_runtime_invoke (at C:/build/output/Unity-Technologies/mono/mono/metadata/object.c:3068)
0x00007fff3fc5f926 (mono-2.0-bdwgc) mono_runtime_try_invoke_array (at C:/build/output/Unity-Technologies/mono/mono/metadata/object.c:5774)
0x00007fff3fb91b81 (mono-2.0-bdwgc) ves_icall_InternalInvoke (at C:/build/output/Unity-Technologies/mono/mono/metadata/icall.c:4038)
0x00007fff3fbb7e31 (mono-2.0-bdwgc) ves_icall_InternalInvoke_raw (at C:/build/output/Unity-Technologies/mono/mono/metadata/icall-def.h:692)
0x000001e8e22b0f92 (Mono JIT Code) (wrapper managed-to-native) System.Reflection.RuntimeMethodInfo:InternalInvoke (System.Reflection.RuntimeMethodInfo,object,object[],System.Exception&)
0x000001e8e3c7ea73 (Mono JIT Code) System.Reflection.RuntimeMethodInfo:Invoke (object,System.Reflection.BindingFlags,System.Reflection.Binder,object[],System.Globalization.CultureInfo)
0x000001e8db9555ef (Mono JIT Code) System.Reflection.MethodBase:Invoke (object,object[])
0x000001e9aa26e783 (Mono JIT Code) NUnit.Framework.Internal.Reflect:InvokeMethod (System.Reflection.MethodInfo,object,object[])
0x000001e9aa2760ab (Mono JIT Code) NUnit.Framework.Internal.MethodWrapper:Invoke (object,object[])
0x000001e9aa275f8a (Mono JIT Code) NUnit.Framework.Internal.Commands.TestMethodCommand:RunNonAsyncTestMethod (NUnit.Framework.Internal.ITestExecutionContext)
0x000001e9aa275dd3 (Mono JIT Code) NUnit.Framework.Internal.Commands.TestMethodCommand:RunTestMethod (NUnit.Framework.Internal.ITestExecutionContext)
0x000001e9aa275973 (Mono JIT Code) NUnit.Framework.Internal.Commands.TestMethodCommand:Execute (NUnit.Framework.Internal.ITestExecutionContext)
0x000001e9aa27556b (Mono JIT Code) UnityEngine.TestTools.UnityTestMethodCommand:Execute (NUnit.Framework.Internal.ITestExecutionContext) (at ./Library/PackageCache/com.unity.test-framework@40e262928427/UnityEngine.TestRunner/NUnitExtensions/Commands/UnityTestMethodCommand.cs:19)
0x000001e9aa2752fb (Mono JIT Code) UnityEngine.TestRunner.NUnitExtensions.Runner.UnityLogCheckDelegatingCommand/<>c__DisplayClass2_0:<Execute>b__0 () (at ./Library/PackageCache/com.unity.test-framework@40e262928427/UnityEngine.TestRunner/NUnitExtensions/Runner/UnityLogCheckDelegatingCommand.cs:24)
0x000001e9aa275123 (Mono JIT Code) UnityEngine.TestRunner.NUnitExtensions.Runner.UnityLogCheckDelegatingCommand:CaptureException (NUnit.Framework.Internal.TestResult,System.Action) (at ./Library/PackageCache/com.unity.test-framework@40e262928427/UnityEngine.TestRunner/NUnitExtensions/Runner/UnityLogCheckDelegatingCommand.cs:72)
0x000001e9aa274fb3 (Mono JIT Code) UnityEngine.TestRunner.NUnitExtensions.Runner.UnityLogCheckDelegatingCommand:ExecuteAndCheckLog (UnityEngine.TestTools.Logging.LogScope,NUnit.Framework.Internal.TestResult,System.Action) (at ./Library/PackageCache/com.unity.test-framework@40e262928427/UnityEngine.TestRunner/NUnitExtensions/Runner/UnityLogCheckDelegatingCommand.cs:83)
0x000001e9aa274c3b (Mono JIT Code) UnityEngine.TestRunner.NUnitExtensions.Runner.UnityLogCheckDelegatingCommand:Execute (NUnit.Framework.Internal.ITestExecutionContext) (at ./Library/PackageCache/com.unity.test-framework@40e262928427/UnityEngine.TestRunner/NUnitExtensions/Runner/UnityLogCheckDelegatingCommand.cs:24)
0x000001e9aa273c19 (Mono JIT Code) UnityEngine.TestRunner.NUnitExtensions.Runner.UnityLogCheckDelegatingCommand/<ExecuteEnumerable>d__3:MoveNext () (at ./Library/PackageCache/com.unity.test-framework@40e262928427/UnityEngine.TestRunner/NUnitExtensions/Runner/UnityLogCheckDelegatingCommand.cs:35)
0x000001e9aa251e01 (Mono JIT Code) UnityEngine.TestTools.BeforeAfterTestCommandBase`1/<ExecuteEnumerable>d__16<T_REF>:MoveNext () (at ./Library/PackageCache/com.unity.test-framework@40e262928427/UnityEngine.TestRunner/NUnitExtensions/Commands/BeforeAfterTestCommandBase.cs:212)
0x000001e9aa272fb6 (Mono JIT Code) UnityEngine.TestTools.ImmediateEnumerableCommand:Execute (NUnit.Framework.Internal.ITestExecutionContext) (at ./Library/PackageCache/com.unity.test-framework@40e262928427/UnityEngine.TestRunner/NUnitExtensions/Commands/ImmediateEnumerableCommand.cs:18)
0x000001e9aa251f01 (Mono JIT Code) UnityEngine.TestTools.BeforeAfterTestCommandBase`1/<ExecuteEnumerable>d__16<T_REF>:MoveNext () (at ./Library/PackageCache/com.unity.test-framework@40e262928427/UnityEngine.TestRunner/NUnitExtensions/Commands/BeforeAfterTestCommandBase.cs:219)
0x000001e9aa251e01 (Mono JIT Code) UnityEngine.TestTools.BeforeAfterTestCommandBase`1/<ExecuteEnumerable>d__16<T_REF>:MoveNext () (at ./Library/PackageCache/com.unity.test-framework@40e262928427/UnityEngine.TestRunner/NUnitExtensions/Commands/BeforeAfterTestCommandBase.cs:212)
0x000001e9aa251e01 (Mono JIT Code) UnityEngine.TestTools.BeforeAfterTestCommandBase`1/<ExecuteEnumerable>d__16<T_REF>:MoveNext () (at ./Library/PackageCache/com.unity.test-framework@40e262928427/UnityEngine.TestRunner/NUnitExtensions/Commands/BeforeAfterTestCommandBase.cs:212)
0x000001e9aa26b457 (Mono JIT Code) UnityEngine.TestTools.RetryCommand/<ExecuteEnumerable>d__2:MoveNext () (at ./Library/PackageCache/com.unity.test-framework@40e262928427/UnityEngine.TestRunner/NUnitExtensions/Commands/RetryCommand.cs:37)
0x000001e9aa269f2f (Mono JIT Code) UnityEngine.TestTools.RepeatCommand/<ExecuteEnumerable>d__2:MoveNext () (at ./Library/PackageCache/com.unity.test-framework@40e262928427/UnityEngine.TestRunner/NUnitExtensions/Commands/RepeatCommand.cs:36)
0x000001e9aa268fa6 (Mono JIT Code) UnityEngine.TestTools.IgnoreTestCommand/<ExecuteEnumerable>d__3:MoveNext () (at ./Library/PackageCache/com.unity.test-framework@40e262928427/UnityEngine.TestRunner/NUnitExtensions/Commands/IgnoreTestCommand.cs:42)
0x000001e9aa267c7f (Mono JIT Code) UnityEngine.TestTools.StrictCheckCommand/<ExecuteEnumerable>d__2:MoveNext () (at ./Library/PackageCache/com.unity.test-framework@40e262928427/UnityEngine.TestRunner/NUnitExtensions/Commands/StrictCheckCommand.cs:29)
0x000001e9aa266fe1 (Mono JIT Code) UnityEngine.TestRunner.NUnitExtensions.Runner.DefaultTestWorkItem/<PerformWork>d__2:MoveNext () (at ./Library/PackageCache/com.unity.test-framework@40e262928427/UnityEngine.TestRunner/NUnitExtensions/Runner/DefaultTestWorkItem.cs:50)
0x000001e9aa255e12 (Mono JIT Code) UnityEngine.TestRunner.NUnitExtensions.Runner.CompositeWorkItem/<RunChildren>d__17:MoveNext () (at ./Library/PackageCache/com.unity.test-framework@40e262928427/UnityEngine.TestRunner/NUnitExtensions/Runner/CompositeWorkItem.cs:207)
0x000001e9aa247756 (Mono JIT Code) UnityEngine.TestRunner.NUnitExtensions.Runner.CompositeWorkItem/<PerformWork>d__13:MoveNext () (at ./Library/PackageCache/com.unity.test-framework@40e262928427/UnityEngine.TestRunner/NUnitExtensions/Runner/CompositeWorkItem.cs:82)
0x000001e9aa255e12 (Mono JIT Code) UnityEngine.TestRunner.NUnitExtensions.Runner.CompositeWorkItem/<RunChildren>d__17:MoveNext () (at ./Library/PackageCache/com.unity.test-framework@40e262928427/UnityEngine.TestRunner/NUnitExtensions/Runner/CompositeWorkItem.cs:207)
0x000001e9aa247756 (Mono JIT Code) UnityEngine.TestRunner.NUnitExtensions.Runner.CompositeWorkItem/<PerformWork>d__13:MoveNext () (at ./Library/PackageCache/com.unity.test-framework@40e262928427/UnityEngine.TestRunner/NUnitExtensions/Runner/CompositeWorkItem.cs:82)
0x000001e9aa255e12 (Mono JIT Code) UnityEngine.TestRunner.NUnitExtensions.Runner.CompositeWorkItem/<RunChildren>d__17:MoveNext () (at ./Library/PackageCache/com.unity.test-framework@40e262928427/UnityEngine.TestRunner/NUnitExtensions/Runner/CompositeWorkItem.cs:207)
0x000001e9aa247756 (Mono JIT Code) UnityEngine.TestRunner.NUnitExtensions.Runner.CompositeWorkItem/<PerformWork>d__13:MoveNext () (at ./Library/PackageCache/com.unity.test-framework@40e262928427/UnityEngine.TestRunner/NUnitExtensions/Runner/CompositeWorkItem.cs:82)
0x000001e9aa245fcc (Mono JIT Code) UnityEditor.TestTools.TestRunner.EditModeRunner:MoveNextAndUpdateYieldObject () (at ./Library/PackageCache/com.unity.test-framework@40e262928427/UnityEditor.TestRunner/TestRunner/EditModeRunner.cs:167)
0x000001e9aa245b7b (Mono JIT Code) UnityEditor.TestTools.TestRunner.EditModeRunner:TestConsumer (UnityEditor.TestTools.TestRunner.TestRunnerStateSerializer) (at ./Library/PackageCache/com.unity.test-framework@40e262928427/UnityEditor.TestRunner/TestRunner/EditModeRunner.cs:200)
0x000001e9aa23c173 (Mono JIT Code) UnityEditor.TestTools.TestRunner.TestRun.Tasks.EditModeRunTask/<Execute>d__1:MoveNext () (at ./Library/PackageCache/com.unity.test-framework@40e262928427/UnityEditor.TestRunner/TestRun/Tasks/EditModeRunTask.cs:48)
0x000001e977129d5e (Mono JIT Code) UnityEditor.TestTools.TestRunner.TestRun.TestJobRunner:ExecuteStep () (at ./Library/PackageCache/com.unity.test-framework@40e262928427/UnityEditor.TestRunner/TestRun/TestJobRunner.cs:173)
0x000001e977128953 (Mono JIT Code) UnityEditor.TestTools.TestRunner.TestRun.TestJobRunner:ExecuteCallback () (at ./Library/PackageCache/com.unity.test-framework@40e262928427/UnityEditor.TestRunner/TestRun/TestJobRunner.cs:108)
0x000001e99df821b8 (Mono JIT Code) UnityEditor.EditorApplication:Internal_CallUpdateFunctions ()
0x000001e8e6514785 (Mono JIT Code) (wrapper runtime-invoke) object:runtime_invoke_void (object,intptr,intptr,intptr)
0x00007fff3fd16e7e (mono-2.0-bdwgc) mono_jit_runtime_invoke (at C:/build/output/Unity-Technologies/mono/mono/mini/mini-runtime.c:3445)
0x00007fff3fc58874 (mono-2.0-bdwgc) do_runtime_invoke (at C:/build/output/Unity-Technologies/mono/mono/metadata/object.c:3068)
0x00007fff3fc58960 (mono-2.0-bdwgc) mono_runtime_invoke (at C:/build/output/Unity-Technologies/mono/mono/metadata/object.c:3115)
0x00007fff38e4cea4 (Unity) scripting_method_invoke
0x00007fff38e25433 (Unity) ScriptingInvocation::Invoke
0x00007fff38e20b35 (Unity) ScriptingInvocation::Invoke<void>
0x00007fff38f8b4bb (Unity) Scripting::UnityEditor::EditorApplicationProxy::Internal_CallUpdateFunctions
0x00007fff3a07e0e4 (Unity) SceneTracker::Update
0x00007fff39be1247 (Unity) Application::TickTimer
0x00007fff3a1b25ac (Unity) MainMessageLoop
0x00007fff3a1b9d1c (Unity) UnityMain
0x00007ff68b302f2a (Unity) __scrt_common_main_seh
0x00007fffddade8d7 (KERNEL32) BaseThreadInitThunk
0x00007fffde88c53c (ntdll) RtlUserThreadStart

[MouseTracker] PlayerInputHandler not found. Mouse compensation will be disabled.
0x00007fff38f222ae (Unity) StackWalker::ShowCallstack
0x00007fff38f31ee9 (Unity) PlatformStacktrace::GetStacktrace
0x00007fff3a1ac04e (Unity) Stacktrace::GetStacktrace
0x00007fff3a7859df (Unity) DebugStringToFile
0x00007fff37fd2930 (Unity) DebugLogHandler_CUSTOM_Internal_Log
0x000001e9766cbd3e (Mono JIT Code) (wrapper managed-to-native) UnityEngine.DebugLogHandler:Internal_Log_Injected (UnityEngine.LogType,UnityEngine.LogOption,UnityEngine.Bindings.ManagedSpanWrapper&,intptr)
0x000001e9766cbb43 (Mono JIT Code) UnityEngine.DebugLogHandler:Internal_Log (UnityEngine.LogType,UnityEngine.LogOption,string,UnityEngine.Object)
0x000001e9766cb7fb (Mono JIT Code) UnityEngine.DebugLogHandler:LogFormat (UnityEngine.LogType,UnityEngine.Object,string,object[])
0x000001e9766ca6ae (Mono JIT Code) UnityEngine.Logger:Log (UnityEngine.LogType,object)
0x000001e9aa2b404d (Mono JIT Code) UnityEngine.Debug:LogWarning (object)
0x000001e9aa2b33ab (Mono JIT Code) MouseTracker:Initialize (RecoilSystem) (at C:/Users/Ubuntu/Desktop/_DEV/AFFECT-2025-10-11/Assets/_SCRIPTS/_PLAYER/Recoil/MouseTracker.cs:80)
0x000001e976d36246 (Mono JIT Code) RecoilSystem:InitializeModules () (at C:/Users/Ubuntu/Desktop/_DEV/AFFECT-2025-10-11/Assets/_SCRIPTS/_PLAYER/Recoil/RecoilSystem.cs:203)
0x000001e976d33eb3 (Mono JIT Code) RecoilSystem:Initialize () (at C:/Users/Ubuntu/Desktop/_DEV/AFFECT-2025-10-11/Assets/_SCRIPTS/_PLAYER/Recoil/RecoilSystem.cs:165)
0x000001e976d333a3 (Mono JIT Code) RecoilSystem:ForceInitializeForTesting () (at C:/Users/Ubuntu/Desktop/_DEV/AFFECT-2025-10-11/Assets/_SCRIPTS/_PLAYER/Recoil/RecoilSystem.cs:632)
0x000001e976d3c213 (Mono JIT Code) RecoilSystemProperties:Property13_GracefulModuleDegradation () (at C:/Users/Ubuntu/Desktop/_DEV/AFFECT-2025-10-11/Assets/_SCRIPTS/Editor/Properties/RecoilSystemProperties.cs:269)
0x000001e9aa264548 (Mono JIT Code) (wrapper runtime-invoke) object:runtime_invoke_void__this__ (object,intptr,intptr,intptr)
0x00007fff3fd16e7e (mono-2.0-bdwgc) mono_jit_runtime_invoke (at C:/build/output/Unity-Technologies/mono/mono/mini/mini-runtime.c:3445)
0x00007fff3fc58874 (mono-2.0-bdwgc) do_runtime_invoke (at C:/build/output/Unity-Technologies/mono/mono/metadata/object.c:3068)
0x00007fff3fc5f926 (mono-2.0-bdwgc) mono_runtime_try_invoke_array (at C:/build/output/Unity-Technologies/mono/mono/metadata/object.c:5774)
0x00007fff3fb91b81 (mono-2.0-bdwgc) ves_icall_InternalInvoke (at C:/build/output/Unity-Technologies/mono/mono/metadata/icall.c:4038)
0x00007fff3fbb7e31 (mono-2.0-bdwgc) ves_icall_InternalInvoke_raw (at C:/build/output/Unity-Technologies/mono/mono/metadata/icall-def.h:692)
0x000001e8e22b0f92 (Mono JIT Code) (wrapper managed-to-native) System.Reflection.RuntimeMethodInfo:InternalInvoke (System.Reflection.RuntimeMethodInfo,object,object[],System.Exception&)
0x000001e8e3c7ea73 (Mono JIT Code) System.Reflection.RuntimeMethodInfo:Invoke (object,System.Reflection.BindingFlags,System.Reflection.Binder,object[],System.Globalization.CultureInfo)
0x000001e8db9555ef (Mono JIT Code) System.Reflection.MethodBase:Invoke (object,object[])
0x000001e9aa26e783 (Mono JIT Code) NUnit.Framework.Internal.Reflect:InvokeMethod (System.Reflection.MethodInfo,object,object[])
0x000001e9aa2760ab (Mono JIT Code) NUnit.Framework.Internal.MethodWrapper:Invoke (object,object[])
0x000001e9aa275f8a (Mono JIT Code) NUnit.Framework.Internal.Commands.TestMethodCommand:RunNonAsyncTestMethod (NUnit.Framework.Internal.ITestExecutionContext)
0x000001e9aa275dd3 (Mono JIT Code) NUnit.Framework.Internal.Commands.TestMethodCommand:RunTestMethod (NUnit.Framework.Internal.ITestExecutionContext)
0x000001e9aa275973 (Mono JIT Code) NUnit.Framework.Internal.Commands.TestMethodCommand:Execute (NUnit.Framework.Internal.ITestExecutionContext)
0x000001e9aa27556b (Mono JIT Code) UnityEngine.TestTools.UnityTestMethodCommand:Execute (NUnit.Framework.Internal.ITestExecutionContext) (at ./Library/PackageCache/com.unity.test-framework@40e262928427/UnityEngine.TestRunner/NUnitExtensions/Commands/UnityTestMethodCommand.cs:19)
0x000001e9aa2752fb (Mono JIT Code) UnityEngine.TestRunner.NUnitExtensions.Runner.UnityLogCheckDelegatingCommand/<>c__DisplayClass2_0:<Execute>b__0 () (at ./Library/PackageCache/com.unity.test-framework@40e262928427/UnityEngine.TestRunner/NUnitExtensions/Runner/UnityLogCheckDelegatingCommand.cs:24)
0x000001e9aa275123 (Mono JIT Code) UnityEngine.TestRunner.NUnitExtensions.Runner.UnityLogCheckDelegatingCommand:CaptureException (NUnit.Framework.Internal.TestResult,System.Action) (at ./Library/PackageCache/com.unity.test-framework@40e262928427/UnityEngine.TestRunner/NUnitExtensions/Runner/UnityLogCheckDelegatingCommand.cs:72)
0x000001e9aa274fb3 (Mono JIT Code) UnityEngine.TestRunner.NUnitExtensions.Runner.UnityLogCheckDelegatingCommand:ExecuteAndCheckLog (UnityEngine.TestTools.Logging.LogScope,NUnit.Framework.Internal.TestResult,System.Action) (at ./Library/PackageCache/com.unity.test-framework@40e262928427/UnityEngine.TestRunner/NUnitExtensions/Runner/UnityLogCheckDelegatingCommand.cs:83)
0x000001e9aa274c3b (Mono JIT Code) UnityEngine.TestRunner.NUnitExtensions.Runner.UnityLogCheckDelegatingCommand:Execute (NUnit.Framework.Internal.ITestExecutionContext) (at ./Library/PackageCache/com.unity.test-framework@40e262928427/UnityEngine.TestRunner/NUnitExtensions/Runner/UnityLogCheckDelegatingCommand.cs:24)
0x000001e9aa273c19 (Mono JIT Code) UnityEngine.TestRunner.NUnitExtensions.Runner.UnityLogCheckDelegatingCommand/<ExecuteEnumerable>d__3:MoveNext () (at ./Library/PackageCache/com.unity.test-framework@40e262928427/UnityEngine.TestRunner/NUnitExtensions/Runner/UnityLogCheckDelegatingCommand.cs:35)
0x000001e9aa251e01 (Mono JIT Code) UnityEngine.TestTools.BeforeAfterTestCommandBase`1/<ExecuteEnumerable>d__16<T_REF>:MoveNext () (at ./Library/PackageCache/com.unity.test-framework@40e262928427/UnityEngine.TestRunner/NUnitExtensions/Commands/BeforeAfterTestCommandBase.cs:212)
0x000001e9aa272fb6 (Mono JIT Code) UnityEngine.TestTools.ImmediateEnumerableCommand:Execute (NUnit.Framework.Internal.ITestExecutionContext) (at ./Library/PackageCache/com.unity.test-framework@40e262928427/UnityEngine.TestRunner/NUnitExtensions/Commands/ImmediateEnumerableCommand.cs:18)
0x000001e9aa251f01 (Mono JIT Code) UnityEngine.TestTools.BeforeAfterTestCommandBase`1/<ExecuteEnumerable>d__16<T_REF>:MoveNext () (at ./Library/PackageCache/com.unity.test-framework@40e262928427/UnityEngine.TestRunner/NUnitExtensions/Commands/BeforeAfterTestCommandBase.cs:219)
0x000001e9aa251e01 (Mono JIT Code) UnityEngine.TestTools.BeforeAfterTestCommandBase`1/<ExecuteEnumerable>d__16<T_REF>:MoveNext () (at ./Library/PackageCache/com.unity.test-framework@40e262928427/UnityEngine.TestRunner/NUnitExtensions/Commands/BeforeAfterTestCommandBase.cs:212)
0x000001e9aa251e01 (Mono JIT Code) UnityEngine.TestTools.BeforeAfterTestCommandBase`1/<ExecuteEnumerable>d__16<T_REF>:MoveNext () (at ./Library/PackageCache/com.unity.test-framework@40e262928427/UnityEngine.TestRunner/NUnitExtensions/Commands/BeforeAfterTestCommandBase.cs:212)
0x000001e9aa26b457 (Mono JIT Code) UnityEngine.TestTools.RetryCommand/<ExecuteEnumerable>d__2:MoveNext () (at ./Library/PackageCache/com.unity.test-framework@40e262928427/UnityEngine.TestRunner/NUnitExtensions/Commands/RetryCommand.cs:37)
0x000001e9aa269f2f (Mono JIT Code) UnityEngine.TestTools.RepeatCommand/<ExecuteEnumerable>d__2:MoveNext () (at ./Library/PackageCache/com.unity.test-framework@40e262928427/UnityEngine.TestRunner/NUnitExtensions/Commands/RepeatCommand.cs:36)
0x000001e9aa268fa6 (Mono JIT Code) UnityEngine.TestTools.IgnoreTestCommand/<ExecuteEnumerable>d__3:MoveNext () (at ./Library/PackageCache/com.unity.test-framework@40e262928427/UnityEngine.TestRunner/NUnitExtensions/Commands/IgnoreTestCommand.cs:42)
0x000001e9aa267c7f (Mono JIT Code) UnityEngine.TestTools.StrictCheckCommand/<ExecuteEnumerable>d__2:MoveNext () (at ./Library/PackageCache/com.unity.test-framework@40e262928427/UnityEngine.TestRunner/NUnitExtensions/Commands/StrictCheckCommand.cs:29)
0x000001e9aa266fe1 (Mono JIT Code) UnityEngine.TestRunner.NUnitExtensions.Runner.DefaultTestWorkItem/<PerformWork>d__2:MoveNext () (at ./Library/PackageCache/com.unity.test-framework@40e262928427/UnityEngine.TestRunner/NUnitExtensions/Runner/DefaultTestWorkItem.cs:50)
0x000001e9aa255e12 (Mono JIT Code) UnityEngine.TestRunner.NUnitExtensions.Runner.CompositeWorkItem/<RunChildren>d__17:MoveNext () (at ./Library/PackageCache/com.unity.test-framework@40e262928427/UnityEngine.TestRunner/NUnitExtensions/Runner/CompositeWorkItem.cs:207)
0x000001e9aa247756 (Mono JIT Code) UnityEngine.TestRunner.NUnitExtensions.Runner.CompositeWorkItem/<PerformWork>d__13:MoveNext () (at ./Library/PackageCache/com.unity.test-framework@40e262928427/UnityEngine.TestRunner/NUnitExtensions/Runner/CompositeWorkItem.cs:82)
0x000001e9aa255e12 (Mono JIT Code) UnityEngine.TestRunner.NUnitExtensions.Runner.CompositeWorkItem/<RunChildren>d__17:MoveNext () (at ./Library/PackageCache/com.unity.test-framework@40e262928427/UnityEngine.TestRunner/NUnitExtensions/Runner/CompositeWorkItem.cs:207)
0x000001e9aa247756 (Mono JIT Code) UnityEngine.TestRunner.NUnitExtensions.Runner.CompositeWorkItem/<PerformWork>d__13:MoveNext () (at ./Library/PackageCache/com.unity.test-framework@40e262928427/UnityEngine.TestRunner/NUnitExtensions/Runner/CompositeWorkItem.cs:82)
0x000001e9aa255e12 (Mono JIT Code) UnityEngine.TestRunner.NUnitExtensions.Runner.CompositeWorkItem/<RunChildren>d__17:MoveNext () (at ./Library/PackageCache/com.unity.test-framework@40e262928427/UnityEngine.TestRunner/NUnitExtensions/Runner/CompositeWorkItem.cs:207)
0x000001e9aa247756 (Mono JIT Code) UnityEngine.TestRunner.NUnitExtensions.Runner.CompositeWorkItem/<PerformWork>d__13:MoveNext () (at ./Library/PackageCache/com.unity.test-framework@40e262928427/UnityEngine.TestRunner/NUnitExtensions/Runner/CompositeWorkItem.cs:82)
0x000001e9aa245fcc (Mono JIT Code) UnityEditor.TestTools.TestRunner.EditModeRunner:MoveNextAndUpdateYieldObject () (at ./Library/PackageCache/com.unity.test-framework@40e262928427/UnityEditor.TestRunner/TestRunner/EditModeRunner.cs:167)
0x000001e9aa245b7b (Mono JIT Code) UnityEditor.TestTools.TestRunner.EditModeRunner:TestConsumer (UnityEditor.TestTools.TestRunner.TestRunnerStateSerializer) (at ./Library/PackageCache/com.unity.test-framework@40e262928427/UnityEditor.TestRunner/TestRunner/EditModeRunner.cs:200)
0x000001e9aa23c173 (Mono JIT Code) UnityEditor.TestTools.TestRunner.TestRun.Tasks.EditModeRunTask/<Execute>d__1:MoveNext () (at ./Library/PackageCache/com.unity.test-framework@40e262928427/UnityEditor.TestRunner/TestRun/Tasks/EditModeRunTask.cs:48)
0x000001e977129d5e (Mono JIT Code) UnityEditor.TestTools.TestRunner.TestRun.TestJobRunner:ExecuteStep () (at ./Library/PackageCache/com.unity.test-framework@40e262928427/UnityEditor.TestRunner/TestRun/TestJobRunner.cs:173)
0x000001e977128953 (Mono JIT Code) UnityEditor.TestTools.TestRunner.TestRun.TestJobRunner:ExecuteCallback () (at ./Library/PackageCache/com.unity.test-framework@40e262928427/UnityEditor.TestRunner/TestRun/TestJobRunner.cs:108)
0x000001e99df821b8 (Mono JIT Code) UnityEditor.EditorApplication:Internal_CallUpdateFunctions ()
0x000001e8e6514785 (Mono JIT Code) (wrapper runtime-invoke) object:runtime_invoke_void (object,intptr,intptr,intptr)
0x00007fff3fd16e7e (mono-2.0-bdwgc) mono_jit_runtime_invoke (at C:/build/output/Unity-Technologies/mono/mono/mini/mini-runtime.c:3445)
0x00007fff3fc58874 (mono-2.0-bdwgc) do_runtime_invoke (at C:/build/output/Unity-Technologies/mono/mono/metadata/object.c:3068)
0x00007fff3fc58960 (mono-2.0-bdwgc) mono_runtime_invoke (at C:/build/output/Unity-Technologies/mono/mono/metadata/object.c:3115)
0x00007fff38e4cea4 (Unity) scripting_method_invoke
0x00007fff38e25433 (Unity) ScriptingInvocation::Invoke
0x00007fff38e20b35 (Unity) ScriptingInvocation::Invoke<void>
0x00007fff38f8b4bb (Unity) Scripting::UnityEditor::EditorApplicationProxy::Internal_CallUpdateFunctions
0x00007fff3a07e0e4 (Unity) SceneTracker::Update
0x00007fff39be1247 (Unity) Application::TickTimer
0x00007fff3a1b25ac (Unity) MainMessageLoop
0x00007fff3a1b9d1c (Unity) UnityMain
0x00007ff68b302f2a (Unity) __scrt_common_main_seh
0x00007fffddade8d7 (KERNEL32) BaseThreadInitThunk
0x00007fffde88c53c (ntdll) RtlUserThreadStart

[MouseTracker] PlayerInputHandler not found. Mouse compensation will be disabled.
0x00007fff38f222ae (Unity) StackWalker::ShowCallstack
0x00007fff38f31ee9 (Unity) PlatformStacktrace::GetStacktrace
0x00007fff3a1ac04e (Unity) Stacktrace::GetStacktrace
0x00007fff3a7859df (Unity) DebugStringToFile
0x00007fff37fd2930 (Unity) DebugLogHandler_CUSTOM_Internal_Log
0x000001e9766cbd3e (Mono JIT Code) (wrapper managed-to-native) UnityEngine.DebugLogHandler:Internal_Log_Injected (UnityEngine.LogType,UnityEngine.LogOption,UnityEngine.Bindings.ManagedSpanWrapper&,intptr)
0x000001e9766cbb43 (Mono JIT Code) UnityEngine.DebugLogHandler:Internal_Log (UnityEngine.LogType,UnityEngine.LogOption,string,UnityEngine.Object)
0x000001e9766cb7fb (Mono JIT Code) UnityEngine.DebugLogHandler:LogFormat (UnityEngine.LogType,UnityEngine.Object,string,object[])
0x000001e9766ca6ae (Mono JIT Code) UnityEngine.Logger:Log (UnityEngine.LogType,object)
0x000001e9aa2b404d (Mono JIT Code) UnityEngine.Debug:LogWarning (object)
0x000001e9aa2b33ab (Mono JIT Code) MouseTracker:Initialize (RecoilSystem) (at C:/Users/Ubuntu/Desktop/_DEV/AFFECT-2025-10-11/Assets/_SCRIPTS/_PLAYER/Recoil/MouseTracker.cs:80)
0x000001e976d36246 (Mono JIT Code) RecoilSystem:InitializeModules () (at C:/Users/Ubuntu/Desktop/_DEV/AFFECT-2025-10-11/Assets/_SCRIPTS/_PLAYER/Recoil/RecoilSystem.cs:203)
0x000001e976d33eb3 (Mono JIT Code) RecoilSystem:Initialize () (at C:/Users/Ubuntu/Desktop/_DEV/AFFECT-2025-10-11/Assets/_SCRIPTS/_PLAYER/Recoil/RecoilSystem.cs:165)
0x000001e976d333a3 (Mono JIT Code) RecoilSystem:ForceInitializeForTesting () (at C:/Users/Ubuntu/Desktop/_DEV/AFFECT-2025-10-11/Assets/_SCRIPTS/_PLAYER/Recoil/RecoilSystem.cs:632)
0x000001e976d3c213 (Mono JIT Code) RecoilSystemProperties:Property13_GracefulModuleDegradation () (at C:/Users/Ubuntu/Desktop/_DEV/AFFECT-2025-10-11/Assets/_SCRIPTS/Editor/Properties/RecoilSystemProperties.cs:269)
0x000001e9aa264548 (Mono JIT Code) (wrapper runtime-invoke) object:runtime_invoke_void__this__ (object,intptr,intptr,intptr)
0x00007fff3fd16e7e (mono-2.0-bdwgc) mono_jit_runtime_invoke (at C:/build/output/Unity-Technologies/mono/mono/mini/mini-runtime.c:3445)
0x00007fff3fc58874 (mono-2.0-bdwgc) do_runtime_invoke (at C:/build/output/Unity-Technologies/mono/mono/metadata/object.c:3068)
0x00007fff3fc5f926 (mono-2.0-bdwgc) mono_runtime_try_invoke_array (at C:/build/output/Unity-Technologies/mono/mono/metadata/object.c:5774)
0x00007fff3fb91b81 (mono-2.0-bdwgc) ves_icall_InternalInvoke (at C:/build/output/Unity-Technologies/mono/mono/metadata/icall.c:4038)
0x00007fff3fbb7e31 (mono-2.0-bdwgc) ves_icall_InternalInvoke_raw (at C:/build/output/Unity-Technologies/mono/mono/metadata/icall-def.h:692)
0x000001e8e22b0f92 (Mono JIT Code) (wrapper managed-to-native) System.Reflection.RuntimeMethodInfo:InternalInvoke (System.Reflection.RuntimeMethodInfo,object,object[],System.Exception&)
0x000001e8e3c7ea73 (Mono JIT Code) System.Reflection.RuntimeMethodInfo:Invoke (object,System.Reflection.BindingFlags,System.Reflection.Binder,object[],System.Globalization.CultureInfo)
0x000001e8db9555ef (Mono JIT Code) System.Reflection.MethodBase:Invoke (object,object[])
0x000001e9aa26e783 (Mono JIT Code) NUnit.Framework.Internal.Reflect:InvokeMethod (System.Reflection.MethodInfo,object,object[])
0x000001e9aa2760ab (Mono JIT Code) NUnit.Framework.Internal.MethodWrapper:Invoke (object,object[])
0x000001e9aa275f8a (Mono JIT Code) NUnit.Framework.Internal.Commands.TestMethodCommand:RunNonAsyncTestMethod (NUnit.Framework.Internal.ITestExecutionContext)
0x000001e9aa275dd3 (Mono JIT Code) NUnit.Framework.Internal.Commands.TestMethodCommand:RunTestMethod (NUnit.Framework.Internal.ITestExecutionContext)
0x000001e9aa275973 (Mono JIT Code) NUnit.Framework.Internal.Commands.TestMethodCommand:Execute (NUnit.Framework.Internal.ITestExecutionContext)
0x000001e9aa27556b (Mono JIT Code) UnityEngine.TestTools.UnityTestMethodCommand:Execute (NUnit.Framework.Internal.ITestExecutionContext) (at ./Library/PackageCache/com.unity.test-framework@40e262928427/UnityEngine.TestRunner/NUnitExtensions/Commands/UnityTestMethodCommand.cs:19)
0x000001e9aa2752fb (Mono JIT Code) UnityEngine.TestRunner.NUnitExtensions.Runner.UnityLogCheckDelegatingCommand/<>c__DisplayClass2_0:<Execute>b__0 () (at ./Library/PackageCache/com.unity.test-framework@40e262928427/UnityEngine.TestRunner/NUnitExtensions/Runner/UnityLogCheckDelegatingCommand.cs:24)
0x000001e9aa275123 (Mono JIT Code) UnityEngine.TestRunner.NUnitExtensions.Runner.UnityLogCheckDelegatingCommand:CaptureException (NUnit.Framework.Internal.TestResult,System.Action) (at ./Library/PackageCache/com.unity.test-framework@40e262928427/UnityEngine.TestRunner/NUnitExtensions/Runner/UnityLogCheckDelegatingCommand.cs:72)
0x000001e9aa274fb3 (Mono JIT Code) UnityEngine.TestRunner.NUnitExtensions.Runner.UnityLogCheckDelegatingCommand:ExecuteAndCheckLog (UnityEngine.TestTools.Logging.LogScope,NUnit.Framework.Internal.TestResult,System.Action) (at ./Library/PackageCache/com.unity.test-framework@40e262928427/UnityEngine.TestRunner/NUnitExtensions/Runner/UnityLogCheckDelegatingCommand.cs:83)
0x000001e9aa274c3b (Mono JIT Code) UnityEngine.TestRunner.NUnitExtensions.Runner.UnityLogCheckDelegatingCommand:Execute (NUnit.Framework.Internal.ITestExecutionContext) (at ./Library/PackageCache/com.unity.test-framework@40e262928427/UnityEngine.TestRunner/NUnitExtensions/Runner/UnityLogCheckDelegatingCommand.cs:24)
0x000001e9aa273c19 (Mono JIT Code) UnityEngine.TestRunner.NUnitExtensions.Runner.UnityLogCheckDelegatingCommand/<ExecuteEnumerable>d__3:MoveNext () (at ./Library/PackageCache/com.unity.test-framework@40e262928427/UnityEngine.TestRunner/NUnitExtensions/Runner/UnityLogCheckDelegatingCommand.cs:35)
0x000001e9aa251e01 (Mono JIT Code) UnityEngine.TestTools.BeforeAfterTestCommandBase`1/<ExecuteEnumerable>d__16<T_REF>:MoveNext () (at ./Library/PackageCache/com.unity.test-framework@40e262928427/UnityEngine.TestRunner/NUnitExtensions/Commands/BeforeAfterTestCommandBase.cs:212)
0x000001e9aa272fb6 (Mono JIT Code) UnityEngine.TestTools.ImmediateEnumerableCommand:Execute (NUnit.Framework.Internal.ITestExecutionContext) (at ./Library/PackageCache/com.unity.test-framework@40e262928427/UnityEngine.TestRunner/NUnitExtensions/Commands/ImmediateEnumerableCommand.cs:18)
0x000001e9aa251f01 (Mono JIT Code) UnityEngine.TestTools.BeforeAfterTestCommandBase`1/<ExecuteEnumerable>d__16<T_REF>:MoveNext () (at ./Library/PackageCache/com.unity.test-framework@40e262928427/UnityEngine.TestRunner/NUnitExtensions/Commands/BeforeAfterTestCommandBase.cs:219)
0x000001e9aa251e01 (Mono JIT Code) UnityEngine.TestTools.BeforeAfterTestCommandBase`1/<ExecuteEnumerable>d__16<T_REF>:MoveNext () (at ./Library/PackageCache/com.unity.test-framework@40e262928427/UnityEngine.TestRunner/NUnitExtensions/Commands/BeforeAfterTestCommandBase.cs:212)
0x000001e9aa251e01 (Mono JIT Code) UnityEngine.TestTools.BeforeAfterTestCommandBase`1/<ExecuteEnumerable>d__16<T_REF>:MoveNext () (at ./Library/PackageCache/com.unity.test-framework@40e262928427/UnityEngine.TestRunner/NUnitExtensions/Commands/BeforeAfterTestCommandBase.cs:212)
0x000001e9aa26b457 (Mono JIT Code) UnityEngine.TestTools.RetryCommand/<ExecuteEnumerable>d__2:MoveNext () (at ./Library/PackageCache/com.unity.test-framework@40e262928427/UnityEngine.TestRunner/NUnitExtensions/Commands/RetryCommand.cs:37)
0x000001e9aa269f2f (Mono JIT Code) UnityEngine.TestTools.RepeatCommand/<ExecuteEnumerable>d__2:MoveNext () (at ./Library/PackageCache/com.unity.test-framework@40e262928427/UnityEngine.TestRunner/NUnitExtensions/Commands/RepeatCommand.cs:36)
0x000001e9aa268fa6 (Mono JIT Code) UnityEngine.TestTools.IgnoreTestCommand/<ExecuteEnumerable>d__3:MoveNext () (at ./Library/PackageCache/com.unity.test-framework@40e262928427/UnityEngine.TestRunner/NUnitExtensions/Commands/IgnoreTestCommand.cs:42)
0x000001e9aa267c7f (Mono JIT Code) UnityEngine.TestTools.StrictCheckCommand/<ExecuteEnumerable>d__2:MoveNext () (at ./Library/PackageCache/com.unity.test-framework@40e262928427/UnityEngine.TestRunner/NUnitExtensions/Commands/StrictCheckCommand.cs:29)
0x000001e9aa266fe1 (Mono JIT Code) UnityEngine.TestRunner.NUnitExtensions.Runner.DefaultTestWorkItem/<PerformWork>d__2:MoveNext () (at ./Library/PackageCache/com.unity.test-framework@40e262928427/UnityEngine.TestRunner/NUnitExtensions/Runner/DefaultTestWorkItem.cs:50)
0x000001e9aa255e12 (Mono JIT Code) UnityEngine.TestRunner.NUnitExtensions.Runner.CompositeWorkItem/<RunChildren>d__17:MoveNext () (at ./Library/PackageCache/com.unity.test-framework@40e262928427/UnityEngine.TestRunner/NUnitExtensions/Runner/CompositeWorkItem.cs:207)
0x000001e9aa247756 (Mono JIT Code) UnityEngine.TestRunner.NUnitExtensions.Runner.CompositeWorkItem/<PerformWork>d__13:MoveNext () (at ./Library/PackageCache/com.unity.test-framework@40e262928427/UnityEngine.TestRunner/NUnitExtensions/Runner/CompositeWorkItem.cs:82)
0x000001e9aa255e12 (Mono JIT Code) UnityEngine.TestRunner.NUnitExtensions.Runner.CompositeWorkItem/<RunChildren>d__17:MoveNext () (at ./Library/PackageCache/com.unity.test-framework@40e262928427/UnityEngine.TestRunner/NUnitExtensions/Runner/CompositeWorkItem.cs:207)
0x000001e9aa247756 (Mono JIT Code) UnityEngine.TestRunner.NUnitExtensions.Runner.CompositeWorkItem/<PerformWork>d__13:MoveNext () (at ./Library/PackageCache/com.unity.test-framework@40e262928427/UnityEngine.TestRunner/NUnitExtensions/Runner/CompositeWorkItem.cs:82)
0x000001e9aa255e12 (Mono JIT Code) UnityEngine.TestRunner.NUnitExtensions.Runner.CompositeWorkItem/<RunChildren>d__17:MoveNext () (at ./Library/PackageCache/com.unity.test-framework@40e262928427/UnityEngine.TestRunner/NUnitExtensions/Runner/CompositeWorkItem.cs:207)
0x000001e9aa247756 (Mono JIT Code) UnityEngine.TestRunner.NUnitExtensions.Runner.CompositeWorkItem/<PerformWork>d__13:MoveNext () (at ./Library/PackageCache/com.unity.test-framework@40e262928427/UnityEngine.TestRunner/NUnitExtensions/Runner/CompositeWorkItem.cs:82)
0x000001e9aa245fcc (Mono JIT Code) UnityEditor.TestTools.TestRunner.EditModeRunner:MoveNextAndUpdateYieldObject () (at ./Library/PackageCache/com.unity.test-framework@40e262928427/UnityEditor.TestRunner/TestRunner/EditModeRunner.cs:167)
0x000001e9aa245b7b (Mono JIT Code) UnityEditor.TestTools.TestRunner.EditModeRunner:TestConsumer (UnityEditor.TestTools.TestRunner.TestRunnerStateSerializer) (at ./Library/PackageCache/com.unity.test-framework@40e262928427/UnityEditor.TestRunner/TestRunner/EditModeRunner.cs:200)
0x000001e9aa23c173 (Mono JIT Code) UnityEditor.TestTools.TestRunner.TestRun.Tasks.EditModeRunTask/<Execute>d__1:MoveNext () (at ./Library/PackageCache/com.unity.test-framework@40e262928427/UnityEditor.TestRunner/TestRun/Tasks/EditModeRunTask.cs:48)
0x000001e977129d5e (Mono JIT Code) UnityEditor.TestTools.TestRunner.TestRun.TestJobRunner:ExecuteStep () (at ./Library/PackageCache/com.unity.test-framework@40e262928427/UnityEditor.TestRunner/TestRun/TestJobRunner.cs:173)
0x000001e977128953 (Mono JIT Code) UnityEditor.TestTools.TestRunner.TestRun.TestJobRunner:ExecuteCallback () (at ./Library/PackageCache/com.unity.test-framework@40e262928427/UnityEditor.TestRunner/TestRun/TestJobRunner.cs:108)
0x000001e99df821b8 (Mono JIT Code) UnityEditor.EditorApplication:Internal_CallUpdateFunctions ()
0x000001e8e6514785 (Mono JIT Code) (wrapper runtime-invoke) object:runtime_invoke_void (object,intptr,intptr,intptr)
0x00007fff3fd16e7e (mono-2.0-bdwgc) mono_jit_runtime_invoke (at C:/build/output/Unity-Technologies/mono/mono/mini/mini-runtime.c:3445)
0x00007fff3fc58874 (mono-2.0-bdwgc) do_runtime_invoke (at C:/build/output/Unity-Technologies/mono/mono/metadata/object.c:3068)
0x00007fff3fc58960 (mono-2.0-bdwgc) mono_runtime_invoke (at C:/build/output/Unity-Technologies/mono/mono/metadata/object.c:3115)
0x00007fff38e4cea4 (Unity) scripting_method_invoke
0x00007fff38e25433 (Unity) ScriptingInvocation::Invoke
0x00007fff38e20b35 (Unity) ScriptingInvocation::Invoke<void>
0x00007fff38f8b4bb (Unity) Scripting::UnityEditor::EditorApplicationProxy::Internal_CallUpdateFunctions
0x00007fff3a07e0e4 (Unity) SceneTracker::Update
0x00007fff39be1247 (Unity) Application::TickTimer
0x00007fff3a1b25ac (Unity) MainMessageLoop
0x00007fff3a1b9d1c (Unity) UnityMain
0x00007ff68b302f2a (Unity) __scrt_common_main_seh
0x00007fffddade8d7 (KERNEL32) BaseThreadInitThunk
0x00007fffde88c53c (ntdll) RtlUserThreadStart

[MouseTracker] PlayerInputHandler not found. Mouse compensation will be disabled.
0x00007fff38f222ae (Unity) StackWalker::ShowCallstack
0x00007fff38f31ee9 (Unity) PlatformStacktrace::GetStacktrace
0x00007fff3a1ac04e (Unity) Stacktrace::GetStacktrace
0x00007fff3a7859df (Unity) DebugStringToFile
0x00007fff37fd2930 (Unity) DebugLogHandler_CUSTOM_Internal_Log
0x000001e9766cbd3e (Mono JIT Code) (wrapper managed-to-native) UnityEngine.DebugLogHandler:Internal_Log_Injected (UnityEngine.LogType,UnityEngine.LogOption,UnityEngine.Bindings.ManagedSpanWrapper&,intptr)
0x000001e9766cbb43 (Mono JIT Code) UnityEngine.DebugLogHandler:Internal_Log (UnityEngine.LogType,UnityEngine.LogOption,string,UnityEngine.Object)
0x000001e9766cb7fb (Mono JIT Code) UnityEngine.DebugLogHandler:LogFormat (UnityEngine.LogType,UnityEngine.Object,string,object[])
0x000001e9766ca6ae (Mono JIT Code) UnityEngine.Logger:Log (UnityEngine.LogType,object)
0x000001e9aa2b404d (Mono JIT Code) UnityEngine.Debug:LogWarning (object)
0x000001e9aa2b33ab (Mono JIT Code) MouseTracker:Initialize (RecoilSystem) (at C:/Users/Ubuntu/Desktop/_DEV/AFFECT-2025-10-11/Assets/_SCRIPTS/_PLAYER/Recoil/MouseTracker.cs:80)
0x000001e976d36246 (Mono JIT Code) RecoilSystem:InitializeModules () (at C:/Users/Ubuntu/Desktop/_DEV/AFFECT-2025-10-11/Assets/_SCRIPTS/_PLAYER/Recoil/RecoilSystem.cs:203)
0x000001e976d33eb3 (Mono JIT Code) RecoilSystem:Initialize () (at C:/Users/Ubuntu/Desktop/_DEV/AFFECT-2025-10-11/Assets/_SCRIPTS/_PLAYER/Recoil/RecoilSystem.cs:165)
0x000001e976d333a3 (Mono JIT Code) RecoilSystem:ForceInitializeForTesting () (at C:/Users/Ubuntu/Desktop/_DEV/AFFECT-2025-10-11/Assets/_SCRIPTS/_PLAYER/Recoil/RecoilSystem.cs:632)
0x000001e976d3c213 (Mono JIT Code) RecoilSystemProperties:Property13_GracefulModuleDegradation () (at C:/Users/Ubuntu/Desktop/_DEV/AFFECT-2025-10-11/Assets/_SCRIPTS/Editor/Properties/RecoilSystemProperties.cs:269)
0x000001e9aa264548 (Mono JIT Code) (wrapper runtime-invoke) object:runtime_invoke_void__this__ (object,intptr,intptr,intptr)
0x00007fff3fd16e7e (mono-2.0-bdwgc) mono_jit_runtime_invoke (at C:/build/output/Unity-Technologies/mono/mono/mini/mini-runtime.c:3445)
0x00007fff3fc58874 (mono-2.0-bdwgc) do_runtime_invoke (at C:/build/output/Unity-Technologies/mono/mono/metadata/object.c:3068)
0x00007fff3fc5f926 (mono-2.0-bdwgc) mono_runtime_try_invoke_array (at C:/build/output/Unity-Technologies/mono/mono/metadata/object.c:5774)
0x00007fff3fb91b81 (mono-2.0-bdwgc) ves_icall_InternalInvoke (at C:/build/output/Unity-Technologies/mono/mono/metadata/icall.c:4038)
0x00007fff3fbb7e31 (mono-2.0-bdwgc) ves_icall_InternalInvoke_raw (at C:/build/output/Unity-Technologies/mono/mono/metadata/icall-def.h:692)
0x000001e8e22b0f92 (Mono JIT Code) (wrapper managed-to-native) System.Reflection.RuntimeMethodInfo:InternalInvoke (System.Reflection.RuntimeMethodInfo,object,object[],System.Exception&)
0x000001e8e3c7ea73 (Mono JIT Code) System.Reflection.RuntimeMethodInfo:Invoke (object,System.Reflection.BindingFlags,System.Reflection.Binder,object[],System.Globalization.CultureInfo)
0x000001e8db9555ef (Mono JIT Code) System.Reflection.MethodBase:Invoke (object,object[])
0x000001e9aa26e783 (Mono JIT Code) NUnit.Framework.Internal.Reflect:InvokeMethod (System.Reflection.MethodInfo,object,object[])
0x000001e9aa2760ab (Mono JIT Code) NUnit.Framework.Internal.MethodWrapper:Invoke (object,object[])
0x000001e9aa275f8a (Mono JIT Code) NUnit.Framework.Internal.Commands.TestMethodCommand:RunNonAsyncTestMethod (NUnit.Framework.Internal.ITestExecutionContext)
0x000001e9aa275dd3 (Mono JIT Code) NUnit.Framework.Internal.Commands.TestMethodCommand:RunTestMethod (NUnit.Framework.Internal.ITestExecutionContext)
0x000001e9aa275973 (Mono JIT Code) NUnit.Framework.Internal.Commands.TestMethodCommand:Execute (NUnit.Framework.Internal.ITestExecutionContext)
0x000001e9aa27556b (Mono JIT Code) UnityEngine.TestTools.UnityTestMethodCommand:Execute (NUnit.Framework.Internal.ITestExecutionContext) (at ./Library/PackageCache/com.unity.test-framework@40e262928427/UnityEngine.TestRunner/NUnitExtensions/Commands/UnityTestMethodCommand.cs:19)
0x000001e9aa2752fb (Mono JIT Code) UnityEngine.TestRunner.NUnitExtensions.Runner.UnityLogCheckDelegatingCommand/<>c__DisplayClass2_0:<Execute>b__0 () (at ./Library/PackageCache/com.unity.test-framework@40e262928427/UnityEngine.TestRunner/NUnitExtensions/Runner/UnityLogCheckDelegatingCommand.cs:24)
0x000001e9aa275123 (Mono JIT Code) UnityEngine.TestRunner.NUnitExtensions.Runner.UnityLogCheckDelegatingCommand:CaptureException (NUnit.Framework.Internal.TestResult,System.Action) (at ./Library/PackageCache/com.unity.test-framework@40e262928427/UnityEngine.TestRunner/NUnitExtensions/Runner/UnityLogCheckDelegatingCommand.cs:72)
0x000001e9aa274fb3 (Mono JIT Code) UnityEngine.TestRunner.NUnitExtensions.Runner.UnityLogCheckDelegatingCommand:ExecuteAndCheckLog (UnityEngine.TestTools.Logging.LogScope,NUnit.Framework.Internal.TestResult,System.Action) (at ./Library/PackageCache/com.unity.test-framework@40e262928427/UnityEngine.TestRunner/NUnitExtensions/Runner/UnityLogCheckDelegatingCommand.cs:83)
0x000001e9aa274c3b (Mono JIT Code) UnityEngine.TestRunner.NUnitExtensions.Runner.UnityLogCheckDelegatingCommand:Execute (NUnit.Framework.Internal.ITestExecutionContext) (at ./Library/PackageCache/com.unity.test-framework@40e262928427/UnityEngine.TestRunner/NUnitExtensions/Runner/UnityLogCheckDelegatingCommand.cs:24)
0x000001e9aa273c19 (Mono JIT Code) UnityEngine.TestRunner.NUnitExtensions.Runner.UnityLogCheckDelegatingCommand/<ExecuteEnumerable>d__3:MoveNext () (at ./Library/PackageCache/com.unity.test-framework@40e262928427/UnityEngine.TestRunner/NUnitExtensions/Runner/UnityLogCheckDelegatingCommand.cs:35)
0x000001e9aa251e01 (Mono JIT Code) UnityEngine.TestTools.BeforeAfterTestCommandBase`1/<ExecuteEnumerable>d__16<T_REF>:MoveNext () (at ./Library/PackageCache/com.unity.test-framework@40e262928427/UnityEngine.TestRunner/NUnitExtensions/Commands/BeforeAfterTestCommandBase.cs:212)
0x000001e9aa272fb6 (Mono JIT Code) UnityEngine.TestTools.ImmediateEnumerableCommand:Execute (NUnit.Framework.Internal.ITestExecutionContext) (at ./Library/PackageCache/com.unity.test-framework@40e262928427/UnityEngine.TestRunner/NUnitExtensions/Commands/ImmediateEnumerableCommand.cs:18)
0x000001e9aa251f01 (Mono JIT Code) UnityEngine.TestTools.BeforeAfterTestCommandBase`1/<ExecuteEnumerable>d__16<T_REF>:MoveNext () (at ./Library/PackageCache/com.unity.test-framework@40e262928427/UnityEngine.TestRunner/NUnitExtensions/Commands/BeforeAfterTestCommandBase.cs:219)
0x000001e9aa251e01 (Mono JIT Code) UnityEngine.TestTools.BeforeAfterTestCommandBase`1/<ExecuteEnumerable>d__16<T_REF>:MoveNext () (at ./Library/PackageCache/com.unity.test-framework@40e262928427/UnityEngine.TestRunner/NUnitExtensions/Commands/BeforeAfterTestCommandBase.cs:212)
0x000001e9aa251e01 (Mono JIT Code) UnityEngine.TestTools.BeforeAfterTestCommandBase`1/<ExecuteEnumerable>d__16<T_REF>:MoveNext () (at ./Library/PackageCache/com.unity.test-framework@40e262928427/UnityEngine.TestRunner/NUnitExtensions/Commands/BeforeAfterTestCommandBase.cs:212)
0x000001e9aa26b457 (Mono JIT Code) UnityEngine.TestTools.RetryCommand/<ExecuteEnumerable>d__2:MoveNext () (at ./Library/PackageCache/com.unity.test-framework@40e262928427/UnityEngine.TestRunner/NUnitExtensions/Commands/RetryCommand.cs:37)
0x000001e9aa269f2f (Mono JIT Code) UnityEngine.TestTools.RepeatCommand/<ExecuteEnumerable>d__2:MoveNext () (at ./Library/PackageCache/com.unity.test-framework@40e262928427/UnityEngine.TestRunner/NUnitExtensions/Commands/RepeatCommand.cs:36)
0x000001e9aa268fa6 (Mono JIT Code) UnityEngine.TestTools.IgnoreTestCommand/<ExecuteEnumerable>d__3:MoveNext () (at ./Library/PackageCache/com.unity.test-framework@40e262928427/UnityEngine.TestRunner/NUnitExtensions/Commands/IgnoreTestCommand.cs:42)
0x000001e9aa267c7f (Mono JIT Code) UnityEngine.TestTools.StrictCheckCommand/<ExecuteEnumerable>d__2:MoveNext () (at ./Library/PackageCache/com.unity.test-framework@40e262928427/UnityEngine.TestRunner/NUnitExtensions/Commands/StrictCheckCommand.cs:29)
0x000001e9aa266fe1 (Mono JIT Code) UnityEngine.TestRunner.NUnitExtensions.Runner.DefaultTestWorkItem/<PerformWork>d__2:MoveNext () (at ./Library/PackageCache/com.unity.test-framework@40e262928427/UnityEngine.TestRunner/NUnitExtensions/Runner/DefaultTestWorkItem.cs:50)
0x000001e9aa255e12 (Mono JIT Code) UnityEngine.TestRunner.NUnitExtensions.Runner.CompositeWorkItem/<RunChildren>d__17:MoveNext () (at ./Library/PackageCache/com.unity.test-framework@40e262928427/UnityEngine.TestRunner/NUnitExtensions/Runner/CompositeWorkItem.cs:207)
0x000001e9aa247756 (Mono JIT Code) UnityEngine.TestRunner.NUnitExtensions.Runner.CompositeWorkItem/<PerformWork>d__13:MoveNext () (at ./Library/PackageCache/com.unity.test-framework@40e262928427/UnityEngine.TestRunner/NUnitExtensions/Runner/CompositeWorkItem.cs:82)
0x000001e9aa255e12 (Mono JIT Code) UnityEngine.TestRunner.NUnitExtensions.Runner.CompositeWorkItem/<RunChildren>d__17:MoveNext () (at ./Library/PackageCache/com.unity.test-framework@40e262928427/UnityEngine.TestRunner/NUnitExtensions/Runner/CompositeWorkItem.cs:207)
0x000001e9aa247756 (Mono JIT Code) UnityEngine.TestRunner.NUnitExtensions.Runner.CompositeWorkItem/<PerformWork>d__13:MoveNext () (at ./Library/PackageCache/com.unity.test-framework@40e262928427/UnityEngine.TestRunner/NUnitExtensions/Runner/CompositeWorkItem.cs:82)
0x000001e9aa255e12 (Mono JIT Code) UnityEngine.TestRunner.NUnitExtensions.Runner.CompositeWorkItem/<RunChildren>d__17:MoveNext () (at ./Library/PackageCache/com.unity.test-framework@40e262928427/UnityEngine.TestRunner/NUnitExtensions/Runner/CompositeWorkItem.cs:207)
0x000001e9aa247756 (Mono JIT Code) UnityEngine.TestRunner.NUnitExtensions.Runner.CompositeWorkItem/<PerformWork>d__13:MoveNext () (at ./Library/PackageCache/com.unity.test-framework@40e262928427/UnityEngine.TestRunner/NUnitExtensions/Runner/CompositeWorkItem.cs:82)
0x000001e9aa245fcc (Mono JIT Code) UnityEditor.TestTools.TestRunner.EditModeRunner:MoveNextAndUpdateYieldObject () (at ./Library/PackageCache/com.unity.test-framework@40e262928427/UnityEditor.TestRunner/TestRunner/EditModeRunner.cs:167)
0x000001e9aa245b7b (Mono JIT Code) UnityEditor.TestTools.TestRunner.EditModeRunner:TestConsumer (UnityEditor.TestTools.TestRunner.TestRunnerStateSerializer) (at ./Library/PackageCache/com.unity.test-framework@40e262928427/UnityEditor.TestRunner/TestRunner/EditModeRunner.cs:200)
0x000001e9aa23c173 (Mono JIT Code) UnityEditor.TestTools.TestRunner.TestRun.Tasks.EditModeRunTask/<Execute>d__1:MoveNext () (at ./Library/PackageCache/com.unity.test-framework@40e262928427/UnityEditor.TestRunner/TestRun/Tasks/EditModeRunTask.cs:48)
0x000001e977129d5e (Mono JIT Code) UnityEditor.TestTools.TestRunner.TestRun.TestJobRunner:ExecuteStep () (at ./Library/PackageCache/com.unity.test-framework@40e262928427/UnityEditor.TestRunner/TestRun/TestJobRunner.cs:173)
0x000001e977128953 (Mono JIT Code) UnityEditor.TestTools.TestRunner.TestRun.TestJobRunner:ExecuteCallback () (at ./Library/PackageCache/com.unity.test-framework@40e262928427/UnityEditor.TestRunner/TestRun/TestJobRunner.cs:108)
0x000001e99df821b8 (Mono JIT Code) UnityEditor.EditorApplication:Internal_CallUpdateFunctions ()
0x000001e8e6514785 (Mono JIT Code) (wrapper runtime-invoke) object:runtime_invoke_void (object,intptr,intptr,intptr)
0x00007fff3fd16e7e (mono-2.0-bdwgc) mono_jit_runtime_invoke (at C:/build/output/Unity-Technologies/mono/mono/mini/mini-runtime.c:3445)
0x00007fff3fc58874 (mono-2.0-bdwgc) do_runtime_invoke (at C:/build/output/Unity-Technologies/mono/mono/metadata/object.c:3068)
0x00007fff3fc58960 (mono-2.0-bdwgc) mono_runtime_invoke (at C:/build/output/Unity-Technologies/mono/mono/metadata/object.c:3115)
0x00007fff38e4cea4 (Unity) scripting_method_invoke
0x00007fff38e25433 (Unity) ScriptingInvocation::Invoke
0x00007fff38e20b35 (Unity) ScriptingInvocation::Invoke<void>
0x00007fff38f8b4bb (Unity) Scripting::UnityEditor::EditorApplicationProxy::Internal_CallUpdateFunctions
0x00007fff3a07e0e4 (Unity) SceneTracker::Update
0x00007fff39be1247 (Unity) Application::TickTimer
0x00007fff3a1b25ac (Unity) MainMessageLoop
0x00007fff3a1b9d1c (Unity) UnityMain
0x00007ff68b302f2a (Unity) __scrt_common_main_seh
0x00007fffddade8d7 (KERNEL32) BaseThreadInitThunk
0x00007fffde88c53c (ntdll) RtlUserThreadStart

[MouseTracker] PlayerInputHandler not found. Mouse compensation will be disabled.
0x00007fff38f222ae (Unity) StackWalker::ShowCallstack
0x00007fff38f31ee9 (Unity) PlatformStacktrace::GetStacktrace
0x00007fff3a1ac04e (Unity) Stacktrace::GetStacktrace
0x00007fff3a7859df (Unity) DebugStringToFile
0x00007fff37fd2930 (Unity) DebugLogHandler_CUSTOM_Internal_Log
0x000001e9766cbd3e (Mono JIT Code) (wrapper managed-to-native) UnityEngine.DebugLogHandler:Internal_Log_Injected (UnityEngine.LogType,UnityEngine.LogOption,UnityEngine.Bindings.ManagedSpanWrapper&,intptr)
0x000001e9766cbb43 (Mono JIT Code) UnityEngine.DebugLogHandler:Internal_Log (UnityEngine.LogType,UnityEngine.LogOption,string,UnityEngine.Object)
0x000001e9766cb7fb (Mono JIT Code) UnityEngine.DebugLogHandler:LogFormat (UnityEngine.LogType,UnityEngine.Object,string,object[])
0x000001e9766ca6ae (Mono JIT Code) UnityEngine.Logger:Log (UnityEngine.LogType,object)
0x000001e9aa2b404d (Mono JIT Code) UnityEngine.Debug:LogWarning (object)
0x000001e9aa2b33ab (Mono JIT Code) MouseTracker:Initialize (RecoilSystem) (at C:/Users/Ubuntu/Desktop/_DEV/AFFECT-2025-10-11/Assets/_SCRIPTS/_PLAYER/Recoil/MouseTracker.cs:80)
0x000001e976d36246 (Mono JIT Code) RecoilSystem:InitializeModules () (at C:/Users/Ubuntu/Desktop/_DEV/AFFECT-2025-10-11/Assets/_SCRIPTS/_PLAYER/Recoil/RecoilSystem.cs:203)
0x000001e976d33eb3 (Mono JIT Code) RecoilSystem:Initialize () (at C:/Users/Ubuntu/Desktop/_DEV/AFFECT-2025-10-11/Assets/_SCRIPTS/_PLAYER/Recoil/RecoilSystem.cs:165)
0x000001e976d333a3 (Mono JIT Code) RecoilSystem:ForceInitializeForTesting () (at C:/Users/Ubuntu/Desktop/_DEV/AFFECT-2025-10-11/Assets/_SCRIPTS/_PLAYER/Recoil/RecoilSystem.cs:632)
0x000001e976d3c213 (Mono JIT Code) RecoilSystemProperties:Property13_GracefulModuleDegradation () (at C:/Users/Ubuntu/Desktop/_DEV/AFFECT-2025-10-11/Assets/_SCRIPTS/Editor/Properties/RecoilSystemProperties.cs:269)
0x000001e9aa264548 (Mono JIT Code) (wrapper runtime-invoke) object:runtime_invoke_void__this__ (object,intptr,intptr,intptr)
0x00007fff3fd16e7e (mono-2.0-bdwgc) mono_jit_runtime_invoke (at C:/build/output/Unity-Technologies/mono/mono/mini/mini-runtime.c:3445)
0x00007fff3fc58874 (mono-2.0-bdwgc) do_runtime_invoke (at C:/build/output/Unity-Technologies/mono/mono/metadata/object.c:3068)
0x00007fff3fc5f926 (mono-2.0-bdwgc) mono_runtime_try_invoke_array (at C:/build/output/Unity-Technologies/mono/mono/metadata/object.c:5774)
0x00007fff3fb91b81 (mono-2.0-bdwgc) ves_icall_InternalInvoke (at C:/build/output/Unity-Technologies/mono/mono/metadata/icall.c:4038)
0x00007fff3fbb7e31 (mono-2.0-bdwgc) ves_icall_InternalInvoke_raw (at C:/build/output/Unity-Technologies/mono/mono/metadata/icall-def.h:692)
0x000001e8e22b0f92 (Mono JIT Code) (wrapper managed-to-native) System.Reflection.RuntimeMethodInfo:InternalInvoke (System.Reflection.RuntimeMethodInfo,object,object[],System.Exception&)
0x000001e8e3c7ea73 (Mono JIT Code) System.Reflection.RuntimeMethodInfo:Invoke (object,System.Reflection.BindingFlags,System.Reflection.Binder,object[],System.Globalization.CultureInfo)
0x000001e8db9555ef (Mono JIT Code) System.Reflection.MethodBase:Invoke (object,object[])
0x000001e9aa26e783 (Mono JIT Code) NUnit.Framework.Internal.Reflect:InvokeMethod (System.Reflection.MethodInfo,object,object[])
0x000001e9aa2760ab (Mono JIT Code) NUnit.Framework.Internal.MethodWrapper:Invoke (object,object[])
0x000001e9aa275f8a (Mono JIT Code) NUnit.Framework.Internal.Commands.TestMethodCommand:RunNonAsyncTestMethod (NUnit.Framework.Internal.ITestExecutionContext)
0x000001e9aa275dd3 (Mono JIT Code) NUnit.Framework.Internal.Commands.TestMethodCommand:RunTestMethod (NUnit.Framework.Internal.ITestExecutionContext)
0x000001e9aa275973 (Mono JIT Code) NUnit.Framework.Internal.Commands.TestMethodCommand:Execute (NUnit.Framework.Internal.ITestExecutionContext)
0x000001e9aa27556b (Mono JIT Code) UnityEngine.TestTools.UnityTestMethodCommand:Execute (NUnit.Framework.Internal.ITestExecutionContext) (at ./Library/PackageCache/com.unity.test-framework@40e262928427/UnityEngine.TestRunner/NUnitExtensions/Commands/UnityTestMethodCommand.cs:19)
0x000001e9aa2752fb (Mono JIT Code) UnityEngine.TestRunner.NUnitExtensions.Runner.UnityLogCheckDelegatingCommand/<>c__DisplayClass2_0:<Execute>b__0 () (at ./Library/PackageCache/com.unity.test-framework@40e262928427/UnityEngine.TestRunner/NUnitExtensions/Runner/UnityLogCheckDelegatingCommand.cs:24)
0x000001e9aa275123 (Mono JIT Code) UnityEngine.TestRunner.NUnitExtensions.Runner.UnityLogCheckDelegatingCommand:CaptureException (NUnit.Framework.Internal.TestResult,System.Action) (at ./Library/PackageCache/com.unity.test-framework@40e262928427/UnityEngine.TestRunner/NUnitExtensions/Runner/UnityLogCheckDelegatingCommand.cs:72)
0x000001e9aa274fb3 (Mono JIT Code) UnityEngine.TestRunner.NUnitExtensions.Runner.UnityLogCheckDelegatingCommand:ExecuteAndCheckLog (UnityEngine.TestTools.Logging.LogScope,NUnit.Framework.Internal.TestResult,System.Action) (at ./Library/PackageCache/com.unity.test-framework@40e262928427/UnityEngine.TestRunner/NUnitExtensions/Runner/UnityLogCheckDelegatingCommand.cs:83)
0x000001e9aa274c3b (Mono JIT Code) UnityEngine.TestRunner.NUnitExtensions.Runner.UnityLogCheckDelegatingCommand:Execute (NUnit.Framework.Internal.ITestExecutionContext) (at ./Library/PackageCache/com.unity.test-framework@40e262928427/UnityEngine.TestRunner/NUnitExtensions/Runner/UnityLogCheckDelegatingCommand.cs:24)
0x000001e9aa273c19 (Mono JIT Code) UnityEngine.TestRunner.NUnitExtensions.Runner.UnityLogCheckDelegatingCommand/<ExecuteEnumerable>d__3:MoveNext () (at ./Library/PackageCache/com.unity.test-framework@40e262928427/UnityEngine.TestRunner/NUnitExtensions/Runner/UnityLogCheckDelegatingCommand.cs:35)
0x000001e9aa251e01 (Mono JIT Code) UnityEngine.TestTools.BeforeAfterTestCommandBase`1/<ExecuteEnumerable>d__16<T_REF>:MoveNext () (at ./Library/PackageCache/com.unity.test-framework@40e262928427/UnityEngine.TestRunner/NUnitExtensions/Commands/BeforeAfterTestCommandBase.cs:212)
0x000001e9aa272fb6 (Mono JIT Code) UnityEngine.TestTools.ImmediateEnumerableCommand:Execute (NUnit.Framework.Internal.ITestExecutionContext) (at ./Library/PackageCache/com.unity.test-framework@40e262928427/UnityEngine.TestRunner/NUnitExtensions/Commands/ImmediateEnumerableCommand.cs:18)
0x000001e9aa251f01 (Mono JIT Code) UnityEngine.TestTools.BeforeAfterTestCommandBase`1/<ExecuteEnumerable>d__16<T_REF>:MoveNext () (at ./Library/PackageCache/com.unity.test-framework@40e262928427/UnityEngine.TestRunner/NUnitExtensions/Commands/BeforeAfterTestCommandBase.cs:219)
0x000001e9aa251e01 (Mono JIT Code) UnityEngine.TestTools.BeforeAfterTestCommandBase`1/<ExecuteEnumerable>d__16<T_REF>:MoveNext () (at ./Library/PackageCache/com.unity.test-framework@40e262928427/UnityEngine.TestRunner/NUnitExtensions/Commands/BeforeAfterTestCommandBase.cs:212)
0x000001e9aa251e01 (Mono JIT Code) UnityEngine.TestTools.BeforeAfterTestCommandBase`1/<ExecuteEnumerable>d__16<T_REF>:MoveNext () (at ./Library/PackageCache/com.unity.test-framework@40e262928427/UnityEngine.TestRunner/NUnitExtensions/Commands/BeforeAfterTestCommandBase.cs:212)
0x000001e9aa26b457 (Mono JIT Code) UnityEngine.TestTools.RetryCommand/<ExecuteEnumerable>d__2:MoveNext () (at ./Library/PackageCache/com.unity.test-framework@40e262928427/UnityEngine.TestRunner/NUnitExtensions/Commands/RetryCommand.cs:37)
0x000001e9aa269f2f (Mono JIT Code) UnityEngine.TestTools.RepeatCommand/<ExecuteEnumerable>d__2:MoveNext () (at ./Library/PackageCache/com.unity.test-framework@40e262928427/UnityEngine.TestRunner/NUnitExtensions/Commands/RepeatCommand.cs:36)
0x000001e9aa268fa6 (Mono JIT Code) UnityEngine.TestTools.IgnoreTestCommand/<ExecuteEnumerable>d__3:MoveNext () (at ./Library/PackageCache/com.unity.test-framework@40e262928427/UnityEngine.TestRunner/NUnitExtensions/Commands/IgnoreTestCommand.cs:42)
0x000001e9aa267c7f (Mono JIT Code) UnityEngine.TestTools.StrictCheckCommand/<ExecuteEnumerable>d__2:MoveNext () (at ./Library/PackageCache/com.unity.test-framework@40e262928427/UnityEngine.TestRunner/NUnitExtensions/Commands/StrictCheckCommand.cs:29)
0x000001e9aa266fe1 (Mono JIT Code) UnityEngine.TestRunner.NUnitExtensions.Runner.DefaultTestWorkItem/<PerformWork>d__2:MoveNext () (at ./Library/PackageCache/com.unity.test-framework@40e262928427/UnityEngine.TestRunner/NUnitExtensions/Runner/DefaultTestWorkItem.cs:50)
0x000001e9aa255e12 (Mono JIT Code) UnityEngine.TestRunner.NUnitExtensions.Runner.CompositeWorkItem/<RunChildren>d__17:MoveNext () (at ./Library/PackageCache/com.unity.test-framework@40e262928427/UnityEngine.TestRunner/NUnitExtensions/Runner/CompositeWorkItem.cs:207)
0x000001e9aa247756 (Mono JIT Code) UnityEngine.TestRunner.NUnitExtensions.Runner.CompositeWorkItem/<PerformWork>d__13:MoveNext () (at ./Library/PackageCache/com.unity.test-framework@40e262928427/UnityEngine.TestRunner/NUnitExtensions/Runner/CompositeWorkItem.cs:82)
0x000001e9aa255e12 (Mono JIT Code) UnityEngine.TestRunner.NUnitExtensions.Runner.CompositeWorkItem/<RunChildren>d__17:MoveNext () (at ./Library/PackageCache/com.unity.test-framework@40e262928427/UnityEngine.TestRunner/NUnitExtensions/Runner/CompositeWorkItem.cs:207)
0x000001e9aa247756 (Mono JIT Code) UnityEngine.TestRunner.NUnitExtensions.Runner.CompositeWorkItem/<PerformWork>d__13:MoveNext () (at ./Library/PackageCache/com.unity.test-framework@40e262928427/UnityEngine.TestRunner/NUnitExtensions/Runner/CompositeWorkItem.cs:82)
0x000001e9aa255e12 (Mono JIT Code) UnityEngine.TestRunner.NUnitExtensions.Runner.CompositeWorkItem/<RunChildren>d__17:MoveNext () (at ./Library/PackageCache/com.unity.test-framework@40e262928427/UnityEngine.TestRunner/NUnitExtensions/Runner/CompositeWorkItem.cs:207)
0x000001e9aa247756 (Mono JIT Code) UnityEngine.TestRunner.NUnitExtensions.Runner.CompositeWorkItem/<PerformWork>d__13:MoveNext () (at ./Library/PackageCache/com.unity.test-framework@40e262928427/UnityEngine.TestRunner/NUnitExtensions/Runner/CompositeWorkItem.cs:82)
0x000001e9aa245fcc (Mono JIT Code) UnityEditor.TestTools.TestRunner.EditModeRunner:MoveNextAndUpdateYieldObject () (at ./Library/PackageCache/com.unity.test-framework@40e262928427/UnityEditor.TestRunner/TestRunner/EditModeRunner.cs:167)
0x000001e9aa245b7b (Mono JIT Code) UnityEditor.TestTools.TestRunner.EditModeRunner:TestConsumer (UnityEditor.TestTools.TestRunner.TestRunnerStateSerializer) (at ./Library/PackageCache/com.unity.test-framework@40e262928427/UnityEditor.TestRunner/TestRunner/EditModeRunner.cs:200)
0x000001e9aa23c173 (Mono JIT Code) UnityEditor.TestTools.TestRunner.TestRun.Tasks.EditModeRunTask/<Execute>d__1:MoveNext () (at ./Library/PackageCache/com.unity.test-framework@40e262928427/UnityEditor.TestRunner/TestRun/Tasks/EditModeRunTask.cs:48)
0x000001e977129d5e (Mono JIT Code) UnityEditor.TestTools.TestRunner.TestRun.TestJobRunner:ExecuteStep () (at ./Library/PackageCache/com.unity.test-framework@40e262928427/UnityEditor.TestRunner/TestRun/TestJobRunner.cs:173)
0x000001e977128953 (Mono JIT Code) UnityEditor.TestTools.TestRunner.TestRun.TestJobRunner:ExecuteCallback () (at ./Library/PackageCache/com.unity.test-framework@40e262928427/UnityEditor.TestRunner/TestRun/TestJobRunner.cs:108)
0x000001e99df821b8 (Mono JIT Code) UnityEditor.EditorApplication:Internal_CallUpdateFunctions ()
0x000001e8e6514785 (Mono JIT Code) (wrapper runtime-invoke) object:runtime_invoke_void (object,intptr,intptr,intptr)
0x00007fff3fd16e7e (mono-2.0-bdwgc) mono_jit_runtime_invoke (at C:/build/output/Unity-Technologies/mono/mono/mini/mini-runtime.c:3445)
0x00007fff3fc58874 (mono-2.0-bdwgc) do_runtime_invoke (at C:/build/output/Unity-Technologies/mono/mono/metadata/object.c:3068)
0x00007fff3fc58960 (mono-2.0-bdwgc) mono_runtime_invoke (at C:/build/output/Unity-Technologies/mono/mono/metadata/object.c:3115)
0x00007fff38e4cea4 (Unity) scripting_method_invoke
0x00007fff38e25433 (Unity) ScriptingInvocation::Invoke
0x00007fff38e20b35 (Unity) ScriptingInvocation::Invoke<void>
0x00007fff38f8b4bb (Unity) Scripting::UnityEditor::EditorApplicationProxy::Internal_CallUpdateFunctions
0x00007fff3a07e0e4 (Unity) SceneTracker::Update
0x00007fff39be1247 (Unity) Application::TickTimer
0x00007fff3a1b25ac (Unity) MainMessageLoop
0x00007fff3a1b9d1c (Unity) UnityMain
0x00007ff68b302f2a (Unity) __scrt_common_main_seh
0x00007fffddade8d7 (KERNEL32) BaseThreadInitThunk
0x00007fffde88c53c (ntdll) RtlUserThreadStart

[MouseTracker] PlayerInputHandler not found. Mouse compensation will be disabled.
0x00007fff38f222ae (Unity) StackWalker::ShowCallstack
0x00007fff38f31ee9 (Unity) PlatformStacktrace::GetStacktrace
0x00007fff3a1ac04e (Unity) Stacktrace::GetStacktrace
0x00007fff3a7859df (Unity) DebugStringToFile
0x00007fff37fd2930 (Unity) DebugLogHandler_CUSTOM_Internal_Log
0x000001e9766cbd3e (Mono JIT Code) (wrapper managed-to-native) UnityEngine.DebugLogHandler:Internal_Log_Injected (UnityEngine.LogType,UnityEngine.LogOption,UnityEngine.Bindings.ManagedSpanWrapper&,intptr)
0x000001e9766cbb43 (Mono JIT Code) UnityEngine.DebugLogHandler:Internal_Log (UnityEngine.LogType,UnityEngine.LogOption,string,UnityEngine.Object)
0x000001e9766cb7fb (Mono JIT Code) UnityEngine.DebugLogHandler:LogFormat (UnityEngine.LogType,UnityEngine.Object,string,object[])
0x000001e9766ca6ae (Mono JIT Code) UnityEngine.Logger:Log (UnityEngine.LogType,object)
0x000001e9aa2b404d (Mono JIT Code) UnityEngine.Debug:LogWarning (object)
0x000001e9aa2b33ab (Mono JIT Code) MouseTracker:Initialize (RecoilSystem) (at C:/Users/Ubuntu/Desktop/_DEV/AFFECT-2025-10-11/Assets/_SCRIPTS/_PLAYER/Recoil/MouseTracker.cs:80)
0x000001e976d36246 (Mono JIT Code) RecoilSystem:InitializeModules () (at C:/Users/Ubuntu/Desktop/_DEV/AFFECT-2025-10-11/Assets/_SCRIPTS/_PLAYER/Recoil/RecoilSystem.cs:203)
0x000001e976d33eb3 (Mono JIT Code) RecoilSystem:Initialize () (at C:/Users/Ubuntu/Desktop/_DEV/AFFECT-2025-10-11/Assets/_SCRIPTS/_PLAYER/Recoil/RecoilSystem.cs:165)
0x000001e976d333a3 (Mono JIT Code) RecoilSystem:ForceInitializeForTesting () (at C:/Users/Ubuntu/Desktop/_DEV/AFFECT-2025-10-11/Assets/_SCRIPTS/_PLAYER/Recoil/RecoilSystem.cs:632)
0x000001e976d3c213 (Mono JIT Code) RecoilSystemProperties:Property13_GracefulModuleDegradation () (at C:/Users/Ubuntu/Desktop/_DEV/AFFECT-2025-10-11/Assets/_SCRIPTS/Editor/Properties/RecoilSystemProperties.cs:269)
0x000001e9aa264548 (Mono JIT Code) (wrapper runtime-invoke) object:runtime_invoke_void__this__ (object,intptr,intptr,intptr)
0x00007fff3fd16e7e (mono-2.0-bdwgc) mono_jit_runtime_invoke (at C:/build/output/Unity-Technologies/mono/mono/mini/mini-runtime.c:3445)
0x00007fff3fc58874 (mono-2.0-bdwgc) do_runtime_invoke (at C:/build/output/Unity-Technologies/mono/mono/metadata/object.c:3068)
0x00007fff3fc5f926 (mono-2.0-bdwgc) mono_runtime_try_invoke_array (at C:/build/output/Unity-Technologies/mono/mono/metadata/object.c:5774)
0x00007fff3fb91b81 (mono-2.0-bdwgc) ves_icall_InternalInvoke (at C:/build/output/Unity-Technologies/mono/mono/metadata/icall.c:4038)
0x00007fff3fbb7e31 (mono-2.0-bdwgc) ves_icall_InternalInvoke_raw (at C:/build/output/Unity-Technologies/mono/mono/metadata/icall-def.h:692)
0x000001e8e22b0f92 (Mono JIT Code) (wrapper managed-to-native) System.Reflection.RuntimeMethodInfo:InternalInvoke (System.Reflection.RuntimeMethodInfo,object,object[],System.Exception&)
0x000001e8e3c7ea73 (Mono JIT Code) System.Reflection.RuntimeMethodInfo:Invoke (object,System.Reflection.BindingFlags,System.Reflection.Binder,object[],System.Globalization.CultureInfo)
0x000001e8db9555ef (Mono JIT Code) System.Reflection.MethodBase:Invoke (object,object[])
0x000001e9aa26e783 (Mono JIT Code) NUnit.Framework.Internal.Reflect:InvokeMethod (System.Reflection.MethodInfo,object,object[])
0x000001e9aa2760ab (Mono JIT Code) NUnit.Framework.Internal.MethodWrapper:Invoke (object,object[])
0x000001e9aa275f8a (Mono JIT Code) NUnit.Framework.Internal.Commands.TestMethodCommand:RunNonAsyncTestMethod (NUnit.Framework.Internal.ITestExecutionContext)
0x000001e9aa275dd3 (Mono JIT Code) NUnit.Framework.Internal.Commands.TestMethodCommand:RunTestMethod (NUnit.Framework.Internal.ITestExecutionContext)
0x000001e9aa275973 (Mono JIT Code) NUnit.Framework.Internal.Commands.TestMethodCommand:Execute (NUnit.Framework.Internal.ITestExecutionContext)
0x000001e9aa27556b (Mono JIT Code) UnityEngine.TestTools.UnityTestMethodCommand:Execute (NUnit.Framework.Internal.ITestExecutionContext) (at ./Library/PackageCache/com.unity.test-framework@40e262928427/UnityEngine.TestRunner/NUnitExtensions/Commands/UnityTestMethodCommand.cs:19)
0x000001e9aa2752fb (Mono JIT Code) UnityEngine.TestRunner.NUnitExtensions.Runner.UnityLogCheckDelegatingCommand/<>c__DisplayClass2_0:<Execute>b__0 () (at ./Library/PackageCache/com.unity.test-framework@40e262928427/UnityEngine.TestRunner/NUnitExtensions/Runner/UnityLogCheckDelegatingCommand.cs:24)
0x000001e9aa275123 (Mono JIT Code) UnityEngine.TestRunner.NUnitExtensions.Runner.UnityLogCheckDelegatingCommand:CaptureException (NUnit.Framework.Internal.TestResult,System.Action) (at ./Library/PackageCache/com.unity.test-framework@40e262928427/UnityEngine.TestRunner/NUnitExtensions/Runner/UnityLogCheckDelegatingCommand.cs:72)
0x000001e9aa274fb3 (Mono JIT Code) UnityEngine.TestRunner.NUnitExtensions.Runner.UnityLogCheckDelegatingCommand:ExecuteAndCheckLog (UnityEngine.TestTools.Logging.LogScope,NUnit.Framework.Internal.TestResult,System.Action) (at ./Library/PackageCache/com.unity.test-framework@40e262928427/UnityEngine.TestRunner/NUnitExtensions/Runner/UnityLogCheckDelegatingCommand.cs:83)
0x000001e9aa274c3b (Mono JIT Code) UnityEngine.TestRunner.NUnitExtensions.Runner.UnityLogCheckDelegatingCommand:Execute (NUnit.Framework.Internal.ITestExecutionContext) (at ./Library/PackageCache/com.unity.test-framework@40e262928427/UnityEngine.TestRunner/NUnitExtensions/Runner/UnityLogCheckDelegatingCommand.cs:24)
0x000001e9aa273c19 (Mono JIT Code) UnityEngine.TestRunner.NUnitExtensions.Runner.UnityLogCheckDelegatingCommand/<ExecuteEnumerable>d__3:MoveNext () (at ./Library/PackageCache/com.unity.test-framework@40e262928427/UnityEngine.TestRunner/NUnitExtensions/Runner/UnityLogCheckDelegatingCommand.cs:35)
0x000001e9aa251e01 (Mono JIT Code) UnityEngine.TestTools.BeforeAfterTestCommandBase`1/<ExecuteEnumerable>d__16<T_REF>:MoveNext () (at ./Library/PackageCache/com.unity.test-framework@40e262928427/UnityEngine.TestRunner/NUnitExtensions/Commands/BeforeAfterTestCommandBase.cs:212)
0x000001e9aa272fb6 (Mono JIT Code) UnityEngine.TestTools.ImmediateEnumerableCommand:Execute (NUnit.Framework.Internal.ITestExecutionContext) (at ./Library/PackageCache/com.unity.test-framework@40e262928427/UnityEngine.TestRunner/NUnitExtensions/Commands/ImmediateEnumerableCommand.cs:18)
0x000001e9aa251f01 (Mono JIT Code) UnityEngine.TestTools.BeforeAfterTestCommandBase`1/<ExecuteEnumerable>d__16<T_REF>:MoveNext () (at ./Library/PackageCache/com.unity.test-framework@40e262928427/UnityEngine.TestRunner/NUnitExtensions/Commands/BeforeAfterTestCommandBase.cs:219)
0x000001e9aa251e01 (Mono JIT Code) UnityEngine.TestTools.BeforeAfterTestCommandBase`1/<ExecuteEnumerable>d__16<T_REF>:MoveNext () (at ./Library/PackageCache/com.unity.test-framework@40e262928427/UnityEngine.TestRunner/NUnitExtensions/Commands/BeforeAfterTestCommandBase.cs:212)
0x000001e9aa251e01 (Mono JIT Code) UnityEngine.TestTools.BeforeAfterTestCommandBase`1/<ExecuteEnumerable>d__16<T_REF>:MoveNext () (at ./Library/PackageCache/com.unity.test-framework@40e262928427/UnityEngine.TestRunner/NUnitExtensions/Commands/BeforeAfterTestCommandBase.cs:212)
0x000001e9aa26b457 (Mono JIT Code) UnityEngine.TestTools.RetryCommand/<ExecuteEnumerable>d__2:MoveNext () (at ./Library/PackageCache/com.unity.test-framework@40e262928427/UnityEngine.TestRunner/NUnitExtensions/Commands/RetryCommand.cs:37)
0x000001e9aa269f2f (Mono JIT Code) UnityEngine.TestTools.RepeatCommand/<ExecuteEnumerable>d__2:MoveNext () (at ./Library/PackageCache/com.unity.test-framework@40e262928427/UnityEngine.TestRunner/NUnitExtensions/Commands/RepeatCommand.cs:36)
0x000001e9aa268fa6 (Mono JIT Code) UnityEngine.TestTools.IgnoreTestCommand/<ExecuteEnumerable>d__3:MoveNext () (at ./Library/PackageCache/com.unity.test-framework@40e262928427/UnityEngine.TestRunner/NUnitExtensions/Commands/IgnoreTestCommand.cs:42)
0x000001e9aa267c7f (Mono JIT Code) UnityEngine.TestTools.StrictCheckCommand/<ExecuteEnumerable>d__2:MoveNext () (at ./Library/PackageCache/com.unity.test-framework@40e262928427/UnityEngine.TestRunner/NUnitExtensions/Commands/StrictCheckCommand.cs:29)
0x000001e9aa266fe1 (Mono JIT Code) UnityEngine.TestRunner.NUnitExtensions.Runner.DefaultTestWorkItem/<PerformWork>d__2:MoveNext () (at ./Library/PackageCache/com.unity.test-framework@40e262928427/UnityEngine.TestRunner/NUnitExtensions/Runner/DefaultTestWorkItem.cs:50)
0x000001e9aa255e12 (Mono JIT Code) UnityEngine.TestRunner.NUnitExtensions.Runner.CompositeWorkItem/<RunChildren>d__17:MoveNext () (at ./Library/PackageCache/com.unity.test-framework@40e262928427/UnityEngine.TestRunner/NUnitExtensions/Runner/CompositeWorkItem.cs:207)
0x000001e9aa247756 (Mono JIT Code) UnityEngine.TestRunner.NUnitExtensions.Runner.CompositeWorkItem/<PerformWork>d__13:MoveNext () (at ./Library/PackageCache/com.unity.test-framework@40e262928427/UnityEngine.TestRunner/NUnitExtensions/Runner/CompositeWorkItem.cs:82)
0x000001e9aa255e12 (Mono JIT Code) UnityEngine.TestRunner.NUnitExtensions.Runner.CompositeWorkItem/<RunChildren>d__17:MoveNext () (at ./Library/PackageCache/com.unity.test-framework@40e262928427/UnityEngine.TestRunner/NUnitExtensions/Runner/CompositeWorkItem.cs:207)
0x000001e9aa247756 (Mono JIT Code) UnityEngine.TestRunner.NUnitExtensions.Runner.CompositeWorkItem/<PerformWork>d__13:MoveNext () (at ./Library/PackageCache/com.unity.test-framework@40e262928427/UnityEngine.TestRunner/NUnitExtensions/Runner/CompositeWorkItem.cs:82)
0x000001e9aa255e12 (Mono JIT Code) UnityEngine.TestRunner.NUnitExtensions.Runner.CompositeWorkItem/<RunChildren>d__17:MoveNext () (at ./Library/PackageCache/com.unity.test-framework@40e262928427/UnityEngine.TestRunner/NUnitExtensions/Runner/CompositeWorkItem.cs:207)
0x000001e9aa247756 (Mono JIT Code) UnityEngine.TestRunner.NUnitExtensions.Runner.CompositeWorkItem/<PerformWork>d__13:MoveNext () (at ./Library/PackageCache/com.unity.test-framework@40e262928427/UnityEngine.TestRunner/NUnitExtensions/Runner/CompositeWorkItem.cs:82)
0x000001e9aa245fcc (Mono JIT Code) UnityEditor.TestTools.TestRunner.EditModeRunner:MoveNextAndUpdateYieldObject () (at ./Library/PackageCache/com.unity.test-framework@40e262928427/UnityEditor.TestRunner/TestRunner/EditModeRunner.cs:167)
0x000001e9aa245b7b (Mono JIT Code) UnityEditor.TestTools.TestRunner.EditModeRunner:TestConsumer (UnityEditor.TestTools.TestRunner.TestRunnerStateSerializer) (at ./Library/PackageCache/com.unity.test-framework@40e262928427/UnityEditor.TestRunner/TestRunner/EditModeRunner.cs:200)
0x000001e9aa23c173 (Mono JIT Code) UnityEditor.TestTools.TestRunner.TestRun.Tasks.EditModeRunTask/<Execute>d__1:MoveNext () (at ./Library/PackageCache/com.unity.test-framework@40e262928427/UnityEditor.TestRunner/TestRun/Tasks/EditModeRunTask.cs:48)
0x000001e977129d5e (Mono JIT Code) UnityEditor.TestTools.TestRunner.TestRun.TestJobRunner:ExecuteStep () (at ./Library/PackageCache/com.unity.test-framework@40e262928427/UnityEditor.TestRunner/TestRun/TestJobRunner.cs:173)
0x000001e977128953 (Mono JIT Code) UnityEditor.TestTools.TestRunner.TestRun.TestJobRunner:ExecuteCallback () (at ./Library/PackageCache/com.unity.test-framework@40e262928427/UnityEditor.TestRunner/TestRun/TestJobRunner.cs:108)
0x000001e99df821b8 (Mono JIT Code) UnityEditor.EditorApplication:Internal_CallUpdateFunctions ()
0x000001e8e6514785 (Mono JIT Code) (wrapper runtime-invoke) object:runtime_invoke_void (object,intptr,intptr,intptr)
0x00007fff3fd16e7e (mono-2.0-bdwgc) mono_jit_runtime_invoke (at C:/build/output/Unity-Technologies/mono/mono/mini/mini-runtime.c:3445)
0x00007fff3fc58874 (mono-2.0-bdwgc) do_runtime_invoke (at C:/build/output/Unity-Technologies/mono/mono/metadata/object.c:3068)
0x00007fff3fc58960 (mono-2.0-bdwgc) mono_runtime_invoke (at C:/build/output/Unity-Technologies/mono/mono/metadata/object.c:3115)
0x00007fff38e4cea4 (Unity) scripting_method_invoke
0x00007fff38e25433 (Unity) ScriptingInvocation::Invoke
0x00007fff38e20b35 (Unity) ScriptingInvocation::Invoke<void>
0x00007fff38f8b4bb (Unity) Scripting::UnityEditor::EditorApplicationProxy::Internal_CallUpdateFunctions
0x00007fff3a07e0e4 (Unity) SceneTracker::Update
0x00007fff39be1247 (Unity) Application::TickTimer
0x00007fff3a1b25ac (Unity) MainMessageLoop
0x00007fff3a1b9d1c (Unity) UnityMain
0x00007ff68b302f2a (Unity) __scrt_common_main_seh
0x00007fffddade8d7 (KERNEL32) BaseThreadInitThunk
0x00007fffde88c53c (ntdll) RtlUserThreadStart

[MouseTracker] PlayerInputHandler not found. Mouse compensation will be disabled.
0x00007fff38f222ae (Unity) StackWalker::ShowCallstack
0x00007fff38f31ee9 (Unity) PlatformStacktrace::GetStacktrace
0x00007fff3a1ac04e (Unity) Stacktrace::GetStacktrace
0x00007fff3a7859df (Unity) DebugStringToFile
0x00007fff37fd2930 (Unity) DebugLogHandler_CUSTOM_Internal_Log
0x000001e9766cbd3e (Mono JIT Code) (wrapper managed-to-native) UnityEngine.DebugLogHandler:Internal_Log_Injected (UnityEngine.LogType,UnityEngine.LogOption,UnityEngine.Bindings.ManagedSpanWrapper&,intptr)
0x000001e9766cbb43 (Mono JIT Code) UnityEngine.DebugLogHandler:Internal_Log (UnityEngine.LogType,UnityEngine.LogOption,string,UnityEngine.Object)
0x000001e9766cb7fb (Mono JIT Code) UnityEngine.DebugLogHandler:LogFormat (UnityEngine.LogType,UnityEngine.Object,string,object[])
0x000001e9766ca6ae (Mono JIT Code) UnityEngine.Logger:Log (UnityEngine.LogType,object)
0x000001e9aa2b404d (Mono JIT Code) UnityEngine.Debug:LogWarning (object)
0x000001e9aa2b33ab (Mono JIT Code) MouseTracker:Initialize (RecoilSystem) (at C:/Users/Ubuntu/Desktop/_DEV/AFFECT-2025-10-11/Assets/_SCRIPTS/_PLAYER/Recoil/MouseTracker.cs:80)
0x000001e976d36246 (Mono JIT Code) RecoilSystem:InitializeModules () (at C:/Users/Ubuntu/Desktop/_DEV/AFFECT-2025-10-11/Assets/_SCRIPTS/_PLAYER/Recoil/RecoilSystem.cs:203)
0x000001e976d33eb3 (Mono JIT Code) RecoilSystem:Initialize () (at C:/Users/Ubuntu/Desktop/_DEV/AFFECT-2025-10-11/Assets/_SCRIPTS/_PLAYER/Recoil/RecoilSystem.cs:165)
0x000001e976d333a3 (Mono JIT Code) RecoilSystem:ForceInitializeForTesting () (at C:/Users/Ubuntu/Desktop/_DEV/AFFECT-2025-10-11/Assets/_SCRIPTS/_PLAYER/Recoil/RecoilSystem.cs:632)
0x000001e976d3c213 (Mono JIT Code) RecoilSystemProperties:Property13_GracefulModuleDegradation () (at C:/Users/Ubuntu/Desktop/_DEV/AFFECT-2025-10-11/Assets/_SCRIPTS/Editor/Properties/RecoilSystemProperties.cs:269)
0x000001e9aa264548 (Mono JIT Code) (wrapper runtime-invoke) object:runtime_invoke_void__this__ (object,intptr,intptr,intptr)
0x00007fff3fd16e7e (mono-2.0-bdwgc) mono_jit_runtime_invoke (at C:/build/output/Unity-Technologies/mono/mono/mini/mini-runtime.c:3445)
0x00007fff3fc58874 (mono-2.0-bdwgc) do_runtime_invoke (at C:/build/output/Unity-Technologies/mono/mono/metadata/object.c:3068)
0x00007fff3fc5f926 (mono-2.0-bdwgc) mono_runtime_try_invoke_array (at C:/build/output/Unity-Technologies/mono/mono/metadata/object.c:5774)
0x00007fff3fb91b81 (mono-2.0-bdwgc) ves_icall_InternalInvoke (at C:/build/output/Unity-Technologies/mono/mono/metadata/icall.c:4038)
0x00007fff3fbb7e31 (mono-2.0-bdwgc) ves_icall_InternalInvoke_raw (at C:/build/output/Unity-Technologies/mono/mono/metadata/icall-def.h:692)
0x000001e8e22b0f92 (Mono JIT Code) (wrapper managed-to-native) System.Reflection.RuntimeMethodInfo:InternalInvoke (System.Reflection.RuntimeMethodInfo,object,object[],System.Exception&)
0x000001e8e3c7ea73 (Mono JIT Code) System.Reflection.RuntimeMethodInfo:Invoke (object,System.Reflection.BindingFlags,System.Reflection.Binder,object[],System.Globalization.CultureInfo)
0x000001e8db9555ef (Mono JIT Code) System.Reflection.MethodBase:Invoke (object,object[])
0x000001e9aa26e783 (Mono JIT Code) NUnit.Framework.Internal.Reflect:InvokeMethod (System.Reflection.MethodInfo,object,object[])
0x000001e9aa2760ab (Mono JIT Code) NUnit.Framework.Internal.MethodWrapper:Invoke (object,object[])
0x000001e9aa275f8a (Mono JIT Code) NUnit.Framework.Internal.Commands.TestMethodCommand:RunNonAsyncTestMethod (NUnit.Framework.Internal.ITestExecutionContext)
0x000001e9aa275dd3 (Mono JIT Code) NUnit.Framework.Internal.Commands.TestMethodCommand:RunTestMethod (NUnit.Framework.Internal.ITestExecutionContext)
0x000001e9aa275973 (Mono JIT Code) NUnit.Framework.Internal.Commands.TestMethodCommand:Execute (NUnit.Framework.Internal.ITestExecutionContext)
0x000001e9aa27556b (Mono JIT Code) UnityEngine.TestTools.UnityTestMethodCommand:Execute (NUnit.Framework.Internal.ITestExecutionContext) (at ./Library/PackageCache/com.unity.test-framework@40e262928427/UnityEngine.TestRunner/NUnitExtensions/Commands/UnityTestMethodCommand.cs:19)
0x000001e9aa2752fb (Mono JIT Code) UnityEngine.TestRunner.NUnitExtensions.Runner.UnityLogCheckDelegatingCommand/<>c__DisplayClass2_0:<Execute>b__0 () (at ./Library/PackageCache/com.unity.test-framework@40e262928427/UnityEngine.TestRunner/NUnitExtensions/Runner/UnityLogCheckDelegatingCommand.cs:24)
0x000001e9aa275123 (Mono JIT Code) UnityEngine.TestRunner.NUnitExtensions.Runner.UnityLogCheckDelegatingCommand:CaptureException (NUnit.Framework.Internal.TestResult,System.Action) (at ./Library/PackageCache/com.unity.test-framework@40e262928427/UnityEngine.TestRunner/NUnitExtensions/Runner/UnityLogCheckDelegatingCommand.cs:72)
0x000001e9aa274fb3 (Mono JIT Code) UnityEngine.TestRunner.NUnitExtensions.Runner.UnityLogCheckDelegatingCommand:ExecuteAndCheckLog (UnityEngine.TestTools.Logging.LogScope,NUnit.Framework.Internal.TestResult,System.Action) (at ./Library/PackageCache/com.unity.test-framework@40e262928427/UnityEngine.TestRunner/NUnitExtensions/Runner/UnityLogCheckDelegatingCommand.cs:83)
0x000001e9aa274c3b (Mono JIT Code) UnityEngine.TestRunner.NUnitExtensions.Runner.UnityLogCheckDelegatingCommand:Execute (NUnit.Framework.Internal.ITestExecutionContext) (at ./Library/PackageCache/com.unity.test-framework@40e262928427/UnityEngine.TestRunner/NUnitExtensions/Runner/UnityLogCheckDelegatingCommand.cs:24)
0x000001e9aa273c19 (Mono JIT Code) UnityEngine.TestRunner.NUnitExtensions.Runner.UnityLogCheckDelegatingCommand/<ExecuteEnumerable>d__3:MoveNext () (at ./Library/PackageCache/com.unity.test-framework@40e262928427/UnityEngine.TestRunner/NUnitExtensions/Runner/UnityLogCheckDelegatingCommand.cs:35)
0x000001e9aa251e01 (Mono JIT Code) UnityEngine.TestTools.BeforeAfterTestCommandBase`1/<ExecuteEnumerable>d__16<T_REF>:MoveNext () (at ./Library/PackageCache/com.unity.test-framework@40e262928427/UnityEngine.TestRunner/NUnitExtensions/Commands/BeforeAfterTestCommandBase.cs:212)
0x000001e9aa272fb6 (Mono JIT Code) UnityEngine.TestTools.ImmediateEnumerableCommand:Execute (NUnit.Framework.Internal.ITestExecutionContext) (at ./Library/PackageCache/com.unity.test-framework@40e262928427/UnityEngine.TestRunner/NUnitExtensions/Commands/ImmediateEnumerableCommand.cs:18)
0x000001e9aa251f01 (Mono JIT Code) UnityEngine.TestTools.BeforeAfterTestCommandBase`1/<ExecuteEnumerable>d__16<T_REF>:MoveNext () (at ./Library/PackageCache/com.unity.test-framework@40e262928427/UnityEngine.TestRunner/NUnitExtensions/Commands/BeforeAfterTestCommandBase.cs:219)
0x000001e9aa251e01 (Mono JIT Code) UnityEngine.TestTools.BeforeAfterTestCommandBase`1/<ExecuteEnumerable>d__16<T_REF>:MoveNext () (at ./Library/PackageCache/com.unity.test-framework@40e262928427/UnityEngine.TestRunner/NUnitExtensions/Commands/BeforeAfterTestCommandBase.cs:212)
0x000001e9aa251e01 (Mono JIT Code) UnityEngine.TestTools.BeforeAfterTestCommandBase`1/<ExecuteEnumerable>d__16<T_REF>:MoveNext () (at ./Library/PackageCache/com.unity.test-framework@40e262928427/UnityEngine.TestRunner/NUnitExtensions/Commands/BeforeAfterTestCommandBase.cs:212)
0x000001e9aa26b457 (Mono JIT Code) UnityEngine.TestTools.RetryCommand/<ExecuteEnumerable>d__2:MoveNext () (at ./Library/PackageCache/com.unity.test-framework@40e262928427/UnityEngine.TestRunner/NUnitExtensions/Commands/RetryCommand.cs:37)
0x000001e9aa269f2f (Mono JIT Code) UnityEngine.TestTools.RepeatCommand/<ExecuteEnumerable>d__2:MoveNext () (at ./Library/PackageCache/com.unity.test-framework@40e262928427/UnityEngine.TestRunner/NUnitExtensions/Commands/RepeatCommand.cs:36)
0x000001e9aa268fa6 (Mono JIT Code) UnityEngine.TestTools.IgnoreTestCommand/<ExecuteEnumerable>d__3:MoveNext () (at ./Library/PackageCache/com.unity.test-framework@40e262928427/UnityEngine.TestRunner/NUnitExtensions/Commands/IgnoreTestCommand.cs:42)
0x000001e9aa267c7f (Mono JIT Code) UnityEngine.TestTools.StrictCheckCommand/<ExecuteEnumerable>d__2:MoveNext () (at ./Library/PackageCache/com.unity.test-framework@40e262928427/UnityEngine.TestRunner/NUnitExtensions/Commands/StrictCheckCommand.cs:29)
0x000001e9aa266fe1 (Mono JIT Code) UnityEngine.TestRunner.NUnitExtensions.Runner.DefaultTestWorkItem/<PerformWork>d__2:MoveNext () (at ./Library/PackageCache/com.unity.test-framework@40e262928427/UnityEngine.TestRunner/NUnitExtensions/Runner/DefaultTestWorkItem.cs:50)
0x000001e9aa255e12 (Mono JIT Code) UnityEngine.TestRunner.NUnitExtensions.Runner.CompositeWorkItem/<RunChildren>d__17:MoveNext () (at ./Library/PackageCache/com.unity.test-framework@40e262928427/UnityEngine.TestRunner/NUnitExtensions/Runner/CompositeWorkItem.cs:207)
0x000001e9aa247756 (Mono JIT Code) UnityEngine.TestRunner.NUnitExtensions.Runner.CompositeWorkItem/<PerformWork>d__13:MoveNext () (at ./Library/PackageCache/com.unity.test-framework@40e262928427/UnityEngine.TestRunner/NUnitExtensions/Runner/CompositeWorkItem.cs:82)
0x000001e9aa255e12 (Mono JIT Code) UnityEngine.TestRunner.NUnitExtensions.Runner.CompositeWorkItem/<RunChildren>d__17:MoveNext () (at ./Library/PackageCache/com.unity.test-framework@40e262928427/UnityEngine.TestRunner/NUnitExtensions/Runner/CompositeWorkItem.cs:207)
0x000001e9aa247756 (Mono JIT Code) UnityEngine.TestRunner.NUnitExtensions.Runner.CompositeWorkItem/<PerformWork>d__13:MoveNext () (at ./Library/PackageCache/com.unity.test-framework@40e262928427/UnityEngine.TestRunner/NUnitExtensions/Runner/CompositeWorkItem.cs:82)
0x000001e9aa255e12 (Mono JIT Code) UnityEngine.TestRunner.NUnitExtensions.Runner.CompositeWorkItem/<RunChildren>d__17:MoveNext () (at ./Library/PackageCache/com.unity.test-framework@40e262928427/UnityEngine.TestRunner/NUnitExtensions/Runner/CompositeWorkItem.cs:207)
0x000001e9aa247756 (Mono JIT Code) UnityEngine.TestRunner.NUnitExtensions.Runner.CompositeWorkItem/<PerformWork>d__13:MoveNext () (at ./Library/PackageCache/com.unity.test-framework@40e262928427/UnityEngine.TestRunner/NUnitExtensions/Runner/CompositeWorkItem.cs:82)
0x000001e9aa245fcc (Mono JIT Code) UnityEditor.TestTools.TestRunner.EditModeRunner:MoveNextAndUpdateYieldObject () (at ./Library/PackageCache/com.unity.test-framework@40e262928427/UnityEditor.TestRunner/TestRunner/EditModeRunner.cs:167)
0x000001e9aa245b7b (Mono JIT Code) UnityEditor.TestTools.TestRunner.EditModeRunner:TestConsumer (UnityEditor.TestTools.TestRunner.TestRunnerStateSerializer) (at ./Library/PackageCache/com.unity.test-framework@40e262928427/UnityEditor.TestRunner/TestRunner/EditModeRunner.cs:200)
0x000001e9aa23c173 (Mono JIT Code) UnityEditor.TestTools.TestRunner.TestRun.Tasks.EditModeRunTask/<Execute>d__1:MoveNext () (at ./Library/PackageCache/com.unity.test-framework@40e262928427/UnityEditor.TestRunner/TestRun/Tasks/EditModeRunTask.cs:48)
0x000001e977129d5e (Mono JIT Code) UnityEditor.TestTools.TestRunner.TestRun.TestJobRunner:ExecuteStep () (at ./Library/PackageCache/com.unity.test-framework@40e262928427/UnityEditor.TestRunner/TestRun/TestJobRunner.cs:173)
0x000001e977128953 (Mono JIT Code) UnityEditor.TestTools.TestRunner.TestRun.TestJobRunner:ExecuteCallback () (at ./Library/PackageCache/com.unity.test-framework@40e262928427/UnityEditor.TestRunner/TestRun/TestJobRunner.cs:108)
0x000001e99df821b8 (Mono JIT Code) UnityEditor.EditorApplication:Internal_CallUpdateFunctions ()
0x000001e8e6514785 (Mono JIT Code) (wrapper runtime-invoke) object:runtime_invoke_void (object,intptr,intptr,intptr)
0x00007fff3fd16e7e (mono-2.0-bdwgc) mono_jit_runtime_invoke (at C:/build/output/Unity-Technologies/mono/mono/mini/mini-runtime.c:3445)
0x00007fff3fc58874 (mono-2.0-bdwgc) do_runtime_invoke (at C:/build/output/Unity-Technologies/mono/mono/metadata/object.c:3068)
0x00007fff3fc58960 (mono-2.0-bdwgc) mono_runtime_invoke (at C:/build/output/Unity-Technologies/mono/mono/metadata/object.c:3115)
0x00007fff38e4cea4 (Unity) scripting_method_invoke
0x00007fff38e25433 (Unity) ScriptingInvocation::Invoke
0x00007fff38e20b35 (Unity) ScriptingInvocation::Invoke<void>
0x00007fff38f8b4bb (Unity) Scripting::UnityEditor::EditorApplicationProxy::Internal_CallUpdateFunctions
0x00007fff3a07e0e4 (Unity) SceneTracker::Update
0x00007fff39be1247 (Unity) Application::TickTimer
0x00007fff3a1b25ac (Unity) MainMessageLoop
0x00007fff3a1b9d1c (Unity) UnityMain
0x00007ff68b302f2a (Unity) __scrt_common_main_seh
0x00007fffddade8d7 (KERNEL32) BaseThreadInitThunk
0x00007fffde88c53c (ntdll) RtlUserThreadStart

[MouseTracker] PlayerInputHandler not found. Mouse compensation will be disabled.
0x00007fff38f222ae (Unity) StackWalker::ShowCallstack
0x00007fff38f31ee9 (Unity) PlatformStacktrace::GetStacktrace
0x00007fff3a1ac04e (Unity) Stacktrace::GetStacktrace
0x00007fff3a7859df (Unity) DebugStringToFile
0x00007fff37fd2930 (Unity) DebugLogHandler_CUSTOM_Internal_Log
0x000001e9766cbd3e (Mono JIT Code) (wrapper managed-to-native) UnityEngine.DebugLogHandler:Internal_Log_Injected (UnityEngine.LogType,UnityEngine.LogOption,UnityEngine.Bindings.ManagedSpanWrapper&,intptr)
0x000001e9766cbb43 (Mono JIT Code) UnityEngine.DebugLogHandler:Internal_Log (UnityEngine.LogType,UnityEngine.LogOption,string,UnityEngine.Object)
0x000001e9766cb7fb (Mono JIT Code) UnityEngine.DebugLogHandler:LogFormat (UnityEngine.LogType,UnityEngine.Object,string,object[])
0x000001e9766ca6ae (Mono JIT Code) UnityEngine.Logger:Log (UnityEngine.LogType,object)
0x000001e9aa2b404d (Mono JIT Code) UnityEngine.Debug:LogWarning (object)
0x000001e9aa2b33ab (Mono JIT Code) MouseTracker:Initialize (RecoilSystem) (at C:/Users/Ubuntu/Desktop/_DEV/AFFECT-2025-10-11/Assets/_SCRIPTS/_PLAYER/Recoil/MouseTracker.cs:80)
0x000001e976d36246 (Mono JIT Code) RecoilSystem:InitializeModules () (at C:/Users/Ubuntu/Desktop/_DEV/AFFECT-2025-10-11/Assets/_SCRIPTS/_PLAYER/Recoil/RecoilSystem.cs:203)
0x000001e976d33eb3 (Mono JIT Code) RecoilSystem:Initialize () (at C:/Users/Ubuntu/Desktop/_DEV/AFFECT-2025-10-11/Assets/_SCRIPTS/_PLAYER/Recoil/RecoilSystem.cs:165)
0x000001e976d333a3 (Mono JIT Code) RecoilSystem:ForceInitializeForTesting () (at C:/Users/Ubuntu/Desktop/_DEV/AFFECT-2025-10-11/Assets/_SCRIPTS/_PLAYER/Recoil/RecoilSystem.cs:632)
0x000001e976d3c213 (Mono JIT Code) RecoilSystemProperties:Property13_GracefulModuleDegradation () (at C:/Users/Ubuntu/Desktop/_DEV/AFFECT-2025-10-11/Assets/_SCRIPTS/Editor/Properties/RecoilSystemProperties.cs:269)
0x000001e9aa264548 (Mono JIT Code) (wrapper runtime-invoke) object:runtime_invoke_void__this__ (object,intptr,intptr,intptr)
0x00007fff3fd16e7e (mono-2.0-bdwgc) mono_jit_runtime_invoke (at C:/build/output/Unity-Technologies/mono/mono/mini/mini-runtime.c:3445)
0x00007fff3fc58874 (mono-2.0-bdwgc) do_runtime_invoke (at C:/build/output/Unity-Technologies/mono/mono/metadata/object.c:3068)
0x00007fff3fc5f926 (mono-2.0-bdwgc) mono_runtime_try_invoke_array (at C:/build/output/Unity-Technologies/mono/mono/metadata/object.c:5774)
0x00007fff3fb91b81 (mono-2.0-bdwgc) ves_icall_InternalInvoke (at C:/build/output/Unity-Technologies/mono/mono/metadata/icall.c:4038)
0x00007fff3fbb7e31 (mono-2.0-bdwgc) ves_icall_InternalInvoke_raw (at C:/build/output/Unity-Technologies/mono/mono/metadata/icall-def.h:692)
0x000001e8e22b0f92 (Mono JIT Code) (wrapper managed-to-native) System.Reflection.RuntimeMethodInfo:InternalInvoke (System.Reflection.RuntimeMethodInfo,object,object[],System.Exception&)
0x000001e8e3c7ea73 (Mono JIT Code) System.Reflection.RuntimeMethodInfo:Invoke (object,System.Reflection.BindingFlags,System.Reflection.Binder,object[],System.Globalization.CultureInfo)
0x000001e8db9555ef (Mono JIT Code) System.Reflection.MethodBase:Invoke (object,object[])
0x000001e9aa26e783 (Mono JIT Code) NUnit.Framework.Internal.Reflect:InvokeMethod (System.Reflection.MethodInfo,object,object[])
0x000001e9aa2760ab (Mono JIT Code) NUnit.Framework.Internal.MethodWrapper:Invoke (object,object[])
0x000001e9aa275f8a (Mono JIT Code) NUnit.Framework.Internal.Commands.TestMethodCommand:RunNonAsyncTestMethod (NUnit.Framework.Internal.ITestExecutionContext)
0x000001e9aa275dd3 (Mono JIT Code) NUnit.Framework.Internal.Commands.TestMethodCommand:RunTestMethod (NUnit.Framework.Internal.ITestExecutionContext)
0x000001e9aa275973 (Mono JIT Code) NUnit.Framework.Internal.Commands.TestMethodCommand:Execute (NUnit.Framework.Internal.ITestExecutionContext)
0x000001e9aa27556b (Mono JIT Code) UnityEngine.TestTools.UnityTestMethodCommand:Execute (NUnit.Framework.Internal.ITestExecutionContext) (at ./Library/PackageCache/com.unity.test-framework@40e262928427/UnityEngine.TestRunner/NUnitExtensions/Commands/UnityTestMethodCommand.cs:19)
0x000001e9aa2752fb (Mono JIT Code) UnityEngine.TestRunner.NUnitExtensions.Runner.UnityLogCheckDelegatingCommand/<>c__DisplayClass2_0:<Execute>b__0 () (at ./Library/PackageCache/com.unity.test-framework@40e262928427/UnityEngine.TestRunner/NUnitExtensions/Runner/UnityLogCheckDelegatingCommand.cs:24)
0x000001e9aa275123 (Mono JIT Code) UnityEngine.TestRunner.NUnitExtensions.Runner.UnityLogCheckDelegatingCommand:CaptureException (NUnit.Framework.Internal.TestResult,System.Action) (at ./Library/PackageCache/com.unity.test-framework@40e262928427/UnityEngine.TestRunner/NUnitExtensions/Runner/UnityLogCheckDelegatingCommand.cs:72)
0x000001e9aa274fb3 (Mono JIT Code) UnityEngine.TestRunner.NUnitExtensions.Runner.UnityLogCheckDelegatingCommand:ExecuteAndCheckLog (UnityEngine.TestTools.Logging.LogScope,NUnit.Framework.Internal.TestResult,System.Action) (at ./Library/PackageCache/com.unity.test-framework@40e262928427/UnityEngine.TestRunner/NUnitExtensions/Runner/UnityLogCheckDelegatingCommand.cs:83)
0x000001e9aa274c3b (Mono JIT Code) UnityEngine.TestRunner.NUnitExtensions.Runner.UnityLogCheckDelegatingCommand:Execute (NUnit.Framework.Internal.ITestExecutionContext) (at ./Library/PackageCache/com.unity.test-framework@40e262928427/UnityEngine.TestRunner/NUnitExtensions/Runner/UnityLogCheckDelegatingCommand.cs:24)
0x000001e9aa273c19 (Mono JIT Code) UnityEngine.TestRunner.NUnitExtensions.Runner.UnityLogCheckDelegatingCommand/<ExecuteEnumerable>d__3:MoveNext () (at ./Library/PackageCache/com.unity.test-framework@40e262928427/UnityEngine.TestRunner/NUnitExtensions/Runner/UnityLogCheckDelegatingCommand.cs:35)
0x000001e9aa251e01 (Mono JIT Code) UnityEngine.TestTools.BeforeAfterTestCommandBase`1/<ExecuteEnumerable>d__16<T_REF>:MoveNext () (at ./Library/PackageCache/com.unity.test-framework@40e262928427/UnityEngine.TestRunner/NUnitExtensions/Commands/BeforeAfterTestCommandBase.cs:212)
0x000001e9aa272fb6 (Mono JIT Code) UnityEngine.TestTools.ImmediateEnumerableCommand:Execute (NUnit.Framework.Internal.ITestExecutionContext) (at ./Library/PackageCache/com.unity.test-framework@40e262928427/UnityEngine.TestRunner/NUnitExtensions/Commands/ImmediateEnumerableCommand.cs:18)
0x000001e9aa251f01 (Mono JIT Code) UnityEngine.TestTools.BeforeAfterTestCommandBase`1/<ExecuteEnumerable>d__16<T_REF>:MoveNext () (at ./Library/PackageCache/com.unity.test-framework@40e262928427/UnityEngine.TestRunner/NUnitExtensions/Commands/BeforeAfterTestCommandBase.cs:219)
0x000001e9aa251e01 (Mono JIT Code) UnityEngine.TestTools.BeforeAfterTestCommandBase`1/<ExecuteEnumerable>d__16<T_REF>:MoveNext () (at ./Library/PackageCache/com.unity.test-framework@40e262928427/UnityEngine.TestRunner/NUnitExtensions/Commands/BeforeAfterTestCommandBase.cs:212)
0x000001e9aa251e01 (Mono JIT Code) UnityEngine.TestTools.BeforeAfterTestCommandBase`1/<ExecuteEnumerable>d__16<T_REF>:MoveNext () (at ./Library/PackageCache/com.unity.test-framework@40e262928427/UnityEngine.TestRunner/NUnitExtensions/Commands/BeforeAfterTestCommandBase.cs:212)
0x000001e9aa26b457 (Mono JIT Code) UnityEngine.TestTools.RetryCommand/<ExecuteEnumerable>d__2:MoveNext () (at ./Library/PackageCache/com.unity.test-framework@40e262928427/UnityEngine.TestRunner/NUnitExtensions/Commands/RetryCommand.cs:37)
0x000001e9aa269f2f (Mono JIT Code) UnityEngine.TestTools.RepeatCommand/<ExecuteEnumerable>d__2:MoveNext () (at ./Library/PackageCache/com.unity.test-framework@40e262928427/UnityEngine.TestRunner/NUnitExtensions/Commands/RepeatCommand.cs:36)
0x000001e9aa268fa6 (Mono JIT Code) UnityEngine.TestTools.IgnoreTestCommand/<ExecuteEnumerable>d__3:MoveNext () (at ./Library/PackageCache/com.unity.test-framework@40e262928427/UnityEngine.TestRunner/NUnitExtensions/Commands/IgnoreTestCommand.cs:42)
0x000001e9aa267c7f (Mono JIT Code) UnityEngine.TestTools.StrictCheckCommand/<ExecuteEnumerable>d__2:MoveNext () (at ./Library/PackageCache/com.unity.test-framework@40e262928427/UnityEngine.TestRunner/NUnitExtensions/Commands/StrictCheckCommand.cs:29)
0x000001e9aa266fe1 (Mono JIT Code) UnityEngine.TestRunner.NUnitExtensions.Runner.DefaultTestWorkItem/<PerformWork>d__2:MoveNext () (at ./Library/PackageCache/com.unity.test-framework@40e262928427/UnityEngine.TestRunner/NUnitExtensions/Runner/DefaultTestWorkItem.cs:50)
0x000001e9aa255e12 (Mono JIT Code) UnityEngine.TestRunner.NUnitExtensions.Runner.CompositeWorkItem/<RunChildren>d__17:MoveNext () (at ./Library/PackageCache/com.unity.test-framework@40e262928427/UnityEngine.TestRunner/NUnitExtensions/Runner/CompositeWorkItem.cs:207)
0x000001e9aa247756 (Mono JIT Code) UnityEngine.TestRunner.NUnitExtensions.Runner.CompositeWorkItem/<PerformWork>d__13:MoveNext () (at ./Library/PackageCache/com.unity.test-framework@40e262928427/UnityEngine.TestRunner/NUnitExtensions/Runner/CompositeWorkItem.cs:82)
0x000001e9aa255e12 (Mono JIT Code) UnityEngine.TestRunner.NUnitExtensions.Runner.CompositeWorkItem/<RunChildren>d__17:MoveNext () (at ./Library/PackageCache/com.unity.test-framework@40e262928427/UnityEngine.TestRunner/NUnitExtensions/Runner/CompositeWorkItem.cs:207)
0x000001e9aa247756 (Mono JIT Code) UnityEngine.TestRunner.NUnitExtensions.Runner.CompositeWorkItem/<PerformWork>d__13:MoveNext () (at ./Library/PackageCache/com.unity.test-framework@40e262928427/UnityEngine.TestRunner/NUnitExtensions/Runner/CompositeWorkItem.cs:82)
0x000001e9aa255e12 (Mono JIT Code) UnityEngine.TestRunner.NUnitExtensions.Runner.CompositeWorkItem/<RunChildren>d__17:MoveNext () (at ./Library/PackageCache/com.unity.test-framework@40e262928427/UnityEngine.TestRunner/NUnitExtensions/Runner/CompositeWorkItem.cs:207)
0x000001e9aa247756 (Mono JIT Code) UnityEngine.TestRunner.NUnitExtensions.Runner.CompositeWorkItem/<PerformWork>d__13:MoveNext () (at ./Library/PackageCache/com.unity.test-framework@40e262928427/UnityEngine.TestRunner/NUnitExtensions/Runner/CompositeWorkItem.cs:82)
0x000001e9aa245fcc (Mono JIT Code) UnityEditor.TestTools.TestRunner.EditModeRunner:MoveNextAndUpdateYieldObject () (at ./Library/PackageCache/com.unity.test-framework@40e262928427/UnityEditor.TestRunner/TestRunner/EditModeRunner.cs:167)
0x000001e9aa245b7b (Mono JIT Code) UnityEditor.TestTools.TestRunner.EditModeRunner:TestConsumer (UnityEditor.TestTools.TestRunner.TestRunnerStateSerializer) (at ./Library/PackageCache/com.unity.test-framework@40e262928427/UnityEditor.TestRunner/TestRunner/EditModeRunner.cs:200)
0x000001e9aa23c173 (Mono JIT Code) UnityEditor.TestTools.TestRunner.TestRun.Tasks.EditModeRunTask/<Execute>d__1:MoveNext () (at ./Library/PackageCache/com.unity.test-framework@40e262928427/UnityEditor.TestRunner/TestRun/Tasks/EditModeRunTask.cs:48)
0x000001e977129d5e (Mono JIT Code) UnityEditor.TestTools.TestRunner.TestRun.TestJobRunner:ExecuteStep () (at ./Library/PackageCache/com.unity.test-framework@40e262928427/UnityEditor.TestRunner/TestRun/TestJobRunner.cs:173)
0x000001e977128953 (Mono JIT Code) UnityEditor.TestTools.TestRunner.TestRun.TestJobRunner:ExecuteCallback () (at ./Library/PackageCache/com.unity.test-framework@40e262928427/UnityEditor.TestRunner/TestRun/TestJobRunner.cs:108)
0x000001e99df821b8 (Mono JIT Code) UnityEditor.EditorApplication:Internal_CallUpdateFunctions ()
0x000001e8e6514785 (Mono JIT Code) (wrapper runtime-invoke) object:runtime_invoke_void (object,intptr,intptr,intptr)
0x00007fff3fd16e7e (mono-2.0-bdwgc) mono_jit_runtime_invoke (at C:/build/output/Unity-Technologies/mono/mono/mini/mini-runtime.c:3445)
0x00007fff3fc58874 (mono-2.0-bdwgc) do_runtime_invoke (at C:/build/output/Unity-Technologies/mono/mono/metadata/object.c:3068)
0x00007fff3fc58960 (mono-2.0-bdwgc) mono_runtime_invoke (at C:/build/output/Unity-Technologies/mono/mono/metadata/object.c:3115)
0x00007fff38e4cea4 (Unity) scripting_method_invoke
0x00007fff38e25433 (Unity) ScriptingInvocation::Invoke
0x00007fff38e20b35 (Unity) ScriptingInvocation::Invoke<void>
0x00007fff38f8b4bb (Unity) Scripting::UnityEditor::EditorApplicationProxy::Internal_CallUpdateFunctions
0x00007fff3a07e0e4 (Unity) SceneTracker::Update
0x00007fff39be1247 (Unity) Application::TickTimer
0x00007fff3a1b25ac (Unity) MainMessageLoop
0x00007fff3a1b9d1c (Unity) UnityMain
0x00007ff68b302f2a (Unity) __scrt_common_main_seh
0x00007fffddade8d7 (KERNEL32) BaseThreadInitThunk
0x00007fffde88c53c (ntdll) RtlUserThreadStart

[MouseTracker] PlayerInputHandler not found. Mouse compensation will be disabled.
0x00007fff38f222ae (Unity) StackWalker::ShowCallstack
0x00007fff38f31ee9 (Unity) PlatformStacktrace::GetStacktrace
0x00007fff3a1ac04e (Unity) Stacktrace::GetStacktrace
0x00007fff3a7859df (Unity) DebugStringToFile
0x00007fff37fd2930 (Unity) DebugLogHandler_CUSTOM_Internal_Log
0x000001e9766cbd3e (Mono JIT Code) (wrapper managed-to-native) UnityEngine.DebugLogHandler:Internal_Log_Injected (UnityEngine.LogType,UnityEngine.LogOption,UnityEngine.Bindings.ManagedSpanWrapper&,intptr)
0x000001e9766cbb43 (Mono JIT Code) UnityEngine.DebugLogHandler:Internal_Log (UnityEngine.LogType,UnityEngine.LogOption,string,UnityEngine.Object)
0x000001e9766cb7fb (Mono JIT Code) UnityEngine.DebugLogHandler:LogFormat (UnityEngine.LogType,UnityEngine.Object,string,object[])
0x000001e9766ca6ae (Mono JIT Code) UnityEngine.Logger:Log (UnityEngine.LogType,object)
0x000001e9aa2b404d (Mono JIT Code) UnityEngine.Debug:LogWarning (object)
0x000001e9aa2b33ab (Mono JIT Code) MouseTracker:Initialize (RecoilSystem) (at C:/Users/Ubuntu/Desktop/_DEV/AFFECT-2025-10-11/Assets/_SCRIPTS/_PLAYER/Recoil/MouseTracker.cs:80)
0x000001e976d36246 (Mono JIT Code) RecoilSystem:InitializeModules () (at C:/Users/Ubuntu/Desktop/_DEV/AFFECT-2025-10-11/Assets/_SCRIPTS/_PLAYER/Recoil/RecoilSystem.cs:203)
0x000001e976d33eb3 (Mono JIT Code) RecoilSystem:Initialize () (at C:/Users/Ubuntu/Desktop/_DEV/AFFECT-2025-10-11/Assets/_SCRIPTS/_PLAYER/Recoil/RecoilSystem.cs:165)
0x000001e976d333a3 (Mono JIT Code) RecoilSystem:ForceInitializeForTesting () (at C:/Users/Ubuntu/Desktop/_DEV/AFFECT-2025-10-11/Assets/_SCRIPTS/_PLAYER/Recoil/RecoilSystem.cs:632)
0x000001e976d3c213 (Mono JIT Code) RecoilSystemProperties:Property13_GracefulModuleDegradation () (at C:/Users/Ubuntu/Desktop/_DEV/AFFECT-2025-10-11/Assets/_SCRIPTS/Editor/Properties/RecoilSystemProperties.cs:269)
0x000001e9aa264548 (Mono JIT Code) (wrapper runtime-invoke) object:runtime_invoke_void__this__ (object,intptr,intptr,intptr)
0x00007fff3fd16e7e (mono-2.0-bdwgc) mono_jit_runtime_invoke (at C:/build/output/Unity-Technologies/mono/mono/mini/mini-runtime.c:3445)
0x00007fff3fc58874 (mono-2.0-bdwgc) do_runtime_invoke (at C:/build/output/Unity-Technologies/mono/mono/metadata/object.c:3068)
0x00007fff3fc5f926 (mono-2.0-bdwgc) mono_runtime_try_invoke_array (at C:/build/output/Unity-Technologies/mono/mono/metadata/object.c:5774)
0x00007fff3fb91b81 (mono-2.0-bdwgc) ves_icall_InternalInvoke (at C:/build/output/Unity-Technologies/mono/mono/metadata/icall.c:4038)
0x00007fff3fbb7e31 (mono-2.0-bdwgc) ves_icall_InternalInvoke_raw (at C:/build/output/Unity-Technologies/mono/mono/metadata/icall-def.h:692)
0x000001e8e22b0f92 (Mono JIT Code) (wrapper managed-to-native) System.Reflection.RuntimeMethodInfo:InternalInvoke (System.Reflection.RuntimeMethodInfo,object,object[],System.Exception&)
0x000001e8e3c7ea73 (Mono JIT Code) System.Reflection.RuntimeMethodInfo:Invoke (object,System.Reflection.BindingFlags,System.Reflection.Binder,object[],System.Globalization.CultureInfo)
0x000001e8db9555ef (Mono JIT Code) System.Reflection.MethodBase:Invoke (object,object[])
0x000001e9aa26e783 (Mono JIT Code) NUnit.Framework.Internal.Reflect:InvokeMethod (System.Reflection.MethodInfo,object,object[])
0x000001e9aa2760ab (Mono JIT Code) NUnit.Framework.Internal.MethodWrapper:Invoke (object,object[])
0x000001e9aa275f8a (Mono JIT Code) NUnit.Framework.Internal.Commands.TestMethodCommand:RunNonAsyncTestMethod (NUnit.Framework.Internal.ITestExecutionContext)
0x000001e9aa275dd3 (Mono JIT Code) NUnit.Framework.Internal.Commands.TestMethodCommand:RunTestMethod (NUnit.Framework.Internal.ITestExecutionContext)
0x000001e9aa275973 (Mono JIT Code) NUnit.Framework.Internal.Commands.TestMethodCommand:Execute (NUnit.Framework.Internal.ITestExecutionContext)
0x000001e9aa27556b (Mono JIT Code) UnityEngine.TestTools.UnityTestMethodCommand:Execute (NUnit.Framework.Internal.ITestExecutionContext) (at ./Library/PackageCache/com.unity.test-framework@40e262928427/UnityEngine.TestRunner/NUnitExtensions/Commands/UnityTestMethodCommand.cs:19)
0x000001e9aa2752fb (Mono JIT Code) UnityEngine.TestRunner.NUnitExtensions.Runner.UnityLogCheckDelegatingCommand/<>c__DisplayClass2_0:<Execute>b__0 () (at ./Library/PackageCache/com.unity.test-framework@40e262928427/UnityEngine.TestRunner/NUnitExtensions/Runner/UnityLogCheckDelegatingCommand.cs:24)
0x000001e9aa275123 (Mono JIT Code) UnityEngine.TestRunner.NUnitExtensions.Runner.UnityLogCheckDelegatingCommand:CaptureException (NUnit.Framework.Internal.TestResult,System.Action) (at ./Library/PackageCache/com.unity.test-framework@40e262928427/UnityEngine.TestRunner/NUnitExtensions/Runner/UnityLogCheckDelegatingCommand.cs:72)
0x000001e9aa274fb3 (Mono JIT Code) UnityEngine.TestRunner.NUnitExtensions.Runner.UnityLogCheckDelegatingCommand:ExecuteAndCheckLog (UnityEngine.TestTools.Logging.LogScope,NUnit.Framework.Internal.TestResult,System.Action) (at ./Library/PackageCache/com.unity.test-framework@40e262928427/UnityEngine.TestRunner/NUnitExtensions/Runner/UnityLogCheckDelegatingCommand.cs:83)
0x000001e9aa274c3b (Mono JIT Code) UnityEngine.TestRunner.NUnitExtensions.Runner.UnityLogCheckDelegatingCommand:Execute (NUnit.Framework.Internal.ITestExecutionContext) (at ./Library/PackageCache/com.unity.test-framework@40e262928427/UnityEngine.TestRunner/NUnitExtensions/Runner/UnityLogCheckDelegatingCommand.cs:24)
0x000001e9aa273c19 (Mono JIT Code) UnityEngine.TestRunner.NUnitExtensions.Runner.UnityLogCheckDelegatingCommand/<ExecuteEnumerable>d__3:MoveNext () (at ./Library/PackageCache/com.unity.test-framework@40e262928427/UnityEngine.TestRunner/NUnitExtensions/Runner/UnityLogCheckDelegatingCommand.cs:35)
0x000001e9aa251e01 (Mono JIT Code) UnityEngine.TestTools.BeforeAfterTestCommandBase`1/<ExecuteEnumerable>d__16<T_REF>:MoveNext () (at ./Library/PackageCache/com.unity.test-framework@40e262928427/UnityEngine.TestRunner/NUnitExtensions/Commands/BeforeAfterTestCommandBase.cs:212)
0x000001e9aa272fb6 (Mono JIT Code) UnityEngine.TestTools.ImmediateEnumerableCommand:Execute (NUnit.Framework.Internal.ITestExecutionContext) (at ./Library/PackageCache/com.unity.test-framework@40e262928427/UnityEngine.TestRunner/NUnitExtensions/Commands/ImmediateEnumerableCommand.cs:18)
0x000001e9aa251f01 (Mono JIT Code) UnityEngine.TestTools.BeforeAfterTestCommandBase`1/<ExecuteEnumerable>d__16<T_REF>:MoveNext () (at ./Library/PackageCache/com.unity.test-framework@40e262928427/UnityEngine.TestRunner/NUnitExtensions/Commands/BeforeAfterTestCommandBase.cs:219)
0x000001e9aa251e01 (Mono JIT Code) UnityEngine.TestTools.BeforeAfterTestCommandBase`1/<ExecuteEnumerable>d__16<T_REF>:MoveNext () (at ./Library/PackageCache/com.unity.test-framework@40e262928427/UnityEngine.TestRunner/NUnitExtensions/Commands/BeforeAfterTestCommandBase.cs:212)
0x000001e9aa251e01 (Mono JIT Code) UnityEngine.TestTools.BeforeAfterTestCommandBase`1/<ExecuteEnumerable>d__16<T_REF>:MoveNext () (at ./Library/PackageCache/com.unity.test-framework@40e262928427/UnityEngine.TestRunner/NUnitExtensions/Commands/BeforeAfterTestCommandBase.cs:212)
0x000001e9aa26b457 (Mono JIT Code) UnityEngine.TestTools.RetryCommand/<ExecuteEnumerable>d__2:MoveNext () (at ./Library/PackageCache/com.unity.test-framework@40e262928427/UnityEngine.TestRunner/NUnitExtensions/Commands/RetryCommand.cs:37)
0x000001e9aa269f2f (Mono JIT Code) UnityEngine.TestTools.RepeatCommand/<ExecuteEnumerable>d__2:MoveNext () (at ./Library/PackageCache/com.unity.test-framework@40e262928427/UnityEngine.TestRunner/NUnitExtensions/Commands/RepeatCommand.cs:36)
0x000001e9aa268fa6 (Mono JIT Code) UnityEngine.TestTools.IgnoreTestCommand/<ExecuteEnumerable>d__3:MoveNext () (at ./Library/PackageCache/com.unity.test-framework@40e262928427/UnityEngine.TestRunner/NUnitExtensions/Commands/IgnoreTestCommand.cs:42)
0x000001e9aa267c7f (Mono JIT Code) UnityEngine.TestTools.StrictCheckCommand/<ExecuteEnumerable>d__2:MoveNext () (at ./Library/PackageCache/com.unity.test-framework@40e262928427/UnityEngine.TestRunner/NUnitExtensions/Commands/StrictCheckCommand.cs:29)
0x000001e9aa266fe1 (Mono JIT Code) UnityEngine.TestRunner.NUnitExtensions.Runner.DefaultTestWorkItem/<PerformWork>d__2:MoveNext () (at ./Library/PackageCache/com.unity.test-framework@40e262928427/UnityEngine.TestRunner/NUnitExtensions/Runner/DefaultTestWorkItem.cs:50)
0x000001e9aa255e12 (Mono JIT Code) UnityEngine.TestRunner.NUnitExtensions.Runner.CompositeWorkItem/<RunChildren>d__17:MoveNext () (at ./Library/PackageCache/com.unity.test-framework@40e262928427/UnityEngine.TestRunner/NUnitExtensions/Runner/CompositeWorkItem.cs:207)
0x000001e9aa247756 (Mono JIT Code) UnityEngine.TestRunner.NUnitExtensions.Runner.CompositeWorkItem/<PerformWork>d__13:MoveNext () (at ./Library/PackageCache/com.unity.test-framework@40e262928427/UnityEngine.TestRunner/NUnitExtensions/Runner/CompositeWorkItem.cs:82)
0x000001e9aa255e12 (Mono JIT Code) UnityEngine.TestRunner.NUnitExtensions.Runner.CompositeWorkItem/<RunChildren>d__17:MoveNext () (at ./Library/PackageCache/com.unity.test-framework@40e262928427/UnityEngine.TestRunner/NUnitExtensions/Runner/CompositeWorkItem.cs:207)
0x000001e9aa247756 (Mono JIT Code) UnityEngine.TestRunner.NUnitExtensions.Runner.CompositeWorkItem/<PerformWork>d__13:MoveNext () (at ./Library/PackageCache/com.unity.test-framework@40e262928427/UnityEngine.TestRunner/NUnitExtensions/Runner/CompositeWorkItem.cs:82)
0x000001e9aa255e12 (Mono JIT Code) UnityEngine.TestRunner.NUnitExtensions.Runner.CompositeWorkItem/<RunChildren>d__17:MoveNext () (at ./Library/PackageCache/com.unity.test-framework@40e262928427/UnityEngine.TestRunner/NUnitExtensions/Runner/CompositeWorkItem.cs:207)
0x000001e9aa247756 (Mono JIT Code) UnityEngine.TestRunner.NUnitExtensions.Runner.CompositeWorkItem/<PerformWork>d__13:MoveNext () (at ./Library/PackageCache/com.unity.test-framework@40e262928427/UnityEngine.TestRunner/NUnitExtensions/Runner/CompositeWorkItem.cs:82)
0x000001e9aa245fcc (Mono JIT Code) UnityEditor.TestTools.TestRunner.EditModeRunner:MoveNextAndUpdateYieldObject () (at ./Library/PackageCache/com.unity.test-framework@40e262928427/UnityEditor.TestRunner/TestRunner/EditModeRunner.cs:167)
0x000001e9aa245b7b (Mono JIT Code) UnityEditor.TestTools.TestRunner.EditModeRunner:TestConsumer (UnityEditor.TestTools.TestRunner.TestRunnerStateSerializer) (at ./Library/PackageCache/com.unity.test-framework@40e262928427/UnityEditor.TestRunner/TestRunner/EditModeRunner.cs:200)
0x000001e9aa23c173 (Mono JIT Code) UnityEditor.TestTools.TestRunner.TestRun.Tasks.EditModeRunTask/<Execute>d__1:MoveNext () (at ./Library/PackageCache/com.unity.test-framework@40e262928427/UnityEditor.TestRunner/TestRun/Tasks/EditModeRunTask.cs:48)
0x000001e977129d5e (Mono JIT Code) UnityEditor.TestTools.TestRunner.TestRun.TestJobRunner:ExecuteStep () (at ./Library/PackageCache/com.unity.test-framework@40e262928427/UnityEditor.TestRunner/TestRun/TestJobRunner.cs:173)
0x000001e977128953 (Mono JIT Code) UnityEditor.TestTools.TestRunner.TestRun.TestJobRunner:ExecuteCallback () (at ./Library/PackageCache/com.unity.test-framework@40e262928427/UnityEditor.TestRunner/TestRun/TestJobRunner.cs:108)
0x000001e99df821b8 (Mono JIT Code) UnityEditor.EditorApplication:Internal_CallUpdateFunctions ()
0x000001e8e6514785 (Mono JIT Code) (wrapper runtime-invoke) object:runtime_invoke_void (object,intptr,intptr,intptr)
0x00007fff3fd16e7e (mono-2.0-bdwgc) mono_jit_runtime_invoke (at C:/build/output/Unity-Technologies/mono/mono/mini/mini-runtime.c:3445)
0x00007fff3fc58874 (mono-2.0-bdwgc) do_runtime_invoke (at C:/build/output/Unity-Technologies/mono/mono/metadata/object.c:3068)
0x00007fff3fc58960 (mono-2.0-bdwgc) mono_runtime_invoke (at C:/build/output/Unity-Technologies/mono/mono/metadata/object.c:3115)
0x00007fff38e4cea4 (Unity) scripting_method_invoke
0x00007fff38e25433 (Unity) ScriptingInvocation::Invoke
0x00007fff38e20b35 (Unity) ScriptingInvocation::Invoke<void>
0x00007fff38f8b4bb (Unity) Scripting::UnityEditor::EditorApplicationProxy::Internal_CallUpdateFunctions
0x00007fff3a07e0e4 (Unity) SceneTracker::Update
0x00007fff39be1247 (Unity) Application::TickTimer
0x00007fff3a1b25ac (Unity) MainMessageLoop
0x00007fff3a1b9d1c (Unity) UnityMain
0x00007ff68b302f2a (Unity) __scrt_common_main_seh
0x00007fffddade8d7 (KERNEL32) BaseThreadInitThunk
0x00007fffde88c53c (ntdll) RtlUserThreadStart

[MouseTracker] PlayerInputHandler not found. Mouse compensation will be disabled.
0x00007fff38f222ae (Unity) StackWalker::ShowCallstack
0x00007fff38f31ee9 (Unity) PlatformStacktrace::GetStacktrace
0x00007fff3a1ac04e (Unity) Stacktrace::GetStacktrace
0x00007fff3a7859df (Unity) DebugStringToFile
0x00007fff37fd2930 (Unity) DebugLogHandler_CUSTOM_Internal_Log
0x000001e9766cbd3e (Mono JIT Code) (wrapper managed-to-native) UnityEngine.DebugLogHandler:Internal_Log_Injected (UnityEngine.LogType,UnityEngine.LogOption,UnityEngine.Bindings.ManagedSpanWrapper&,intptr)
0x000001e9766cbb43 (Mono JIT Code) UnityEngine.DebugLogHandler:Internal_Log (UnityEngine.LogType,UnityEngine.LogOption,string,UnityEngine.Object)
0x000001e9766cb7fb (Mono JIT Code) UnityEngine.DebugLogHandler:LogFormat (UnityEngine.LogType,UnityEngine.Object,string,object[])
0x000001e9766ca6ae (Mono JIT Code) UnityEngine.Logger:Log (UnityEngine.LogType,object)
0x000001e9aa2b404d (Mono JIT Code) UnityEngine.Debug:LogWarning (object)
0x000001e9aa2b33ab (Mono JIT Code) MouseTracker:Initialize (RecoilSystem) (at C:/Users/Ubuntu/Desktop/_DEV/AFFECT-2025-10-11/Assets/_SCRIPTS/_PLAYER/Recoil/MouseTracker.cs:80)
0x000001e976d36246 (Mono JIT Code) RecoilSystem:InitializeModules () (at C:/Users/Ubuntu/Desktop/_DEV/AFFECT-2025-10-11/Assets/_SCRIPTS/_PLAYER/Recoil/RecoilSystem.cs:203)
0x000001e976d33eb3 (Mono JIT Code) RecoilSystem:Initialize () (at C:/Users/Ubuntu/Desktop/_DEV/AFFECT-2025-10-11/Assets/_SCRIPTS/_PLAYER/Recoil/RecoilSystem.cs:165)
0x000001e976d333a3 (Mono JIT Code) RecoilSystem:ForceInitializeForTesting () (at C:/Users/Ubuntu/Desktop/_DEV/AFFECT-2025-10-11/Assets/_SCRIPTS/_PLAYER/Recoil/RecoilSystem.cs:632)
0x000001e976d3c213 (Mono JIT Code) RecoilSystemProperties:Property13_GracefulModuleDegradation () (at C:/Users/Ubuntu/Desktop/_DEV/AFFECT-2025-10-11/Assets/_SCRIPTS/Editor/Properties/RecoilSystemProperties.cs:269)
0x000001e9aa264548 (Mono JIT Code) (wrapper runtime-invoke) object:runtime_invoke_void__this__ (object,intptr,intptr,intptr)
0x00007fff3fd16e7e (mono-2.0-bdwgc) mono_jit_runtime_invoke (at C:/build/output/Unity-Technologies/mono/mono/mini/mini-runtime.c:3445)
0x00007fff3fc58874 (mono-2.0-bdwgc) do_runtime_invoke (at C:/build/output/Unity-Technologies/mono/mono/metadata/object.c:3068)
0x00007fff3fc5f926 (mono-2.0-bdwgc) mono_runtime_try_invoke_array (at C:/build/output/Unity-Technologies/mono/mono/metadata/object.c:5774)
0x00007fff3fb91b81 (mono-2.0-bdwgc) ves_icall_InternalInvoke (at C:/build/output/Unity-Technologies/mono/mono/metadata/icall.c:4038)
0x00007fff3fbb7e31 (mono-2.0-bdwgc) ves_icall_InternalInvoke_raw (at C:/build/output/Unity-Technologies/mono/mono/metadata/icall-def.h:692)
0x000001e8e22b0f92 (Mono JIT Code) (wrapper managed-to-native) System.Reflection.RuntimeMethodInfo:InternalInvoke (System.Reflection.RuntimeMethodInfo,object,object[],System.Exception&)
0x000001e8e3c7ea73 (Mono JIT Code) System.Reflection.RuntimeMethodInfo:Invoke (object,System.Reflection.BindingFlags,System.Reflection.Binder,object[],System.Globalization.CultureInfo)
0x000001e8db9555ef (Mono JIT Code) System.Reflection.MethodBase:Invoke (object,object[])
0x000001e9aa26e783 (Mono JIT Code) NUnit.Framework.Internal.Reflect:InvokeMethod (System.Reflection.MethodInfo,object,object[])
0x000001e9aa2760ab (Mono JIT Code) NUnit.Framework.Internal.MethodWrapper:Invoke (object,object[])
0x000001e9aa275f8a (Mono JIT Code) NUnit.Framework.Internal.Commands.TestMethodCommand:RunNonAsyncTestMethod (NUnit.Framework.Internal.ITestExecutionContext)
0x000001e9aa275dd3 (Mono JIT Code) NUnit.Framework.Internal.Commands.TestMethodCommand:RunTestMethod (NUnit.Framework.Internal.ITestExecutionContext)
0x000001e9aa275973 (Mono JIT Code) NUnit.Framework.Internal.Commands.TestMethodCommand:Execute (NUnit.Framework.Internal.ITestExecutionContext)
0x000001e9aa27556b (Mono JIT Code) UnityEngine.TestTools.UnityTestMethodCommand:Execute (NUnit.Framework.Internal.ITestExecutionContext) (at ./Library/PackageCache/com.unity.test-framework@40e262928427/UnityEngine.TestRunner/NUnitExtensions/Commands/UnityTestMethodCommand.cs:19)
0x000001e9aa2752fb (Mono JIT Code) UnityEngine.TestRunner.NUnitExtensions.Runner.UnityLogCheckDelegatingCommand/<>c__DisplayClass2_0:<Execute>b__0 () (at ./Library/PackageCache/com.unity.test-framework@40e262928427/UnityEngine.TestRunner/NUnitExtensions/Runner/UnityLogCheckDelegatingCommand.cs:24)
0x000001e9aa275123 (Mono JIT Code) UnityEngine.TestRunner.NUnitExtensions.Runner.UnityLogCheckDelegatingCommand:CaptureException (NUnit.Framework.Internal.TestResult,System.Action) (at ./Library/PackageCache/com.unity.test-framework@40e262928427/UnityEngine.TestRunner/NUnitExtensions/Runner/UnityLogCheckDelegatingCommand.cs:72)
0x000001e9aa274fb3 (Mono JIT Code) UnityEngine.TestRunner.NUnitExtensions.Runner.UnityLogCheckDelegatingCommand:ExecuteAndCheckLog (UnityEngine.TestTools.Logging.LogScope,NUnit.Framework.Internal.TestResult,System.Action) (at ./Library/PackageCache/com.unity.test-framework@40e262928427/UnityEngine.TestRunner/NUnitExtensions/Runner/UnityLogCheckDelegatingCommand.cs:83)
0x000001e9aa274c3b (Mono JIT Code) UnityEngine.TestRunner.NUnitExtensions.Runner.UnityLogCheckDelegatingCommand:Execute (NUnit.Framework.Internal.ITestExecutionContext) (at ./Library/PackageCache/com.unity.test-framework@40e262928427/UnityEngine.TestRunner/NUnitExtensions/Runner/UnityLogCheckDelegatingCommand.cs:24)
0x000001e9aa273c19 (Mono JIT Code) UnityEngine.TestRunner.NUnitExtensions.Runner.UnityLogCheckDelegatingCommand/<ExecuteEnumerable>d__3:MoveNext () (at ./Library/PackageCache/com.unity.test-framework@40e262928427/UnityEngine.TestRunner/NUnitExtensions/Runner/UnityLogCheckDelegatingCommand.cs:35)
0x000001e9aa251e01 (Mono JIT Code) UnityEngine.TestTools.BeforeAfterTestCommandBase`1/<ExecuteEnumerable>d__16<T_REF>:MoveNext () (at ./Library/PackageCache/com.unity.test-framework@40e262928427/UnityEngine.TestRunner/NUnitExtensions/Commands/BeforeAfterTestCommandBase.cs:212)
0x000001e9aa272fb6 (Mono JIT Code) UnityEngine.TestTools.ImmediateEnumerableCommand:Execute (NUnit.Framework.Internal.ITestExecutionContext) (at ./Library/PackageCache/com.unity.test-framework@40e262928427/UnityEngine.TestRunner/NUnitExtensions/Commands/ImmediateEnumerableCommand.cs:18)
0x000001e9aa251f01 (Mono JIT Code) UnityEngine.TestTools.BeforeAfterTestCommandBase`1/<ExecuteEnumerable>d__16<T_REF>:MoveNext () (at ./Library/PackageCache/com.unity.test-framework@40e262928427/UnityEngine.TestRunner/NUnitExtensions/Commands/BeforeAfterTestCommandBase.cs:219)
0x000001e9aa251e01 (Mono JIT Code) UnityEngine.TestTools.BeforeAfterTestCommandBase`1/<ExecuteEnumerable>d__16<T_REF>:MoveNext () (at ./Library/PackageCache/com.unity.test-framework@40e262928427/UnityEngine.TestRunner/NUnitExtensions/Commands/BeforeAfterTestCommandBase.cs:212)
0x000001e9aa251e01 (Mono JIT Code) UnityEngine.TestTools.BeforeAfterTestCommandBase`1/<ExecuteEnumerable>d__16<T_REF>:MoveNext () (at ./Library/PackageCache/com.unity.test-framework@40e262928427/UnityEngine.TestRunner/NUnitExtensions/Commands/BeforeAfterTestCommandBase.cs:212)
0x000001e9aa26b457 (Mono JIT Code) UnityEngine.TestTools.RetryCommand/<ExecuteEnumerable>d__2:MoveNext () (at ./Library/PackageCache/com.unity.test-framework@40e262928427/UnityEngine.TestRunner/NUnitExtensions/Commands/RetryCommand.cs:37)
0x000001e9aa269f2f (Mono JIT Code) UnityEngine.TestTools.RepeatCommand/<ExecuteEnumerable>d__2:MoveNext () (at ./Library/PackageCache/com.unity.test-framework@40e262928427/UnityEngine.TestRunner/NUnitExtensions/Commands/RepeatCommand.cs:36)
0x000001e9aa268fa6 (Mono JIT Code) UnityEngine.TestTools.IgnoreTestCommand/<ExecuteEnumerable>d__3:MoveNext () (at ./Library/PackageCache/com.unity.test-framework@40e262928427/UnityEngine.TestRunner/NUnitExtensions/Commands/IgnoreTestCommand.cs:42)
0x000001e9aa267c7f (Mono JIT Code) UnityEngine.TestTools.StrictCheckCommand/<ExecuteEnumerable>d__2:MoveNext () (at ./Library/PackageCache/com.unity.test-framework@40e262928427/UnityEngine.TestRunner/NUnitExtensions/Commands/StrictCheckCommand.cs:29)
0x000001e9aa266fe1 (Mono JIT Code) UnityEngine.TestRunner.NUnitExtensions.Runner.DefaultTestWorkItem/<PerformWork>d__2:MoveNext () (at ./Library/PackageCache/com.unity.test-framework@40e262928427/UnityEngine.TestRunner/NUnitExtensions/Runner/DefaultTestWorkItem.cs:50)
0x000001e9aa255e12 (Mono JIT Code) UnityEngine.TestRunner.NUnitExtensions.Runner.CompositeWorkItem/<RunChildren>d__17:MoveNext () (at ./Library/PackageCache/com.unity.test-framework@40e262928427/UnityEngine.TestRunner/NUnitExtensions/Runner/CompositeWorkItem.cs:207)
0x000001e9aa247756 (Mono JIT Code) UnityEngine.TestRunner.NUnitExtensions.Runner.CompositeWorkItem/<PerformWork>d__13:MoveNext () (at ./Library/PackageCache/com.unity.test-framework@40e262928427/UnityEngine.TestRunner/NUnitExtensions/Runner/CompositeWorkItem.cs:82)
0x000001e9aa255e12 (Mono JIT Code) UnityEngine.TestRunner.NUnitExtensions.Runner.CompositeWorkItem/<RunChildren>d__17:MoveNext () (at ./Library/PackageCache/com.unity.test-framework@40e262928427/UnityEngine.TestRunner/NUnitExtensions/Runner/CompositeWorkItem.cs:207)
0x000001e9aa247756 (Mono JIT Code) UnityEngine.TestRunner.NUnitExtensions.Runner.CompositeWorkItem/<PerformWork>d__13:MoveNext () (at ./Library/PackageCache/com.unity.test-framework@40e262928427/UnityEngine.TestRunner/NUnitExtensions/Runner/CompositeWorkItem.cs:82)
0x000001e9aa255e12 (Mono JIT Code) UnityEngine.TestRunner.NUnitExtensions.Runner.CompositeWorkItem/<RunChildren>d__17:MoveNext () (at ./Library/PackageCache/com.unity.test-framework@40e262928427/UnityEngine.TestRunner/NUnitExtensions/Runner/CompositeWorkItem.cs:207)
0x000001e9aa247756 (Mono JIT Code) UnityEngine.TestRunner.NUnitExtensions.Runner.CompositeWorkItem/<PerformWork>d__13:MoveNext () (at ./Library/PackageCache/com.unity.test-framework@40e262928427/UnityEngine.TestRunner/NUnitExtensions/Runner/CompositeWorkItem.cs:82)
0x000001e9aa245fcc (Mono JIT Code) UnityEditor.TestTools.TestRunner.EditModeRunner:MoveNextAndUpdateYieldObject () (at ./Library/PackageCache/com.unity.test-framework@40e262928427/UnityEditor.TestRunner/TestRunner/EditModeRunner.cs:167)
0x000001e9aa245b7b (Mono JIT Code) UnityEditor.TestTools.TestRunner.EditModeRunner:TestConsumer (UnityEditor.TestTools.TestRunner.TestRunnerStateSerializer) (at ./Library/PackageCache/com.unity.test-framework@40e262928427/UnityEditor.TestRunner/TestRunner/EditModeRunner.cs:200)
0x000001e9aa23c173 (Mono JIT Code) UnityEditor.TestTools.TestRunner.TestRun.Tasks.EditModeRunTask/<Execute>d__1:MoveNext () (at ./Library/PackageCache/com.unity.test-framework@40e262928427/UnityEditor.TestRunner/TestRun/Tasks/EditModeRunTask.cs:48)
0x000001e977129d5e (Mono JIT Code) UnityEditor.TestTools.TestRunner.TestRun.TestJobRunner:ExecuteStep () (at ./Library/PackageCache/com.unity.test-framework@40e262928427/UnityEditor.TestRunner/TestRun/TestJobRunner.cs:173)
0x000001e977128953 (Mono JIT Code) UnityEditor.TestTools.TestRunner.TestRun.TestJobRunner:ExecuteCallback () (at ./Library/PackageCache/com.unity.test-framework@40e262928427/UnityEditor.TestRunner/TestRun/TestJobRunner.cs:108)
0x000001e99df821b8 (Mono JIT Code) UnityEditor.EditorApplication:Internal_CallUpdateFunctions ()
0x000001e8e6514785 (Mono JIT Code) (wrapper runtime-invoke) object:runtime_invoke_void (object,intptr,intptr,intptr)
0x00007fff3fd16e7e (mono-2.0-bdwgc) mono_jit_runtime_invoke (at C:/build/output/Unity-Technologies/mono/mono/mini/mini-runtime.c:3445)
0x00007fff3fc58874 (mono-2.0-bdwgc) do_runtime_invoke (at C:/build/output/Unity-Technologies/mono/mono/metadata/object.c:3068)
0x00007fff3fc58960 (mono-2.0-bdwgc) mono_runtime_invoke (at C:/build/output/Unity-Technologies/mono/mono/metadata/object.c:3115)
0x00007fff38e4cea4 (Unity) scripting_method_invoke
0x00007fff38e25433 (Unity) ScriptingInvocation::Invoke
0x00007fff38e20b35 (Unity) ScriptingInvocation::Invoke<void>
0x00007fff38f8b4bb (Unity) Scripting::UnityEditor::EditorApplicationProxy::Internal_CallUpdateFunctions
0x00007fff3a07e0e4 (Unity) SceneTracker::Update
0x00007fff39be1247 (Unity) Application::TickTimer
0x00007fff3a1b25ac (Unity) MainMessageLoop
0x00007fff3a1b9d1c (Unity) UnityMain
0x00007ff68b302f2a (Unity) __scrt_common_main_seh
0x00007fffddade8d7 (KERNEL32) BaseThreadInitThunk
0x00007fffde88c53c (ntdll) RtlUserThreadStart

[MouseTracker] PlayerInputHandler not found. Mouse compensation will be disabled.
0x00007fff38f222ae (Unity) StackWalker::ShowCallstack
0x00007fff38f31ee9 (Unity) PlatformStacktrace::GetStacktrace
0x00007fff3a1ac04e (Unity) Stacktrace::GetStacktrace
0x00007fff3a7859df (Unity) DebugStringToFile
0x00007fff37fd2930 (Unity) DebugLogHandler_CUSTOM_Internal_Log
0x000001e9766cbd3e (Mono JIT Code) (wrapper managed-to-native) UnityEngine.DebugLogHandler:Internal_Log_Injected (UnityEngine.LogType,UnityEngine.LogOption,UnityEngine.Bindings.ManagedSpanWrapper&,intptr)
0x000001e9766cbb43 (Mono JIT Code) UnityEngine.DebugLogHandler:Internal_Log (UnityEngine.LogType,UnityEngine.LogOption,string,UnityEngine.Object)
0x000001e9766cb7fb (Mono JIT Code) UnityEngine.DebugLogHandler:LogFormat (UnityEngine.LogType,UnityEngine.Object,string,object[])
0x000001e9766ca6ae (Mono JIT Code) UnityEngine.Logger:Log (UnityEngine.LogType,object)
0x000001e9aa2b404d (Mono JIT Code) UnityEngine.Debug:LogWarning (object)
0x000001e9aa2b33ab (Mono JIT Code) MouseTracker:Initialize (RecoilSystem) (at C:/Users/Ubuntu/Desktop/_DEV/AFFECT-2025-10-11/Assets/_SCRIPTS/_PLAYER/Recoil/MouseTracker.cs:80)
0x000001e976d36246 (Mono JIT Code) RecoilSystem:InitializeModules () (at C:/Users/Ubuntu/Desktop/_DEV/AFFECT-2025-10-11/Assets/_SCRIPTS/_PLAYER/Recoil/RecoilSystem.cs:203)
0x000001e976d33eb3 (Mono JIT Code) RecoilSystem:Initialize () (at C:/Users/Ubuntu/Desktop/_DEV/AFFECT-2025-10-11/Assets/_SCRIPTS/_PLAYER/Recoil/RecoilSystem.cs:165)
0x000001e976d333a3 (Mono JIT Code) RecoilSystem:ForceInitializeForTesting () (at C:/Users/Ubuntu/Desktop/_DEV/AFFECT-2025-10-11/Assets/_SCRIPTS/_PLAYER/Recoil/RecoilSystem.cs:632)
0x000001e976d3c213 (Mono JIT Code) RecoilSystemProperties:Property13_GracefulModuleDegradation () (at C:/Users/Ubuntu/Desktop/_DEV/AFFECT-2025-10-11/Assets/_SCRIPTS/Editor/Properties/RecoilSystemProperties.cs:269)
0x000001e9aa264548 (Mono JIT Code) (wrapper runtime-invoke) object:runtime_invoke_void__this__ (object,intptr,intptr,intptr)
0x00007fff3fd16e7e (mono-2.0-bdwgc) mono_jit_runtime_invoke (at C:/build/output/Unity-Technologies/mono/mono/mini/mini-runtime.c:3445)
0x00007fff3fc58874 (mono-2.0-bdwgc) do_runtime_invoke (at C:/build/output/Unity-Technologies/mono/mono/metadata/object.c:3068)
0x00007fff3fc5f926 (mono-2.0-bdwgc) mono_runtime_try_invoke_array (at C:/build/output/Unity-Technologies/mono/mono/metadata/object.c:5774)
0x00007fff3fb91b81 (mono-2.0-bdwgc) ves_icall_InternalInvoke (at C:/build/output/Unity-Technologies/mono/mono/metadata/icall.c:4038)
0x00007fff3fbb7e31 (mono-2.0-bdwgc) ves_icall_InternalInvoke_raw (at C:/build/output/Unity-Technologies/mono/mono/metadata/icall-def.h:692)
0x000001e8e22b0f92 (Mono JIT Code) (wrapper managed-to-native) System.Reflection.RuntimeMethodInfo:InternalInvoke (System.Reflection.RuntimeMethodInfo,object,object[],System.Exception&)
0x000001e8e3c7ea73 (Mono JIT Code) System.Reflection.RuntimeMethodInfo:Invoke (object,System.Reflection.BindingFlags,System.Reflection.Binder,object[],System.Globalization.CultureInfo)
0x000001e8db9555ef (Mono JIT Code) System.Reflection.MethodBase:Invoke (object,object[])
0x000001e9aa26e783 (Mono JIT Code) NUnit.Framework.Internal.Reflect:InvokeMethod (System.Reflection.MethodInfo,object,object[])
0x000001e9aa2760ab (Mono JIT Code) NUnit.Framework.Internal.MethodWrapper:Invoke (object,object[])
0x000001e9aa275f8a (Mono JIT Code) NUnit.Framework.Internal.Commands.TestMethodCommand:RunNonAsyncTestMethod (NUnit.Framework.Internal.ITestExecutionContext)
0x000001e9aa275dd3 (Mono JIT Code) NUnit.Framework.Internal.Commands.TestMethodCommand:RunTestMethod (NUnit.Framework.Internal.ITestExecutionContext)
0x000001e9aa275973 (Mono JIT Code) NUnit.Framework.Internal.Commands.TestMethodCommand:Execute (NUnit.Framework.Internal.ITestExecutionContext)
0x000001e9aa27556b (Mono JIT Code) UnityEngine.TestTools.UnityTestMethodCommand:Execute (NUnit.Framework.Internal.ITestExecutionContext) (at ./Library/PackageCache/com.unity.test-framework@40e262928427/UnityEngine.TestRunner/NUnitExtensions/Commands/UnityTestMethodCommand.cs:19)
0x000001e9aa2752fb (Mono JIT Code) UnityEngine.TestRunner.NUnitExtensions.Runner.UnityLogCheckDelegatingCommand/<>c__DisplayClass2_0:<Execute>b__0 () (at ./Library/PackageCache/com.unity.test-framework@40e262928427/UnityEngine.TestRunner/NUnitExtensions/Runner/UnityLogCheckDelegatingCommand.cs:24)
0x000001e9aa275123 (Mono JIT Code) UnityEngine.TestRunner.NUnitExtensions.Runner.UnityLogCheckDelegatingCommand:CaptureException (NUnit.Framework.Internal.TestResult,System.Action) (at ./Library/PackageCache/com.unity.test-framework@40e262928427/UnityEngine.TestRunner/NUnitExtensions/Runner/UnityLogCheckDelegatingCommand.cs:72)
0x000001e9aa274fb3 (Mono JIT Code) UnityEngine.TestRunner.NUnitExtensions.Runner.UnityLogCheckDelegatingCommand:ExecuteAndCheckLog (UnityEngine.TestTools.Logging.LogScope,NUnit.Framework.Internal.TestResult,System.Action) (at ./Library/PackageCache/com.unity.test-framework@40e262928427/UnityEngine.TestRunner/NUnitExtensions/Runner/UnityLogCheckDelegatingCommand.cs:83)
0x000001e9aa274c3b (Mono JIT Code) UnityEngine.TestRunner.NUnitExtensions.Runner.UnityLogCheckDelegatingCommand:Execute (NUnit.Framework.Internal.ITestExecutionContext) (at ./Library/PackageCache/com.unity.test-framework@40e262928427/UnityEngine.TestRunner/NUnitExtensions/Runner/UnityLogCheckDelegatingCommand.cs:24)
0x000001e9aa273c19 (Mono JIT Code) UnityEngine.TestRunner.NUnitExtensions.Runner.UnityLogCheckDelegatingCommand/<ExecuteEnumerable>d__3:MoveNext () (at ./Library/PackageCache/com.unity.test-framework@40e262928427/UnityEngine.TestRunner/NUnitExtensions/Runner/UnityLogCheckDelegatingCommand.cs:35)
0x000001e9aa251e01 (Mono JIT Code) UnityEngine.TestTools.BeforeAfterTestCommandBase`1/<ExecuteEnumerable>d__16<T_REF>:MoveNext () (at ./Library/PackageCache/com.unity.test-framework@40e262928427/UnityEngine.TestRunner/NUnitExtensions/Commands/BeforeAfterTestCommandBase.cs:212)
0x000001e9aa272fb6 (Mono JIT Code) UnityEngine.TestTools.ImmediateEnumerableCommand:Execute (NUnit.Framework.Internal.ITestExecutionContext) (at ./Library/PackageCache/com.unity.test-framework@40e262928427/UnityEngine.TestRunner/NUnitExtensions/Commands/ImmediateEnumerableCommand.cs:18)
0x000001e9aa251f01 (Mono JIT Code) UnityEngine.TestTools.BeforeAfterTestCommandBase`1/<ExecuteEnumerable>d__16<T_REF>:MoveNext () (at ./Library/PackageCache/com.unity.test-framework@40e262928427/UnityEngine.TestRunner/NUnitExtensions/Commands/BeforeAfterTestCommandBase.cs:219)
0x000001e9aa251e01 (Mono JIT Code) UnityEngine.TestTools.BeforeAfterTestCommandBase`1/<ExecuteEnumerable>d__16<T_REF>:MoveNext () (at ./Library/PackageCache/com.unity.test-framework@40e262928427/UnityEngine.TestRunner/NUnitExtensions/Commands/BeforeAfterTestCommandBase.cs:212)
0x000001e9aa251e01 (Mono JIT Code) UnityEngine.TestTools.BeforeAfterTestCommandBase`1/<ExecuteEnumerable>d__16<T_REF>:MoveNext () (at ./Library/PackageCache/com.unity.test-framework@40e262928427/UnityEngine.TestRunner/NUnitExtensions/Commands/BeforeAfterTestCommandBase.cs:212)
0x000001e9aa26b457 (Mono JIT Code) UnityEngine.TestTools.RetryCommand/<ExecuteEnumerable>d__2:MoveNext () (at ./Library/PackageCache/com.unity.test-framework@40e262928427/UnityEngine.TestRunner/NUnitExtensions/Commands/RetryCommand.cs:37)
0x000001e9aa269f2f (Mono JIT Code) UnityEngine.TestTools.RepeatCommand/<ExecuteEnumerable>d__2:MoveNext () (at ./Library/PackageCache/com.unity.test-framework@40e262928427/UnityEngine.TestRunner/NUnitExtensions/Commands/RepeatCommand.cs:36)
0x000001e9aa268fa6 (Mono JIT Code) UnityEngine.TestTools.IgnoreTestCommand/<ExecuteEnumerable>d__3:MoveNext () (at ./Library/PackageCache/com.unity.test-framework@40e262928427/UnityEngine.TestRunner/NUnitExtensions/Commands/IgnoreTestCommand.cs:42)
0x000001e9aa267c7f (Mono JIT Code) UnityEngine.TestTools.StrictCheckCommand/<ExecuteEnumerable>d__2:MoveNext () (at ./Library/PackageCache/com.unity.test-framework@40e262928427/UnityEngine.TestRunner/NUnitExtensions/Commands/StrictCheckCommand.cs:29)
0x000001e9aa266fe1 (Mono JIT Code) UnityEngine.TestRunner.NUnitExtensions.Runner.DefaultTestWorkItem/<PerformWork>d__2:MoveNext () (at ./Library/PackageCache/com.unity.test-framework@40e262928427/UnityEngine.TestRunner/NUnitExtensions/Runner/DefaultTestWorkItem.cs:50)
0x000001e9aa255e12 (Mono JIT Code) UnityEngine.TestRunner.NUnitExtensions.Runner.CompositeWorkItem/<RunChildren>d__17:MoveNext () (at ./Library/PackageCache/com.unity.test-framework@40e262928427/UnityEngine.TestRunner/NUnitExtensions/Runner/CompositeWorkItem.cs:207)
0x000001e9aa247756 (Mono JIT Code) UnityEngine.TestRunner.NUnitExtensions.Runner.CompositeWorkItem/<PerformWork>d__13:MoveNext () (at ./Library/PackageCache/com.unity.test-framework@40e262928427/UnityEngine.TestRunner/NUnitExtensions/Runner/CompositeWorkItem.cs:82)
0x000001e9aa255e12 (Mono JIT Code) UnityEngine.TestRunner.NUnitExtensions.Runner.CompositeWorkItem/<RunChildren>d__17:MoveNext () (at ./Library/PackageCache/com.unity.test-framework@40e262928427/UnityEngine.TestRunner/NUnitExtensions/Runner/CompositeWorkItem.cs:207)
0x000001e9aa247756 (Mono JIT Code) UnityEngine.TestRunner.NUnitExtensions.Runner.CompositeWorkItem/<PerformWork>d__13:MoveNext () (at ./Library/PackageCache/com.unity.test-framework@40e262928427/UnityEngine.TestRunner/NUnitExtensions/Runner/CompositeWorkItem.cs:82)
0x000001e9aa255e12 (Mono JIT Code) UnityEngine.TestRunner.NUnitExtensions.Runner.CompositeWorkItem/<RunChildren>d__17:MoveNext () (at ./Library/PackageCache/com.unity.test-framework@40e262928427/UnityEngine.TestRunner/NUnitExtensions/Runner/CompositeWorkItem.cs:207)
0x000001e9aa247756 (Mono JIT Code) UnityEngine.TestRunner.NUnitExtensions.Runner.CompositeWorkItem/<PerformWork>d__13:MoveNext () (at ./Library/PackageCache/com.unity.test-framework@40e262928427/UnityEngine.TestRunner/NUnitExtensions/Runner/CompositeWorkItem.cs:82)
0x000001e9aa245fcc (Mono JIT Code) UnityEditor.TestTools.TestRunner.EditModeRunner:MoveNextAndUpdateYieldObject () (at ./Library/PackageCache/com.unity.test-framework@40e262928427/UnityEditor.TestRunner/TestRunner/EditModeRunner.cs:167)
0x000001e9aa245b7b (Mono JIT Code) UnityEditor.TestTools.TestRunner.EditModeRunner:TestConsumer (UnityEditor.TestTools.TestRunner.TestRunnerStateSerializer) (at ./Library/PackageCache/com.unity.test-framework@40e262928427/UnityEditor.TestRunner/TestRunner/EditModeRunner.cs:200)
0x000001e9aa23c173 (Mono JIT Code) UnityEditor.TestTools.TestRunner.TestRun.Tasks.EditModeRunTask/<Execute>d__1:MoveNext () (at ./Library/PackageCache/com.unity.test-framework@40e262928427/UnityEditor.TestRunner/TestRun/Tasks/EditModeRunTask.cs:48)
0x000001e977129d5e (Mono JIT Code) UnityEditor.TestTools.TestRunner.TestRun.TestJobRunner:ExecuteStep () (at ./Library/PackageCache/com.unity.test-framework@40e262928427/UnityEditor.TestRunner/TestRun/TestJobRunner.cs:173)
0x000001e977128953 (Mono JIT Code) UnityEditor.TestTools.TestRunner.TestRun.TestJobRunner:ExecuteCallback () (at ./Library/PackageCache/com.unity.test-framework@40e262928427/UnityEditor.TestRunner/TestRun/TestJobRunner.cs:108)
0x000001e99df821b8 (Mono JIT Code) UnityEditor.EditorApplication:Internal_CallUpdateFunctions ()
0x000001e8e6514785 (Mono JIT Code) (wrapper runtime-invoke) object:runtime_invoke_void (object,intptr,intptr,intptr)
0x00007fff3fd16e7e (mono-2.0-bdwgc) mono_jit_runtime_invoke (at C:/build/output/Unity-Technologies/mono/mono/mini/mini-runtime.c:3445)
0x00007fff3fc58874 (mono-2.0-bdwgc) do_runtime_invoke (at C:/build/output/Unity-Technologies/mono/mono/metadata/object.c:3068)
0x00007fff3fc58960 (mono-2.0-bdwgc) mono_runtime_invoke (at C:/build/output/Unity-Technologies/mono/mono/metadata/object.c:3115)
0x00007fff38e4cea4 (Unity) scripting_method_invoke
0x00007fff38e25433 (Unity) ScriptingInvocation::Invoke
0x00007fff38e20b35 (Unity) ScriptingInvocation::Invoke<void>
0x00007fff38f8b4bb (Unity) Scripting::UnityEditor::EditorApplicationProxy::Internal_CallUpdateFunctions
0x00007fff3a07e0e4 (Unity) SceneTracker::Update
0x00007fff39be1247 (Unity) Application::TickTimer
0x00007fff3a1b25ac (Unity) MainMessageLoop
0x00007fff3a1b9d1c (Unity) UnityMain
0x00007ff68b302f2a (Unity) __scrt_common_main_seh
0x00007fffddade8d7 (KERNEL32) BaseThreadInitThunk
0x00007fffde88c53c (ntdll) RtlUserThreadStart

[MouseTracker] PlayerInputHandler not found. Mouse compensation will be disabled.
0x00007fff38f222ae (Unity) StackWalker::ShowCallstack
0x00007fff38f31ee9 (Unity) PlatformStacktrace::GetStacktrace
0x00007fff3a1ac04e (Unity) Stacktrace::GetStacktrace
0x00007fff3a7859df (Unity) DebugStringToFile
0x00007fff37fd2930 (Unity) DebugLogHandler_CUSTOM_Internal_Log
0x000001e9766cbd3e (Mono JIT Code) (wrapper managed-to-native) UnityEngine.DebugLogHandler:Internal_Log_Injected (UnityEngine.LogType,UnityEngine.LogOption,UnityEngine.Bindings.ManagedSpanWrapper&,intptr)
0x000001e9766cbb43 (Mono JIT Code) UnityEngine.DebugLogHandler:Internal_Log (UnityEngine.LogType,UnityEngine.LogOption,string,UnityEngine.Object)
0x000001e9766cb7fb (Mono JIT Code) UnityEngine.DebugLogHandler:LogFormat (UnityEngine.LogType,UnityEngine.Object,string,object[])
0x000001e9766ca6ae (Mono JIT Code) UnityEngine.Logger:Log (UnityEngine.LogType,object)
0x000001e9aa2b404d (Mono JIT Code) UnityEngine.Debug:LogWarning (object)
0x000001e9aa2b33ab (Mono JIT Code) MouseTracker:Initialize (RecoilSystem) (at C:/Users/Ubuntu/Desktop/_DEV/AFFECT-2025-10-11/Assets/_SCRIPTS/_PLAYER/Recoil/MouseTracker.cs:80)
0x000001e976d36246 (Mono JIT Code) RecoilSystem:InitializeModules () (at C:/Users/Ubuntu/Desktop/_DEV/AFFECT-2025-10-11/Assets/_SCRIPTS/_PLAYER/Recoil/RecoilSystem.cs:203)
0x000001e976d33eb3 (Mono JIT Code) RecoilSystem:Initialize () (at C:/Users/Ubuntu/Desktop/_DEV/AFFECT-2025-10-11/Assets/_SCRIPTS/_PLAYER/Recoil/RecoilSystem.cs:165)
0x000001e976d333a3 (Mono JIT Code) RecoilSystem:ForceInitializeForTesting () (at C:/Users/Ubuntu/Desktop/_DEV/AFFECT-2025-10-11/Assets/_SCRIPTS/_PLAYER/Recoil/RecoilSystem.cs:632)
0x000001e976d3c213 (Mono JIT Code) RecoilSystemProperties:Property13_GracefulModuleDegradation () (at C:/Users/Ubuntu/Desktop/_DEV/AFFECT-2025-10-11/Assets/_SCRIPTS/Editor/Properties/RecoilSystemProperties.cs:269)
0x000001e9aa264548 (Mono JIT Code) (wrapper runtime-invoke) object:runtime_invoke_void__this__ (object,intptr,intptr,intptr)
0x00007fff3fd16e7e (mono-2.0-bdwgc) mono_jit_runtime_invoke (at C:/build/output/Unity-Technologies/mono/mono/mini/mini-runtime.c:3445)
0x00007fff3fc58874 (mono-2.0-bdwgc) do_runtime_invoke (at C:/build/output/Unity-Technologies/mono/mono/metadata/object.c:3068)
0x00007fff3fc5f926 (mono-2.0-bdwgc) mono_runtime_try_invoke_array (at C:/build/output/Unity-Technologies/mono/mono/metadata/object.c:5774)
0x00007fff3fb91b81 (mono-2.0-bdwgc) ves_icall_InternalInvoke (at C:/build/output/Unity-Technologies/mono/mono/metadata/icall.c:4038)
0x00007fff3fbb7e31 (mono-2.0-bdwgc) ves_icall_InternalInvoke_raw (at C:/build/output/Unity-Technologies/mono/mono/metadata/icall-def.h:692)
0x000001e8e22b0f92 (Mono JIT Code) (wrapper managed-to-native) System.Reflection.RuntimeMethodInfo:InternalInvoke (System.Reflection.RuntimeMethodInfo,object,object[],System.Exception&)
0x000001e8e3c7ea73 (Mono JIT Code) System.Reflection.RuntimeMethodInfo:Invoke (object,System.Reflection.BindingFlags,System.Reflection.Binder,object[],System.Globalization.CultureInfo)
0x000001e8db9555ef (Mono JIT Code) System.Reflection.MethodBase:Invoke (object,object[])
0x000001e9aa26e783 (Mono JIT Code) NUnit.Framework.Internal.Reflect:InvokeMethod (System.Reflection.MethodInfo,object,object[])
0x000001e9aa2760ab (Mono JIT Code) NUnit.Framework.Internal.MethodWrapper:Invoke (object,object[])
0x000001e9aa275f8a (Mono JIT Code) NUnit.Framework.Internal.Commands.TestMethodCommand:RunNonAsyncTestMethod (NUnit.Framework.Internal.ITestExecutionContext)
0x000001e9aa275dd3 (Mono JIT Code) NUnit.Framework.Internal.Commands.TestMethodCommand:RunTestMethod (NUnit.Framework.Internal.ITestExecutionContext)
0x000001e9aa275973 (Mono JIT Code) NUnit.Framework.Internal.Commands.TestMethodCommand:Execute (NUnit.Framework.Internal.ITestExecutionContext)
0x000001e9aa27556b (Mono JIT Code) UnityEngine.TestTools.UnityTestMethodCommand:Execute (NUnit.Framework.Internal.ITestExecutionContext) (at ./Library/PackageCache/com.unity.test-framework@40e262928427/UnityEngine.TestRunner/NUnitExtensions/Commands/UnityTestMethodCommand.cs:19)
0x000001e9aa2752fb (Mono JIT Code) UnityEngine.TestRunner.NUnitExtensions.Runner.UnityLogCheckDelegatingCommand/<>c__DisplayClass2_0:<Execute>b__0 () (at ./Library/PackageCache/com.unity.test-framework@40e262928427/UnityEngine.TestRunner/NUnitExtensions/Runner/UnityLogCheckDelegatingCommand.cs:24)
0x000001e9aa275123 (Mono JIT Code) UnityEngine.TestRunner.NUnitExtensions.Runner.UnityLogCheckDelegatingCommand:CaptureException (NUnit.Framework.Internal.TestResult,System.Action) (at ./Library/PackageCache/com.unity.test-framework@40e262928427/UnityEngine.TestRunner/NUnitExtensions/Runner/UnityLogCheckDelegatingCommand.cs:72)
0x000001e9aa274fb3 (Mono JIT Code) UnityEngine.TestRunner.NUnitExtensions.Runner.UnityLogCheckDelegatingCommand:ExecuteAndCheckLog (UnityEngine.TestTools.Logging.LogScope,NUnit.Framework.Internal.TestResult,System.Action) (at ./Library/PackageCache/com.unity.test-framework@40e262928427/UnityEngine.TestRunner/NUnitExtensions/Runner/UnityLogCheckDelegatingCommand.cs:83)
0x000001e9aa274c3b (Mono JIT Code) UnityEngine.TestRunner.NUnitExtensions.Runner.UnityLogCheckDelegatingCommand:Execute (NUnit.Framework.Internal.ITestExecutionContext) (at ./Library/PackageCache/com.unity.test-framework@40e262928427/UnityEngine.TestRunner/NUnitExtensions/Runner/UnityLogCheckDelegatingCommand.cs:24)
0x000001e9aa273c19 (Mono JIT Code) UnityEngine.TestRunner.NUnitExtensions.Runner.UnityLogCheckDelegatingCommand/<ExecuteEnumerable>d__3:MoveNext () (at ./Library/PackageCache/com.unity.test-framework@40e262928427/UnityEngine.TestRunner/NUnitExtensions/Runner/UnityLogCheckDelegatingCommand.cs:35)
0x000001e9aa251e01 (Mono JIT Code) UnityEngine.TestTools.BeforeAfterTestCommandBase`1/<ExecuteEnumerable>d__16<T_REF>:MoveNext () (at ./Library/PackageCache/com.unity.test-framework@40e262928427/UnityEngine.TestRunner/NUnitExtensions/Commands/BeforeAfterTestCommandBase.cs:212)
0x000001e9aa272fb6 (Mono JIT Code) UnityEngine.TestTools.ImmediateEnumerableCommand:Execute (NUnit.Framework.Internal.ITestExecutionContext) (at ./Library/PackageCache/com.unity.test-framework@40e262928427/UnityEngine.TestRunner/NUnitExtensions/Commands/ImmediateEnumerableCommand.cs:18)
0x000001e9aa251f01 (Mono JIT Code) UnityEngine.TestTools.BeforeAfterTestCommandBase`1/<ExecuteEnumerable>d__16<T_REF>:MoveNext () (at ./Library/PackageCache/com.unity.test-framework@40e262928427/UnityEngine.TestRunner/NUnitExtensions/Commands/BeforeAfterTestCommandBase.cs:219)
0x000001e9aa251e01 (Mono JIT Code) UnityEngine.TestTools.BeforeAfterTestCommandBase`1/<ExecuteEnumerable>d__16<T_REF>:MoveNext () (at ./Library/PackageCache/com.unity.test-framework@40e262928427/UnityEngine.TestRunner/NUnitExtensions/Commands/BeforeAfterTestCommandBase.cs:212)
0x000001e9aa251e01 (Mono JIT Code) UnityEngine.TestTools.BeforeAfterTestCommandBase`1/<ExecuteEnumerable>d__16<T_REF>:MoveNext () (at ./Library/PackageCache/com.unity.test-framework@40e262928427/UnityEngine.TestRunner/NUnitExtensions/Commands/BeforeAfterTestCommandBase.cs:212)
0x000001e9aa26b457 (Mono JIT Code) UnityEngine.TestTools.RetryCommand/<ExecuteEnumerable>d__2:MoveNext () (at ./Library/PackageCache/com.unity.test-framework@40e262928427/UnityEngine.TestRunner/NUnitExtensions/Commands/RetryCommand.cs:37)
0x000001e9aa269f2f (Mono JIT Code) UnityEngine.TestTools.RepeatCommand/<ExecuteEnumerable>d__2:MoveNext () (at ./Library/PackageCache/com.unity.test-framework@40e262928427/UnityEngine.TestRunner/NUnitExtensions/Commands/RepeatCommand.cs:36)
0x000001e9aa268fa6 (Mono JIT Code) UnityEngine.TestTools.IgnoreTestCommand/<ExecuteEnumerable>d__3:MoveNext () (at ./Library/PackageCache/com.unity.test-framework@40e262928427/UnityEngine.TestRunner/NUnitExtensions/Commands/IgnoreTestCommand.cs:42)
0x000001e9aa267c7f (Mono JIT Code) UnityEngine.TestTools.StrictCheckCommand/<ExecuteEnumerable>d__2:MoveNext () (at ./Library/PackageCache/com.unity.test-framework@40e262928427/UnityEngine.TestRunner/NUnitExtensions/Commands/StrictCheckCommand.cs:29)
0x000001e9aa266fe1 (Mono JIT Code) UnityEngine.TestRunner.NUnitExtensions.Runner.DefaultTestWorkItem/<PerformWork>d__2:MoveNext () (at ./Library/PackageCache/com.unity.test-framework@40e262928427/UnityEngine.TestRunner/NUnitExtensions/Runner/DefaultTestWorkItem.cs:50)
0x000001e9aa255e12 (Mono JIT Code) UnityEngine.TestRunner.NUnitExtensions.Runner.CompositeWorkItem/<RunChildren>d__17:MoveNext () (at ./Library/PackageCache/com.unity.test-framework@40e262928427/UnityEngine.TestRunner/NUnitExtensions/Runner/CompositeWorkItem.cs:207)
0x000001e9aa247756 (Mono JIT Code) UnityEngine.TestRunner.NUnitExtensions.Runner.CompositeWorkItem/<PerformWork>d__13:MoveNext () (at ./Library/PackageCache/com.unity.test-framework@40e262928427/UnityEngine.TestRunner/NUnitExtensions/Runner/CompositeWorkItem.cs:82)
0x000001e9aa255e12 (Mono JIT Code) UnityEngine.TestRunner.NUnitExtensions.Runner.CompositeWorkItem/<RunChildren>d__17:MoveNext () (at ./Library/PackageCache/com.unity.test-framework@40e262928427/UnityEngine.TestRunner/NUnitExtensions/Runner/CompositeWorkItem.cs:207)
0x000001e9aa247756 (Mono JIT Code) UnityEngine.TestRunner.NUnitExtensions.Runner.CompositeWorkItem/<PerformWork>d__13:MoveNext () (at ./Library/PackageCache/com.unity.test-framework@40e262928427/UnityEngine.TestRunner/NUnitExtensions/Runner/CompositeWorkItem.cs:82)
0x000001e9aa255e12 (Mono JIT Code) UnityEngine.TestRunner.NUnitExtensions.Runner.CompositeWorkItem/<RunChildren>d__17:MoveNext () (at ./Library/PackageCache/com.unity.test-framework@40e262928427/UnityEngine.TestRunner/NUnitExtensions/Runner/CompositeWorkItem.cs:207)
0x000001e9aa247756 (Mono JIT Code) UnityEngine.TestRunner.NUnitExtensions.Runner.CompositeWorkItem/<PerformWork>d__13:MoveNext () (at ./Library/PackageCache/com.unity.test-framework@40e262928427/UnityEngine.TestRunner/NUnitExtensions/Runner/CompositeWorkItem.cs:82)
0x000001e9aa245fcc (Mono JIT Code) UnityEditor.TestTools.TestRunner.EditModeRunner:MoveNextAndUpdateYieldObject () (at ./Library/PackageCache/com.unity.test-framework@40e262928427/UnityEditor.TestRunner/TestRunner/EditModeRunner.cs:167)
0x000001e9aa245b7b (Mono JIT Code) UnityEditor.TestTools.TestRunner.EditModeRunner:TestConsumer (UnityEditor.TestTools.TestRunner.TestRunnerStateSerializer) (at ./Library/PackageCache/com.unity.test-framework@40e262928427/UnityEditor.TestRunner/TestRunner/EditModeRunner.cs:200)
0x000001e9aa23c173 (Mono JIT Code) UnityEditor.TestTools.TestRunner.TestRun.Tasks.EditModeRunTask/<Execute>d__1:MoveNext () (at ./Library/PackageCache/com.unity.test-framework@40e262928427/UnityEditor.TestRunner/TestRun/Tasks/EditModeRunTask.cs:48)
0x000001e977129d5e (Mono JIT Code) UnityEditor.TestTools.TestRunner.TestRun.TestJobRunner:ExecuteStep () (at ./Library/PackageCache/com.unity.test-framework@40e262928427/UnityEditor.TestRunner/TestRun/TestJobRunner.cs:173)
0x000001e977128953 (Mono JIT Code) UnityEditor.TestTools.TestRunner.TestRun.TestJobRunner:ExecuteCallback () (at ./Library/PackageCache/com.unity.test-framework@40e262928427/UnityEditor.TestRunner/TestRun/TestJobRunner.cs:108)
0x000001e99df821b8 (Mono JIT Code) UnityEditor.EditorApplication:Internal_CallUpdateFunctions ()
0x000001e8e6514785 (Mono JIT Code) (wrapper runtime-invoke) object:runtime_invoke_void (object,intptr,intptr,intptr)
0x00007fff3fd16e7e (mono-2.0-bdwgc) mono_jit_runtime_invoke (at C:/build/output/Unity-Technologies/mono/mono/mini/mini-runtime.c:3445)
0x00007fff3fc58874 (mono-2.0-bdwgc) do_runtime_invoke (at C:/build/output/Unity-Technologies/mono/mono/metadata/object.c:3068)
0x00007fff3fc58960 (mono-2.0-bdwgc) mono_runtime_invoke (at C:/build/output/Unity-Technologies/mono/mono/metadata/object.c:3115)
0x00007fff38e4cea4 (Unity) scripting_method_invoke
0x00007fff38e25433 (Unity) ScriptingInvocation::Invoke
0x00007fff38e20b35 (Unity) ScriptingInvocation::Invoke<void>
0x00007fff38f8b4bb (Unity) Scripting::UnityEditor::EditorApplicationProxy::Internal_CallUpdateFunctions
0x00007fff3a07e0e4 (Unity) SceneTracker::Update
0x00007fff39be1247 (Unity) Application::TickTimer
0x00007fff3a1b25ac (Unity) MainMessageLoop
0x00007fff3a1b9d1c (Unity) UnityMain
0x00007ff68b302f2a (Unity) __scrt_common_main_seh
0x00007fffddade8d7 (KERNEL32) BaseThreadInitThunk
0x00007fffde88c53c (ntdll) RtlUserThreadStart

[MouseTracker] PlayerInputHandler not found. Mouse compensation will be disabled.
0x00007fff38f222ae (Unity) StackWalker::ShowCallstack
0x00007fff38f31ee9 (Unity) PlatformStacktrace::GetStacktrace
0x00007fff3a1ac04e (Unity) Stacktrace::GetStacktrace
0x00007fff3a7859df (Unity) DebugStringToFile
0x00007fff37fd2930 (Unity) DebugLogHandler_CUSTOM_Internal_Log
0x000001e9766cbd3e (Mono JIT Code) (wrapper managed-to-native) UnityEngine.DebugLogHandler:Internal_Log_Injected (UnityEngine.LogType,UnityEngine.LogOption,UnityEngine.Bindings.ManagedSpanWrapper&,intptr)
0x000001e9766cbb43 (Mono JIT Code) UnityEngine.DebugLogHandler:Internal_Log (UnityEngine.LogType,UnityEngine.LogOption,string,UnityEngine.Object)
0x000001e9766cb7fb (Mono JIT Code) UnityEngine.DebugLogHandler:LogFormat (UnityEngine.LogType,UnityEngine.Object,string,object[])
0x000001e9766ca6ae (Mono JIT Code) UnityEngine.Logger:Log (UnityEngine.LogType,object)
0x000001e9aa2b404d (Mono JIT Code) UnityEngine.Debug:LogWarning (object)
0x000001e9aa2b33ab (Mono JIT Code) MouseTracker:Initialize (RecoilSystem) (at C:/Users/Ubuntu/Desktop/_DEV/AFFECT-2025-10-11/Assets/_SCRIPTS/_PLAYER/Recoil/MouseTracker.cs:80)
0x000001e976d36246 (Mono JIT Code) RecoilSystem:InitializeModules () (at C:/Users/Ubuntu/Desktop/_DEV/AFFECT-2025-10-11/Assets/_SCRIPTS/_PLAYER/Recoil/RecoilSystem.cs:203)
0x000001e976d33eb3 (Mono JIT Code) RecoilSystem:Initialize () (at C:/Users/Ubuntu/Desktop/_DEV/AFFECT-2025-10-11/Assets/_SCRIPTS/_PLAYER/Recoil/RecoilSystem.cs:165)
0x000001e976d333a3 (Mono JIT Code) RecoilSystem:ForceInitializeForTesting () (at C:/Users/Ubuntu/Desktop/_DEV/AFFECT-2025-10-11/Assets/_SCRIPTS/_PLAYER/Recoil/RecoilSystem.cs:632)
0x000001e976d3c213 (Mono JIT Code) RecoilSystemProperties:Property13_GracefulModuleDegradation () (at C:/Users/Ubuntu/Desktop/_DEV/AFFECT-2025-10-11/Assets/_SCRIPTS/Editor/Properties/RecoilSystemProperties.cs:269)
0x000001e9aa264548 (Mono JIT Code) (wrapper runtime-invoke) object:runtime_invoke_void__this__ (object,intptr,intptr,intptr)
0x00007fff3fd16e7e (mono-2.0-bdwgc) mono_jit_runtime_invoke (at C:/build/output/Unity-Technologies/mono/mono/mini/mini-runtime.c:3445)
0x00007fff3fc58874 (mono-2.0-bdwgc) do_runtime_invoke (at C:/build/output/Unity-Technologies/mono/mono/metadata/object.c:3068)
0x00007fff3fc5f926 (mono-2.0-bdwgc) mono_runtime_try_invoke_array (at C:/build/output/Unity-Technologies/mono/mono/metadata/object.c:5774)
0x00007fff3fb91b81 (mono-2.0-bdwgc) ves_icall_InternalInvoke (at C:/build/output/Unity-Technologies/mono/mono/metadata/icall.c:4038)
0x00007fff3fbb7e31 (mono-2.0-bdwgc) ves_icall_InternalInvoke_raw (at C:/build/output/Unity-Technologies/mono/mono/metadata/icall-def.h:692)
0x000001e8e22b0f92 (Mono JIT Code) (wrapper managed-to-native) System.Reflection.RuntimeMethodInfo:InternalInvoke (System.Reflection.RuntimeMethodInfo,object,object[],System.Exception&)
0x000001e8e3c7ea73 (Mono JIT Code) System.Reflection.RuntimeMethodInfo:Invoke (object,System.Reflection.BindingFlags,System.Reflection.Binder,object[],System.Globalization.CultureInfo)
0x000001e8db9555ef (Mono JIT Code) System.Reflection.MethodBase:Invoke (object,object[])
0x000001e9aa26e783 (Mono JIT Code) NUnit.Framework.Internal.Reflect:InvokeMethod (System.Reflection.MethodInfo,object,object[])
0x000001e9aa2760ab (Mono JIT Code) NUnit.Framework.Internal.MethodWrapper:Invoke (object,object[])
0x000001e9aa275f8a (Mono JIT Code) NUnit.Framework.Internal.Commands.TestMethodCommand:RunNonAsyncTestMethod (NUnit.Framework.Internal.ITestExecutionContext)
0x000001e9aa275dd3 (Mono JIT Code) NUnit.Framework.Internal.Commands.TestMethodCommand:RunTestMethod (NUnit.Framework.Internal.ITestExecutionContext)
0x000001e9aa275973 (Mono JIT Code) NUnit.Framework.Internal.Commands.TestMethodCommand:Execute (NUnit.Framework.Internal.ITestExecutionContext)
0x000001e9aa27556b (Mono JIT Code) UnityEngine.TestTools.UnityTestMethodCommand:Execute (NUnit.Framework.Internal.ITestExecutionContext) (at ./Library/PackageCache/com.unity.test-framework@40e262928427/UnityEngine.TestRunner/NUnitExtensions/Commands/UnityTestMethodCommand.cs:19)
0x000001e9aa2752fb (Mono JIT Code) UnityEngine.TestRunner.NUnitExtensions.Runner.UnityLogCheckDelegatingCommand/<>c__DisplayClass2_0:<Execute>b__0 () (at ./Library/PackageCache/com.unity.test-framework@40e262928427/UnityEngine.TestRunner/NUnitExtensions/Runner/UnityLogCheckDelegatingCommand.cs:24)
0x000001e9aa275123 (Mono JIT Code) UnityEngine.TestRunner.NUnitExtensions.Runner.UnityLogCheckDelegatingCommand:CaptureException (NUnit.Framework.Internal.TestResult,System.Action) (at ./Library/PackageCache/com.unity.test-framework@40e262928427/UnityEngine.TestRunner/NUnitExtensions/Runner/UnityLogCheckDelegatingCommand.cs:72)
0x000001e9aa274fb3 (Mono JIT Code) UnityEngine.TestRunner.NUnitExtensions.Runner.UnityLogCheckDelegatingCommand:ExecuteAndCheckLog (UnityEngine.TestTools.Logging.LogScope,NUnit.Framework.Internal.TestResult,System.Action) (at ./Library/PackageCache/com.unity.test-framework@40e262928427/UnityEngine.TestRunner/NUnitExtensions/Runner/UnityLogCheckDelegatingCommand.cs:83)
0x000001e9aa274c3b (Mono JIT Code) UnityEngine.TestRunner.NUnitExtensions.Runner.UnityLogCheckDelegatingCommand:Execute (NUnit.Framework.Internal.ITestExecutionContext) (at ./Library/PackageCache/com.unity.test-framework@40e262928427/UnityEngine.TestRunner/NUnitExtensions/Runner/UnityLogCheckDelegatingCommand.cs:24)
0x000001e9aa273c19 (Mono JIT Code) UnityEngine.TestRunner.NUnitExtensions.Runner.UnityLogCheckDelegatingCommand/<ExecuteEnumerable>d__3:MoveNext () (at ./Library/PackageCache/com.unity.test-framework@40e262928427/UnityEngine.TestRunner/NUnitExtensions/Runner/UnityLogCheckDelegatingCommand.cs:35)
0x000001e9aa251e01 (Mono JIT Code) UnityEngine.TestTools.BeforeAfterTestCommandBase`1/<ExecuteEnumerable>d__16<T_REF>:MoveNext () (at ./Library/PackageCache/com.unity.test-framework@40e262928427/UnityEngine.TestRunner/NUnitExtensions/Commands/BeforeAfterTestCommandBase.cs:212)
0x000001e9aa272fb6 (Mono JIT Code) UnityEngine.TestTools.ImmediateEnumerableCommand:Execute (NUnit.Framework.Internal.ITestExecutionContext) (at ./Library/PackageCache/com.unity.test-framework@40e262928427/UnityEngine.TestRunner/NUnitExtensions/Commands/ImmediateEnumerableCommand.cs:18)
0x000001e9aa251f01 (Mono JIT Code) UnityEngine.TestTools.BeforeAfterTestCommandBase`1/<ExecuteEnumerable>d__16<T_REF>:MoveNext () (at ./Library/PackageCache/com.unity.test-framework@40e262928427/UnityEngine.TestRunner/NUnitExtensions/Commands/BeforeAfterTestCommandBase.cs:219)
0x000001e9aa251e01 (Mono JIT Code) UnityEngine.TestTools.BeforeAfterTestCommandBase`1/<ExecuteEnumerable>d__16<T_REF>:MoveNext () (at ./Library/PackageCache/com.unity.test-framework@40e262928427/UnityEngine.TestRunner/NUnitExtensions/Commands/BeforeAfterTestCommandBase.cs:212)
0x000001e9aa251e01 (Mono JIT Code) UnityEngine.TestTools.BeforeAfterTestCommandBase`1/<ExecuteEnumerable>d__16<T_REF>:MoveNext () (at ./Library/PackageCache/com.unity.test-framework@40e262928427/UnityEngine.TestRunner/NUnitExtensions/Commands/BeforeAfterTestCommandBase.cs:212)
0x000001e9aa26b457 (Mono JIT Code) UnityEngine.TestTools.RetryCommand/<ExecuteEnumerable>d__2:MoveNext () (at ./Library/PackageCache/com.unity.test-framework@40e262928427/UnityEngine.TestRunner/NUnitExtensions/Commands/RetryCommand.cs:37)
0x000001e9aa269f2f (Mono JIT Code) UnityEngine.TestTools.RepeatCommand/<ExecuteEnumerable>d__2:MoveNext () (at ./Library/PackageCache/com.unity.test-framework@40e262928427/UnityEngine.TestRunner/NUnitExtensions/Commands/RepeatCommand.cs:36)
0x000001e9aa268fa6 (Mono JIT Code) UnityEngine.TestTools.IgnoreTestCommand/<ExecuteEnumerable>d__3:MoveNext () (at ./Library/PackageCache/com.unity.test-framework@40e262928427/UnityEngine.TestRunner/NUnitExtensions/Commands/IgnoreTestCommand.cs:42)
0x000001e9aa267c7f (Mono JIT Code) UnityEngine.TestTools.StrictCheckCommand/<ExecuteEnumerable>d__2:MoveNext () (at ./Library/PackageCache/com.unity.test-framework@40e262928427/UnityEngine.TestRunner/NUnitExtensions/Commands/StrictCheckCommand.cs:29)
0x000001e9aa266fe1 (Mono JIT Code) UnityEngine.TestRunner.NUnitExtensions.Runner.DefaultTestWorkItem/<PerformWork>d__2:MoveNext () (at ./Library/PackageCache/com.unity.test-framework@40e262928427/UnityEngine.TestRunner/NUnitExtensions/Runner/DefaultTestWorkItem.cs:50)
0x000001e9aa255e12 (Mono JIT Code) UnityEngine.TestRunner.NUnitExtensions.Runner.CompositeWorkItem/<RunChildren>d__17:MoveNext () (at ./Library/PackageCache/com.unity.test-framework@40e262928427/UnityEngine.TestRunner/NUnitExtensions/Runner/CompositeWorkItem.cs:207)
0x000001e9aa247756 (Mono JIT Code) UnityEngine.TestRunner.NUnitExtensions.Runner.CompositeWorkItem/<PerformWork>d__13:MoveNext () (at ./Library/PackageCache/com.unity.test-framework@40e262928427/UnityEngine.TestRunner/NUnitExtensions/Runner/CompositeWorkItem.cs:82)
0x000001e9aa255e12 (Mono JIT Code) UnityEngine.TestRunner.NUnitExtensions.Runner.CompositeWorkItem/<RunChildren>d__17:MoveNext () (at ./Library/PackageCache/com.unity.test-framework@40e262928427/UnityEngine.TestRunner/NUnitExtensions/Runner/CompositeWorkItem.cs:207)
0x000001e9aa247756 (Mono JIT Code) UnityEngine.TestRunner.NUnitExtensions.Runner.CompositeWorkItem/<PerformWork>d__13:MoveNext () (at ./Library/PackageCache/com.unity.test-framework@40e262928427/UnityEngine.TestRunner/NUnitExtensions/Runner/CompositeWorkItem.cs:82)
0x000001e9aa255e12 (Mono JIT Code) UnityEngine.TestRunner.NUnitExtensions.Runner.CompositeWorkItem/<RunChildren>d__17:MoveNext () (at ./Library/PackageCache/com.unity.test-framework@40e262928427/UnityEngine.TestRunner/NUnitExtensions/Runner/CompositeWorkItem.cs:207)
0x000001e9aa247756 (Mono JIT Code) UnityEngine.TestRunner.NUnitExtensions.Runner.CompositeWorkItem/<PerformWork>d__13:MoveNext () (at ./Library/PackageCache/com.unity.test-framework@40e262928427/UnityEngine.TestRunner/NUnitExtensions/Runner/CompositeWorkItem.cs:82)
0x000001e9aa245fcc (Mono JIT Code) UnityEditor.TestTools.TestRunner.EditModeRunner:MoveNextAndUpdateYieldObject () (at ./Library/PackageCache/com.unity.test-framework@40e262928427/UnityEditor.TestRunner/TestRunner/EditModeRunner.cs:167)
0x000001e9aa245b7b (Mono JIT Code) UnityEditor.TestTools.TestRunner.EditModeRunner:TestConsumer (UnityEditor.TestTools.TestRunner.TestRunnerStateSerializer) (at ./Library/PackageCache/com.unity.test-framework@40e262928427/UnityEditor.TestRunner/TestRunner/EditModeRunner.cs:200)
0x000001e9aa23c173 (Mono JIT Code) UnityEditor.TestTools.TestRunner.TestRun.Tasks.EditModeRunTask/<Execute>d__1:MoveNext () (at ./Library/PackageCache/com.unity.test-framework@40e262928427/UnityEditor.TestRunner/TestRun/Tasks/EditModeRunTask.cs:48)
0x000001e977129d5e (Mono JIT Code) UnityEditor.TestTools.TestRunner.TestRun.TestJobRunner:ExecuteStep () (at ./Library/PackageCache/com.unity.test-framework@40e262928427/UnityEditor.TestRunner/TestRun/TestJobRunner.cs:173)
0x000001e977128953 (Mono JIT Code) UnityEditor.TestTools.TestRunner.TestRun.TestJobRunner:ExecuteCallback () (at ./Library/PackageCache/com.unity.test-framework@40e262928427/UnityEditor.TestRunner/TestRun/TestJobRunner.cs:108)
0x000001e99df821b8 (Mono JIT Code) UnityEditor.EditorApplication:Internal_CallUpdateFunctions ()
0x000001e8e6514785 (Mono JIT Code) (wrapper runtime-invoke) object:runtime_invoke_void (object,intptr,intptr,intptr)
0x00007fff3fd16e7e (mono-2.0-bdwgc) mono_jit_runtime_invoke (at C:/build/output/Unity-Technologies/mono/mono/mini/mini-runtime.c:3445)
0x00007fff3fc58874 (mono-2.0-bdwgc) do_runtime_invoke (at C:/build/output/Unity-Technologies/mono/mono/metadata/object.c:3068)
0x00007fff3fc58960 (mono-2.0-bdwgc) mono_runtime_invoke (at C:/build/output/Unity-Technologies/mono/mono/metadata/object.c:3115)
0x00007fff38e4cea4 (Unity) scripting_method_invoke
0x00007fff38e25433 (Unity) ScriptingInvocation::Invoke
0x00007fff38e20b35 (Unity) ScriptingInvocation::Invoke<void>
0x00007fff38f8b4bb (Unity) Scripting::UnityEditor::EditorApplicationProxy::Internal_CallUpdateFunctions
0x00007fff3a07e0e4 (Unity) SceneTracker::Update
0x00007fff39be1247 (Unity) Application::TickTimer
0x00007fff3a1b25ac (Unity) MainMessageLoop
0x00007fff3a1b9d1c (Unity) UnityMain
0x00007ff68b302f2a (Unity) __scrt_common_main_seh
0x00007fffddade8d7 (KERNEL32) BaseThreadInitThunk
0x00007fffde88c53c (ntdll) RtlUserThreadStart

[MouseTracker] PlayerInputHandler not found. Mouse compensation will be disabled.
0x00007fff38f222ae (Unity) StackWalker::ShowCallstack
0x00007fff38f31ee9 (Unity) PlatformStacktrace::GetStacktrace
0x00007fff3a1ac04e (Unity) Stacktrace::GetStacktrace
0x00007fff3a7859df (Unity) DebugStringToFile
0x00007fff37fd2930 (Unity) DebugLogHandler_CUSTOM_Internal_Log
0x000001e9766cbd3e (Mono JIT Code) (wrapper managed-to-native) UnityEngine.DebugLogHandler:Internal_Log_Injected (UnityEngine.LogType,UnityEngine.LogOption,UnityEngine.Bindings.ManagedSpanWrapper&,intptr)
0x000001e9766cbb43 (Mono JIT Code) UnityEngine.DebugLogHandler:Internal_Log (UnityEngine.LogType,UnityEngine.LogOption,string,UnityEngine.Object)
0x000001e9766cb7fb (Mono JIT Code) UnityEngine.DebugLogHandler:LogFormat (UnityEngine.LogType,UnityEngine.Object,string,object[])
0x000001e9766ca6ae (Mono JIT Code) UnityEngine.Logger:Log (UnityEngine.LogType,object)
0x000001e9aa2b404d (Mono JIT Code) UnityEngine.Debug:LogWarning (object)
0x000001e9aa2b33ab (Mono JIT Code) MouseTracker:Initialize (RecoilSystem) (at C:/Users/Ubuntu/Desktop/_DEV/AFFECT-2025-10-11/Assets/_SCRIPTS/_PLAYER/Recoil/MouseTracker.cs:80)
0x000001e976d36246 (Mono JIT Code) RecoilSystem:InitializeModules () (at C:/Users/Ubuntu/Desktop/_DEV/AFFECT-2025-10-11/Assets/_SCRIPTS/_PLAYER/Recoil/RecoilSystem.cs:203)
0x000001e976d33eb3 (Mono JIT Code) RecoilSystem:Initialize () (at C:/Users/Ubuntu/Desktop/_DEV/AFFECT-2025-10-11/Assets/_SCRIPTS/_PLAYER/Recoil/RecoilSystem.cs:165)
0x000001e976d333a3 (Mono JIT Code) RecoilSystem:ForceInitializeForTesting () (at C:/Users/Ubuntu/Desktop/_DEV/AFFECT-2025-10-11/Assets/_SCRIPTS/_PLAYER/Recoil/RecoilSystem.cs:632)
0x000001e976d3c213 (Mono JIT Code) RecoilSystemProperties:Property13_GracefulModuleDegradation () (at C:/Users/Ubuntu/Desktop/_DEV/AFFECT-2025-10-11/Assets/_SCRIPTS/Editor/Properties/RecoilSystemProperties.cs:269)
0x000001e9aa264548 (Mono JIT Code) (wrapper runtime-invoke) object:runtime_invoke_void__this__ (object,intptr,intptr,intptr)
0x00007fff3fd16e7e (mono-2.0-bdwgc) mono_jit_runtime_invoke (at C:/build/output/Unity-Technologies/mono/mono/mini/mini-runtime.c:3445)
0x00007fff3fc58874 (mono-2.0-bdwgc) do_runtime_invoke (at C:/build/output/Unity-Technologies/mono/mono/metadata/object.c:3068)
0x00007fff3fc5f926 (mono-2.0-bdwgc) mono_runtime_try_invoke_array (at C:/build/output/Unity-Technologies/mono/mono/metadata/object.c:5774)
0x00007fff3fb91b81 (mono-2.0-bdwgc) ves_icall_InternalInvoke (at C:/build/output/Unity-Technologies/mono/mono/metadata/icall.c:4038)
0x00007fff3fbb7e31 (mono-2.0-bdwgc) ves_icall_InternalInvoke_raw (at C:/build/output/Unity-Technologies/mono/mono/metadata/icall-def.h:692)
0x000001e8e22b0f92 (Mono JIT Code) (wrapper managed-to-native) System.Reflection.RuntimeMethodInfo:InternalInvoke (System.Reflection.RuntimeMethodInfo,object,object[],System.Exception&)
0x000001e8e3c7ea73 (Mono JIT Code) System.Reflection.RuntimeMethodInfo:Invoke (object,System.Reflection.BindingFlags,System.Reflection.Binder,object[],System.Globalization.CultureInfo)
0x000001e8db9555ef (Mono JIT Code) System.Reflection.MethodBase:Invoke (object,object[])
0x000001e9aa26e783 (Mono JIT Code) NUnit.Framework.Internal.Reflect:InvokeMethod (System.Reflection.MethodInfo,object,object[])
0x000001e9aa2760ab (Mono JIT Code) NUnit.Framework.Internal.MethodWrapper:Invoke (object,object[])
0x000001e9aa275f8a (Mono JIT Code) NUnit.Framework.Internal.Commands.TestMethodCommand:RunNonAsyncTestMethod (NUnit.Framework.Internal.ITestExecutionContext)
0x000001e9aa275dd3 (Mono JIT Code) NUnit.Framework.Internal.Commands.TestMethodCommand:RunTestMethod (NUnit.Framework.Internal.ITestExecutionContext)
0x000001e9aa275973 (Mono JIT Code) NUnit.Framework.Internal.Commands.TestMethodCommand:Execute (NUnit.Framework.Internal.ITestExecutionContext)
0x000001e9aa27556b (Mono JIT Code) UnityEngine.TestTools.UnityTestMethodCommand:Execute (NUnit.Framework.Internal.ITestExecutionContext) (at ./Library/PackageCache/com.unity.test-framework@40e262928427/UnityEngine.TestRunner/NUnitExtensions/Commands/UnityTestMethodCommand.cs:19)
0x000001e9aa2752fb (Mono JIT Code) UnityEngine.TestRunner.NUnitExtensions.Runner.UnityLogCheckDelegatingCommand/<>c__DisplayClass2_0:<Execute>b__0 () (at ./Library/PackageCache/com.unity.test-framework@40e262928427/UnityEngine.TestRunner/NUnitExtensions/Runner/UnityLogCheckDelegatingCommand.cs:24)
0x000001e9aa275123 (Mono JIT Code) UnityEngine.TestRunner.NUnitExtensions.Runner.UnityLogCheckDelegatingCommand:CaptureException (NUnit.Framework.Internal.TestResult,System.Action) (at ./Library/PackageCache/com.unity.test-framework@40e262928427/UnityEngine.TestRunner/NUnitExtensions/Runner/UnityLogCheckDelegatingCommand.cs:72)
0x000001e9aa274fb3 (Mono JIT Code) UnityEngine.TestRunner.NUnitExtensions.Runner.UnityLogCheckDelegatingCommand:ExecuteAndCheckLog (UnityEngine.TestTools.Logging.LogScope,NUnit.Framework.Internal.TestResult,System.Action) (at ./Library/PackageCache/com.unity.test-framework@40e262928427/UnityEngine.TestRunner/NUnitExtensions/Runner/UnityLogCheckDelegatingCommand.cs:83)
0x000001e9aa274c3b (Mono JIT Code) UnityEngine.TestRunner.NUnitExtensions.Runner.UnityLogCheckDelegatingCommand:Execute (NUnit.Framework.Internal.ITestExecutionContext) (at ./Library/PackageCache/com.unity.test-framework@40e262928427/UnityEngine.TestRunner/NUnitExtensions/Runner/UnityLogCheckDelegatingCommand.cs:24)
0x000001e9aa273c19 (Mono JIT Code) UnityEngine.TestRunner.NUnitExtensions.Runner.UnityLogCheckDelegatingCommand/<ExecuteEnumerable>d__3:MoveNext () (at ./Library/PackageCache/com.unity.test-framework@40e262928427/UnityEngine.TestRunner/NUnitExtensions/Runner/UnityLogCheckDelegatingCommand.cs:35)
0x000001e9aa251e01 (Mono JIT Code) UnityEngine.TestTools.BeforeAfterTestCommandBase`1/<ExecuteEnumerable>d__16<T_REF>:MoveNext () (at ./Library/PackageCache/com.unity.test-framework@40e262928427/UnityEngine.TestRunner/NUnitExtensions/Commands/BeforeAfterTestCommandBase.cs:212)
0x000001e9aa272fb6 (Mono JIT Code) UnityEngine.TestTools.ImmediateEnumerableCommand:Execute (NUnit.Framework.Internal.ITestExecutionContext) (at ./Library/PackageCache/com.unity.test-framework@40e262928427/UnityEngine.TestRunner/NUnitExtensions/Commands/ImmediateEnumerableCommand.cs:18)
0x000001e9aa251f01 (Mono JIT Code) UnityEngine.TestTools.BeforeAfterTestCommandBase`1/<ExecuteEnumerable>d__16<T_REF>:MoveNext () (at ./Library/PackageCache/com.unity.test-framework@40e262928427/UnityEngine.TestRunner/NUnitExtensions/Commands/BeforeAfterTestCommandBase.cs:219)
0x000001e9aa251e01 (Mono JIT Code) UnityEngine.TestTools.BeforeAfterTestCommandBase`1/<ExecuteEnumerable>d__16<T_REF>:MoveNext () (at ./Library/PackageCache/com.unity.test-framework@40e262928427/UnityEngine.TestRunner/NUnitExtensions/Commands/BeforeAfterTestCommandBase.cs:212)
0x000001e9aa251e01 (Mono JIT Code) UnityEngine.TestTools.BeforeAfterTestCommandBase`1/<ExecuteEnumerable>d__16<T_REF>:MoveNext () (at ./Library/PackageCache/com.unity.test-framework@40e262928427/UnityEngine.TestRunner/NUnitExtensions/Commands/BeforeAfterTestCommandBase.cs:212)
0x000001e9aa26b457 (Mono JIT Code) UnityEngine.TestTools.RetryCommand/<ExecuteEnumerable>d__2:MoveNext () (at ./Library/PackageCache/com.unity.test-framework@40e262928427/UnityEngine.TestRunner/NUnitExtensions/Commands/RetryCommand.cs:37)
0x000001e9aa269f2f (Mono JIT Code) UnityEngine.TestTools.RepeatCommand/<ExecuteEnumerable>d__2:MoveNext () (at ./Library/PackageCache/com.unity.test-framework@40e262928427/UnityEngine.TestRunner/NUnitExtensions/Commands/RepeatCommand.cs:36)
0x000001e9aa268fa6 (Mono JIT Code) UnityEngine.TestTools.IgnoreTestCommand/<ExecuteEnumerable>d__3:MoveNext () (at ./Library/PackageCache/com.unity.test-framework@40e262928427/UnityEngine.TestRunner/NUnitExtensions/Commands/IgnoreTestCommand.cs:42)
0x000001e9aa267c7f (Mono JIT Code) UnityEngine.TestTools.StrictCheckCommand/<ExecuteEnumerable>d__2:MoveNext () (at ./Library/PackageCache/com.unity.test-framework@40e262928427/UnityEngine.TestRunner/NUnitExtensions/Commands/StrictCheckCommand.cs:29)
0x000001e9aa266fe1 (Mono JIT Code) UnityEngine.TestRunner.NUnitExtensions.Runner.DefaultTestWorkItem/<PerformWork>d__2:MoveNext () (at ./Library/PackageCache/com.unity.test-framework@40e262928427/UnityEngine.TestRunner/NUnitExtensions/Runner/DefaultTestWorkItem.cs:50)
0x000001e9aa255e12 (Mono JIT Code) UnityEngine.TestRunner.NUnitExtensions.Runner.CompositeWorkItem/<RunChildren>d__17:MoveNext () (at ./Library/PackageCache/com.unity.test-framework@40e262928427/UnityEngine.TestRunner/NUnitExtensions/Runner/CompositeWorkItem.cs:207)
0x000001e9aa247756 (Mono JIT Code) UnityEngine.TestRunner.NUnitExtensions.Runner.CompositeWorkItem/<PerformWork>d__13:MoveNext () (at ./Library/PackageCache/com.unity.test-framework@40e262928427/UnityEngine.TestRunner/NUnitExtensions/Runner/CompositeWorkItem.cs:82)
0x000001e9aa255e12 (Mono JIT Code) UnityEngine.TestRunner.NUnitExtensions.Runner.CompositeWorkItem/<RunChildren>d__17:MoveNext () (at ./Library/PackageCache/com.unity.test-framework@40e262928427/UnityEngine.TestRunner/NUnitExtensions/Runner/CompositeWorkItem.cs:207)
0x000001e9aa247756 (Mono JIT Code) UnityEngine.TestRunner.NUnitExtensions.Runner.CompositeWorkItem/<PerformWork>d__13:MoveNext () (at ./Library/PackageCache/com.unity.test-framework@40e262928427/UnityEngine.TestRunner/NUnitExtensions/Runner/CompositeWorkItem.cs:82)
0x000001e9aa255e12 (Mono JIT Code) UnityEngine.TestRunner.NUnitExtensions.Runner.CompositeWorkItem/<RunChildren>d__17:MoveNext () (at ./Library/PackageCache/com.unity.test-framework@40e262928427/UnityEngine.TestRunner/NUnitExtensions/Runner/CompositeWorkItem.cs:207)
0x000001e9aa247756 (Mono JIT Code) UnityEngine.TestRunner.NUnitExtensions.Runner.CompositeWorkItem/<PerformWork>d__13:MoveNext () (at ./Library/PackageCache/com.unity.test-framework@40e262928427/UnityEngine.TestRunner/NUnitExtensions/Runner/CompositeWorkItem.cs:82)
0x000001e9aa245fcc (Mono JIT Code) UnityEditor.TestTools.TestRunner.EditModeRunner:MoveNextAndUpdateYieldObject () (at ./Library/PackageCache/com.unity.test-framework@40e262928427/UnityEditor.TestRunner/TestRunner/EditModeRunner.cs:167)
0x000001e9aa245b7b (Mono JIT Code) UnityEditor.TestTools.TestRunner.EditModeRunner:TestConsumer (UnityEditor.TestTools.TestRunner.TestRunnerStateSerializer) (at ./Library/PackageCache/com.unity.test-framework@40e262928427/UnityEditor.TestRunner/TestRunner/EditModeRunner.cs:200)
0x000001e9aa23c173 (Mono JIT Code) UnityEditor.TestTools.TestRunner.TestRun.Tasks.EditModeRunTask/<Execute>d__1:MoveNext () (at ./Library/PackageCache/com.unity.test-framework@40e262928427/UnityEditor.TestRunner/TestRun/Tasks/EditModeRunTask.cs:48)
0x000001e977129d5e (Mono JIT Code) UnityEditor.TestTools.TestRunner.TestRun.TestJobRunner:ExecuteStep () (at ./Library/PackageCache/com.unity.test-framework@40e262928427/UnityEditor.TestRunner/TestRun/TestJobRunner.cs:173)
0x000001e977128953 (Mono JIT Code) UnityEditor.TestTools.TestRunner.TestRun.TestJobRunner:ExecuteCallback () (at ./Library/PackageCache/com.unity.test-framework@40e262928427/UnityEditor.TestRunner/TestRun/TestJobRunner.cs:108)
0x000001e99df821b8 (Mono JIT Code) UnityEditor.EditorApplication:Internal_CallUpdateFunctions ()
0x000001e8e6514785 (Mono JIT Code) (wrapper runtime-invoke) object:runtime_invoke_void (object,intptr,intptr,intptr)
0x00007fff3fd16e7e (mono-2.0-bdwgc) mono_jit_runtime_invoke (at C:/build/output/Unity-Technologies/mono/mono/mini/mini-runtime.c:3445)
0x00007fff3fc58874 (mono-2.0-bdwgc) do_runtime_invoke (at C:/build/output/Unity-Technologies/mono/mono/metadata/object.c:3068)
0x00007fff3fc58960 (mono-2.0-bdwgc) mono_runtime_invoke (at C:/build/output/Unity-Technologies/mono/mono/metadata/object.c:3115)
0x00007fff38e4cea4 (Unity) scripting_method_invoke
0x00007fff38e25433 (Unity) ScriptingInvocation::Invoke
0x00007fff38e20b35 (Unity) ScriptingInvocation::Invoke<void>
0x00007fff38f8b4bb (Unity) Scripting::UnityEditor::EditorApplicationProxy::Internal_CallUpdateFunctions
0x00007fff3a07e0e4 (Unity) SceneTracker::Update
0x00007fff39be1247 (Unity) Application::TickTimer
0x00007fff3a1b25ac (Unity) MainMessageLoop
0x00007fff3a1b9d1c (Unity) UnityMain
0x00007ff68b302f2a (Unity) __scrt_common_main_seh
0x00007fffddade8d7 (KERNEL32) BaseThreadInitThunk
0x00007fffde88c53c (ntdll) RtlUserThreadStart

[MouseTracker] PlayerInputHandler not found. Mouse compensation will be disabled.
0x00007fff38f222ae (Unity) StackWalker::ShowCallstack
0x00007fff38f31ee9 (Unity) PlatformStacktrace::GetStacktrace
0x00007fff3a1ac04e (Unity) Stacktrace::GetStacktrace
0x00007fff3a7859df (Unity) DebugStringToFile
0x00007fff37fd2930 (Unity) DebugLogHandler_CUSTOM_Internal_Log
0x000001e9766cbd3e (Mono JIT Code) (wrapper managed-to-native) UnityEngine.DebugLogHandler:Internal_Log_Injected (UnityEngine.LogType,UnityEngine.LogOption,UnityEngine.Bindings.ManagedSpanWrapper&,intptr)
0x000001e9766cbb43 (Mono JIT Code) UnityEngine.DebugLogHandler:Internal_Log (UnityEngine.LogType,UnityEngine.LogOption,string,UnityEngine.Object)
0x000001e9766cb7fb (Mono JIT Code) UnityEngine.DebugLogHandler:LogFormat (UnityEngine.LogType,UnityEngine.Object,string,object[])
0x000001e9766ca6ae (Mono JIT Code) UnityEngine.Logger:Log (UnityEngine.LogType,object)
0x000001e9aa2b404d (Mono JIT Code) UnityEngine.Debug:LogWarning (object)
0x000001e9aa2b33ab (Mono JIT Code) MouseTracker:Initialize (RecoilSystem) (at C:/Users/Ubuntu/Desktop/_DEV/AFFECT-2025-10-11/Assets/_SCRIPTS/_PLAYER/Recoil/MouseTracker.cs:80)
0x000001e976d36246 (Mono JIT Code) RecoilSystem:InitializeModules () (at C:/Users/Ubuntu/Desktop/_DEV/AFFECT-2025-10-11/Assets/_SCRIPTS/_PLAYER/Recoil/RecoilSystem.cs:203)
0x000001e976d33eb3 (Mono JIT Code) RecoilSystem:Initialize () (at C:/Users/Ubuntu/Desktop/_DEV/AFFECT-2025-10-11/Assets/_SCRIPTS/_PLAYER/Recoil/RecoilSystem.cs:165)
0x000001e976d333a3 (Mono JIT Code) RecoilSystem:ForceInitializeForTesting () (at C:/Users/Ubuntu/Desktop/_DEV/AFFECT-2025-10-11/Assets/_SCRIPTS/_PLAYER/Recoil/RecoilSystem.cs:632)
0x000001e976d3c213 (Mono JIT Code) RecoilSystemProperties:Property13_GracefulModuleDegradation () (at C:/Users/Ubuntu/Desktop/_DEV/AFFECT-2025-10-11/Assets/_SCRIPTS/Editor/Properties/RecoilSystemProperties.cs:269)
0x000001e9aa264548 (Mono JIT Code) (wrapper runtime-invoke) object:runtime_invoke_void__this__ (object,intptr,intptr,intptr)
0x00007fff3fd16e7e (mono-2.0-bdwgc) mono_jit_runtime_invoke (at C:/build/output/Unity-Technologies/mono/mono/mini/mini-runtime.c:3445)
0x00007fff3fc58874 (mono-2.0-bdwgc) do_runtime_invoke (at C:/build/output/Unity-Technologies/mono/mono/metadata/object.c:3068)
0x00007fff3fc5f926 (mono-2.0-bdwgc) mono_runtime_try_invoke_array (at C:/build/output/Unity-Technologies/mono/mono/metadata/object.c:5774)
0x00007fff3fb91b81 (mono-2.0-bdwgc) ves_icall_InternalInvoke (at C:/build/output/Unity-Technologies/mono/mono/metadata/icall.c:4038)
0x00007fff3fbb7e31 (mono-2.0-bdwgc) ves_icall_InternalInvoke_raw (at C:/build/output/Unity-Technologies/mono/mono/metadata/icall-def.h:692)
0x000001e8e22b0f92 (Mono JIT Code) (wrapper managed-to-native) System.Reflection.RuntimeMethodInfo:InternalInvoke (System.Reflection.RuntimeMethodInfo,object,object[],System.Exception&)
0x000001e8e3c7ea73 (Mono JIT Code) System.Reflection.RuntimeMethodInfo:Invoke (object,System.Reflection.BindingFlags,System.Reflection.Binder,object[],System.Globalization.CultureInfo)
0x000001e8db9555ef (Mono JIT Code) System.Reflection.MethodBase:Invoke (object,object[])
0x000001e9aa26e783 (Mono JIT Code) NUnit.Framework.Internal.Reflect:InvokeMethod (System.Reflection.MethodInfo,object,object[])
0x000001e9aa2760ab (Mono JIT Code) NUnit.Framework.Internal.MethodWrapper:Invoke (object,object[])
0x000001e9aa275f8a (Mono JIT Code) NUnit.Framework.Internal.Commands.TestMethodCommand:RunNonAsyncTestMethod (NUnit.Framework.Internal.ITestExecutionContext)
0x000001e9aa275dd3 (Mono JIT Code) NUnit.Framework.Internal.Commands.TestMethodCommand:RunTestMethod (NUnit.Framework.Internal.ITestExecutionContext)
0x000001e9aa275973 (Mono JIT Code) NUnit.Framework.Internal.Commands.TestMethodCommand:Execute (NUnit.Framework.Internal.ITestExecutionContext)
0x000001e9aa27556b (Mono JIT Code) UnityEngine.TestTools.UnityTestMethodCommand:Execute (NUnit.Framework.Internal.ITestExecutionContext) (at ./Library/PackageCache/com.unity.test-framework@40e262928427/UnityEngine.TestRunner/NUnitExtensions/Commands/UnityTestMethodCommand.cs:19)
0x000001e9aa2752fb (Mono JIT Code) UnityEngine.TestRunner.NUnitExtensions.Runner.UnityLogCheckDelegatingCommand/<>c__DisplayClass2_0:<Execute>b__0 () (at ./Library/PackageCache/com.unity.test-framework@40e262928427/UnityEngine.TestRunner/NUnitExtensions/Runner/UnityLogCheckDelegatingCommand.cs:24)
0x000001e9aa275123 (Mono JIT Code) UnityEngine.TestRunner.NUnitExtensions.Runner.UnityLogCheckDelegatingCommand:CaptureException (NUnit.Framework.Internal.TestResult,System.Action) (at ./Library/PackageCache/com.unity.test-framework@40e262928427/UnityEngine.TestRunner/NUnitExtensions/Runner/UnityLogCheckDelegatingCommand.cs:72)
0x000001e9aa274fb3 (Mono JIT Code) UnityEngine.TestRunner.NUnitExtensions.Runner.UnityLogCheckDelegatingCommand:ExecuteAndCheckLog (UnityEngine.TestTools.Logging.LogScope,NUnit.Framework.Internal.TestResult,System.Action) (at ./Library/PackageCache/com.unity.test-framework@40e262928427/UnityEngine.TestRunner/NUnitExtensions/Runner/UnityLogCheckDelegatingCommand.cs:83)
0x000001e9aa274c3b (Mono JIT Code) UnityEngine.TestRunner.NUnitExtensions.Runner.UnityLogCheckDelegatingCommand:Execute (NUnit.Framework.Internal.ITestExecutionContext) (at ./Library/PackageCache/com.unity.test-framework@40e262928427/UnityEngine.TestRunner/NUnitExtensions/Runner/UnityLogCheckDelegatingCommand.cs:24)
0x000001e9aa273c19 (Mono JIT Code) UnityEngine.TestRunner.NUnitExtensions.Runner.UnityLogCheckDelegatingCommand/<ExecuteEnumerable>d__3:MoveNext () (at ./Library/PackageCache/com.unity.test-framework@40e262928427/UnityEngine.TestRunner/NUnitExtensions/Runner/UnityLogCheckDelegatingCommand.cs:35)
0x000001e9aa251e01 (Mono JIT Code) UnityEngine.TestTools.BeforeAfterTestCommandBase`1/<ExecuteEnumerable>d__16<T_REF>:MoveNext () (at ./Library/PackageCache/com.unity.test-framework@40e262928427/UnityEngine.TestRunner/NUnitExtensions/Commands/BeforeAfterTestCommandBase.cs:212)
0x000001e9aa272fb6 (Mono JIT Code) UnityEngine.TestTools.ImmediateEnumerableCommand:Execute (NUnit.Framework.Internal.ITestExecutionContext) (at ./Library/PackageCache/com.unity.test-framework@40e262928427/UnityEngine.TestRunner/NUnitExtensions/Commands/ImmediateEnumerableCommand.cs:18)
0x000001e9aa251f01 (Mono JIT Code) UnityEngine.TestTools.BeforeAfterTestCommandBase`1/<ExecuteEnumerable>d__16<T_REF>:MoveNext () (at ./Library/PackageCache/com.unity.test-framework@40e262928427/UnityEngine.TestRunner/NUnitExtensions/Commands/BeforeAfterTestCommandBase.cs:219)
0x000001e9aa251e01 (Mono JIT Code) UnityEngine.TestTools.BeforeAfterTestCommandBase`1/<ExecuteEnumerable>d__16<T_REF>:MoveNext () (at ./Library/PackageCache/com.unity.test-framework@40e262928427/UnityEngine.TestRunner/NUnitExtensions/Commands/BeforeAfterTestCommandBase.cs:212)
0x000001e9aa251e01 (Mono JIT Code) UnityEngine.TestTools.BeforeAfterTestCommandBase`1/<ExecuteEnumerable>d__16<T_REF>:MoveNext () (at ./Library/PackageCache/com.unity.test-framework@40e262928427/UnityEngine.TestRunner/NUnitExtensions/Commands/BeforeAfterTestCommandBase.cs:212)
0x000001e9aa26b457 (Mono JIT Code) UnityEngine.TestTools.RetryCommand/<ExecuteEnumerable>d__2:MoveNext () (at ./Library/PackageCache/com.unity.test-framework@40e262928427/UnityEngine.TestRunner/NUnitExtensions/Commands/RetryCommand.cs:37)
0x000001e9aa269f2f (Mono JIT Code) UnityEngine.TestTools.RepeatCommand/<ExecuteEnumerable>d__2:MoveNext () (at ./Library/PackageCache/com.unity.test-framework@40e262928427/UnityEngine.TestRunner/NUnitExtensions/Commands/RepeatCommand.cs:36)
0x000001e9aa268fa6 (Mono JIT Code) UnityEngine.TestTools.IgnoreTestCommand/<ExecuteEnumerable>d__3:MoveNext () (at ./Library/PackageCache/com.unity.test-framework@40e262928427/UnityEngine.TestRunner/NUnitExtensions/Commands/IgnoreTestCommand.cs:42)
0x000001e9aa267c7f (Mono JIT Code) UnityEngine.TestTools.StrictCheckCommand/<ExecuteEnumerable>d__2:MoveNext () (at ./Library/PackageCache/com.unity.test-framework@40e262928427/UnityEngine.TestRunner/NUnitExtensions/Commands/StrictCheckCommand.cs:29)
0x000001e9aa266fe1 (Mono JIT Code) UnityEngine.TestRunner.NUnitExtensions.Runner.DefaultTestWorkItem/<PerformWork>d__2:MoveNext () (at ./Library/PackageCache/com.unity.test-framework@40e262928427/UnityEngine.TestRunner/NUnitExtensions/Runner/DefaultTestWorkItem.cs:50)
0x000001e9aa255e12 (Mono JIT Code) UnityEngine.TestRunner.NUnitExtensions.Runner.CompositeWorkItem/<RunChildren>d__17:MoveNext () (at ./Library/PackageCache/com.unity.test-framework@40e262928427/UnityEngine.TestRunner/NUnitExtensions/Runner/CompositeWorkItem.cs:207)
0x000001e9aa247756 (Mono JIT Code) UnityEngine.TestRunner.NUnitExtensions.Runner.CompositeWorkItem/<PerformWork>d__13:MoveNext () (at ./Library/PackageCache/com.unity.test-framework@40e262928427/UnityEngine.TestRunner/NUnitExtensions/Runner/CompositeWorkItem.cs:82)
0x000001e9aa255e12 (Mono JIT Code) UnityEngine.TestRunner.NUnitExtensions.Runner.CompositeWorkItem/<RunChildren>d__17:MoveNext () (at ./Library/PackageCache/com.unity.test-framework@40e262928427/UnityEngine.TestRunner/NUnitExtensions/Runner/CompositeWorkItem.cs:207)
0x000001e9aa247756 (Mono JIT Code) UnityEngine.TestRunner.NUnitExtensions.Runner.CompositeWorkItem/<PerformWork>d__13:MoveNext () (at ./Library/PackageCache/com.unity.test-framework@40e262928427/UnityEngine.TestRunner/NUnitExtensions/Runner/CompositeWorkItem.cs:82)
0x000001e9aa255e12 (Mono JIT Code) UnityEngine.TestRunner.NUnitExtensions.Runner.CompositeWorkItem/<RunChildren>d__17:MoveNext () (at ./Library/PackageCache/com.unity.test-framework@40e262928427/UnityEngine.TestRunner/NUnitExtensions/Runner/CompositeWorkItem.cs:207)
0x000001e9aa247756 (Mono JIT Code) UnityEngine.TestRunner.NUnitExtensions.Runner.CompositeWorkItem/<PerformWork>d__13:MoveNext () (at ./Library/PackageCache/com.unity.test-framework@40e262928427/UnityEngine.TestRunner/NUnitExtensions/Runner/CompositeWorkItem.cs:82)
0x000001e9aa245fcc (Mono JIT Code) UnityEditor.TestTools.TestRunner.EditModeRunner:MoveNextAndUpdateYieldObject () (at ./Library/PackageCache/com.unity.test-framework@40e262928427/UnityEditor.TestRunner/TestRunner/EditModeRunner.cs:167)
0x000001e9aa245b7b (Mono JIT Code) UnityEditor.TestTools.TestRunner.EditModeRunner:TestConsumer (UnityEditor.TestTools.TestRunner.TestRunnerStateSerializer) (at ./Library/PackageCache/com.unity.test-framework@40e262928427/UnityEditor.TestRunner/TestRunner/EditModeRunner.cs:200)
0x000001e9aa23c173 (Mono JIT Code) UnityEditor.TestTools.TestRunner.TestRun.Tasks.EditModeRunTask/<Execute>d__1:MoveNext () (at ./Library/PackageCache/com.unity.test-framework@40e262928427/UnityEditor.TestRunner/TestRun/Tasks/EditModeRunTask.cs:48)
0x000001e977129d5e (Mono JIT Code) UnityEditor.TestTools.TestRunner.TestRun.TestJobRunner:ExecuteStep () (at ./Library/PackageCache/com.unity.test-framework@40e262928427/UnityEditor.TestRunner/TestRun/TestJobRunner.cs:173)
0x000001e977128953 (Mono JIT Code) UnityEditor.TestTools.TestRunner.TestRun.TestJobRunner:ExecuteCallback () (at ./Library/PackageCache/com.unity.test-framework@40e262928427/UnityEditor.TestRunner/TestRun/TestJobRunner.cs:108)
0x000001e99df821b8 (Mono JIT Code) UnityEditor.EditorApplication:Internal_CallUpdateFunctions ()
0x000001e8e6514785 (Mono JIT Code) (wrapper runtime-invoke) object:runtime_invoke_void (object,intptr,intptr,intptr)
0x00007fff3fd16e7e (mono-2.0-bdwgc) mono_jit_runtime_invoke (at C:/build/output/Unity-Technologies/mono/mono/mini/mini-runtime.c:3445)
0x00007fff3fc58874 (mono-2.0-bdwgc) do_runtime_invoke (at C:/build/output/Unity-Technologies/mono/mono/metadata/object.c:3068)
0x00007fff3fc58960 (mono-2.0-bdwgc) mono_runtime_invoke (at C:/build/output/Unity-Technologies/mono/mono/metadata/object.c:3115)
0x00007fff38e4cea4 (Unity) scripting_method_invoke
0x00007fff38e25433 (Unity) ScriptingInvocation::Invoke
0x00007fff38e20b35 (Unity) ScriptingInvocation::Invoke<void>
0x00007fff38f8b4bb (Unity) Scripting::UnityEditor::EditorApplicationProxy::Internal_CallUpdateFunctions
0x00007fff3a07e0e4 (Unity) SceneTracker::Update
0x00007fff39be1247 (Unity) Application::TickTimer
0x00007fff3a1b25ac (Unity) MainMessageLoop
0x00007fff3a1b9d1c (Unity) UnityMain
0x00007ff68b302f2a (Unity) __scrt_common_main_seh
0x00007fffddade8d7 (KERNEL32) BaseThreadInitThunk
0x00007fffde88c53c (ntdll) RtlUserThreadStart

[MouseTracker] PlayerInputHandler not found. Mouse compensation will be disabled.
0x00007fff38f222ae (Unity) StackWalker::ShowCallstack
0x00007fff38f31ee9 (Unity) PlatformStacktrace::GetStacktrace
0x00007fff3a1ac04e (Unity) Stacktrace::GetStacktrace
0x00007fff3a7859df (Unity) DebugStringToFile
0x00007fff37fd2930 (Unity) DebugLogHandler_CUSTOM_Internal_Log
0x000001e9766cbd3e (Mono JIT Code) (wrapper managed-to-native) UnityEngine.DebugLogHandler:Internal_Log_Injected (UnityEngine.LogType,UnityEngine.LogOption,UnityEngine.Bindings.ManagedSpanWrapper&,intptr)
0x000001e9766cbb43 (Mono JIT Code) UnityEngine.DebugLogHandler:Internal_Log (UnityEngine.LogType,UnityEngine.LogOption,string,UnityEngine.Object)
0x000001e9766cb7fb (Mono JIT Code) UnityEngine.DebugLogHandler:LogFormat (UnityEngine.LogType,UnityEngine.Object,string,object[])
0x000001e9766ca6ae (Mono JIT Code) UnityEngine.Logger:Log (UnityEngine.LogType,object)
0x000001e9aa2b404d (Mono JIT Code) UnityEngine.Debug:LogWarning (object)
0x000001e9aa2b33ab (Mono JIT Code) MouseTracker:Initialize (RecoilSystem) (at C:/Users/Ubuntu/Desktop/_DEV/AFFECT-2025-10-11/Assets/_SCRIPTS/_PLAYER/Recoil/MouseTracker.cs:80)
0x000001e976d36246 (Mono JIT Code) RecoilSystem:InitializeModules () (at C:/Users/Ubuntu/Desktop/_DEV/AFFECT-2025-10-11/Assets/_SCRIPTS/_PLAYER/Recoil/RecoilSystem.cs:203)
0x000001e976d33eb3 (Mono JIT Code) RecoilSystem:Initialize () (at C:/Users/Ubuntu/Desktop/_DEV/AFFECT-2025-10-11/Assets/_SCRIPTS/_PLAYER/Recoil/RecoilSystem.cs:165)
0x000001e976d333a3 (Mono JIT Code) RecoilSystem:ForceInitializeForTesting () (at C:/Users/Ubuntu/Desktop/_DEV/AFFECT-2025-10-11/Assets/_SCRIPTS/_PLAYER/Recoil/RecoilSystem.cs:632)
0x000001e976d3c213 (Mono JIT Code) RecoilSystemProperties:Property13_GracefulModuleDegradation () (at C:/Users/Ubuntu/Desktop/_DEV/AFFECT-2025-10-11/Assets/_SCRIPTS/Editor/Properties/RecoilSystemProperties.cs:269)
0x000001e9aa264548 (Mono JIT Code) (wrapper runtime-invoke) object:runtime_invoke_void__this__ (object,intptr,intptr,intptr)
0x00007fff3fd16e7e (mono-2.0-bdwgc) mono_jit_runtime_invoke (at C:/build/output/Unity-Technologies/mono/mono/mini/mini-runtime.c:3445)
0x00007fff3fc58874 (mono-2.0-bdwgc) do_runtime_invoke (at C:/build/output/Unity-Technologies/mono/mono/metadata/object.c:3068)
0x00007fff3fc5f926 (mono-2.0-bdwgc) mono_runtime_try_invoke_array (at C:/build/output/Unity-Technologies/mono/mono/metadata/object.c:5774)
0x00007fff3fb91b81 (mono-2.0-bdwgc) ves_icall_InternalInvoke (at C:/build/output/Unity-Technologies/mono/mono/metadata/icall.c:4038)
0x00007fff3fbb7e31 (mono-2.0-bdwgc) ves_icall_InternalInvoke_raw (at C:/build/output/Unity-Technologies/mono/mono/metadata/icall-def.h:692)
0x000001e8e22b0f92 (Mono JIT Code) (wrapper managed-to-native) System.Reflection.RuntimeMethodInfo:InternalInvoke (System.Reflection.RuntimeMethodInfo,object,object[],System.Exception&)
0x000001e8e3c7ea73 (Mono JIT Code) System.Reflection.RuntimeMethodInfo:Invoke (object,System.Reflection.BindingFlags,System.Reflection.Binder,object[],System.Globalization.CultureInfo)
0x000001e8db9555ef (Mono JIT Code) System.Reflection.MethodBase:Invoke (object,object[])
0x000001e9aa26e783 (Mono JIT Code) NUnit.Framework.Internal.Reflect:InvokeMethod (System.Reflection.MethodInfo,object,object[])
0x000001e9aa2760ab (Mono JIT Code) NUnit.Framework.Internal.MethodWrapper:Invoke (object,object[])
0x000001e9aa275f8a (Mono JIT Code) NUnit.Framework.Internal.Commands.TestMethodCommand:RunNonAsyncTestMethod (NUnit.Framework.Internal.ITestExecutionContext)
0x000001e9aa275dd3 (Mono JIT Code) NUnit.Framework.Internal.Commands.TestMethodCommand:RunTestMethod (NUnit.Framework.Internal.ITestExecutionContext)
0x000001e9aa275973 (Mono JIT Code) NUnit.Framework.Internal.Commands.TestMethodCommand:Execute (NUnit.Framework.Internal.ITestExecutionContext)
0x000001e9aa27556b (Mono JIT Code) UnityEngine.TestTools.UnityTestMethodCommand:Execute (NUnit.Framework.Internal.ITestExecutionContext) (at ./Library/PackageCache/com.unity.test-framework@40e262928427/UnityEngine.TestRunner/NUnitExtensions/Commands/UnityTestMethodCommand.cs:19)
0x000001e9aa2752fb (Mono JIT Code) UnityEngine.TestRunner.NUnitExtensions.Runner.UnityLogCheckDelegatingCommand/<>c__DisplayClass2_0:<Execute>b__0 () (at ./Library/PackageCache/com.unity.test-framework@40e262928427/UnityEngine.TestRunner/NUnitExtensions/Runner/UnityLogCheckDelegatingCommand.cs:24)
0x000001e9aa275123 (Mono JIT Code) UnityEngine.TestRunner.NUnitExtensions.Runner.UnityLogCheckDelegatingCommand:CaptureException (NUnit.Framework.Internal.TestResult,System.Action) (at ./Library/PackageCache/com.unity.test-framework@40e262928427/UnityEngine.TestRunner/NUnitExtensions/Runner/UnityLogCheckDelegatingCommand.cs:72)
0x000001e9aa274fb3 (Mono JIT Code) UnityEngine.TestRunner.NUnitExtensions.Runner.UnityLogCheckDelegatingCommand:ExecuteAndCheckLog (UnityEngine.TestTools.Logging.LogScope,NUnit.Framework.Internal.TestResult,System.Action) (at ./Library/PackageCache/com.unity.test-framework@40e262928427/UnityEngine.TestRunner/NUnitExtensions/Runner/UnityLogCheckDelegatingCommand.cs:83)
0x000001e9aa274c3b (Mono JIT Code) UnityEngine.TestRunner.NUnitExtensions.Runner.UnityLogCheckDelegatingCommand:Execute (NUnit.Framework.Internal.ITestExecutionContext) (at ./Library/PackageCache/com.unity.test-framework@40e262928427/UnityEngine.TestRunner/NUnitExtensions/Runner/UnityLogCheckDelegatingCommand.cs:24)
0x000001e9aa273c19 (Mono JIT Code) UnityEngine.TestRunner.NUnitExtensions.Runner.UnityLogCheckDelegatingCommand/<ExecuteEnumerable>d__3:MoveNext () (at ./Library/PackageCache/com.unity.test-framework@40e262928427/UnityEngine.TestRunner/NUnitExtensions/Runner/UnityLogCheckDelegatingCommand.cs:35)
0x000001e9aa251e01 (Mono JIT Code) UnityEngine.TestTools.BeforeAfterTestCommandBase`1/<ExecuteEnumerable>d__16<T_REF>:MoveNext () (at ./Library/PackageCache/com.unity.test-framework@40e262928427/UnityEngine.TestRunner/NUnitExtensions/Commands/BeforeAfterTestCommandBase.cs:212)
0x000001e9aa272fb6 (Mono JIT Code) UnityEngine.TestTools.ImmediateEnumerableCommand:Execute (NUnit.Framework.Internal.ITestExecutionContext) (at ./Library/PackageCache/com.unity.test-framework@40e262928427/UnityEngine.TestRunner/NUnitExtensions/Commands/ImmediateEnumerableCommand.cs:18)
0x000001e9aa251f01 (Mono JIT Code) UnityEngine.TestTools.BeforeAfterTestCommandBase`1/<ExecuteEnumerable>d__16<T_REF>:MoveNext () (at ./Library/PackageCache/com.unity.test-framework@40e262928427/UnityEngine.TestRunner/NUnitExtensions/Commands/BeforeAfterTestCommandBase.cs:219)
0x000001e9aa251e01 (Mono JIT Code) UnityEngine.TestTools.BeforeAfterTestCommandBase`1/<ExecuteEnumerable>d__16<T_REF>:MoveNext () (at ./Library/PackageCache/com.unity.test-framework@40e262928427/UnityEngine.TestRunner/NUnitExtensions/Commands/BeforeAfterTestCommandBase.cs:212)
0x000001e9aa251e01 (Mono JIT Code) UnityEngine.TestTools.BeforeAfterTestCommandBase`1/<ExecuteEnumerable>d__16<T_REF>:MoveNext () (at ./Library/PackageCache/com.unity.test-framework@40e262928427/UnityEngine.TestRunner/NUnitExtensions/Commands/BeforeAfterTestCommandBase.cs:212)
0x000001e9aa26b457 (Mono JIT Code) UnityEngine.TestTools.RetryCommand/<ExecuteEnumerable>d__2:MoveNext () (at ./Library/PackageCache/com.unity.test-framework@40e262928427/UnityEngine.TestRunner/NUnitExtensions/Commands/RetryCommand.cs:37)
0x000001e9aa269f2f (Mono JIT Code) UnityEngine.TestTools.RepeatCommand/<ExecuteEnumerable>d__2:MoveNext () (at ./Library/PackageCache/com.unity.test-framework@40e262928427/UnityEngine.TestRunner/NUnitExtensions/Commands/RepeatCommand.cs:36)
0x000001e9aa268fa6 (Mono JIT Code) UnityEngine.TestTools.IgnoreTestCommand/<ExecuteEnumerable>d__3:MoveNext () (at ./Library/PackageCache/com.unity.test-framework@40e262928427/UnityEngine.TestRunner/NUnitExtensions/Commands/IgnoreTestCommand.cs:42)
0x000001e9aa267c7f (Mono JIT Code) UnityEngine.TestTools.StrictCheckCommand/<ExecuteEnumerable>d__2:MoveNext () (at ./Library/PackageCache/com.unity.test-framework@40e262928427/UnityEngine.TestRunner/NUnitExtensions/Commands/StrictCheckCommand.cs:29)
0x000001e9aa266fe1 (Mono JIT Code) UnityEngine.TestRunner.NUnitExtensions.Runner.DefaultTestWorkItem/<PerformWork>d__2:MoveNext () (at ./Library/PackageCache/com.unity.test-framework@40e262928427/UnityEngine.TestRunner/NUnitExtensions/Runner/DefaultTestWorkItem.cs:50)
0x000001e9aa255e12 (Mono JIT Code) UnityEngine.TestRunner.NUnitExtensions.Runner.CompositeWorkItem/<RunChildren>d__17:MoveNext () (at ./Library/PackageCache/com.unity.test-framework@40e262928427/UnityEngine.TestRunner/NUnitExtensions/Runner/CompositeWorkItem.cs:207)
0x000001e9aa247756 (Mono JIT Code) UnityEngine.TestRunner.NUnitExtensions.Runner.CompositeWorkItem/<PerformWork>d__13:MoveNext () (at ./Library/PackageCache/com.unity.test-framework@40e262928427/UnityEngine.TestRunner/NUnitExtensions/Runner/CompositeWorkItem.cs:82)
0x000001e9aa255e12 (Mono JIT Code) UnityEngine.TestRunner.NUnitExtensions.Runner.CompositeWorkItem/<RunChildren>d__17:MoveNext () (at ./Library/PackageCache/com.unity.test-framework@40e262928427/UnityEngine.TestRunner/NUnitExtensions/Runner/CompositeWorkItem.cs:207)
0x000001e9aa247756 (Mono JIT Code) UnityEngine.TestRunner.NUnitExtensions.Runner.CompositeWorkItem/<PerformWork>d__13:MoveNext () (at ./Library/PackageCache/com.unity.test-framework@40e262928427/UnityEngine.TestRunner/NUnitExtensions/Runner/CompositeWorkItem.cs:82)
0x000001e9aa255e12 (Mono JIT Code) UnityEngine.TestRunner.NUnitExtensions.Runner.CompositeWorkItem/<RunChildren>d__17:MoveNext () (at ./Library/PackageCache/com.unity.test-framework@40e262928427/UnityEngine.TestRunner/NUnitExtensions/Runner/CompositeWorkItem.cs:207)
0x000001e9aa247756 (Mono JIT Code) UnityEngine.TestRunner.NUnitExtensions.Runner.CompositeWorkItem/<PerformWork>d__13:MoveNext () (at ./Library/PackageCache/com.unity.test-framework@40e262928427/UnityEngine.TestRunner/NUnitExtensions/Runner/CompositeWorkItem.cs:82)
0x000001e9aa245fcc (Mono JIT Code) UnityEditor.TestTools.TestRunner.EditModeRunner:MoveNextAndUpdateYieldObject () (at ./Library/PackageCache/com.unity.test-framework@40e262928427/UnityEditor.TestRunner/TestRunner/EditModeRunner.cs:167)
0x000001e9aa245b7b (Mono JIT Code) UnityEditor.TestTools.TestRunner.EditModeRunner:TestConsumer (UnityEditor.TestTools.TestRunner.TestRunnerStateSerializer) (at ./Library/PackageCache/com.unity.test-framework@40e262928427/UnityEditor.TestRunner/TestRunner/EditModeRunner.cs:200)
0x000001e9aa23c173 (Mono JIT Code) UnityEditor.TestTools.TestRunner.TestRun.Tasks.EditModeRunTask/<Execute>d__1:MoveNext () (at ./Library/PackageCache/com.unity.test-framework@40e262928427/UnityEditor.TestRunner/TestRun/Tasks/EditModeRunTask.cs:48)
0x000001e977129d5e (Mono JIT Code) UnityEditor.TestTools.TestRunner.TestRun.TestJobRunner:ExecuteStep () (at ./Library/PackageCache/com.unity.test-framework@40e262928427/UnityEditor.TestRunner/TestRun/TestJobRunner.cs:173)
0x000001e977128953 (Mono JIT Code) UnityEditor.TestTools.TestRunner.TestRun.TestJobRunner:ExecuteCallback () (at ./Library/PackageCache/com.unity.test-framework@40e262928427/UnityEditor.TestRunner/TestRun/TestJobRunner.cs:108)
0x000001e99df821b8 (Mono JIT Code) UnityEditor.EditorApplication:Internal_CallUpdateFunctions ()
0x000001e8e6514785 (Mono JIT Code) (wrapper runtime-invoke) object:runtime_invoke_void (object,intptr,intptr,intptr)
0x00007fff3fd16e7e (mono-2.0-bdwgc) mono_jit_runtime_invoke (at C:/build/output/Unity-Technologies/mono/mono/mini/mini-runtime.c:3445)
0x00007fff3fc58874 (mono-2.0-bdwgc) do_runtime_invoke (at C:/build/output/Unity-Technologies/mono/mono/metadata/object.c:3068)
0x00007fff3fc58960 (mono-2.0-bdwgc) mono_runtime_invoke (at C:/build/output/Unity-Technologies/mono/mono/metadata/object.c:3115)
0x00007fff38e4cea4 (Unity) scripting_method_invoke
0x00007fff38e25433 (Unity) ScriptingInvocation::Invoke
0x00007fff38e20b35 (Unity) ScriptingInvocation::Invoke<void>
0x00007fff38f8b4bb (Unity) Scripting::UnityEditor::EditorApplicationProxy::Internal_CallUpdateFunctions
0x00007fff3a07e0e4 (Unity) SceneTracker::Update
0x00007fff39be1247 (Unity) Application::TickTimer
0x00007fff3a1b25ac (Unity) MainMessageLoop
0x00007fff3a1b9d1c (Unity) UnityMain
0x00007ff68b302f2a (Unity) __scrt_common_main_seh
0x00007fffddade8d7 (KERNEL32) BaseThreadInitThunk
0x00007fffde88c53c (ntdll) RtlUserThreadStart

[MouseTracker] PlayerInputHandler not found. Mouse compensation will be disabled.
0x00007fff38f222ae (Unity) StackWalker::ShowCallstack
0x00007fff38f31ee9 (Unity) PlatformStacktrace::GetStacktrace
0x00007fff3a1ac04e (Unity) Stacktrace::GetStacktrace
0x00007fff3a7859df (Unity) DebugStringToFile
0x00007fff37fd2930 (Unity) DebugLogHandler_CUSTOM_Internal_Log
0x000001e9766cbd3e (Mono JIT Code) (wrapper managed-to-native) UnityEngine.DebugLogHandler:Internal_Log_Injected (UnityEngine.LogType,UnityEngine.LogOption,UnityEngine.Bindings.ManagedSpanWrapper&,intptr)
0x000001e9766cbb43 (Mono JIT Code) UnityEngine.DebugLogHandler:Internal_Log (UnityEngine.LogType,UnityEngine.LogOption,string,UnityEngine.Object)
0x000001e9766cb7fb (Mono JIT Code) UnityEngine.DebugLogHandler:LogFormat (UnityEngine.LogType,UnityEngine.Object,string,object[])
0x000001e9766ca6ae (Mono JIT Code) UnityEngine.Logger:Log (UnityEngine.LogType,object)
0x000001e9aa2b404d (Mono JIT Code) UnityEngine.Debug:LogWarning (object)
0x000001e9aa2b33ab (Mono JIT Code) MouseTracker:Initialize (RecoilSystem) (at C:/Users/Ubuntu/Desktop/_DEV/AFFECT-2025-10-11/Assets/_SCRIPTS/_PLAYER/Recoil/MouseTracker.cs:80)
0x000001e976d36246 (Mono JIT Code) RecoilSystem:InitializeModules () (at C:/Users/Ubuntu/Desktop/_DEV/AFFECT-2025-10-11/Assets/_SCRIPTS/_PLAYER/Recoil/RecoilSystem.cs:203)
0x000001e976d33eb3 (Mono JIT Code) RecoilSystem:Initialize () (at C:/Users/Ubuntu/Desktop/_DEV/AFFECT-2025-10-11/Assets/_SCRIPTS/_PLAYER/Recoil/RecoilSystem.cs:165)
0x000001e976d333a3 (Mono JIT Code) RecoilSystem:ForceInitializeForTesting () (at C:/Users/Ubuntu/Desktop/_DEV/AFFECT-2025-10-11/Assets/_SCRIPTS/_PLAYER/Recoil/RecoilSystem.cs:632)
0x000001e976d3c213 (Mono JIT Code) RecoilSystemProperties:Property13_GracefulModuleDegradation () (at C:/Users/Ubuntu/Desktop/_DEV/AFFECT-2025-10-11/Assets/_SCRIPTS/Editor/Properties/RecoilSystemProperties.cs:269)
0x000001e9aa264548 (Mono JIT Code) (wrapper runtime-invoke) object:runtime_invoke_void__this__ (object,intptr,intptr,intptr)
0x00007fff3fd16e7e (mono-2.0-bdwgc) mono_jit_runtime_invoke (at C:/build/output/Unity-Technologies/mono/mono/mini/mini-runtime.c:3445)
0x00007fff3fc58874 (mono-2.0-bdwgc) do_runtime_invoke (at C:/build/output/Unity-Technologies/mono/mono/metadata/object.c:3068)
0x00007fff3fc5f926 (mono-2.0-bdwgc) mono_runtime_try_invoke_array (at C:/build/output/Unity-Technologies/mono/mono/metadata/object.c:5774)
0x00007fff3fb91b81 (mono-2.0-bdwgc) ves_icall_InternalInvoke (at C:/build/output/Unity-Technologies/mono/mono/metadata/icall.c:4038)
0x00007fff3fbb7e31 (mono-2.0-bdwgc) ves_icall_InternalInvoke_raw (at C:/build/output/Unity-Technologies/mono/mono/metadata/icall-def.h:692)
0x000001e8e22b0f92 (Mono JIT Code) (wrapper managed-to-native) System.Reflection.RuntimeMethodInfo:InternalInvoke (System.Reflection.RuntimeMethodInfo,object,object[],System.Exception&)
0x000001e8e3c7ea73 (Mono JIT Code) System.Reflection.RuntimeMethodInfo:Invoke (object,System.Reflection.BindingFlags,System.Reflection.Binder,object[],System.Globalization.CultureInfo)
0x000001e8db9555ef (Mono JIT Code) System.Reflection.MethodBase:Invoke (object,object[])
0x000001e9aa26e783 (Mono JIT Code) NUnit.Framework.Internal.Reflect:InvokeMethod (System.Reflection.MethodInfo,object,object[])
0x000001e9aa2760ab (Mono JIT Code) NUnit.Framework.Internal.MethodWrapper:Invoke (object,object[])
0x000001e9aa275f8a (Mono JIT Code) NUnit.Framework.Internal.Commands.TestMethodCommand:RunNonAsyncTestMethod (NUnit.Framework.Internal.ITestExecutionContext)
0x000001e9aa275dd3 (Mono JIT Code) NUnit.Framework.Internal.Commands.TestMethodCommand:RunTestMethod (NUnit.Framework.Internal.ITestExecutionContext)
0x000001e9aa275973 (Mono JIT Code) NUnit.Framework.Internal.Commands.TestMethodCommand:Execute (NUnit.Framework.Internal.ITestExecutionContext)
0x000001e9aa27556b (Mono JIT Code) UnityEngine.TestTools.UnityTestMethodCommand:Execute (NUnit.Framework.Internal.ITestExecutionContext) (at ./Library/PackageCache/com.unity.test-framework@40e262928427/UnityEngine.TestRunner/NUnitExtensions/Commands/UnityTestMethodCommand.cs:19)
0x000001e9aa2752fb (Mono JIT Code) UnityEngine.TestRunner.NUnitExtensions.Runner.UnityLogCheckDelegatingCommand/<>c__DisplayClass2_0:<Execute>b__0 () (at ./Library/PackageCache/com.unity.test-framework@40e262928427/UnityEngine.TestRunner/NUnitExtensions/Runner/UnityLogCheckDelegatingCommand.cs:24)
0x000001e9aa275123 (Mono JIT Code) UnityEngine.TestRunner.NUnitExtensions.Runner.UnityLogCheckDelegatingCommand:CaptureException (NUnit.Framework.Internal.TestResult,System.Action) (at ./Library/PackageCache/com.unity.test-framework@40e262928427/UnityEngine.TestRunner/NUnitExtensions/Runner/UnityLogCheckDelegatingCommand.cs:72)
0x000001e9aa274fb3 (Mono JIT Code) UnityEngine.TestRunner.NUnitExtensions.Runner.UnityLogCheckDelegatingCommand:ExecuteAndCheckLog (UnityEngine.TestTools.Logging.LogScope,NUnit.Framework.Internal.TestResult,System.Action) (at ./Library/PackageCache/com.unity.test-framework@40e262928427/UnityEngine.TestRunner/NUnitExtensions/Runner/UnityLogCheckDelegatingCommand.cs:83)
0x000001e9aa274c3b (Mono JIT Code) UnityEngine.TestRunner.NUnitExtensions.Runner.UnityLogCheckDelegatingCommand:Execute (NUnit.Framework.Internal.ITestExecutionContext) (at ./Library/PackageCache/com.unity.test-framework@40e262928427/UnityEngine.TestRunner/NUnitExtensions/Runner/UnityLogCheckDelegatingCommand.cs:24)
0x000001e9aa273c19 (Mono JIT Code) UnityEngine.TestRunner.NUnitExtensions.Runner.UnityLogCheckDelegatingCommand/<ExecuteEnumerable>d__3:MoveNext () (at ./Library/PackageCache/com.unity.test-framework@40e262928427/UnityEngine.TestRunner/NUnitExtensions/Runner/UnityLogCheckDelegatingCommand.cs:35)
0x000001e9aa251e01 (Mono JIT Code) UnityEngine.TestTools.BeforeAfterTestCommandBase`1/<ExecuteEnumerable>d__16<T_REF>:MoveNext () (at ./Library/PackageCache/com.unity.test-framework@40e262928427/UnityEngine.TestRunner/NUnitExtensions/Commands/BeforeAfterTestCommandBase.cs:212)
0x000001e9aa272fb6 (Mono JIT Code) UnityEngine.TestTools.ImmediateEnumerableCommand:Execute (NUnit.Framework.Internal.ITestExecutionContext) (at ./Library/PackageCache/com.unity.test-framework@40e262928427/UnityEngine.TestRunner/NUnitExtensions/Commands/ImmediateEnumerableCommand.cs:18)
0x000001e9aa251f01 (Mono JIT Code) UnityEngine.TestTools.BeforeAfterTestCommandBase`1/<ExecuteEnumerable>d__16<T_REF>:MoveNext () (at ./Library/PackageCache/com.unity.test-framework@40e262928427/UnityEngine.TestRunner/NUnitExtensions/Commands/BeforeAfterTestCommandBase.cs:219)
0x000001e9aa251e01 (Mono JIT Code) UnityEngine.TestTools.BeforeAfterTestCommandBase`1/<ExecuteEnumerable>d__16<T_REF>:MoveNext () (at ./Library/PackageCache/com.unity.test-framework@40e262928427/UnityEngine.TestRunner/NUnitExtensions/Commands/BeforeAfterTestCommandBase.cs:212)
0x000001e9aa251e01 (Mono JIT Code) UnityEngine.TestTools.BeforeAfterTestCommandBase`1/<ExecuteEnumerable>d__16<T_REF>:MoveNext () (at ./Library/PackageCache/com.unity.test-framework@40e262928427/UnityEngine.TestRunner/NUnitExtensions/Commands/BeforeAfterTestCommandBase.cs:212)
0x000001e9aa26b457 (Mono JIT Code) UnityEngine.TestTools.RetryCommand/<ExecuteEnumerable>d__2:MoveNext () (at ./Library/PackageCache/com.unity.test-framework@40e262928427/UnityEngine.TestRunner/NUnitExtensions/Commands/RetryCommand.cs:37)
0x000001e9aa269f2f (Mono JIT Code) UnityEngine.TestTools.RepeatCommand/<ExecuteEnumerable>d__2:MoveNext () (at ./Library/PackageCache/com.unity.test-framework@40e262928427/UnityEngine.TestRunner/NUnitExtensions/Commands/RepeatCommand.cs:36)
0x000001e9aa268fa6 (Mono JIT Code) UnityEngine.TestTools.IgnoreTestCommand/<ExecuteEnumerable>d__3:MoveNext () (at ./Library/PackageCache/com.unity.test-framework@40e262928427/UnityEngine.TestRunner/NUnitExtensions/Commands/IgnoreTestCommand.cs:42)
0x000001e9aa267c7f (Mono JIT Code) UnityEngine.TestTools.StrictCheckCommand/<ExecuteEnumerable>d__2:MoveNext () (at ./Library/PackageCache/com.unity.test-framework@40e262928427/UnityEngine.TestRunner/NUnitExtensions/Commands/StrictCheckCommand.cs:29)
0x000001e9aa266fe1 (Mono JIT Code) UnityEngine.TestRunner.NUnitExtensions.Runner.DefaultTestWorkItem/<PerformWork>d__2:MoveNext () (at ./Library/PackageCache/com.unity.test-framework@40e262928427/UnityEngine.TestRunner/NUnitExtensions/Runner/DefaultTestWorkItem.cs:50)
0x000001e9aa255e12 (Mono JIT Code) UnityEngine.TestRunner.NUnitExtensions.Runner.CompositeWorkItem/<RunChildren>d__17:MoveNext () (at ./Library/PackageCache/com.unity.test-framework@40e262928427/UnityEngine.TestRunner/NUnitExtensions/Runner/CompositeWorkItem.cs:207)
0x000001e9aa247756 (Mono JIT Code) UnityEngine.TestRunner.NUnitExtensions.Runner.CompositeWorkItem/<PerformWork>d__13:MoveNext () (at ./Library/PackageCache/com.unity.test-framework@40e262928427/UnityEngine.TestRunner/NUnitExtensions/Runner/CompositeWorkItem.cs:82)
0x000001e9aa255e12 (Mono JIT Code) UnityEngine.TestRunner.NUnitExtensions.Runner.CompositeWorkItem/<RunChildren>d__17:MoveNext () (at ./Library/PackageCache/com.unity.test-framework@40e262928427/UnityEngine.TestRunner/NUnitExtensions/Runner/CompositeWorkItem.cs:207)
0x000001e9aa247756 (Mono JIT Code) UnityEngine.TestRunner.NUnitExtensions.Runner.CompositeWorkItem/<PerformWork>d__13:MoveNext () (at ./Library/PackageCache/com.unity.test-framework@40e262928427/UnityEngine.TestRunner/NUnitExtensions/Runner/CompositeWorkItem.cs:82)
0x000001e9aa255e12 (Mono JIT Code) UnityEngine.TestRunner.NUnitExtensions.Runner.CompositeWorkItem/<RunChildren>d__17:MoveNext () (at ./Library/PackageCache/com.unity.test-framework@40e262928427/UnityEngine.TestRunner/NUnitExtensions/Runner/CompositeWorkItem.cs:207)
0x000001e9aa247756 (Mono JIT Code) UnityEngine.TestRunner.NUnitExtensions.Runner.CompositeWorkItem/<PerformWork>d__13:MoveNext () (at ./Library/PackageCache/com.unity.test-framework@40e262928427/UnityEngine.TestRunner/NUnitExtensions/Runner/CompositeWorkItem.cs:82)
0x000001e9aa245fcc (Mono JIT Code) UnityEditor.TestTools.TestRunner.EditModeRunner:MoveNextAndUpdateYieldObject () (at ./Library/PackageCache/com.unity.test-framework@40e262928427/UnityEditor.TestRunner/TestRunner/EditModeRunner.cs:167)
0x000001e9aa245b7b (Mono JIT Code) UnityEditor.TestTools.TestRunner.EditModeRunner:TestConsumer (UnityEditor.TestTools.TestRunner.TestRunnerStateSerializer) (at ./Library/PackageCache/com.unity.test-framework@40e262928427/UnityEditor.TestRunner/TestRunner/EditModeRunner.cs:200)
0x000001e9aa23c173 (Mono JIT Code) UnityEditor.TestTools.TestRunner.TestRun.Tasks.EditModeRunTask/<Execute>d__1:MoveNext () (at ./Library/PackageCache/com.unity.test-framework@40e262928427/UnityEditor.TestRunner/TestRun/Tasks/EditModeRunTask.cs:48)
0x000001e977129d5e (Mono JIT Code) UnityEditor.TestTools.TestRunner.TestRun.TestJobRunner:ExecuteStep () (at ./Library/PackageCache/com.unity.test-framework@40e262928427/UnityEditor.TestRunner/TestRun/TestJobRunner.cs:173)
0x000001e977128953 (Mono JIT Code) UnityEditor.TestTools.TestRunner.TestRun.TestJobRunner:ExecuteCallback () (at ./Library/PackageCache/com.unity.test-framework@40e262928427/UnityEditor.TestRunner/TestRun/TestJobRunner.cs:108)
0x000001e99df821b8 (Mono JIT Code) UnityEditor.EditorApplication:Internal_CallUpdateFunctions ()
0x000001e8e6514785 (Mono JIT Code) (wrapper runtime-invoke) object:runtime_invoke_void (object,intptr,intptr,intptr)
0x00007fff3fd16e7e (mono-2.0-bdwgc) mono_jit_runtime_invoke (at C:/build/output/Unity-Technologies/mono/mono/mini/mini-runtime.c:3445)
0x00007fff3fc58874 (mono-2.0-bdwgc) do_runtime_invoke (at C:/build/output/Unity-Technologies/mono/mono/metadata/object.c:3068)
0x00007fff3fc58960 (mono-2.0-bdwgc) mono_runtime_invoke (at C:/build/output/Unity-Technologies/mono/mono/metadata/object.c:3115)
0x00007fff38e4cea4 (Unity) scripting_method_invoke
0x00007fff38e25433 (Unity) ScriptingInvocation::Invoke
0x00007fff38e20b35 (Unity) ScriptingInvocation::Invoke<void>
0x00007fff38f8b4bb (Unity) Scripting::UnityEditor::EditorApplicationProxy::Internal_CallUpdateFunctions
0x00007fff3a07e0e4 (Unity) SceneTracker::Update
0x00007fff39be1247 (Unity) Application::TickTimer
0x00007fff3a1b25ac (Unity) MainMessageLoop
0x00007fff3a1b9d1c (Unity) UnityMain
0x00007ff68b302f2a (Unity) __scrt_common_main_seh
0x00007fffddade8d7 (KERNEL32) BaseThreadInitThunk
0x00007fffde88c53c (ntdll) RtlUserThreadStart

[MouseTracker] PlayerInputHandler not found. Mouse compensation will be disabled.
0x00007fff38f222ae (Unity) StackWalker::ShowCallstack
0x00007fff38f31ee9 (Unity) PlatformStacktrace::GetStacktrace
0x00007fff3a1ac04e (Unity) Stacktrace::GetStacktrace
0x00007fff3a7859df (Unity) DebugStringToFile
0x00007fff37fd2930 (Unity) DebugLogHandler_CUSTOM_Internal_Log
0x000001e9766cbd3e (Mono JIT Code) (wrapper managed-to-native) UnityEngine.DebugLogHandler:Internal_Log_Injected (UnityEngine.LogType,UnityEngine.LogOption,UnityEngine.Bindings.ManagedSpanWrapper&,intptr)
0x000001e9766cbb43 (Mono JIT Code) UnityEngine.DebugLogHandler:Internal_Log (UnityEngine.LogType,UnityEngine.LogOption,string,UnityEngine.Object)
0x000001e9766cb7fb (Mono JIT Code) UnityEngine.DebugLogHandler:LogFormat (UnityEngine.LogType,UnityEngine.Object,string,object[])
0x000001e9766ca6ae (Mono JIT Code) UnityEngine.Logger:Log (UnityEngine.LogType,object)
0x000001e9aa2b404d (Mono JIT Code) UnityEngine.Debug:LogWarning (object)
0x000001e9aa2b33ab (Mono JIT Code) MouseTracker:Initialize (RecoilSystem) (at C:/Users/Ubuntu/Desktop/_DEV/AFFECT-2025-10-11/Assets/_SCRIPTS/_PLAYER/Recoil/MouseTracker.cs:80)
0x000001e976d36246 (Mono JIT Code) RecoilSystem:InitializeModules () (at C:/Users/Ubuntu/Desktop/_DEV/AFFECT-2025-10-11/Assets/_SCRIPTS/_PLAYER/Recoil/RecoilSystem.cs:203)
0x000001e976d33eb3 (Mono JIT Code) RecoilSystem:Initialize () (at C:/Users/Ubuntu/Desktop/_DEV/AFFECT-2025-10-11/Assets/_SCRIPTS/_PLAYER/Recoil/RecoilSystem.cs:165)
0x000001e976d333a3 (Mono JIT Code) RecoilSystem:ForceInitializeForTesting () (at C:/Users/Ubuntu/Desktop/_DEV/AFFECT-2025-10-11/Assets/_SCRIPTS/_PLAYER/Recoil/RecoilSystem.cs:632)
0x000001e976d3c213 (Mono JIT Code) RecoilSystemProperties:Property13_GracefulModuleDegradation () (at C:/Users/Ubuntu/Desktop/_DEV/AFFECT-2025-10-11/Assets/_SCRIPTS/Editor/Properties/RecoilSystemProperties.cs:269)
0x000001e9aa264548 (Mono JIT Code) (wrapper runtime-invoke) object:runtime_invoke_void__this__ (object,intptr,intptr,intptr)
0x00007fff3fd16e7e (mono-2.0-bdwgc) mono_jit_runtime_invoke (at C:/build/output/Unity-Technologies/mono/mono/mini/mini-runtime.c:3445)
0x00007fff3fc58874 (mono-2.0-bdwgc) do_runtime_invoke (at C:/build/output/Unity-Technologies/mono/mono/metadata/object.c:3068)
0x00007fff3fc5f926 (mono-2.0-bdwgc) mono_runtime_try_invoke_array (at C:/build/output/Unity-Technologies/mono/mono/metadata/object.c:5774)
0x00007fff3fb91b81 (mono-2.0-bdwgc) ves_icall_InternalInvoke (at C:/build/output/Unity-Technologies/mono/mono/metadata/icall.c:4038)
0x00007fff3fbb7e31 (mono-2.0-bdwgc) ves_icall_InternalInvoke_raw (at C:/build/output/Unity-Technologies/mono/mono/metadata/icall-def.h:692)
0x000001e8e22b0f92 (Mono JIT Code) (wrapper managed-to-native) System.Reflection.RuntimeMethodInfo:InternalInvoke (System.Reflection.RuntimeMethodInfo,object,object[],System.Exception&)
0x000001e8e3c7ea73 (Mono JIT Code) System.Reflection.RuntimeMethodInfo:Invoke (object,System.Reflection.BindingFlags,System.Reflection.Binder,object[],System.Globalization.CultureInfo)
0x000001e8db9555ef (Mono JIT Code) System.Reflection.MethodBase:Invoke (object,object[])
0x000001e9aa26e783 (Mono JIT Code) NUnit.Framework.Internal.Reflect:InvokeMethod (System.Reflection.MethodInfo,object,object[])
0x000001e9aa2760ab (Mono JIT Code) NUnit.Framework.Internal.MethodWrapper:Invoke (object,object[])
0x000001e9aa275f8a (Mono JIT Code) NUnit.Framework.Internal.Commands.TestMethodCommand:RunNonAsyncTestMethod (NUnit.Framework.Internal.ITestExecutionContext)
0x000001e9aa275dd3 (Mono JIT Code) NUnit.Framework.Internal.Commands.TestMethodCommand:RunTestMethod (NUnit.Framework.Internal.ITestExecutionContext)
0x000001e9aa275973 (Mono JIT Code) NUnit.Framework.Internal.Commands.TestMethodCommand:Execute (NUnit.Framework.Internal.ITestExecutionContext)
0x000001e9aa27556b (Mono JIT Code) UnityEngine.TestTools.UnityTestMethodCommand:Execute (NUnit.Framework.Internal.ITestExecutionContext) (at ./Library/PackageCache/com.unity.test-framework@40e262928427/UnityEngine.TestRunner/NUnitExtensions/Commands/UnityTestMethodCommand.cs:19)
0x000001e9aa2752fb (Mono JIT Code) UnityEngine.TestRunner.NUnitExtensions.Runner.UnityLogCheckDelegatingCommand/<>c__DisplayClass2_0:<Execute>b__0 () (at ./Library/PackageCache/com.unity.test-framework@40e262928427/UnityEngine.TestRunner/NUnitExtensions/Runner/UnityLogCheckDelegatingCommand.cs:24)
0x000001e9aa275123 (Mono JIT Code) UnityEngine.TestRunner.NUnitExtensions.Runner.UnityLogCheckDelegatingCommand:CaptureException (NUnit.Framework.Internal.TestResult,System.Action) (at ./Library/PackageCache/com.unity.test-framework@40e262928427/UnityEngine.TestRunner/NUnitExtensions/Runner/UnityLogCheckDelegatingCommand.cs:72)
0x000001e9aa274fb3 (Mono JIT Code) UnityEngine.TestRunner.NUnitExtensions.Runner.UnityLogCheckDelegatingCommand:ExecuteAndCheckLog (UnityEngine.TestTools.Logging.LogScope,NUnit.Framework.Internal.TestResult,System.Action) (at ./Library/PackageCache/com.unity.test-framework@40e262928427/UnityEngine.TestRunner/NUnitExtensions/Runner/UnityLogCheckDelegatingCommand.cs:83)
0x000001e9aa274c3b (Mono JIT Code) UnityEngine.TestRunner.NUnitExtensions.Runner.UnityLogCheckDelegatingCommand:Execute (NUnit.Framework.Internal.ITestExecutionContext) (at ./Library/PackageCache/com.unity.test-framework@40e262928427/UnityEngine.TestRunner/NUnitExtensions/Runner/UnityLogCheckDelegatingCommand.cs:24)
0x000001e9aa273c19 (Mono JIT Code) UnityEngine.TestRunner.NUnitExtensions.Runner.UnityLogCheckDelegatingCommand/<ExecuteEnumerable>d__3:MoveNext () (at ./Library/PackageCache/com.unity.test-framework@40e262928427/UnityEngine.TestRunner/NUnitExtensions/Runner/UnityLogCheckDelegatingCommand.cs:35)
0x000001e9aa251e01 (Mono JIT Code) UnityEngine.TestTools.BeforeAfterTestCommandBase`1/<ExecuteEnumerable>d__16<T_REF>:MoveNext () (at ./Library/PackageCache/com.unity.test-framework@40e262928427/UnityEngine.TestRunner/NUnitExtensions/Commands/BeforeAfterTestCommandBase.cs:212)
0x000001e9aa272fb6 (Mono JIT Code) UnityEngine.TestTools.ImmediateEnumerableCommand:Execute (NUnit.Framework.Internal.ITestExecutionContext) (at ./Library/PackageCache/com.unity.test-framework@40e262928427/UnityEngine.TestRunner/NUnitExtensions/Commands/ImmediateEnumerableCommand.cs:18)
0x000001e9aa251f01 (Mono JIT Code) UnityEngine.TestTools.BeforeAfterTestCommandBase`1/<ExecuteEnumerable>d__16<T_REF>:MoveNext () (at ./Library/PackageCache/com.unity.test-framework@40e262928427/UnityEngine.TestRunner/NUnitExtensions/Commands/BeforeAfterTestCommandBase.cs:219)
0x000001e9aa251e01 (Mono JIT Code) UnityEngine.TestTools.BeforeAfterTestCommandBase`1/<ExecuteEnumerable>d__16<T_REF>:MoveNext () (at ./Library/PackageCache/com.unity.test-framework@40e262928427/UnityEngine.TestRunner/NUnitExtensions/Commands/BeforeAfterTestCommandBase.cs:212)
0x000001e9aa251e01 (Mono JIT Code) UnityEngine.TestTools.BeforeAfterTestCommandBase`1/<ExecuteEnumerable>d__16<T_REF>:MoveNext () (at ./Library/PackageCache/com.unity.test-framework@40e262928427/UnityEngine.TestRunner/NUnitExtensions/Commands/BeforeAfterTestCommandBase.cs:212)
0x000001e9aa26b457 (Mono JIT Code) UnityEngine.TestTools.RetryCommand/<ExecuteEnumerable>d__2:MoveNext () (at ./Library/PackageCache/com.unity.test-framework@40e262928427/UnityEngine.TestRunner/NUnitExtensions/Commands/RetryCommand.cs:37)
0x000001e9aa269f2f (Mono JIT Code) UnityEngine.TestTools.RepeatCommand/<ExecuteEnumerable>d__2:MoveNext () (at ./Library/PackageCache/com.unity.test-framework@40e262928427/UnityEngine.TestRunner/NUnitExtensions/Commands/RepeatCommand.cs:36)
0x000001e9aa268fa6 (Mono JIT Code) UnityEngine.TestTools.IgnoreTestCommand/<ExecuteEnumerable>d__3:MoveNext () (at ./Library/PackageCache/com.unity.test-framework@40e262928427/UnityEngine.TestRunner/NUnitExtensions/Commands/IgnoreTestCommand.cs:42)
0x000001e9aa267c7f (Mono JIT Code) UnityEngine.TestTools.StrictCheckCommand/<ExecuteEnumerable>d__2:MoveNext () (at ./Library/PackageCache/com.unity.test-framework@40e262928427/UnityEngine.TestRunner/NUnitExtensions/Commands/StrictCheckCommand.cs:29)
0x000001e9aa266fe1 (Mono JIT Code) UnityEngine.TestRunner.NUnitExtensions.Runner.DefaultTestWorkItem/<PerformWork>d__2:MoveNext () (at ./Library/PackageCache/com.unity.test-framework@40e262928427/UnityEngine.TestRunner/NUnitExtensions/Runner/DefaultTestWorkItem.cs:50)
0x000001e9aa255e12 (Mono JIT Code) UnityEngine.TestRunner.NUnitExtensions.Runner.CompositeWorkItem/<RunChildren>d__17:MoveNext () (at ./Library/PackageCache/com.unity.test-framework@40e262928427/UnityEngine.TestRunner/NUnitExtensions/Runner/CompositeWorkItem.cs:207)
0x000001e9aa247756 (Mono JIT Code) UnityEngine.TestRunner.NUnitExtensions.Runner.CompositeWorkItem/<PerformWork>d__13:MoveNext () (at ./Library/PackageCache/com.unity.test-framework@40e262928427/UnityEngine.TestRunner/NUnitExtensions/Runner/CompositeWorkItem.cs:82)
0x000001e9aa255e12 (Mono JIT Code) UnityEngine.TestRunner.NUnitExtensions.Runner.CompositeWorkItem/<RunChildren>d__17:MoveNext () (at ./Library/PackageCache/com.unity.test-framework@40e262928427/UnityEngine.TestRunner/NUnitExtensions/Runner/CompositeWorkItem.cs:207)
0x000001e9aa247756 (Mono JIT Code) UnityEngine.TestRunner.NUnitExtensions.Runner.CompositeWorkItem/<PerformWork>d__13:MoveNext () (at ./Library/PackageCache/com.unity.test-framework@40e262928427/UnityEngine.TestRunner/NUnitExtensions/Runner/CompositeWorkItem.cs:82)
0x000001e9aa255e12 (Mono JIT Code) UnityEngine.TestRunner.NUnitExtensions.Runner.CompositeWorkItem/<RunChildren>d__17:MoveNext () (at ./Library/PackageCache/com.unity.test-framework@40e262928427/UnityEngine.TestRunner/NUnitExtensions/Runner/CompositeWorkItem.cs:207)
0x000001e9aa247756 (Mono JIT Code) UnityEngine.TestRunner.NUnitExtensions.Runner.CompositeWorkItem/<PerformWork>d__13:MoveNext () (at ./Library/PackageCache/com.unity.test-framework@40e262928427/UnityEngine.TestRunner/NUnitExtensions/Runner/CompositeWorkItem.cs:82)
0x000001e9aa245fcc (Mono JIT Code) UnityEditor.TestTools.TestRunner.EditModeRunner:MoveNextAndUpdateYieldObject () (at ./Library/PackageCache/com.unity.test-framework@40e262928427/UnityEditor.TestRunner/TestRunner/EditModeRunner.cs:167)
0x000001e9aa245b7b (Mono JIT Code) UnityEditor.TestTools.TestRunner.EditModeRunner:TestConsumer (UnityEditor.TestTools.TestRunner.TestRunnerStateSerializer) (at ./Library/PackageCache/com.unity.test-framework@40e262928427/UnityEditor.TestRunner/TestRunner/EditModeRunner.cs:200)
0x000001e9aa23c173 (Mono JIT Code) UnityEditor.TestTools.TestRunner.TestRun.Tasks.EditModeRunTask/<Execute>d__1:MoveNext () (at ./Library/PackageCache/com.unity.test-framework@40e262928427/UnityEditor.TestRunner/TestRun/Tasks/EditModeRunTask.cs:48)
0x000001e977129d5e (Mono JIT Code) UnityEditor.TestTools.TestRunner.TestRun.TestJobRunner:ExecuteStep () (at ./Library/PackageCache/com.unity.test-framework@40e262928427/UnityEditor.TestRunner/TestRun/TestJobRunner.cs:173)
0x000001e977128953 (Mono JIT Code) UnityEditor.TestTools.TestRunner.TestRun.TestJobRunner:ExecuteCallback () (at ./Library/PackageCache/com.unity.test-framework@40e262928427/UnityEditor.TestRunner/TestRun/TestJobRunner.cs:108)
0x000001e99df821b8 (Mono JIT Code) UnityEditor.EditorApplication:Internal_CallUpdateFunctions ()
0x000001e8e6514785 (Mono JIT Code) (wrapper runtime-invoke) object:runtime_invoke_void (object,intptr,intptr,intptr)
0x00007fff3fd16e7e (mono-2.0-bdwgc) mono_jit_runtime_invoke (at C:/build/output/Unity-Technologies/mono/mono/mini/mini-runtime.c:3445)
0x00007fff3fc58874 (mono-2.0-bdwgc) do_runtime_invoke (at C:/build/output/Unity-Technologies/mono/mono/metadata/object.c:3068)
0x00007fff3fc58960 (mono-2.0-bdwgc) mono_runtime_invoke (at C:/build/output/Unity-Technologies/mono/mono/metadata/object.c:3115)
0x00007fff38e4cea4 (Unity) scripting_method_invoke
0x00007fff38e25433 (Unity) ScriptingInvocation::Invoke
0x00007fff38e20b35 (Unity) ScriptingInvocation::Invoke<void>
0x00007fff38f8b4bb (Unity) Scripting::UnityEditor::EditorApplicationProxy::Internal_CallUpdateFunctions
0x00007fff3a07e0e4 (Unity) SceneTracker::Update
0x00007fff39be1247 (Unity) Application::TickTimer
0x00007fff3a1b25ac (Unity) MainMessageLoop
0x00007fff3a1b9d1c (Unity) UnityMain
0x00007ff68b302f2a (Unity) __scrt_common_main_seh
0x00007fffddade8d7 (KERNEL32) BaseThreadInitThunk
0x00007fffde88c53c (ntdll) RtlUserThreadStart

[MouseTracker] PlayerInputHandler not found. Mouse compensation will be disabled.
0x00007fff38f222ae (Unity) StackWalker::ShowCallstack
0x00007fff38f31ee9 (Unity) PlatformStacktrace::GetStacktrace
0x00007fff3a1ac04e (Unity) Stacktrace::GetStacktrace
0x00007fff3a7859df (Unity) DebugStringToFile
0x00007fff37fd2930 (Unity) DebugLogHandler_CUSTOM_Internal_Log
0x000001e9766cbd3e (Mono JIT Code) (wrapper managed-to-native) UnityEngine.DebugLogHandler:Internal_Log_Injected (UnityEngine.LogType,UnityEngine.LogOption,UnityEngine.Bindings.ManagedSpanWrapper&,intptr)
0x000001e9766cbb43 (Mono JIT Code) UnityEngine.DebugLogHandler:Internal_Log (UnityEngine.LogType,UnityEngine.LogOption,string,UnityEngine.Object)
0x000001e9766cb7fb (Mono JIT Code) UnityEngine.DebugLogHandler:LogFormat (UnityEngine.LogType,UnityEngine.Object,string,object[])
0x000001e9766ca6ae (Mono JIT Code) UnityEngine.Logger:Log (UnityEngine.LogType,object)
0x000001e9aa2b404d (Mono JIT Code) UnityEngine.Debug:LogWarning (object)
0x000001e9aa2b33ab (Mono JIT Code) MouseTracker:Initialize (RecoilSystem) (at C:/Users/Ubuntu/Desktop/_DEV/AFFECT-2025-10-11/Assets/_SCRIPTS/_PLAYER/Recoil/MouseTracker.cs:80)
0x000001e976d36246 (Mono JIT Code) RecoilSystem:InitializeModules () (at C:/Users/Ubuntu/Desktop/_DEV/AFFECT-2025-10-11/Assets/_SCRIPTS/_PLAYER/Recoil/RecoilSystem.cs:203)
0x000001e976d33eb3 (Mono JIT Code) RecoilSystem:Initialize () (at C:/Users/Ubuntu/Desktop/_DEV/AFFECT-2025-10-11/Assets/_SCRIPTS/_PLAYER/Recoil/RecoilSystem.cs:165)
0x000001e976d333a3 (Mono JIT Code) RecoilSystem:ForceInitializeForTesting () (at C:/Users/Ubuntu/Desktop/_DEV/AFFECT-2025-10-11/Assets/_SCRIPTS/_PLAYER/Recoil/RecoilSystem.cs:632)
0x000001e976d3c213 (Mono JIT Code) RecoilSystemProperties:Property13_GracefulModuleDegradation () (at C:/Users/Ubuntu/Desktop/_DEV/AFFECT-2025-10-11/Assets/_SCRIPTS/Editor/Properties/RecoilSystemProperties.cs:269)
0x000001e9aa264548 (Mono JIT Code) (wrapper runtime-invoke) object:runtime_invoke_void__this__ (object,intptr,intptr,intptr)
0x00007fff3fd16e7e (mono-2.0-bdwgc) mono_jit_runtime_invoke (at C:/build/output/Unity-Technologies/mono/mono/mini/mini-runtime.c:3445)
0x00007fff3fc58874 (mono-2.0-bdwgc) do_runtime_invoke (at C:/build/output/Unity-Technologies/mono/mono/metadata/object.c:3068)
0x00007fff3fc5f926 (mono-2.0-bdwgc) mono_runtime_try_invoke_array (at C:/build/output/Unity-Technologies/mono/mono/metadata/object.c:5774)
0x00007fff3fb91b81 (mono-2.0-bdwgc) ves_icall_InternalInvoke (at C:/build/output/Unity-Technologies/mono/mono/metadata/icall.c:4038)
0x00007fff3fbb7e31 (mono-2.0-bdwgc) ves_icall_InternalInvoke_raw (at C:/build/output/Unity-Technologies/mono/mono/metadata/icall-def.h:692)
0x000001e8e22b0f92 (Mono JIT Code) (wrapper managed-to-native) System.Reflection.RuntimeMethodInfo:InternalInvoke (System.Reflection.RuntimeMethodInfo,object,object[],System.Exception&)
0x000001e8e3c7ea73 (Mono JIT Code) System.Reflection.RuntimeMethodInfo:Invoke (object,System.Reflection.BindingFlags,System.Reflection.Binder,object[],System.Globalization.CultureInfo)
0x000001e8db9555ef (Mono JIT Code) System.Reflection.MethodBase:Invoke (object,object[])
0x000001e9aa26e783 (Mono JIT Code) NUnit.Framework.Internal.Reflect:InvokeMethod (System.Reflection.MethodInfo,object,object[])
0x000001e9aa2760ab (Mono JIT Code) NUnit.Framework.Internal.MethodWrapper:Invoke (object,object[])
0x000001e9aa275f8a (Mono JIT Code) NUnit.Framework.Internal.Commands.TestMethodCommand:RunNonAsyncTestMethod (NUnit.Framework.Internal.ITestExecutionContext)
0x000001e9aa275dd3 (Mono JIT Code) NUnit.Framework.Internal.Commands.TestMethodCommand:RunTestMethod (NUnit.Framework.Internal.ITestExecutionContext)
0x000001e9aa275973 (Mono JIT Code) NUnit.Framework.Internal.Commands.TestMethodCommand:Execute (NUnit.Framework.Internal.ITestExecutionContext)
0x000001e9aa27556b (Mono JIT Code) UnityEngine.TestTools.UnityTestMethodCommand:Execute (NUnit.Framework.Internal.ITestExecutionContext) (at ./Library/PackageCache/com.unity.test-framework@40e262928427/UnityEngine.TestRunner/NUnitExtensions/Commands/UnityTestMethodCommand.cs:19)
0x000001e9aa2752fb (Mono JIT Code) UnityEngine.TestRunner.NUnitExtensions.Runner.UnityLogCheckDelegatingCommand/<>c__DisplayClass2_0:<Execute>b__0 () (at ./Library/PackageCache/com.unity.test-framework@40e262928427/UnityEngine.TestRunner/NUnitExtensions/Runner/UnityLogCheckDelegatingCommand.cs:24)
0x000001e9aa275123 (Mono JIT Code) UnityEngine.TestRunner.NUnitExtensions.Runner.UnityLogCheckDelegatingCommand:CaptureException (NUnit.Framework.Internal.TestResult,System.Action) (at ./Library/PackageCache/com.unity.test-framework@40e262928427/UnityEngine.TestRunner/NUnitExtensions/Runner/UnityLogCheckDelegatingCommand.cs:72)
0x000001e9aa274fb3 (Mono JIT Code) UnityEngine.TestRunner.NUnitExtensions.Runner.UnityLogCheckDelegatingCommand:ExecuteAndCheckLog (UnityEngine.TestTools.Logging.LogScope,NUnit.Framework.Internal.TestResult,System.Action) (at ./Library/PackageCache/com.unity.test-framework@40e262928427/UnityEngine.TestRunner/NUnitExtensions/Runner/UnityLogCheckDelegatingCommand.cs:83)
0x000001e9aa274c3b (Mono JIT Code) UnityEngine.TestRunner.NUnitExtensions.Runner.UnityLogCheckDelegatingCommand:Execute (NUnit.Framework.Internal.ITestExecutionContext) (at ./Library/PackageCache/com.unity.test-framework@40e262928427/UnityEngine.TestRunner/NUnitExtensions/Runner/UnityLogCheckDelegatingCommand.cs:24)
0x000001e9aa273c19 (Mono JIT Code) UnityEngine.TestRunner.NUnitExtensions.Runner.UnityLogCheckDelegatingCommand/<ExecuteEnumerable>d__3:MoveNext () (at ./Library/PackageCache/com.unity.test-framework@40e262928427/UnityEngine.TestRunner/NUnitExtensions/Runner/UnityLogCheckDelegatingCommand.cs:35)
0x000001e9aa251e01 (Mono JIT Code) UnityEngine.TestTools.BeforeAfterTestCommandBase`1/<ExecuteEnumerable>d__16<T_REF>:MoveNext () (at ./Library/PackageCache/com.unity.test-framework@40e262928427/UnityEngine.TestRunner/NUnitExtensions/Commands/BeforeAfterTestCommandBase.cs:212)
0x000001e9aa272fb6 (Mono JIT Code) UnityEngine.TestTools.ImmediateEnumerableCommand:Execute (NUnit.Framework.Internal.ITestExecutionContext) (at ./Library/PackageCache/com.unity.test-framework@40e262928427/UnityEngine.TestRunner/NUnitExtensions/Commands/ImmediateEnumerableCommand.cs:18)
0x000001e9aa251f01 (Mono JIT Code) UnityEngine.TestTools.BeforeAfterTestCommandBase`1/<ExecuteEnumerable>d__16<T_REF>:MoveNext () (at ./Library/PackageCache/com.unity.test-framework@40e262928427/UnityEngine.TestRunner/NUnitExtensions/Commands/BeforeAfterTestCommandBase.cs:219)
0x000001e9aa251e01 (Mono JIT Code) UnityEngine.TestTools.BeforeAfterTestCommandBase`1/<ExecuteEnumerable>d__16<T_REF>:MoveNext () (at ./Library/PackageCache/com.unity.test-framework@40e262928427/UnityEngine.TestRunner/NUnitExtensions/Commands/BeforeAfterTestCommandBase.cs:212)
0x000001e9aa251e01 (Mono JIT Code) UnityEngine.TestTools.BeforeAfterTestCommandBase`1/<ExecuteEnumerable>d__16<T_REF>:MoveNext () (at ./Library/PackageCache/com.unity.test-framework@40e262928427/UnityEngine.TestRunner/NUnitExtensions/Commands/BeforeAfterTestCommandBase.cs:212)
0x000001e9aa26b457 (Mono JIT Code) UnityEngine.TestTools.RetryCommand/<ExecuteEnumerable>d__2:MoveNext () (at ./Library/PackageCache/com.unity.test-framework@40e262928427/UnityEngine.TestRunner/NUnitExtensions/Commands/RetryCommand.cs:37)
0x000001e9aa269f2f (Mono JIT Code) UnityEngine.TestTools.RepeatCommand/<ExecuteEnumerable>d__2:MoveNext () (at ./Library/PackageCache/com.unity.test-framework@40e262928427/UnityEngine.TestRunner/NUnitExtensions/Commands/RepeatCommand.cs:36)
0x000001e9aa268fa6 (Mono JIT Code) UnityEngine.TestTools.IgnoreTestCommand/<ExecuteEnumerable>d__3:MoveNext () (at ./Library/PackageCache/com.unity.test-framework@40e262928427/UnityEngine.TestRunner/NUnitExtensions/Commands/IgnoreTestCommand.cs:42)
0x000001e9aa267c7f (Mono JIT Code) UnityEngine.TestTools.StrictCheckCommand/<ExecuteEnumerable>d__2:MoveNext () (at ./Library/PackageCache/com.unity.test-framework@40e262928427/UnityEngine.TestRunner/NUnitExtensions/Commands/StrictCheckCommand.cs:29)
0x000001e9aa266fe1 (Mono JIT Code) UnityEngine.TestRunner.NUnitExtensions.Runner.DefaultTestWorkItem/<PerformWork>d__2:MoveNext () (at ./Library/PackageCache/com.unity.test-framework@40e262928427/UnityEngine.TestRunner/NUnitExtensions/Runner/DefaultTestWorkItem.cs:50)
0x000001e9aa255e12 (Mono JIT Code) UnityEngine.TestRunner.NUnitExtensions.Runner.CompositeWorkItem/<RunChildren>d__17:MoveNext () (at ./Library/PackageCache/com.unity.test-framework@40e262928427/UnityEngine.TestRunner/NUnitExtensions/Runner/CompositeWorkItem.cs:207)
0x000001e9aa247756 (Mono JIT Code) UnityEngine.TestRunner.NUnitExtensions.Runner.CompositeWorkItem/<PerformWork>d__13:MoveNext () (at ./Library/PackageCache/com.unity.test-framework@40e262928427/UnityEngine.TestRunner/NUnitExtensions/Runner/CompositeWorkItem.cs:82)
0x000001e9aa255e12 (Mono JIT Code) UnityEngine.TestRunner.NUnitExtensions.Runner.CompositeWorkItem/<RunChildren>d__17:MoveNext () (at ./Library/PackageCache/com.unity.test-framework@40e262928427/UnityEngine.TestRunner/NUnitExtensions/Runner/CompositeWorkItem.cs:207)
0x000001e9aa247756 (Mono JIT Code) UnityEngine.TestRunner.NUnitExtensions.Runner.CompositeWorkItem/<PerformWork>d__13:MoveNext () (at ./Library/PackageCache/com.unity.test-framework@40e262928427/UnityEngine.TestRunner/NUnitExtensions/Runner/CompositeWorkItem.cs:82)
0x000001e9aa255e12 (Mono JIT Code) UnityEngine.TestRunner.NUnitExtensions.Runner.CompositeWorkItem/<RunChildren>d__17:MoveNext () (at ./Library/PackageCache/com.unity.test-framework@40e262928427/UnityEngine.TestRunner/NUnitExtensions/Runner/CompositeWorkItem.cs:207)
0x000001e9aa247756 (Mono JIT Code) UnityEngine.TestRunner.NUnitExtensions.Runner.CompositeWorkItem/<PerformWork>d__13:MoveNext () (at ./Library/PackageCache/com.unity.test-framework@40e262928427/UnityEngine.TestRunner/NUnitExtensions/Runner/CompositeWorkItem.cs:82)
0x000001e9aa245fcc (Mono JIT Code) UnityEditor.TestTools.TestRunner.EditModeRunner:MoveNextAndUpdateYieldObject () (at ./Library/PackageCache/com.unity.test-framework@40e262928427/UnityEditor.TestRunner/TestRunner/EditModeRunner.cs:167)
0x000001e9aa245b7b (Mono JIT Code) UnityEditor.TestTools.TestRunner.EditModeRunner:TestConsumer (UnityEditor.TestTools.TestRunner.TestRunnerStateSerializer) (at ./Library/PackageCache/com.unity.test-framework@40e262928427/UnityEditor.TestRunner/TestRunner/EditModeRunner.cs:200)
0x000001e9aa23c173 (Mono JIT Code) UnityEditor.TestTools.TestRunner.TestRun.Tasks.EditModeRunTask/<Execute>d__1:MoveNext () (at ./Library/PackageCache/com.unity.test-framework@40e262928427/UnityEditor.TestRunner/TestRun/Tasks/EditModeRunTask.cs:48)
0x000001e977129d5e (Mono JIT Code) UnityEditor.TestTools.TestRunner.TestRun.TestJobRunner:ExecuteStep () (at ./Library/PackageCache/com.unity.test-framework@40e262928427/UnityEditor.TestRunner/TestRun/TestJobRunner.cs:173)
0x000001e977128953 (Mono JIT Code) UnityEditor.TestTools.TestRunner.TestRun.TestJobRunner:ExecuteCallback () (at ./Library/PackageCache/com.unity.test-framework@40e262928427/UnityEditor.TestRunner/TestRun/TestJobRunner.cs:108)
0x000001e99df821b8 (Mono JIT Code) UnityEditor.EditorApplication:Internal_CallUpdateFunctions ()
0x000001e8e6514785 (Mono JIT Code) (wrapper runtime-invoke) object:runtime_invoke_void (object,intptr,intptr,intptr)
0x00007fff3fd16e7e (mono-2.0-bdwgc) mono_jit_runtime_invoke (at C:/build/output/Unity-Technologies/mono/mono/mini/mini-runtime.c:3445)
0x00007fff3fc58874 (mono-2.0-bdwgc) do_runtime_invoke (at C:/build/output/Unity-Technologies/mono/mono/metadata/object.c:3068)
0x00007fff3fc58960 (mono-2.0-bdwgc) mono_runtime_invoke (at C:/build/output/Unity-Technologies/mono/mono/metadata/object.c:3115)
0x00007fff38e4cea4 (Unity) scripting_method_invoke
0x00007fff38e25433 (Unity) ScriptingInvocation::Invoke
0x00007fff38e20b35 (Unity) ScriptingInvocation::Invoke<void>
0x00007fff38f8b4bb (Unity) Scripting::UnityEditor::EditorApplicationProxy::Internal_CallUpdateFunctions
0x00007fff3a07e0e4 (Unity) SceneTracker::Update
0x00007fff39be1247 (Unity) Application::TickTimer
0x00007fff3a1b25ac (Unity) MainMessageLoop
0x00007fff3a1b9d1c (Unity) UnityMain
0x00007ff68b302f2a (Unity) __scrt_common_main_seh
0x00007fffddade8d7 (KERNEL32) BaseThreadInitThunk
0x00007fffde88c53c (ntdll) RtlUserThreadStart

[MouseTracker] PlayerInputHandler not found. Mouse compensation will be disabled.
0x00007fff38f222ae (Unity) StackWalker::ShowCallstack
0x00007fff38f31ee9 (Unity) PlatformStacktrace::GetStacktrace
0x00007fff3a1ac04e (Unity) Stacktrace::GetStacktrace
0x00007fff3a7859df (Unity) DebugStringToFile
0x00007fff37fd2930 (Unity) DebugLogHandler_CUSTOM_Internal_Log
0x000001e9766cbd3e (Mono JIT Code) (wrapper managed-to-native) UnityEngine.DebugLogHandler:Internal_Log_Injected (UnityEngine.LogType,UnityEngine.LogOption,UnityEngine.Bindings.ManagedSpanWrapper&,intptr)
0x000001e9766cbb43 (Mono JIT Code) UnityEngine.DebugLogHandler:Internal_Log (UnityEngine.LogType,UnityEngine.LogOption,string,UnityEngine.Object)
0x000001e9766cb7fb (Mono JIT Code) UnityEngine.DebugLogHandler:LogFormat (UnityEngine.LogType,UnityEngine.Object,string,object[])
0x000001e9766ca6ae (Mono JIT Code) UnityEngine.Logger:Log (UnityEngine.LogType,object)
0x000001e9aa2b404d (Mono JIT Code) UnityEngine.Debug:LogWarning (object)
0x000001e9aa2b33ab (Mono JIT Code) MouseTracker:Initialize (RecoilSystem) (at C:/Users/Ubuntu/Desktop/_DEV/AFFECT-2025-10-11/Assets/_SCRIPTS/_PLAYER/Recoil/MouseTracker.cs:80)
0x000001e976d36246 (Mono JIT Code) RecoilSystem:InitializeModules () (at C:/Users/Ubuntu/Desktop/_DEV/AFFECT-2025-10-11/Assets/_SCRIPTS/_PLAYER/Recoil/RecoilSystem.cs:203)
0x000001e976d33eb3 (Mono JIT Code) RecoilSystem:Initialize () (at C:/Users/Ubuntu/Desktop/_DEV/AFFECT-2025-10-11/Assets/_SCRIPTS/_PLAYER/Recoil/RecoilSystem.cs:165)
0x000001e976d333a3 (Mono JIT Code) RecoilSystem:ForceInitializeForTesting () (at C:/Users/Ubuntu/Desktop/_DEV/AFFECT-2025-10-11/Assets/_SCRIPTS/_PLAYER/Recoil/RecoilSystem.cs:632)
0x000001e976d3c213 (Mono JIT Code) RecoilSystemProperties:Property13_GracefulModuleDegradation () (at C:/Users/Ubuntu/Desktop/_DEV/AFFECT-2025-10-11/Assets/_SCRIPTS/Editor/Properties/RecoilSystemProperties.cs:269)
0x000001e9aa264548 (Mono JIT Code) (wrapper runtime-invoke) object:runtime_invoke_void__this__ (object,intptr,intptr,intptr)
0x00007fff3fd16e7e (mono-2.0-bdwgc) mono_jit_runtime_invoke (at C:/build/output/Unity-Technologies/mono/mono/mini/mini-runtime.c:3445)
0x00007fff3fc58874 (mono-2.0-bdwgc) do_runtime_invoke (at C:/build/output/Unity-Technologies/mono/mono/metadata/object.c:3068)
0x00007fff3fc5f926 (mono-2.0-bdwgc) mono_runtime_try_invoke_array (at C:/build/output/Unity-Technologies/mono/mono/metadata/object.c:5774)
0x00007fff3fb91b81 (mono-2.0-bdwgc) ves_icall_InternalInvoke (at C:/build/output/Unity-Technologies/mono/mono/metadata/icall.c:4038)
0x00007fff3fbb7e31 (mono-2.0-bdwgc) ves_icall_InternalInvoke_raw (at C:/build/output/Unity-Technologies/mono/mono/metadata/icall-def.h:692)
0x000001e8e22b0f92 (Mono JIT Code) (wrapper managed-to-native) System.Reflection.RuntimeMethodInfo:InternalInvoke (System.Reflection.RuntimeMethodInfo,object,object[],System.Exception&)
0x000001e8e3c7ea73 (Mono JIT Code) System.Reflection.RuntimeMethodInfo:Invoke (object,System.Reflection.BindingFlags,System.Reflection.Binder,object[],System.Globalization.CultureInfo)
0x000001e8db9555ef (Mono JIT Code) System.Reflection.MethodBase:Invoke (object,object[])
0x000001e9aa26e783 (Mono JIT Code) NUnit.Framework.Internal.Reflect:InvokeMethod (System.Reflection.MethodInfo,object,object[])
0x000001e9aa2760ab (Mono JIT Code) NUnit.Framework.Internal.MethodWrapper:Invoke (object,object[])
0x000001e9aa275f8a (Mono JIT Code) NUnit.Framework.Internal.Commands.TestMethodCommand:RunNonAsyncTestMethod (NUnit.Framework.Internal.ITestExecutionContext)
0x000001e9aa275dd3 (Mono JIT Code) NUnit.Framework.Internal.Commands.TestMethodCommand:RunTestMethod (NUnit.Framework.Internal.ITestExecutionContext)
0x000001e9aa275973 (Mono JIT Code) NUnit.Framework.Internal.Commands.TestMethodCommand:Execute (NUnit.Framework.Internal.ITestExecutionContext)
0x000001e9aa27556b (Mono JIT Code) UnityEngine.TestTools.UnityTestMethodCommand:Execute (NUnit.Framework.Internal.ITestExecutionContext) (at ./Library/PackageCache/com.unity.test-framework@40e262928427/UnityEngine.TestRunner/NUnitExtensions/Commands/UnityTestMethodCommand.cs:19)
0x000001e9aa2752fb (Mono JIT Code) UnityEngine.TestRunner.NUnitExtensions.Runner.UnityLogCheckDelegatingCommand/<>c__DisplayClass2_0:<Execute>b__0 () (at ./Library/PackageCache/com.unity.test-framework@40e262928427/UnityEngine.TestRunner/NUnitExtensions/Runner/UnityLogCheckDelegatingCommand.cs:24)
0x000001e9aa275123 (Mono JIT Code) UnityEngine.TestRunner.NUnitExtensions.Runner.UnityLogCheckDelegatingCommand:CaptureException (NUnit.Framework.Internal.TestResult,System.Action) (at ./Library/PackageCache/com.unity.test-framework@40e262928427/UnityEngine.TestRunner/NUnitExtensions/Runner/UnityLogCheckDelegatingCommand.cs:72)
0x000001e9aa274fb3 (Mono JIT Code) UnityEngine.TestRunner.NUnitExtensions.Runner.UnityLogCheckDelegatingCommand:ExecuteAndCheckLog (UnityEngine.TestTools.Logging.LogScope,NUnit.Framework.Internal.TestResult,System.Action) (at ./Library/PackageCache/com.unity.test-framework@40e262928427/UnityEngine.TestRunner/NUnitExtensions/Runner/UnityLogCheckDelegatingCommand.cs:83)
0x000001e9aa274c3b (Mono JIT Code) UnityEngine.TestRunner.NUnitExtensions.Runner.UnityLogCheckDelegatingCommand:Execute (NUnit.Framework.Internal.ITestExecutionContext) (at ./Library/PackageCache/com.unity.test-framework@40e262928427/UnityEngine.TestRunner/NUnitExtensions/Runner/UnityLogCheckDelegatingCommand.cs:24)
0x000001e9aa273c19 (Mono JIT Code) UnityEngine.TestRunner.NUnitExtensions.Runner.UnityLogCheckDelegatingCommand/<ExecuteEnumerable>d__3:MoveNext () (at ./Library/PackageCache/com.unity.test-framework@40e262928427/UnityEngine.TestRunner/NUnitExtensions/Runner/UnityLogCheckDelegatingCommand.cs:35)
0x000001e9aa251e01 (Mono JIT Code) UnityEngine.TestTools.BeforeAfterTestCommandBase`1/<ExecuteEnumerable>d__16<T_REF>:MoveNext () (at ./Library/PackageCache/com.unity.test-framework@40e262928427/UnityEngine.TestRunner/NUnitExtensions/Commands/BeforeAfterTestCommandBase.cs:212)
0x000001e9aa272fb6 (Mono JIT Code) UnityEngine.TestTools.ImmediateEnumerableCommand:Execute (NUnit.Framework.Internal.ITestExecutionContext) (at ./Library/PackageCache/com.unity.test-framework@40e262928427/UnityEngine.TestRunner/NUnitExtensions/Commands/ImmediateEnumerableCommand.cs:18)
0x000001e9aa251f01 (Mono JIT Code) UnityEngine.TestTools.BeforeAfterTestCommandBase`1/<ExecuteEnumerable>d__16<T_REF>:MoveNext () (at ./Library/PackageCache/com.unity.test-framework@40e262928427/UnityEngine.TestRunner/NUnitExtensions/Commands/BeforeAfterTestCommandBase.cs:219)
0x000001e9aa251e01 (Mono JIT Code) UnityEngine.TestTools.BeforeAfterTestCommandBase`1/<ExecuteEnumerable>d__16<T_REF>:MoveNext () (at ./Library/PackageCache/com.unity.test-framework@40e262928427/UnityEngine.TestRunner/NUnitExtensions/Commands/BeforeAfterTestCommandBase.cs:212)
0x000001e9aa251e01 (Mono JIT Code) UnityEngine.TestTools.BeforeAfterTestCommandBase`1/<ExecuteEnumerable>d__16<T_REF>:MoveNext () (at ./Library/PackageCache/com.unity.test-framework@40e262928427/UnityEngine.TestRunner/NUnitExtensions/Commands/BeforeAfterTestCommandBase.cs:212)
0x000001e9aa26b457 (Mono JIT Code) UnityEngine.TestTools.RetryCommand/<ExecuteEnumerable>d__2:MoveNext () (at ./Library/PackageCache/com.unity.test-framework@40e262928427/UnityEngine.TestRunner/NUnitExtensions/Commands/RetryCommand.cs:37)
0x000001e9aa269f2f (Mono JIT Code) UnityEngine.TestTools.RepeatCommand/<ExecuteEnumerable>d__2:MoveNext () (at ./Library/PackageCache/com.unity.test-framework@40e262928427/UnityEngine.TestRunner/NUnitExtensions/Commands/RepeatCommand.cs:36)
0x000001e9aa268fa6 (Mono JIT Code) UnityEngine.TestTools.IgnoreTestCommand/<ExecuteEnumerable>d__3:MoveNext () (at ./Library/PackageCache/com.unity.test-framework@40e262928427/UnityEngine.TestRunner/NUnitExtensions/Commands/IgnoreTestCommand.cs:42)
0x000001e9aa267c7f (Mono JIT Code) UnityEngine.TestTools.StrictCheckCommand/<ExecuteEnumerable>d__2:MoveNext () (at ./Library/PackageCache/com.unity.test-framework@40e262928427/UnityEngine.TestRunner/NUnitExtensions/Commands/StrictCheckCommand.cs:29)
0x000001e9aa266fe1 (Mono JIT Code) UnityEngine.TestRunner.NUnitExtensions.Runner.DefaultTestWorkItem/<PerformWork>d__2:MoveNext () (at ./Library/PackageCache/com.unity.test-framework@40e262928427/UnityEngine.TestRunner/NUnitExtensions/Runner/DefaultTestWorkItem.cs:50)
0x000001e9aa255e12 (Mono JIT Code) UnityEngine.TestRunner.NUnitExtensions.Runner.CompositeWorkItem/<RunChildren>d__17:MoveNext () (at ./Library/PackageCache/com.unity.test-framework@40e262928427/UnityEngine.TestRunner/NUnitExtensions/Runner/CompositeWorkItem.cs:207)
0x000001e9aa247756 (Mono JIT Code) UnityEngine.TestRunner.NUnitExtensions.Runner.CompositeWorkItem/<PerformWork>d__13:MoveNext () (at ./Library/PackageCache/com.unity.test-framework@40e262928427/UnityEngine.TestRunner/NUnitExtensions/Runner/CompositeWorkItem.cs:82)
0x000001e9aa255e12 (Mono JIT Code) UnityEngine.TestRunner.NUnitExtensions.Runner.CompositeWorkItem/<RunChildren>d__17:MoveNext () (at ./Library/PackageCache/com.unity.test-framework@40e262928427/UnityEngine.TestRunner/NUnitExtensions/Runner/CompositeWorkItem.cs:207)
0x000001e9aa247756 (Mono JIT Code) UnityEngine.TestRunner.NUnitExtensions.Runner.CompositeWorkItem/<PerformWork>d__13:MoveNext () (at ./Library/PackageCache/com.unity.test-framework@40e262928427/UnityEngine.TestRunner/NUnitExtensions/Runner/CompositeWorkItem.cs:82)
0x000001e9aa255e12 (Mono JIT Code) UnityEngine.TestRunner.NUnitExtensions.Runner.CompositeWorkItem/<RunChildren>d__17:MoveNext () (at ./Library/PackageCache/com.unity.test-framework@40e262928427/UnityEngine.TestRunner/NUnitExtensions/Runner/CompositeWorkItem.cs:207)
0x000001e9aa247756 (Mono JIT Code) UnityEngine.TestRunner.NUnitExtensions.Runner.CompositeWorkItem/<PerformWork>d__13:MoveNext () (at ./Library/PackageCache/com.unity.test-framework@40e262928427/UnityEngine.TestRunner/NUnitExtensions/Runner/CompositeWorkItem.cs:82)
0x000001e9aa245fcc (Mono JIT Code) UnityEditor.TestTools.TestRunner.EditModeRunner:MoveNextAndUpdateYieldObject () (at ./Library/PackageCache/com.unity.test-framework@40e262928427/UnityEditor.TestRunner/TestRunner/EditModeRunner.cs:167)
0x000001e9aa245b7b (Mono JIT Code) UnityEditor.TestTools.TestRunner.EditModeRunner:TestConsumer (UnityEditor.TestTools.TestRunner.TestRunnerStateSerializer) (at ./Library/PackageCache/com.unity.test-framework@40e262928427/UnityEditor.TestRunner/TestRunner/EditModeRunner.cs:200)
0x000001e9aa23c173 (Mono JIT Code) UnityEditor.TestTools.TestRunner.TestRun.Tasks.EditModeRunTask/<Execute>d__1:MoveNext () (at ./Library/PackageCache/com.unity.test-framework@40e262928427/UnityEditor.TestRunner/TestRun/Tasks/EditModeRunTask.cs:48)
0x000001e977129d5e (Mono JIT Code) UnityEditor.TestTools.TestRunner.TestRun.TestJobRunner:ExecuteStep () (at ./Library/PackageCache/com.unity.test-framework@40e262928427/UnityEditor.TestRunner/TestRun/TestJobRunner.cs:173)
0x000001e977128953 (Mono JIT Code) UnityEditor.TestTools.TestRunner.TestRun.TestJobRunner:ExecuteCallback () (at ./Library/PackageCache/com.unity.test-framework@40e262928427/UnityEditor.TestRunner/TestRun/TestJobRunner.cs:108)
0x000001e99df821b8 (Mono JIT Code) UnityEditor.EditorApplication:Internal_CallUpdateFunctions ()
0x000001e8e6514785 (Mono JIT Code) (wrapper runtime-invoke) object:runtime_invoke_void (object,intptr,intptr,intptr)
0x00007fff3fd16e7e (mono-2.0-bdwgc) mono_jit_runtime_invoke (at C:/build/output/Unity-Technologies/mono/mono/mini/mini-runtime.c:3445)
0x00007fff3fc58874 (mono-2.0-bdwgc) do_runtime_invoke (at C:/build/output/Unity-Technologies/mono/mono/metadata/object.c:3068)
0x00007fff3fc58960 (mono-2.0-bdwgc) mono_runtime_invoke (at C:/build/output/Unity-Technologies/mono/mono/metadata/object.c:3115)
0x00007fff38e4cea4 (Unity) scripting_method_invoke
0x00007fff38e25433 (Unity) ScriptingInvocation::Invoke
0x00007fff38e20b35 (Unity) ScriptingInvocation::Invoke<void>
0x00007fff38f8b4bb (Unity) Scripting::UnityEditor::EditorApplicationProxy::Internal_CallUpdateFunctions
0x00007fff3a07e0e4 (Unity) SceneTracker::Update
0x00007fff39be1247 (Unity) Application::TickTimer
0x00007fff3a1b25ac (Unity) MainMessageLoop
0x00007fff3a1b9d1c (Unity) UnityMain
0x00007ff68b302f2a (Unity) __scrt_common_main_seh
0x00007fffddade8d7 (KERNEL32) BaseThreadInitThunk
0x00007fffde88c53c (ntdll) RtlUserThreadStart

[MouseTracker] PlayerInputHandler not found. Mouse compensation will be disabled.
0x00007fff38f222ae (Unity) StackWalker::ShowCallstack
0x00007fff38f31ee9 (Unity) PlatformStacktrace::GetStacktrace
0x00007fff3a1ac04e (Unity) Stacktrace::GetStacktrace
0x00007fff3a7859df (Unity) DebugStringToFile
0x00007fff37fd2930 (Unity) DebugLogHandler_CUSTOM_Internal_Log
0x000001e9766cbd3e (Mono JIT Code) (wrapper managed-to-native) UnityEngine.DebugLogHandler:Internal_Log_Injected (UnityEngine.LogType,UnityEngine.LogOption,UnityEngine.Bindings.ManagedSpanWrapper&,intptr)
0x000001e9766cbb43 (Mono JIT Code) UnityEngine.DebugLogHandler:Internal_Log (UnityEngine.LogType,UnityEngine.LogOption,string,UnityEngine.Object)
0x000001e9766cb7fb (Mono JIT Code) UnityEngine.DebugLogHandler:LogFormat (UnityEngine.LogType,UnityEngine.Object,string,object[])
0x000001e9766ca6ae (Mono JIT Code) UnityEngine.Logger:Log (UnityEngine.LogType,object)
0x000001e9aa2b404d (Mono JIT Code) UnityEngine.Debug:LogWarning (object)
0x000001e9aa2b33ab (Mono JIT Code) MouseTracker:Initialize (RecoilSystem) (at C:/Users/Ubuntu/Desktop/_DEV/AFFECT-2025-10-11/Assets/_SCRIPTS/_PLAYER/Recoil/MouseTracker.cs:80)
0x000001e976d36246 (Mono JIT Code) RecoilSystem:InitializeModules () (at C:/Users/Ubuntu/Desktop/_DEV/AFFECT-2025-10-11/Assets/_SCRIPTS/_PLAYER/Recoil/RecoilSystem.cs:203)
0x000001e976d33eb3 (Mono JIT Code) RecoilSystem:Initialize () (at C:/Users/Ubuntu/Desktop/_DEV/AFFECT-2025-10-11/Assets/_SCRIPTS/_PLAYER/Recoil/RecoilSystem.cs:165)
0x000001e976d333a3 (Mono JIT Code) RecoilSystem:ForceInitializeForTesting () (at C:/Users/Ubuntu/Desktop/_DEV/AFFECT-2025-10-11/Assets/_SCRIPTS/_PLAYER/Recoil/RecoilSystem.cs:632)
0x000001e976d3c213 (Mono JIT Code) RecoilSystemProperties:Property13_GracefulModuleDegradation () (at C:/Users/Ubuntu/Desktop/_DEV/AFFECT-2025-10-11/Assets/_SCRIPTS/Editor/Properties/RecoilSystemProperties.cs:269)
0x000001e9aa264548 (Mono JIT Code) (wrapper runtime-invoke) object:runtime_invoke_void__this__ (object,intptr,intptr,intptr)
0x00007fff3fd16e7e (mono-2.0-bdwgc) mono_jit_runtime_invoke (at C:/build/output/Unity-Technologies/mono/mono/mini/mini-runtime.c:3445)
0x00007fff3fc58874 (mono-2.0-bdwgc) do_runtime_invoke (at C:/build/output/Unity-Technologies/mono/mono/metadata/object.c:3068)
0x00007fff3fc5f926 (mono-2.0-bdwgc) mono_runtime_try_invoke_array (at C:/build/output/Unity-Technologies/mono/mono/metadata/object.c:5774)
0x00007fff3fb91b81 (mono-2.0-bdwgc) ves_icall_InternalInvoke (at C:/build/output/Unity-Technologies/mono/mono/metadata/icall.c:4038)
0x00007fff3fbb7e31 (mono-2.0-bdwgc) ves_icall_InternalInvoke_raw (at C:/build/output/Unity-Technologies/mono/mono/metadata/icall-def.h:692)
0x000001e8e22b0f92 (Mono JIT Code) (wrapper managed-to-native) System.Reflection.RuntimeMethodInfo:InternalInvoke (System.Reflection.RuntimeMethodInfo,object,object[],System.Exception&)
0x000001e8e3c7ea73 (Mono JIT Code) System.Reflection.RuntimeMethodInfo:Invoke (object,System.Reflection.BindingFlags,System.Reflection.Binder,object[],System.Globalization.CultureInfo)
0x000001e8db9555ef (Mono JIT Code) System.Reflection.MethodBase:Invoke (object,object[])
0x000001e9aa26e783 (Mono JIT Code) NUnit.Framework.Internal.Reflect:InvokeMethod (System.Reflection.MethodInfo,object,object[])
0x000001e9aa2760ab (Mono JIT Code) NUnit.Framework.Internal.MethodWrapper:Invoke (object,object[])
0x000001e9aa275f8a (Mono JIT Code) NUnit.Framework.Internal.Commands.TestMethodCommand:RunNonAsyncTestMethod (NUnit.Framework.Internal.ITestExecutionContext)
0x000001e9aa275dd3 (Mono JIT Code) NUnit.Framework.Internal.Commands.TestMethodCommand:RunTestMethod (NUnit.Framework.Internal.ITestExecutionContext)
0x000001e9aa275973 (Mono JIT Code) NUnit.Framework.Internal.Commands.TestMethodCommand:Execute (NUnit.Framework.Internal.ITestExecutionContext)
0x000001e9aa27556b (Mono JIT Code) UnityEngine.TestTools.UnityTestMethodCommand:Execute (NUnit.Framework.Internal.ITestExecutionContext) (at ./Library/PackageCache/com.unity.test-framework@40e262928427/UnityEngine.TestRunner/NUnitExtensions/Commands/UnityTestMethodCommand.cs:19)
0x000001e9aa2752fb (Mono JIT Code) UnityEngine.TestRunner.NUnitExtensions.Runner.UnityLogCheckDelegatingCommand/<>c__DisplayClass2_0:<Execute>b__0 () (at ./Library/PackageCache/com.unity.test-framework@40e262928427/UnityEngine.TestRunner/NUnitExtensions/Runner/UnityLogCheckDelegatingCommand.cs:24)
0x000001e9aa275123 (Mono JIT Code) UnityEngine.TestRunner.NUnitExtensions.Runner.UnityLogCheckDelegatingCommand:CaptureException (NUnit.Framework.Internal.TestResult,System.Action) (at ./Library/PackageCache/com.unity.test-framework@40e262928427/UnityEngine.TestRunner/NUnitExtensions/Runner/UnityLogCheckDelegatingCommand.cs:72)
0x000001e9aa274fb3 (Mono JIT Code) UnityEngine.TestRunner.NUnitExtensions.Runner.UnityLogCheckDelegatingCommand:ExecuteAndCheckLog (UnityEngine.TestTools.Logging.LogScope,NUnit.Framework.Internal.TestResult,System.Action) (at ./Library/PackageCache/com.unity.test-framework@40e262928427/UnityEngine.TestRunner/NUnitExtensions/Runner/UnityLogCheckDelegatingCommand.cs:83)
0x000001e9aa274c3b (Mono JIT Code) UnityEngine.TestRunner.NUnitExtensions.Runner.UnityLogCheckDelegatingCommand:Execute (NUnit.Framework.Internal.ITestExecutionContext) (at ./Library/PackageCache/com.unity.test-framework@40e262928427/UnityEngine.TestRunner/NUnitExtensions/Runner/UnityLogCheckDelegatingCommand.cs:24)
0x000001e9aa273c19 (Mono JIT Code) UnityEngine.TestRunner.NUnitExtensions.Runner.UnityLogCheckDelegatingCommand/<ExecuteEnumerable>d__3:MoveNext () (at ./Library/PackageCache/com.unity.test-framework@40e262928427/UnityEngine.TestRunner/NUnitExtensions/Runner/UnityLogCheckDelegatingCommand.cs:35)
0x000001e9aa251e01 (Mono JIT Code) UnityEngine.TestTools.BeforeAfterTestCommandBase`1/<ExecuteEnumerable>d__16<T_REF>:MoveNext () (at ./Library/PackageCache/com.unity.test-framework@40e262928427/UnityEngine.TestRunner/NUnitExtensions/Commands/BeforeAfterTestCommandBase.cs:212)
0x000001e9aa272fb6 (Mono JIT Code) UnityEngine.TestTools.ImmediateEnumerableCommand:Execute (NUnit.Framework.Internal.ITestExecutionContext) (at ./Library/PackageCache/com.unity.test-framework@40e262928427/UnityEngine.TestRunner/NUnitExtensions/Commands/ImmediateEnumerableCommand.cs:18)
0x000001e9aa251f01 (Mono JIT Code) UnityEngine.TestTools.BeforeAfterTestCommandBase`1/<ExecuteEnumerable>d__16<T_REF>:MoveNext () (at ./Library/PackageCache/com.unity.test-framework@40e262928427/UnityEngine.TestRunner/NUnitExtensions/Commands/BeforeAfterTestCommandBase.cs:219)
0x000001e9aa251e01 (Mono JIT Code) UnityEngine.TestTools.BeforeAfterTestCommandBase`1/<ExecuteEnumerable>d__16<T_REF>:MoveNext () (at ./Library/PackageCache/com.unity.test-framework@40e262928427/UnityEngine.TestRunner/NUnitExtensions/Commands/BeforeAfterTestCommandBase.cs:212)
0x000001e9aa251e01 (Mono JIT Code) UnityEngine.TestTools.BeforeAfterTestCommandBase`1/<ExecuteEnumerable>d__16<T_REF>:MoveNext () (at ./Library/PackageCache/com.unity.test-framework@40e262928427/UnityEngine.TestRunner/NUnitExtensions/Commands/BeforeAfterTestCommandBase.cs:212)
0x000001e9aa26b457 (Mono JIT Code) UnityEngine.TestTools.RetryCommand/<ExecuteEnumerable>d__2:MoveNext () (at ./Library/PackageCache/com.unity.test-framework@40e262928427/UnityEngine.TestRunner/NUnitExtensions/Commands/RetryCommand.cs:37)
0x000001e9aa269f2f (Mono JIT Code) UnityEngine.TestTools.RepeatCommand/<ExecuteEnumerable>d__2:MoveNext () (at ./Library/PackageCache/com.unity.test-framework@40e262928427/UnityEngine.TestRunner/NUnitExtensions/Commands/RepeatCommand.cs:36)
0x000001e9aa268fa6 (Mono JIT Code) UnityEngine.TestTools.IgnoreTestCommand/<ExecuteEnumerable>d__3:MoveNext () (at ./Library/PackageCache/com.unity.test-framework@40e262928427/UnityEngine.TestRunner/NUnitExtensions/Commands/IgnoreTestCommand.cs:42)
0x000001e9aa267c7f (Mono JIT Code) UnityEngine.TestTools.StrictCheckCommand/<ExecuteEnumerable>d__2:MoveNext () (at ./Library/PackageCache/com.unity.test-framework@40e262928427/UnityEngine.TestRunner/NUnitExtensions/Commands/StrictCheckCommand.cs:29)
0x000001e9aa266fe1 (Mono JIT Code) UnityEngine.TestRunner.NUnitExtensions.Runner.DefaultTestWorkItem/<PerformWork>d__2:MoveNext () (at ./Library/PackageCache/com.unity.test-framework@40e262928427/UnityEngine.TestRunner/NUnitExtensions/Runner/DefaultTestWorkItem.cs:50)
0x000001e9aa255e12 (Mono JIT Code) UnityEngine.TestRunner.NUnitExtensions.Runner.CompositeWorkItem/<RunChildren>d__17:MoveNext () (at ./Library/PackageCache/com.unity.test-framework@40e262928427/UnityEngine.TestRunner/NUnitExtensions/Runner/CompositeWorkItem.cs:207)
0x000001e9aa247756 (Mono JIT Code) UnityEngine.TestRunner.NUnitExtensions.Runner.CompositeWorkItem/<PerformWork>d__13:MoveNext () (at ./Library/PackageCache/com.unity.test-framework@40e262928427/UnityEngine.TestRunner/NUnitExtensions/Runner/CompositeWorkItem.cs:82)
0x000001e9aa255e12 (Mono JIT Code) UnityEngine.TestRunner.NUnitExtensions.Runner.CompositeWorkItem/<RunChildren>d__17:MoveNext () (at ./Library/PackageCache/com.unity.test-framework@40e262928427/UnityEngine.TestRunner/NUnitExtensions/Runner/CompositeWorkItem.cs:207)
0x000001e9aa247756 (Mono JIT Code) UnityEngine.TestRunner.NUnitExtensions.Runner.CompositeWorkItem/<PerformWork>d__13:MoveNext () (at ./Library/PackageCache/com.unity.test-framework@40e262928427/UnityEngine.TestRunner/NUnitExtensions/Runner/CompositeWorkItem.cs:82)
0x000001e9aa255e12 (Mono JIT Code) UnityEngine.TestRunner.NUnitExtensions.Runner.CompositeWorkItem/<RunChildren>d__17:MoveNext () (at ./Library/PackageCache/com.unity.test-framework@40e262928427/UnityEngine.TestRunner/NUnitExtensions/Runner/CompositeWorkItem.cs:207)
0x000001e9aa247756 (Mono JIT Code) UnityEngine.TestRunner.NUnitExtensions.Runner.CompositeWorkItem/<PerformWork>d__13:MoveNext () (at ./Library/PackageCache/com.unity.test-framework@40e262928427/UnityEngine.TestRunner/NUnitExtensions/Runner/CompositeWorkItem.cs:82)
0x000001e9aa245fcc (Mono JIT Code) UnityEditor.TestTools.TestRunner.EditModeRunner:MoveNextAndUpdateYieldObject () (at ./Library/PackageCache/com.unity.test-framework@40e262928427/UnityEditor.TestRunner/TestRunner/EditModeRunner.cs:167)
0x000001e9aa245b7b (Mono JIT Code) UnityEditor.TestTools.TestRunner.EditModeRunner:TestConsumer (UnityEditor.TestTools.TestRunner.TestRunnerStateSerializer) (at ./Library/PackageCache/com.unity.test-framework@40e262928427/UnityEditor.TestRunner/TestRunner/EditModeRunner.cs:200)
0x000001e9aa23c173 (Mono JIT Code) UnityEditor.TestTools.TestRunner.TestRun.Tasks.EditModeRunTask/<Execute>d__1:MoveNext () (at ./Library/PackageCache/com.unity.test-framework@40e262928427/UnityEditor.TestRunner/TestRun/Tasks/EditModeRunTask.cs:48)
0x000001e977129d5e (Mono JIT Code) UnityEditor.TestTools.TestRunner.TestRun.TestJobRunner:ExecuteStep () (at ./Library/PackageCache/com.unity.test-framework@40e262928427/UnityEditor.TestRunner/TestRun/TestJobRunner.cs:173)
0x000001e977128953 (Mono JIT Code) UnityEditor.TestTools.TestRunner.TestRun.TestJobRunner:ExecuteCallback () (at ./Library/PackageCache/com.unity.test-framework@40e262928427/UnityEditor.TestRunner/TestRun/TestJobRunner.cs:108)
0x000001e99df821b8 (Mono JIT Code) UnityEditor.EditorApplication:Internal_CallUpdateFunctions ()
0x000001e8e6514785 (Mono JIT Code) (wrapper runtime-invoke) object:runtime_invoke_void (object,intptr,intptr,intptr)
0x00007fff3fd16e7e (mono-2.0-bdwgc) mono_jit_runtime_invoke (at C:/build/output/Unity-Technologies/mono/mono/mini/mini-runtime.c:3445)
0x00007fff3fc58874 (mono-2.0-bdwgc) do_runtime_invoke (at C:/build/output/Unity-Technologies/mono/mono/metadata/object.c:3068)
0x00007fff3fc58960 (mono-2.0-bdwgc) mono_runtime_invoke (at C:/build/output/Unity-Technologies/mono/mono/metadata/object.c:3115)
0x00007fff38e4cea4 (Unity) scripting_method_invoke
0x00007fff38e25433 (Unity) ScriptingInvocation::Invoke
0x00007fff38e20b35 (Unity) ScriptingInvocation::Invoke<void>
0x00007fff38f8b4bb (Unity) Scripting::UnityEditor::EditorApplicationProxy::Internal_CallUpdateFunctions
0x00007fff3a07e0e4 (Unity) SceneTracker::Update
0x00007fff39be1247 (Unity) Application::TickTimer
0x00007fff3a1b25ac (Unity) MainMessageLoop
0x00007fff3a1b9d1c (Unity) UnityMain
0x00007ff68b302f2a (Unity) __scrt_common_main_seh
0x00007fffddade8d7 (KERNEL32) BaseThreadInitThunk
0x00007fffde88c53c (ntdll) RtlUserThreadStart

[MouseTracker] PlayerInputHandler not found. Mouse compensation will be disabled.
0x00007fff38f222ae (Unity) StackWalker::ShowCallstack
0x00007fff38f31ee9 (Unity) PlatformStacktrace::GetStacktrace
0x00007fff3a1ac04e (Unity) Stacktrace::GetStacktrace
0x00007fff3a7859df (Unity) DebugStringToFile
0x00007fff37fd2930 (Unity) DebugLogHandler_CUSTOM_Internal_Log
0x000001e9766cbd3e (Mono JIT Code) (wrapper managed-to-native) UnityEngine.DebugLogHandler:Internal_Log_Injected (UnityEngine.LogType,UnityEngine.LogOption,UnityEngine.Bindings.ManagedSpanWrapper&,intptr)
0x000001e9766cbb43 (Mono JIT Code) UnityEngine.DebugLogHandler:Internal_Log (UnityEngine.LogType,UnityEngine.LogOption,string,UnityEngine.Object)
0x000001e9766cb7fb (Mono JIT Code) UnityEngine.DebugLogHandler:LogFormat (UnityEngine.LogType,UnityEngine.Object,string,object[])
0x000001e9766ca6ae (Mono JIT Code) UnityEngine.Logger:Log (UnityEngine.LogType,object)
0x000001e9aa2b404d (Mono JIT Code) UnityEngine.Debug:LogWarning (object)
0x000001e9aa2b33ab (Mono JIT Code) MouseTracker:Initialize (RecoilSystem) (at C:/Users/Ubuntu/Desktop/_DEV/AFFECT-2025-10-11/Assets/_SCRIPTS/_PLAYER/Recoil/MouseTracker.cs:80)
0x000001e976d36246 (Mono JIT Code) RecoilSystem:InitializeModules () (at C:/Users/Ubuntu/Desktop/_DEV/AFFECT-2025-10-11/Assets/_SCRIPTS/_PLAYER/Recoil/RecoilSystem.cs:203)
0x000001e976d33eb3 (Mono JIT Code) RecoilSystem:Initialize () (at C:/Users/Ubuntu/Desktop/_DEV/AFFECT-2025-10-11/Assets/_SCRIPTS/_PLAYER/Recoil/RecoilSystem.cs:165)
0x000001e976d333a3 (Mono JIT Code) RecoilSystem:ForceInitializeForTesting () (at C:/Users/Ubuntu/Desktop/_DEV/AFFECT-2025-10-11/Assets/_SCRIPTS/_PLAYER/Recoil/RecoilSystem.cs:632)
0x000001e976d3c213 (Mono JIT Code) RecoilSystemProperties:Property13_GracefulModuleDegradation () (at C:/Users/Ubuntu/Desktop/_DEV/AFFECT-2025-10-11/Assets/_SCRIPTS/Editor/Properties/RecoilSystemProperties.cs:269)
0x000001e9aa264548 (Mono JIT Code) (wrapper runtime-invoke) object:runtime_invoke_void__this__ (object,intptr,intptr,intptr)
0x00007fff3fd16e7e (mono-2.0-bdwgc) mono_jit_runtime_invoke (at C:/build/output/Unity-Technologies/mono/mono/mini/mini-runtime.c:3445)
0x00007fff3fc58874 (mono-2.0-bdwgc) do_runtime_invoke (at C:/build/output/Unity-Technologies/mono/mono/metadata/object.c:3068)
0x00007fff3fc5f926 (mono-2.0-bdwgc) mono_runtime_try_invoke_array (at C:/build/output/Unity-Technologies/mono/mono/metadata/object.c:5774)
0x00007fff3fb91b81 (mono-2.0-bdwgc) ves_icall_InternalInvoke (at C:/build/output/Unity-Technologies/mono/mono/metadata/icall.c:4038)
0x00007fff3fbb7e31 (mono-2.0-bdwgc) ves_icall_InternalInvoke_raw (at C:/build/output/Unity-Technologies/mono/mono/metadata/icall-def.h:692)
0x000001e8e22b0f92 (Mono JIT Code) (wrapper managed-to-native) System.Reflection.RuntimeMethodInfo:InternalInvoke (System.Reflection.RuntimeMethodInfo,object,object[],System.Exception&)
0x000001e8e3c7ea73 (Mono JIT Code) System.Reflection.RuntimeMethodInfo:Invoke (object,System.Reflection.BindingFlags,System.Reflection.Binder,object[],System.Globalization.CultureInfo)
0x000001e8db9555ef (Mono JIT Code) System.Reflection.MethodBase:Invoke (object,object[])
0x000001e9aa26e783 (Mono JIT Code) NUnit.Framework.Internal.Reflect:InvokeMethod (System.Reflection.MethodInfo,object,object[])
0x000001e9aa2760ab (Mono JIT Code) NUnit.Framework.Internal.MethodWrapper:Invoke (object,object[])
0x000001e9aa275f8a (Mono JIT Code) NUnit.Framework.Internal.Commands.TestMethodCommand:RunNonAsyncTestMethod (NUnit.Framework.Internal.ITestExecutionContext)
0x000001e9aa275dd3 (Mono JIT Code) NUnit.Framework.Internal.Commands.TestMethodCommand:RunTestMethod (NUnit.Framework.Internal.ITestExecutionContext)
0x000001e9aa275973 (Mono JIT Code) NUnit.Framework.Internal.Commands.TestMethodCommand:Execute (NUnit.Framework.Internal.ITestExecutionContext)
0x000001e9aa27556b (Mono JIT Code) UnityEngine.TestTools.UnityTestMethodCommand:Execute (NUnit.Framework.Internal.ITestExecutionContext) (at ./Library/PackageCache/com.unity.test-framework@40e262928427/UnityEngine.TestRunner/NUnitExtensions/Commands/UnityTestMethodCommand.cs:19)
0x000001e9aa2752fb (Mono JIT Code) UnityEngine.TestRunner.NUnitExtensions.Runner.UnityLogCheckDelegatingCommand/<>c__DisplayClass2_0:<Execute>b__0 () (at ./Library/PackageCache/com.unity.test-framework@40e262928427/UnityEngine.TestRunner/NUnitExtensions/Runner/UnityLogCheckDelegatingCommand.cs:24)
0x000001e9aa275123 (Mono JIT Code) UnityEngine.TestRunner.NUnitExtensions.Runner.UnityLogCheckDelegatingCommand:CaptureException (NUnit.Framework.Internal.TestResult,System.Action) (at ./Library/PackageCache/com.unity.test-framework@40e262928427/UnityEngine.TestRunner/NUnitExtensions/Runner/UnityLogCheckDelegatingCommand.cs:72)
0x000001e9aa274fb3 (Mono JIT Code) UnityEngine.TestRunner.NUnitExtensions.Runner.UnityLogCheckDelegatingCommand:ExecuteAndCheckLog (UnityEngine.TestTools.Logging.LogScope,NUnit.Framework.Internal.TestResult,System.Action) (at ./Library/PackageCache/com.unity.test-framework@40e262928427/UnityEngine.TestRunner/NUnitExtensions/Runner/UnityLogCheckDelegatingCommand.cs:83)
0x000001e9aa274c3b (Mono JIT Code) UnityEngine.TestRunner.NUnitExtensions.Runner.UnityLogCheckDelegatingCommand:Execute (NUnit.Framework.Internal.ITestExecutionContext) (at ./Library/PackageCache/com.unity.test-framework@40e262928427/UnityEngine.TestRunner/NUnitExtensions/Runner/UnityLogCheckDelegatingCommand.cs:24)
0x000001e9aa273c19 (Mono JIT Code) UnityEngine.TestRunner.NUnitExtensions.Runner.UnityLogCheckDelegatingCommand/<ExecuteEnumerable>d__3:MoveNext () (at ./Library/PackageCache/com.unity.test-framework@40e262928427/UnityEngine.TestRunner/NUnitExtensions/Runner/UnityLogCheckDelegatingCommand.cs:35)
0x000001e9aa251e01 (Mono JIT Code) UnityEngine.TestTools.BeforeAfterTestCommandBase`1/<ExecuteEnumerable>d__16<T_REF>:MoveNext () (at ./Library/PackageCache/com.unity.test-framework@40e262928427/UnityEngine.TestRunner/NUnitExtensions/Commands/BeforeAfterTestCommandBase.cs:212)
0x000001e9aa272fb6 (Mono JIT Code) UnityEngine.TestTools.ImmediateEnumerableCommand:Execute (NUnit.Framework.Internal.ITestExecutionContext) (at ./Library/PackageCache/com.unity.test-framework@40e262928427/UnityEngine.TestRunner/NUnitExtensions/Commands/ImmediateEnumerableCommand.cs:18)
0x000001e9aa251f01 (Mono JIT Code) UnityEngine.TestTools.BeforeAfterTestCommandBase`1/<ExecuteEnumerable>d__16<T_REF>:MoveNext () (at ./Library/PackageCache/com.unity.test-framework@40e262928427/UnityEngine.TestRunner/NUnitExtensions/Commands/BeforeAfterTestCommandBase.cs:219)
0x000001e9aa251e01 (Mono JIT Code) UnityEngine.TestTools.BeforeAfterTestCommandBase`1/<ExecuteEnumerable>d__16<T_REF>:MoveNext () (at ./Library/PackageCache/com.unity.test-framework@40e262928427/UnityEngine.TestRunner/NUnitExtensions/Commands/BeforeAfterTestCommandBase.cs:212)
0x000001e9aa251e01 (Mono JIT Code) UnityEngine.TestTools.BeforeAfterTestCommandBase`1/<ExecuteEnumerable>d__16<T_REF>:MoveNext () (at ./Library/PackageCache/com.unity.test-framework@40e262928427/UnityEngine.TestRunner/NUnitExtensions/Commands/BeforeAfterTestCommandBase.cs:212)
0x000001e9aa26b457 (Mono JIT Code) UnityEngine.TestTools.RetryCommand/<ExecuteEnumerable>d__2:MoveNext () (at ./Library/PackageCache/com.unity.test-framework@40e262928427/UnityEngine.TestRunner/NUnitExtensions/Commands/RetryCommand.cs:37)
0x000001e9aa269f2f (Mono JIT Code) UnityEngine.TestTools.RepeatCommand/<ExecuteEnumerable>d__2:MoveNext () (at ./Library/PackageCache/com.unity.test-framework@40e262928427/UnityEngine.TestRunner/NUnitExtensions/Commands/RepeatCommand.cs:36)
0x000001e9aa268fa6 (Mono JIT Code) UnityEngine.TestTools.IgnoreTestCommand/<ExecuteEnumerable>d__3:MoveNext () (at ./Library/PackageCache/com.unity.test-framework@40e262928427/UnityEngine.TestRunner/NUnitExtensions/Commands/IgnoreTestCommand.cs:42)
0x000001e9aa267c7f (Mono JIT Code) UnityEngine.TestTools.StrictCheckCommand/<ExecuteEnumerable>d__2:MoveNext () (at ./Library/PackageCache/com.unity.test-framework@40e262928427/UnityEngine.TestRunner/NUnitExtensions/Commands/StrictCheckCommand.cs:29)
0x000001e9aa266fe1 (Mono JIT Code) UnityEngine.TestRunner.NUnitExtensions.Runner.DefaultTestWorkItem/<PerformWork>d__2:MoveNext () (at ./Library/PackageCache/com.unity.test-framework@40e262928427/UnityEngine.TestRunner/NUnitExtensions/Runner/DefaultTestWorkItem.cs:50)
0x000001e9aa255e12 (Mono JIT Code) UnityEngine.TestRunner.NUnitExtensions.Runner.CompositeWorkItem/<RunChildren>d__17:MoveNext () (at ./Library/PackageCache/com.unity.test-framework@40e262928427/UnityEngine.TestRunner/NUnitExtensions/Runner/CompositeWorkItem.cs:207)
0x000001e9aa247756 (Mono JIT Code) UnityEngine.TestRunner.NUnitExtensions.Runner.CompositeWorkItem/<PerformWork>d__13:MoveNext () (at ./Library/PackageCache/com.unity.test-framework@40e262928427/UnityEngine.TestRunner/NUnitExtensions/Runner/CompositeWorkItem.cs:82)
0x000001e9aa255e12 (Mono JIT Code) UnityEngine.TestRunner.NUnitExtensions.Runner.CompositeWorkItem/<RunChildren>d__17:MoveNext () (at ./Library/PackageCache/com.unity.test-framework@40e262928427/UnityEngine.TestRunner/NUnitExtensions/Runner/CompositeWorkItem.cs:207)
0x000001e9aa247756 (Mono JIT Code) UnityEngine.TestRunner.NUnitExtensions.Runner.CompositeWorkItem/<PerformWork>d__13:MoveNext () (at ./Library/PackageCache/com.unity.test-framework@40e262928427/UnityEngine.TestRunner/NUnitExtensions/Runner/CompositeWorkItem.cs:82)
0x000001e9aa255e12 (Mono JIT Code) UnityEngine.TestRunner.NUnitExtensions.Runner.CompositeWorkItem/<RunChildren>d__17:MoveNext () (at ./Library/PackageCache/com.unity.test-framework@40e262928427/UnityEngine.TestRunner/NUnitExtensions/Runner/CompositeWorkItem.cs:207)
0x000001e9aa247756 (Mono JIT Code) UnityEngine.TestRunner.NUnitExtensions.Runner.CompositeWorkItem/<PerformWork>d__13:MoveNext () (at ./Library/PackageCache/com.unity.test-framework@40e262928427/UnityEngine.TestRunner/NUnitExtensions/Runner/CompositeWorkItem.cs:82)
0x000001e9aa245fcc (Mono JIT Code) UnityEditor.TestTools.TestRunner.EditModeRunner:MoveNextAndUpdateYieldObject () (at ./Library/PackageCache/com.unity.test-framework@40e262928427/UnityEditor.TestRunner/TestRunner/EditModeRunner.cs:167)
0x000001e9aa245b7b (Mono JIT Code) UnityEditor.TestTools.TestRunner.EditModeRunner:TestConsumer (UnityEditor.TestTools.TestRunner.TestRunnerStateSerializer) (at ./Library/PackageCache/com.unity.test-framework@40e262928427/UnityEditor.TestRunner/TestRunner/EditModeRunner.cs:200)
0x000001e9aa23c173 (Mono JIT Code) UnityEditor.TestTools.TestRunner.TestRun.Tasks.EditModeRunTask/<Execute>d__1:MoveNext () (at ./Library/PackageCache/com.unity.test-framework@40e262928427/UnityEditor.TestRunner/TestRun/Tasks/EditModeRunTask.cs:48)
0x000001e977129d5e (Mono JIT Code) UnityEditor.TestTools.TestRunner.TestRun.TestJobRunner:ExecuteStep () (at ./Library/PackageCache/com.unity.test-framework@40e262928427/UnityEditor.TestRunner/TestRun/TestJobRunner.cs:173)
0x000001e977128953 (Mono JIT Code) UnityEditor.TestTools.TestRunner.TestRun.TestJobRunner:ExecuteCallback () (at ./Library/PackageCache/com.unity.test-framework@40e262928427/UnityEditor.TestRunner/TestRun/TestJobRunner.cs:108)
0x000001e99df821b8 (Mono JIT Code) UnityEditor.EditorApplication:Internal_CallUpdateFunctions ()
0x000001e8e6514785 (Mono JIT Code) (wrapper runtime-invoke) object:runtime_invoke_void (object,intptr,intptr,intptr)
0x00007fff3fd16e7e (mono-2.0-bdwgc) mono_jit_runtime_invoke (at C:/build/output/Unity-Technologies/mono/mono/mini/mini-runtime.c:3445)
0x00007fff3fc58874 (mono-2.0-bdwgc) do_runtime_invoke (at C:/build/output/Unity-Technologies/mono/mono/metadata/object.c:3068)
0x00007fff3fc58960 (mono-2.0-bdwgc) mono_runtime_invoke (at C:/build/output/Unity-Technologies/mono/mono/metadata/object.c:3115)
0x00007fff38e4cea4 (Unity) scripting_method_invoke
0x00007fff38e25433 (Unity) ScriptingInvocation::Invoke
0x00007fff38e20b35 (Unity) ScriptingInvocation::Invoke<void>
0x00007fff38f8b4bb (Unity) Scripting::UnityEditor::EditorApplicationProxy::Internal_CallUpdateFunctions
0x00007fff3a07e0e4 (Unity) SceneTracker::Update
0x00007fff39be1247 (Unity) Application::TickTimer
0x00007fff3a1b25ac (Unity) MainMessageLoop
0x00007fff3a1b9d1c (Unity) UnityMain
0x00007ff68b302f2a (Unity) __scrt_common_main_seh
0x00007fffddade8d7 (KERNEL32) BaseThreadInitThunk
0x00007fffde88c53c (ntdll) RtlUserThreadStart

[MouseTracker] PlayerInputHandler not found. Mouse compensation will be disabled.
0x00007fff38f222ae (Unity) StackWalker::ShowCallstack
0x00007fff38f31ee9 (Unity) PlatformStacktrace::GetStacktrace
0x00007fff3a1ac04e (Unity) Stacktrace::GetStacktrace
0x00007fff3a7859df (Unity) DebugStringToFile
0x00007fff37fd2930 (Unity) DebugLogHandler_CUSTOM_Internal_Log
0x000001e9766cbd3e (Mono JIT Code) (wrapper managed-to-native) UnityEngine.DebugLogHandler:Internal_Log_Injected (UnityEngine.LogType,UnityEngine.LogOption,UnityEngine.Bindings.ManagedSpanWrapper&,intptr)
0x000001e9766cbb43 (Mono JIT Code) UnityEngine.DebugLogHandler:Internal_Log (UnityEngine.LogType,UnityEngine.LogOption,string,UnityEngine.Object)
0x000001e9766cb7fb (Mono JIT Code) UnityEngine.DebugLogHandler:LogFormat (UnityEngine.LogType,UnityEngine.Object,string,object[])
0x000001e9766ca6ae (Mono JIT Code) UnityEngine.Logger:Log (UnityEngine.LogType,object)
0x000001e9aa2b404d (Mono JIT Code) UnityEngine.Debug:LogWarning (object)
0x000001e9aa2b33ab (Mono JIT Code) MouseTracker:Initialize (RecoilSystem) (at C:/Users/Ubuntu/Desktop/_DEV/AFFECT-2025-10-11/Assets/_SCRIPTS/_PLAYER/Recoil/MouseTracker.cs:80)
0x000001e976d36246 (Mono JIT Code) RecoilSystem:InitializeModules () (at C:/Users/Ubuntu/Desktop/_DEV/AFFECT-2025-10-11/Assets/_SCRIPTS/_PLAYER/Recoil/RecoilSystem.cs:203)
0x000001e976d33eb3 (Mono JIT Code) RecoilSystem:Initialize () (at C:/Users/Ubuntu/Desktop/_DEV/AFFECT-2025-10-11/Assets/_SCRIPTS/_PLAYER/Recoil/RecoilSystem.cs:165)
0x000001e976d333a3 (Mono JIT Code) RecoilSystem:ForceInitializeForTesting () (at C:/Users/Ubuntu/Desktop/_DEV/AFFECT-2025-10-11/Assets/_SCRIPTS/_PLAYER/Recoil/RecoilSystem.cs:632)
0x000001e976d3c213 (Mono JIT Code) RecoilSystemProperties:Property13_GracefulModuleDegradation () (at C:/Users/Ubuntu/Desktop/_DEV/AFFECT-2025-10-11/Assets/_SCRIPTS/Editor/Properties/RecoilSystemProperties.cs:269)
0x000001e9aa264548 (Mono JIT Code) (wrapper runtime-invoke) object:runtime_invoke_void__this__ (object,intptr,intptr,intptr)
0x00007fff3fd16e7e (mono-2.0-bdwgc) mono_jit_runtime_invoke (at C:/build/output/Unity-Technologies/mono/mono/mini/mini-runtime.c:3445)
0x00007fff3fc58874 (mono-2.0-bdwgc) do_runtime_invoke (at C:/build/output/Unity-Technologies/mono/mono/metadata/object.c:3068)
0x00007fff3fc5f926 (mono-2.0-bdwgc) mono_runtime_try_invoke_array (at C:/build/output/Unity-Technologies/mono/mono/metadata/object.c:5774)
0x00007fff3fb91b81 (mono-2.0-bdwgc) ves_icall_InternalInvoke (at C:/build/output/Unity-Technologies/mono/mono/metadata/icall.c:4038)
0x00007fff3fbb7e31 (mono-2.0-bdwgc) ves_icall_InternalInvoke_raw (at C:/build/output/Unity-Technologies/mono/mono/metadata/icall-def.h:692)
0x000001e8e22b0f92 (Mono JIT Code) (wrapper managed-to-native) System.Reflection.RuntimeMethodInfo:InternalInvoke (System.Reflection.RuntimeMethodInfo,object,object[],System.Exception&)
0x000001e8e3c7ea73 (Mono JIT Code) System.Reflection.RuntimeMethodInfo:Invoke (object,System.Reflection.BindingFlags,System.Reflection.Binder,object[],System.Globalization.CultureInfo)
0x000001e8db9555ef (Mono JIT Code) System.Reflection.MethodBase:Invoke (object,object[])
0x000001e9aa26e783 (Mono JIT Code) NUnit.Framework.Internal.Reflect:InvokeMethod (System.Reflection.MethodInfo,object,object[])
0x000001e9aa2760ab (Mono JIT Code) NUnit.Framework.Internal.MethodWrapper:Invoke (object,object[])
0x000001e9aa275f8a (Mono JIT Code) NUnit.Framework.Internal.Commands.TestMethodCommand:RunNonAsyncTestMethod (NUnit.Framework.Internal.ITestExecutionContext)
0x000001e9aa275dd3 (Mono JIT Code) NUnit.Framework.Internal.Commands.TestMethodCommand:RunTestMethod (NUnit.Framework.Internal.ITestExecutionContext)
0x000001e9aa275973 (Mono JIT Code) NUnit.Framework.Internal.Commands.TestMethodCommand:Execute (NUnit.Framework.Internal.ITestExecutionContext)
0x000001e9aa27556b (Mono JIT Code) UnityEngine.TestTools.UnityTestMethodCommand:Execute (NUnit.Framework.Internal.ITestExecutionContext) (at ./Library/PackageCache/com.unity.test-framework@40e262928427/UnityEngine.TestRunner/NUnitExtensions/Commands/UnityTestMethodCommand.cs:19)
0x000001e9aa2752fb (Mono JIT Code) UnityEngine.TestRunner.NUnitExtensions.Runner.UnityLogCheckDelegatingCommand/<>c__DisplayClass2_0:<Execute>b__0 () (at ./Library/PackageCache/com.unity.test-framework@40e262928427/UnityEngine.TestRunner/NUnitExtensions/Runner/UnityLogCheckDelegatingCommand.cs:24)
0x000001e9aa275123 (Mono JIT Code) UnityEngine.TestRunner.NUnitExtensions.Runner.UnityLogCheckDelegatingCommand:CaptureException (NUnit.Framework.Internal.TestResult,System.Action) (at ./Library/PackageCache/com.unity.test-framework@40e262928427/UnityEngine.TestRunner/NUnitExtensions/Runner/UnityLogCheckDelegatingCommand.cs:72)
0x000001e9aa274fb3 (Mono JIT Code) UnityEngine.TestRunner.NUnitExtensions.Runner.UnityLogCheckDelegatingCommand:ExecuteAndCheckLog (UnityEngine.TestTools.Logging.LogScope,NUnit.Framework.Internal.TestResult,System.Action) (at ./Library/PackageCache/com.unity.test-framework@40e262928427/UnityEngine.TestRunner/NUnitExtensions/Runner/UnityLogCheckDelegatingCommand.cs:83)
0x000001e9aa274c3b (Mono JIT Code) UnityEngine.TestRunner.NUnitExtensions.Runner.UnityLogCheckDelegatingCommand:Execute (NUnit.Framework.Internal.ITestExecutionContext) (at ./Library/PackageCache/com.unity.test-framework@40e262928427/UnityEngine.TestRunner/NUnitExtensions/Runner/UnityLogCheckDelegatingCommand.cs:24)
0x000001e9aa273c19 (Mono JIT Code) UnityEngine.TestRunner.NUnitExtensions.Runner.UnityLogCheckDelegatingCommand/<ExecuteEnumerable>d__3:MoveNext () (at ./Library/PackageCache/com.unity.test-framework@40e262928427/UnityEngine.TestRunner/NUnitExtensions/Runner/UnityLogCheckDelegatingCommand.cs:35)
0x000001e9aa251e01 (Mono JIT Code) UnityEngine.TestTools.BeforeAfterTestCommandBase`1/<ExecuteEnumerable>d__16<T_REF>:MoveNext () (at ./Library/PackageCache/com.unity.test-framework@40e262928427/UnityEngine.TestRunner/NUnitExtensions/Commands/BeforeAfterTestCommandBase.cs:212)
0x000001e9aa272fb6 (Mono JIT Code) UnityEngine.TestTools.ImmediateEnumerableCommand:Execute (NUnit.Framework.Internal.ITestExecutionContext) (at ./Library/PackageCache/com.unity.test-framework@40e262928427/UnityEngine.TestRunner/NUnitExtensions/Commands/ImmediateEnumerableCommand.cs:18)
0x000001e9aa251f01 (Mono JIT Code) UnityEngine.TestTools.BeforeAfterTestCommandBase`1/<ExecuteEnumerable>d__16<T_REF>:MoveNext () (at ./Library/PackageCache/com.unity.test-framework@40e262928427/UnityEngine.TestRunner/NUnitExtensions/Commands/BeforeAfterTestCommandBase.cs:219)
0x000001e9aa251e01 (Mono JIT Code) UnityEngine.TestTools.BeforeAfterTestCommandBase`1/<ExecuteEnumerable>d__16<T_REF>:MoveNext () (at ./Library/PackageCache/com.unity.test-framework@40e262928427/UnityEngine.TestRunner/NUnitExtensions/Commands/BeforeAfterTestCommandBase.cs:212)
0x000001e9aa251e01 (Mono JIT Code) UnityEngine.TestTools.BeforeAfterTestCommandBase`1/<ExecuteEnumerable>d__16<T_REF>:MoveNext () (at ./Library/PackageCache/com.unity.test-framework@40e262928427/UnityEngine.TestRunner/NUnitExtensions/Commands/BeforeAfterTestCommandBase.cs:212)
0x000001e9aa26b457 (Mono JIT Code) UnityEngine.TestTools.RetryCommand/<ExecuteEnumerable>d__2:MoveNext () (at ./Library/PackageCache/com.unity.test-framework@40e262928427/UnityEngine.TestRunner/NUnitExtensions/Commands/RetryCommand.cs:37)
0x000001e9aa269f2f (Mono JIT Code) UnityEngine.TestTools.RepeatCommand/<ExecuteEnumerable>d__2:MoveNext () (at ./Library/PackageCache/com.unity.test-framework@40e262928427/UnityEngine.TestRunner/NUnitExtensions/Commands/RepeatCommand.cs:36)
0x000001e9aa268fa6 (Mono JIT Code) UnityEngine.TestTools.IgnoreTestCommand/<ExecuteEnumerable>d__3:MoveNext () (at ./Library/PackageCache/com.unity.test-framework@40e262928427/UnityEngine.TestRunner/NUnitExtensions/Commands/IgnoreTestCommand.cs:42)
0x000001e9aa267c7f (Mono JIT Code) UnityEngine.TestTools.StrictCheckCommand/<ExecuteEnumerable>d__2:MoveNext () (at ./Library/PackageCache/com.unity.test-framework@40e262928427/UnityEngine.TestRunner/NUnitExtensions/Commands/StrictCheckCommand.cs:29)
0x000001e9aa266fe1 (Mono JIT Code) UnityEngine.TestRunner.NUnitExtensions.Runner.DefaultTestWorkItem/<PerformWork>d__2:MoveNext () (at ./Library/PackageCache/com.unity.test-framework@40e262928427/UnityEngine.TestRunner/NUnitExtensions/Runner/DefaultTestWorkItem.cs:50)
0x000001e9aa255e12 (Mono JIT Code) UnityEngine.TestRunner.NUnitExtensions.Runner.CompositeWorkItem/<RunChildren>d__17:MoveNext () (at ./Library/PackageCache/com.unity.test-framework@40e262928427/UnityEngine.TestRunner/NUnitExtensions/Runner/CompositeWorkItem.cs:207)
0x000001e9aa247756 (Mono JIT Code) UnityEngine.TestRunner.NUnitExtensions.Runner.CompositeWorkItem/<PerformWork>d__13:MoveNext () (at ./Library/PackageCache/com.unity.test-framework@40e262928427/UnityEngine.TestRunner/NUnitExtensions/Runner/CompositeWorkItem.cs:82)
0x000001e9aa255e12 (Mono JIT Code) UnityEngine.TestRunner.NUnitExtensions.Runner.CompositeWorkItem/<RunChildren>d__17:MoveNext () (at ./Library/PackageCache/com.unity.test-framework@40e262928427/UnityEngine.TestRunner/NUnitExtensions/Runner/CompositeWorkItem.cs:207)
0x000001e9aa247756 (Mono JIT Code) UnityEngine.TestRunner.NUnitExtensions.Runner.CompositeWorkItem/<PerformWork>d__13:MoveNext () (at ./Library/PackageCache/com.unity.test-framework@40e262928427/UnityEngine.TestRunner/NUnitExtensions/Runner/CompositeWorkItem.cs:82)
0x000001e9aa255e12 (Mono JIT Code) UnityEngine.TestRunner.NUnitExtensions.Runner.CompositeWorkItem/<RunChildren>d__17:MoveNext () (at ./Library/PackageCache/com.unity.test-framework@40e262928427/UnityEngine.TestRunner/NUnitExtensions/Runner/CompositeWorkItem.cs:207)
0x000001e9aa247756 (Mono JIT Code) UnityEngine.TestRunner.NUnitExtensions.Runner.CompositeWorkItem/<PerformWork>d__13:MoveNext () (at ./Library/PackageCache/com.unity.test-framework@40e262928427/UnityEngine.TestRunner/NUnitExtensions/Runner/CompositeWorkItem.cs:82)
0x000001e9aa245fcc (Mono JIT Code) UnityEditor.TestTools.TestRunner.EditModeRunner:MoveNextAndUpdateYieldObject () (at ./Library/PackageCache/com.unity.test-framework@40e262928427/UnityEditor.TestRunner/TestRunner/EditModeRunner.cs:167)
0x000001e9aa245b7b (Mono JIT Code) UnityEditor.TestTools.TestRunner.EditModeRunner:TestConsumer (UnityEditor.TestTools.TestRunner.TestRunnerStateSerializer) (at ./Library/PackageCache/com.unity.test-framework@40e262928427/UnityEditor.TestRunner/TestRunner/EditModeRunner.cs:200)
0x000001e9aa23c173 (Mono JIT Code) UnityEditor.TestTools.TestRunner.TestRun.Tasks.EditModeRunTask/<Execute>d__1:MoveNext () (at ./Library/PackageCache/com.unity.test-framework@40e262928427/UnityEditor.TestRunner/TestRun/Tasks/EditModeRunTask.cs:48)
0x000001e977129d5e (Mono JIT Code) UnityEditor.TestTools.TestRunner.TestRun.TestJobRunner:ExecuteStep () (at ./Library/PackageCache/com.unity.test-framework@40e262928427/UnityEditor.TestRunner/TestRun/TestJobRunner.cs:173)
0x000001e977128953 (Mono JIT Code) UnityEditor.TestTools.TestRunner.TestRun.TestJobRunner:ExecuteCallback () (at ./Library/PackageCache/com.unity.test-framework@40e262928427/UnityEditor.TestRunner/TestRun/TestJobRunner.cs:108)
0x000001e99df821b8 (Mono JIT Code) UnityEditor.EditorApplication:Internal_CallUpdateFunctions ()
0x000001e8e6514785 (Mono JIT Code) (wrapper runtime-invoke) object:runtime_invoke_void (object,intptr,intptr,intptr)
0x00007fff3fd16e7e (mono-2.0-bdwgc) mono_jit_runtime_invoke (at C:/build/output/Unity-Technologies/mono/mono/mini/mini-runtime.c:3445)
0x00007fff3fc58874 (mono-2.0-bdwgc) do_runtime_invoke (at C:/build/output/Unity-Technologies/mono/mono/metadata/object.c:3068)
0x00007fff3fc58960 (mono-2.0-bdwgc) mono_runtime_invoke (at C:/build/output/Unity-Technologies/mono/mono/metadata/object.c:3115)
0x00007fff38e4cea4 (Unity) scripting_method_invoke
0x00007fff38e25433 (Unity) ScriptingInvocation::Invoke
0x00007fff38e20b35 (Unity) ScriptingInvocation::Invoke<void>
0x00007fff38f8b4bb (Unity) Scripting::UnityEditor::EditorApplicationProxy::Internal_CallUpdateFunctions
0x00007fff3a07e0e4 (Unity) SceneTracker::Update
0x00007fff39be1247 (Unity) Application::TickTimer
0x00007fff3a1b25ac (Unity) MainMessageLoop
0x00007fff3a1b9d1c (Unity) UnityMain
0x00007ff68b302f2a (Unity) __scrt_common_main_seh
0x00007fffddade8d7 (KERNEL32) BaseThreadInitThunk
0x00007fffde88c53c (ntdll) RtlUserThreadStart

[MouseTracker] PlayerInputHandler not found. Mouse compensation will be disabled.
0x00007fff38f222ae (Unity) StackWalker::ShowCallstack
0x00007fff38f31ee9 (Unity) PlatformStacktrace::GetStacktrace
0x00007fff3a1ac04e (Unity) Stacktrace::GetStacktrace
0x00007fff3a7859df (Unity) DebugStringToFile
0x00007fff37fd2930 (Unity) DebugLogHandler_CUSTOM_Internal_Log
0x000001e9766cbd3e (Mono JIT Code) (wrapper managed-to-native) UnityEngine.DebugLogHandler:Internal_Log_Injected (UnityEngine.LogType,UnityEngine.LogOption,UnityEngine.Bindings.ManagedSpanWrapper&,intptr)
0x000001e9766cbb43 (Mono JIT Code) UnityEngine.DebugLogHandler:Internal_Log (UnityEngine.LogType,UnityEngine.LogOption,string,UnityEngine.Object)
0x000001e9766cb7fb (Mono JIT Code) UnityEngine.DebugLogHandler:LogFormat (UnityEngine.LogType,UnityEngine.Object,string,object[])
0x000001e9766ca6ae (Mono JIT Code) UnityEngine.Logger:Log (UnityEngine.LogType,object)
0x000001e9aa2b404d (Mono JIT Code) UnityEngine.Debug:LogWarning (object)
0x000001e9aa2b33ab (Mono JIT Code) MouseTracker:Initialize (RecoilSystem) (at C:/Users/Ubuntu/Desktop/_DEV/AFFECT-2025-10-11/Assets/_SCRIPTS/_PLAYER/Recoil/MouseTracker.cs:80)
0x000001e976d36246 (Mono JIT Code) RecoilSystem:InitializeModules () (at C:/Users/Ubuntu/Desktop/_DEV/AFFECT-2025-10-11/Assets/_SCRIPTS/_PLAYER/Recoil/RecoilSystem.cs:203)
0x000001e976d33eb3 (Mono JIT Code) RecoilSystem:Initialize () (at C:/Users/Ubuntu/Desktop/_DEV/AFFECT-2025-10-11/Assets/_SCRIPTS/_PLAYER/Recoil/RecoilSystem.cs:165)
0x000001e976d333a3 (Mono JIT Code) RecoilSystem:ForceInitializeForTesting () (at C:/Users/Ubuntu/Desktop/_DEV/AFFECT-2025-10-11/Assets/_SCRIPTS/_PLAYER/Recoil/RecoilSystem.cs:632)
0x000001e976d3c213 (Mono JIT Code) RecoilSystemProperties:Property13_GracefulModuleDegradation () (at C:/Users/Ubuntu/Desktop/_DEV/AFFECT-2025-10-11/Assets/_SCRIPTS/Editor/Properties/RecoilSystemProperties.cs:269)
0x000001e9aa264548 (Mono JIT Code) (wrapper runtime-invoke) object:runtime_invoke_void__this__ (object,intptr,intptr,intptr)
0x00007fff3fd16e7e (mono-2.0-bdwgc) mono_jit_runtime_invoke (at C:/build/output/Unity-Technologies/mono/mono/mini/mini-runtime.c:3445)
0x00007fff3fc58874 (mono-2.0-bdwgc) do_runtime_invoke (at C:/build/output/Unity-Technologies/mono/mono/metadata/object.c:3068)
0x00007fff3fc5f926 (mono-2.0-bdwgc) mono_runtime_try_invoke_array (at C:/build/output/Unity-Technologies/mono/mono/metadata/object.c:5774)
0x00007fff3fb91b81 (mono-2.0-bdwgc) ves_icall_InternalInvoke (at C:/build/output/Unity-Technologies/mono/mono/metadata/icall.c:4038)
0x00007fff3fbb7e31 (mono-2.0-bdwgc) ves_icall_InternalInvoke_raw (at C:/build/output/Unity-Technologies/mono/mono/metadata/icall-def.h:692)
0x000001e8e22b0f92 (Mono JIT Code) (wrapper managed-to-native) System.Reflection.RuntimeMethodInfo:InternalInvoke (System.Reflection.RuntimeMethodInfo,object,object[],System.Exception&)
0x000001e8e3c7ea73 (Mono JIT Code) System.Reflection.RuntimeMethodInfo:Invoke (object,System.Reflection.BindingFlags,System.Reflection.Binder,object[],System.Globalization.CultureInfo)
0x000001e8db9555ef (Mono JIT Code) System.Reflection.MethodBase:Invoke (object,object[])
0x000001e9aa26e783 (Mono JIT Code) NUnit.Framework.Internal.Reflect:InvokeMethod (System.Reflection.MethodInfo,object,object[])
0x000001e9aa2760ab (Mono JIT Code) NUnit.Framework.Internal.MethodWrapper:Invoke (object,object[])
0x000001e9aa275f8a (Mono JIT Code) NUnit.Framework.Internal.Commands.TestMethodCommand:RunNonAsyncTestMethod (NUnit.Framework.Internal.ITestExecutionContext)
0x000001e9aa275dd3 (Mono JIT Code) NUnit.Framework.Internal.Commands.TestMethodCommand:RunTestMethod (NUnit.Framework.Internal.ITestExecutionContext)
0x000001e9aa275973 (Mono JIT Code) NUnit.Framework.Internal.Commands.TestMethodCommand:Execute (NUnit.Framework.Internal.ITestExecutionContext)
0x000001e9aa27556b (Mono JIT Code) UnityEngine.TestTools.UnityTestMethodCommand:Execute (NUnit.Framework.Internal.ITestExecutionContext) (at ./Library/PackageCache/com.unity.test-framework@40e262928427/UnityEngine.TestRunner/NUnitExtensions/Commands/UnityTestMethodCommand.cs:19)
0x000001e9aa2752fb (Mono JIT Code) UnityEngine.TestRunner.NUnitExtensions.Runner.UnityLogCheckDelegatingCommand/<>c__DisplayClass2_0:<Execute>b__0 () (at ./Library/PackageCache/com.unity.test-framework@40e262928427/UnityEngine.TestRunner/NUnitExtensions/Runner/UnityLogCheckDelegatingCommand.cs:24)
0x000001e9aa275123 (Mono JIT Code) UnityEngine.TestRunner.NUnitExtensions.Runner.UnityLogCheckDelegatingCommand:CaptureException (NUnit.Framework.Internal.TestResult,System.Action) (at ./Library/PackageCache/com.unity.test-framework@40e262928427/UnityEngine.TestRunner/NUnitExtensions/Runner/UnityLogCheckDelegatingCommand.cs:72)
0x000001e9aa274fb3 (Mono JIT Code) UnityEngine.TestRunner.NUnitExtensions.Runner.UnityLogCheckDelegatingCommand:ExecuteAndCheckLog (UnityEngine.TestTools.Logging.LogScope,NUnit.Framework.Internal.TestResult,System.Action) (at ./Library/PackageCache/com.unity.test-framework@40e262928427/UnityEngine.TestRunner/NUnitExtensions/Runner/UnityLogCheckDelegatingCommand.cs:83)
0x000001e9aa274c3b (Mono JIT Code) UnityEngine.TestRunner.NUnitExtensions.Runner.UnityLogCheckDelegatingCommand:Execute (NUnit.Framework.Internal.ITestExecutionContext) (at ./Library/PackageCache/com.unity.test-framework@40e262928427/UnityEngine.TestRunner/NUnitExtensions/Runner/UnityLogCheckDelegatingCommand.cs:24)
0x000001e9aa273c19 (Mono JIT Code) UnityEngine.TestRunner.NUnitExtensions.Runner.UnityLogCheckDelegatingCommand/<ExecuteEnumerable>d__3:MoveNext () (at ./Library/PackageCache/com.unity.test-framework@40e262928427/UnityEngine.TestRunner/NUnitExtensions/Runner/UnityLogCheckDelegatingCommand.cs:35)
0x000001e9aa251e01 (Mono JIT Code) UnityEngine.TestTools.BeforeAfterTestCommandBase`1/<ExecuteEnumerable>d__16<T_REF>:MoveNext () (at ./Library/PackageCache/com.unity.test-framework@40e262928427/UnityEngine.TestRunner/NUnitExtensions/Commands/BeforeAfterTestCommandBase.cs:212)
0x000001e9aa272fb6 (Mono JIT Code) UnityEngine.TestTools.ImmediateEnumerableCommand:Execute (NUnit.Framework.Internal.ITestExecutionContext) (at ./Library/PackageCache/com.unity.test-framework@40e262928427/UnityEngine.TestRunner/NUnitExtensions/Commands/ImmediateEnumerableCommand.cs:18)
0x000001e9aa251f01 (Mono JIT Code) UnityEngine.TestTools.BeforeAfterTestCommandBase`1/<ExecuteEnumerable>d__16<T_REF>:MoveNext () (at ./Library/PackageCache/com.unity.test-framework@40e262928427/UnityEngine.TestRunner/NUnitExtensions/Commands/BeforeAfterTestCommandBase.cs:219)
0x000001e9aa251e01 (Mono JIT Code) UnityEngine.TestTools.BeforeAfterTestCommandBase`1/<ExecuteEnumerable>d__16<T_REF>:MoveNext () (at ./Library/PackageCache/com.unity.test-framework@40e262928427/UnityEngine.TestRunner/NUnitExtensions/Commands/BeforeAfterTestCommandBase.cs:212)
0x000001e9aa251e01 (Mono JIT Code) UnityEngine.TestTools.BeforeAfterTestCommandBase`1/<ExecuteEnumerable>d__16<T_REF>:MoveNext () (at ./Library/PackageCache/com.unity.test-framework@40e262928427/UnityEngine.TestRunner/NUnitExtensions/Commands/BeforeAfterTestCommandBase.cs:212)
0x000001e9aa26b457 (Mono JIT Code) UnityEngine.TestTools.RetryCommand/<ExecuteEnumerable>d__2:MoveNext () (at ./Library/PackageCache/com.unity.test-framework@40e262928427/UnityEngine.TestRunner/NUnitExtensions/Commands/RetryCommand.cs:37)
0x000001e9aa269f2f (Mono JIT Code) UnityEngine.TestTools.RepeatCommand/<ExecuteEnumerable>d__2:MoveNext () (at ./Library/PackageCache/com.unity.test-framework@40e262928427/UnityEngine.TestRunner/NUnitExtensions/Commands/RepeatCommand.cs:36)
0x000001e9aa268fa6 (Mono JIT Code) UnityEngine.TestTools.IgnoreTestCommand/<ExecuteEnumerable>d__3:MoveNext () (at ./Library/PackageCache/com.unity.test-framework@40e262928427/UnityEngine.TestRunner/NUnitExtensions/Commands/IgnoreTestCommand.cs:42)
0x000001e9aa267c7f (Mono JIT Code) UnityEngine.TestTools.StrictCheckCommand/<ExecuteEnumerable>d__2:MoveNext () (at ./Library/PackageCache/com.unity.test-framework@40e262928427/UnityEngine.TestRunner/NUnitExtensions/Commands/StrictCheckCommand.cs:29)
0x000001e9aa266fe1 (Mono JIT Code) UnityEngine.TestRunner.NUnitExtensions.Runner.DefaultTestWorkItem/<PerformWork>d__2:MoveNext () (at ./Library/PackageCache/com.unity.test-framework@40e262928427/UnityEngine.TestRunner/NUnitExtensions/Runner/DefaultTestWorkItem.cs:50)
0x000001e9aa255e12 (Mono JIT Code) UnityEngine.TestRunner.NUnitExtensions.Runner.CompositeWorkItem/<RunChildren>d__17:MoveNext () (at ./Library/PackageCache/com.unity.test-framework@40e262928427/UnityEngine.TestRunner/NUnitExtensions/Runner/CompositeWorkItem.cs:207)
0x000001e9aa247756 (Mono JIT Code) UnityEngine.TestRunner.NUnitExtensions.Runner.CompositeWorkItem/<PerformWork>d__13:MoveNext () (at ./Library/PackageCache/com.unity.test-framework@40e262928427/UnityEngine.TestRunner/NUnitExtensions/Runner/CompositeWorkItem.cs:82)
0x000001e9aa255e12 (Mono JIT Code) UnityEngine.TestRunner.NUnitExtensions.Runner.CompositeWorkItem/<RunChildren>d__17:MoveNext () (at ./Library/PackageCache/com.unity.test-framework@40e262928427/UnityEngine.TestRunner/NUnitExtensions/Runner/CompositeWorkItem.cs:207)
0x000001e9aa247756 (Mono JIT Code) UnityEngine.TestRunner.NUnitExtensions.Runner.CompositeWorkItem/<PerformWork>d__13:MoveNext () (at ./Library/PackageCache/com.unity.test-framework@40e262928427/UnityEngine.TestRunner/NUnitExtensions/Runner/CompositeWorkItem.cs:82)
0x000001e9aa255e12 (Mono JIT Code) UnityEngine.TestRunner.NUnitExtensions.Runner.CompositeWorkItem/<RunChildren>d__17:MoveNext () (at ./Library/PackageCache/com.unity.test-framework@40e262928427/UnityEngine.TestRunner/NUnitExtensions/Runner/CompositeWorkItem.cs:207)
0x000001e9aa247756 (Mono JIT Code) UnityEngine.TestRunner.NUnitExtensions.Runner.CompositeWorkItem/<PerformWork>d__13:MoveNext () (at ./Library/PackageCache/com.unity.test-framework@40e262928427/UnityEngine.TestRunner/NUnitExtensions/Runner/CompositeWorkItem.cs:82)
0x000001e9aa245fcc (Mono JIT Code) UnityEditor.TestTools.TestRunner.EditModeRunner:MoveNextAndUpdateYieldObject () (at ./Library/PackageCache/com.unity.test-framework@40e262928427/UnityEditor.TestRunner/TestRunner/EditModeRunner.cs:167)
0x000001e9aa245b7b (Mono JIT Code) UnityEditor.TestTools.TestRunner.EditModeRunner:TestConsumer (UnityEditor.TestTools.TestRunner.TestRunnerStateSerializer) (at ./Library/PackageCache/com.unity.test-framework@40e262928427/UnityEditor.TestRunner/TestRunner/EditModeRunner.cs:200)
0x000001e9aa23c173 (Mono JIT Code) UnityEditor.TestTools.TestRunner.TestRun.Tasks.EditModeRunTask/<Execute>d__1:MoveNext () (at ./Library/PackageCache/com.unity.test-framework@40e262928427/UnityEditor.TestRunner/TestRun/Tasks/EditModeRunTask.cs:48)
0x000001e977129d5e (Mono JIT Code) UnityEditor.TestTools.TestRunner.TestRun.TestJobRunner:ExecuteStep () (at ./Library/PackageCache/com.unity.test-framework@40e262928427/UnityEditor.TestRunner/TestRun/TestJobRunner.cs:173)
0x000001e977128953 (Mono JIT Code) UnityEditor.TestTools.TestRunner.TestRun.TestJobRunner:ExecuteCallback () (at ./Library/PackageCache/com.unity.test-framework@40e262928427/UnityEditor.TestRunner/TestRun/TestJobRunner.cs:108)
0x000001e99df821b8 (Mono JIT Code) UnityEditor.EditorApplication:Internal_CallUpdateFunctions ()
0x000001e8e6514785 (Mono JIT Code) (wrapper runtime-invoke) object:runtime_invoke_void (object,intptr,intptr,intptr)
0x00007fff3fd16e7e (mono-2.0-bdwgc) mono_jit_runtime_invoke (at C:/build/output/Unity-Technologies/mono/mono/mini/mini-runtime.c:3445)
0x00007fff3fc58874 (mono-2.0-bdwgc) do_runtime_invoke (at C:/build/output/Unity-Technologies/mono/mono/metadata/object.c:3068)
0x00007fff3fc58960 (mono-2.0-bdwgc) mono_runtime_invoke (at C:/build/output/Unity-Technologies/mono/mono/metadata/object.c:3115)
0x00007fff38e4cea4 (Unity) scripting_method_invoke
0x00007fff38e25433 (Unity) ScriptingInvocation::Invoke
0x00007fff38e20b35 (Unity) ScriptingInvocation::Invoke<void>
0x00007fff38f8b4bb (Unity) Scripting::UnityEditor::EditorApplicationProxy::Internal_CallUpdateFunctions
0x00007fff3a07e0e4 (Unity) SceneTracker::Update
0x00007fff39be1247 (Unity) Application::TickTimer
0x00007fff3a1b25ac (Unity) MainMessageLoop
0x00007fff3a1b9d1c (Unity) UnityMain
0x00007ff68b302f2a (Unity) __scrt_common_main_seh
0x00007fffddade8d7 (KERNEL32) BaseThreadInitThunk
0x00007fffde88c53c (ntdll) RtlUserThreadStart

[MouseTracker] PlayerInputHandler not found. Mouse compensation will be disabled.
0x00007fff38f222ae (Unity) StackWalker::ShowCallstack
0x00007fff38f31ee9 (Unity) PlatformStacktrace::GetStacktrace
0x00007fff3a1ac04e (Unity) Stacktrace::GetStacktrace
0x00007fff3a7859df (Unity) DebugStringToFile
0x00007fff37fd2930 (Unity) DebugLogHandler_CUSTOM_Internal_Log
0x000001e9766cbd3e (Mono JIT Code) (wrapper managed-to-native) UnityEngine.DebugLogHandler:Internal_Log_Injected (UnityEngine.LogType,UnityEngine.LogOption,UnityEngine.Bindings.ManagedSpanWrapper&,intptr)
0x000001e9766cbb43 (Mono JIT Code) UnityEngine.DebugLogHandler:Internal_Log (UnityEngine.LogType,UnityEngine.LogOption,string,UnityEngine.Object)
0x000001e9766cb7fb (Mono JIT Code) UnityEngine.DebugLogHandler:LogFormat (UnityEngine.LogType,UnityEngine.Object,string,object[])
0x000001e9766ca6ae (Mono JIT Code) UnityEngine.Logger:Log (UnityEngine.LogType,object)
0x000001e9aa2b404d (Mono JIT Code) UnityEngine.Debug:LogWarning (object)
0x000001e9aa2b33ab (Mono JIT Code) MouseTracker:Initialize (RecoilSystem) (at C:/Users/Ubuntu/Desktop/_DEV/AFFECT-2025-10-11/Assets/_SCRIPTS/_PLAYER/Recoil/MouseTracker.cs:80)
0x000001e976d36246 (Mono JIT Code) RecoilSystem:InitializeModules () (at C:/Users/Ubuntu/Desktop/_DEV/AFFECT-2025-10-11/Assets/_SCRIPTS/_PLAYER/Recoil/RecoilSystem.cs:203)
0x000001e976d33eb3 (Mono JIT Code) RecoilSystem:Initialize () (at C:/Users/Ubuntu/Desktop/_DEV/AFFECT-2025-10-11/Assets/_SCRIPTS/_PLAYER/Recoil/RecoilSystem.cs:165)
0x000001e976d333a3 (Mono JIT Code) RecoilSystem:ForceInitializeForTesting () (at C:/Users/Ubuntu/Desktop/_DEV/AFFECT-2025-10-11/Assets/_SCRIPTS/_PLAYER/Recoil/RecoilSystem.cs:632)
0x000001e976d3c213 (Mono JIT Code) RecoilSystemProperties:Property13_GracefulModuleDegradation () (at C:/Users/Ubuntu/Desktop/_DEV/AFFECT-2025-10-11/Assets/_SCRIPTS/Editor/Properties/RecoilSystemProperties.cs:269)
0x000001e9aa264548 (Mono JIT Code) (wrapper runtime-invoke) object:runtime_invoke_void__this__ (object,intptr,intptr,intptr)
0x00007fff3fd16e7e (mono-2.0-bdwgc) mono_jit_runtime_invoke (at C:/build/output/Unity-Technologies/mono/mono/mini/mini-runtime.c:3445)
0x00007fff3fc58874 (mono-2.0-bdwgc) do_runtime_invoke (at C:/build/output/Unity-Technologies/mono/mono/metadata/object.c:3068)
0x00007fff3fc5f926 (mono-2.0-bdwgc) mono_runtime_try_invoke_array (at C:/build/output/Unity-Technologies/mono/mono/metadata/object.c:5774)
0x00007fff3fb91b81 (mono-2.0-bdwgc) ves_icall_InternalInvoke (at C:/build/output/Unity-Technologies/mono/mono/metadata/icall.c:4038)
0x00007fff3fbb7e31 (mono-2.0-bdwgc) ves_icall_InternalInvoke_raw (at C:/build/output/Unity-Technologies/mono/mono/metadata/icall-def.h:692)
0x000001e8e22b0f92 (Mono JIT Code) (wrapper managed-to-native) System.Reflection.RuntimeMethodInfo:InternalInvoke (System.Reflection.RuntimeMethodInfo,object,object[],System.Exception&)
0x000001e8e3c7ea73 (Mono JIT Code) System.Reflection.RuntimeMethodInfo:Invoke (object,System.Reflection.BindingFlags,System.Reflection.Binder,object[],System.Globalization.CultureInfo)
0x000001e8db9555ef (Mono JIT Code) System.Reflection.MethodBase:Invoke (object,object[])
0x000001e9aa26e783 (Mono JIT Code) NUnit.Framework.Internal.Reflect:InvokeMethod (System.Reflection.MethodInfo,object,object[])
0x000001e9aa2760ab (Mono JIT Code) NUnit.Framework.Internal.MethodWrapper:Invoke (object,object[])
0x000001e9aa275f8a (Mono JIT Code) NUnit.Framework.Internal.Commands.TestMethodCommand:RunNonAsyncTestMethod (NUnit.Framework.Internal.ITestExecutionContext)
0x000001e9aa275dd3 (Mono JIT Code) NUnit.Framework.Internal.Commands.TestMethodCommand:RunTestMethod (NUnit.Framework.Internal.ITestExecutionContext)
0x000001e9aa275973 (Mono JIT Code) NUnit.Framework.Internal.Commands.TestMethodCommand:Execute (NUnit.Framework.Internal.ITestExecutionContext)
0x000001e9aa27556b (Mono JIT Code) UnityEngine.TestTools.UnityTestMethodCommand:Execute (NUnit.Framework.Internal.ITestExecutionContext) (at ./Library/PackageCache/com.unity.test-framework@40e262928427/UnityEngine.TestRunner/NUnitExtensions/Commands/UnityTestMethodCommand.cs:19)
0x000001e9aa2752fb (Mono JIT Code) UnityEngine.TestRunner.NUnitExtensions.Runner.UnityLogCheckDelegatingCommand/<>c__DisplayClass2_0:<Execute>b__0 () (at ./Library/PackageCache/com.unity.test-framework@40e262928427/UnityEngine.TestRunner/NUnitExtensions/Runner/UnityLogCheckDelegatingCommand.cs:24)
0x000001e9aa275123 (Mono JIT Code) UnityEngine.TestRunner.NUnitExtensions.Runner.UnityLogCheckDelegatingCommand:CaptureException (NUnit.Framework.Internal.TestResult,System.Action) (at ./Library/PackageCache/com.unity.test-framework@40e262928427/UnityEngine.TestRunner/NUnitExtensions/Runner/UnityLogCheckDelegatingCommand.cs:72)
0x000001e9aa274fb3 (Mono JIT Code) UnityEngine.TestRunner.NUnitExtensions.Runner.UnityLogCheckDelegatingCommand:ExecuteAndCheckLog (UnityEngine.TestTools.Logging.LogScope,NUnit.Framework.Internal.TestResult,System.Action) (at ./Library/PackageCache/com.unity.test-framework@40e262928427/UnityEngine.TestRunner/NUnitExtensions/Runner/UnityLogCheckDelegatingCommand.cs:83)
0x000001e9aa274c3b (Mono JIT Code) UnityEngine.TestRunner.NUnitExtensions.Runner.UnityLogCheckDelegatingCommand:Execute (NUnit.Framework.Internal.ITestExecutionContext) (at ./Library/PackageCache/com.unity.test-framework@40e262928427/UnityEngine.TestRunner/NUnitExtensions/Runner/UnityLogCheckDelegatingCommand.cs:24)
0x000001e9aa273c19 (Mono JIT Code) UnityEngine.TestRunner.NUnitExtensions.Runner.UnityLogCheckDelegatingCommand/<ExecuteEnumerable>d__3:MoveNext () (at ./Library/PackageCache/com.unity.test-framework@40e262928427/UnityEngine.TestRunner/NUnitExtensions/Runner/UnityLogCheckDelegatingCommand.cs:35)
0x000001e9aa251e01 (Mono JIT Code) UnityEngine.TestTools.BeforeAfterTestCommandBase`1/<ExecuteEnumerable>d__16<T_REF>:MoveNext () (at ./Library/PackageCache/com.unity.test-framework@40e262928427/UnityEngine.TestRunner/NUnitExtensions/Commands/BeforeAfterTestCommandBase.cs:212)
0x000001e9aa272fb6 (Mono JIT Code) UnityEngine.TestTools.ImmediateEnumerableCommand:Execute (NUnit.Framework.Internal.ITestExecutionContext) (at ./Library/PackageCache/com.unity.test-framework@40e262928427/UnityEngine.TestRunner/NUnitExtensions/Commands/ImmediateEnumerableCommand.cs:18)
0x000001e9aa251f01 (Mono JIT Code) UnityEngine.TestTools.BeforeAfterTestCommandBase`1/<ExecuteEnumerable>d__16<T_REF>:MoveNext () (at ./Library/PackageCache/com.unity.test-framework@40e262928427/UnityEngine.TestRunner/NUnitExtensions/Commands/BeforeAfterTestCommandBase.cs:219)
0x000001e9aa251e01 (Mono JIT Code) UnityEngine.TestTools.BeforeAfterTestCommandBase`1/<ExecuteEnumerable>d__16<T_REF>:MoveNext () (at ./Library/PackageCache/com.unity.test-framework@40e262928427/UnityEngine.TestRunner/NUnitExtensions/Commands/BeforeAfterTestCommandBase.cs:212)
0x000001e9aa251e01 (Mono JIT Code) UnityEngine.TestTools.BeforeAfterTestCommandBase`1/<ExecuteEnumerable>d__16<T_REF>:MoveNext () (at ./Library/PackageCache/com.unity.test-framework@40e262928427/UnityEngine.TestRunner/NUnitExtensions/Commands/BeforeAfterTestCommandBase.cs:212)
0x000001e9aa26b457 (Mono JIT Code) UnityEngine.TestTools.RetryCommand/<ExecuteEnumerable>d__2:MoveNext () (at ./Library/PackageCache/com.unity.test-framework@40e262928427/UnityEngine.TestRunner/NUnitExtensions/Commands/RetryCommand.cs:37)
0x000001e9aa269f2f (Mono JIT Code) UnityEngine.TestTools.RepeatCommand/<ExecuteEnumerable>d__2:MoveNext () (at ./Library/PackageCache/com.unity.test-framework@40e262928427/UnityEngine.TestRunner/NUnitExtensions/Commands/RepeatCommand.cs:36)
0x000001e9aa268fa6 (Mono JIT Code) UnityEngine.TestTools.IgnoreTestCommand/<ExecuteEnumerable>d__3:MoveNext () (at ./Library/PackageCache/com.unity.test-framework@40e262928427/UnityEngine.TestRunner/NUnitExtensions/Commands/IgnoreTestCommand.cs:42)
0x000001e9aa267c7f (Mono JIT Code) UnityEngine.TestTools.StrictCheckCommand/<ExecuteEnumerable>d__2:MoveNext () (at ./Library/PackageCache/com.unity.test-framework@40e262928427/UnityEngine.TestRunner/NUnitExtensions/Commands/StrictCheckCommand.cs:29)
0x000001e9aa266fe1 (Mono JIT Code) UnityEngine.TestRunner.NUnitExtensions.Runner.DefaultTestWorkItem/<PerformWork>d__2:MoveNext () (at ./Library/PackageCache/com.unity.test-framework@40e262928427/UnityEngine.TestRunner/NUnitExtensions/Runner/DefaultTestWorkItem.cs:50)
0x000001e9aa255e12 (Mono JIT Code) UnityEngine.TestRunner.NUnitExtensions.Runner.CompositeWorkItem/<RunChildren>d__17:MoveNext () (at ./Library/PackageCache/com.unity.test-framework@40e262928427/UnityEngine.TestRunner/NUnitExtensions/Runner/CompositeWorkItem.cs:207)
0x000001e9aa247756 (Mono JIT Code) UnityEngine.TestRunner.NUnitExtensions.Runner.CompositeWorkItem/<PerformWork>d__13:MoveNext () (at ./Library/PackageCache/com.unity.test-framework@40e262928427/UnityEngine.TestRunner/NUnitExtensions/Runner/CompositeWorkItem.cs:82)
0x000001e9aa255e12 (Mono JIT Code) UnityEngine.TestRunner.NUnitExtensions.Runner.CompositeWorkItem/<RunChildren>d__17:MoveNext () (at ./Library/PackageCache/com.unity.test-framework@40e262928427/UnityEngine.TestRunner/NUnitExtensions/Runner/CompositeWorkItem.cs:207)
0x000001e9aa247756 (Mono JIT Code) UnityEngine.TestRunner.NUnitExtensions.Runner.CompositeWorkItem/<PerformWork>d__13:MoveNext () (at ./Library/PackageCache/com.unity.test-framework@40e262928427/UnityEngine.TestRunner/NUnitExtensions/Runner/CompositeWorkItem.cs:82)
0x000001e9aa255e12 (Mono JIT Code) UnityEngine.TestRunner.NUnitExtensions.Runner.CompositeWorkItem/<RunChildren>d__17:MoveNext () (at ./Library/PackageCache/com.unity.test-framework@40e262928427/UnityEngine.TestRunner/NUnitExtensions/Runner/CompositeWorkItem.cs:207)
0x000001e9aa247756 (Mono JIT Code) UnityEngine.TestRunner.NUnitExtensions.Runner.CompositeWorkItem/<PerformWork>d__13:MoveNext () (at ./Library/PackageCache/com.unity.test-framework@40e262928427/UnityEngine.TestRunner/NUnitExtensions/Runner/CompositeWorkItem.cs:82)
0x000001e9aa245fcc (Mono JIT Code) UnityEditor.TestTools.TestRunner.EditModeRunner:MoveNextAndUpdateYieldObject () (at ./Library/PackageCache/com.unity.test-framework@40e262928427/UnityEditor.TestRunner/TestRunner/EditModeRunner.cs:167)
0x000001e9aa245b7b (Mono JIT Code) UnityEditor.TestTools.TestRunner.EditModeRunner:TestConsumer (UnityEditor.TestTools.TestRunner.TestRunnerStateSerializer) (at ./Library/PackageCache/com.unity.test-framework@40e262928427/UnityEditor.TestRunner/TestRunner/EditModeRunner.cs:200)
0x000001e9aa23c173 (Mono JIT Code) UnityEditor.TestTools.TestRunner.TestRun.Tasks.EditModeRunTask/<Execute>d__1:MoveNext () (at ./Library/PackageCache/com.unity.test-framework@40e262928427/UnityEditor.TestRunner/TestRun/Tasks/EditModeRunTask.cs:48)
0x000001e977129d5e (Mono JIT Code) UnityEditor.TestTools.TestRunner.TestRun.TestJobRunner:ExecuteStep () (at ./Library/PackageCache/com.unity.test-framework@40e262928427/UnityEditor.TestRunner/TestRun/TestJobRunner.cs:173)
0x000001e977128953 (Mono JIT Code) UnityEditor.TestTools.TestRunner.TestRun.TestJobRunner:ExecuteCallback () (at ./Library/PackageCache/com.unity.test-framework@40e262928427/UnityEditor.TestRunner/TestRun/TestJobRunner.cs:108)
0x000001e99df821b8 (Mono JIT Code) UnityEditor.EditorApplication:Internal_CallUpdateFunctions ()
0x000001e8e6514785 (Mono JIT Code) (wrapper runtime-invoke) object:runtime_invoke_void (object,intptr,intptr,intptr)
0x00007fff3fd16e7e (mono-2.0-bdwgc) mono_jit_runtime_invoke (at C:/build/output/Unity-Technologies/mono/mono/mini/mini-runtime.c:3445)
0x00007fff3fc58874 (mono-2.0-bdwgc) do_runtime_invoke (at C:/build/output/Unity-Technologies/mono/mono/metadata/object.c:3068)
0x00007fff3fc58960 (mono-2.0-bdwgc) mono_runtime_invoke (at C:/build/output/Unity-Technologies/mono/mono/metadata/object.c:3115)
0x00007fff38e4cea4 (Unity) scripting_method_invoke
0x00007fff38e25433 (Unity) ScriptingInvocation::Invoke
0x00007fff38e20b35 (Unity) ScriptingInvocation::Invoke<void>
0x00007fff38f8b4bb (Unity) Scripting::UnityEditor::EditorApplicationProxy::Internal_CallUpdateFunctions
0x00007fff3a07e0e4 (Unity) SceneTracker::Update
0x00007fff39be1247 (Unity) Application::TickTimer
0x00007fff3a1b25ac (Unity) MainMessageLoop
0x00007fff3a1b9d1c (Unity) UnityMain
0x00007ff68b302f2a (Unity) __scrt_common_main_seh
0x00007fffddade8d7 (KERNEL32) BaseThreadInitThunk
0x00007fffde88c53c (ntdll) RtlUserThreadStart

[MouseTracker] PlayerInputHandler not found. Mouse compensation will be disabled.
0x00007fff38f222ae (Unity) StackWalker::ShowCallstack
0x00007fff38f31ee9 (Unity) PlatformStacktrace::GetStacktrace
0x00007fff3a1ac04e (Unity) Stacktrace::GetStacktrace
0x00007fff3a7859df (Unity) DebugStringToFile
0x00007fff37fd2930 (Unity) DebugLogHandler_CUSTOM_Internal_Log
0x000001e9766cbd3e (Mono JIT Code) (wrapper managed-to-native) UnityEngine.DebugLogHandler:Internal_Log_Injected (UnityEngine.LogType,UnityEngine.LogOption,UnityEngine.Bindings.ManagedSpanWrapper&,intptr)
0x000001e9766cbb43 (Mono JIT Code) UnityEngine.DebugLogHandler:Internal_Log (UnityEngine.LogType,UnityEngine.LogOption,string,UnityEngine.Object)
0x000001e9766cb7fb (Mono JIT Code) UnityEngine.DebugLogHandler:LogFormat (UnityEngine.LogType,UnityEngine.Object,string,object[])
0x000001e9766ca6ae (Mono JIT Code) UnityEngine.Logger:Log (UnityEngine.LogType,object)
0x000001e9aa2b404d (Mono JIT Code) UnityEngine.Debug:LogWarning (object)
0x000001e9aa2b33ab (Mono JIT Code) MouseTracker:Initialize (RecoilSystem) (at C:/Users/Ubuntu/Desktop/_DEV/AFFECT-2025-10-11/Assets/_SCRIPTS/_PLAYER/Recoil/MouseTracker.cs:80)
0x000001e976d36246 (Mono JIT Code) RecoilSystem:InitializeModules () (at C:/Users/Ubuntu/Desktop/_DEV/AFFECT-2025-10-11/Assets/_SCRIPTS/_PLAYER/Recoil/RecoilSystem.cs:203)
0x000001e976d33eb3 (Mono JIT Code) RecoilSystem:Initialize () (at C:/Users/Ubuntu/Desktop/_DEV/AFFECT-2025-10-11/Assets/_SCRIPTS/_PLAYER/Recoil/RecoilSystem.cs:165)
0x000001e976d333a3 (Mono JIT Code) RecoilSystem:ForceInitializeForTesting () (at C:/Users/Ubuntu/Desktop/_DEV/AFFECT-2025-10-11/Assets/_SCRIPTS/_PLAYER/Recoil/RecoilSystem.cs:632)
0x000001e976d3c213 (Mono JIT Code) RecoilSystemProperties:Property13_GracefulModuleDegradation () (at C:/Users/Ubuntu/Desktop/_DEV/AFFECT-2025-10-11/Assets/_SCRIPTS/Editor/Properties/RecoilSystemProperties.cs:269)
0x000001e9aa264548 (Mono JIT Code) (wrapper runtime-invoke) object:runtime_invoke_void__this__ (object,intptr,intptr,intptr)
0x00007fff3fd16e7e (mono-2.0-bdwgc) mono_jit_runtime_invoke (at C:/build/output/Unity-Technologies/mono/mono/mini/mini-runtime.c:3445)
0x00007fff3fc58874 (mono-2.0-bdwgc) do_runtime_invoke (at C:/build/output/Unity-Technologies/mono/mono/metadata/object.c:3068)
0x00007fff3fc5f926 (mono-2.0-bdwgc) mono_runtime_try_invoke_array (at C:/build/output/Unity-Technologies/mono/mono/metadata/object.c:5774)
0x00007fff3fb91b81 (mono-2.0-bdwgc) ves_icall_InternalInvoke (at C:/build/output/Unity-Technologies/mono/mono/metadata/icall.c:4038)
0x00007fff3fbb7e31 (mono-2.0-bdwgc) ves_icall_InternalInvoke_raw (at C:/build/output/Unity-Technologies/mono/mono/metadata/icall-def.h:692)
0x000001e8e22b0f92 (Mono JIT Code) (wrapper managed-to-native) System.Reflection.RuntimeMethodInfo:InternalInvoke (System.Reflection.RuntimeMethodInfo,object,object[],System.Exception&)
0x000001e8e3c7ea73 (Mono JIT Code) System.Reflection.RuntimeMethodInfo:Invoke (object,System.Reflection.BindingFlags,System.Reflection.Binder,object[],System.Globalization.CultureInfo)
0x000001e8db9555ef (Mono JIT Code) System.Reflection.MethodBase:Invoke (object,object[])
0x000001e9aa26e783 (Mono JIT Code) NUnit.Framework.Internal.Reflect:InvokeMethod (System.Reflection.MethodInfo,object,object[])
0x000001e9aa2760ab (Mono JIT Code) NUnit.Framework.Internal.MethodWrapper:Invoke (object,object[])
0x000001e9aa275f8a (Mono JIT Code) NUnit.Framework.Internal.Commands.TestMethodCommand:RunNonAsyncTestMethod (NUnit.Framework.Internal.ITestExecutionContext)
0x000001e9aa275dd3 (Mono JIT Code) NUnit.Framework.Internal.Commands.TestMethodCommand:RunTestMethod (NUnit.Framework.Internal.ITestExecutionContext)
0x000001e9aa275973 (Mono JIT Code) NUnit.Framework.Internal.Commands.TestMethodCommand:Execute (NUnit.Framework.Internal.ITestExecutionContext)
0x000001e9aa27556b (Mono JIT Code) UnityEngine.TestTools.UnityTestMethodCommand:Execute (NUnit.Framework.Internal.ITestExecutionContext) (at ./Library/PackageCache/com.unity.test-framework@40e262928427/UnityEngine.TestRunner/NUnitExtensions/Commands/UnityTestMethodCommand.cs:19)
0x000001e9aa2752fb (Mono JIT Code) UnityEngine.TestRunner.NUnitExtensions.Runner.UnityLogCheckDelegatingCommand/<>c__DisplayClass2_0:<Execute>b__0 () (at ./Library/PackageCache/com.unity.test-framework@40e262928427/UnityEngine.TestRunner/NUnitExtensions/Runner/UnityLogCheckDelegatingCommand.cs:24)
0x000001e9aa275123 (Mono JIT Code) UnityEngine.TestRunner.NUnitExtensions.Runner.UnityLogCheckDelegatingCommand:CaptureException (NUnit.Framework.Internal.TestResult,System.Action) (at ./Library/PackageCache/com.unity.test-framework@40e262928427/UnityEngine.TestRunner/NUnitExtensions/Runner/UnityLogCheckDelegatingCommand.cs:72)
0x000001e9aa274fb3 (Mono JIT Code) UnityEngine.TestRunner.NUnitExtensions.Runner.UnityLogCheckDelegatingCommand:ExecuteAndCheckLog (UnityEngine.TestTools.Logging.LogScope,NUnit.Framework.Internal.TestResult,System.Action) (at ./Library/PackageCache/com.unity.test-framework@40e262928427/UnityEngine.TestRunner/NUnitExtensions/Runner/UnityLogCheckDelegatingCommand.cs:83)
0x000001e9aa274c3b (Mono JIT Code) UnityEngine.TestRunner.NUnitExtensions.Runner.UnityLogCheckDelegatingCommand:Execute (NUnit.Framework.Internal.ITestExecutionContext) (at ./Library/PackageCache/com.unity.test-framework@40e262928427/UnityEngine.TestRunner/NUnitExtensions/Runner/UnityLogCheckDelegatingCommand.cs:24)
0x000001e9aa273c19 (Mono JIT Code) UnityEngine.TestRunner.NUnitExtensions.Runner.UnityLogCheckDelegatingCommand/<ExecuteEnumerable>d__3:MoveNext () (at ./Library/PackageCache/com.unity.test-framework@40e262928427/UnityEngine.TestRunner/NUnitExtensions/Runner/UnityLogCheckDelegatingCommand.cs:35)
0x000001e9aa251e01 (Mono JIT Code) UnityEngine.TestTools.BeforeAfterTestCommandBase`1/<ExecuteEnumerable>d__16<T_REF>:MoveNext () (at ./Library/PackageCache/com.unity.test-framework@40e262928427/UnityEngine.TestRunner/NUnitExtensions/Commands/BeforeAfterTestCommandBase.cs:212)
0x000001e9aa272fb6 (Mono JIT Code) UnityEngine.TestTools.ImmediateEnumerableCommand:Execute (NUnit.Framework.Internal.ITestExecutionContext) (at ./Library/PackageCache/com.unity.test-framework@40e262928427/UnityEngine.TestRunner/NUnitExtensions/Commands/ImmediateEnumerableCommand.cs:18)
0x000001e9aa251f01 (Mono JIT Code) UnityEngine.TestTools.BeforeAfterTestCommandBase`1/<ExecuteEnumerable>d__16<T_REF>:MoveNext () (at ./Library/PackageCache/com.unity.test-framework@40e262928427/UnityEngine.TestRunner/NUnitExtensions/Commands/BeforeAfterTestCommandBase.cs:219)
0x000001e9aa251e01 (Mono JIT Code) UnityEngine.TestTools.BeforeAfterTestCommandBase`1/<ExecuteEnumerable>d__16<T_REF>:MoveNext () (at ./Library/PackageCache/com.unity.test-framework@40e262928427/UnityEngine.TestRunner/NUnitExtensions/Commands/BeforeAfterTestCommandBase.cs:212)
0x000001e9aa251e01 (Mono JIT Code) UnityEngine.TestTools.BeforeAfterTestCommandBase`1/<ExecuteEnumerable>d__16<T_REF>:MoveNext () (at ./Library/PackageCache/com.unity.test-framework@40e262928427/UnityEngine.TestRunner/NUnitExtensions/Commands/BeforeAfterTestCommandBase.cs:212)
0x000001e9aa26b457 (Mono JIT Code) UnityEngine.TestTools.RetryCommand/<ExecuteEnumerable>d__2:MoveNext () (at ./Library/PackageCache/com.unity.test-framework@40e262928427/UnityEngine.TestRunner/NUnitExtensions/Commands/RetryCommand.cs:37)
0x000001e9aa269f2f (Mono JIT Code) UnityEngine.TestTools.RepeatCommand/<ExecuteEnumerable>d__2:MoveNext () (at ./Library/PackageCache/com.unity.test-framework@40e262928427/UnityEngine.TestRunner/NUnitExtensions/Commands/RepeatCommand.cs:36)
0x000001e9aa268fa6 (Mono JIT Code) UnityEngine.TestTools.IgnoreTestCommand/<ExecuteEnumerable>d__3:MoveNext () (at ./Library/PackageCache/com.unity.test-framework@40e262928427/UnityEngine.TestRunner/NUnitExtensions/Commands/IgnoreTestCommand.cs:42)
0x000001e9aa267c7f (Mono JIT Code) UnityEngine.TestTools.StrictCheckCommand/<ExecuteEnumerable>d__2:MoveNext () (at ./Library/PackageCache/com.unity.test-framework@40e262928427/UnityEngine.TestRunner/NUnitExtensions/Commands/StrictCheckCommand.cs:29)
0x000001e9aa266fe1 (Mono JIT Code) UnityEngine.TestRunner.NUnitExtensions.Runner.DefaultTestWorkItem/<PerformWork>d__2:MoveNext () (at ./Library/PackageCache/com.unity.test-framework@40e262928427/UnityEngine.TestRunner/NUnitExtensions/Runner/DefaultTestWorkItem.cs:50)
0x000001e9aa255e12 (Mono JIT Code) UnityEngine.TestRunner.NUnitExtensions.Runner.CompositeWorkItem/<RunChildren>d__17:MoveNext () (at ./Library/PackageCache/com.unity.test-framework@40e262928427/UnityEngine.TestRunner/NUnitExtensions/Runner/CompositeWorkItem.cs:207)
0x000001e9aa247756 (Mono JIT Code) UnityEngine.TestRunner.NUnitExtensions.Runner.CompositeWorkItem/<PerformWork>d__13:MoveNext () (at ./Library/PackageCache/com.unity.test-framework@40e262928427/UnityEngine.TestRunner/NUnitExtensions/Runner/CompositeWorkItem.cs:82)
0x000001e9aa255e12 (Mono JIT Code) UnityEngine.TestRunner.NUnitExtensions.Runner.CompositeWorkItem/<RunChildren>d__17:MoveNext () (at ./Library/PackageCache/com.unity.test-framework@40e262928427/UnityEngine.TestRunner/NUnitExtensions/Runner/CompositeWorkItem.cs:207)
0x000001e9aa247756 (Mono JIT Code) UnityEngine.TestRunner.NUnitExtensions.Runner.CompositeWorkItem/<PerformWork>d__13:MoveNext () (at ./Library/PackageCache/com.unity.test-framework@40e262928427/UnityEngine.TestRunner/NUnitExtensions/Runner/CompositeWorkItem.cs:82)
0x000001e9aa255e12 (Mono JIT Code) UnityEngine.TestRunner.NUnitExtensions.Runner.CompositeWorkItem/<RunChildren>d__17:MoveNext () (at ./Library/PackageCache/com.unity.test-framework@40e262928427/UnityEngine.TestRunner/NUnitExtensions/Runner/CompositeWorkItem.cs:207)
0x000001e9aa247756 (Mono JIT Code) UnityEngine.TestRunner.NUnitExtensions.Runner.CompositeWorkItem/<PerformWork>d__13:MoveNext () (at ./Library/PackageCache/com.unity.test-framework@40e262928427/UnityEngine.TestRunner/NUnitExtensions/Runner/CompositeWorkItem.cs:82)
0x000001e9aa245fcc (Mono JIT Code) UnityEditor.TestTools.TestRunner.EditModeRunner:MoveNextAndUpdateYieldObject () (at ./Library/PackageCache/com.unity.test-framework@40e262928427/UnityEditor.TestRunner/TestRunner/EditModeRunner.cs:167)
0x000001e9aa245b7b (Mono JIT Code) UnityEditor.TestTools.TestRunner.EditModeRunner:TestConsumer (UnityEditor.TestTools.TestRunner.TestRunnerStateSerializer) (at ./Library/PackageCache/com.unity.test-framework@40e262928427/UnityEditor.TestRunner/TestRunner/EditModeRunner.cs:200)
0x000001e9aa23c173 (Mono JIT Code) UnityEditor.TestTools.TestRunner.TestRun.Tasks.EditModeRunTask/<Execute>d__1:MoveNext () (at ./Library/PackageCache/com.unity.test-framework@40e262928427/UnityEditor.TestRunner/TestRun/Tasks/EditModeRunTask.cs:48)
0x000001e977129d5e (Mono JIT Code) UnityEditor.TestTools.TestRunner.TestRun.TestJobRunner:ExecuteStep () (at ./Library/PackageCache/com.unity.test-framework@40e262928427/UnityEditor.TestRunner/TestRun/TestJobRunner.cs:173)
0x000001e977128953 (Mono JIT Code) UnityEditor.TestTools.TestRunner.TestRun.TestJobRunner:ExecuteCallback () (at ./Library/PackageCache/com.unity.test-framework@40e262928427/UnityEditor.TestRunner/TestRun/TestJobRunner.cs:108)
0x000001e99df821b8 (Mono JIT Code) UnityEditor.EditorApplication:Internal_CallUpdateFunctions ()
0x000001e8e6514785 (Mono JIT Code) (wrapper runtime-invoke) object:runtime_invoke_void (object,intptr,intptr,intptr)
0x00007fff3fd16e7e (mono-2.0-bdwgc) mono_jit_runtime_invoke (at C:/build/output/Unity-Technologies/mono/mono/mini/mini-runtime.c:3445)
0x00007fff3fc58874 (mono-2.0-bdwgc) do_runtime_invoke (at C:/build/output/Unity-Technologies/mono/mono/metadata/object.c:3068)
0x00007fff3fc58960 (mono-2.0-bdwgc) mono_runtime_invoke (at C:/build/output/Unity-Technologies/mono/mono/metadata/object.c:3115)
0x00007fff38e4cea4 (Unity) scripting_method_invoke
0x00007fff38e25433 (Unity) ScriptingInvocation::Invoke
0x00007fff38e20b35 (Unity) ScriptingInvocation::Invoke<void>
0x00007fff38f8b4bb (Unity) Scripting::UnityEditor::EditorApplicationProxy::Internal_CallUpdateFunctions
0x00007fff3a07e0e4 (Unity) SceneTracker::Update
0x00007fff39be1247 (Unity) Application::TickTimer
0x00007fff3a1b25ac (Unity) MainMessageLoop
0x00007fff3a1b9d1c (Unity) UnityMain
0x00007ff68b302f2a (Unity) __scrt_common_main_seh
0x00007fffddade8d7 (KERNEL32) BaseThreadInitThunk
0x00007fffde88c53c (ntdll) RtlUserThreadStart

[MouseTracker] PlayerInputHandler not found. Mouse compensation will be disabled.
0x00007fff38f222ae (Unity) StackWalker::ShowCallstack
0x00007fff38f31ee9 (Unity) PlatformStacktrace::GetStacktrace
0x00007fff3a1ac04e (Unity) Stacktrace::GetStacktrace
0x00007fff3a7859df (Unity) DebugStringToFile
0x00007fff37fd2930 (Unity) DebugLogHandler_CUSTOM_Internal_Log
0x000001e9766cbd3e (Mono JIT Code) (wrapper managed-to-native) UnityEngine.DebugLogHandler:Internal_Log_Injected (UnityEngine.LogType,UnityEngine.LogOption,UnityEngine.Bindings.ManagedSpanWrapper&,intptr)
0x000001e9766cbb43 (Mono JIT Code) UnityEngine.DebugLogHandler:Internal_Log (UnityEngine.LogType,UnityEngine.LogOption,string,UnityEngine.Object)
0x000001e9766cb7fb (Mono JIT Code) UnityEngine.DebugLogHandler:LogFormat (UnityEngine.LogType,UnityEngine.Object,string,object[])
0x000001e9766ca6ae (Mono JIT Code) UnityEngine.Logger:Log (UnityEngine.LogType,object)
0x000001e9aa2b404d (Mono JIT Code) UnityEngine.Debug:LogWarning (object)
0x000001e9aa2b33ab (Mono JIT Code) MouseTracker:Initialize (RecoilSystem) (at C:/Users/Ubuntu/Desktop/_DEV/AFFECT-2025-10-11/Assets/_SCRIPTS/_PLAYER/Recoil/MouseTracker.cs:80)
0x000001e976d36246 (Mono JIT Code) RecoilSystem:InitializeModules () (at C:/Users/Ubuntu/Desktop/_DEV/AFFECT-2025-10-11/Assets/_SCRIPTS/_PLAYER/Recoil/RecoilSystem.cs:203)
0x000001e976d33eb3 (Mono JIT Code) RecoilSystem:Initialize () (at C:/Users/Ubuntu/Desktop/_DEV/AFFECT-2025-10-11/Assets/_SCRIPTS/_PLAYER/Recoil/RecoilSystem.cs:165)
0x000001e976d333a3 (Mono JIT Code) RecoilSystem:ForceInitializeForTesting () (at C:/Users/Ubuntu/Desktop/_DEV/AFFECT-2025-10-11/Assets/_SCRIPTS/_PLAYER/Recoil/RecoilSystem.cs:632)
0x000001e976d3c213 (Mono JIT Code) RecoilSystemProperties:Property13_GracefulModuleDegradation () (at C:/Users/Ubuntu/Desktop/_DEV/AFFECT-2025-10-11/Assets/_SCRIPTS/Editor/Properties/RecoilSystemProperties.cs:269)
0x000001e9aa264548 (Mono JIT Code) (wrapper runtime-invoke) object:runtime_invoke_void__this__ (object,intptr,intptr,intptr)
0x00007fff3fd16e7e (mono-2.0-bdwgc) mono_jit_runtime_invoke (at C:/build/output/Unity-Technologies/mono/mono/mini/mini-runtime.c:3445)
0x00007fff3fc58874 (mono-2.0-bdwgc) do_runtime_invoke (at C:/build/output/Unity-Technologies/mono/mono/metadata/object.c:3068)
0x00007fff3fc5f926 (mono-2.0-bdwgc) mono_runtime_try_invoke_array (at C:/build/output/Unity-Technologies/mono/mono/metadata/object.c:5774)
0x00007fff3fb91b81 (mono-2.0-bdwgc) ves_icall_InternalInvoke (at C:/build/output/Unity-Technologies/mono/mono/metadata/icall.c:4038)
0x00007fff3fbb7e31 (mono-2.0-bdwgc) ves_icall_InternalInvoke_raw (at C:/build/output/Unity-Technologies/mono/mono/metadata/icall-def.h:692)
0x000001e8e22b0f92 (Mono JIT Code) (wrapper managed-to-native) System.Reflection.RuntimeMethodInfo:InternalInvoke (System.Reflection.RuntimeMethodInfo,object,object[],System.Exception&)
0x000001e8e3c7ea73 (Mono JIT Code) System.Reflection.RuntimeMethodInfo:Invoke (object,System.Reflection.BindingFlags,System.Reflection.Binder,object[],System.Globalization.CultureInfo)
0x000001e8db9555ef (Mono JIT Code) System.Reflection.MethodBase:Invoke (object,object[])
0x000001e9aa26e783 (Mono JIT Code) NUnit.Framework.Internal.Reflect:InvokeMethod (System.Reflection.MethodInfo,object,object[])
0x000001e9aa2760ab (Mono JIT Code) NUnit.Framework.Internal.MethodWrapper:Invoke (object,object[])
0x000001e9aa275f8a (Mono JIT Code) NUnit.Framework.Internal.Commands.TestMethodCommand:RunNonAsyncTestMethod (NUnit.Framework.Internal.ITestExecutionContext)
0x000001e9aa275dd3 (Mono JIT Code) NUnit.Framework.Internal.Commands.TestMethodCommand:RunTestMethod (NUnit.Framework.Internal.ITestExecutionContext)
0x000001e9aa275973 (Mono JIT Code) NUnit.Framework.Internal.Commands.TestMethodCommand:Execute (NUnit.Framework.Internal.ITestExecutionContext)
0x000001e9aa27556b (Mono JIT Code) UnityEngine.TestTools.UnityTestMethodCommand:Execute (NUnit.Framework.Internal.ITestExecutionContext) (at ./Library/PackageCache/com.unity.test-framework@40e262928427/UnityEngine.TestRunner/NUnitExtensions/Commands/UnityTestMethodCommand.cs:19)
0x000001e9aa2752fb (Mono JIT Code) UnityEngine.TestRunner.NUnitExtensions.Runner.UnityLogCheckDelegatingCommand/<>c__DisplayClass2_0:<Execute>b__0 () (at ./Library/PackageCache/com.unity.test-framework@40e262928427/UnityEngine.TestRunner/NUnitExtensions/Runner/UnityLogCheckDelegatingCommand.cs:24)
0x000001e9aa275123 (Mono JIT Code) UnityEngine.TestRunner.NUnitExtensions.Runner.UnityLogCheckDelegatingCommand:CaptureException (NUnit.Framework.Internal.TestResult,System.Action) (at ./Library/PackageCache/com.unity.test-framework@40e262928427/UnityEngine.TestRunner/NUnitExtensions/Runner/UnityLogCheckDelegatingCommand.cs:72)
0x000001e9aa274fb3 (Mono JIT Code) UnityEngine.TestRunner.NUnitExtensions.Runner.UnityLogCheckDelegatingCommand:ExecuteAndCheckLog (UnityEngine.TestTools.Logging.LogScope,NUnit.Framework.Internal.TestResult,System.Action) (at ./Library/PackageCache/com.unity.test-framework@40e262928427/UnityEngine.TestRunner/NUnitExtensions/Runner/UnityLogCheckDelegatingCommand.cs:83)
0x000001e9aa274c3b (Mono JIT Code) UnityEngine.TestRunner.NUnitExtensions.Runner.UnityLogCheckDelegatingCommand:Execute (NUnit.Framework.Internal.ITestExecutionContext) (at ./Library/PackageCache/com.unity.test-framework@40e262928427/UnityEngine.TestRunner/NUnitExtensions/Runner/UnityLogCheckDelegatingCommand.cs:24)
0x000001e9aa273c19 (Mono JIT Code) UnityEngine.TestRunner.NUnitExtensions.Runner.UnityLogCheckDelegatingCommand/<ExecuteEnumerable>d__3:MoveNext () (at ./Library/PackageCache/com.unity.test-framework@40e262928427/UnityEngine.TestRunner/NUnitExtensions/Runner/UnityLogCheckDelegatingCommand.cs:35)
0x000001e9aa251e01 (Mono JIT Code) UnityEngine.TestTools.BeforeAfterTestCommandBase`1/<ExecuteEnumerable>d__16<T_REF>:MoveNext () (at ./Library/PackageCache/com.unity.test-framework@40e262928427/UnityEngine.TestRunner/NUnitExtensions/Commands/BeforeAfterTestCommandBase.cs:212)
0x000001e9aa272fb6 (Mono JIT Code) UnityEngine.TestTools.ImmediateEnumerableCommand:Execute (NUnit.Framework.Internal.ITestExecutionContext) (at ./Library/PackageCache/com.unity.test-framework@40e262928427/UnityEngine.TestRunner/NUnitExtensions/Commands/ImmediateEnumerableCommand.cs:18)
0x000001e9aa251f01 (Mono JIT Code) UnityEngine.TestTools.BeforeAfterTestCommandBase`1/<ExecuteEnumerable>d__16<T_REF>:MoveNext () (at ./Library/PackageCache/com.unity.test-framework@40e262928427/UnityEngine.TestRunner/NUnitExtensions/Commands/BeforeAfterTestCommandBase.cs:219)
0x000001e9aa251e01 (Mono JIT Code) UnityEngine.TestTools.BeforeAfterTestCommandBase`1/<ExecuteEnumerable>d__16<T_REF>:MoveNext () (at ./Library/PackageCache/com.unity.test-framework@40e262928427/UnityEngine.TestRunner/NUnitExtensions/Commands/BeforeAfterTestCommandBase.cs:212)
0x000001e9aa251e01 (Mono JIT Code) UnityEngine.TestTools.BeforeAfterTestCommandBase`1/<ExecuteEnumerable>d__16<T_REF>:MoveNext () (at ./Library/PackageCache/com.unity.test-framework@40e262928427/UnityEngine.TestRunner/NUnitExtensions/Commands/BeforeAfterTestCommandBase.cs:212)
0x000001e9aa26b457 (Mono JIT Code) UnityEngine.TestTools.RetryCommand/<ExecuteEnumerable>d__2:MoveNext () (at ./Library/PackageCache/com.unity.test-framework@40e262928427/UnityEngine.TestRunner/NUnitExtensions/Commands/RetryCommand.cs:37)
0x000001e9aa269f2f (Mono JIT Code) UnityEngine.TestTools.RepeatCommand/<ExecuteEnumerable>d__2:MoveNext () (at ./Library/PackageCache/com.unity.test-framework@40e262928427/UnityEngine.TestRunner/NUnitExtensions/Commands/RepeatCommand.cs:36)
0x000001e9aa268fa6 (Mono JIT Code) UnityEngine.TestTools.IgnoreTestCommand/<ExecuteEnumerable>d__3:MoveNext () (at ./Library/PackageCache/com.unity.test-framework@40e262928427/UnityEngine.TestRunner/NUnitExtensions/Commands/IgnoreTestCommand.cs:42)
0x000001e9aa267c7f (Mono JIT Code) UnityEngine.TestTools.StrictCheckCommand/<ExecuteEnumerable>d__2:MoveNext () (at ./Library/PackageCache/com.unity.test-framework@40e262928427/UnityEngine.TestRunner/NUnitExtensions/Commands/StrictCheckCommand.cs:29)
0x000001e9aa266fe1 (Mono JIT Code) UnityEngine.TestRunner.NUnitExtensions.Runner.DefaultTestWorkItem/<PerformWork>d__2:MoveNext () (at ./Library/PackageCache/com.unity.test-framework@40e262928427/UnityEngine.TestRunner/NUnitExtensions/Runner/DefaultTestWorkItem.cs:50)
0x000001e9aa255e12 (Mono JIT Code) UnityEngine.TestRunner.NUnitExtensions.Runner.CompositeWorkItem/<RunChildren>d__17:MoveNext () (at ./Library/PackageCache/com.unity.test-framework@40e262928427/UnityEngine.TestRunner/NUnitExtensions/Runner/CompositeWorkItem.cs:207)
0x000001e9aa247756 (Mono JIT Code) UnityEngine.TestRunner.NUnitExtensions.Runner.CompositeWorkItem/<PerformWork>d__13:MoveNext () (at ./Library/PackageCache/com.unity.test-framework@40e262928427/UnityEngine.TestRunner/NUnitExtensions/Runner/CompositeWorkItem.cs:82)
0x000001e9aa255e12 (Mono JIT Code) UnityEngine.TestRunner.NUnitExtensions.Runner.CompositeWorkItem/<RunChildren>d__17:MoveNext () (at ./Library/PackageCache/com.unity.test-framework@40e262928427/UnityEngine.TestRunner/NUnitExtensions/Runner/CompositeWorkItem.cs:207)
0x000001e9aa247756 (Mono JIT Code) UnityEngine.TestRunner.NUnitExtensions.Runner.CompositeWorkItem/<PerformWork>d__13:MoveNext () (at ./Library/PackageCache/com.unity.test-framework@40e262928427/UnityEngine.TestRunner/NUnitExtensions/Runner/CompositeWorkItem.cs:82)
0x000001e9aa255e12 (Mono JIT Code) UnityEngine.TestRunner.NUnitExtensions.Runner.CompositeWorkItem/<RunChildren>d__17:MoveNext () (at ./Library/PackageCache/com.unity.test-framework@40e262928427/UnityEngine.TestRunner/NUnitExtensions/Runner/CompositeWorkItem.cs:207)
0x000001e9aa247756 (Mono JIT Code) UnityEngine.TestRunner.NUnitExtensions.Runner.CompositeWorkItem/<PerformWork>d__13:MoveNext () (at ./Library/PackageCache/com.unity.test-framework@40e262928427/UnityEngine.TestRunner/NUnitExtensions/Runner/CompositeWorkItem.cs:82)
0x000001e9aa245fcc (Mono JIT Code) UnityEditor.TestTools.TestRunner.EditModeRunner:MoveNextAndUpdateYieldObject () (at ./Library/PackageCache/com.unity.test-framework@40e262928427/UnityEditor.TestRunner/TestRunner/EditModeRunner.cs:167)
0x000001e9aa245b7b (Mono JIT Code) UnityEditor.TestTools.TestRunner.EditModeRunner:TestConsumer (UnityEditor.TestTools.TestRunner.TestRunnerStateSerializer) (at ./Library/PackageCache/com.unity.test-framework@40e262928427/UnityEditor.TestRunner/TestRunner/EditModeRunner.cs:200)
0x000001e9aa23c173 (Mono JIT Code) UnityEditor.TestTools.TestRunner.TestRun.Tasks.EditModeRunTask/<Execute>d__1:MoveNext () (at ./Library/PackageCache/com.unity.test-framework@40e262928427/UnityEditor.TestRunner/TestRun/Tasks/EditModeRunTask.cs:48)
0x000001e977129d5e (Mono JIT Code) UnityEditor.TestTools.TestRunner.TestRun.TestJobRunner:ExecuteStep () (at ./Library/PackageCache/com.unity.test-framework@40e262928427/UnityEditor.TestRunner/TestRun/TestJobRunner.cs:173)
0x000001e977128953 (Mono JIT Code) UnityEditor.TestTools.TestRunner.TestRun.TestJobRunner:ExecuteCallback () (at ./Library/PackageCache/com.unity.test-framework@40e262928427/UnityEditor.TestRunner/TestRun/TestJobRunner.cs:108)
0x000001e99df821b8 (Mono JIT Code) UnityEditor.EditorApplication:Internal_CallUpdateFunctions ()
0x000001e8e6514785 (Mono JIT Code) (wrapper runtime-invoke) object:runtime_invoke_void (object,intptr,intptr,intptr)
0x00007fff3fd16e7e (mono-2.0-bdwgc) mono_jit_runtime_invoke (at C:/build/output/Unity-Technologies/mono/mono/mini/mini-runtime.c:3445)
0x00007fff3fc58874 (mono-2.0-bdwgc) do_runtime_invoke (at C:/build/output/Unity-Technologies/mono/mono/metadata/object.c:3068)
0x00007fff3fc58960 (mono-2.0-bdwgc) mono_runtime_invoke (at C:/build/output/Unity-Technologies/mono/mono/metadata/object.c:3115)
0x00007fff38e4cea4 (Unity) scripting_method_invoke
0x00007fff38e25433 (Unity) ScriptingInvocation::Invoke
0x00007fff38e20b35 (Unity) ScriptingInvocation::Invoke<void>
0x00007fff38f8b4bb (Unity) Scripting::UnityEditor::EditorApplicationProxy::Internal_CallUpdateFunctions
0x00007fff3a07e0e4 (Unity) SceneTracker::Update
0x00007fff39be1247 (Unity) Application::TickTimer
0x00007fff3a1b25ac (Unity) MainMessageLoop
0x00007fff3a1b9d1c (Unity) UnityMain
0x00007ff68b302f2a (Unity) __scrt_common_main_seh
0x00007fffddade8d7 (KERNEL32) BaseThreadInitThunk
0x00007fffde88c53c (ntdll) RtlUserThreadStart

[MouseTracker] PlayerInputHandler not found. Mouse compensation will be disabled.
0x00007fff38f222ae (Unity) StackWalker::ShowCallstack
0x00007fff38f31ee9 (Unity) PlatformStacktrace::GetStacktrace
0x00007fff3a1ac04e (Unity) Stacktrace::GetStacktrace
0x00007fff3a7859df (Unity) DebugStringToFile
0x00007fff37fd2930 (Unity) DebugLogHandler_CUSTOM_Internal_Log
0x000001e9766cbd3e (Mono JIT Code) (wrapper managed-to-native) UnityEngine.DebugLogHandler:Internal_Log_Injected (UnityEngine.LogType,UnityEngine.LogOption,UnityEngine.Bindings.ManagedSpanWrapper&,intptr)
0x000001e9766cbb43 (Mono JIT Code) UnityEngine.DebugLogHandler:Internal_Log (UnityEngine.LogType,UnityEngine.LogOption,string,UnityEngine.Object)
0x000001e9766cb7fb (Mono JIT Code) UnityEngine.DebugLogHandler:LogFormat (UnityEngine.LogType,UnityEngine.Object,string,object[])
0x000001e9766ca6ae (Mono JIT Code) UnityEngine.Logger:Log (UnityEngine.LogType,object)
0x000001e9aa2b404d (Mono JIT Code) UnityEngine.Debug:LogWarning (object)
0x000001e9aa2b33ab (Mono JIT Code) MouseTracker:Initialize (RecoilSystem) (at C:/Users/Ubuntu/Desktop/_DEV/AFFECT-2025-10-11/Assets/_SCRIPTS/_PLAYER/Recoil/MouseTracker.cs:80)
0x000001e976d36246 (Mono JIT Code) RecoilSystem:InitializeModules () (at C:/Users/Ubuntu/Desktop/_DEV/AFFECT-2025-10-11/Assets/_SCRIPTS/_PLAYER/Recoil/RecoilSystem.cs:203)
0x000001e976d33eb3 (Mono JIT Code) RecoilSystem:Initialize () (at C:/Users/Ubuntu/Desktop/_DEV/AFFECT-2025-10-11/Assets/_SCRIPTS/_PLAYER/Recoil/RecoilSystem.cs:165)
0x000001e976d333a3 (Mono JIT Code) RecoilSystem:ForceInitializeForTesting () (at C:/Users/Ubuntu/Desktop/_DEV/AFFECT-2025-10-11/Assets/_SCRIPTS/_PLAYER/Recoil/RecoilSystem.cs:632)
0x000001e976d3c213 (Mono JIT Code) RecoilSystemProperties:Property13_GracefulModuleDegradation () (at C:/Users/Ubuntu/Desktop/_DEV/AFFECT-2025-10-11/Assets/_SCRIPTS/Editor/Properties/RecoilSystemProperties.cs:269)
0x000001e9aa264548 (Mono JIT Code) (wrapper runtime-invoke) object:runtime_invoke_void__this__ (object,intptr,intptr,intptr)
0x00007fff3fd16e7e (mono-2.0-bdwgc) mono_jit_runtime_invoke (at C:/build/output/Unity-Technologies/mono/mono/mini/mini-runtime.c:3445)
0x00007fff3fc58874 (mono-2.0-bdwgc) do_runtime_invoke (at C:/build/output/Unity-Technologies/mono/mono/metadata/object.c:3068)
0x00007fff3fc5f926 (mono-2.0-bdwgc) mono_runtime_try_invoke_array (at C:/build/output/Unity-Technologies/mono/mono/metadata/object.c:5774)
0x00007fff3fb91b81 (mono-2.0-bdwgc) ves_icall_InternalInvoke (at C:/build/output/Unity-Technologies/mono/mono/metadata/icall.c:4038)
0x00007fff3fbb7e31 (mono-2.0-bdwgc) ves_icall_InternalInvoke_raw (at C:/build/output/Unity-Technologies/mono/mono/metadata/icall-def.h:692)
0x000001e8e22b0f92 (Mono JIT Code) (wrapper managed-to-native) System.Reflection.RuntimeMethodInfo:InternalInvoke (System.Reflection.RuntimeMethodInfo,object,object[],System.Exception&)
0x000001e8e3c7ea73 (Mono JIT Code) System.Reflection.RuntimeMethodInfo:Invoke (object,System.Reflection.BindingFlags,System.Reflection.Binder,object[],System.Globalization.CultureInfo)
0x000001e8db9555ef (Mono JIT Code) System.Reflection.MethodBase:Invoke (object,object[])
0x000001e9aa26e783 (Mono JIT Code) NUnit.Framework.Internal.Reflect:InvokeMethod (System.Reflection.MethodInfo,object,object[])
0x000001e9aa2760ab (Mono JIT Code) NUnit.Framework.Internal.MethodWrapper:Invoke (object,object[])
0x000001e9aa275f8a (Mono JIT Code) NUnit.Framework.Internal.Commands.TestMethodCommand:RunNonAsyncTestMethod (NUnit.Framework.Internal.ITestExecutionContext)
0x000001e9aa275dd3 (Mono JIT Code) NUnit.Framework.Internal.Commands.TestMethodCommand:RunTestMethod (NUnit.Framework.Internal.ITestExecutionContext)
0x000001e9aa275973 (Mono JIT Code) NUnit.Framework.Internal.Commands.TestMethodCommand:Execute (NUnit.Framework.Internal.ITestExecutionContext)
0x000001e9aa27556b (Mono JIT Code) UnityEngine.TestTools.UnityTestMethodCommand:Execute (NUnit.Framework.Internal.ITestExecutionContext) (at ./Library/PackageCache/com.unity.test-framework@40e262928427/UnityEngine.TestRunner/NUnitExtensions/Commands/UnityTestMethodCommand.cs:19)
0x000001e9aa2752fb (Mono JIT Code) UnityEngine.TestRunner.NUnitExtensions.Runner.UnityLogCheckDelegatingCommand/<>c__DisplayClass2_0:<Execute>b__0 () (at ./Library/PackageCache/com.unity.test-framework@40e262928427/UnityEngine.TestRunner/NUnitExtensions/Runner/UnityLogCheckDelegatingCommand.cs:24)
0x000001e9aa275123 (Mono JIT Code) UnityEngine.TestRunner.NUnitExtensions.Runner.UnityLogCheckDelegatingCommand:CaptureException (NUnit.Framework.Internal.TestResult,System.Action) (at ./Library/PackageCache/com.unity.test-framework@40e262928427/UnityEngine.TestRunner/NUnitExtensions/Runner/UnityLogCheckDelegatingCommand.cs:72)
0x000001e9aa274fb3 (Mono JIT Code) UnityEngine.TestRunner.NUnitExtensions.Runner.UnityLogCheckDelegatingCommand:ExecuteAndCheckLog (UnityEngine.TestTools.Logging.LogScope,NUnit.Framework.Internal.TestResult,System.Action) (at ./Library/PackageCache/com.unity.test-framework@40e262928427/UnityEngine.TestRunner/NUnitExtensions/Runner/UnityLogCheckDelegatingCommand.cs:83)
0x000001e9aa274c3b (Mono JIT Code) UnityEngine.TestRunner.NUnitExtensions.Runner.UnityLogCheckDelegatingCommand:Execute (NUnit.Framework.Internal.ITestExecutionContext) (at ./Library/PackageCache/com.unity.test-framework@40e262928427/UnityEngine.TestRunner/NUnitExtensions/Runner/UnityLogCheckDelegatingCommand.cs:24)
0x000001e9aa273c19 (Mono JIT Code) UnityEngine.TestRunner.NUnitExtensions.Runner.UnityLogCheckDelegatingCommand/<ExecuteEnumerable>d__3:MoveNext () (at ./Library/PackageCache/com.unity.test-framework@40e262928427/UnityEngine.TestRunner/NUnitExtensions/Runner/UnityLogCheckDelegatingCommand.cs:35)
0x000001e9aa251e01 (Mono JIT Code) UnityEngine.TestTools.BeforeAfterTestCommandBase`1/<ExecuteEnumerable>d__16<T_REF>:MoveNext () (at ./Library/PackageCache/com.unity.test-framework@40e262928427/UnityEngine.TestRunner/NUnitExtensions/Commands/BeforeAfterTestCommandBase.cs:212)
0x000001e9aa272fb6 (Mono JIT Code) UnityEngine.TestTools.ImmediateEnumerableCommand:Execute (NUnit.Framework.Internal.ITestExecutionContext) (at ./Library/PackageCache/com.unity.test-framework@40e262928427/UnityEngine.TestRunner/NUnitExtensions/Commands/ImmediateEnumerableCommand.cs:18)
0x000001e9aa251f01 (Mono JIT Code) UnityEngine.TestTools.BeforeAfterTestCommandBase`1/<ExecuteEnumerable>d__16<T_REF>:MoveNext () (at ./Library/PackageCache/com.unity.test-framework@40e262928427/UnityEngine.TestRunner/NUnitExtensions/Commands/BeforeAfterTestCommandBase.cs:219)
0x000001e9aa251e01 (Mono JIT Code) UnityEngine.TestTools.BeforeAfterTestCommandBase`1/<ExecuteEnumerable>d__16<T_REF>:MoveNext () (at ./Library/PackageCache/com.unity.test-framework@40e262928427/UnityEngine.TestRunner/NUnitExtensions/Commands/BeforeAfterTestCommandBase.cs:212)
0x000001e9aa251e01 (Mono JIT Code) UnityEngine.TestTools.BeforeAfterTestCommandBase`1/<ExecuteEnumerable>d__16<T_REF>:MoveNext () (at ./Library/PackageCache/com.unity.test-framework@40e262928427/UnityEngine.TestRunner/NUnitExtensions/Commands/BeforeAfterTestCommandBase.cs:212)
0x000001e9aa26b457 (Mono JIT Code) UnityEngine.TestTools.RetryCommand/<ExecuteEnumerable>d__2:MoveNext () (at ./Library/PackageCache/com.unity.test-framework@40e262928427/UnityEngine.TestRunner/NUnitExtensions/Commands/RetryCommand.cs:37)
0x000001e9aa269f2f (Mono JIT Code) UnityEngine.TestTools.RepeatCommand/<ExecuteEnumerable>d__2:MoveNext () (at ./Library/PackageCache/com.unity.test-framework@40e262928427/UnityEngine.TestRunner/NUnitExtensions/Commands/RepeatCommand.cs:36)
0x000001e9aa268fa6 (Mono JIT Code) UnityEngine.TestTools.IgnoreTestCommand/<ExecuteEnumerable>d__3:MoveNext () (at ./Library/PackageCache/com.unity.test-framework@40e262928427/UnityEngine.TestRunner/NUnitExtensions/Commands/IgnoreTestCommand.cs:42)
0x000001e9aa267c7f (Mono JIT Code) UnityEngine.TestTools.StrictCheckCommand/<ExecuteEnumerable>d__2:MoveNext () (at ./Library/PackageCache/com.unity.test-framework@40e262928427/UnityEngine.TestRunner/NUnitExtensions/Commands/StrictCheckCommand.cs:29)
0x000001e9aa266fe1 (Mono JIT Code) UnityEngine.TestRunner.NUnitExtensions.Runner.DefaultTestWorkItem/<PerformWork>d__2:MoveNext () (at ./Library/PackageCache/com.unity.test-framework@40e262928427/UnityEngine.TestRunner/NUnitExtensions/Runner/DefaultTestWorkItem.cs:50)
0x000001e9aa255e12 (Mono JIT Code) UnityEngine.TestRunner.NUnitExtensions.Runner.CompositeWorkItem/<RunChildren>d__17:MoveNext () (at ./Library/PackageCache/com.unity.test-framework@40e262928427/UnityEngine.TestRunner/NUnitExtensions/Runner/CompositeWorkItem.cs:207)
0x000001e9aa247756 (Mono JIT Code) UnityEngine.TestRunner.NUnitExtensions.Runner.CompositeWorkItem/<PerformWork>d__13:MoveNext () (at ./Library/PackageCache/com.unity.test-framework@40e262928427/UnityEngine.TestRunner/NUnitExtensions/Runner/CompositeWorkItem.cs:82)
0x000001e9aa255e12 (Mono JIT Code) UnityEngine.TestRunner.NUnitExtensions.Runner.CompositeWorkItem/<RunChildren>d__17:MoveNext () (at ./Library/PackageCache/com.unity.test-framework@40e262928427/UnityEngine.TestRunner/NUnitExtensions/Runner/CompositeWorkItem.cs:207)
0x000001e9aa247756 (Mono JIT Code) UnityEngine.TestRunner.NUnitExtensions.Runner.CompositeWorkItem/<PerformWork>d__13:MoveNext () (at ./Library/PackageCache/com.unity.test-framework@40e262928427/UnityEngine.TestRunner/NUnitExtensions/Runner/CompositeWorkItem.cs:82)
0x000001e9aa255e12 (Mono JIT Code) UnityEngine.TestRunner.NUnitExtensions.Runner.CompositeWorkItem/<RunChildren>d__17:MoveNext () (at ./Library/PackageCache/com.unity.test-framework@40e262928427/UnityEngine.TestRunner/NUnitExtensions/Runner/CompositeWorkItem.cs:207)
0x000001e9aa247756 (Mono JIT Code) UnityEngine.TestRunner.NUnitExtensions.Runner.CompositeWorkItem/<PerformWork>d__13:MoveNext () (at ./Library/PackageCache/com.unity.test-framework@40e262928427/UnityEngine.TestRunner/NUnitExtensions/Runner/CompositeWorkItem.cs:82)
0x000001e9aa245fcc (Mono JIT Code) UnityEditor.TestTools.TestRunner.EditModeRunner:MoveNextAndUpdateYieldObject () (at ./Library/PackageCache/com.unity.test-framework@40e262928427/UnityEditor.TestRunner/TestRunner/EditModeRunner.cs:167)
0x000001e9aa245b7b (Mono JIT Code) UnityEditor.TestTools.TestRunner.EditModeRunner:TestConsumer (UnityEditor.TestTools.TestRunner.TestRunnerStateSerializer) (at ./Library/PackageCache/com.unity.test-framework@40e262928427/UnityEditor.TestRunner/TestRunner/EditModeRunner.cs:200)
0x000001e9aa23c173 (Mono JIT Code) UnityEditor.TestTools.TestRunner.TestRun.Tasks.EditModeRunTask/<Execute>d__1:MoveNext () (at ./Library/PackageCache/com.unity.test-framework@40e262928427/UnityEditor.TestRunner/TestRun/Tasks/EditModeRunTask.cs:48)
0x000001e977129d5e (Mono JIT Code) UnityEditor.TestTools.TestRunner.TestRun.TestJobRunner:ExecuteStep () (at ./Library/PackageCache/com.unity.test-framework@40e262928427/UnityEditor.TestRunner/TestRun/TestJobRunner.cs:173)
0x000001e977128953 (Mono JIT Code) UnityEditor.TestTools.TestRunner.TestRun.TestJobRunner:ExecuteCallback () (at ./Library/PackageCache/com.unity.test-framework@40e262928427/UnityEditor.TestRunner/TestRun/TestJobRunner.cs:108)
0x000001e99df821b8 (Mono JIT Code) UnityEditor.EditorApplication:Internal_CallUpdateFunctions ()
0x000001e8e6514785 (Mono JIT Code) (wrapper runtime-invoke) object:runtime_invoke_void (object,intptr,intptr,intptr)
0x00007fff3fd16e7e (mono-2.0-bdwgc) mono_jit_runtime_invoke (at C:/build/output/Unity-Technologies/mono/mono/mini/mini-runtime.c:3445)
0x00007fff3fc58874 (mono-2.0-bdwgc) do_runtime_invoke (at C:/build/output/Unity-Technologies/mono/mono/metadata/object.c:3068)
0x00007fff3fc58960 (mono-2.0-bdwgc) mono_runtime_invoke (at C:/build/output/Unity-Technologies/mono/mono/metadata/object.c:3115)
0x00007fff38e4cea4 (Unity) scripting_method_invoke
0x00007fff38e25433 (Unity) ScriptingInvocation::Invoke
0x00007fff38e20b35 (Unity) ScriptingInvocation::Invoke<void>
0x00007fff38f8b4bb (Unity) Scripting::UnityEditor::EditorApplicationProxy::Internal_CallUpdateFunctions
0x00007fff3a07e0e4 (Unity) SceneTracker::Update
0x00007fff39be1247 (Unity) Application::TickTimer
0x00007fff3a1b25ac (Unity) MainMessageLoop
0x00007fff3a1b9d1c (Unity) UnityMain
0x00007ff68b302f2a (Unity) __scrt_common_main_seh
0x00007fffddade8d7 (KERNEL32) BaseThreadInitThunk
0x00007fffde88c53c (ntdll) RtlUserThreadStart

[MouseTracker] PlayerInputHandler not found. Mouse compensation will be disabled.
0x00007fff38f222ae (Unity) StackWalker::ShowCallstack
0x00007fff38f31ee9 (Unity) PlatformStacktrace::GetStacktrace
0x00007fff3a1ac04e (Unity) Stacktrace::GetStacktrace
0x00007fff3a7859df (Unity) DebugStringToFile
0x00007fff37fd2930 (Unity) DebugLogHandler_CUSTOM_Internal_Log
0x000001e9766cbd3e (Mono JIT Code) (wrapper managed-to-native) UnityEngine.DebugLogHandler:Internal_Log_Injected (UnityEngine.LogType,UnityEngine.LogOption,UnityEngine.Bindings.ManagedSpanWrapper&,intptr)
0x000001e9766cbb43 (Mono JIT Code) UnityEngine.DebugLogHandler:Internal_Log (UnityEngine.LogType,UnityEngine.LogOption,string,UnityEngine.Object)
0x000001e9766cb7fb (Mono JIT Code) UnityEngine.DebugLogHandler:LogFormat (UnityEngine.LogType,UnityEngine.Object,string,object[])
0x000001e9766ca6ae (Mono JIT Code) UnityEngine.Logger:Log (UnityEngine.LogType,object)
0x000001e9aa2b404d (Mono JIT Code) UnityEngine.Debug:LogWarning (object)
0x000001e9aa2b33ab (Mono JIT Code) MouseTracker:Initialize (RecoilSystem) (at C:/Users/Ubuntu/Desktop/_DEV/AFFECT-2025-10-11/Assets/_SCRIPTS/_PLAYER/Recoil/MouseTracker.cs:80)
0x000001e976d36246 (Mono JIT Code) RecoilSystem:InitializeModules () (at C:/Users/Ubuntu/Desktop/_DEV/AFFECT-2025-10-11/Assets/_SCRIPTS/_PLAYER/Recoil/RecoilSystem.cs:203)
0x000001e976d33eb3 (Mono JIT Code) RecoilSystem:Initialize () (at C:/Users/Ubuntu/Desktop/_DEV/AFFECT-2025-10-11/Assets/_SCRIPTS/_PLAYER/Recoil/RecoilSystem.cs:165)
0x000001e976d333a3 (Mono JIT Code) RecoilSystem:ForceInitializeForTesting () (at C:/Users/Ubuntu/Desktop/_DEV/AFFECT-2025-10-11/Assets/_SCRIPTS/_PLAYER/Recoil/RecoilSystem.cs:632)
0x000001e976d3c213 (Mono JIT Code) RecoilSystemProperties:Property13_GracefulModuleDegradation () (at C:/Users/Ubuntu/Desktop/_DEV/AFFECT-2025-10-11/Assets/_SCRIPTS/Editor/Properties/RecoilSystemProperties.cs:269)
0x000001e9aa264548 (Mono JIT Code) (wrapper runtime-invoke) object:runtime_invoke_void__this__ (object,intptr,intptr,intptr)
0x00007fff3fd16e7e (mono-2.0-bdwgc) mono_jit_runtime_invoke (at C:/build/output/Unity-Technologies/mono/mono/mini/mini-runtime.c:3445)
0x00007fff3fc58874 (mono-2.0-bdwgc) do_runtime_invoke (at C:/build/output/Unity-Technologies/mono/mono/metadata/object.c:3068)
0x00007fff3fc5f926 (mono-2.0-bdwgc) mono_runtime_try_invoke_array (at C:/build/output/Unity-Technologies/mono/mono/metadata/object.c:5774)
0x00007fff3fb91b81 (mono-2.0-bdwgc) ves_icall_InternalInvoke (at C:/build/output/Unity-Technologies/mono/mono/metadata/icall.c:4038)
0x00007fff3fbb7e31 (mono-2.0-bdwgc) ves_icall_InternalInvoke_raw (at C:/build/output/Unity-Technologies/mono/mono/metadata/icall-def.h:692)
0x000001e8e22b0f92 (Mono JIT Code) (wrapper managed-to-native) System.Reflection.RuntimeMethodInfo:InternalInvoke (System.Reflection.RuntimeMethodInfo,object,object[],System.Exception&)
0x000001e8e3c7ea73 (Mono JIT Code) System.Reflection.RuntimeMethodInfo:Invoke (object,System.Reflection.BindingFlags,System.Reflection.Binder,object[],System.Globalization.CultureInfo)
0x000001e8db9555ef (Mono JIT Code) System.Reflection.MethodBase:Invoke (object,object[])
0x000001e9aa26e783 (Mono JIT Code) NUnit.Framework.Internal.Reflect:InvokeMethod (System.Reflection.MethodInfo,object,object[])
0x000001e9aa2760ab (Mono JIT Code) NUnit.Framework.Internal.MethodWrapper:Invoke (object,object[])
0x000001e9aa275f8a (Mono JIT Code) NUnit.Framework.Internal.Commands.TestMethodCommand:RunNonAsyncTestMethod (NUnit.Framework.Internal.ITestExecutionContext)
0x000001e9aa275dd3 (Mono JIT Code) NUnit.Framework.Internal.Commands.TestMethodCommand:RunTestMethod (NUnit.Framework.Internal.ITestExecutionContext)
0x000001e9aa275973 (Mono JIT Code) NUnit.Framework.Internal.Commands.TestMethodCommand:Execute (NUnit.Framework.Internal.ITestExecutionContext)
0x000001e9aa27556b (Mono JIT Code) UnityEngine.TestTools.UnityTestMethodCommand:Execute (NUnit.Framework.Internal.ITestExecutionContext) (at ./Library/PackageCache/com.unity.test-framework@40e262928427/UnityEngine.TestRunner/NUnitExtensions/Commands/UnityTestMethodCommand.cs:19)
0x000001e9aa2752fb (Mono JIT Code) UnityEngine.TestRunner.NUnitExtensions.Runner.UnityLogCheckDelegatingCommand/<>c__DisplayClass2_0:<Execute>b__0 () (at ./Library/PackageCache/com.unity.test-framework@40e262928427/UnityEngine.TestRunner/NUnitExtensions/Runner/UnityLogCheckDelegatingCommand.cs:24)
0x000001e9aa275123 (Mono JIT Code) UnityEngine.TestRunner.NUnitExtensions.Runner.UnityLogCheckDelegatingCommand:CaptureException (NUnit.Framework.Internal.TestResult,System.Action) (at ./Library/PackageCache/com.unity.test-framework@40e262928427/UnityEngine.TestRunner/NUnitExtensions/Runner/UnityLogCheckDelegatingCommand.cs:72)
0x000001e9aa274fb3 (Mono JIT Code) UnityEngine.TestRunner.NUnitExtensions.Runner.UnityLogCheckDelegatingCommand:ExecuteAndCheckLog (UnityEngine.TestTools.Logging.LogScope,NUnit.Framework.Internal.TestResult,System.Action) (at ./Library/PackageCache/com.unity.test-framework@40e262928427/UnityEngine.TestRunner/NUnitExtensions/Runner/UnityLogCheckDelegatingCommand.cs:83)
0x000001e9aa274c3b (Mono JIT Code) UnityEngine.TestRunner.NUnitExtensions.Runner.UnityLogCheckDelegatingCommand:Execute (NUnit.Framework.Internal.ITestExecutionContext) (at ./Library/PackageCache/com.unity.test-framework@40e262928427/UnityEngine.TestRunner/NUnitExtensions/Runner/UnityLogCheckDelegatingCommand.cs:24)
0x000001e9aa273c19 (Mono JIT Code) UnityEngine.TestRunner.NUnitExtensions.Runner.UnityLogCheckDelegatingCommand/<ExecuteEnumerable>d__3:MoveNext () (at ./Library/PackageCache/com.unity.test-framework@40e262928427/UnityEngine.TestRunner/NUnitExtensions/Runner/UnityLogCheckDelegatingCommand.cs:35)
0x000001e9aa251e01 (Mono JIT Code) UnityEngine.TestTools.BeforeAfterTestCommandBase`1/<ExecuteEnumerable>d__16<T_REF>:MoveNext () (at ./Library/PackageCache/com.unity.test-framework@40e262928427/UnityEngine.TestRunner/NUnitExtensions/Commands/BeforeAfterTestCommandBase.cs:212)
0x000001e9aa272fb6 (Mono JIT Code) UnityEngine.TestTools.ImmediateEnumerableCommand:Execute (NUnit.Framework.Internal.ITestExecutionContext) (at ./Library/PackageCache/com.unity.test-framework@40e262928427/UnityEngine.TestRunner/NUnitExtensions/Commands/ImmediateEnumerableCommand.cs:18)
0x000001e9aa251f01 (Mono JIT Code) UnityEngine.TestTools.BeforeAfterTestCommandBase`1/<ExecuteEnumerable>d__16<T_REF>:MoveNext () (at ./Library/PackageCache/com.unity.test-framework@40e262928427/UnityEngine.TestRunner/NUnitExtensions/Commands/BeforeAfterTestCommandBase.cs:219)
0x000001e9aa251e01 (Mono JIT Code) UnityEngine.TestTools.BeforeAfterTestCommandBase`1/<ExecuteEnumerable>d__16<T_REF>:MoveNext () (at ./Library/PackageCache/com.unity.test-framework@40e262928427/UnityEngine.TestRunner/NUnitExtensions/Commands/BeforeAfterTestCommandBase.cs:212)
0x000001e9aa251e01 (Mono JIT Code) UnityEngine.TestTools.BeforeAfterTestCommandBase`1/<ExecuteEnumerable>d__16<T_REF>:MoveNext () (at ./Library/PackageCache/com.unity.test-framework@40e262928427/UnityEngine.TestRunner/NUnitExtensions/Commands/BeforeAfterTestCommandBase.cs:212)
0x000001e9aa26b457 (Mono JIT Code) UnityEngine.TestTools.RetryCommand/<ExecuteEnumerable>d__2:MoveNext () (at ./Library/PackageCache/com.unity.test-framework@40e262928427/UnityEngine.TestRunner/NUnitExtensions/Commands/RetryCommand.cs:37)
0x000001e9aa269f2f (Mono JIT Code) UnityEngine.TestTools.RepeatCommand/<ExecuteEnumerable>d__2:MoveNext () (at ./Library/PackageCache/com.unity.test-framework@40e262928427/UnityEngine.TestRunner/NUnitExtensions/Commands/RepeatCommand.cs:36)
0x000001e9aa268fa6 (Mono JIT Code) UnityEngine.TestTools.IgnoreTestCommand/<ExecuteEnumerable>d__3:MoveNext () (at ./Library/PackageCache/com.unity.test-framework@40e262928427/UnityEngine.TestRunner/NUnitExtensions/Commands/IgnoreTestCommand.cs:42)
0x000001e9aa267c7f (Mono JIT Code) UnityEngine.TestTools.StrictCheckCommand/<ExecuteEnumerable>d__2:MoveNext () (at ./Library/PackageCache/com.unity.test-framework@40e262928427/UnityEngine.TestRunner/NUnitExtensions/Commands/StrictCheckCommand.cs:29)
0x000001e9aa266fe1 (Mono JIT Code) UnityEngine.TestRunner.NUnitExtensions.Runner.DefaultTestWorkItem/<PerformWork>d__2:MoveNext () (at ./Library/PackageCache/com.unity.test-framework@40e262928427/UnityEngine.TestRunner/NUnitExtensions/Runner/DefaultTestWorkItem.cs:50)
0x000001e9aa255e12 (Mono JIT Code) UnityEngine.TestRunner.NUnitExtensions.Runner.CompositeWorkItem/<RunChildren>d__17:MoveNext () (at ./Library/PackageCache/com.unity.test-framework@40e262928427/UnityEngine.TestRunner/NUnitExtensions/Runner/CompositeWorkItem.cs:207)
0x000001e9aa247756 (Mono JIT Code) UnityEngine.TestRunner.NUnitExtensions.Runner.CompositeWorkItem/<PerformWork>d__13:MoveNext () (at ./Library/PackageCache/com.unity.test-framework@40e262928427/UnityEngine.TestRunner/NUnitExtensions/Runner/CompositeWorkItem.cs:82)
0x000001e9aa255e12 (Mono JIT Code) UnityEngine.TestRunner.NUnitExtensions.Runner.CompositeWorkItem/<RunChildren>d__17:MoveNext () (at ./Library/PackageCache/com.unity.test-framework@40e262928427/UnityEngine.TestRunner/NUnitExtensions/Runner/CompositeWorkItem.cs:207)
0x000001e9aa247756 (Mono JIT Code) UnityEngine.TestRunner.NUnitExtensions.Runner.CompositeWorkItem/<PerformWork>d__13:MoveNext () (at ./Library/PackageCache/com.unity.test-framework@40e262928427/UnityEngine.TestRunner/NUnitExtensions/Runner/CompositeWorkItem.cs:82)
0x000001e9aa255e12 (Mono JIT Code) UnityEngine.TestRunner.NUnitExtensions.Runner.CompositeWorkItem/<RunChildren>d__17:MoveNext () (at ./Library/PackageCache/com.unity.test-framework@40e262928427/UnityEngine.TestRunner/NUnitExtensions/Runner/CompositeWorkItem.cs:207)
0x000001e9aa247756 (Mono JIT Code) UnityEngine.TestRunner.NUnitExtensions.Runner.CompositeWorkItem/<PerformWork>d__13:MoveNext () (at ./Library/PackageCache/com.unity.test-framework@40e262928427/UnityEngine.TestRunner/NUnitExtensions/Runner/CompositeWorkItem.cs:82)
0x000001e9aa245fcc (Mono JIT Code) UnityEditor.TestTools.TestRunner.EditModeRunner:MoveNextAndUpdateYieldObject () (at ./Library/PackageCache/com.unity.test-framework@40e262928427/UnityEditor.TestRunner/TestRunner/EditModeRunner.cs:167)
0x000001e9aa245b7b (Mono JIT Code) UnityEditor.TestTools.TestRunner.EditModeRunner:TestConsumer (UnityEditor.TestTools.TestRunner.TestRunnerStateSerializer) (at ./Library/PackageCache/com.unity.test-framework@40e262928427/UnityEditor.TestRunner/TestRunner/EditModeRunner.cs:200)
0x000001e9aa23c173 (Mono JIT Code) UnityEditor.TestTools.TestRunner.TestRun.Tasks.EditModeRunTask/<Execute>d__1:MoveNext () (at ./Library/PackageCache/com.unity.test-framework@40e262928427/UnityEditor.TestRunner/TestRun/Tasks/EditModeRunTask.cs:48)
0x000001e977129d5e (Mono JIT Code) UnityEditor.TestTools.TestRunner.TestRun.TestJobRunner:ExecuteStep () (at ./Library/PackageCache/com.unity.test-framework@40e262928427/UnityEditor.TestRunner/TestRun/TestJobRunner.cs:173)
0x000001e977128953 (Mono JIT Code) UnityEditor.TestTools.TestRunner.TestRun.TestJobRunner:ExecuteCallback () (at ./Library/PackageCache/com.unity.test-framework@40e262928427/UnityEditor.TestRunner/TestRun/TestJobRunner.cs:108)
0x000001e99df821b8 (Mono JIT Code) UnityEditor.EditorApplication:Internal_CallUpdateFunctions ()
0x000001e8e6514785 (Mono JIT Code) (wrapper runtime-invoke) object:runtime_invoke_void (object,intptr,intptr,intptr)
0x00007fff3fd16e7e (mono-2.0-bdwgc) mono_jit_runtime_invoke (at C:/build/output/Unity-Technologies/mono/mono/mini/mini-runtime.c:3445)
0x00007fff3fc58874 (mono-2.0-bdwgc) do_runtime_invoke (at C:/build/output/Unity-Technologies/mono/mono/metadata/object.c:3068)
0x00007fff3fc58960 (mono-2.0-bdwgc) mono_runtime_invoke (at C:/build/output/Unity-Technologies/mono/mono/metadata/object.c:3115)
0x00007fff38e4cea4 (Unity) scripting_method_invoke
0x00007fff38e25433 (Unity) ScriptingInvocation::Invoke
0x00007fff38e20b35 (Unity) ScriptingInvocation::Invoke<void>
0x00007fff38f8b4bb (Unity) Scripting::UnityEditor::EditorApplicationProxy::Internal_CallUpdateFunctions
0x00007fff3a07e0e4 (Unity) SceneTracker::Update
0x00007fff39be1247 (Unity) Application::TickTimer
0x00007fff3a1b25ac (Unity) MainMessageLoop
0x00007fff3a1b9d1c (Unity) UnityMain
0x00007ff68b302f2a (Unity) __scrt_common_main_seh
0x00007fffddade8d7 (KERNEL32) BaseThreadInitThunk
0x00007fffde88c53c (ntdll) RtlUserThreadStart

[MouseTracker] PlayerInputHandler not found. Mouse compensation will be disabled.
0x00007fff38f222ae (Unity) StackWalker::ShowCallstack
0x00007fff38f31ee9 (Unity) PlatformStacktrace::GetStacktrace
0x00007fff3a1ac04e (Unity) Stacktrace::GetStacktrace
0x00007fff3a7859df (Unity) DebugStringToFile
0x00007fff37fd2930 (Unity) DebugLogHandler_CUSTOM_Internal_Log
0x000001e9766cbd3e (Mono JIT Code) (wrapper managed-to-native) UnityEngine.DebugLogHandler:Internal_Log_Injected (UnityEngine.LogType,UnityEngine.LogOption,UnityEngine.Bindings.ManagedSpanWrapper&,intptr)
0x000001e9766cbb43 (Mono JIT Code) UnityEngine.DebugLogHandler:Internal_Log (UnityEngine.LogType,UnityEngine.LogOption,string,UnityEngine.Object)
0x000001e9766cb7fb (Mono JIT Code) UnityEngine.DebugLogHandler:LogFormat (UnityEngine.LogType,UnityEngine.Object,string,object[])
0x000001e9766ca6ae (Mono JIT Code) UnityEngine.Logger:Log (UnityEngine.LogType,object)
0x000001e9aa2b404d (Mono JIT Code) UnityEngine.Debug:LogWarning (object)
0x000001e9aa2b33ab (Mono JIT Code) MouseTracker:Initialize (RecoilSystem) (at C:/Users/Ubuntu/Desktop/_DEV/AFFECT-2025-10-11/Assets/_SCRIPTS/_PLAYER/Recoil/MouseTracker.cs:80)
0x000001e976d36246 (Mono JIT Code) RecoilSystem:InitializeModules () (at C:/Users/Ubuntu/Desktop/_DEV/AFFECT-2025-10-11/Assets/_SCRIPTS/_PLAYER/Recoil/RecoilSystem.cs:203)
0x000001e976d33eb3 (Mono JIT Code) RecoilSystem:Initialize () (at C:/Users/Ubuntu/Desktop/_DEV/AFFECT-2025-10-11/Assets/_SCRIPTS/_PLAYER/Recoil/RecoilSystem.cs:165)
0x000001e976d333a3 (Mono JIT Code) RecoilSystem:ForceInitializeForTesting () (at C:/Users/Ubuntu/Desktop/_DEV/AFFECT-2025-10-11/Assets/_SCRIPTS/_PLAYER/Recoil/RecoilSystem.cs:632)
0x000001e976d3c213 (Mono JIT Code) RecoilSystemProperties:Property13_GracefulModuleDegradation () (at C:/Users/Ubuntu/Desktop/_DEV/AFFECT-2025-10-11/Assets/_SCRIPTS/Editor/Properties/RecoilSystemProperties.cs:269)
0x000001e9aa264548 (Mono JIT Code) (wrapper runtime-invoke) object:runtime_invoke_void__this__ (object,intptr,intptr,intptr)
0x00007fff3fd16e7e (mono-2.0-bdwgc) mono_jit_runtime_invoke (at C:/build/output/Unity-Technologies/mono/mono/mini/mini-runtime.c:3445)
0x00007fff3fc58874 (mono-2.0-bdwgc) do_runtime_invoke (at C:/build/output/Unity-Technologies/mono/mono/metadata/object.c:3068)
0x00007fff3fc5f926 (mono-2.0-bdwgc) mono_runtime_try_invoke_array (at C:/build/output/Unity-Technologies/mono/mono/metadata/object.c:5774)
0x00007fff3fb91b81 (mono-2.0-bdwgc) ves_icall_InternalInvoke (at C:/build/output/Unity-Technologies/mono/mono/metadata/icall.c:4038)
0x00007fff3fbb7e31 (mono-2.0-bdwgc) ves_icall_InternalInvoke_raw (at C:/build/output/Unity-Technologies/mono/mono/metadata/icall-def.h:692)
0x000001e8e22b0f92 (Mono JIT Code) (wrapper managed-to-native) System.Reflection.RuntimeMethodInfo:InternalInvoke (System.Reflection.RuntimeMethodInfo,object,object[],System.Exception&)
0x000001e8e3c7ea73 (Mono JIT Code) System.Reflection.RuntimeMethodInfo:Invoke (object,System.Reflection.BindingFlags,System.Reflection.Binder,object[],System.Globalization.CultureInfo)
0x000001e8db9555ef (Mono JIT Code) System.Reflection.MethodBase:Invoke (object,object[])
0x000001e9aa26e783 (Mono JIT Code) NUnit.Framework.Internal.Reflect:InvokeMethod (System.Reflection.MethodInfo,object,object[])
0x000001e9aa2760ab (Mono JIT Code) NUnit.Framework.Internal.MethodWrapper:Invoke (object,object[])
0x000001e9aa275f8a (Mono JIT Code) NUnit.Framework.Internal.Commands.TestMethodCommand:RunNonAsyncTestMethod (NUnit.Framework.Internal.ITestExecutionContext)
0x000001e9aa275dd3 (Mono JIT Code) NUnit.Framework.Internal.Commands.TestMethodCommand:RunTestMethod (NUnit.Framework.Internal.ITestExecutionContext)
0x000001e9aa275973 (Mono JIT Code) NUnit.Framework.Internal.Commands.TestMethodCommand:Execute (NUnit.Framework.Internal.ITestExecutionContext)
0x000001e9aa27556b (Mono JIT Code) UnityEngine.TestTools.UnityTestMethodCommand:Execute (NUnit.Framework.Internal.ITestExecutionContext) (at ./Library/PackageCache/com.unity.test-framework@40e262928427/UnityEngine.TestRunner/NUnitExtensions/Commands/UnityTestMethodCommand.cs:19)
0x000001e9aa2752fb (Mono JIT Code) UnityEngine.TestRunner.NUnitExtensions.Runner.UnityLogCheckDelegatingCommand/<>c__DisplayClass2_0:<Execute>b__0 () (at ./Library/PackageCache/com.unity.test-framework@40e262928427/UnityEngine.TestRunner/NUnitExtensions/Runner/UnityLogCheckDelegatingCommand.cs:24)
0x000001e9aa275123 (Mono JIT Code) UnityEngine.TestRunner.NUnitExtensions.Runner.UnityLogCheckDelegatingCommand:CaptureException (NUnit.Framework.Internal.TestResult,System.Action) (at ./Library/PackageCache/com.unity.test-framework@40e262928427/UnityEngine.TestRunner/NUnitExtensions/Runner/UnityLogCheckDelegatingCommand.cs:72)
0x000001e9aa274fb3 (Mono JIT Code) UnityEngine.TestRunner.NUnitExtensions.Runner.UnityLogCheckDelegatingCommand:ExecuteAndCheckLog (UnityEngine.TestTools.Logging.LogScope,NUnit.Framework.Internal.TestResult,System.Action) (at ./Library/PackageCache/com.unity.test-framework@40e262928427/UnityEngine.TestRunner/NUnitExtensions/Runner/UnityLogCheckDelegatingCommand.cs:83)
0x000001e9aa274c3b (Mono JIT Code) UnityEngine.TestRunner.NUnitExtensions.Runner.UnityLogCheckDelegatingCommand:Execute (NUnit.Framework.Internal.ITestExecutionContext) (at ./Library/PackageCache/com.unity.test-framework@40e262928427/UnityEngine.TestRunner/NUnitExtensions/Runner/UnityLogCheckDelegatingCommand.cs:24)
0x000001e9aa273c19 (Mono JIT Code) UnityEngine.TestRunner.NUnitExtensions.Runner.UnityLogCheckDelegatingCommand/<ExecuteEnumerable>d__3:MoveNext () (at ./Library/PackageCache/com.unity.test-framework@40e262928427/UnityEngine.TestRunner/NUnitExtensions/Runner/UnityLogCheckDelegatingCommand.cs:35)
0x000001e9aa251e01 (Mono JIT Code) UnityEngine.TestTools.BeforeAfterTestCommandBase`1/<ExecuteEnumerable>d__16<T_REF>:MoveNext () (at ./Library/PackageCache/com.unity.test-framework@40e262928427/UnityEngine.TestRunner/NUnitExtensions/Commands/BeforeAfterTestCommandBase.cs:212)
0x000001e9aa272fb6 (Mono JIT Code) UnityEngine.TestTools.ImmediateEnumerableCommand:Execute (NUnit.Framework.Internal.ITestExecutionContext) (at ./Library/PackageCache/com.unity.test-framework@40e262928427/UnityEngine.TestRunner/NUnitExtensions/Commands/ImmediateEnumerableCommand.cs:18)
0x000001e9aa251f01 (Mono JIT Code) UnityEngine.TestTools.BeforeAfterTestCommandBase`1/<ExecuteEnumerable>d__16<T_REF>:MoveNext () (at ./Library/PackageCache/com.unity.test-framework@40e262928427/UnityEngine.TestRunner/NUnitExtensions/Commands/BeforeAfterTestCommandBase.cs:219)
0x000001e9aa251e01 (Mono JIT Code) UnityEngine.TestTools.BeforeAfterTestCommandBase`1/<ExecuteEnumerable>d__16<T_REF>:MoveNext () (at ./Library/PackageCache/com.unity.test-framework@40e262928427/UnityEngine.TestRunner/NUnitExtensions/Commands/BeforeAfterTestCommandBase.cs:212)
0x000001e9aa251e01 (Mono JIT Code) UnityEngine.TestTools.BeforeAfterTestCommandBase`1/<ExecuteEnumerable>d__16<T_REF>:MoveNext () (at ./Library/PackageCache/com.unity.test-framework@40e262928427/UnityEngine.TestRunner/NUnitExtensions/Commands/BeforeAfterTestCommandBase.cs:212)
0x000001e9aa26b457 (Mono JIT Code) UnityEngine.TestTools.RetryCommand/<ExecuteEnumerable>d__2:MoveNext () (at ./Library/PackageCache/com.unity.test-framework@40e262928427/UnityEngine.TestRunner/NUnitExtensions/Commands/RetryCommand.cs:37)
0x000001e9aa269f2f (Mono JIT Code) UnityEngine.TestTools.RepeatCommand/<ExecuteEnumerable>d__2:MoveNext () (at ./Library/PackageCache/com.unity.test-framework@40e262928427/UnityEngine.TestRunner/NUnitExtensions/Commands/RepeatCommand.cs:36)
0x000001e9aa268fa6 (Mono JIT Code) UnityEngine.TestTools.IgnoreTestCommand/<ExecuteEnumerable>d__3:MoveNext () (at ./Library/PackageCache/com.unity.test-framework@40e262928427/UnityEngine.TestRunner/NUnitExtensions/Commands/IgnoreTestCommand.cs:42)
0x000001e9aa267c7f (Mono JIT Code) UnityEngine.TestTools.StrictCheckCommand/<ExecuteEnumerable>d__2:MoveNext () (at ./Library/PackageCache/com.unity.test-framework@40e262928427/UnityEngine.TestRunner/NUnitExtensions/Commands/StrictCheckCommand.cs:29)
0x000001e9aa266fe1 (Mono JIT Code) UnityEngine.TestRunner.NUnitExtensions.Runner.DefaultTestWorkItem/<PerformWork>d__2:MoveNext () (at ./Library/PackageCache/com.unity.test-framework@40e262928427/UnityEngine.TestRunner/NUnitExtensions/Runner/DefaultTestWorkItem.cs:50)
0x000001e9aa255e12 (Mono JIT Code) UnityEngine.TestRunner.NUnitExtensions.Runner.CompositeWorkItem/<RunChildren>d__17:MoveNext () (at ./Library/PackageCache/com.unity.test-framework@40e262928427/UnityEngine.TestRunner/NUnitExtensions/Runner/CompositeWorkItem.cs:207)
0x000001e9aa247756 (Mono JIT Code) UnityEngine.TestRunner.NUnitExtensions.Runner.CompositeWorkItem/<PerformWork>d__13:MoveNext () (at ./Library/PackageCache/com.unity.test-framework@40e262928427/UnityEngine.TestRunner/NUnitExtensions/Runner/CompositeWorkItem.cs:82)
0x000001e9aa255e12 (Mono JIT Code) UnityEngine.TestRunner.NUnitExtensions.Runner.CompositeWorkItem/<RunChildren>d__17:MoveNext () (at ./Library/PackageCache/com.unity.test-framework@40e262928427/UnityEngine.TestRunner/NUnitExtensions/Runner/CompositeWorkItem.cs:207)
0x000001e9aa247756 (Mono JIT Code) UnityEngine.TestRunner.NUnitExtensions.Runner.CompositeWorkItem/<PerformWork>d__13:MoveNext () (at ./Library/PackageCache/com.unity.test-framework@40e262928427/UnityEngine.TestRunner/NUnitExtensions/Runner/CompositeWorkItem.cs:82)
0x000001e9aa255e12 (Mono JIT Code) UnityEngine.TestRunner.NUnitExtensions.Runner.CompositeWorkItem/<RunChildren>d__17:MoveNext () (at ./Library/PackageCache/com.unity.test-framework@40e262928427/UnityEngine.TestRunner/NUnitExtensions/Runner/CompositeWorkItem.cs:207)
0x000001e9aa247756 (Mono JIT Code) UnityEngine.TestRunner.NUnitExtensions.Runner.CompositeWorkItem/<PerformWork>d__13:MoveNext () (at ./Library/PackageCache/com.unity.test-framework@40e262928427/UnityEngine.TestRunner/NUnitExtensions/Runner/CompositeWorkItem.cs:82)
0x000001e9aa245fcc (Mono JIT Code) UnityEditor.TestTools.TestRunner.EditModeRunner:MoveNextAndUpdateYieldObject () (at ./Library/PackageCache/com.unity.test-framework@40e262928427/UnityEditor.TestRunner/TestRunner/EditModeRunner.cs:167)
0x000001e9aa245b7b (Mono JIT Code) UnityEditor.TestTools.TestRunner.EditModeRunner:TestConsumer (UnityEditor.TestTools.TestRunner.TestRunnerStateSerializer) (at ./Library/PackageCache/com.unity.test-framework@40e262928427/UnityEditor.TestRunner/TestRunner/EditModeRunner.cs:200)
0x000001e9aa23c173 (Mono JIT Code) UnityEditor.TestTools.TestRunner.TestRun.Tasks.EditModeRunTask/<Execute>d__1:MoveNext () (at ./Library/PackageCache/com.unity.test-framework@40e262928427/UnityEditor.TestRunner/TestRun/Tasks/EditModeRunTask.cs:48)
0x000001e977129d5e (Mono JIT Code) UnityEditor.TestTools.TestRunner.TestRun.TestJobRunner:ExecuteStep () (at ./Library/PackageCache/com.unity.test-framework@40e262928427/UnityEditor.TestRunner/TestRun/TestJobRunner.cs:173)
0x000001e977128953 (Mono JIT Code) UnityEditor.TestTools.TestRunner.TestRun.TestJobRunner:ExecuteCallback () (at ./Library/PackageCache/com.unity.test-framework@40e262928427/UnityEditor.TestRunner/TestRun/TestJobRunner.cs:108)
0x000001e99df821b8 (Mono JIT Code) UnityEditor.EditorApplication:Internal_CallUpdateFunctions ()
0x000001e8e6514785 (Mono JIT Code) (wrapper runtime-invoke) object:runtime_invoke_void (object,intptr,intptr,intptr)
0x00007fff3fd16e7e (mono-2.0-bdwgc) mono_jit_runtime_invoke (at C:/build/output/Unity-Technologies/mono/mono/mini/mini-runtime.c:3445)
0x00007fff3fc58874 (mono-2.0-bdwgc) do_runtime_invoke (at C:/build/output/Unity-Technologies/mono/mono/metadata/object.c:3068)
0x00007fff3fc58960 (mono-2.0-bdwgc) mono_runtime_invoke (at C:/build/output/Unity-Technologies/mono/mono/metadata/object.c:3115)
0x00007fff38e4cea4 (Unity) scripting_method_invoke
0x00007fff38e25433 (Unity) ScriptingInvocation::Invoke
0x00007fff38e20b35 (Unity) ScriptingInvocation::Invoke<void>
0x00007fff38f8b4bb (Unity) Scripting::UnityEditor::EditorApplicationProxy::Internal_CallUpdateFunctions
0x00007fff3a07e0e4 (Unity) SceneTracker::Update
0x00007fff39be1247 (Unity) Application::TickTimer
0x00007fff3a1b25ac (Unity) MainMessageLoop
0x00007fff3a1b9d1c (Unity) UnityMain
0x00007ff68b302f2a (Unity) __scrt_common_main_seh
0x00007fffddade8d7 (KERNEL32) BaseThreadInitThunk
0x00007fffde88c53c (ntdll) RtlUserThreadStart

[MouseTracker] PlayerInputHandler not found. Mouse compensation will be disabled.
0x00007fff38f222ae (Unity) StackWalker::ShowCallstack
0x00007fff38f31ee9 (Unity) PlatformStacktrace::GetStacktrace
0x00007fff3a1ac04e (Unity) Stacktrace::GetStacktrace
0x00007fff3a7859df (Unity) DebugStringToFile
0x00007fff37fd2930 (Unity) DebugLogHandler_CUSTOM_Internal_Log
0x000001e9766cbd3e (Mono JIT Code) (wrapper managed-to-native) UnityEngine.DebugLogHandler:Internal_Log_Injected (UnityEngine.LogType,UnityEngine.LogOption,UnityEngine.Bindings.ManagedSpanWrapper&,intptr)
0x000001e9766cbb43 (Mono JIT Code) UnityEngine.DebugLogHandler:Internal_Log (UnityEngine.LogType,UnityEngine.LogOption,string,UnityEngine.Object)
0x000001e9766cb7fb (Mono JIT Code) UnityEngine.DebugLogHandler:LogFormat (UnityEngine.LogType,UnityEngine.Object,string,object[])
0x000001e9766ca6ae (Mono JIT Code) UnityEngine.Logger:Log (UnityEngine.LogType,object)
0x000001e9aa2b404d (Mono JIT Code) UnityEngine.Debug:LogWarning (object)
0x000001e9aa2b33ab (Mono JIT Code) MouseTracker:Initialize (RecoilSystem) (at C:/Users/Ubuntu/Desktop/_DEV/AFFECT-2025-10-11/Assets/_SCRIPTS/_PLAYER/Recoil/MouseTracker.cs:80)
0x000001e976d36246 (Mono JIT Code) RecoilSystem:InitializeModules () (at C:/Users/Ubuntu/Desktop/_DEV/AFFECT-2025-10-11/Assets/_SCRIPTS/_PLAYER/Recoil/RecoilSystem.cs:203)
0x000001e976d33eb3 (Mono JIT Code) RecoilSystem:Initialize () (at C:/Users/Ubuntu/Desktop/_DEV/AFFECT-2025-10-11/Assets/_SCRIPTS/_PLAYER/Recoil/RecoilSystem.cs:165)
0x000001e976d333a3 (Mono JIT Code) RecoilSystem:ForceInitializeForTesting () (at C:/Users/Ubuntu/Desktop/_DEV/AFFECT-2025-10-11/Assets/_SCRIPTS/_PLAYER/Recoil/RecoilSystem.cs:632)
0x000001e976d3c213 (Mono JIT Code) RecoilSystemProperties:Property13_GracefulModuleDegradation () (at C:/Users/Ubuntu/Desktop/_DEV/AFFECT-2025-10-11/Assets/_SCRIPTS/Editor/Properties/RecoilSystemProperties.cs:269)
0x000001e9aa264548 (Mono JIT Code) (wrapper runtime-invoke) object:runtime_invoke_void__this__ (object,intptr,intptr,intptr)
0x00007fff3fd16e7e (mono-2.0-bdwgc) mono_jit_runtime_invoke (at C:/build/output/Unity-Technologies/mono/mono/mini/mini-runtime.c:3445)
0x00007fff3fc58874 (mono-2.0-bdwgc) do_runtime_invoke (at C:/build/output/Unity-Technologies/mono/mono/metadata/object.c:3068)
0x00007fff3fc5f926 (mono-2.0-bdwgc) mono_runtime_try_invoke_array (at C:/build/output/Unity-Technologies/mono/mono/metadata/object.c:5774)
0x00007fff3fb91b81 (mono-2.0-bdwgc) ves_icall_InternalInvoke (at C:/build/output/Unity-Technologies/mono/mono/metadata/icall.c:4038)
0x00007fff3fbb7e31 (mono-2.0-bdwgc) ves_icall_InternalInvoke_raw (at C:/build/output/Unity-Technologies/mono/mono/metadata/icall-def.h:692)
0x000001e8e22b0f92 (Mono JIT Code) (wrapper managed-to-native) System.Reflection.RuntimeMethodInfo:InternalInvoke (System.Reflection.RuntimeMethodInfo,object,object[],System.Exception&)
0x000001e8e3c7ea73 (Mono JIT Code) System.Reflection.RuntimeMethodInfo:Invoke (object,System.Reflection.BindingFlags,System.Reflection.Binder,object[],System.Globalization.CultureInfo)
0x000001e8db9555ef (Mono JIT Code) System.Reflection.MethodBase:Invoke (object,object[])
0x000001e9aa26e783 (Mono JIT Code) NUnit.Framework.Internal.Reflect:InvokeMethod (System.Reflection.MethodInfo,object,object[])
0x000001e9aa2760ab (Mono JIT Code) NUnit.Framework.Internal.MethodWrapper:Invoke (object,object[])
0x000001e9aa275f8a (Mono JIT Code) NUnit.Framework.Internal.Commands.TestMethodCommand:RunNonAsyncTestMethod (NUnit.Framework.Internal.ITestExecutionContext)
0x000001e9aa275dd3 (Mono JIT Code) NUnit.Framework.Internal.Commands.TestMethodCommand:RunTestMethod (NUnit.Framework.Internal.ITestExecutionContext)
0x000001e9aa275973 (Mono JIT Code) NUnit.Framework.Internal.Commands.TestMethodCommand:Execute (NUnit.Framework.Internal.ITestExecutionContext)
0x000001e9aa27556b (Mono JIT Code) UnityEngine.TestTools.UnityTestMethodCommand:Execute (NUnit.Framework.Internal.ITestExecutionContext) (at ./Library/PackageCache/com.unity.test-framework@40e262928427/UnityEngine.TestRunner/NUnitExtensions/Commands/UnityTestMethodCommand.cs:19)
0x000001e9aa2752fb (Mono JIT Code) UnityEngine.TestRunner.NUnitExtensions.Runner.UnityLogCheckDelegatingCommand/<>c__DisplayClass2_0:<Execute>b__0 () (at ./Library/PackageCache/com.unity.test-framework@40e262928427/UnityEngine.TestRunner/NUnitExtensions/Runner/UnityLogCheckDelegatingCommand.cs:24)
0x000001e9aa275123 (Mono JIT Code) UnityEngine.TestRunner.NUnitExtensions.Runner.UnityLogCheckDelegatingCommand:CaptureException (NUnit.Framework.Internal.TestResult,System.Action) (at ./Library/PackageCache/com.unity.test-framework@40e262928427/UnityEngine.TestRunner/NUnitExtensions/Runner/UnityLogCheckDelegatingCommand.cs:72)
0x000001e9aa274fb3 (Mono JIT Code) UnityEngine.TestRunner.NUnitExtensions.Runner.UnityLogCheckDelegatingCommand:ExecuteAndCheckLog (UnityEngine.TestTools.Logging.LogScope,NUnit.Framework.Internal.TestResult,System.Action) (at ./Library/PackageCache/com.unity.test-framework@40e262928427/UnityEngine.TestRunner/NUnitExtensions/Runner/UnityLogCheckDelegatingCommand.cs:83)
0x000001e9aa274c3b (Mono JIT Code) UnityEngine.TestRunner.NUnitExtensions.Runner.UnityLogCheckDelegatingCommand:Execute (NUnit.Framework.Internal.ITestExecutionContext) (at ./Library/PackageCache/com.unity.test-framework@40e262928427/UnityEngine.TestRunner/NUnitExtensions/Runner/UnityLogCheckDelegatingCommand.cs:24)
0x000001e9aa273c19 (Mono JIT Code) UnityEngine.TestRunner.NUnitExtensions.Runner.UnityLogCheckDelegatingCommand/<ExecuteEnumerable>d__3:MoveNext () (at ./Library/PackageCache/com.unity.test-framework@40e262928427/UnityEngine.TestRunner/NUnitExtensions/Runner/UnityLogCheckDelegatingCommand.cs:35)
0x000001e9aa251e01 (Mono JIT Code) UnityEngine.TestTools.BeforeAfterTestCommandBase`1/<ExecuteEnumerable>d__16<T_REF>:MoveNext () (at ./Library/PackageCache/com.unity.test-framework@40e262928427/UnityEngine.TestRunner/NUnitExtensions/Commands/BeforeAfterTestCommandBase.cs:212)
0x000001e9aa272fb6 (Mono JIT Code) UnityEngine.TestTools.ImmediateEnumerableCommand:Execute (NUnit.Framework.Internal.ITestExecutionContext) (at ./Library/PackageCache/com.unity.test-framework@40e262928427/UnityEngine.TestRunner/NUnitExtensions/Commands/ImmediateEnumerableCommand.cs:18)
0x000001e9aa251f01 (Mono JIT Code) UnityEngine.TestTools.BeforeAfterTestCommandBase`1/<ExecuteEnumerable>d__16<T_REF>:MoveNext () (at ./Library/PackageCache/com.unity.test-framework@40e262928427/UnityEngine.TestRunner/NUnitExtensions/Commands/BeforeAfterTestCommandBase.cs:219)
0x000001e9aa251e01 (Mono JIT Code) UnityEngine.TestTools.BeforeAfterTestCommandBase`1/<ExecuteEnumerable>d__16<T_REF>:MoveNext () (at ./Library/PackageCache/com.unity.test-framework@40e262928427/UnityEngine.TestRunner/NUnitExtensions/Commands/BeforeAfterTestCommandBase.cs:212)
0x000001e9aa251e01 (Mono JIT Code) UnityEngine.TestTools.BeforeAfterTestCommandBase`1/<ExecuteEnumerable>d__16<T_REF>:MoveNext () (at ./Library/PackageCache/com.unity.test-framework@40e262928427/UnityEngine.TestRunner/NUnitExtensions/Commands/BeforeAfterTestCommandBase.cs:212)
0x000001e9aa26b457 (Mono JIT Code) UnityEngine.TestTools.RetryCommand/<ExecuteEnumerable>d__2:MoveNext () (at ./Library/PackageCache/com.unity.test-framework@40e262928427/UnityEngine.TestRunner/NUnitExtensions/Commands/RetryCommand.cs:37)
0x000001e9aa269f2f (Mono JIT Code) UnityEngine.TestTools.RepeatCommand/<ExecuteEnumerable>d__2:MoveNext () (at ./Library/PackageCache/com.unity.test-framework@40e262928427/UnityEngine.TestRunner/NUnitExtensions/Commands/RepeatCommand.cs:36)
0x000001e9aa268fa6 (Mono JIT Code) UnityEngine.TestTools.IgnoreTestCommand/<ExecuteEnumerable>d__3:MoveNext () (at ./Library/PackageCache/com.unity.test-framework@40e262928427/UnityEngine.TestRunner/NUnitExtensions/Commands/IgnoreTestCommand.cs:42)
0x000001e9aa267c7f (Mono JIT Code) UnityEngine.TestTools.StrictCheckCommand/<ExecuteEnumerable>d__2:MoveNext () (at ./Library/PackageCache/com.unity.test-framework@40e262928427/UnityEngine.TestRunner/NUnitExtensions/Commands/StrictCheckCommand.cs:29)
0x000001e9aa266fe1 (Mono JIT Code) UnityEngine.TestRunner.NUnitExtensions.Runner.DefaultTestWorkItem/<PerformWork>d__2:MoveNext () (at ./Library/PackageCache/com.unity.test-framework@40e262928427/UnityEngine.TestRunner/NUnitExtensions/Runner/DefaultTestWorkItem.cs:50)
0x000001e9aa255e12 (Mono JIT Code) UnityEngine.TestRunner.NUnitExtensions.Runner.CompositeWorkItem/<RunChildren>d__17:MoveNext () (at ./Library/PackageCache/com.unity.test-framework@40e262928427/UnityEngine.TestRunner/NUnitExtensions/Runner/CompositeWorkItem.cs:207)
0x000001e9aa247756 (Mono JIT Code) UnityEngine.TestRunner.NUnitExtensions.Runner.CompositeWorkItem/<PerformWork>d__13:MoveNext () (at ./Library/PackageCache/com.unity.test-framework@40e262928427/UnityEngine.TestRunner/NUnitExtensions/Runner/CompositeWorkItem.cs:82)
0x000001e9aa255e12 (Mono JIT Code) UnityEngine.TestRunner.NUnitExtensions.Runner.CompositeWorkItem/<RunChildren>d__17:MoveNext () (at ./Library/PackageCache/com.unity.test-framework@40e262928427/UnityEngine.TestRunner/NUnitExtensions/Runner/CompositeWorkItem.cs:207)
0x000001e9aa247756 (Mono JIT Code) UnityEngine.TestRunner.NUnitExtensions.Runner.CompositeWorkItem/<PerformWork>d__13:MoveNext () (at ./Library/PackageCache/com.unity.test-framework@40e262928427/UnityEngine.TestRunner/NUnitExtensions/Runner/CompositeWorkItem.cs:82)
0x000001e9aa255e12 (Mono JIT Code) UnityEngine.TestRunner.NUnitExtensions.Runner.CompositeWorkItem/<RunChildren>d__17:MoveNext () (at ./Library/PackageCache/com.unity.test-framework@40e262928427/UnityEngine.TestRunner/NUnitExtensions/Runner/CompositeWorkItem.cs:207)
0x000001e9aa247756 (Mono JIT Code) UnityEngine.TestRunner.NUnitExtensions.Runner.CompositeWorkItem/<PerformWork>d__13:MoveNext () (at ./Library/PackageCache/com.unity.test-framework@40e262928427/UnityEngine.TestRunner/NUnitExtensions/Runner/CompositeWorkItem.cs:82)
0x000001e9aa245fcc (Mono JIT Code) UnityEditor.TestTools.TestRunner.EditModeRunner:MoveNextAndUpdateYieldObject () (at ./Library/PackageCache/com.unity.test-framework@40e262928427/UnityEditor.TestRunner/TestRunner/EditModeRunner.cs:167)
0x000001e9aa245b7b (Mono JIT Code) UnityEditor.TestTools.TestRunner.EditModeRunner:TestConsumer (UnityEditor.TestTools.TestRunner.TestRunnerStateSerializer) (at ./Library/PackageCache/com.unity.test-framework@40e262928427/UnityEditor.TestRunner/TestRunner/EditModeRunner.cs:200)
0x000001e9aa23c173 (Mono JIT Code) UnityEditor.TestTools.TestRunner.TestRun.Tasks.EditModeRunTask/<Execute>d__1:MoveNext () (at ./Library/PackageCache/com.unity.test-framework@40e262928427/UnityEditor.TestRunner/TestRun/Tasks/EditModeRunTask.cs:48)
0x000001e977129d5e (Mono JIT Code) UnityEditor.TestTools.TestRunner.TestRun.TestJobRunner:ExecuteStep () (at ./Library/PackageCache/com.unity.test-framework@40e262928427/UnityEditor.TestRunner/TestRun/TestJobRunner.cs:173)
0x000001e977128953 (Mono JIT Code) UnityEditor.TestTools.TestRunner.TestRun.TestJobRunner:ExecuteCallback () (at ./Library/PackageCache/com.unity.test-framework@40e262928427/UnityEditor.TestRunner/TestRun/TestJobRunner.cs:108)
0x000001e99df821b8 (Mono JIT Code) UnityEditor.EditorApplication:Internal_CallUpdateFunctions ()
0x000001e8e6514785 (Mono JIT Code) (wrapper runtime-invoke) object:runtime_invoke_void (object,intptr,intptr,intptr)
0x00007fff3fd16e7e (mono-2.0-bdwgc) mono_jit_runtime_invoke (at C:/build/output/Unity-Technologies/mono/mono/mini/mini-runtime.c:3445)
0x00007fff3fc58874 (mono-2.0-bdwgc) do_runtime_invoke (at C:/build/output/Unity-Technologies/mono/mono/metadata/object.c:3068)
0x00007fff3fc58960 (mono-2.0-bdwgc) mono_runtime_invoke (at C:/build/output/Unity-Technologies/mono/mono/metadata/object.c:3115)
0x00007fff38e4cea4 (Unity) scripting_method_invoke
0x00007fff38e25433 (Unity) ScriptingInvocation::Invoke
0x00007fff38e20b35 (Unity) ScriptingInvocation::Invoke<void>
0x00007fff38f8b4bb (Unity) Scripting::UnityEditor::EditorApplicationProxy::Internal_CallUpdateFunctions
0x00007fff3a07e0e4 (Unity) SceneTracker::Update
0x00007fff39be1247 (Unity) Application::TickTimer
0x00007fff3a1b25ac (Unity) MainMessageLoop
0x00007fff3a1b9d1c (Unity) UnityMain
0x00007ff68b302f2a (Unity) __scrt_common_main_seh
0x00007fffddade8d7 (KERNEL32) BaseThreadInitThunk
0x00007fffde88c53c (ntdll) RtlUserThreadStart

[MouseTracker] PlayerInputHandler not found. Mouse compensation will be disabled.
0x00007fff38f222ae (Unity) StackWalker::ShowCallstack
0x00007fff38f31ee9 (Unity) PlatformStacktrace::GetStacktrace
0x00007fff3a1ac04e (Unity) Stacktrace::GetStacktrace
0x00007fff3a7859df (Unity) DebugStringToFile
0x00007fff37fd2930 (Unity) DebugLogHandler_CUSTOM_Internal_Log
0x000001e9766cbd3e (Mono JIT Code) (wrapper managed-to-native) UnityEngine.DebugLogHandler:Internal_Log_Injected (UnityEngine.LogType,UnityEngine.LogOption,UnityEngine.Bindings.ManagedSpanWrapper&,intptr)
0x000001e9766cbb43 (Mono JIT Code) UnityEngine.DebugLogHandler:Internal_Log (UnityEngine.LogType,UnityEngine.LogOption,string,UnityEngine.Object)
0x000001e9766cb7fb (Mono JIT Code) UnityEngine.DebugLogHandler:LogFormat (UnityEngine.LogType,UnityEngine.Object,string,object[])
0x000001e9766ca6ae (Mono JIT Code) UnityEngine.Logger:Log (UnityEngine.LogType,object)
0x000001e9aa2b404d (Mono JIT Code) UnityEngine.Debug:LogWarning (object)
0x000001e9aa2b33ab (Mono JIT Code) MouseTracker:Initialize (RecoilSystem) (at C:/Users/Ubuntu/Desktop/_DEV/AFFECT-2025-10-11/Assets/_SCRIPTS/_PLAYER/Recoil/MouseTracker.cs:80)
0x000001e976d36246 (Mono JIT Code) RecoilSystem:InitializeModules () (at C:/Users/Ubuntu/Desktop/_DEV/AFFECT-2025-10-11/Assets/_SCRIPTS/_PLAYER/Recoil/RecoilSystem.cs:203)
0x000001e976d33eb3 (Mono JIT Code) RecoilSystem:Initialize () (at C:/Users/Ubuntu/Desktop/_DEV/AFFECT-2025-10-11/Assets/_SCRIPTS/_PLAYER/Recoil/RecoilSystem.cs:165)
0x000001e976d333a3 (Mono JIT Code) RecoilSystem:ForceInitializeForTesting () (at C:/Users/Ubuntu/Desktop/_DEV/AFFECT-2025-10-11/Assets/_SCRIPTS/_PLAYER/Recoil/RecoilSystem.cs:632)
0x000001e976d3c213 (Mono JIT Code) RecoilSystemProperties:Property13_GracefulModuleDegradation () (at C:/Users/Ubuntu/Desktop/_DEV/AFFECT-2025-10-11/Assets/_SCRIPTS/Editor/Properties/RecoilSystemProperties.cs:269)
0x000001e9aa264548 (Mono JIT Code) (wrapper runtime-invoke) object:runtime_invoke_void__this__ (object,intptr,intptr,intptr)
0x00007fff3fd16e7e (mono-2.0-bdwgc) mono_jit_runtime_invoke (at C:/build/output/Unity-Technologies/mono/mono/mini/mini-runtime.c:3445)
0x00007fff3fc58874 (mono-2.0-bdwgc) do_runtime_invoke (at C:/build/output/Unity-Technologies/mono/mono/metadata/object.c:3068)
0x00007fff3fc5f926 (mono-2.0-bdwgc) mono_runtime_try_invoke_array (at C:/build/output/Unity-Technologies/mono/mono/metadata/object.c:5774)
0x00007fff3fb91b81 (mono-2.0-bdwgc) ves_icall_InternalInvoke (at C:/build/output/Unity-Technologies/mono/mono/metadata/icall.c:4038)
0x00007fff3fbb7e31 (mono-2.0-bdwgc) ves_icall_InternalInvoke_raw (at C:/build/output/Unity-Technologies/mono/mono/metadata/icall-def.h:692)
0x000001e8e22b0f92 (Mono JIT Code) (wrapper managed-to-native) System.Reflection.RuntimeMethodInfo:InternalInvoke (System.Reflection.RuntimeMethodInfo,object,object[],System.Exception&)
0x000001e8e3c7ea73 (Mono JIT Code) System.Reflection.RuntimeMethodInfo:Invoke (object,System.Reflection.BindingFlags,System.Reflection.Binder,object[],System.Globalization.CultureInfo)
0x000001e8db9555ef (Mono JIT Code) System.Reflection.MethodBase:Invoke (object,object[])
0x000001e9aa26e783 (Mono JIT Code) NUnit.Framework.Internal.Reflect:InvokeMethod (System.Reflection.MethodInfo,object,object[])
0x000001e9aa2760ab (Mono JIT Code) NUnit.Framework.Internal.MethodWrapper:Invoke (object,object[])
0x000001e9aa275f8a (Mono JIT Code) NUnit.Framework.Internal.Commands.TestMethodCommand:RunNonAsyncTestMethod (NUnit.Framework.Internal.ITestExecutionContext)
0x000001e9aa275dd3 (Mono JIT Code) NUnit.Framework.Internal.Commands.TestMethodCommand:RunTestMethod (NUnit.Framework.Internal.ITestExecutionContext)
0x000001e9aa275973 (Mono JIT Code) NUnit.Framework.Internal.Commands.TestMethodCommand:Execute (NUnit.Framework.Internal.ITestExecutionContext)
0x000001e9aa27556b (Mono JIT Code) UnityEngine.TestTools.UnityTestMethodCommand:Execute (NUnit.Framework.Internal.ITestExecutionContext) (at ./Library/PackageCache/com.unity.test-framework@40e262928427/UnityEngine.TestRunner/NUnitExtensions/Commands/UnityTestMethodCommand.cs:19)
0x000001e9aa2752fb (Mono JIT Code) UnityEngine.TestRunner.NUnitExtensions.Runner.UnityLogCheckDelegatingCommand/<>c__DisplayClass2_0:<Execute>b__0 () (at ./Library/PackageCache/com.unity.test-framework@40e262928427/UnityEngine.TestRunner/NUnitExtensions/Runner/UnityLogCheckDelegatingCommand.cs:24)
0x000001e9aa275123 (Mono JIT Code) UnityEngine.TestRunner.NUnitExtensions.Runner.UnityLogCheckDelegatingCommand:CaptureException (NUnit.Framework.Internal.TestResult,System.Action) (at ./Library/PackageCache/com.unity.test-framework@40e262928427/UnityEngine.TestRunner/NUnitExtensions/Runner/UnityLogCheckDelegatingCommand.cs:72)
0x000001e9aa274fb3 (Mono JIT Code) UnityEngine.TestRunner.NUnitExtensions.Runner.UnityLogCheckDelegatingCommand:ExecuteAndCheckLog (UnityEngine.TestTools.Logging.LogScope,NUnit.Framework.Internal.TestResult,System.Action) (at ./Library/PackageCache/com.unity.test-framework@40e262928427/UnityEngine.TestRunner/NUnitExtensions/Runner/UnityLogCheckDelegatingCommand.cs:83)
0x000001e9aa274c3b (Mono JIT Code) UnityEngine.TestRunner.NUnitExtensions.Runner.UnityLogCheckDelegatingCommand:Execute (NUnit.Framework.Internal.ITestExecutionContext) (at ./Library/PackageCache/com.unity.test-framework@40e262928427/UnityEngine.TestRunner/NUnitExtensions/Runner/UnityLogCheckDelegatingCommand.cs:24)
0x000001e9aa273c19 (Mono JIT Code) UnityEngine.TestRunner.NUnitExtensions.Runner.UnityLogCheckDelegatingCommand/<ExecuteEnumerable>d__3:MoveNext () (at ./Library/PackageCache/com.unity.test-framework@40e262928427/UnityEngine.TestRunner/NUnitExtensions/Runner/UnityLogCheckDelegatingCommand.cs:35)
0x000001e9aa251e01 (Mono JIT Code) UnityEngine.TestTools.BeforeAfterTestCommandBase`1/<ExecuteEnumerable>d__16<T_REF>:MoveNext () (at ./Library/PackageCache/com.unity.test-framework@40e262928427/UnityEngine.TestRunner/NUnitExtensions/Commands/BeforeAfterTestCommandBase.cs:212)
0x000001e9aa272fb6 (Mono JIT Code) UnityEngine.TestTools.ImmediateEnumerableCommand:Execute (NUnit.Framework.Internal.ITestExecutionContext) (at ./Library/PackageCache/com.unity.test-framework@40e262928427/UnityEngine.TestRunner/NUnitExtensions/Commands/ImmediateEnumerableCommand.cs:18)
0x000001e9aa251f01 (Mono JIT Code) UnityEngine.TestTools.BeforeAfterTestCommandBase`1/<ExecuteEnumerable>d__16<T_REF>:MoveNext () (at ./Library/PackageCache/com.unity.test-framework@40e262928427/UnityEngine.TestRunner/NUnitExtensions/Commands/BeforeAfterTestCommandBase.cs:219)
0x000001e9aa251e01 (Mono JIT Code) UnityEngine.TestTools.BeforeAfterTestCommandBase`1/<ExecuteEnumerable>d__16<T_REF>:MoveNext () (at ./Library/PackageCache/com.unity.test-framework@40e262928427/UnityEngine.TestRunner/NUnitExtensions/Commands/BeforeAfterTestCommandBase.cs:212)
0x000001e9aa251e01 (Mono JIT Code) UnityEngine.TestTools.BeforeAfterTestCommandBase`1/<ExecuteEnumerable>d__16<T_REF>:MoveNext () (at ./Library/PackageCache/com.unity.test-framework@40e262928427/UnityEngine.TestRunner/NUnitExtensions/Commands/BeforeAfterTestCommandBase.cs:212)
0x000001e9aa26b457 (Mono JIT Code) UnityEngine.TestTools.RetryCommand/<ExecuteEnumerable>d__2:MoveNext () (at ./Library/PackageCache/com.unity.test-framework@40e262928427/UnityEngine.TestRunner/NUnitExtensions/Commands/RetryCommand.cs:37)
0x000001e9aa269f2f (Mono JIT Code) UnityEngine.TestTools.RepeatCommand/<ExecuteEnumerable>d__2:MoveNext () (at ./Library/PackageCache/com.unity.test-framework@40e262928427/UnityEngine.TestRunner/NUnitExtensions/Commands/RepeatCommand.cs:36)
0x000001e9aa268fa6 (Mono JIT Code) UnityEngine.TestTools.IgnoreTestCommand/<ExecuteEnumerable>d__3:MoveNext () (at ./Library/PackageCache/com.unity.test-framework@40e262928427/UnityEngine.TestRunner/NUnitExtensions/Commands/IgnoreTestCommand.cs:42)
0x000001e9aa267c7f (Mono JIT Code) UnityEngine.TestTools.StrictCheckCommand/<ExecuteEnumerable>d__2:MoveNext () (at ./Library/PackageCache/com.unity.test-framework@40e262928427/UnityEngine.TestRunner/NUnitExtensions/Commands/StrictCheckCommand.cs:29)
0x000001e9aa266fe1 (Mono JIT Code) UnityEngine.TestRunner.NUnitExtensions.Runner.DefaultTestWorkItem/<PerformWork>d__2:MoveNext () (at ./Library/PackageCache/com.unity.test-framework@40e262928427/UnityEngine.TestRunner/NUnitExtensions/Runner/DefaultTestWorkItem.cs:50)
0x000001e9aa255e12 (Mono JIT Code) UnityEngine.TestRunner.NUnitExtensions.Runner.CompositeWorkItem/<RunChildren>d__17:MoveNext () (at ./Library/PackageCache/com.unity.test-framework@40e262928427/UnityEngine.TestRunner/NUnitExtensions/Runner/CompositeWorkItem.cs:207)
0x000001e9aa247756 (Mono JIT Code) UnityEngine.TestRunner.NUnitExtensions.Runner.CompositeWorkItem/<PerformWork>d__13:MoveNext () (at ./Library/PackageCache/com.unity.test-framework@40e262928427/UnityEngine.TestRunner/NUnitExtensions/Runner/CompositeWorkItem.cs:82)
0x000001e9aa255e12 (Mono JIT Code) UnityEngine.TestRunner.NUnitExtensions.Runner.CompositeWorkItem/<RunChildren>d__17:MoveNext () (at ./Library/PackageCache/com.unity.test-framework@40e262928427/UnityEngine.TestRunner/NUnitExtensions/Runner/CompositeWorkItem.cs:207)
0x000001e9aa247756 (Mono JIT Code) UnityEngine.TestRunner.NUnitExtensions.Runner.CompositeWorkItem/<PerformWork>d__13:MoveNext () (at ./Library/PackageCache/com.unity.test-framework@40e262928427/UnityEngine.TestRunner/NUnitExtensions/Runner/CompositeWorkItem.cs:82)
0x000001e9aa255e12 (Mono JIT Code) UnityEngine.TestRunner.NUnitExtensions.Runner.CompositeWorkItem/<RunChildren>d__17:MoveNext () (at ./Library/PackageCache/com.unity.test-framework@40e262928427/UnityEngine.TestRunner/NUnitExtensions/Runner/CompositeWorkItem.cs:207)
0x000001e9aa247756 (Mono JIT Code) UnityEngine.TestRunner.NUnitExtensions.Runner.CompositeWorkItem/<PerformWork>d__13:MoveNext () (at ./Library/PackageCache/com.unity.test-framework@40e262928427/UnityEngine.TestRunner/NUnitExtensions/Runner/CompositeWorkItem.cs:82)
0x000001e9aa245fcc (Mono JIT Code) UnityEditor.TestTools.TestRunner.EditModeRunner:MoveNextAndUpdateYieldObject () (at ./Library/PackageCache/com.unity.test-framework@40e262928427/UnityEditor.TestRunner/TestRunner/EditModeRunner.cs:167)
0x000001e9aa245b7b (Mono JIT Code) UnityEditor.TestTools.TestRunner.EditModeRunner:TestConsumer (UnityEditor.TestTools.TestRunner.TestRunnerStateSerializer) (at ./Library/PackageCache/com.unity.test-framework@40e262928427/UnityEditor.TestRunner/TestRunner/EditModeRunner.cs:200)
0x000001e9aa23c173 (Mono JIT Code) UnityEditor.TestTools.TestRunner.TestRun.Tasks.EditModeRunTask/<Execute>d__1:MoveNext () (at ./Library/PackageCache/com.unity.test-framework@40e262928427/UnityEditor.TestRunner/TestRun/Tasks/EditModeRunTask.cs:48)
0x000001e977129d5e (Mono JIT Code) UnityEditor.TestTools.TestRunner.TestRun.TestJobRunner:ExecuteStep () (at ./Library/PackageCache/com.unity.test-framework@40e262928427/UnityEditor.TestRunner/TestRun/TestJobRunner.cs:173)
0x000001e977128953 (Mono JIT Code) UnityEditor.TestTools.TestRunner.TestRun.TestJobRunner:ExecuteCallback () (at ./Library/PackageCache/com.unity.test-framework@40e262928427/UnityEditor.TestRunner/TestRun/TestJobRunner.cs:108)
0x000001e99df821b8 (Mono JIT Code) UnityEditor.EditorApplication:Internal_CallUpdateFunctions ()
0x000001e8e6514785 (Mono JIT Code) (wrapper runtime-invoke) object:runtime_invoke_void (object,intptr,intptr,intptr)
0x00007fff3fd16e7e (mono-2.0-bdwgc) mono_jit_runtime_invoke (at C:/build/output/Unity-Technologies/mono/mono/mini/mini-runtime.c:3445)
0x00007fff3fc58874 (mono-2.0-bdwgc) do_runtime_invoke (at C:/build/output/Unity-Technologies/mono/mono/metadata/object.c:3068)
0x00007fff3fc58960 (mono-2.0-bdwgc) mono_runtime_invoke (at C:/build/output/Unity-Technologies/mono/mono/metadata/object.c:3115)
0x00007fff38e4cea4 (Unity) scripting_method_invoke
0x00007fff38e25433 (Unity) ScriptingInvocation::Invoke
0x00007fff38e20b35 (Unity) ScriptingInvocation::Invoke<void>
0x00007fff38f8b4bb (Unity) Scripting::UnityEditor::EditorApplicationProxy::Internal_CallUpdateFunctions
0x00007fff3a07e0e4 (Unity) SceneTracker::Update
0x00007fff39be1247 (Unity) Application::TickTimer
0x00007fff3a1b25ac (Unity) MainMessageLoop
0x00007fff3a1b9d1c (Unity) UnityMain
0x00007ff68b302f2a (Unity) __scrt_common_main_seh
0x00007fffddade8d7 (KERNEL32) BaseThreadInitThunk
0x00007fffde88c53c (ntdll) RtlUserThreadStart

[MouseTracker] PlayerInputHandler not found. Mouse compensation will be disabled.
0x00007fff38f222ae (Unity) StackWalker::ShowCallstack
0x00007fff38f31ee9 (Unity) PlatformStacktrace::GetStacktrace
0x00007fff3a1ac04e (Unity) Stacktrace::GetStacktrace
0x00007fff3a7859df (Unity) DebugStringToFile
0x00007fff37fd2930 (Unity) DebugLogHandler_CUSTOM_Internal_Log
0x000001e9766cbd3e (Mono JIT Code) (wrapper managed-to-native) UnityEngine.DebugLogHandler:Internal_Log_Injected (UnityEngine.LogType,UnityEngine.LogOption,UnityEngine.Bindings.ManagedSpanWrapper&,intptr)
0x000001e9766cbb43 (Mono JIT Code) UnityEngine.DebugLogHandler:Internal_Log (UnityEngine.LogType,UnityEngine.LogOption,string,UnityEngine.Object)
0x000001e9766cb7fb (Mono JIT Code) UnityEngine.DebugLogHandler:LogFormat (UnityEngine.LogType,UnityEngine.Object,string,object[])
0x000001e9766ca6ae (Mono JIT Code) UnityEngine.Logger:Log (UnityEngine.LogType,object)
0x000001e9aa2b404d (Mono JIT Code) UnityEngine.Debug:LogWarning (object)
0x000001e9aa2b33ab (Mono JIT Code) MouseTracker:Initialize (RecoilSystem) (at C:/Users/Ubuntu/Desktop/_DEV/AFFECT-2025-10-11/Assets/_SCRIPTS/_PLAYER/Recoil/MouseTracker.cs:80)
0x000001e976d36246 (Mono JIT Code) RecoilSystem:InitializeModules () (at C:/Users/Ubuntu/Desktop/_DEV/AFFECT-2025-10-11/Assets/_SCRIPTS/_PLAYER/Recoil/RecoilSystem.cs:203)
0x000001e976d33eb3 (Mono JIT Code) RecoilSystem:Initialize () (at C:/Users/Ubuntu/Desktop/_DEV/AFFECT-2025-10-11/Assets/_SCRIPTS/_PLAYER/Recoil/RecoilSystem.cs:165)
0x000001e976d333a3 (Mono JIT Code) RecoilSystem:ForceInitializeForTesting () (at C:/Users/Ubuntu/Desktop/_DEV/AFFECT-2025-10-11/Assets/_SCRIPTS/_PLAYER/Recoil/RecoilSystem.cs:632)
0x000001e976d3c213 (Mono JIT Code) RecoilSystemProperties:Property13_GracefulModuleDegradation () (at C:/Users/Ubuntu/Desktop/_DEV/AFFECT-2025-10-11/Assets/_SCRIPTS/Editor/Properties/RecoilSystemProperties.cs:269)
0x000001e9aa264548 (Mono JIT Code) (wrapper runtime-invoke) object:runtime_invoke_void__this__ (object,intptr,intptr,intptr)
0x00007fff3fd16e7e (mono-2.0-bdwgc) mono_jit_runtime_invoke (at C:/build/output/Unity-Technologies/mono/mono/mini/mini-runtime.c:3445)
0x00007fff3fc58874 (mono-2.0-bdwgc) do_runtime_invoke (at C:/build/output/Unity-Technologies/mono/mono/metadata/object.c:3068)
0x00007fff3fc5f926 (mono-2.0-bdwgc) mono_runtime_try_invoke_array (at C:/build/output/Unity-Technologies/mono/mono/metadata/object.c:5774)
0x00007fff3fb91b81 (mono-2.0-bdwgc) ves_icall_InternalInvoke (at C:/build/output/Unity-Technologies/mono/mono/metadata/icall.c:4038)
0x00007fff3fbb7e31 (mono-2.0-bdwgc) ves_icall_InternalInvoke_raw (at C:/build/output/Unity-Technologies/mono/mono/metadata/icall-def.h:692)
0x000001e8e22b0f92 (Mono JIT Code) (wrapper managed-to-native) System.Reflection.RuntimeMethodInfo:InternalInvoke (System.Reflection.RuntimeMethodInfo,object,object[],System.Exception&)
0x000001e8e3c7ea73 (Mono JIT Code) System.Reflection.RuntimeMethodInfo:Invoke (object,System.Reflection.BindingFlags,System.Reflection.Binder,object[],System.Globalization.CultureInfo)
0x000001e8db9555ef (Mono JIT Code) System.Reflection.MethodBase:Invoke (object,object[])
0x000001e9aa26e783 (Mono JIT Code) NUnit.Framework.Internal.Reflect:InvokeMethod (System.Reflection.MethodInfo,object,object[])
0x000001e9aa2760ab (Mono JIT Code) NUnit.Framework.Internal.MethodWrapper:Invoke (object,object[])
0x000001e9aa275f8a (Mono JIT Code) NUnit.Framework.Internal.Commands.TestMethodCommand:RunNonAsyncTestMethod (NUnit.Framework.Internal.ITestExecutionContext)
0x000001e9aa275dd3 (Mono JIT Code) NUnit.Framework.Internal.Commands.TestMethodCommand:RunTestMethod (NUnit.Framework.Internal.ITestExecutionContext)
0x000001e9aa275973 (Mono JIT Code) NUnit.Framework.Internal.Commands.TestMethodCommand:Execute (NUnit.Framework.Internal.ITestExecutionContext)
0x000001e9aa27556b (Mono JIT Code) UnityEngine.TestTools.UnityTestMethodCommand:Execute (NUnit.Framework.Internal.ITestExecutionContext) (at ./Library/PackageCache/com.unity.test-framework@40e262928427/UnityEngine.TestRunner/NUnitExtensions/Commands/UnityTestMethodCommand.cs:19)
0x000001e9aa2752fb (Mono JIT Code) UnityEngine.TestRunner.NUnitExtensions.Runner.UnityLogCheckDelegatingCommand/<>c__DisplayClass2_0:<Execute>b__0 () (at ./Library/PackageCache/com.unity.test-framework@40e262928427/UnityEngine.TestRunner/NUnitExtensions/Runner/UnityLogCheckDelegatingCommand.cs:24)
0x000001e9aa275123 (Mono JIT Code) UnityEngine.TestRunner.NUnitExtensions.Runner.UnityLogCheckDelegatingCommand:CaptureException (NUnit.Framework.Internal.TestResult,System.Action) (at ./Library/PackageCache/com.unity.test-framework@40e262928427/UnityEngine.TestRunner/NUnitExtensions/Runner/UnityLogCheckDelegatingCommand.cs:72)
0x000001e9aa274fb3 (Mono JIT Code) UnityEngine.TestRunner.NUnitExtensions.Runner.UnityLogCheckDelegatingCommand:ExecuteAndCheckLog (UnityEngine.TestTools.Logging.LogScope,NUnit.Framework.Internal.TestResult,System.Action) (at ./Library/PackageCache/com.unity.test-framework@40e262928427/UnityEngine.TestRunner/NUnitExtensions/Runner/UnityLogCheckDelegatingCommand.cs:83)
0x000001e9aa274c3b (Mono JIT Code) UnityEngine.TestRunner.NUnitExtensions.Runner.UnityLogCheckDelegatingCommand:Execute (NUnit.Framework.Internal.ITestExecutionContext) (at ./Library/PackageCache/com.unity.test-framework@40e262928427/UnityEngine.TestRunner/NUnitExtensions/Runner/UnityLogCheckDelegatingCommand.cs:24)
0x000001e9aa273c19 (Mono JIT Code) UnityEngine.TestRunner.NUnitExtensions.Runner.UnityLogCheckDelegatingCommand/<ExecuteEnumerable>d__3:MoveNext () (at ./Library/PackageCache/com.unity.test-framework@40e262928427/UnityEngine.TestRunner/NUnitExtensions/Runner/UnityLogCheckDelegatingCommand.cs:35)
0x000001e9aa251e01 (Mono JIT Code) UnityEngine.TestTools.BeforeAfterTestCommandBase`1/<ExecuteEnumerable>d__16<T_REF>:MoveNext () (at ./Library/PackageCache/com.unity.test-framework@40e262928427/UnityEngine.TestRunner/NUnitExtensions/Commands/BeforeAfterTestCommandBase.cs:212)
0x000001e9aa272fb6 (Mono JIT Code) UnityEngine.TestTools.ImmediateEnumerableCommand:Execute (NUnit.Framework.Internal.ITestExecutionContext) (at ./Library/PackageCache/com.unity.test-framework@40e262928427/UnityEngine.TestRunner/NUnitExtensions/Commands/ImmediateEnumerableCommand.cs:18)
0x000001e9aa251f01 (Mono JIT Code) UnityEngine.TestTools.BeforeAfterTestCommandBase`1/<ExecuteEnumerable>d__16<T_REF>:MoveNext () (at ./Library/PackageCache/com.unity.test-framework@40e262928427/UnityEngine.TestRunner/NUnitExtensions/Commands/BeforeAfterTestCommandBase.cs:219)
0x000001e9aa251e01 (Mono JIT Code) UnityEngine.TestTools.BeforeAfterTestCommandBase`1/<ExecuteEnumerable>d__16<T_REF>:MoveNext () (at ./Library/PackageCache/com.unity.test-framework@40e262928427/UnityEngine.TestRunner/NUnitExtensions/Commands/BeforeAfterTestCommandBase.cs:212)
0x000001e9aa251e01 (Mono JIT Code) UnityEngine.TestTools.BeforeAfterTestCommandBase`1/<ExecuteEnumerable>d__16<T_REF>:MoveNext () (at ./Library/PackageCache/com.unity.test-framework@40e262928427/UnityEngine.TestRunner/NUnitExtensions/Commands/BeforeAfterTestCommandBase.cs:212)
0x000001e9aa26b457 (Mono JIT Code) UnityEngine.TestTools.RetryCommand/<ExecuteEnumerable>d__2:MoveNext () (at ./Library/PackageCache/com.unity.test-framework@40e262928427/UnityEngine.TestRunner/NUnitExtensions/Commands/RetryCommand.cs:37)
0x000001e9aa269f2f (Mono JIT Code) UnityEngine.TestTools.RepeatCommand/<ExecuteEnumerable>d__2:MoveNext () (at ./Library/PackageCache/com.unity.test-framework@40e262928427/UnityEngine.TestRunner/NUnitExtensions/Commands/RepeatCommand.cs:36)
0x000001e9aa268fa6 (Mono JIT Code) UnityEngine.TestTools.IgnoreTestCommand/<ExecuteEnumerable>d__3:MoveNext () (at ./Library/PackageCache/com.unity.test-framework@40e262928427/UnityEngine.TestRunner/NUnitExtensions/Commands/IgnoreTestCommand.cs:42)
0x000001e9aa267c7f (Mono JIT Code) UnityEngine.TestTools.StrictCheckCommand/<ExecuteEnumerable>d__2:MoveNext () (at ./Library/PackageCache/com.unity.test-framework@40e262928427/UnityEngine.TestRunner/NUnitExtensions/Commands/StrictCheckCommand.cs:29)
0x000001e9aa266fe1 (Mono JIT Code) UnityEngine.TestRunner.NUnitExtensions.Runner.DefaultTestWorkItem/<PerformWork>d__2:MoveNext () (at ./Library/PackageCache/com.unity.test-framework@40e262928427/UnityEngine.TestRunner/NUnitExtensions/Runner/DefaultTestWorkItem.cs:50)
0x000001e9aa255e12 (Mono JIT Code) UnityEngine.TestRunner.NUnitExtensions.Runner.CompositeWorkItem/<RunChildren>d__17:MoveNext () (at ./Library/PackageCache/com.unity.test-framework@40e262928427/UnityEngine.TestRunner/NUnitExtensions/Runner/CompositeWorkItem.cs:207)
0x000001e9aa247756 (Mono JIT Code) UnityEngine.TestRunner.NUnitExtensions.Runner.CompositeWorkItem/<PerformWork>d__13:MoveNext () (at ./Library/PackageCache/com.unity.test-framework@40e262928427/UnityEngine.TestRunner/NUnitExtensions/Runner/CompositeWorkItem.cs:82)
0x000001e9aa255e12 (Mono JIT Code) UnityEngine.TestRunner.NUnitExtensions.Runner.CompositeWorkItem/<RunChildren>d__17:MoveNext () (at ./Library/PackageCache/com.unity.test-framework@40e262928427/UnityEngine.TestRunner/NUnitExtensions/Runner/CompositeWorkItem.cs:207)
0x000001e9aa247756 (Mono JIT Code) UnityEngine.TestRunner.NUnitExtensions.Runner.CompositeWorkItem/<PerformWork>d__13:MoveNext () (at ./Library/PackageCache/com.unity.test-framework@40e262928427/UnityEngine.TestRunner/NUnitExtensions/Runner/CompositeWorkItem.cs:82)
0x000001e9aa255e12 (Mono JIT Code) UnityEngine.TestRunner.NUnitExtensions.Runner.CompositeWorkItem/<RunChildren>d__17:MoveNext () (at ./Library/PackageCache/com.unity.test-framework@40e262928427/UnityEngine.TestRunner/NUnitExtensions/Runner/CompositeWorkItem.cs:207)
0x000001e9aa247756 (Mono JIT Code) UnityEngine.TestRunner.NUnitExtensions.Runner.CompositeWorkItem/<PerformWork>d__13:MoveNext () (at ./Library/PackageCache/com.unity.test-framework@40e262928427/UnityEngine.TestRunner/NUnitExtensions/Runner/CompositeWorkItem.cs:82)
0x000001e9aa245fcc (Mono JIT Code) UnityEditor.TestTools.TestRunner.EditModeRunner:MoveNextAndUpdateYieldObject () (at ./Library/PackageCache/com.unity.test-framework@40e262928427/UnityEditor.TestRunner/TestRunner/EditModeRunner.cs:167)
0x000001e9aa245b7b (Mono JIT Code) UnityEditor.TestTools.TestRunner.EditModeRunner:TestConsumer (UnityEditor.TestTools.TestRunner.TestRunnerStateSerializer) (at ./Library/PackageCache/com.unity.test-framework@40e262928427/UnityEditor.TestRunner/TestRunner/EditModeRunner.cs:200)
0x000001e9aa23c173 (Mono JIT Code) UnityEditor.TestTools.TestRunner.TestRun.Tasks.EditModeRunTask/<Execute>d__1:MoveNext () (at ./Library/PackageCache/com.unity.test-framework@40e262928427/UnityEditor.TestRunner/TestRun/Tasks/EditModeRunTask.cs:48)
0x000001e977129d5e (Mono JIT Code) UnityEditor.TestTools.TestRunner.TestRun.TestJobRunner:ExecuteStep () (at ./Library/PackageCache/com.unity.test-framework@40e262928427/UnityEditor.TestRunner/TestRun/TestJobRunner.cs:173)
0x000001e977128953 (Mono JIT Code) UnityEditor.TestTools.TestRunner.TestRun.TestJobRunner:ExecuteCallback () (at ./Library/PackageCache/com.unity.test-framework@40e262928427/UnityEditor.TestRunner/TestRun/TestJobRunner.cs:108)
0x000001e99df821b8 (Mono JIT Code) UnityEditor.EditorApplication:Internal_CallUpdateFunctions ()
0x000001e8e6514785 (Mono JIT Code) (wrapper runtime-invoke) object:runtime_invoke_void (object,intptr,intptr,intptr)
0x00007fff3fd16e7e (mono-2.0-bdwgc) mono_jit_runtime_invoke (at C:/build/output/Unity-Technologies/mono/mono/mini/mini-runtime.c:3445)
0x00007fff3fc58874 (mono-2.0-bdwgc) do_runtime_invoke (at C:/build/output/Unity-Technologies/mono/mono/metadata/object.c:3068)
0x00007fff3fc58960 (mono-2.0-bdwgc) mono_runtime_invoke (at C:/build/output/Unity-Technologies/mono/mono/metadata/object.c:3115)
0x00007fff38e4cea4 (Unity) scripting_method_invoke
0x00007fff38e25433 (Unity) ScriptingInvocation::Invoke
0x00007fff38e20b35 (Unity) ScriptingInvocation::Invoke<void>
0x00007fff38f8b4bb (Unity) Scripting::UnityEditor::EditorApplicationProxy::Internal_CallUpdateFunctions
0x00007fff3a07e0e4 (Unity) SceneTracker::Update
0x00007fff39be1247 (Unity) Application::TickTimer
0x00007fff3a1b25ac (Unity) MainMessageLoop
0x00007fff3a1b9d1c (Unity) UnityMain
0x00007ff68b302f2a (Unity) __scrt_common_main_seh
0x00007fffddade8d7 (KERNEL32) BaseThreadInitThunk
0x00007fffde88c53c (ntdll) RtlUserThreadStart

[MouseTracker] PlayerInputHandler not found. Mouse compensation will be disabled.
0x00007fff38f222ae (Unity) StackWalker::ShowCallstack
0x00007fff38f31ee9 (Unity) PlatformStacktrace::GetStacktrace
0x00007fff3a1ac04e (Unity) Stacktrace::GetStacktrace
0x00007fff3a7859df (Unity) DebugStringToFile
0x00007fff37fd2930 (Unity) DebugLogHandler_CUSTOM_Internal_Log
0x000001e9766cbd3e (Mono JIT Code) (wrapper managed-to-native) UnityEngine.DebugLogHandler:Internal_Log_Injected (UnityEngine.LogType,UnityEngine.LogOption,UnityEngine.Bindings.ManagedSpanWrapper&,intptr)
0x000001e9766cbb43 (Mono JIT Code) UnityEngine.DebugLogHandler:Internal_Log (UnityEngine.LogType,UnityEngine.LogOption,string,UnityEngine.Object)
0x000001e9766cb7fb (Mono JIT Code) UnityEngine.DebugLogHandler:LogFormat (UnityEngine.LogType,UnityEngine.Object,string,object[])
0x000001e9766ca6ae (Mono JIT Code) UnityEngine.Logger:Log (UnityEngine.LogType,object)
0x000001e9aa2b404d (Mono JIT Code) UnityEngine.Debug:LogWarning (object)
0x000001e9aa2b33ab (Mono JIT Code) MouseTracker:Initialize (RecoilSystem) (at C:/Users/Ubuntu/Desktop/_DEV/AFFECT-2025-10-11/Assets/_SCRIPTS/_PLAYER/Recoil/MouseTracker.cs:80)
0x000001e976d36246 (Mono JIT Code) RecoilSystem:InitializeModules () (at C:/Users/Ubuntu/Desktop/_DEV/AFFECT-2025-10-11/Assets/_SCRIPTS/_PLAYER/Recoil/RecoilSystem.cs:203)
0x000001e976d33eb3 (Mono JIT Code) RecoilSystem:Initialize () (at C:/Users/Ubuntu/Desktop/_DEV/AFFECT-2025-10-11/Assets/_SCRIPTS/_PLAYER/Recoil/RecoilSystem.cs:165)
0x000001e976d333a3 (Mono JIT Code) RecoilSystem:ForceInitializeForTesting () (at C:/Users/Ubuntu/Desktop/_DEV/AFFECT-2025-10-11/Assets/_SCRIPTS/_PLAYER/Recoil/RecoilSystem.cs:632)
0x000001e976d3c213 (Mono JIT Code) RecoilSystemProperties:Property13_GracefulModuleDegradation () (at C:/Users/Ubuntu/Desktop/_DEV/AFFECT-2025-10-11/Assets/_SCRIPTS/Editor/Properties/RecoilSystemProperties.cs:269)
0x000001e9aa264548 (Mono JIT Code) (wrapper runtime-invoke) object:runtime_invoke_void__this__ (object,intptr,intptr,intptr)
0x00007fff3fd16e7e (mono-2.0-bdwgc) mono_jit_runtime_invoke (at C:/build/output/Unity-Technologies/mono/mono/mini/mini-runtime.c:3445)
0x00007fff3fc58874 (mono-2.0-bdwgc) do_runtime_invoke (at C:/build/output/Unity-Technologies/mono/mono/metadata/object.c:3068)
0x00007fff3fc5f926 (mono-2.0-bdwgc) mono_runtime_try_invoke_array (at C:/build/output/Unity-Technologies/mono/mono/metadata/object.c:5774)
0x00007fff3fb91b81 (mono-2.0-bdwgc) ves_icall_InternalInvoke (at C:/build/output/Unity-Technologies/mono/mono/metadata/icall.c:4038)
0x00007fff3fbb7e31 (mono-2.0-bdwgc) ves_icall_InternalInvoke_raw (at C:/build/output/Unity-Technologies/mono/mono/metadata/icall-def.h:692)
0x000001e8e22b0f92 (Mono JIT Code) (wrapper managed-to-native) System.Reflection.RuntimeMethodInfo:InternalInvoke (System.Reflection.RuntimeMethodInfo,object,object[],System.Exception&)
0x000001e8e3c7ea73 (Mono JIT Code) System.Reflection.RuntimeMethodInfo:Invoke (object,System.Reflection.BindingFlags,System.Reflection.Binder,object[],System.Globalization.CultureInfo)
0x000001e8db9555ef (Mono JIT Code) System.Reflection.MethodBase:Invoke (object,object[])
0x000001e9aa26e783 (Mono JIT Code) NUnit.Framework.Internal.Reflect:InvokeMethod (System.Reflection.MethodInfo,object,object[])
0x000001e9aa2760ab (Mono JIT Code) NUnit.Framework.Internal.MethodWrapper:Invoke (object,object[])
0x000001e9aa275f8a (Mono JIT Code) NUnit.Framework.Internal.Commands.TestMethodCommand:RunNonAsyncTestMethod (NUnit.Framework.Internal.ITestExecutionContext)
0x000001e9aa275dd3 (Mono JIT Code) NUnit.Framework.Internal.Commands.TestMethodCommand:RunTestMethod (NUnit.Framework.Internal.ITestExecutionContext)
0x000001e9aa275973 (Mono JIT Code) NUnit.Framework.Internal.Commands.TestMethodCommand:Execute (NUnit.Framework.Internal.ITestExecutionContext)
0x000001e9aa27556b (Mono JIT Code) UnityEngine.TestTools.UnityTestMethodCommand:Execute (NUnit.Framework.Internal.ITestExecutionContext) (at ./Library/PackageCache/com.unity.test-framework@40e262928427/UnityEngine.TestRunner/NUnitExtensions/Commands/UnityTestMethodCommand.cs:19)
0x000001e9aa2752fb (Mono JIT Code) UnityEngine.TestRunner.NUnitExtensions.Runner.UnityLogCheckDelegatingCommand/<>c__DisplayClass2_0:<Execute>b__0 () (at ./Library/PackageCache/com.unity.test-framework@40e262928427/UnityEngine.TestRunner/NUnitExtensions/Runner/UnityLogCheckDelegatingCommand.cs:24)
0x000001e9aa275123 (Mono JIT Code) UnityEngine.TestRunner.NUnitExtensions.Runner.UnityLogCheckDelegatingCommand:CaptureException (NUnit.Framework.Internal.TestResult,System.Action) (at ./Library/PackageCache/com.unity.test-framework@40e262928427/UnityEngine.TestRunner/NUnitExtensions/Runner/UnityLogCheckDelegatingCommand.cs:72)
0x000001e9aa274fb3 (Mono JIT Code) UnityEngine.TestRunner.NUnitExtensions.Runner.UnityLogCheckDelegatingCommand:ExecuteAndCheckLog (UnityEngine.TestTools.Logging.LogScope,NUnit.Framework.Internal.TestResult,System.Action) (at ./Library/PackageCache/com.unity.test-framework@40e262928427/UnityEngine.TestRunner/NUnitExtensions/Runner/UnityLogCheckDelegatingCommand.cs:83)
0x000001e9aa274c3b (Mono JIT Code) UnityEngine.TestRunner.NUnitExtensions.Runner.UnityLogCheckDelegatingCommand:Execute (NUnit.Framework.Internal.ITestExecutionContext) (at ./Library/PackageCache/com.unity.test-framework@40e262928427/UnityEngine.TestRunner/NUnitExtensions/Runner/UnityLogCheckDelegatingCommand.cs:24)
0x000001e9aa273c19 (Mono JIT Code) UnityEngine.TestRunner.NUnitExtensions.Runner.UnityLogCheckDelegatingCommand/<ExecuteEnumerable>d__3:MoveNext () (at ./Library/PackageCache/com.unity.test-framework@40e262928427/UnityEngine.TestRunner/NUnitExtensions/Runner/UnityLogCheckDelegatingCommand.cs:35)
0x000001e9aa251e01 (Mono JIT Code) UnityEngine.TestTools.BeforeAfterTestCommandBase`1/<ExecuteEnumerable>d__16<T_REF>:MoveNext () (at ./Library/PackageCache/com.unity.test-framework@40e262928427/UnityEngine.TestRunner/NUnitExtensions/Commands/BeforeAfterTestCommandBase.cs:212)
0x000001e9aa272fb6 (Mono JIT Code) UnityEngine.TestTools.ImmediateEnumerableCommand:Execute (NUnit.Framework.Internal.ITestExecutionContext) (at ./Library/PackageCache/com.unity.test-framework@40e262928427/UnityEngine.TestRunner/NUnitExtensions/Commands/ImmediateEnumerableCommand.cs:18)
0x000001e9aa251f01 (Mono JIT Code) UnityEngine.TestTools.BeforeAfterTestCommandBase`1/<ExecuteEnumerable>d__16<T_REF>:MoveNext () (at ./Library/PackageCache/com.unity.test-framework@40e262928427/UnityEngine.TestRunner/NUnitExtensions/Commands/BeforeAfterTestCommandBase.cs:219)
0x000001e9aa251e01 (Mono JIT Code) UnityEngine.TestTools.BeforeAfterTestCommandBase`1/<ExecuteEnumerable>d__16<T_REF>:MoveNext () (at ./Library/PackageCache/com.unity.test-framework@40e262928427/UnityEngine.TestRunner/NUnitExtensions/Commands/BeforeAfterTestCommandBase.cs:212)
0x000001e9aa251e01 (Mono JIT Code) UnityEngine.TestTools.BeforeAfterTestCommandBase`1/<ExecuteEnumerable>d__16<T_REF>:MoveNext () (at ./Library/PackageCache/com.unity.test-framework@40e262928427/UnityEngine.TestRunner/NUnitExtensions/Commands/BeforeAfterTestCommandBase.cs:212)
0x000001e9aa26b457 (Mono JIT Code) UnityEngine.TestTools.RetryCommand/<ExecuteEnumerable>d__2:MoveNext () (at ./Library/PackageCache/com.unity.test-framework@40e262928427/UnityEngine.TestRunner/NUnitExtensions/Commands/RetryCommand.cs:37)
0x000001e9aa269f2f (Mono JIT Code) UnityEngine.TestTools.RepeatCommand/<ExecuteEnumerable>d__2:MoveNext () (at ./Library/PackageCache/com.unity.test-framework@40e262928427/UnityEngine.TestRunner/NUnitExtensions/Commands/RepeatCommand.cs:36)
0x000001e9aa268fa6 (Mono JIT Code) UnityEngine.TestTools.IgnoreTestCommand/<ExecuteEnumerable>d__3:MoveNext () (at ./Library/PackageCache/com.unity.test-framework@40e262928427/UnityEngine.TestRunner/NUnitExtensions/Commands/IgnoreTestCommand.cs:42)
0x000001e9aa267c7f (Mono JIT Code) UnityEngine.TestTools.StrictCheckCommand/<ExecuteEnumerable>d__2:MoveNext () (at ./Library/PackageCache/com.unity.test-framework@40e262928427/UnityEngine.TestRunner/NUnitExtensions/Commands/StrictCheckCommand.cs:29)
0x000001e9aa266fe1 (Mono JIT Code) UnityEngine.TestRunner.NUnitExtensions.Runner.DefaultTestWorkItem/<PerformWork>d__2:MoveNext () (at ./Library/PackageCache/com.unity.test-framework@40e262928427/UnityEngine.TestRunner/NUnitExtensions/Runner/DefaultTestWorkItem.cs:50)
0x000001e9aa255e12 (Mono JIT Code) UnityEngine.TestRunner.NUnitExtensions.Runner.CompositeWorkItem/<RunChildren>d__17:MoveNext () (at ./Library/PackageCache/com.unity.test-framework@40e262928427/UnityEngine.TestRunner/NUnitExtensions/Runner/CompositeWorkItem.cs:207)
0x000001e9aa247756 (Mono JIT Code) UnityEngine.TestRunner.NUnitExtensions.Runner.CompositeWorkItem/<PerformWork>d__13:MoveNext () (at ./Library/PackageCache/com.unity.test-framework@40e262928427/UnityEngine.TestRunner/NUnitExtensions/Runner/CompositeWorkItem.cs:82)
0x000001e9aa255e12 (Mono JIT Code) UnityEngine.TestRunner.NUnitExtensions.Runner.CompositeWorkItem/<RunChildren>d__17:MoveNext () (at ./Library/PackageCache/com.unity.test-framework@40e262928427/UnityEngine.TestRunner/NUnitExtensions/Runner/CompositeWorkItem.cs:207)
0x000001e9aa247756 (Mono JIT Code) UnityEngine.TestRunner.NUnitExtensions.Runner.CompositeWorkItem/<PerformWork>d__13:MoveNext () (at ./Library/PackageCache/com.unity.test-framework@40e262928427/UnityEngine.TestRunner/NUnitExtensions/Runner/CompositeWorkItem.cs:82)
0x000001e9aa255e12 (Mono JIT Code) UnityEngine.TestRunner.NUnitExtensions.Runner.CompositeWorkItem/<RunChildren>d__17:MoveNext () (at ./Library/PackageCache/com.unity.test-framework@40e262928427/UnityEngine.TestRunner/NUnitExtensions/Runner/CompositeWorkItem.cs:207)
0x000001e9aa247756 (Mono JIT Code) UnityEngine.TestRunner.NUnitExtensions.Runner.CompositeWorkItem/<PerformWork>d__13:MoveNext () (at ./Library/PackageCache/com.unity.test-framework@40e262928427/UnityEngine.TestRunner/NUnitExtensions/Runner/CompositeWorkItem.cs:82)
0x000001e9aa245fcc (Mono JIT Code) UnityEditor.TestTools.TestRunner.EditModeRunner:MoveNextAndUpdateYieldObject () (at ./Library/PackageCache/com.unity.test-framework@40e262928427/UnityEditor.TestRunner/TestRunner/EditModeRunner.cs:167)
0x000001e9aa245b7b (Mono JIT Code) UnityEditor.TestTools.TestRunner.EditModeRunner:TestConsumer (UnityEditor.TestTools.TestRunner.TestRunnerStateSerializer) (at ./Library/PackageCache/com.unity.test-framework@40e262928427/UnityEditor.TestRunner/TestRunner/EditModeRunner.cs:200)
0x000001e9aa23c173 (Mono JIT Code) UnityEditor.TestTools.TestRunner.TestRun.Tasks.EditModeRunTask/<Execute>d__1:MoveNext () (at ./Library/PackageCache/com.unity.test-framework@40e262928427/UnityEditor.TestRunner/TestRun/Tasks/EditModeRunTask.cs:48)
0x000001e977129d5e (Mono JIT Code) UnityEditor.TestTools.TestRunner.TestRun.TestJobRunner:ExecuteStep () (at ./Library/PackageCache/com.unity.test-framework@40e262928427/UnityEditor.TestRunner/TestRun/TestJobRunner.cs:173)
0x000001e977128953 (Mono JIT Code) UnityEditor.TestTools.TestRunner.TestRun.TestJobRunner:ExecuteCallback () (at ./Library/PackageCache/com.unity.test-framework@40e262928427/UnityEditor.TestRunner/TestRun/TestJobRunner.cs:108)
0x000001e99df821b8 (Mono JIT Code) UnityEditor.EditorApplication:Internal_CallUpdateFunctions ()
0x000001e8e6514785 (Mono JIT Code) (wrapper runtime-invoke) object:runtime_invoke_void (object,intptr,intptr,intptr)
0x00007fff3fd16e7e (mono-2.0-bdwgc) mono_jit_runtime_invoke (at C:/build/output/Unity-Technologies/mono/mono/mini/mini-runtime.c:3445)
0x00007fff3fc58874 (mono-2.0-bdwgc) do_runtime_invoke (at C:/build/output/Unity-Technologies/mono/mono/metadata/object.c:3068)
0x00007fff3fc58960 (mono-2.0-bdwgc) mono_runtime_invoke (at C:/build/output/Unity-Technologies/mono/mono/metadata/object.c:3115)
0x00007fff38e4cea4 (Unity) scripting_method_invoke
0x00007fff38e25433 (Unity) ScriptingInvocation::Invoke
0x00007fff38e20b35 (Unity) ScriptingInvocation::Invoke<void>
0x00007fff38f8b4bb (Unity) Scripting::UnityEditor::EditorApplicationProxy::Internal_CallUpdateFunctions
0x00007fff3a07e0e4 (Unity) SceneTracker::Update
0x00007fff39be1247 (Unity) Application::TickTimer
0x00007fff3a1b25ac (Unity) MainMessageLoop
0x00007fff3a1b9d1c (Unity) UnityMain
0x00007ff68b302f2a (Unity) __scrt_common_main_seh
0x00007fffddade8d7 (KERNEL32) BaseThreadInitThunk
0x00007fffde88c53c (ntdll) RtlUserThreadStart

[MouseTracker] PlayerInputHandler not found. Mouse compensation will be disabled.
0x00007fff38f222ae (Unity) StackWalker::ShowCallstack
0x00007fff38f31ee9 (Unity) PlatformStacktrace::GetStacktrace
0x00007fff3a1ac04e (Unity) Stacktrace::GetStacktrace
0x00007fff3a7859df (Unity) DebugStringToFile
0x00007fff37fd2930 (Unity) DebugLogHandler_CUSTOM_Internal_Log
0x000001e9766cbd3e (Mono JIT Code) (wrapper managed-to-native) UnityEngine.DebugLogHandler:Internal_Log_Injected (UnityEngine.LogType,UnityEngine.LogOption,UnityEngine.Bindings.ManagedSpanWrapper&,intptr)
0x000001e9766cbb43 (Mono JIT Code) UnityEngine.DebugLogHandler:Internal_Log (UnityEngine.LogType,UnityEngine.LogOption,string,UnityEngine.Object)
0x000001e9766cb7fb (Mono JIT Code) UnityEngine.DebugLogHandler:LogFormat (UnityEngine.LogType,UnityEngine.Object,string,object[])
0x000001e9766ca6ae (Mono JIT Code) UnityEngine.Logger:Log (UnityEngine.LogType,object)
0x000001e9aa2b404d (Mono JIT Code) UnityEngine.Debug:LogWarning (object)
0x000001e9aa2b33ab (Mono JIT Code) MouseTracker:Initialize (RecoilSystem) (at C:/Users/Ubuntu/Desktop/_DEV/AFFECT-2025-10-11/Assets/_SCRIPTS/_PLAYER/Recoil/MouseTracker.cs:80)
0x000001e976d36246 (Mono JIT Code) RecoilSystem:InitializeModules () (at C:/Users/Ubuntu/Desktop/_DEV/AFFECT-2025-10-11/Assets/_SCRIPTS/_PLAYER/Recoil/RecoilSystem.cs:203)
0x000001e976d33eb3 (Mono JIT Code) RecoilSystem:Initialize () (at C:/Users/Ubuntu/Desktop/_DEV/AFFECT-2025-10-11/Assets/_SCRIPTS/_PLAYER/Recoil/RecoilSystem.cs:165)
0x000001e976d333a3 (Mono JIT Code) RecoilSystem:ForceInitializeForTesting () (at C:/Users/Ubuntu/Desktop/_DEV/AFFECT-2025-10-11/Assets/_SCRIPTS/_PLAYER/Recoil/RecoilSystem.cs:632)
0x000001e976d3c213 (Mono JIT Code) RecoilSystemProperties:Property13_GracefulModuleDegradation () (at C:/Users/Ubuntu/Desktop/_DEV/AFFECT-2025-10-11/Assets/_SCRIPTS/Editor/Properties/RecoilSystemProperties.cs:269)
0x000001e9aa264548 (Mono JIT Code) (wrapper runtime-invoke) object:runtime_invoke_void__this__ (object,intptr,intptr,intptr)
0x00007fff3fd16e7e (mono-2.0-bdwgc) mono_jit_runtime_invoke (at C:/build/output/Unity-Technologies/mono/mono/mini/mini-runtime.c:3445)
0x00007fff3fc58874 (mono-2.0-bdwgc) do_runtime_invoke (at C:/build/output/Unity-Technologies/mono/mono/metadata/object.c:3068)
0x00007fff3fc5f926 (mono-2.0-bdwgc) mono_runtime_try_invoke_array (at C:/build/output/Unity-Technologies/mono/mono/metadata/object.c:5774)
0x00007fff3fb91b81 (mono-2.0-bdwgc) ves_icall_InternalInvoke (at C:/build/output/Unity-Technologies/mono/mono/metadata/icall.c:4038)
0x00007fff3fbb7e31 (mono-2.0-bdwgc) ves_icall_InternalInvoke_raw (at C:/build/output/Unity-Technologies/mono/mono/metadata/icall-def.h:692)
0x000001e8e22b0f92 (Mono JIT Code) (wrapper managed-to-native) System.Reflection.RuntimeMethodInfo:InternalInvoke (System.Reflection.RuntimeMethodInfo,object,object[],System.Exception&)
0x000001e8e3c7ea73 (Mono JIT Code) System.Reflection.RuntimeMethodInfo:Invoke (object,System.Reflection.BindingFlags,System.Reflection.Binder,object[],System.Globalization.CultureInfo)
0x000001e8db9555ef (Mono JIT Code) System.Reflection.MethodBase:Invoke (object,object[])
0x000001e9aa26e783 (Mono JIT Code) NUnit.Framework.Internal.Reflect:InvokeMethod (System.Reflection.MethodInfo,object,object[])
0x000001e9aa2760ab (Mono JIT Code) NUnit.Framework.Internal.MethodWrapper:Invoke (object,object[])
0x000001e9aa275f8a (Mono JIT Code) NUnit.Framework.Internal.Commands.TestMethodCommand:RunNonAsyncTestMethod (NUnit.Framework.Internal.ITestExecutionContext)
0x000001e9aa275dd3 (Mono JIT Code) NUnit.Framework.Internal.Commands.TestMethodCommand:RunTestMethod (NUnit.Framework.Internal.ITestExecutionContext)
0x000001e9aa275973 (Mono JIT Code) NUnit.Framework.Internal.Commands.TestMethodCommand:Execute (NUnit.Framework.Internal.ITestExecutionContext)
0x000001e9aa27556b (Mono JIT Code) UnityEngine.TestTools.UnityTestMethodCommand:Execute (NUnit.Framework.Internal.ITestExecutionContext) (at ./Library/PackageCache/com.unity.test-framework@40e262928427/UnityEngine.TestRunner/NUnitExtensions/Commands/UnityTestMethodCommand.cs:19)
0x000001e9aa2752fb (Mono JIT Code) UnityEngine.TestRunner.NUnitExtensions.Runner.UnityLogCheckDelegatingCommand/<>c__DisplayClass2_0:<Execute>b__0 () (at ./Library/PackageCache/com.unity.test-framework@40e262928427/UnityEngine.TestRunner/NUnitExtensions/Runner/UnityLogCheckDelegatingCommand.cs:24)
0x000001e9aa275123 (Mono JIT Code) UnityEngine.TestRunner.NUnitExtensions.Runner.UnityLogCheckDelegatingCommand:CaptureException (NUnit.Framework.Internal.TestResult,System.Action) (at ./Library/PackageCache/com.unity.test-framework@40e262928427/UnityEngine.TestRunner/NUnitExtensions/Runner/UnityLogCheckDelegatingCommand.cs:72)
0x000001e9aa274fb3 (Mono JIT Code) UnityEngine.TestRunner.NUnitExtensions.Runner.UnityLogCheckDelegatingCommand:ExecuteAndCheckLog (UnityEngine.TestTools.Logging.LogScope,NUnit.Framework.Internal.TestResult,System.Action) (at ./Library/PackageCache/com.unity.test-framework@40e262928427/UnityEngine.TestRunner/NUnitExtensions/Runner/UnityLogCheckDelegatingCommand.cs:83)
0x000001e9aa274c3b (Mono JIT Code) UnityEngine.TestRunner.NUnitExtensions.Runner.UnityLogCheckDelegatingCommand:Execute (NUnit.Framework.Internal.ITestExecutionContext) (at ./Library/PackageCache/com.unity.test-framework@40e262928427/UnityEngine.TestRunner/NUnitExtensions/Runner/UnityLogCheckDelegatingCommand.cs:24)
0x000001e9aa273c19 (Mono JIT Code) UnityEngine.TestRunner.NUnitExtensions.Runner.UnityLogCheckDelegatingCommand/<ExecuteEnumerable>d__3:MoveNext () (at ./Library/PackageCache/com.unity.test-framework@40e262928427/UnityEngine.TestRunner/NUnitExtensions/Runner/UnityLogCheckDelegatingCommand.cs:35)
0x000001e9aa251e01 (Mono JIT Code) UnityEngine.TestTools.BeforeAfterTestCommandBase`1/<ExecuteEnumerable>d__16<T_REF>:MoveNext () (at ./Library/PackageCache/com.unity.test-framework@40e262928427/UnityEngine.TestRunner/NUnitExtensions/Commands/BeforeAfterTestCommandBase.cs:212)
0x000001e9aa272fb6 (Mono JIT Code) UnityEngine.TestTools.ImmediateEnumerableCommand:Execute (NUnit.Framework.Internal.ITestExecutionContext) (at ./Library/PackageCache/com.unity.test-framework@40e262928427/UnityEngine.TestRunner/NUnitExtensions/Commands/ImmediateEnumerableCommand.cs:18)
0x000001e9aa251f01 (Mono JIT Code) UnityEngine.TestTools.BeforeAfterTestCommandBase`1/<ExecuteEnumerable>d__16<T_REF>:MoveNext () (at ./Library/PackageCache/com.unity.test-framework@40e262928427/UnityEngine.TestRunner/NUnitExtensions/Commands/BeforeAfterTestCommandBase.cs:219)
0x000001e9aa251e01 (Mono JIT Code) UnityEngine.TestTools.BeforeAfterTestCommandBase`1/<ExecuteEnumerable>d__16<T_REF>:MoveNext () (at ./Library/PackageCache/com.unity.test-framework@40e262928427/UnityEngine.TestRunner/NUnitExtensions/Commands/BeforeAfterTestCommandBase.cs:212)
0x000001e9aa251e01 (Mono JIT Code) UnityEngine.TestTools.BeforeAfterTestCommandBase`1/<ExecuteEnumerable>d__16<T_REF>:MoveNext () (at ./Library/PackageCache/com.unity.test-framework@40e262928427/UnityEngine.TestRunner/NUnitExtensions/Commands/BeforeAfterTestCommandBase.cs:212)
0x000001e9aa26b457 (Mono JIT Code) UnityEngine.TestTools.RetryCommand/<ExecuteEnumerable>d__2:MoveNext () (at ./Library/PackageCache/com.unity.test-framework@40e262928427/UnityEngine.TestRunner/NUnitExtensions/Commands/RetryCommand.cs:37)
0x000001e9aa269f2f (Mono JIT Code) UnityEngine.TestTools.RepeatCommand/<ExecuteEnumerable>d__2:MoveNext () (at ./Library/PackageCache/com.unity.test-framework@40e262928427/UnityEngine.TestRunner/NUnitExtensions/Commands/RepeatCommand.cs:36)
0x000001e9aa268fa6 (Mono JIT Code) UnityEngine.TestTools.IgnoreTestCommand/<ExecuteEnumerable>d__3:MoveNext () (at ./Library/PackageCache/com.unity.test-framework@40e262928427/UnityEngine.TestRunner/NUnitExtensions/Commands/IgnoreTestCommand.cs:42)
0x000001e9aa267c7f (Mono JIT Code) UnityEngine.TestTools.StrictCheckCommand/<ExecuteEnumerable>d__2:MoveNext () (at ./Library/PackageCache/com.unity.test-framework@40e262928427/UnityEngine.TestRunner/NUnitExtensions/Commands/StrictCheckCommand.cs:29)
0x000001e9aa266fe1 (Mono JIT Code) UnityEngine.TestRunner.NUnitExtensions.Runner.DefaultTestWorkItem/<PerformWork>d__2:MoveNext () (at ./Library/PackageCache/com.unity.test-framework@40e262928427/UnityEngine.TestRunner/NUnitExtensions/Runner/DefaultTestWorkItem.cs:50)
0x000001e9aa255e12 (Mono JIT Code) UnityEngine.TestRunner.NUnitExtensions.Runner.CompositeWorkItem/<RunChildren>d__17:MoveNext () (at ./Library/PackageCache/com.unity.test-framework@40e262928427/UnityEngine.TestRunner/NUnitExtensions/Runner/CompositeWorkItem.cs:207)
0x000001e9aa247756 (Mono JIT Code) UnityEngine.TestRunner.NUnitExtensions.Runner.CompositeWorkItem/<PerformWork>d__13:MoveNext () (at ./Library/PackageCache/com.unity.test-framework@40e262928427/UnityEngine.TestRunner/NUnitExtensions/Runner/CompositeWorkItem.cs:82)
0x000001e9aa255e12 (Mono JIT Code) UnityEngine.TestRunner.NUnitExtensions.Runner.CompositeWorkItem/<RunChildren>d__17:MoveNext () (at ./Library/PackageCache/com.unity.test-framework@40e262928427/UnityEngine.TestRunner/NUnitExtensions/Runner/CompositeWorkItem.cs:207)
0x000001e9aa247756 (Mono JIT Code) UnityEngine.TestRunner.NUnitExtensions.Runner.CompositeWorkItem/<PerformWork>d__13:MoveNext () (at ./Library/PackageCache/com.unity.test-framework@40e262928427/UnityEngine.TestRunner/NUnitExtensions/Runner/CompositeWorkItem.cs:82)
0x000001e9aa255e12 (Mono JIT Code) UnityEngine.TestRunner.NUnitExtensions.Runner.CompositeWorkItem/<RunChildren>d__17:MoveNext () (at ./Library/PackageCache/com.unity.test-framework@40e262928427/UnityEngine.TestRunner/NUnitExtensions/Runner/CompositeWorkItem.cs:207)
0x000001e9aa247756 (Mono JIT Code) UnityEngine.TestRunner.NUnitExtensions.Runner.CompositeWorkItem/<PerformWork>d__13:MoveNext () (at ./Library/PackageCache/com.unity.test-framework@40e262928427/UnityEngine.TestRunner/NUnitExtensions/Runner/CompositeWorkItem.cs:82)
0x000001e9aa245fcc (Mono JIT Code) UnityEditor.TestTools.TestRunner.EditModeRunner:MoveNextAndUpdateYieldObject () (at ./Library/PackageCache/com.unity.test-framework@40e262928427/UnityEditor.TestRunner/TestRunner/EditModeRunner.cs:167)
0x000001e9aa245b7b (Mono JIT Code) UnityEditor.TestTools.TestRunner.EditModeRunner:TestConsumer (UnityEditor.TestTools.TestRunner.TestRunnerStateSerializer) (at ./Library/PackageCache/com.unity.test-framework@40e262928427/UnityEditor.TestRunner/TestRunner/EditModeRunner.cs:200)
0x000001e9aa23c173 (Mono JIT Code) UnityEditor.TestTools.TestRunner.TestRun.Tasks.EditModeRunTask/<Execute>d__1:MoveNext () (at ./Library/PackageCache/com.unity.test-framework@40e262928427/UnityEditor.TestRunner/TestRun/Tasks/EditModeRunTask.cs:48)
0x000001e977129d5e (Mono JIT Code) UnityEditor.TestTools.TestRunner.TestRun.TestJobRunner:ExecuteStep () (at ./Library/PackageCache/com.unity.test-framework@40e262928427/UnityEditor.TestRunner/TestRun/TestJobRunner.cs:173)
0x000001e977128953 (Mono JIT Code) UnityEditor.TestTools.TestRunner.TestRun.TestJobRunner:ExecuteCallback () (at ./Library/PackageCache/com.unity.test-framework@40e262928427/UnityEditor.TestRunner/TestRun/TestJobRunner.cs:108)
0x000001e99df821b8 (Mono JIT Code) UnityEditor.EditorApplication:Internal_CallUpdateFunctions ()
0x000001e8e6514785 (Mono JIT Code) (wrapper runtime-invoke) object:runtime_invoke_void (object,intptr,intptr,intptr)
0x00007fff3fd16e7e (mono-2.0-bdwgc) mono_jit_runtime_invoke (at C:/build/output/Unity-Technologies/mono/mono/mini/mini-runtime.c:3445)
0x00007fff3fc58874 (mono-2.0-bdwgc) do_runtime_invoke (at C:/build/output/Unity-Technologies/mono/mono/metadata/object.c:3068)
0x00007fff3fc58960 (mono-2.0-bdwgc) mono_runtime_invoke (at C:/build/output/Unity-Technologies/mono/mono/metadata/object.c:3115)
0x00007fff38e4cea4 (Unity) scripting_method_invoke
0x00007fff38e25433 (Unity) ScriptingInvocation::Invoke
0x00007fff38e20b35 (Unity) ScriptingInvocation::Invoke<void>
0x00007fff38f8b4bb (Unity) Scripting::UnityEditor::EditorApplicationProxy::Internal_CallUpdateFunctions
0x00007fff3a07e0e4 (Unity) SceneTracker::Update
0x00007fff39be1247 (Unity) Application::TickTimer
0x00007fff3a1b25ac (Unity) MainMessageLoop
0x00007fff3a1b9d1c (Unity) UnityMain
0x00007ff68b302f2a (Unity) __scrt_common_main_seh
0x00007fffddade8d7 (KERNEL32) BaseThreadInitThunk
0x00007fffde88c53c (ntdll) RtlUserThreadStart

[MouseTracker] PlayerInputHandler not found. Mouse compensation will be disabled.
0x00007fff38f222ae (Unity) StackWalker::ShowCallstack
0x00007fff38f31ee9 (Unity) PlatformStacktrace::GetStacktrace
0x00007fff3a1ac04e (Unity) Stacktrace::GetStacktrace
0x00007fff3a7859df (Unity) DebugStringToFile
0x00007fff37fd2930 (Unity) DebugLogHandler_CUSTOM_Internal_Log
0x000001e9766cbd3e (Mono JIT Code) (wrapper managed-to-native) UnityEngine.DebugLogHandler:Internal_Log_Injected (UnityEngine.LogType,UnityEngine.LogOption,UnityEngine.Bindings.ManagedSpanWrapper&,intptr)
0x000001e9766cbb43 (Mono JIT Code) UnityEngine.DebugLogHandler:Internal_Log (UnityEngine.LogType,UnityEngine.LogOption,string,UnityEngine.Object)
0x000001e9766cb7fb (Mono JIT Code) UnityEngine.DebugLogHandler:LogFormat (UnityEngine.LogType,UnityEngine.Object,string,object[])
0x000001e9766ca6ae (Mono JIT Code) UnityEngine.Logger:Log (UnityEngine.LogType,object)
0x000001e9aa2b404d (Mono JIT Code) UnityEngine.Debug:LogWarning (object)
0x000001e9aa2b33ab (Mono JIT Code) MouseTracker:Initialize (RecoilSystem) (at C:/Users/Ubuntu/Desktop/_DEV/AFFECT-2025-10-11/Assets/_SCRIPTS/_PLAYER/Recoil/MouseTracker.cs:80)
0x000001e976d36246 (Mono JIT Code) RecoilSystem:InitializeModules () (at C:/Users/Ubuntu/Desktop/_DEV/AFFECT-2025-10-11/Assets/_SCRIPTS/_PLAYER/Recoil/RecoilSystem.cs:203)
0x000001e976d33eb3 (Mono JIT Code) RecoilSystem:Initialize () (at C:/Users/Ubuntu/Desktop/_DEV/AFFECT-2025-10-11/Assets/_SCRIPTS/_PLAYER/Recoil/RecoilSystem.cs:165)
0x000001e976d333a3 (Mono JIT Code) RecoilSystem:ForceInitializeForTesting () (at C:/Users/Ubuntu/Desktop/_DEV/AFFECT-2025-10-11/Assets/_SCRIPTS/_PLAYER/Recoil/RecoilSystem.cs:632)
0x000001e976d3c213 (Mono JIT Code) RecoilSystemProperties:Property13_GracefulModuleDegradation () (at C:/Users/Ubuntu/Desktop/_DEV/AFFECT-2025-10-11/Assets/_SCRIPTS/Editor/Properties/RecoilSystemProperties.cs:269)
0x000001e9aa264548 (Mono JIT Code) (wrapper runtime-invoke) object:runtime_invoke_void__this__ (object,intptr,intptr,intptr)
0x00007fff3fd16e7e (mono-2.0-bdwgc) mono_jit_runtime_invoke (at C:/build/output/Unity-Technologies/mono/mono/mini/mini-runtime.c:3445)
0x00007fff3fc58874 (mono-2.0-bdwgc) do_runtime_invoke (at C:/build/output/Unity-Technologies/mono/mono/metadata/object.c:3068)
0x00007fff3fc5f926 (mono-2.0-bdwgc) mono_runtime_try_invoke_array (at C:/build/output/Unity-Technologies/mono/mono/metadata/object.c:5774)
0x00007fff3fb91b81 (mono-2.0-bdwgc) ves_icall_InternalInvoke (at C:/build/output/Unity-Technologies/mono/mono/metadata/icall.c:4038)
0x00007fff3fbb7e31 (mono-2.0-bdwgc) ves_icall_InternalInvoke_raw (at C:/build/output/Unity-Technologies/mono/mono/metadata/icall-def.h:692)
0x000001e8e22b0f92 (Mono JIT Code) (wrapper managed-to-native) System.Reflection.RuntimeMethodInfo:InternalInvoke (System.Reflection.RuntimeMethodInfo,object,object[],System.Exception&)
0x000001e8e3c7ea73 (Mono JIT Code) System.Reflection.RuntimeMethodInfo:Invoke (object,System.Reflection.BindingFlags,System.Reflection.Binder,object[],System.Globalization.CultureInfo)
0x000001e8db9555ef (Mono JIT Code) System.Reflection.MethodBase:Invoke (object,object[])
0x000001e9aa26e783 (Mono JIT Code) NUnit.Framework.Internal.Reflect:InvokeMethod (System.Reflection.MethodInfo,object,object[])
0x000001e9aa2760ab (Mono JIT Code) NUnit.Framework.Internal.MethodWrapper:Invoke (object,object[])
0x000001e9aa275f8a (Mono JIT Code) NUnit.Framework.Internal.Commands.TestMethodCommand:RunNonAsyncTestMethod (NUnit.Framework.Internal.ITestExecutionContext)
0x000001e9aa275dd3 (Mono JIT Code) NUnit.Framework.Internal.Commands.TestMethodCommand:RunTestMethod (NUnit.Framework.Internal.ITestExecutionContext)
0x000001e9aa275973 (Mono JIT Code) NUnit.Framework.Internal.Commands.TestMethodCommand:Execute (NUnit.Framework.Internal.ITestExecutionContext)
0x000001e9aa27556b (Mono JIT Code) UnityEngine.TestTools.UnityTestMethodCommand:Execute (NUnit.Framework.Internal.ITestExecutionContext) (at ./Library/PackageCache/com.unity.test-framework@40e262928427/UnityEngine.TestRunner/NUnitExtensions/Commands/UnityTestMethodCommand.cs:19)
0x000001e9aa2752fb (Mono JIT Code) UnityEngine.TestRunner.NUnitExtensions.Runner.UnityLogCheckDelegatingCommand/<>c__DisplayClass2_0:<Execute>b__0 () (at ./Library/PackageCache/com.unity.test-framework@40e262928427/UnityEngine.TestRunner/NUnitExtensions/Runner/UnityLogCheckDelegatingCommand.cs:24)
0x000001e9aa275123 (Mono JIT Code) UnityEngine.TestRunner.NUnitExtensions.Runner.UnityLogCheckDelegatingCommand:CaptureException (NUnit.Framework.Internal.TestResult,System.Action) (at ./Library/PackageCache/com.unity.test-framework@40e262928427/UnityEngine.TestRunner/NUnitExtensions/Runner/UnityLogCheckDelegatingCommand.cs:72)
0x000001e9aa274fb3 (Mono JIT Code) UnityEngine.TestRunner.NUnitExtensions.Runner.UnityLogCheckDelegatingCommand:ExecuteAndCheckLog (UnityEngine.TestTools.Logging.LogScope,NUnit.Framework.Internal.TestResult,System.Action) (at ./Library/PackageCache/com.unity.test-framework@40e262928427/UnityEngine.TestRunner/NUnitExtensions/Runner/UnityLogCheckDelegatingCommand.cs:83)
0x000001e9aa274c3b (Mono JIT Code) UnityEngine.TestRunner.NUnitExtensions.Runner.UnityLogCheckDelegatingCommand:Execute (NUnit.Framework.Internal.ITestExecutionContext) (at ./Library/PackageCache/com.unity.test-framework@40e262928427/UnityEngine.TestRunner/NUnitExtensions/Runner/UnityLogCheckDelegatingCommand.cs:24)
0x000001e9aa273c19 (Mono JIT Code) UnityEngine.TestRunner.NUnitExtensions.Runner.UnityLogCheckDelegatingCommand/<ExecuteEnumerable>d__3:MoveNext () (at ./Library/PackageCache/com.unity.test-framework@40e262928427/UnityEngine.TestRunner/NUnitExtensions/Runner/UnityLogCheckDelegatingCommand.cs:35)
0x000001e9aa251e01 (Mono JIT Code) UnityEngine.TestTools.BeforeAfterTestCommandBase`1/<ExecuteEnumerable>d__16<T_REF>:MoveNext () (at ./Library/PackageCache/com.unity.test-framework@40e262928427/UnityEngine.TestRunner/NUnitExtensions/Commands/BeforeAfterTestCommandBase.cs:212)
0x000001e9aa272fb6 (Mono JIT Code) UnityEngine.TestTools.ImmediateEnumerableCommand:Execute (NUnit.Framework.Internal.ITestExecutionContext) (at ./Library/PackageCache/com.unity.test-framework@40e262928427/UnityEngine.TestRunner/NUnitExtensions/Commands/ImmediateEnumerableCommand.cs:18)
0x000001e9aa251f01 (Mono JIT Code) UnityEngine.TestTools.BeforeAfterTestCommandBase`1/<ExecuteEnumerable>d__16<T_REF>:MoveNext () (at ./Library/PackageCache/com.unity.test-framework@40e262928427/UnityEngine.TestRunner/NUnitExtensions/Commands/BeforeAfterTestCommandBase.cs:219)
0x000001e9aa251e01 (Mono JIT Code) UnityEngine.TestTools.BeforeAfterTestCommandBase`1/<ExecuteEnumerable>d__16<T_REF>:MoveNext () (at ./Library/PackageCache/com.unity.test-framework@40e262928427/UnityEngine.TestRunner/NUnitExtensions/Commands/BeforeAfterTestCommandBase.cs:212)
0x000001e9aa251e01 (Mono JIT Code) UnityEngine.TestTools.BeforeAfterTestCommandBase`1/<ExecuteEnumerable>d__16<T_REF>:MoveNext () (at ./Library/PackageCache/com.unity.test-framework@40e262928427/UnityEngine.TestRunner/NUnitExtensions/Commands/BeforeAfterTestCommandBase.cs:212)
0x000001e9aa26b457 (Mono JIT Code) UnityEngine.TestTools.RetryCommand/<ExecuteEnumerable>d__2:MoveNext () (at ./Library/PackageCache/com.unity.test-framework@40e262928427/UnityEngine.TestRunner/NUnitExtensions/Commands/RetryCommand.cs:37)
0x000001e9aa269f2f (Mono JIT Code) UnityEngine.TestTools.RepeatCommand/<ExecuteEnumerable>d__2:MoveNext () (at ./Library/PackageCache/com.unity.test-framework@40e262928427/UnityEngine.TestRunner/NUnitExtensions/Commands/RepeatCommand.cs:36)
0x000001e9aa268fa6 (Mono JIT Code) UnityEngine.TestTools.IgnoreTestCommand/<ExecuteEnumerable>d__3:MoveNext () (at ./Library/PackageCache/com.unity.test-framework@40e262928427/UnityEngine.TestRunner/NUnitExtensions/Commands/IgnoreTestCommand.cs:42)
0x000001e9aa267c7f (Mono JIT Code) UnityEngine.TestTools.StrictCheckCommand/<ExecuteEnumerable>d__2:MoveNext () (at ./Library/PackageCache/com.unity.test-framework@40e262928427/UnityEngine.TestRunner/NUnitExtensions/Commands/StrictCheckCommand.cs:29)
0x000001e9aa266fe1 (Mono JIT Code) UnityEngine.TestRunner.NUnitExtensions.Runner.DefaultTestWorkItem/<PerformWork>d__2:MoveNext () (at ./Library/PackageCache/com.unity.test-framework@40e262928427/UnityEngine.TestRunner/NUnitExtensions/Runner/DefaultTestWorkItem.cs:50)
0x000001e9aa255e12 (Mono JIT Code) UnityEngine.TestRunner.NUnitExtensions.Runner.CompositeWorkItem/<RunChildren>d__17:MoveNext () (at ./Library/PackageCache/com.unity.test-framework@40e262928427/UnityEngine.TestRunner/NUnitExtensions/Runner/CompositeWorkItem.cs:207)
0x000001e9aa247756 (Mono JIT Code) UnityEngine.TestRunner.NUnitExtensions.Runner.CompositeWorkItem/<PerformWork>d__13:MoveNext () (at ./Library/PackageCache/com.unity.test-framework@40e262928427/UnityEngine.TestRunner/NUnitExtensions/Runner/CompositeWorkItem.cs:82)
0x000001e9aa255e12 (Mono JIT Code) UnityEngine.TestRunner.NUnitExtensions.Runner.CompositeWorkItem/<RunChildren>d__17:MoveNext () (at ./Library/PackageCache/com.unity.test-framework@40e262928427/UnityEngine.TestRunner/NUnitExtensions/Runner/CompositeWorkItem.cs:207)
0x000001e9aa247756 (Mono JIT Code) UnityEngine.TestRunner.NUnitExtensions.Runner.CompositeWorkItem/<PerformWork>d__13:MoveNext () (at ./Library/PackageCache/com.unity.test-framework@40e262928427/UnityEngine.TestRunner/NUnitExtensions/Runner/CompositeWorkItem.cs:82)
0x000001e9aa255e12 (Mono JIT Code) UnityEngine.TestRunner.NUnitExtensions.Runner.CompositeWorkItem/<RunChildren>d__17:MoveNext () (at ./Library/PackageCache/com.unity.test-framework@40e262928427/UnityEngine.TestRunner/NUnitExtensions/Runner/CompositeWorkItem.cs:207)
0x000001e9aa247756 (Mono JIT Code) UnityEngine.TestRunner.NUnitExtensions.Runner.CompositeWorkItem/<PerformWork>d__13:MoveNext () (at ./Library/PackageCache/com.unity.test-framework@40e262928427/UnityEngine.TestRunner/NUnitExtensions/Runner/CompositeWorkItem.cs:82)
0x000001e9aa245fcc (Mono JIT Code) UnityEditor.TestTools.TestRunner.EditModeRunner:MoveNextAndUpdateYieldObject () (at ./Library/PackageCache/com.unity.test-framework@40e262928427/UnityEditor.TestRunner/TestRunner/EditModeRunner.cs:167)
0x000001e9aa245b7b (Mono JIT Code) UnityEditor.TestTools.TestRunner.EditModeRunner:TestConsumer (UnityEditor.TestTools.TestRunner.TestRunnerStateSerializer) (at ./Library/PackageCache/com.unity.test-framework@40e262928427/UnityEditor.TestRunner/TestRunner/EditModeRunner.cs:200)
0x000001e9aa23c173 (Mono JIT Code) UnityEditor.TestTools.TestRunner.TestRun.Tasks.EditModeRunTask/<Execute>d__1:MoveNext () (at ./Library/PackageCache/com.unity.test-framework@40e262928427/UnityEditor.TestRunner/TestRun/Tasks/EditModeRunTask.cs:48)
0x000001e977129d5e (Mono JIT Code) UnityEditor.TestTools.TestRunner.TestRun.TestJobRunner:ExecuteStep () (at ./Library/PackageCache/com.unity.test-framework@40e262928427/UnityEditor.TestRunner/TestRun/TestJobRunner.cs:173)
0x000001e977128953 (Mono JIT Code) UnityEditor.TestTools.TestRunner.TestRun.TestJobRunner:ExecuteCallback () (at ./Library/PackageCache/com.unity.test-framework@40e262928427/UnityEditor.TestRunner/TestRun/TestJobRunner.cs:108)
0x000001e99df821b8 (Mono JIT Code) UnityEditor.EditorApplication:Internal_CallUpdateFunctions ()
0x000001e8e6514785 (Mono JIT Code) (wrapper runtime-invoke) object:runtime_invoke_void (object,intptr,intptr,intptr)
0x00007fff3fd16e7e (mono-2.0-bdwgc) mono_jit_runtime_invoke (at C:/build/output/Unity-Technologies/mono/mono/mini/mini-runtime.c:3445)
0x00007fff3fc58874 (mono-2.0-bdwgc) do_runtime_invoke (at C:/build/output/Unity-Technologies/mono/mono/metadata/object.c:3068)
0x00007fff3fc58960 (mono-2.0-bdwgc) mono_runtime_invoke (at C:/build/output/Unity-Technologies/mono/mono/metadata/object.c:3115)
0x00007fff38e4cea4 (Unity) scripting_method_invoke
0x00007fff38e25433 (Unity) ScriptingInvocation::Invoke
0x00007fff38e20b35 (Unity) ScriptingInvocation::Invoke<void>
0x00007fff38f8b4bb (Unity) Scripting::UnityEditor::EditorApplicationProxy::Internal_CallUpdateFunctions
0x00007fff3a07e0e4 (Unity) SceneTracker::Update
0x00007fff39be1247 (Unity) Application::TickTimer
0x00007fff3a1b25ac (Unity) MainMessageLoop
0x00007fff3a1b9d1c (Unity) UnityMain
0x00007ff68b302f2a (Unity) __scrt_common_main_seh
0x00007fffddade8d7 (KERNEL32) BaseThreadInitThunk
0x00007fffde88c53c (ntdll) RtlUserThreadStart

[MouseTracker] PlayerInputHandler not found. Mouse compensation will be disabled.
0x00007fff38f222ae (Unity) StackWalker::ShowCallstack
0x00007fff38f31ee9 (Unity) PlatformStacktrace::GetStacktrace
0x00007fff3a1ac04e (Unity) Stacktrace::GetStacktrace
0x00007fff3a7859df (Unity) DebugStringToFile
0x00007fff37fd2930 (Unity) DebugLogHandler_CUSTOM_Internal_Log
0x000001e9766cbd3e (Mono JIT Code) (wrapper managed-to-native) UnityEngine.DebugLogHandler:Internal_Log_Injected (UnityEngine.LogType,UnityEngine.LogOption,UnityEngine.Bindings.ManagedSpanWrapper&,intptr)
0x000001e9766cbb43 (Mono JIT Code) UnityEngine.DebugLogHandler:Internal_Log (UnityEngine.LogType,UnityEngine.LogOption,string,UnityEngine.Object)
0x000001e9766cb7fb (Mono JIT Code) UnityEngine.DebugLogHandler:LogFormat (UnityEngine.LogType,UnityEngine.Object,string,object[])
0x000001e9766ca6ae (Mono JIT Code) UnityEngine.Logger:Log (UnityEngine.LogType,object)
0x000001e9aa2b404d (Mono JIT Code) UnityEngine.Debug:LogWarning (object)
0x000001e9aa2b33ab (Mono JIT Code) MouseTracker:Initialize (RecoilSystem) (at C:/Users/Ubuntu/Desktop/_DEV/AFFECT-2025-10-11/Assets/_SCRIPTS/_PLAYER/Recoil/MouseTracker.cs:80)
0x000001e976d36246 (Mono JIT Code) RecoilSystem:InitializeModules () (at C:/Users/Ubuntu/Desktop/_DEV/AFFECT-2025-10-11/Assets/_SCRIPTS/_PLAYER/Recoil/RecoilSystem.cs:203)
0x000001e976d33eb3 (Mono JIT Code) RecoilSystem:Initialize () (at C:/Users/Ubuntu/Desktop/_DEV/AFFECT-2025-10-11/Assets/_SCRIPTS/_PLAYER/Recoil/RecoilSystem.cs:165)
0x000001e976d333a3 (Mono JIT Code) RecoilSystem:ForceInitializeForTesting () (at C:/Users/Ubuntu/Desktop/_DEV/AFFECT-2025-10-11/Assets/_SCRIPTS/_PLAYER/Recoil/RecoilSystem.cs:632)
0x000001e976d3c213 (Mono JIT Code) RecoilSystemProperties:Property13_GracefulModuleDegradation () (at C:/Users/Ubuntu/Desktop/_DEV/AFFECT-2025-10-11/Assets/_SCRIPTS/Editor/Properties/RecoilSystemProperties.cs:269)
0x000001e9aa264548 (Mono JIT Code) (wrapper runtime-invoke) object:runtime_invoke_void__this__ (object,intptr,intptr,intptr)
0x00007fff3fd16e7e (mono-2.0-bdwgc) mono_jit_runtime_invoke (at C:/build/output/Unity-Technologies/mono/mono/mini/mini-runtime.c:3445)
0x00007fff3fc58874 (mono-2.0-bdwgc) do_runtime_invoke (at C:/build/output/Unity-Technologies/mono/mono/metadata/object.c:3068)
0x00007fff3fc5f926 (mono-2.0-bdwgc) mono_runtime_try_invoke_array (at C:/build/output/Unity-Technologies/mono/mono/metadata/object.c:5774)
0x00007fff3fb91b81 (mono-2.0-bdwgc) ves_icall_InternalInvoke (at C:/build/output/Unity-Technologies/mono/mono/metadata/icall.c:4038)
0x00007fff3fbb7e31 (mono-2.0-bdwgc) ves_icall_InternalInvoke_raw (at C:/build/output/Unity-Technologies/mono/mono/metadata/icall-def.h:692)
0x000001e8e22b0f92 (Mono JIT Code) (wrapper managed-to-native) System.Reflection.RuntimeMethodInfo:InternalInvoke (System.Reflection.RuntimeMethodInfo,object,object[],System.Exception&)
0x000001e8e3c7ea73 (Mono JIT Code) System.Reflection.RuntimeMethodInfo:Invoke (object,System.Reflection.BindingFlags,System.Reflection.Binder,object[],System.Globalization.CultureInfo)
0x000001e8db9555ef (Mono JIT Code) System.Reflection.MethodBase:Invoke (object,object[])
0x000001e9aa26e783 (Mono JIT Code) NUnit.Framework.Internal.Reflect:InvokeMethod (System.Reflection.MethodInfo,object,object[])
0x000001e9aa2760ab (Mono JIT Code) NUnit.Framework.Internal.MethodWrapper:Invoke (object,object[])
0x000001e9aa275f8a (Mono JIT Code) NUnit.Framework.Internal.Commands.TestMethodCommand:RunNonAsyncTestMethod (NUnit.Framework.Internal.ITestExecutionContext)
0x000001e9aa275dd3 (Mono JIT Code) NUnit.Framework.Internal.Commands.TestMethodCommand:RunTestMethod (NUnit.Framework.Internal.ITestExecutionContext)
0x000001e9aa275973 (Mono JIT Code) NUnit.Framework.Internal.Commands.TestMethodCommand:Execute (NUnit.Framework.Internal.ITestExecutionContext)
0x000001e9aa27556b (Mono JIT Code) UnityEngine.TestTools.UnityTestMethodCommand:Execute (NUnit.Framework.Internal.ITestExecutionContext) (at ./Library/PackageCache/com.unity.test-framework@40e262928427/UnityEngine.TestRunner/NUnitExtensions/Commands/UnityTestMethodCommand.cs:19)
0x000001e9aa2752fb (Mono JIT Code) UnityEngine.TestRunner.NUnitExtensions.Runner.UnityLogCheckDelegatingCommand/<>c__DisplayClass2_0:<Execute>b__0 () (at ./Library/PackageCache/com.unity.test-framework@40e262928427/UnityEngine.TestRunner/NUnitExtensions/Runner/UnityLogCheckDelegatingCommand.cs:24)
0x000001e9aa275123 (Mono JIT Code) UnityEngine.TestRunner.NUnitExtensions.Runner.UnityLogCheckDelegatingCommand:CaptureException (NUnit.Framework.Internal.TestResult,System.Action) (at ./Library/PackageCache/com.unity.test-framework@40e262928427/UnityEngine.TestRunner/NUnitExtensions/Runner/UnityLogCheckDelegatingCommand.cs:72)
0x000001e9aa274fb3 (Mono JIT Code) UnityEngine.TestRunner.NUnitExtensions.Runner.UnityLogCheckDelegatingCommand:ExecuteAndCheckLog (UnityEngine.TestTools.Logging.LogScope,NUnit.Framework.Internal.TestResult,System.Action) (at ./Library/PackageCache/com.unity.test-framework@40e262928427/UnityEngine.TestRunner/NUnitExtensions/Runner/UnityLogCheckDelegatingCommand.cs:83)
0x000001e9aa274c3b (Mono JIT Code) UnityEngine.TestRunner.NUnitExtensions.Runner.UnityLogCheckDelegatingCommand:Execute (NUnit.Framework.Internal.ITestExecutionContext) (at ./Library/PackageCache/com.unity.test-framework@40e262928427/UnityEngine.TestRunner/NUnitExtensions/Runner/UnityLogCheckDelegatingCommand.cs:24)
0x000001e9aa273c19 (Mono JIT Code) UnityEngine.TestRunner.NUnitExtensions.Runner.UnityLogCheckDelegatingCommand/<ExecuteEnumerable>d__3:MoveNext () (at ./Library/PackageCache/com.unity.test-framework@40e262928427/UnityEngine.TestRunner/NUnitExtensions/Runner/UnityLogCheckDelegatingCommand.cs:35)
0x000001e9aa251e01 (Mono JIT Code) UnityEngine.TestTools.BeforeAfterTestCommandBase`1/<ExecuteEnumerable>d__16<T_REF>:MoveNext () (at ./Library/PackageCache/com.unity.test-framework@40e262928427/UnityEngine.TestRunner/NUnitExtensions/Commands/BeforeAfterTestCommandBase.cs:212)
0x000001e9aa272fb6 (Mono JIT Code) UnityEngine.TestTools.ImmediateEnumerableCommand:Execute (NUnit.Framework.Internal.ITestExecutionContext) (at ./Library/PackageCache/com.unity.test-framework@40e262928427/UnityEngine.TestRunner/NUnitExtensions/Commands/ImmediateEnumerableCommand.cs:18)
0x000001e9aa251f01 (Mono JIT Code) UnityEngine.TestTools.BeforeAfterTestCommandBase`1/<ExecuteEnumerable>d__16<T_REF>:MoveNext () (at ./Library/PackageCache/com.unity.test-framework@40e262928427/UnityEngine.TestRunner/NUnitExtensions/Commands/BeforeAfterTestCommandBase.cs:219)
0x000001e9aa251e01 (Mono JIT Code) UnityEngine.TestTools.BeforeAfterTestCommandBase`1/<ExecuteEnumerable>d__16<T_REF>:MoveNext () (at ./Library/PackageCache/com.unity.test-framework@40e262928427/UnityEngine.TestRunner/NUnitExtensions/Commands/BeforeAfterTestCommandBase.cs:212)
0x000001e9aa251e01 (Mono JIT Code) UnityEngine.TestTools.BeforeAfterTestCommandBase`1/<ExecuteEnumerable>d__16<T_REF>:MoveNext () (at ./Library/PackageCache/com.unity.test-framework@40e262928427/UnityEngine.TestRunner/NUnitExtensions/Commands/BeforeAfterTestCommandBase.cs:212)
0x000001e9aa26b457 (Mono JIT Code) UnityEngine.TestTools.RetryCommand/<ExecuteEnumerable>d__2:MoveNext () (at ./Library/PackageCache/com.unity.test-framework@40e262928427/UnityEngine.TestRunner/NUnitExtensions/Commands/RetryCommand.cs:37)
0x000001e9aa269f2f (Mono JIT Code) UnityEngine.TestTools.RepeatCommand/<ExecuteEnumerable>d__2:MoveNext () (at ./Library/PackageCache/com.unity.test-framework@40e262928427/UnityEngine.TestRunner/NUnitExtensions/Commands/RepeatCommand.cs:36)
0x000001e9aa268fa6 (Mono JIT Code) UnityEngine.TestTools.IgnoreTestCommand/<ExecuteEnumerable>d__3:MoveNext () (at ./Library/PackageCache/com.unity.test-framework@40e262928427/UnityEngine.TestRunner/NUnitExtensions/Commands/IgnoreTestCommand.cs:42)
0x000001e9aa267c7f (Mono JIT Code) UnityEngine.TestTools.StrictCheckCommand/<ExecuteEnumerable>d__2:MoveNext () (at ./Library/PackageCache/com.unity.test-framework@40e262928427/UnityEngine.TestRunner/NUnitExtensions/Commands/StrictCheckCommand.cs:29)
0x000001e9aa266fe1 (Mono JIT Code) UnityEngine.TestRunner.NUnitExtensions.Runner.DefaultTestWorkItem/<PerformWork>d__2:MoveNext () (at ./Library/PackageCache/com.unity.test-framework@40e262928427/UnityEngine.TestRunner/NUnitExtensions/Runner/DefaultTestWorkItem.cs:50)
0x000001e9aa255e12 (Mono JIT Code) UnityEngine.TestRunner.NUnitExtensions.Runner.CompositeWorkItem/<RunChildren>d__17:MoveNext () (at ./Library/PackageCache/com.unity.test-framework@40e262928427/UnityEngine.TestRunner/NUnitExtensions/Runner/CompositeWorkItem.cs:207)
0x000001e9aa247756 (Mono JIT Code) UnityEngine.TestRunner.NUnitExtensions.Runner.CompositeWorkItem/<PerformWork>d__13:MoveNext () (at ./Library/PackageCache/com.unity.test-framework@40e262928427/UnityEngine.TestRunner/NUnitExtensions/Runner/CompositeWorkItem.cs:82)
0x000001e9aa255e12 (Mono JIT Code) UnityEngine.TestRunner.NUnitExtensions.Runner.CompositeWorkItem/<RunChildren>d__17:MoveNext () (at ./Library/PackageCache/com.unity.test-framework@40e262928427/UnityEngine.TestRunner/NUnitExtensions/Runner/CompositeWorkItem.cs:207)
0x000001e9aa247756 (Mono JIT Code) UnityEngine.TestRunner.NUnitExtensions.Runner.CompositeWorkItem/<PerformWork>d__13:MoveNext () (at ./Library/PackageCache/com.unity.test-framework@40e262928427/UnityEngine.TestRunner/NUnitExtensions/Runner/CompositeWorkItem.cs:82)
0x000001e9aa255e12 (Mono JIT Code) UnityEngine.TestRunner.NUnitExtensions.Runner.CompositeWorkItem/<RunChildren>d__17:MoveNext () (at ./Library/PackageCache/com.unity.test-framework@40e262928427/UnityEngine.TestRunner/NUnitExtensions/Runner/CompositeWorkItem.cs:207)
0x000001e9aa247756 (Mono JIT Code) UnityEngine.TestRunner.NUnitExtensions.Runner.CompositeWorkItem/<PerformWork>d__13:MoveNext () (at ./Library/PackageCache/com.unity.test-framework@40e262928427/UnityEngine.TestRunner/NUnitExtensions/Runner/CompositeWorkItem.cs:82)
0x000001e9aa245fcc (Mono JIT Code) UnityEditor.TestTools.TestRunner.EditModeRunner:MoveNextAndUpdateYieldObject () (at ./Library/PackageCache/com.unity.test-framework@40e262928427/UnityEditor.TestRunner/TestRunner/EditModeRunner.cs:167)
0x000001e9aa245b7b (Mono JIT Code) UnityEditor.TestTools.TestRunner.EditModeRunner:TestConsumer (UnityEditor.TestTools.TestRunner.TestRunnerStateSerializer) (at ./Library/PackageCache/com.unity.test-framework@40e262928427/UnityEditor.TestRunner/TestRunner/EditModeRunner.cs:200)
0x000001e9aa23c173 (Mono JIT Code) UnityEditor.TestTools.TestRunner.TestRun.Tasks.EditModeRunTask/<Execute>d__1:MoveNext () (at ./Library/PackageCache/com.unity.test-framework@40e262928427/UnityEditor.TestRunner/TestRun/Tasks/EditModeRunTask.cs:48)
0x000001e977129d5e (Mono JIT Code) UnityEditor.TestTools.TestRunner.TestRun.TestJobRunner:ExecuteStep () (at ./Library/PackageCache/com.unity.test-framework@40e262928427/UnityEditor.TestRunner/TestRun/TestJobRunner.cs:173)
0x000001e977128953 (Mono JIT Code) UnityEditor.TestTools.TestRunner.TestRun.TestJobRunner:ExecuteCallback () (at ./Library/PackageCache/com.unity.test-framework@40e262928427/UnityEditor.TestRunner/TestRun/TestJobRunner.cs:108)
0x000001e99df821b8 (Mono JIT Code) UnityEditor.EditorApplication:Internal_CallUpdateFunctions ()
0x000001e8e6514785 (Mono JIT Code) (wrapper runtime-invoke) object:runtime_invoke_void (object,intptr,intptr,intptr)
0x00007fff3fd16e7e (mono-2.0-bdwgc) mono_jit_runtime_invoke (at C:/build/output/Unity-Technologies/mono/mono/mini/mini-runtime.c:3445)
0x00007fff3fc58874 (mono-2.0-bdwgc) do_runtime_invoke (at C:/build/output/Unity-Technologies/mono/mono/metadata/object.c:3068)
0x00007fff3fc58960 (mono-2.0-bdwgc) mono_runtime_invoke (at C:/build/output/Unity-Technologies/mono/mono/metadata/object.c:3115)
0x00007fff38e4cea4 (Unity) scripting_method_invoke
0x00007fff38e25433 (Unity) ScriptingInvocation::Invoke
0x00007fff38e20b35 (Unity) ScriptingInvocation::Invoke<void>
0x00007fff38f8b4bb (Unity) Scripting::UnityEditor::EditorApplicationProxy::Internal_CallUpdateFunctions
0x00007fff3a07e0e4 (Unity) SceneTracker::Update
0x00007fff39be1247 (Unity) Application::TickTimer
0x00007fff3a1b25ac (Unity) MainMessageLoop
0x00007fff3a1b9d1c (Unity) UnityMain
0x00007ff68b302f2a (Unity) __scrt_common_main_seh
0x00007fffddade8d7 (KERNEL32) BaseThreadInitThunk
0x00007fffde88c53c (ntdll) RtlUserThreadStart

[MouseTracker] PlayerInputHandler not found. Mouse compensation will be disabled.
0x00007fff38f222ae (Unity) StackWalker::ShowCallstack
0x00007fff38f31ee9 (Unity) PlatformStacktrace::GetStacktrace
0x00007fff3a1ac04e (Unity) Stacktrace::GetStacktrace
0x00007fff3a7859df (Unity) DebugStringToFile
0x00007fff37fd2930 (Unity) DebugLogHandler_CUSTOM_Internal_Log
0x000001e9766cbd3e (Mono JIT Code) (wrapper managed-to-native) UnityEngine.DebugLogHandler:Internal_Log_Injected (UnityEngine.LogType,UnityEngine.LogOption,UnityEngine.Bindings.ManagedSpanWrapper&,intptr)
0x000001e9766cbb43 (Mono JIT Code) UnityEngine.DebugLogHandler:Internal_Log (UnityEngine.LogType,UnityEngine.LogOption,string,UnityEngine.Object)
0x000001e9766cb7fb (Mono JIT Code) UnityEngine.DebugLogHandler:LogFormat (UnityEngine.LogType,UnityEngine.Object,string,object[])
0x000001e9766ca6ae (Mono JIT Code) UnityEngine.Logger:Log (UnityEngine.LogType,object)
0x000001e9aa2b404d (Mono JIT Code) UnityEngine.Debug:LogWarning (object)
0x000001e9aa2b33ab (Mono JIT Code) MouseTracker:Initialize (RecoilSystem) (at C:/Users/Ubuntu/Desktop/_DEV/AFFECT-2025-10-11/Assets/_SCRIPTS/_PLAYER/Recoil/MouseTracker.cs:80)
0x000001e976d36246 (Mono JIT Code) RecoilSystem:InitializeModules () (at C:/Users/Ubuntu/Desktop/_DEV/AFFECT-2025-10-11/Assets/_SCRIPTS/_PLAYER/Recoil/RecoilSystem.cs:203)
0x000001e976d33eb3 (Mono JIT Code) RecoilSystem:Initialize () (at C:/Users/Ubuntu/Desktop/_DEV/AFFECT-2025-10-11/Assets/_SCRIPTS/_PLAYER/Recoil/RecoilSystem.cs:165)
0x000001e976d333a3 (Mono JIT Code) RecoilSystem:ForceInitializeForTesting () (at C:/Users/Ubuntu/Desktop/_DEV/AFFECT-2025-10-11/Assets/_SCRIPTS/_PLAYER/Recoil/RecoilSystem.cs:632)
0x000001e976d3c213 (Mono JIT Code) RecoilSystemProperties:Property13_GracefulModuleDegradation () (at C:/Users/Ubuntu/Desktop/_DEV/AFFECT-2025-10-11/Assets/_SCRIPTS/Editor/Properties/RecoilSystemProperties.cs:269)
0x000001e9aa264548 (Mono JIT Code) (wrapper runtime-invoke) object:runtime_invoke_void__this__ (object,intptr,intptr,intptr)
0x00007fff3fd16e7e (mono-2.0-bdwgc) mono_jit_runtime_invoke (at C:/build/output/Unity-Technologies/mono/mono/mini/mini-runtime.c:3445)
0x00007fff3fc58874 (mono-2.0-bdwgc) do_runtime_invoke (at C:/build/output/Unity-Technologies/mono/mono/metadata/object.c:3068)
0x00007fff3fc5f926 (mono-2.0-bdwgc) mono_runtime_try_invoke_array (at C:/build/output/Unity-Technologies/mono/mono/metadata/object.c:5774)
0x00007fff3fb91b81 (mono-2.0-bdwgc) ves_icall_InternalInvoke (at C:/build/output/Unity-Technologies/mono/mono/metadata/icall.c:4038)
0x00007fff3fbb7e31 (mono-2.0-bdwgc) ves_icall_InternalInvoke_raw (at C:/build/output/Unity-Technologies/mono/mono/metadata/icall-def.h:692)
0x000001e8e22b0f92 (Mono JIT Code) (wrapper managed-to-native) System.Reflection.RuntimeMethodInfo:InternalInvoke (System.Reflection.RuntimeMethodInfo,object,object[],System.Exception&)
0x000001e8e3c7ea73 (Mono JIT Code) System.Reflection.RuntimeMethodInfo:Invoke (object,System.Reflection.BindingFlags,System.Reflection.Binder,object[],System.Globalization.CultureInfo)
0x000001e8db9555ef (Mono JIT Code) System.Reflection.MethodBase:Invoke (object,object[])
0x000001e9aa26e783 (Mono JIT Code) NUnit.Framework.Internal.Reflect:InvokeMethod (System.Reflection.MethodInfo,object,object[])
0x000001e9aa2760ab (Mono JIT Code) NUnit.Framework.Internal.MethodWrapper:Invoke (object,object[])
0x000001e9aa275f8a (Mono JIT Code) NUnit.Framework.Internal.Commands.TestMethodCommand:RunNonAsyncTestMethod (NUnit.Framework.Internal.ITestExecutionContext)
0x000001e9aa275dd3 (Mono JIT Code) NUnit.Framework.Internal.Commands.TestMethodCommand:RunTestMethod (NUnit.Framework.Internal.ITestExecutionContext)
0x000001e9aa275973 (Mono JIT Code) NUnit.Framework.Internal.Commands.TestMethodCommand:Execute (NUnit.Framework.Internal.ITestExecutionContext)
0x000001e9aa27556b (Mono JIT Code) UnityEngine.TestTools.UnityTestMethodCommand:Execute (NUnit.Framework.Internal.ITestExecutionContext) (at ./Library/PackageCache/com.unity.test-framework@40e262928427/UnityEngine.TestRunner/NUnitExtensions/Commands/UnityTestMethodCommand.cs:19)
0x000001e9aa2752fb (Mono JIT Code) UnityEngine.TestRunner.NUnitExtensions.Runner.UnityLogCheckDelegatingCommand/<>c__DisplayClass2_0:<Execute>b__0 () (at ./Library/PackageCache/com.unity.test-framework@40e262928427/UnityEngine.TestRunner/NUnitExtensions/Runner/UnityLogCheckDelegatingCommand.cs:24)
0x000001e9aa275123 (Mono JIT Code) UnityEngine.TestRunner.NUnitExtensions.Runner.UnityLogCheckDelegatingCommand:CaptureException (NUnit.Framework.Internal.TestResult,System.Action) (at ./Library/PackageCache/com.unity.test-framework@40e262928427/UnityEngine.TestRunner/NUnitExtensions/Runner/UnityLogCheckDelegatingCommand.cs:72)
0x000001e9aa274fb3 (Mono JIT Code) UnityEngine.TestRunner.NUnitExtensions.Runner.UnityLogCheckDelegatingCommand:ExecuteAndCheckLog (UnityEngine.TestTools.Logging.LogScope,NUnit.Framework.Internal.TestResult,System.Action) (at ./Library/PackageCache/com.unity.test-framework@40e262928427/UnityEngine.TestRunner/NUnitExtensions/Runner/UnityLogCheckDelegatingCommand.cs:83)
0x000001e9aa274c3b (Mono JIT Code) UnityEngine.TestRunner.NUnitExtensions.Runner.UnityLogCheckDelegatingCommand:Execute (NUnit.Framework.Internal.ITestExecutionContext) (at ./Library/PackageCache/com.unity.test-framework@40e262928427/UnityEngine.TestRunner/NUnitExtensions/Runner/UnityLogCheckDelegatingCommand.cs:24)
0x000001e9aa273c19 (Mono JIT Code) UnityEngine.TestRunner.NUnitExtensions.Runner.UnityLogCheckDelegatingCommand/<ExecuteEnumerable>d__3:MoveNext () (at ./Library/PackageCache/com.unity.test-framework@40e262928427/UnityEngine.TestRunner/NUnitExtensions/Runner/UnityLogCheckDelegatingCommand.cs:35)
0x000001e9aa251e01 (Mono JIT Code) UnityEngine.TestTools.BeforeAfterTestCommandBase`1/<ExecuteEnumerable>d__16<T_REF>:MoveNext () (at ./Library/PackageCache/com.unity.test-framework@40e262928427/UnityEngine.TestRunner/NUnitExtensions/Commands/BeforeAfterTestCommandBase.cs:212)
0x000001e9aa272fb6 (Mono JIT Code) UnityEngine.TestTools.ImmediateEnumerableCommand:Execute (NUnit.Framework.Internal.ITestExecutionContext) (at ./Library/PackageCache/com.unity.test-framework@40e262928427/UnityEngine.TestRunner/NUnitExtensions/Commands/ImmediateEnumerableCommand.cs:18)
0x000001e9aa251f01 (Mono JIT Code) UnityEngine.TestTools.BeforeAfterTestCommandBase`1/<ExecuteEnumerable>d__16<T_REF>:MoveNext () (at ./Library/PackageCache/com.unity.test-framework@40e262928427/UnityEngine.TestRunner/NUnitExtensions/Commands/BeforeAfterTestCommandBase.cs:219)
0x000001e9aa251e01 (Mono JIT Code) UnityEngine.TestTools.BeforeAfterTestCommandBase`1/<ExecuteEnumerable>d__16<T_REF>:MoveNext () (at ./Library/PackageCache/com.unity.test-framework@40e262928427/UnityEngine.TestRunner/NUnitExtensions/Commands/BeforeAfterTestCommandBase.cs:212)
0x000001e9aa251e01 (Mono JIT Code) UnityEngine.TestTools.BeforeAfterTestCommandBase`1/<ExecuteEnumerable>d__16<T_REF>:MoveNext () (at ./Library/PackageCache/com.unity.test-framework@40e262928427/UnityEngine.TestRunner/NUnitExtensions/Commands/BeforeAfterTestCommandBase.cs:212)
0x000001e9aa26b457 (Mono JIT Code) UnityEngine.TestTools.RetryCommand/<ExecuteEnumerable>d__2:MoveNext () (at ./Library/PackageCache/com.unity.test-framework@40e262928427/UnityEngine.TestRunner/NUnitExtensions/Commands/RetryCommand.cs:37)
0x000001e9aa269f2f (Mono JIT Code) UnityEngine.TestTools.RepeatCommand/<ExecuteEnumerable>d__2:MoveNext () (at ./Library/PackageCache/com.unity.test-framework@40e262928427/UnityEngine.TestRunner/NUnitExtensions/Commands/RepeatCommand.cs:36)
0x000001e9aa268fa6 (Mono JIT Code) UnityEngine.TestTools.IgnoreTestCommand/<ExecuteEnumerable>d__3:MoveNext () (at ./Library/PackageCache/com.unity.test-framework@40e262928427/UnityEngine.TestRunner/NUnitExtensions/Commands/IgnoreTestCommand.cs:42)
0x000001e9aa267c7f (Mono JIT Code) UnityEngine.TestTools.StrictCheckCommand/<ExecuteEnumerable>d__2:MoveNext () (at ./Library/PackageCache/com.unity.test-framework@40e262928427/UnityEngine.TestRunner/NUnitExtensions/Commands/StrictCheckCommand.cs:29)
0x000001e9aa266fe1 (Mono JIT Code) UnityEngine.TestRunner.NUnitExtensions.Runner.DefaultTestWorkItem/<PerformWork>d__2:MoveNext () (at ./Library/PackageCache/com.unity.test-framework@40e262928427/UnityEngine.TestRunner/NUnitExtensions/Runner/DefaultTestWorkItem.cs:50)
0x000001e9aa255e12 (Mono JIT Code) UnityEngine.TestRunner.NUnitExtensions.Runner.CompositeWorkItem/<RunChildren>d__17:MoveNext () (at ./Library/PackageCache/com.unity.test-framework@40e262928427/UnityEngine.TestRunner/NUnitExtensions/Runner/CompositeWorkItem.cs:207)
0x000001e9aa247756 (Mono JIT Code) UnityEngine.TestRunner.NUnitExtensions.Runner.CompositeWorkItem/<PerformWork>d__13:MoveNext () (at ./Library/PackageCache/com.unity.test-framework@40e262928427/UnityEngine.TestRunner/NUnitExtensions/Runner/CompositeWorkItem.cs:82)
0x000001e9aa255e12 (Mono JIT Code) UnityEngine.TestRunner.NUnitExtensions.Runner.CompositeWorkItem/<RunChildren>d__17:MoveNext () (at ./Library/PackageCache/com.unity.test-framework@40e262928427/UnityEngine.TestRunner/NUnitExtensions/Runner/CompositeWorkItem.cs:207)
0x000001e9aa247756 (Mono JIT Code) UnityEngine.TestRunner.NUnitExtensions.Runner.CompositeWorkItem/<PerformWork>d__13:MoveNext () (at ./Library/PackageCache/com.unity.test-framework@40e262928427/UnityEngine.TestRunner/NUnitExtensions/Runner/CompositeWorkItem.cs:82)
0x000001e9aa255e12 (Mono JIT Code) UnityEngine.TestRunner.NUnitExtensions.Runner.CompositeWorkItem/<RunChildren>d__17:MoveNext () (at ./Library/PackageCache/com.unity.test-framework@40e262928427/UnityEngine.TestRunner/NUnitExtensions/Runner/CompositeWorkItem.cs:207)
0x000001e9aa247756 (Mono JIT Code) UnityEngine.TestRunner.NUnitExtensions.Runner.CompositeWorkItem/<PerformWork>d__13:MoveNext () (at ./Library/PackageCache/com.unity.test-framework@40e262928427/UnityEngine.TestRunner/NUnitExtensions/Runner/CompositeWorkItem.cs:82)
0x000001e9aa245fcc (Mono JIT Code) UnityEditor.TestTools.TestRunner.EditModeRunner:MoveNextAndUpdateYieldObject () (at ./Library/PackageCache/com.unity.test-framework@40e262928427/UnityEditor.TestRunner/TestRunner/EditModeRunner.cs:167)
0x000001e9aa245b7b (Mono JIT Code) UnityEditor.TestTools.TestRunner.EditModeRunner:TestConsumer (UnityEditor.TestTools.TestRunner.TestRunnerStateSerializer) (at ./Library/PackageCache/com.unity.test-framework@40e262928427/UnityEditor.TestRunner/TestRunner/EditModeRunner.cs:200)
0x000001e9aa23c173 (Mono JIT Code) UnityEditor.TestTools.TestRunner.TestRun.Tasks.EditModeRunTask/<Execute>d__1:MoveNext () (at ./Library/PackageCache/com.unity.test-framework@40e262928427/UnityEditor.TestRunner/TestRun/Tasks/EditModeRunTask.cs:48)
0x000001e977129d5e (Mono JIT Code) UnityEditor.TestTools.TestRunner.TestRun.TestJobRunner:ExecuteStep () (at ./Library/PackageCache/com.unity.test-framework@40e262928427/UnityEditor.TestRunner/TestRun/TestJobRunner.cs:173)
0x000001e977128953 (Mono JIT Code) UnityEditor.TestTools.TestRunner.TestRun.TestJobRunner:ExecuteCallback () (at ./Library/PackageCache/com.unity.test-framework@40e262928427/UnityEditor.TestRunner/TestRun/TestJobRunner.cs:108)
0x000001e99df821b8 (Mono JIT Code) UnityEditor.EditorApplication:Internal_CallUpdateFunctions ()
0x000001e8e6514785 (Mono JIT Code) (wrapper runtime-invoke) object:runtime_invoke_void (object,intptr,intptr,intptr)
0x00007fff3fd16e7e (mono-2.0-bdwgc) mono_jit_runtime_invoke (at C:/build/output/Unity-Technologies/mono/mono/mini/mini-runtime.c:3445)
0x00007fff3fc58874 (mono-2.0-bdwgc) do_runtime_invoke (at C:/build/output/Unity-Technologies/mono/mono/metadata/object.c:3068)
0x00007fff3fc58960 (mono-2.0-bdwgc) mono_runtime_invoke (at C:/build/output/Unity-Technologies/mono/mono/metadata/object.c:3115)
0x00007fff38e4cea4 (Unity) scripting_method_invoke
0x00007fff38e25433 (Unity) ScriptingInvocation::Invoke
0x00007fff38e20b35 (Unity) ScriptingInvocation::Invoke<void>
0x00007fff38f8b4bb (Unity) Scripting::UnityEditor::EditorApplicationProxy::Internal_CallUpdateFunctions
0x00007fff3a07e0e4 (Unity) SceneTracker::Update
0x00007fff39be1247 (Unity) Application::TickTimer
0x00007fff3a1b25ac (Unity) MainMessageLoop
0x00007fff3a1b9d1c (Unity) UnityMain
0x00007ff68b302f2a (Unity) __scrt_common_main_seh
0x00007fffddade8d7 (KERNEL32) BaseThreadInitThunk
0x00007fffde88c53c (ntdll) RtlUserThreadStart

[MouseTracker] PlayerInputHandler not found. Mouse compensation will be disabled.
0x00007fff38f222ae (Unity) StackWalker::ShowCallstack
0x00007fff38f31ee9 (Unity) PlatformStacktrace::GetStacktrace
0x00007fff3a1ac04e (Unity) Stacktrace::GetStacktrace
0x00007fff3a7859df (Unity) DebugStringToFile
0x00007fff37fd2930 (Unity) DebugLogHandler_CUSTOM_Internal_Log
0x000001e9766cbd3e (Mono JIT Code) (wrapper managed-to-native) UnityEngine.DebugLogHandler:Internal_Log_Injected (UnityEngine.LogType,UnityEngine.LogOption,UnityEngine.Bindings.ManagedSpanWrapper&,intptr)
0x000001e9766cbb43 (Mono JIT Code) UnityEngine.DebugLogHandler:Internal_Log (UnityEngine.LogType,UnityEngine.LogOption,string,UnityEngine.Object)
0x000001e9766cb7fb (Mono JIT Code) UnityEngine.DebugLogHandler:LogFormat (UnityEngine.LogType,UnityEngine.Object,string,object[])
0x000001e9766ca6ae (Mono JIT Code) UnityEngine.Logger:Log (UnityEngine.LogType,object)
0x000001e9aa2b404d (Mono JIT Code) UnityEngine.Debug:LogWarning (object)
0x000001e9aa2b33ab (Mono JIT Code) MouseTracker:Initialize (RecoilSystem) (at C:/Users/Ubuntu/Desktop/_DEV/AFFECT-2025-10-11/Assets/_SCRIPTS/_PLAYER/Recoil/MouseTracker.cs:80)
0x000001e976d36246 (Mono JIT Code) RecoilSystem:InitializeModules () (at C:/Users/Ubuntu/Desktop/_DEV/AFFECT-2025-10-11/Assets/_SCRIPTS/_PLAYER/Recoil/RecoilSystem.cs:203)
0x000001e976d33eb3 (Mono JIT Code) RecoilSystem:Initialize () (at C:/Users/Ubuntu/Desktop/_DEV/AFFECT-2025-10-11/Assets/_SCRIPTS/_PLAYER/Recoil/RecoilSystem.cs:165)
0x000001e976d333a3 (Mono JIT Code) RecoilSystem:ForceInitializeForTesting () (at C:/Users/Ubuntu/Desktop/_DEV/AFFECT-2025-10-11/Assets/_SCRIPTS/_PLAYER/Recoil/RecoilSystem.cs:632)
0x000001e976d3c213 (Mono JIT Code) RecoilSystemProperties:Property13_GracefulModuleDegradation () (at C:/Users/Ubuntu/Desktop/_DEV/AFFECT-2025-10-11/Assets/_SCRIPTS/Editor/Properties/RecoilSystemProperties.cs:269)
0x000001e9aa264548 (Mono JIT Code) (wrapper runtime-invoke) object:runtime_invoke_void__this__ (object,intptr,intptr,intptr)
0x00007fff3fd16e7e (mono-2.0-bdwgc) mono_jit_runtime_invoke (at C:/build/output/Unity-Technologies/mono/mono/mini/mini-runtime.c:3445)
0x00007fff3fc58874 (mono-2.0-bdwgc) do_runtime_invoke (at C:/build/output/Unity-Technologies/mono/mono/metadata/object.c:3068)
0x00007fff3fc5f926 (mono-2.0-bdwgc) mono_runtime_try_invoke_array (at C:/build/output/Unity-Technologies/mono/mono/metadata/object.c:5774)
0x00007fff3fb91b81 (mono-2.0-bdwgc) ves_icall_InternalInvoke (at C:/build/output/Unity-Technologies/mono/mono/metadata/icall.c:4038)
0x00007fff3fbb7e31 (mono-2.0-bdwgc) ves_icall_InternalInvoke_raw (at C:/build/output/Unity-Technologies/mono/mono/metadata/icall-def.h:692)
0x000001e8e22b0f92 (Mono JIT Code) (wrapper managed-to-native) System.Reflection.RuntimeMethodInfo:InternalInvoke (System.Reflection.RuntimeMethodInfo,object,object[],System.Exception&)
0x000001e8e3c7ea73 (Mono JIT Code) System.Reflection.RuntimeMethodInfo:Invoke (object,System.Reflection.BindingFlags,System.Reflection.Binder,object[],System.Globalization.CultureInfo)
0x000001e8db9555ef (Mono JIT Code) System.Reflection.MethodBase:Invoke (object,object[])
0x000001e9aa26e783 (Mono JIT Code) NUnit.Framework.Internal.Reflect:InvokeMethod (System.Reflection.MethodInfo,object,object[])
0x000001e9aa2760ab (Mono JIT Code) NUnit.Framework.Internal.MethodWrapper:Invoke (object,object[])
0x000001e9aa275f8a (Mono JIT Code) NUnit.Framework.Internal.Commands.TestMethodCommand:RunNonAsyncTestMethod (NUnit.Framework.Internal.ITestExecutionContext)
0x000001e9aa275dd3 (Mono JIT Code) NUnit.Framework.Internal.Commands.TestMethodCommand:RunTestMethod (NUnit.Framework.Internal.ITestExecutionContext)
0x000001e9aa275973 (Mono JIT Code) NUnit.Framework.Internal.Commands.TestMethodCommand:Execute (NUnit.Framework.Internal.ITestExecutionContext)
0x000001e9aa27556b (Mono JIT Code) UnityEngine.TestTools.UnityTestMethodCommand:Execute (NUnit.Framework.Internal.ITestExecutionContext) (at ./Library/PackageCache/com.unity.test-framework@40e262928427/UnityEngine.TestRunner/NUnitExtensions/Commands/UnityTestMethodCommand.cs:19)
0x000001e9aa2752fb (Mono JIT Code) UnityEngine.TestRunner.NUnitExtensions.Runner.UnityLogCheckDelegatingCommand/<>c__DisplayClass2_0:<Execute>b__0 () (at ./Library/PackageCache/com.unity.test-framework@40e262928427/UnityEngine.TestRunner/NUnitExtensions/Runner/UnityLogCheckDelegatingCommand.cs:24)
0x000001e9aa275123 (Mono JIT Code) UnityEngine.TestRunner.NUnitExtensions.Runner.UnityLogCheckDelegatingCommand:CaptureException (NUnit.Framework.Internal.TestResult,System.Action) (at ./Library/PackageCache/com.unity.test-framework@40e262928427/UnityEngine.TestRunner/NUnitExtensions/Runner/UnityLogCheckDelegatingCommand.cs:72)
0x000001e9aa274fb3 (Mono JIT Code) UnityEngine.TestRunner.NUnitExtensions.Runner.UnityLogCheckDelegatingCommand:ExecuteAndCheckLog (UnityEngine.TestTools.Logging.LogScope,NUnit.Framework.Internal.TestResult,System.Action) (at ./Library/PackageCache/com.unity.test-framework@40e262928427/UnityEngine.TestRunner/NUnitExtensions/Runner/UnityLogCheckDelegatingCommand.cs:83)
0x000001e9aa274c3b (Mono JIT Code) UnityEngine.TestRunner.NUnitExtensions.Runner.UnityLogCheckDelegatingCommand:Execute (NUnit.Framework.Internal.ITestExecutionContext) (at ./Library/PackageCache/com.unity.test-framework@40e262928427/UnityEngine.TestRunner/NUnitExtensions/Runner/UnityLogCheckDelegatingCommand.cs:24)
0x000001e9aa273c19 (Mono JIT Code) UnityEngine.TestRunner.NUnitExtensions.Runner.UnityLogCheckDelegatingCommand/<ExecuteEnumerable>d__3:MoveNext () (at ./Library/PackageCache/com.unity.test-framework@40e262928427/UnityEngine.TestRunner/NUnitExtensions/Runner/UnityLogCheckDelegatingCommand.cs:35)
0x000001e9aa251e01 (Mono JIT Code) UnityEngine.TestTools.BeforeAfterTestCommandBase`1/<ExecuteEnumerable>d__16<T_REF>:MoveNext () (at ./Library/PackageCache/com.unity.test-framework@40e262928427/UnityEngine.TestRunner/NUnitExtensions/Commands/BeforeAfterTestCommandBase.cs:212)
0x000001e9aa272fb6 (Mono JIT Code) UnityEngine.TestTools.ImmediateEnumerableCommand:Execute (NUnit.Framework.Internal.ITestExecutionContext) (at ./Library/PackageCache/com.unity.test-framework@40e262928427/UnityEngine.TestRunner/NUnitExtensions/Commands/ImmediateEnumerableCommand.cs:18)
0x000001e9aa251f01 (Mono JIT Code) UnityEngine.TestTools.BeforeAfterTestCommandBase`1/<ExecuteEnumerable>d__16<T_REF>:MoveNext () (at ./Library/PackageCache/com.unity.test-framework@40e262928427/UnityEngine.TestRunner/NUnitExtensions/Commands/BeforeAfterTestCommandBase.cs:219)
0x000001e9aa251e01 (Mono JIT Code) UnityEngine.TestTools.BeforeAfterTestCommandBase`1/<ExecuteEnumerable>d__16<T_REF>:MoveNext () (at ./Library/PackageCache/com.unity.test-framework@40e262928427/UnityEngine.TestRunner/NUnitExtensions/Commands/BeforeAfterTestCommandBase.cs:212)
0x000001e9aa251e01 (Mono JIT Code) UnityEngine.TestTools.BeforeAfterTestCommandBase`1/<ExecuteEnumerable>d__16<T_REF>:MoveNext () (at ./Library/PackageCache/com.unity.test-framework@40e262928427/UnityEngine.TestRunner/NUnitExtensions/Commands/BeforeAfterTestCommandBase.cs:212)
0x000001e9aa26b457 (Mono JIT Code) UnityEngine.TestTools.RetryCommand/<ExecuteEnumerable>d__2:MoveNext () (at ./Library/PackageCache/com.unity.test-framework@40e262928427/UnityEngine.TestRunner/NUnitExtensions/Commands/RetryCommand.cs:37)
0x000001e9aa269f2f (Mono JIT Code) UnityEngine.TestTools.RepeatCommand/<ExecuteEnumerable>d__2:MoveNext () (at ./Library/PackageCache/com.unity.test-framework@40e262928427/UnityEngine.TestRunner/NUnitExtensions/Commands/RepeatCommand.cs:36)
0x000001e9aa268fa6 (Mono JIT Code) UnityEngine.TestTools.IgnoreTestCommand/<ExecuteEnumerable>d__3:MoveNext () (at ./Library/PackageCache/com.unity.test-framework@40e262928427/UnityEngine.TestRunner/NUnitExtensions/Commands/IgnoreTestCommand.cs:42)
0x000001e9aa267c7f (Mono JIT Code) UnityEngine.TestTools.StrictCheckCommand/<ExecuteEnumerable>d__2:MoveNext () (at ./Library/PackageCache/com.unity.test-framework@40e262928427/UnityEngine.TestRunner/NUnitExtensions/Commands/StrictCheckCommand.cs:29)
0x000001e9aa266fe1 (Mono JIT Code) UnityEngine.TestRunner.NUnitExtensions.Runner.DefaultTestWorkItem/<PerformWork>d__2:MoveNext () (at ./Library/PackageCache/com.unity.test-framework@40e262928427/UnityEngine.TestRunner/NUnitExtensions/Runner/DefaultTestWorkItem.cs:50)
0x000001e9aa255e12 (Mono JIT Code) UnityEngine.TestRunner.NUnitExtensions.Runner.CompositeWorkItem/<RunChildren>d__17:MoveNext () (at ./Library/PackageCache/com.unity.test-framework@40e262928427/UnityEngine.TestRunner/NUnitExtensions/Runner/CompositeWorkItem.cs:207)
0x000001e9aa247756 (Mono JIT Code) UnityEngine.TestRunner.NUnitExtensions.Runner.CompositeWorkItem/<PerformWork>d__13:MoveNext () (at ./Library/PackageCache/com.unity.test-framework@40e262928427/UnityEngine.TestRunner/NUnitExtensions/Runner/CompositeWorkItem.cs:82)
0x000001e9aa255e12 (Mono JIT Code) UnityEngine.TestRunner.NUnitExtensions.Runner.CompositeWorkItem/<RunChildren>d__17:MoveNext () (at ./Library/PackageCache/com.unity.test-framework@40e262928427/UnityEngine.TestRunner/NUnitExtensions/Runner/CompositeWorkItem.cs:207)
0x000001e9aa247756 (Mono JIT Code) UnityEngine.TestRunner.NUnitExtensions.Runner.CompositeWorkItem/<PerformWork>d__13:MoveNext () (at ./Library/PackageCache/com.unity.test-framework@40e262928427/UnityEngine.TestRunner/NUnitExtensions/Runner/CompositeWorkItem.cs:82)
0x000001e9aa255e12 (Mono JIT Code) UnityEngine.TestRunner.NUnitExtensions.Runner.CompositeWorkItem/<RunChildren>d__17:MoveNext () (at ./Library/PackageCache/com.unity.test-framework@40e262928427/UnityEngine.TestRunner/NUnitExtensions/Runner/CompositeWorkItem.cs:207)
0x000001e9aa247756 (Mono JIT Code) UnityEngine.TestRunner.NUnitExtensions.Runner.CompositeWorkItem/<PerformWork>d__13:MoveNext () (at ./Library/PackageCache/com.unity.test-framework@40e262928427/UnityEngine.TestRunner/NUnitExtensions/Runner/CompositeWorkItem.cs:82)
0x000001e9aa245fcc (Mono JIT Code) UnityEditor.TestTools.TestRunner.EditModeRunner:MoveNextAndUpdateYieldObject () (at ./Library/PackageCache/com.unity.test-framework@40e262928427/UnityEditor.TestRunner/TestRunner/EditModeRunner.cs:167)
0x000001e9aa245b7b (Mono JIT Code) UnityEditor.TestTools.TestRunner.EditModeRunner:TestConsumer (UnityEditor.TestTools.TestRunner.TestRunnerStateSerializer) (at ./Library/PackageCache/com.unity.test-framework@40e262928427/UnityEditor.TestRunner/TestRunner/EditModeRunner.cs:200)
0x000001e9aa23c173 (Mono JIT Code) UnityEditor.TestTools.TestRunner.TestRun.Tasks.EditModeRunTask/<Execute>d__1:MoveNext () (at ./Library/PackageCache/com.unity.test-framework@40e262928427/UnityEditor.TestRunner/TestRun/Tasks/EditModeRunTask.cs:48)
0x000001e977129d5e (Mono JIT Code) UnityEditor.TestTools.TestRunner.TestRun.TestJobRunner:ExecuteStep () (at ./Library/PackageCache/com.unity.test-framework@40e262928427/UnityEditor.TestRunner/TestRun/TestJobRunner.cs:173)
0x000001e977128953 (Mono JIT Code) UnityEditor.TestTools.TestRunner.TestRun.TestJobRunner:ExecuteCallback () (at ./Library/PackageCache/com.unity.test-framework@40e262928427/UnityEditor.TestRunner/TestRun/TestJobRunner.cs:108)
0x000001e99df821b8 (Mono JIT Code) UnityEditor.EditorApplication:Internal_CallUpdateFunctions ()
0x000001e8e6514785 (Mono JIT Code) (wrapper runtime-invoke) object:runtime_invoke_void (object,intptr,intptr,intptr)
0x00007fff3fd16e7e (mono-2.0-bdwgc) mono_jit_runtime_invoke (at C:/build/output/Unity-Technologies/mono/mono/mini/mini-runtime.c:3445)
0x00007fff3fc58874 (mono-2.0-bdwgc) do_runtime_invoke (at C:/build/output/Unity-Technologies/mono/mono/metadata/object.c:3068)
0x00007fff3fc58960 (mono-2.0-bdwgc) mono_runtime_invoke (at C:/build/output/Unity-Technologies/mono/mono/metadata/object.c:3115)
0x00007fff38e4cea4 (Unity) scripting_method_invoke
0x00007fff38e25433 (Unity) ScriptingInvocation::Invoke
0x00007fff38e20b35 (Unity) ScriptingInvocation::Invoke<void>
0x00007fff38f8b4bb (Unity) Scripting::UnityEditor::EditorApplicationProxy::Internal_CallUpdateFunctions
0x00007fff3a07e0e4 (Unity) SceneTracker::Update
0x00007fff39be1247 (Unity) Application::TickTimer
0x00007fff3a1b25ac (Unity) MainMessageLoop
0x00007fff3a1b9d1c (Unity) UnityMain
0x00007ff68b302f2a (Unity) __scrt_common_main_seh
0x00007fffddade8d7 (KERNEL32) BaseThreadInitThunk
0x00007fffde88c53c (ntdll) RtlUserThreadStart

[MouseTracker] PlayerInputHandler not found. Mouse compensation will be disabled.
0x00007fff38f222ae (Unity) StackWalker::ShowCallstack
0x00007fff38f31ee9 (Unity) PlatformStacktrace::GetStacktrace
0x00007fff3a1ac04e (Unity) Stacktrace::GetStacktrace
0x00007fff3a7859df (Unity) DebugStringToFile
0x00007fff37fd2930 (Unity) DebugLogHandler_CUSTOM_Internal_Log
0x000001e9766cbd3e (Mono JIT Code) (wrapper managed-to-native) UnityEngine.DebugLogHandler:Internal_Log_Injected (UnityEngine.LogType,UnityEngine.LogOption,UnityEngine.Bindings.ManagedSpanWrapper&,intptr)
0x000001e9766cbb43 (Mono JIT Code) UnityEngine.DebugLogHandler:Internal_Log (UnityEngine.LogType,UnityEngine.LogOption,string,UnityEngine.Object)
0x000001e9766cb7fb (Mono JIT Code) UnityEngine.DebugLogHandler:LogFormat (UnityEngine.LogType,UnityEngine.Object,string,object[])
0x000001e9766ca6ae (Mono JIT Code) UnityEngine.Logger:Log (UnityEngine.LogType,object)
0x000001e9aa2b404d (Mono JIT Code) UnityEngine.Debug:LogWarning (object)
0x000001e9aa2b33ab (Mono JIT Code) MouseTracker:Initialize (RecoilSystem) (at C:/Users/Ubuntu/Desktop/_DEV/AFFECT-2025-10-11/Assets/_SCRIPTS/_PLAYER/Recoil/MouseTracker.cs:80)
0x000001e976d36246 (Mono JIT Code) RecoilSystem:InitializeModules () (at C:/Users/Ubuntu/Desktop/_DEV/AFFECT-2025-10-11/Assets/_SCRIPTS/_PLAYER/Recoil/RecoilSystem.cs:203)
0x000001e976d33eb3 (Mono JIT Code) RecoilSystem:Initialize () (at C:/Users/Ubuntu/Desktop/_DEV/AFFECT-2025-10-11/Assets/_SCRIPTS/_PLAYER/Recoil/RecoilSystem.cs:165)
0x000001e976d333a3 (Mono JIT Code) RecoilSystem:ForceInitializeForTesting () (at C:/Users/Ubuntu/Desktop/_DEV/AFFECT-2025-10-11/Assets/_SCRIPTS/_PLAYER/Recoil/RecoilSystem.cs:632)
0x000001e976d3c213 (Mono JIT Code) RecoilSystemProperties:Property13_GracefulModuleDegradation () (at C:/Users/Ubuntu/Desktop/_DEV/AFFECT-2025-10-11/Assets/_SCRIPTS/Editor/Properties/RecoilSystemProperties.cs:269)
0x000001e9aa264548 (Mono JIT Code) (wrapper runtime-invoke) object:runtime_invoke_void__this__ (object,intptr,intptr,intptr)
0x00007fff3fd16e7e (mono-2.0-bdwgc) mono_jit_runtime_invoke (at C:/build/output/Unity-Technologies/mono/mono/mini/mini-runtime.c:3445)
0x00007fff3fc58874 (mono-2.0-bdwgc) do_runtime_invoke (at C:/build/output/Unity-Technologies/mono/mono/metadata/object.c:3068)
0x00007fff3fc5f926 (mono-2.0-bdwgc) mono_runtime_try_invoke_array (at C:/build/output/Unity-Technologies/mono/mono/metadata/object.c:5774)
0x00007fff3fb91b81 (mono-2.0-bdwgc) ves_icall_InternalInvoke (at C:/build/output/Unity-Technologies/mono/mono/metadata/icall.c:4038)
0x00007fff3fbb7e31 (mono-2.0-bdwgc) ves_icall_InternalInvoke_raw (at C:/build/output/Unity-Technologies/mono/mono/metadata/icall-def.h:692)
0x000001e8e22b0f92 (Mono JIT Code) (wrapper managed-to-native) System.Reflection.RuntimeMethodInfo:InternalInvoke (System.Reflection.RuntimeMethodInfo,object,object[],System.Exception&)
0x000001e8e3c7ea73 (Mono JIT Code) System.Reflection.RuntimeMethodInfo:Invoke (object,System.Reflection.BindingFlags,System.Reflection.Binder,object[],System.Globalization.CultureInfo)
0x000001e8db9555ef (Mono JIT Code) System.Reflection.MethodBase:Invoke (object,object[])
0x000001e9aa26e783 (Mono JIT Code) NUnit.Framework.Internal.Reflect:InvokeMethod (System.Reflection.MethodInfo,object,object[])
0x000001e9aa2760ab (Mono JIT Code) NUnit.Framework.Internal.MethodWrapper:Invoke (object,object[])
0x000001e9aa275f8a (Mono JIT Code) NUnit.Framework.Internal.Commands.TestMethodCommand:RunNonAsyncTestMethod (NUnit.Framework.Internal.ITestExecutionContext)
0x000001e9aa275dd3 (Mono JIT Code) NUnit.Framework.Internal.Commands.TestMethodCommand:RunTestMethod (NUnit.Framework.Internal.ITestExecutionContext)
0x000001e9aa275973 (Mono JIT Code) NUnit.Framework.Internal.Commands.TestMethodCommand:Execute (NUnit.Framework.Internal.ITestExecutionContext)
0x000001e9aa27556b (Mono JIT Code) UnityEngine.TestTools.UnityTestMethodCommand:Execute (NUnit.Framework.Internal.ITestExecutionContext) (at ./Library/PackageCache/com.unity.test-framework@40e262928427/UnityEngine.TestRunner/NUnitExtensions/Commands/UnityTestMethodCommand.cs:19)
0x000001e9aa2752fb (Mono JIT Code) UnityEngine.TestRunner.NUnitExtensions.Runner.UnityLogCheckDelegatingCommand/<>c__DisplayClass2_0:<Execute>b__0 () (at ./Library/PackageCache/com.unity.test-framework@40e262928427/UnityEngine.TestRunner/NUnitExtensions/Runner/UnityLogCheckDelegatingCommand.cs:24)
0x000001e9aa275123 (Mono JIT Code) UnityEngine.TestRunner.NUnitExtensions.Runner.UnityLogCheckDelegatingCommand:CaptureException (NUnit.Framework.Internal.TestResult,System.Action) (at ./Library/PackageCache/com.unity.test-framework@40e262928427/UnityEngine.TestRunner/NUnitExtensions/Runner/UnityLogCheckDelegatingCommand.cs:72)
0x000001e9aa274fb3 (Mono JIT Code) UnityEngine.TestRunner.NUnitExtensions.Runner.UnityLogCheckDelegatingCommand:ExecuteAndCheckLog (UnityEngine.TestTools.Logging.LogScope,NUnit.Framework.Internal.TestResult,System.Action) (at ./Library/PackageCache/com.unity.test-framework@40e262928427/UnityEngine.TestRunner/NUnitExtensions/Runner/UnityLogCheckDelegatingCommand.cs:83)
0x000001e9aa274c3b (Mono JIT Code) UnityEngine.TestRunner.NUnitExtensions.Runner.UnityLogCheckDelegatingCommand:Execute (NUnit.Framework.Internal.ITestExecutionContext) (at ./Library/PackageCache/com.unity.test-framework@40e262928427/UnityEngine.TestRunner/NUnitExtensions/Runner/UnityLogCheckDelegatingCommand.cs:24)
0x000001e9aa273c19 (Mono JIT Code) UnityEngine.TestRunner.NUnitExtensions.Runner.UnityLogCheckDelegatingCommand/<ExecuteEnumerable>d__3:MoveNext () (at ./Library/PackageCache/com.unity.test-framework@40e262928427/UnityEngine.TestRunner/NUnitExtensions/Runner/UnityLogCheckDelegatingCommand.cs:35)
0x000001e9aa251e01 (Mono JIT Code) UnityEngine.TestTools.BeforeAfterTestCommandBase`1/<ExecuteEnumerable>d__16<T_REF>:MoveNext () (at ./Library/PackageCache/com.unity.test-framework@40e262928427/UnityEngine.TestRunner/NUnitExtensions/Commands/BeforeAfterTestCommandBase.cs:212)
0x000001e9aa272fb6 (Mono JIT Code) UnityEngine.TestTools.ImmediateEnumerableCommand:Execute (NUnit.Framework.Internal.ITestExecutionContext) (at ./Library/PackageCache/com.unity.test-framework@40e262928427/UnityEngine.TestRunner/NUnitExtensions/Commands/ImmediateEnumerableCommand.cs:18)
0x000001e9aa251f01 (Mono JIT Code) UnityEngine.TestTools.BeforeAfterTestCommandBase`1/<ExecuteEnumerable>d__16<T_REF>:MoveNext () (at ./Library/PackageCache/com.unity.test-framework@40e262928427/UnityEngine.TestRunner/NUnitExtensions/Commands/BeforeAfterTestCommandBase.cs:219)
0x000001e9aa251e01 (Mono JIT Code) UnityEngine.TestTools.BeforeAfterTestCommandBase`1/<ExecuteEnumerable>d__16<T_REF>:MoveNext () (at ./Library/PackageCache/com.unity.test-framework@40e262928427/UnityEngine.TestRunner/NUnitExtensions/Commands/BeforeAfterTestCommandBase.cs:212)
0x000001e9aa251e01 (Mono JIT Code) UnityEngine.TestTools.BeforeAfterTestCommandBase`1/<ExecuteEnumerable>d__16<T_REF>:MoveNext () (at ./Library/PackageCache/com.unity.test-framework@40e262928427/UnityEngine.TestRunner/NUnitExtensions/Commands/BeforeAfterTestCommandBase.cs:212)
0x000001e9aa26b457 (Mono JIT Code) UnityEngine.TestTools.RetryCommand/<ExecuteEnumerable>d__2:MoveNext () (at ./Library/PackageCache/com.unity.test-framework@40e262928427/UnityEngine.TestRunner/NUnitExtensions/Commands/RetryCommand.cs:37)
0x000001e9aa269f2f (Mono JIT Code) UnityEngine.TestTools.RepeatCommand/<ExecuteEnumerable>d__2:MoveNext () (at ./Library/PackageCache/com.unity.test-framework@40e262928427/UnityEngine.TestRunner/NUnitExtensions/Commands/RepeatCommand.cs:36)
0x000001e9aa268fa6 (Mono JIT Code) UnityEngine.TestTools.IgnoreTestCommand/<ExecuteEnumerable>d__3:MoveNext () (at ./Library/PackageCache/com.unity.test-framework@40e262928427/UnityEngine.TestRunner/NUnitExtensions/Commands/IgnoreTestCommand.cs:42)
0x000001e9aa267c7f (Mono JIT Code) UnityEngine.TestTools.StrictCheckCommand/<ExecuteEnumerable>d__2:MoveNext () (at ./Library/PackageCache/com.unity.test-framework@40e262928427/UnityEngine.TestRunner/NUnitExtensions/Commands/StrictCheckCommand.cs:29)
0x000001e9aa266fe1 (Mono JIT Code) UnityEngine.TestRunner.NUnitExtensions.Runner.DefaultTestWorkItem/<PerformWork>d__2:MoveNext () (at ./Library/PackageCache/com.unity.test-framework@40e262928427/UnityEngine.TestRunner/NUnitExtensions/Runner/DefaultTestWorkItem.cs:50)
0x000001e9aa255e12 (Mono JIT Code) UnityEngine.TestRunner.NUnitExtensions.Runner.CompositeWorkItem/<RunChildren>d__17:MoveNext () (at ./Library/PackageCache/com.unity.test-framework@40e262928427/UnityEngine.TestRunner/NUnitExtensions/Runner/CompositeWorkItem.cs:207)
0x000001e9aa247756 (Mono JIT Code) UnityEngine.TestRunner.NUnitExtensions.Runner.CompositeWorkItem/<PerformWork>d__13:MoveNext () (at ./Library/PackageCache/com.unity.test-framework@40e262928427/UnityEngine.TestRunner/NUnitExtensions/Runner/CompositeWorkItem.cs:82)
0x000001e9aa255e12 (Mono JIT Code) UnityEngine.TestRunner.NUnitExtensions.Runner.CompositeWorkItem/<RunChildren>d__17:MoveNext () (at ./Library/PackageCache/com.unity.test-framework@40e262928427/UnityEngine.TestRunner/NUnitExtensions/Runner/CompositeWorkItem.cs:207)
0x000001e9aa247756 (Mono JIT Code) UnityEngine.TestRunner.NUnitExtensions.Runner.CompositeWorkItem/<PerformWork>d__13:MoveNext () (at ./Library/PackageCache/com.unity.test-framework@40e262928427/UnityEngine.TestRunner/NUnitExtensions/Runner/CompositeWorkItem.cs:82)
0x000001e9aa255e12 (Mono JIT Code) UnityEngine.TestRunner.NUnitExtensions.Runner.CompositeWorkItem/<RunChildren>d__17:MoveNext () (at ./Library/PackageCache/com.unity.test-framework@40e262928427/UnityEngine.TestRunner/NUnitExtensions/Runner/CompositeWorkItem.cs:207)
0x000001e9aa247756 (Mono JIT Code) UnityEngine.TestRunner.NUnitExtensions.Runner.CompositeWorkItem/<PerformWork>d__13:MoveNext () (at ./Library/PackageCache/com.unity.test-framework@40e262928427/UnityEngine.TestRunner/NUnitExtensions/Runner/CompositeWorkItem.cs:82)
0x000001e9aa245fcc (Mono JIT Code) UnityEditor.TestTools.TestRunner.EditModeRunner:MoveNextAndUpdateYieldObject () (at ./Library/PackageCache/com.unity.test-framework@40e262928427/UnityEditor.TestRunner/TestRunner/EditModeRunner.cs:167)
0x000001e9aa245b7b (Mono JIT Code) UnityEditor.TestTools.TestRunner.EditModeRunner:TestConsumer (UnityEditor.TestTools.TestRunner.TestRunnerStateSerializer) (at ./Library/PackageCache/com.unity.test-framework@40e262928427/UnityEditor.TestRunner/TestRunner/EditModeRunner.cs:200)
0x000001e9aa23c173 (Mono JIT Code) UnityEditor.TestTools.TestRunner.TestRun.Tasks.EditModeRunTask/<Execute>d__1:MoveNext () (at ./Library/PackageCache/com.unity.test-framework@40e262928427/UnityEditor.TestRunner/TestRun/Tasks/EditModeRunTask.cs:48)
0x000001e977129d5e (Mono JIT Code) UnityEditor.TestTools.TestRunner.TestRun.TestJobRunner:ExecuteStep () (at ./Library/PackageCache/com.unity.test-framework@40e262928427/UnityEditor.TestRunner/TestRun/TestJobRunner.cs:173)
0x000001e977128953 (Mono JIT Code) UnityEditor.TestTools.TestRunner.TestRun.TestJobRunner:ExecuteCallback () (at ./Library/PackageCache/com.unity.test-framework@40e262928427/UnityEditor.TestRunner/TestRun/TestJobRunner.cs:108)
0x000001e99df821b8 (Mono JIT Code) UnityEditor.EditorApplication:Internal_CallUpdateFunctions ()
0x000001e8e6514785 (Mono JIT Code) (wrapper runtime-invoke) object:runtime_invoke_void (object,intptr,intptr,intptr)
0x00007fff3fd16e7e (mono-2.0-bdwgc) mono_jit_runtime_invoke (at C:/build/output/Unity-Technologies/mono/mono/mini/mini-runtime.c:3445)
0x00007fff3fc58874 (mono-2.0-bdwgc) do_runtime_invoke (at C:/build/output/Unity-Technologies/mono/mono/metadata/object.c:3068)
0x00007fff3fc58960 (mono-2.0-bdwgc) mono_runtime_invoke (at C:/build/output/Unity-Technologies/mono/mono/metadata/object.c:3115)
0x00007fff38e4cea4 (Unity) scripting_method_invoke
0x00007fff38e25433 (Unity) ScriptingInvocation::Invoke
0x00007fff38e20b35 (Unity) ScriptingInvocation::Invoke<void>
0x00007fff38f8b4bb (Unity) Scripting::UnityEditor::EditorApplicationProxy::Internal_CallUpdateFunctions
0x00007fff3a07e0e4 (Unity) SceneTracker::Update
0x00007fff39be1247 (Unity) Application::TickTimer
0x00007fff3a1b25ac (Unity) MainMessageLoop
0x00007fff3a1b9d1c (Unity) UnityMain
0x00007ff68b302f2a (Unity) __scrt_common_main_seh
0x00007fffddade8d7 (KERNEL32) BaseThreadInitThunk
0x00007fffde88c53c (ntdll) RtlUserThreadStart

[MouseTracker] PlayerInputHandler not found. Mouse compensation will be disabled.
0x00007fff38f222ae (Unity) StackWalker::ShowCallstack
0x00007fff38f31ee9 (Unity) PlatformStacktrace::GetStacktrace
0x00007fff3a1ac04e (Unity) Stacktrace::GetStacktrace
0x00007fff3a7859df (Unity) DebugStringToFile
0x00007fff37fd2930 (Unity) DebugLogHandler_CUSTOM_Internal_Log
0x000001e9766cbd3e (Mono JIT Code) (wrapper managed-to-native) UnityEngine.DebugLogHandler:Internal_Log_Injected (UnityEngine.LogType,UnityEngine.LogOption,UnityEngine.Bindings.ManagedSpanWrapper&,intptr)
0x000001e9766cbb43 (Mono JIT Code) UnityEngine.DebugLogHandler:Internal_Log (UnityEngine.LogType,UnityEngine.LogOption,string,UnityEngine.Object)
0x000001e9766cb7fb (Mono JIT Code) UnityEngine.DebugLogHandler:LogFormat (UnityEngine.LogType,UnityEngine.Object,string,object[])
0x000001e9766ca6ae (Mono JIT Code) UnityEngine.Logger:Log (UnityEngine.LogType,object)
0x000001e9aa2b404d (Mono JIT Code) UnityEngine.Debug:LogWarning (object)
0x000001e9aa2b33ab (Mono JIT Code) MouseTracker:Initialize (RecoilSystem) (at C:/Users/Ubuntu/Desktop/_DEV/AFFECT-2025-10-11/Assets/_SCRIPTS/_PLAYER/Recoil/MouseTracker.cs:80)
0x000001e976d36246 (Mono JIT Code) RecoilSystem:InitializeModules () (at C:/Users/Ubuntu/Desktop/_DEV/AFFECT-2025-10-11/Assets/_SCRIPTS/_PLAYER/Recoil/RecoilSystem.cs:203)
0x000001e976d33eb3 (Mono JIT Code) RecoilSystem:Initialize () (at C:/Users/Ubuntu/Desktop/_DEV/AFFECT-2025-10-11/Assets/_SCRIPTS/_PLAYER/Recoil/RecoilSystem.cs:165)
0x000001e976d333a3 (Mono JIT Code) RecoilSystem:ForceInitializeForTesting () (at C:/Users/Ubuntu/Desktop/_DEV/AFFECT-2025-10-11/Assets/_SCRIPTS/_PLAYER/Recoil/RecoilSystem.cs:632)
0x000001e976d3c213 (Mono JIT Code) RecoilSystemProperties:Property13_GracefulModuleDegradation () (at C:/Users/Ubuntu/Desktop/_DEV/AFFECT-2025-10-11/Assets/_SCRIPTS/Editor/Properties/RecoilSystemProperties.cs:269)
0x000001e9aa264548 (Mono JIT Code) (wrapper runtime-invoke) object:runtime_invoke_void__this__ (object,intptr,intptr,intptr)
0x00007fff3fd16e7e (mono-2.0-bdwgc) mono_jit_runtime_invoke (at C:/build/output/Unity-Technologies/mono/mono/mini/mini-runtime.c:3445)
0x00007fff3fc58874 (mono-2.0-bdwgc) do_runtime_invoke (at C:/build/output/Unity-Technologies/mono/mono/metadata/object.c:3068)
0x00007fff3fc5f926 (mono-2.0-bdwgc) mono_runtime_try_invoke_array (at C:/build/output/Unity-Technologies/mono/mono/metadata/object.c:5774)
0x00007fff3fb91b81 (mono-2.0-bdwgc) ves_icall_InternalInvoke (at C:/build/output/Unity-Technologies/mono/mono/metadata/icall.c:4038)
0x00007fff3fbb7e31 (mono-2.0-bdwgc) ves_icall_InternalInvoke_raw (at C:/build/output/Unity-Technologies/mono/mono/metadata/icall-def.h:692)
0x000001e8e22b0f92 (Mono JIT Code) (wrapper managed-to-native) System.Reflection.RuntimeMethodInfo:InternalInvoke (System.Reflection.RuntimeMethodInfo,object,object[],System.Exception&)
0x000001e8e3c7ea73 (Mono JIT Code) System.Reflection.RuntimeMethodInfo:Invoke (object,System.Reflection.BindingFlags,System.Reflection.Binder,object[],System.Globalization.CultureInfo)
0x000001e8db9555ef (Mono JIT Code) System.Reflection.MethodBase:Invoke (object,object[])
0x000001e9aa26e783 (Mono JIT Code) NUnit.Framework.Internal.Reflect:InvokeMethod (System.Reflection.MethodInfo,object,object[])
0x000001e9aa2760ab (Mono JIT Code) NUnit.Framework.Internal.MethodWrapper:Invoke (object,object[])
0x000001e9aa275f8a (Mono JIT Code) NUnit.Framework.Internal.Commands.TestMethodCommand:RunNonAsyncTestMethod (NUnit.Framework.Internal.ITestExecutionContext)
0x000001e9aa275dd3 (Mono JIT Code) NUnit.Framework.Internal.Commands.TestMethodCommand:RunTestMethod (NUnit.Framework.Internal.ITestExecutionContext)
0x000001e9aa275973 (Mono JIT Code) NUnit.Framework.Internal.Commands.TestMethodCommand:Execute (NUnit.Framework.Internal.ITestExecutionContext)
0x000001e9aa27556b (Mono JIT Code) UnityEngine.TestTools.UnityTestMethodCommand:Execute (NUnit.Framework.Internal.ITestExecutionContext) (at ./Library/PackageCache/com.unity.test-framework@40e262928427/UnityEngine.TestRunner/NUnitExtensions/Commands/UnityTestMethodCommand.cs:19)
0x000001e9aa2752fb (Mono JIT Code) UnityEngine.TestRunner.NUnitExtensions.Runner.UnityLogCheckDelegatingCommand/<>c__DisplayClass2_0:<Execute>b__0 () (at ./Library/PackageCache/com.unity.test-framework@40e262928427/UnityEngine.TestRunner/NUnitExtensions/Runner/UnityLogCheckDelegatingCommand.cs:24)
0x000001e9aa275123 (Mono JIT Code) UnityEngine.TestRunner.NUnitExtensions.Runner.UnityLogCheckDelegatingCommand:CaptureException (NUnit.Framework.Internal.TestResult,System.Action) (at ./Library/PackageCache/com.unity.test-framework@40e262928427/UnityEngine.TestRunner/NUnitExtensions/Runner/UnityLogCheckDelegatingCommand.cs:72)
0x000001e9aa274fb3 (Mono JIT Code) UnityEngine.TestRunner.NUnitExtensions.Runner.UnityLogCheckDelegatingCommand:ExecuteAndCheckLog (UnityEngine.TestTools.Logging.LogScope,NUnit.Framework.Internal.TestResult,System.Action) (at ./Library/PackageCache/com.unity.test-framework@40e262928427/UnityEngine.TestRunner/NUnitExtensions/Runner/UnityLogCheckDelegatingCommand.cs:83)
0x000001e9aa274c3b (Mono JIT Code) UnityEngine.TestRunner.NUnitExtensions.Runner.UnityLogCheckDelegatingCommand:Execute (NUnit.Framework.Internal.ITestExecutionContext) (at ./Library/PackageCache/com.unity.test-framework@40e262928427/UnityEngine.TestRunner/NUnitExtensions/Runner/UnityLogCheckDelegatingCommand.cs:24)
0x000001e9aa273c19 (Mono JIT Code) UnityEngine.TestRunner.NUnitExtensions.Runner.UnityLogCheckDelegatingCommand/<ExecuteEnumerable>d__3:MoveNext () (at ./Library/PackageCache/com.unity.test-framework@40e262928427/UnityEngine.TestRunner/NUnitExtensions/Runner/UnityLogCheckDelegatingCommand.cs:35)
0x000001e9aa251e01 (Mono JIT Code) UnityEngine.TestTools.BeforeAfterTestCommandBase`1/<ExecuteEnumerable>d__16<T_REF>:MoveNext () (at ./Library/PackageCache/com.unity.test-framework@40e262928427/UnityEngine.TestRunner/NUnitExtensions/Commands/BeforeAfterTestCommandBase.cs:212)
0x000001e9aa272fb6 (Mono JIT Code) UnityEngine.TestTools.ImmediateEnumerableCommand:Execute (NUnit.Framework.Internal.ITestExecutionContext) (at ./Library/PackageCache/com.unity.test-framework@40e262928427/UnityEngine.TestRunner/NUnitExtensions/Commands/ImmediateEnumerableCommand.cs:18)
0x000001e9aa251f01 (Mono JIT Code) UnityEngine.TestTools.BeforeAfterTestCommandBase`1/<ExecuteEnumerable>d__16<T_REF>:MoveNext () (at ./Library/PackageCache/com.unity.test-framework@40e262928427/UnityEngine.TestRunner/NUnitExtensions/Commands/BeforeAfterTestCommandBase.cs:219)
0x000001e9aa251e01 (Mono JIT Code) UnityEngine.TestTools.BeforeAfterTestCommandBase`1/<ExecuteEnumerable>d__16<T_REF>:MoveNext () (at ./Library/PackageCache/com.unity.test-framework@40e262928427/UnityEngine.TestRunner/NUnitExtensions/Commands/BeforeAfterTestCommandBase.cs:212)
0x000001e9aa251e01 (Mono JIT Code) UnityEngine.TestTools.BeforeAfterTestCommandBase`1/<ExecuteEnumerable>d__16<T_REF>:MoveNext () (at ./Library/PackageCache/com.unity.test-framework@40e262928427/UnityEngine.TestRunner/NUnitExtensions/Commands/BeforeAfterTestCommandBase.cs:212)
0x000001e9aa26b457 (Mono JIT Code) UnityEngine.TestTools.RetryCommand/<ExecuteEnumerable>d__2:MoveNext () (at ./Library/PackageCache/com.unity.test-framework@40e262928427/UnityEngine.TestRunner/NUnitExtensions/Commands/RetryCommand.cs:37)
0x000001e9aa269f2f (Mono JIT Code) UnityEngine.TestTools.RepeatCommand/<ExecuteEnumerable>d__2:MoveNext () (at ./Library/PackageCache/com.unity.test-framework@40e262928427/UnityEngine.TestRunner/NUnitExtensions/Commands/RepeatCommand.cs:36)
0x000001e9aa268fa6 (Mono JIT Code) UnityEngine.TestTools.IgnoreTestCommand/<ExecuteEnumerable>d__3:MoveNext () (at ./Library/PackageCache/com.unity.test-framework@40e262928427/UnityEngine.TestRunner/NUnitExtensions/Commands/IgnoreTestCommand.cs:42)
0x000001e9aa267c7f (Mono JIT Code) UnityEngine.TestTools.StrictCheckCommand/<ExecuteEnumerable>d__2:MoveNext () (at ./Library/PackageCache/com.unity.test-framework@40e262928427/UnityEngine.TestRunner/NUnitExtensions/Commands/StrictCheckCommand.cs:29)
0x000001e9aa266fe1 (Mono JIT Code) UnityEngine.TestRunner.NUnitExtensions.Runner.DefaultTestWorkItem/<PerformWork>d__2:MoveNext () (at ./Library/PackageCache/com.unity.test-framework@40e262928427/UnityEngine.TestRunner/NUnitExtensions/Runner/DefaultTestWorkItem.cs:50)
0x000001e9aa255e12 (Mono JIT Code) UnityEngine.TestRunner.NUnitExtensions.Runner.CompositeWorkItem/<RunChildren>d__17:MoveNext () (at ./Library/PackageCache/com.unity.test-framework@40e262928427/UnityEngine.TestRunner/NUnitExtensions/Runner/CompositeWorkItem.cs:207)
0x000001e9aa247756 (Mono JIT Code) UnityEngine.TestRunner.NUnitExtensions.Runner.CompositeWorkItem/<PerformWork>d__13:MoveNext () (at ./Library/PackageCache/com.unity.test-framework@40e262928427/UnityEngine.TestRunner/NUnitExtensions/Runner/CompositeWorkItem.cs:82)
0x000001e9aa255e12 (Mono JIT Code) UnityEngine.TestRunner.NUnitExtensions.Runner.CompositeWorkItem/<RunChildren>d__17:MoveNext () (at ./Library/PackageCache/com.unity.test-framework@40e262928427/UnityEngine.TestRunner/NUnitExtensions/Runner/CompositeWorkItem.cs:207)
0x000001e9aa247756 (Mono JIT Code) UnityEngine.TestRunner.NUnitExtensions.Runner.CompositeWorkItem/<PerformWork>d__13:MoveNext () (at ./Library/PackageCache/com.unity.test-framework@40e262928427/UnityEngine.TestRunner/NUnitExtensions/Runner/CompositeWorkItem.cs:82)
0x000001e9aa255e12 (Mono JIT Code) UnityEngine.TestRunner.NUnitExtensions.Runner.CompositeWorkItem/<RunChildren>d__17:MoveNext () (at ./Library/PackageCache/com.unity.test-framework@40e262928427/UnityEngine.TestRunner/NUnitExtensions/Runner/CompositeWorkItem.cs:207)
0x000001e9aa247756 (Mono JIT Code) UnityEngine.TestRunner.NUnitExtensions.Runner.CompositeWorkItem/<PerformWork>d__13:MoveNext () (at ./Library/PackageCache/com.unity.test-framework@40e262928427/UnityEngine.TestRunner/NUnitExtensions/Runner/CompositeWorkItem.cs:82)
0x000001e9aa245fcc (Mono JIT Code) UnityEditor.TestTools.TestRunner.EditModeRunner:MoveNextAndUpdateYieldObject () (at ./Library/PackageCache/com.unity.test-framework@40e262928427/UnityEditor.TestRunner/TestRunner/EditModeRunner.cs:167)
0x000001e9aa245b7b (Mono JIT Code) UnityEditor.TestTools.TestRunner.EditModeRunner:TestConsumer (UnityEditor.TestTools.TestRunner.TestRunnerStateSerializer) (at ./Library/PackageCache/com.unity.test-framework@40e262928427/UnityEditor.TestRunner/TestRunner/EditModeRunner.cs:200)
0x000001e9aa23c173 (Mono JIT Code) UnityEditor.TestTools.TestRunner.TestRun.Tasks.EditModeRunTask/<Execute>d__1:MoveNext () (at ./Library/PackageCache/com.unity.test-framework@40e262928427/UnityEditor.TestRunner/TestRun/Tasks/EditModeRunTask.cs:48)
0x000001e977129d5e (Mono JIT Code) UnityEditor.TestTools.TestRunner.TestRun.TestJobRunner:ExecuteStep () (at ./Library/PackageCache/com.unity.test-framework@40e262928427/UnityEditor.TestRunner/TestRun/TestJobRunner.cs:173)
0x000001e977128953 (Mono JIT Code) UnityEditor.TestTools.TestRunner.TestRun.TestJobRunner:ExecuteCallback () (at ./Library/PackageCache/com.unity.test-framework@40e262928427/UnityEditor.TestRunner/TestRun/TestJobRunner.cs:108)
0x000001e99df821b8 (Mono JIT Code) UnityEditor.EditorApplication:Internal_CallUpdateFunctions ()
0x000001e8e6514785 (Mono JIT Code) (wrapper runtime-invoke) object:runtime_invoke_void (object,intptr,intptr,intptr)
0x00007fff3fd16e7e (mono-2.0-bdwgc) mono_jit_runtime_invoke (at C:/build/output/Unity-Technologies/mono/mono/mini/mini-runtime.c:3445)
0x00007fff3fc58874 (mono-2.0-bdwgc) do_runtime_invoke (at C:/build/output/Unity-Technologies/mono/mono/metadata/object.c:3068)
0x00007fff3fc58960 (mono-2.0-bdwgc) mono_runtime_invoke (at C:/build/output/Unity-Technologies/mono/mono/metadata/object.c:3115)
0x00007fff38e4cea4 (Unity) scripting_method_invoke
0x00007fff38e25433 (Unity) ScriptingInvocation::Invoke
0x00007fff38e20b35 (Unity) ScriptingInvocation::Invoke<void>
0x00007fff38f8b4bb (Unity) Scripting::UnityEditor::EditorApplicationProxy::Internal_CallUpdateFunctions
0x00007fff3a07e0e4 (Unity) SceneTracker::Update
0x00007fff39be1247 (Unity) Application::TickTimer
0x00007fff3a1b25ac (Unity) MainMessageLoop
0x00007fff3a1b9d1c (Unity) UnityMain
0x00007ff68b302f2a (Unity) __scrt_common_main_seh
0x00007fffddade8d7 (KERNEL32) BaseThreadInitThunk
0x00007fffde88c53c (ntdll) RtlUserThreadStart

[MouseTracker] PlayerInputHandler not found. Mouse compensation will be disabled.
0x00007fff38f222ae (Unity) StackWalker::ShowCallstack
0x00007fff38f31ee9 (Unity) PlatformStacktrace::GetStacktrace
0x00007fff3a1ac04e (Unity) Stacktrace::GetStacktrace
0x00007fff3a7859df (Unity) DebugStringToFile
0x00007fff37fd2930 (Unity) DebugLogHandler_CUSTOM_Internal_Log
0x000001e9766cbd3e (Mono JIT Code) (wrapper managed-to-native) UnityEngine.DebugLogHandler:Internal_Log_Injected (UnityEngine.LogType,UnityEngine.LogOption,UnityEngine.Bindings.ManagedSpanWrapper&,intptr)
0x000001e9766cbb43 (Mono JIT Code) UnityEngine.DebugLogHandler:Internal_Log (UnityEngine.LogType,UnityEngine.LogOption,string,UnityEngine.Object)
0x000001e9766cb7fb (Mono JIT Code) UnityEngine.DebugLogHandler:LogFormat (UnityEngine.LogType,UnityEngine.Object,string,object[])
0x000001e9766ca6ae (Mono JIT Code) UnityEngine.Logger:Log (UnityEngine.LogType,object)
0x000001e9aa2b404d (Mono JIT Code) UnityEngine.Debug:LogWarning (object)
0x000001e9aa2b33ab (Mono JIT Code) MouseTracker:Initialize (RecoilSystem) (at C:/Users/Ubuntu/Desktop/_DEV/AFFECT-2025-10-11/Assets/_SCRIPTS/_PLAYER/Recoil/MouseTracker.cs:80)
0x000001e976d36246 (Mono JIT Code) RecoilSystem:InitializeModules () (at C:/Users/Ubuntu/Desktop/_DEV/AFFECT-2025-10-11/Assets/_SCRIPTS/_PLAYER/Recoil/RecoilSystem.cs:203)
0x000001e976d33eb3 (Mono JIT Code) RecoilSystem:Initialize () (at C:/Users/Ubuntu/Desktop/_DEV/AFFECT-2025-10-11/Assets/_SCRIPTS/_PLAYER/Recoil/RecoilSystem.cs:165)
0x000001e976d333a3 (Mono JIT Code) RecoilSystem:ForceInitializeForTesting () (at C:/Users/Ubuntu/Desktop/_DEV/AFFECT-2025-10-11/Assets/_SCRIPTS/_PLAYER/Recoil/RecoilSystem.cs:632)
0x000001e976d3c213 (Mono JIT Code) RecoilSystemProperties:Property13_GracefulModuleDegradation () (at C:/Users/Ubuntu/Desktop/_DEV/AFFECT-2025-10-11/Assets/_SCRIPTS/Editor/Properties/RecoilSystemProperties.cs:269)
0x000001e9aa264548 (Mono JIT Code) (wrapper runtime-invoke) object:runtime_invoke_void__this__ (object,intptr,intptr,intptr)
0x00007fff3fd16e7e (mono-2.0-bdwgc) mono_jit_runtime_invoke (at C:/build/output/Unity-Technologies/mono/mono/mini/mini-runtime.c:3445)
0x00007fff3fc58874 (mono-2.0-bdwgc) do_runtime_invoke (at C:/build/output/Unity-Technologies/mono/mono/metadata/object.c:3068)
0x00007fff3fc5f926 (mono-2.0-bdwgc) mono_runtime_try_invoke_array (at C:/build/output/Unity-Technologies/mono/mono/metadata/object.c:5774)
0x00007fff3fb91b81 (mono-2.0-bdwgc) ves_icall_InternalInvoke (at C:/build/output/Unity-Technologies/mono/mono/metadata/icall.c:4038)
0x00007fff3fbb7e31 (mono-2.0-bdwgc) ves_icall_InternalInvoke_raw (at C:/build/output/Unity-Technologies/mono/mono/metadata/icall-def.h:692)
0x000001e8e22b0f92 (Mono JIT Code) (wrapper managed-to-native) System.Reflection.RuntimeMethodInfo:InternalInvoke (System.Reflection.RuntimeMethodInfo,object,object[],System.Exception&)
0x000001e8e3c7ea73 (Mono JIT Code) System.Reflection.RuntimeMethodInfo:Invoke (object,System.Reflection.BindingFlags,System.Reflection.Binder,object[],System.Globalization.CultureInfo)
0x000001e8db9555ef (Mono JIT Code) System.Reflection.MethodBase:Invoke (object,object[])
0x000001e9aa26e783 (Mono JIT Code) NUnit.Framework.Internal.Reflect:InvokeMethod (System.Reflection.MethodInfo,object,object[])
0x000001e9aa2760ab (Mono JIT Code) NUnit.Framework.Internal.MethodWrapper:Invoke (object,object[])
0x000001e9aa275f8a (Mono JIT Code) NUnit.Framework.Internal.Commands.TestMethodCommand:RunNonAsyncTestMethod (NUnit.Framework.Internal.ITestExecutionContext)
0x000001e9aa275dd3 (Mono JIT Code) NUnit.Framework.Internal.Commands.TestMethodCommand:RunTestMethod (NUnit.Framework.Internal.ITestExecutionContext)
0x000001e9aa275973 (Mono JIT Code) NUnit.Framework.Internal.Commands.TestMethodCommand:Execute (NUnit.Framework.Internal.ITestExecutionContext)
0x000001e9aa27556b (Mono JIT Code) UnityEngine.TestTools.UnityTestMethodCommand:Execute (NUnit.Framework.Internal.ITestExecutionContext) (at ./Library/PackageCache/com.unity.test-framework@40e262928427/UnityEngine.TestRunner/NUnitExtensions/Commands/UnityTestMethodCommand.cs:19)
0x000001e9aa2752fb (Mono JIT Code) UnityEngine.TestRunner.NUnitExtensions.Runner.UnityLogCheckDelegatingCommand/<>c__DisplayClass2_0:<Execute>b__0 () (at ./Library/PackageCache/com.unity.test-framework@40e262928427/UnityEngine.TestRunner/NUnitExtensions/Runner/UnityLogCheckDelegatingCommand.cs:24)
0x000001e9aa275123 (Mono JIT Code) UnityEngine.TestRunner.NUnitExtensions.Runner.UnityLogCheckDelegatingCommand:CaptureException (NUnit.Framework.Internal.TestResult,System.Action) (at ./Library/PackageCache/com.unity.test-framework@40e262928427/UnityEngine.TestRunner/NUnitExtensions/Runner/UnityLogCheckDelegatingCommand.cs:72)
0x000001e9aa274fb3 (Mono JIT Code) UnityEngine.TestRunner.NUnitExtensions.Runner.UnityLogCheckDelegatingCommand:ExecuteAndCheckLog (UnityEngine.TestTools.Logging.LogScope,NUnit.Framework.Internal.TestResult,System.Action) (at ./Library/PackageCache/com.unity.test-framework@40e262928427/UnityEngine.TestRunner/NUnitExtensions/Runner/UnityLogCheckDelegatingCommand.cs:83)
0x000001e9aa274c3b (Mono JIT Code) UnityEngine.TestRunner.NUnitExtensions.Runner.UnityLogCheckDelegatingCommand:Execute (NUnit.Framework.Internal.ITestExecutionContext) (at ./Library/PackageCache/com.unity.test-framework@40e262928427/UnityEngine.TestRunner/NUnitExtensions/Runner/UnityLogCheckDelegatingCommand.cs:24)
0x000001e9aa273c19 (Mono JIT Code) UnityEngine.TestRunner.NUnitExtensions.Runner.UnityLogCheckDelegatingCommand/<ExecuteEnumerable>d__3:MoveNext () (at ./Library/PackageCache/com.unity.test-framework@40e262928427/UnityEngine.TestRunner/NUnitExtensions/Runner/UnityLogCheckDelegatingCommand.cs:35)
0x000001e9aa251e01 (Mono JIT Code) UnityEngine.TestTools.BeforeAfterTestCommandBase`1/<ExecuteEnumerable>d__16<T_REF>:MoveNext () (at ./Library/PackageCache/com.unity.test-framework@40e262928427/UnityEngine.TestRunner/NUnitExtensions/Commands/BeforeAfterTestCommandBase.cs:212)
0x000001e9aa272fb6 (Mono JIT Code) UnityEngine.TestTools.ImmediateEnumerableCommand:Execute (NUnit.Framework.Internal.ITestExecutionContext) (at ./Library/PackageCache/com.unity.test-framework@40e262928427/UnityEngine.TestRunner/NUnitExtensions/Commands/ImmediateEnumerableCommand.cs:18)
0x000001e9aa251f01 (Mono JIT Code) UnityEngine.TestTools.BeforeAfterTestCommandBase`1/<ExecuteEnumerable>d__16<T_REF>:MoveNext () (at ./Library/PackageCache/com.unity.test-framework@40e262928427/UnityEngine.TestRunner/NUnitExtensions/Commands/BeforeAfterTestCommandBase.cs:219)
0x000001e9aa251e01 (Mono JIT Code) UnityEngine.TestTools.BeforeAfterTestCommandBase`1/<ExecuteEnumerable>d__16<T_REF>:MoveNext () (at ./Library/PackageCache/com.unity.test-framework@40e262928427/UnityEngine.TestRunner/NUnitExtensions/Commands/BeforeAfterTestCommandBase.cs:212)
0x000001e9aa251e01 (Mono JIT Code) UnityEngine.TestTools.BeforeAfterTestCommandBase`1/<ExecuteEnumerable>d__16<T_REF>:MoveNext () (at ./Library/PackageCache/com.unity.test-framework@40e262928427/UnityEngine.TestRunner/NUnitExtensions/Commands/BeforeAfterTestCommandBase.cs:212)
0x000001e9aa26b457 (Mono JIT Code) UnityEngine.TestTools.RetryCommand/<ExecuteEnumerable>d__2:MoveNext () (at ./Library/PackageCache/com.unity.test-framework@40e262928427/UnityEngine.TestRunner/NUnitExtensions/Commands/RetryCommand.cs:37)
0x000001e9aa269f2f (Mono JIT Code) UnityEngine.TestTools.RepeatCommand/<ExecuteEnumerable>d__2:MoveNext () (at ./Library/PackageCache/com.unity.test-framework@40e262928427/UnityEngine.TestRunner/NUnitExtensions/Commands/RepeatCommand.cs:36)
0x000001e9aa268fa6 (Mono JIT Code) UnityEngine.TestTools.IgnoreTestCommand/<ExecuteEnumerable>d__3:MoveNext () (at ./Library/PackageCache/com.unity.test-framework@40e262928427/UnityEngine.TestRunner/NUnitExtensions/Commands/IgnoreTestCommand.cs:42)
0x000001e9aa267c7f (Mono JIT Code) UnityEngine.TestTools.StrictCheckCommand/<ExecuteEnumerable>d__2:MoveNext () (at ./Library/PackageCache/com.unity.test-framework@40e262928427/UnityEngine.TestRunner/NUnitExtensions/Commands/StrictCheckCommand.cs:29)
0x000001e9aa266fe1 (Mono JIT Code) UnityEngine.TestRunner.NUnitExtensions.Runner.DefaultTestWorkItem/<PerformWork>d__2:MoveNext () (at ./Library/PackageCache/com.unity.test-framework@40e262928427/UnityEngine.TestRunner/NUnitExtensions/Runner/DefaultTestWorkItem.cs:50)
0x000001e9aa255e12 (Mono JIT Code) UnityEngine.TestRunner.NUnitExtensions.Runner.CompositeWorkItem/<RunChildren>d__17:MoveNext () (at ./Library/PackageCache/com.unity.test-framework@40e262928427/UnityEngine.TestRunner/NUnitExtensions/Runner/CompositeWorkItem.cs:207)
0x000001e9aa247756 (Mono JIT Code) UnityEngine.TestRunner.NUnitExtensions.Runner.CompositeWorkItem/<PerformWork>d__13:MoveNext () (at ./Library/PackageCache/com.unity.test-framework@40e262928427/UnityEngine.TestRunner/NUnitExtensions/Runner/CompositeWorkItem.cs:82)
0x000001e9aa255e12 (Mono JIT Code) UnityEngine.TestRunner.NUnitExtensions.Runner.CompositeWorkItem/<RunChildren>d__17:MoveNext () (at ./Library/PackageCache/com.unity.test-framework@40e262928427/UnityEngine.TestRunner/NUnitExtensions/Runner/CompositeWorkItem.cs:207)
0x000001e9aa247756 (Mono JIT Code) UnityEngine.TestRunner.NUnitExtensions.Runner.CompositeWorkItem/<PerformWork>d__13:MoveNext () (at ./Library/PackageCache/com.unity.test-framework@40e262928427/UnityEngine.TestRunner/NUnitExtensions/Runner/CompositeWorkItem.cs:82)
0x000001e9aa255e12 (Mono JIT Code) UnityEngine.TestRunner.NUnitExtensions.Runner.CompositeWorkItem/<RunChildren>d__17:MoveNext () (at ./Library/PackageCache/com.unity.test-framework@40e262928427/UnityEngine.TestRunner/NUnitExtensions/Runner/CompositeWorkItem.cs:207)
0x000001e9aa247756 (Mono JIT Code) UnityEngine.TestRunner.NUnitExtensions.Runner.CompositeWorkItem/<PerformWork>d__13:MoveNext () (at ./Library/PackageCache/com.unity.test-framework@40e262928427/UnityEngine.TestRunner/NUnitExtensions/Runner/CompositeWorkItem.cs:82)
0x000001e9aa245fcc (Mono JIT Code) UnityEditor.TestTools.TestRunner.EditModeRunner:MoveNextAndUpdateYieldObject () (at ./Library/PackageCache/com.unity.test-framework@40e262928427/UnityEditor.TestRunner/TestRunner/EditModeRunner.cs:167)
0x000001e9aa245b7b (Mono JIT Code) UnityEditor.TestTools.TestRunner.EditModeRunner:TestConsumer (UnityEditor.TestTools.TestRunner.TestRunnerStateSerializer) (at ./Library/PackageCache/com.unity.test-framework@40e262928427/UnityEditor.TestRunner/TestRunner/EditModeRunner.cs:200)
0x000001e9aa23c173 (Mono JIT Code) UnityEditor.TestTools.TestRunner.TestRun.Tasks.EditModeRunTask/<Execute>d__1:MoveNext () (at ./Library/PackageCache/com.unity.test-framework@40e262928427/UnityEditor.TestRunner/TestRun/Tasks/EditModeRunTask.cs:48)
0x000001e977129d5e (Mono JIT Code) UnityEditor.TestTools.TestRunner.TestRun.TestJobRunner:ExecuteStep () (at ./Library/PackageCache/com.unity.test-framework@40e262928427/UnityEditor.TestRunner/TestRun/TestJobRunner.cs:173)
0x000001e977128953 (Mono JIT Code) UnityEditor.TestTools.TestRunner.TestRun.TestJobRunner:ExecuteCallback () (at ./Library/PackageCache/com.unity.test-framework@40e262928427/UnityEditor.TestRunner/TestRun/TestJobRunner.cs:108)
0x000001e99df821b8 (Mono JIT Code) UnityEditor.EditorApplication:Internal_CallUpdateFunctions ()
0x000001e8e6514785 (Mono JIT Code) (wrapper runtime-invoke) object:runtime_invoke_void (object,intptr,intptr,intptr)
0x00007fff3fd16e7e (mono-2.0-bdwgc) mono_jit_runtime_invoke (at C:/build/output/Unity-Technologies/mono/mono/mini/mini-runtime.c:3445)
0x00007fff3fc58874 (mono-2.0-bdwgc) do_runtime_invoke (at C:/build/output/Unity-Technologies/mono/mono/metadata/object.c:3068)
0x00007fff3fc58960 (mono-2.0-bdwgc) mono_runtime_invoke (at C:/build/output/Unity-Technologies/mono/mono/metadata/object.c:3115)
0x00007fff38e4cea4 (Unity) scripting_method_invoke
0x00007fff38e25433 (Unity) ScriptingInvocation::Invoke
0x00007fff38e20b35 (Unity) ScriptingInvocation::Invoke<void>
0x00007fff38f8b4bb (Unity) Scripting::UnityEditor::EditorApplicationProxy::Internal_CallUpdateFunctions
0x00007fff3a07e0e4 (Unity) SceneTracker::Update
0x00007fff39be1247 (Unity) Application::TickTimer
0x00007fff3a1b25ac (Unity) MainMessageLoop
0x00007fff3a1b9d1c (Unity) UnityMain
0x00007ff68b302f2a (Unity) __scrt_common_main_seh
0x00007fffddade8d7 (KERNEL32) BaseThreadInitThunk
0x00007fffde88c53c (ntdll) RtlUserThreadStart

[MouseTracker] PlayerInputHandler not found. Mouse compensation will be disabled.
0x00007fff38f222ae (Unity) StackWalker::ShowCallstack
0x00007fff38f31ee9 (Unity) PlatformStacktrace::GetStacktrace
0x00007fff3a1ac04e (Unity) Stacktrace::GetStacktrace
0x00007fff3a7859df (Unity) DebugStringToFile
0x00007fff37fd2930 (Unity) DebugLogHandler_CUSTOM_Internal_Log
0x000001e9766cbd3e (Mono JIT Code) (wrapper managed-to-native) UnityEngine.DebugLogHandler:Internal_Log_Injected (UnityEngine.LogType,UnityEngine.LogOption,UnityEngine.Bindings.ManagedSpanWrapper&,intptr)
0x000001e9766cbb43 (Mono JIT Code) UnityEngine.DebugLogHandler:Internal_Log (UnityEngine.LogType,UnityEngine.LogOption,string,UnityEngine.Object)
0x000001e9766cb7fb (Mono JIT Code) UnityEngine.DebugLogHandler:LogFormat (UnityEngine.LogType,UnityEngine.Object,string,object[])
0x000001e9766ca6ae (Mono JIT Code) UnityEngine.Logger:Log (UnityEngine.LogType,object)
0x000001e9aa2b404d (Mono JIT Code) UnityEngine.Debug:LogWarning (object)
0x000001e9aa2b33ab (Mono JIT Code) MouseTracker:Initialize (RecoilSystem) (at C:/Users/Ubuntu/Desktop/_DEV/AFFECT-2025-10-11/Assets/_SCRIPTS/_PLAYER/Recoil/MouseTracker.cs:80)
0x000001e976d36246 (Mono JIT Code) RecoilSystem:InitializeModules () (at C:/Users/Ubuntu/Desktop/_DEV/AFFECT-2025-10-11/Assets/_SCRIPTS/_PLAYER/Recoil/RecoilSystem.cs:203)
0x000001e976d33eb3 (Mono JIT Code) RecoilSystem:Initialize () (at C:/Users/Ubuntu/Desktop/_DEV/AFFECT-2025-10-11/Assets/_SCRIPTS/_PLAYER/Recoil/RecoilSystem.cs:165)
0x000001e976d333a3 (Mono JIT Code) RecoilSystem:ForceInitializeForTesting () (at C:/Users/Ubuntu/Desktop/_DEV/AFFECT-2025-10-11/Assets/_SCRIPTS/_PLAYER/Recoil/RecoilSystem.cs:632)
0x000001e976d3c213 (Mono JIT Code) RecoilSystemProperties:Property13_GracefulModuleDegradation () (at C:/Users/Ubuntu/Desktop/_DEV/AFFECT-2025-10-11/Assets/_SCRIPTS/Editor/Properties/RecoilSystemProperties.cs:269)
0x000001e9aa264548 (Mono JIT Code) (wrapper runtime-invoke) object:runtime_invoke_void__this__ (object,intptr,intptr,intptr)
0x00007fff3fd16e7e (mono-2.0-bdwgc) mono_jit_runtime_invoke (at C:/build/output/Unity-Technologies/mono/mono/mini/mini-runtime.c:3445)
0x00007fff3fc58874 (mono-2.0-bdwgc) do_runtime_invoke (at C:/build/output/Unity-Technologies/mono/mono/metadata/object.c:3068)
0x00007fff3fc5f926 (mono-2.0-bdwgc) mono_runtime_try_invoke_array (at C:/build/output/Unity-Technologies/mono/mono/metadata/object.c:5774)
0x00007fff3fb91b81 (mono-2.0-bdwgc) ves_icall_InternalInvoke (at C:/build/output/Unity-Technologies/mono/mono/metadata/icall.c:4038)
0x00007fff3fbb7e31 (mono-2.0-bdwgc) ves_icall_InternalInvoke_raw (at C:/build/output/Unity-Technologies/mono/mono/metadata/icall-def.h:692)
0x000001e8e22b0f92 (Mono JIT Code) (wrapper managed-to-native) System.Reflection.RuntimeMethodInfo:InternalInvoke (System.Reflection.RuntimeMethodInfo,object,object[],System.Exception&)
0x000001e8e3c7ea73 (Mono JIT Code) System.Reflection.RuntimeMethodInfo:Invoke (object,System.Reflection.BindingFlags,System.Reflection.Binder,object[],System.Globalization.CultureInfo)
0x000001e8db9555ef (Mono JIT Code) System.Reflection.MethodBase:Invoke (object,object[])
0x000001e9aa26e783 (Mono JIT Code) NUnit.Framework.Internal.Reflect:InvokeMethod (System.Reflection.MethodInfo,object,object[])
0x000001e9aa2760ab (Mono JIT Code) NUnit.Framework.Internal.MethodWrapper:Invoke (object,object[])
0x000001e9aa275f8a (Mono JIT Code) NUnit.Framework.Internal.Commands.TestMethodCommand:RunNonAsyncTestMethod (NUnit.Framework.Internal.ITestExecutionContext)
0x000001e9aa275dd3 (Mono JIT Code) NUnit.Framework.Internal.Commands.TestMethodCommand:RunTestMethod (NUnit.Framework.Internal.ITestExecutionContext)
0x000001e9aa275973 (Mono JIT Code) NUnit.Framework.Internal.Commands.TestMethodCommand:Execute (NUnit.Framework.Internal.ITestExecutionContext)
0x000001e9aa27556b (Mono JIT Code) UnityEngine.TestTools.UnityTestMethodCommand:Execute (NUnit.Framework.Internal.ITestExecutionContext) (at ./Library/PackageCache/com.unity.test-framework@40e262928427/UnityEngine.TestRunner/NUnitExtensions/Commands/UnityTestMethodCommand.cs:19)
0x000001e9aa2752fb (Mono JIT Code) UnityEngine.TestRunner.NUnitExtensions.Runner.UnityLogCheckDelegatingCommand/<>c__DisplayClass2_0:<Execute>b__0 () (at ./Library/PackageCache/com.unity.test-framework@40e262928427/UnityEngine.TestRunner/NUnitExtensions/Runner/UnityLogCheckDelegatingCommand.cs:24)
0x000001e9aa275123 (Mono JIT Code) UnityEngine.TestRunner.NUnitExtensions.Runner.UnityLogCheckDelegatingCommand:CaptureException (NUnit.Framework.Internal.TestResult,System.Action) (at ./Library/PackageCache/com.unity.test-framework@40e262928427/UnityEngine.TestRunner/NUnitExtensions/Runner/UnityLogCheckDelegatingCommand.cs:72)
0x000001e9aa274fb3 (Mono JIT Code) UnityEngine.TestRunner.NUnitExtensions.Runner.UnityLogCheckDelegatingCommand:ExecuteAndCheckLog (UnityEngine.TestTools.Logging.LogScope,NUnit.Framework.Internal.TestResult,System.Action) (at ./Library/PackageCache/com.unity.test-framework@40e262928427/UnityEngine.TestRunner/NUnitExtensions/Runner/UnityLogCheckDelegatingCommand.cs:83)
0x000001e9aa274c3b (Mono JIT Code) UnityEngine.TestRunner.NUnitExtensions.Runner.UnityLogCheckDelegatingCommand:Execute (NUnit.Framework.Internal.ITestExecutionContext) (at ./Library/PackageCache/com.unity.test-framework@40e262928427/UnityEngine.TestRunner/NUnitExtensions/Runner/UnityLogCheckDelegatingCommand.cs:24)
0x000001e9aa273c19 (Mono JIT Code) UnityEngine.TestRunner.NUnitExtensions.Runner.UnityLogCheckDelegatingCommand/<ExecuteEnumerable>d__3:MoveNext () (at ./Library/PackageCache/com.unity.test-framework@40e262928427/UnityEngine.TestRunner/NUnitExtensions/Runner/UnityLogCheckDelegatingCommand.cs:35)
0x000001e9aa251e01 (Mono JIT Code) UnityEngine.TestTools.BeforeAfterTestCommandBase`1/<ExecuteEnumerable>d__16<T_REF>:MoveNext () (at ./Library/PackageCache/com.unity.test-framework@40e262928427/UnityEngine.TestRunner/NUnitExtensions/Commands/BeforeAfterTestCommandBase.cs:212)
0x000001e9aa272fb6 (Mono JIT Code) UnityEngine.TestTools.ImmediateEnumerableCommand:Execute (NUnit.Framework.Internal.ITestExecutionContext) (at ./Library/PackageCache/com.unity.test-framework@40e262928427/UnityEngine.TestRunner/NUnitExtensions/Commands/ImmediateEnumerableCommand.cs:18)
0x000001e9aa251f01 (Mono JIT Code) UnityEngine.TestTools.BeforeAfterTestCommandBase`1/<ExecuteEnumerable>d__16<T_REF>:MoveNext () (at ./Library/PackageCache/com.unity.test-framework@40e262928427/UnityEngine.TestRunner/NUnitExtensions/Commands/BeforeAfterTestCommandBase.cs:219)
0x000001e9aa251e01 (Mono JIT Code) UnityEngine.TestTools.BeforeAfterTestCommandBase`1/<ExecuteEnumerable>d__16<T_REF>:MoveNext () (at ./Library/PackageCache/com.unity.test-framework@40e262928427/UnityEngine.TestRunner/NUnitExtensions/Commands/BeforeAfterTestCommandBase.cs:212)
0x000001e9aa251e01 (Mono JIT Code) UnityEngine.TestTools.BeforeAfterTestCommandBase`1/<ExecuteEnumerable>d__16<T_REF>:MoveNext () (at ./Library/PackageCache/com.unity.test-framework@40e262928427/UnityEngine.TestRunner/NUnitExtensions/Commands/BeforeAfterTestCommandBase.cs:212)
0x000001e9aa26b457 (Mono JIT Code) UnityEngine.TestTools.RetryCommand/<ExecuteEnumerable>d__2:MoveNext () (at ./Library/PackageCache/com.unity.test-framework@40e262928427/UnityEngine.TestRunner/NUnitExtensions/Commands/RetryCommand.cs:37)
0x000001e9aa269f2f (Mono JIT Code) UnityEngine.TestTools.RepeatCommand/<ExecuteEnumerable>d__2:MoveNext () (at ./Library/PackageCache/com.unity.test-framework@40e262928427/UnityEngine.TestRunner/NUnitExtensions/Commands/RepeatCommand.cs:36)
0x000001e9aa268fa6 (Mono JIT Code) UnityEngine.TestTools.IgnoreTestCommand/<ExecuteEnumerable>d__3:MoveNext () (at ./Library/PackageCache/com.unity.test-framework@40e262928427/UnityEngine.TestRunner/NUnitExtensions/Commands/IgnoreTestCommand.cs:42)
0x000001e9aa267c7f (Mono JIT Code) UnityEngine.TestTools.StrictCheckCommand/<ExecuteEnumerable>d__2:MoveNext () (at ./Library/PackageCache/com.unity.test-framework@40e262928427/UnityEngine.TestRunner/NUnitExtensions/Commands/StrictCheckCommand.cs:29)
0x000001e9aa266fe1 (Mono JIT Code) UnityEngine.TestRunner.NUnitExtensions.Runner.DefaultTestWorkItem/<PerformWork>d__2:MoveNext () (at ./Library/PackageCache/com.unity.test-framework@40e262928427/UnityEngine.TestRunner/NUnitExtensions/Runner/DefaultTestWorkItem.cs:50)
0x000001e9aa255e12 (Mono JIT Code) UnityEngine.TestRunner.NUnitExtensions.Runner.CompositeWorkItem/<RunChildren>d__17:MoveNext () (at ./Library/PackageCache/com.unity.test-framework@40e262928427/UnityEngine.TestRunner/NUnitExtensions/Runner/CompositeWorkItem.cs:207)
0x000001e9aa247756 (Mono JIT Code) UnityEngine.TestRunner.NUnitExtensions.Runner.CompositeWorkItem/<PerformWork>d__13:MoveNext () (at ./Library/PackageCache/com.unity.test-framework@40e262928427/UnityEngine.TestRunner/NUnitExtensions/Runner/CompositeWorkItem.cs:82)
0x000001e9aa255e12 (Mono JIT Code) UnityEngine.TestRunner.NUnitExtensions.Runner.CompositeWorkItem/<RunChildren>d__17:MoveNext () (at ./Library/PackageCache/com.unity.test-framework@40e262928427/UnityEngine.TestRunner/NUnitExtensions/Runner/CompositeWorkItem.cs:207)
0x000001e9aa247756 (Mono JIT Code) UnityEngine.TestRunner.NUnitExtensions.Runner.CompositeWorkItem/<PerformWork>d__13:MoveNext () (at ./Library/PackageCache/com.unity.test-framework@40e262928427/UnityEngine.TestRunner/NUnitExtensions/Runner/CompositeWorkItem.cs:82)
0x000001e9aa255e12 (Mono JIT Code) UnityEngine.TestRunner.NUnitExtensions.Runner.CompositeWorkItem/<RunChildren>d__17:MoveNext () (at ./Library/PackageCache/com.unity.test-framework@40e262928427/UnityEngine.TestRunner/NUnitExtensions/Runner/CompositeWorkItem.cs:207)
0x000001e9aa247756 (Mono JIT Code) UnityEngine.TestRunner.NUnitExtensions.Runner.CompositeWorkItem/<PerformWork>d__13:MoveNext () (at ./Library/PackageCache/com.unity.test-framework@40e262928427/UnityEngine.TestRunner/NUnitExtensions/Runner/CompositeWorkItem.cs:82)
0x000001e9aa245fcc (Mono JIT Code) UnityEditor.TestTools.TestRunner.EditModeRunner:MoveNextAndUpdateYieldObject () (at ./Library/PackageCache/com.unity.test-framework@40e262928427/UnityEditor.TestRunner/TestRunner/EditModeRunner.cs:167)
0x000001e9aa245b7b (Mono JIT Code) UnityEditor.TestTools.TestRunner.EditModeRunner:TestConsumer (UnityEditor.TestTools.TestRunner.TestRunnerStateSerializer) (at ./Library/PackageCache/com.unity.test-framework@40e262928427/UnityEditor.TestRunner/TestRunner/EditModeRunner.cs:200)
0x000001e9aa23c173 (Mono JIT Code) UnityEditor.TestTools.TestRunner.TestRun.Tasks.EditModeRunTask/<Execute>d__1:MoveNext () (at ./Library/PackageCache/com.unity.test-framework@40e262928427/UnityEditor.TestRunner/TestRun/Tasks/EditModeRunTask.cs:48)
0x000001e977129d5e (Mono JIT Code) UnityEditor.TestTools.TestRunner.TestRun.TestJobRunner:ExecuteStep () (at ./Library/PackageCache/com.unity.test-framework@40e262928427/UnityEditor.TestRunner/TestRun/TestJobRunner.cs:173)
0x000001e977128953 (Mono JIT Code) UnityEditor.TestTools.TestRunner.TestRun.TestJobRunner:ExecuteCallback () (at ./Library/PackageCache/com.unity.test-framework@40e262928427/UnityEditor.TestRunner/TestRun/TestJobRunner.cs:108)
0x000001e99df821b8 (Mono JIT Code) UnityEditor.EditorApplication:Internal_CallUpdateFunctions ()
0x000001e8e6514785 (Mono JIT Code) (wrapper runtime-invoke) object:runtime_invoke_void (object,intptr,intptr,intptr)
0x00007fff3fd16e7e (mono-2.0-bdwgc) mono_jit_runtime_invoke (at C:/build/output/Unity-Technologies/mono/mono/mini/mini-runtime.c:3445)
0x00007fff3fc58874 (mono-2.0-bdwgc) do_runtime_invoke (at C:/build/output/Unity-Technologies/mono/mono/metadata/object.c:3068)
0x00007fff3fc58960 (mono-2.0-bdwgc) mono_runtime_invoke (at C:/build/output/Unity-Technologies/mono/mono/metadata/object.c:3115)
0x00007fff38e4cea4 (Unity) scripting_method_invoke
0x00007fff38e25433 (Unity) ScriptingInvocation::Invoke
0x00007fff38e20b35 (Unity) ScriptingInvocation::Invoke<void>
0x00007fff38f8b4bb (Unity) Scripting::UnityEditor::EditorApplicationProxy::Internal_CallUpdateFunctions
0x00007fff3a07e0e4 (Unity) SceneTracker::Update
0x00007fff39be1247 (Unity) Application::TickTimer
0x00007fff3a1b25ac (Unity) MainMessageLoop
0x00007fff3a1b9d1c (Unity) UnityMain
0x00007ff68b302f2a (Unity) __scrt_common_main_seh
0x00007fffddade8d7 (KERNEL32) BaseThreadInitThunk
0x00007fffde88c53c (ntdll) RtlUserThreadStart

[MouseTracker] PlayerInputHandler not found. Mouse compensation will be disabled.
0x00007fff38f222ae (Unity) StackWalker::ShowCallstack
0x00007fff38f31ee9 (Unity) PlatformStacktrace::GetStacktrace
0x00007fff3a1ac04e (Unity) Stacktrace::GetStacktrace
0x00007fff3a7859df (Unity) DebugStringToFile
0x00007fff37fd2930 (Unity) DebugLogHandler_CUSTOM_Internal_Log
0x000001e9766cbd3e (Mono JIT Code) (wrapper managed-to-native) UnityEngine.DebugLogHandler:Internal_Log_Injected (UnityEngine.LogType,UnityEngine.LogOption,UnityEngine.Bindings.ManagedSpanWrapper&,intptr)
0x000001e9766cbb43 (Mono JIT Code) UnityEngine.DebugLogHandler:Internal_Log (UnityEngine.LogType,UnityEngine.LogOption,string,UnityEngine.Object)
0x000001e9766cb7fb (Mono JIT Code) UnityEngine.DebugLogHandler:LogFormat (UnityEngine.LogType,UnityEngine.Object,string,object[])
0x000001e9766ca6ae (Mono JIT Code) UnityEngine.Logger:Log (UnityEngine.LogType,object)
0x000001e9aa2b404d (Mono JIT Code) UnityEngine.Debug:LogWarning (object)
0x000001e9aa2b33ab (Mono JIT Code) MouseTracker:Initialize (RecoilSystem) (at C:/Users/Ubuntu/Desktop/_DEV/AFFECT-2025-10-11/Assets/_SCRIPTS/_PLAYER/Recoil/MouseTracker.cs:80)
0x000001e976d36246 (Mono JIT Code) RecoilSystem:InitializeModules () (at C:/Users/Ubuntu/Desktop/_DEV/AFFECT-2025-10-11/Assets/_SCRIPTS/_PLAYER/Recoil/RecoilSystem.cs:203)
0x000001e976d33eb3 (Mono JIT Code) RecoilSystem:Initialize () (at C:/Users/Ubuntu/Desktop/_DEV/AFFECT-2025-10-11/Assets/_SCRIPTS/_PLAYER/Recoil/RecoilSystem.cs:165)
0x000001e976d333a3 (Mono JIT Code) RecoilSystem:ForceInitializeForTesting () (at C:/Users/Ubuntu/Desktop/_DEV/AFFECT-2025-10-11/Assets/_SCRIPTS/_PLAYER/Recoil/RecoilSystem.cs:632)
0x000001e976d3c213 (Mono JIT Code) RecoilSystemProperties:Property13_GracefulModuleDegradation () (at C:/Users/Ubuntu/Desktop/_DEV/AFFECT-2025-10-11/Assets/_SCRIPTS/Editor/Properties/RecoilSystemProperties.cs:269)
0x000001e9aa264548 (Mono JIT Code) (wrapper runtime-invoke) object:runtime_invoke_void__this__ (object,intptr,intptr,intptr)
0x00007fff3fd16e7e (mono-2.0-bdwgc) mono_jit_runtime_invoke (at C:/build/output/Unity-Technologies/mono/mono/mini/mini-runtime.c:3445)
0x00007fff3fc58874 (mono-2.0-bdwgc) do_runtime_invoke (at C:/build/output/Unity-Technologies/mono/mono/metadata/object.c:3068)
0x00007fff3fc5f926 (mono-2.0-bdwgc) mono_runtime_try_invoke_array (at C:/build/output/Unity-Technologies/mono/mono/metadata/object.c:5774)
0x00007fff3fb91b81 (mono-2.0-bdwgc) ves_icall_InternalInvoke (at C:/build/output/Unity-Technologies/mono/mono/metadata/icall.c:4038)
0x00007fff3fbb7e31 (mono-2.0-bdwgc) ves_icall_InternalInvoke_raw (at C:/build/output/Unity-Technologies/mono/mono/metadata/icall-def.h:692)
0x000001e8e22b0f92 (Mono JIT Code) (wrapper managed-to-native) System.Reflection.RuntimeMethodInfo:InternalInvoke (System.Reflection.RuntimeMethodInfo,object,object[],System.Exception&)
0x000001e8e3c7ea73 (Mono JIT Code) System.Reflection.RuntimeMethodInfo:Invoke (object,System.Reflection.BindingFlags,System.Reflection.Binder,object[],System.Globalization.CultureInfo)
0x000001e8db9555ef (Mono JIT Code) System.Reflection.MethodBase:Invoke (object,object[])
0x000001e9aa26e783 (Mono JIT Code) NUnit.Framework.Internal.Reflect:InvokeMethod (System.Reflection.MethodInfo,object,object[])
0x000001e9aa2760ab (Mono JIT Code) NUnit.Framework.Internal.MethodWrapper:Invoke (object,object[])
0x000001e9aa275f8a (Mono JIT Code) NUnit.Framework.Internal.Commands.TestMethodCommand:RunNonAsyncTestMethod (NUnit.Framework.Internal.ITestExecutionContext)
0x000001e9aa275dd3 (Mono JIT Code) NUnit.Framework.Internal.Commands.TestMethodCommand:RunTestMethod (NUnit.Framework.Internal.ITestExecutionContext)
0x000001e9aa275973 (Mono JIT Code) NUnit.Framework.Internal.Commands.TestMethodCommand:Execute (NUnit.Framework.Internal.ITestExecutionContext)
0x000001e9aa27556b (Mono JIT Code) UnityEngine.TestTools.UnityTestMethodCommand:Execute (NUnit.Framework.Internal.ITestExecutionContext) (at ./Library/PackageCache/com.unity.test-framework@40e262928427/UnityEngine.TestRunner/NUnitExtensions/Commands/UnityTestMethodCommand.cs:19)
0x000001e9aa2752fb (Mono JIT Code) UnityEngine.TestRunner.NUnitExtensions.Runner.UnityLogCheckDelegatingCommand/<>c__DisplayClass2_0:<Execute>b__0 () (at ./Library/PackageCache/com.unity.test-framework@40e262928427/UnityEngine.TestRunner/NUnitExtensions/Runner/UnityLogCheckDelegatingCommand.cs:24)
0x000001e9aa275123 (Mono JIT Code) UnityEngine.TestRunner.NUnitExtensions.Runner.UnityLogCheckDelegatingCommand:CaptureException (NUnit.Framework.Internal.TestResult,System.Action) (at ./Library/PackageCache/com.unity.test-framework@40e262928427/UnityEngine.TestRunner/NUnitExtensions/Runner/UnityLogCheckDelegatingCommand.cs:72)
0x000001e9aa274fb3 (Mono JIT Code) UnityEngine.TestRunner.NUnitExtensions.Runner.UnityLogCheckDelegatingCommand:ExecuteAndCheckLog (UnityEngine.TestTools.Logging.LogScope,NUnit.Framework.Internal.TestResult,System.Action) (at ./Library/PackageCache/com.unity.test-framework@40e262928427/UnityEngine.TestRunner/NUnitExtensions/Runner/UnityLogCheckDelegatingCommand.cs:83)
0x000001e9aa274c3b (Mono JIT Code) UnityEngine.TestRunner.NUnitExtensions.Runner.UnityLogCheckDelegatingCommand:Execute (NUnit.Framework.Internal.ITestExecutionContext) (at ./Library/PackageCache/com.unity.test-framework@40e262928427/UnityEngine.TestRunner/NUnitExtensions/Runner/UnityLogCheckDelegatingCommand.cs:24)
0x000001e9aa273c19 (Mono JIT Code) UnityEngine.TestRunner.NUnitExtensions.Runner.UnityLogCheckDelegatingCommand/<ExecuteEnumerable>d__3:MoveNext () (at ./Library/PackageCache/com.unity.test-framework@40e262928427/UnityEngine.TestRunner/NUnitExtensions/Runner/UnityLogCheckDelegatingCommand.cs:35)
0x000001e9aa251e01 (Mono JIT Code) UnityEngine.TestTools.BeforeAfterTestCommandBase`1/<ExecuteEnumerable>d__16<T_REF>:MoveNext () (at ./Library/PackageCache/com.unity.test-framework@40e262928427/UnityEngine.TestRunner/NUnitExtensions/Commands/BeforeAfterTestCommandBase.cs:212)
0x000001e9aa272fb6 (Mono JIT Code) UnityEngine.TestTools.ImmediateEnumerableCommand:Execute (NUnit.Framework.Internal.ITestExecutionContext) (at ./Library/PackageCache/com.unity.test-framework@40e262928427/UnityEngine.TestRunner/NUnitExtensions/Commands/ImmediateEnumerableCommand.cs:18)
0x000001e9aa251f01 (Mono JIT Code) UnityEngine.TestTools.BeforeAfterTestCommandBase`1/<ExecuteEnumerable>d__16<T_REF>:MoveNext () (at ./Library/PackageCache/com.unity.test-framework@40e262928427/UnityEngine.TestRunner/NUnitExtensions/Commands/BeforeAfterTestCommandBase.cs:219)
0x000001e9aa251e01 (Mono JIT Code) UnityEngine.TestTools.BeforeAfterTestCommandBase`1/<ExecuteEnumerable>d__16<T_REF>:MoveNext () (at ./Library/PackageCache/com.unity.test-framework@40e262928427/UnityEngine.TestRunner/NUnitExtensions/Commands/BeforeAfterTestCommandBase.cs:212)
0x000001e9aa251e01 (Mono JIT Code) UnityEngine.TestTools.BeforeAfterTestCommandBase`1/<ExecuteEnumerable>d__16<T_REF>:MoveNext () (at ./Library/PackageCache/com.unity.test-framework@40e262928427/UnityEngine.TestRunner/NUnitExtensions/Commands/BeforeAfterTestCommandBase.cs:212)
0x000001e9aa26b457 (Mono JIT Code) UnityEngine.TestTools.RetryCommand/<ExecuteEnumerable>d__2:MoveNext () (at ./Library/PackageCache/com.unity.test-framework@40e262928427/UnityEngine.TestRunner/NUnitExtensions/Commands/RetryCommand.cs:37)
0x000001e9aa269f2f (Mono JIT Code) UnityEngine.TestTools.RepeatCommand/<ExecuteEnumerable>d__2:MoveNext () (at ./Library/PackageCache/com.unity.test-framework@40e262928427/UnityEngine.TestRunner/NUnitExtensions/Commands/RepeatCommand.cs:36)
0x000001e9aa268fa6 (Mono JIT Code) UnityEngine.TestTools.IgnoreTestCommand/<ExecuteEnumerable>d__3:MoveNext () (at ./Library/PackageCache/com.unity.test-framework@40e262928427/UnityEngine.TestRunner/NUnitExtensions/Commands/IgnoreTestCommand.cs:42)
0x000001e9aa267c7f (Mono JIT Code) UnityEngine.TestTools.StrictCheckCommand/<ExecuteEnumerable>d__2:MoveNext () (at ./Library/PackageCache/com.unity.test-framework@40e262928427/UnityEngine.TestRunner/NUnitExtensions/Commands/StrictCheckCommand.cs:29)
0x000001e9aa266fe1 (Mono JIT Code) UnityEngine.TestRunner.NUnitExtensions.Runner.DefaultTestWorkItem/<PerformWork>d__2:MoveNext () (at ./Library/PackageCache/com.unity.test-framework@40e262928427/UnityEngine.TestRunner/NUnitExtensions/Runner/DefaultTestWorkItem.cs:50)
0x000001e9aa255e12 (Mono JIT Code) UnityEngine.TestRunner.NUnitExtensions.Runner.CompositeWorkItem/<RunChildren>d__17:MoveNext () (at ./Library/PackageCache/com.unity.test-framework@40e262928427/UnityEngine.TestRunner/NUnitExtensions/Runner/CompositeWorkItem.cs:207)
0x000001e9aa247756 (Mono JIT Code) UnityEngine.TestRunner.NUnitExtensions.Runner.CompositeWorkItem/<PerformWork>d__13:MoveNext () (at ./Library/PackageCache/com.unity.test-framework@40e262928427/UnityEngine.TestRunner/NUnitExtensions/Runner/CompositeWorkItem.cs:82)
0x000001e9aa255e12 (Mono JIT Code) UnityEngine.TestRunner.NUnitExtensions.Runner.CompositeWorkItem/<RunChildren>d__17:MoveNext () (at ./Library/PackageCache/com.unity.test-framework@40e262928427/UnityEngine.TestRunner/NUnitExtensions/Runner/CompositeWorkItem.cs:207)
0x000001e9aa247756 (Mono JIT Code) UnityEngine.TestRunner.NUnitExtensions.Runner.CompositeWorkItem/<PerformWork>d__13:MoveNext () (at ./Library/PackageCache/com.unity.test-framework@40e262928427/UnityEngine.TestRunner/NUnitExtensions/Runner/CompositeWorkItem.cs:82)
0x000001e9aa255e12 (Mono JIT Code) UnityEngine.TestRunner.NUnitExtensions.Runner.CompositeWorkItem/<RunChildren>d__17:MoveNext () (at ./Library/PackageCache/com.unity.test-framework@40e262928427/UnityEngine.TestRunner/NUnitExtensions/Runner/CompositeWorkItem.cs:207)
0x000001e9aa247756 (Mono JIT Code) UnityEngine.TestRunner.NUnitExtensions.Runner.CompositeWorkItem/<PerformWork>d__13:MoveNext () (at ./Library/PackageCache/com.unity.test-framework@40e262928427/UnityEngine.TestRunner/NUnitExtensions/Runner/CompositeWorkItem.cs:82)
0x000001e9aa245fcc (Mono JIT Code) UnityEditor.TestTools.TestRunner.EditModeRunner:MoveNextAndUpdateYieldObject () (at ./Library/PackageCache/com.unity.test-framework@40e262928427/UnityEditor.TestRunner/TestRunner/EditModeRunner.cs:167)
0x000001e9aa245b7b (Mono JIT Code) UnityEditor.TestTools.TestRunner.EditModeRunner:TestConsumer (UnityEditor.TestTools.TestRunner.TestRunnerStateSerializer) (at ./Library/PackageCache/com.unity.test-framework@40e262928427/UnityEditor.TestRunner/TestRunner/EditModeRunner.cs:200)
0x000001e9aa23c173 (Mono JIT Code) UnityEditor.TestTools.TestRunner.TestRun.Tasks.EditModeRunTask/<Execute>d__1:MoveNext () (at ./Library/PackageCache/com.unity.test-framework@40e262928427/UnityEditor.TestRunner/TestRun/Tasks/EditModeRunTask.cs:48)
0x000001e977129d5e (Mono JIT Code) UnityEditor.TestTools.TestRunner.TestRun.TestJobRunner:ExecuteStep () (at ./Library/PackageCache/com.unity.test-framework@40e262928427/UnityEditor.TestRunner/TestRun/TestJobRunner.cs:173)
0x000001e977128953 (Mono JIT Code) UnityEditor.TestTools.TestRunner.TestRun.TestJobRunner:ExecuteCallback () (at ./Library/PackageCache/com.unity.test-framework@40e262928427/UnityEditor.TestRunner/TestRun/TestJobRunner.cs:108)
0x000001e99df821b8 (Mono JIT Code) UnityEditor.EditorApplication:Internal_CallUpdateFunctions ()
0x000001e8e6514785 (Mono JIT Code) (wrapper runtime-invoke) object:runtime_invoke_void (object,intptr,intptr,intptr)
0x00007fff3fd16e7e (mono-2.0-bdwgc) mono_jit_runtime_invoke (at C:/build/output/Unity-Technologies/mono/mono/mini/mini-runtime.c:3445)
0x00007fff3fc58874 (mono-2.0-bdwgc) do_runtime_invoke (at C:/build/output/Unity-Technologies/mono/mono/metadata/object.c:3068)
0x00007fff3fc58960 (mono-2.0-bdwgc) mono_runtime_invoke (at C:/build/output/Unity-Technologies/mono/mono/metadata/object.c:3115)
0x00007fff38e4cea4 (Unity) scripting_method_invoke
0x00007fff38e25433 (Unity) ScriptingInvocation::Invoke
0x00007fff38e20b35 (Unity) ScriptingInvocation::Invoke<void>
0x00007fff38f8b4bb (Unity) Scripting::UnityEditor::EditorApplicationProxy::Internal_CallUpdateFunctions
0x00007fff3a07e0e4 (Unity) SceneTracker::Update
0x00007fff39be1247 (Unity) Application::TickTimer
0x00007fff3a1b25ac (Unity) MainMessageLoop
0x00007fff3a1b9d1c (Unity) UnityMain
0x00007ff68b302f2a (Unity) __scrt_common_main_seh
0x00007fffddade8d7 (KERNEL32) BaseThreadInitThunk
0x00007fffde88c53c (ntdll) RtlUserThreadStart

[MouseTracker] PlayerInputHandler not found. Mouse compensation will be disabled.
0x00007fff38f222ae (Unity) StackWalker::ShowCallstack
0x00007fff38f31ee9 (Unity) PlatformStacktrace::GetStacktrace
0x00007fff3a1ac04e (Unity) Stacktrace::GetStacktrace
0x00007fff3a7859df (Unity) DebugStringToFile
0x00007fff37fd2930 (Unity) DebugLogHandler_CUSTOM_Internal_Log
0x000001e9766cbd3e (Mono JIT Code) (wrapper managed-to-native) UnityEngine.DebugLogHandler:Internal_Log_Injected (UnityEngine.LogType,UnityEngine.LogOption,UnityEngine.Bindings.ManagedSpanWrapper&,intptr)
0x000001e9766cbb43 (Mono JIT Code) UnityEngine.DebugLogHandler:Internal_Log (UnityEngine.LogType,UnityEngine.LogOption,string,UnityEngine.Object)
0x000001e9766cb7fb (Mono JIT Code) UnityEngine.DebugLogHandler:LogFormat (UnityEngine.LogType,UnityEngine.Object,string,object[])
0x000001e9766ca6ae (Mono JIT Code) UnityEngine.Logger:Log (UnityEngine.LogType,object)
0x000001e9aa2b404d (Mono JIT Code) UnityEngine.Debug:LogWarning (object)
0x000001e9aa2b33ab (Mono JIT Code) MouseTracker:Initialize (RecoilSystem) (at C:/Users/Ubuntu/Desktop/_DEV/AFFECT-2025-10-11/Assets/_SCRIPTS/_PLAYER/Recoil/MouseTracker.cs:80)
0x000001e976d36246 (Mono JIT Code) RecoilSystem:InitializeModules () (at C:/Users/Ubuntu/Desktop/_DEV/AFFECT-2025-10-11/Assets/_SCRIPTS/_PLAYER/Recoil/RecoilSystem.cs:203)
0x000001e976d33eb3 (Mono JIT Code) RecoilSystem:Initialize () (at C:/Users/Ubuntu/Desktop/_DEV/AFFECT-2025-10-11/Assets/_SCRIPTS/_PLAYER/Recoil/RecoilSystem.cs:165)
0x000001e976d333a3 (Mono JIT Code) RecoilSystem:ForceInitializeForTesting () (at C:/Users/Ubuntu/Desktop/_DEV/AFFECT-2025-10-11/Assets/_SCRIPTS/_PLAYER/Recoil/RecoilSystem.cs:632)
0x000001e976d3c213 (Mono JIT Code) RecoilSystemProperties:Property13_GracefulModuleDegradation () (at C:/Users/Ubuntu/Desktop/_DEV/AFFECT-2025-10-11/Assets/_SCRIPTS/Editor/Properties/RecoilSystemProperties.cs:269)
0x000001e9aa264548 (Mono JIT Code) (wrapper runtime-invoke) object:runtime_invoke_void__this__ (object,intptr,intptr,intptr)
0x00007fff3fd16e7e (mono-2.0-bdwgc) mono_jit_runtime_invoke (at C:/build/output/Unity-Technologies/mono/mono/mini/mini-runtime.c:3445)
0x00007fff3fc58874 (mono-2.0-bdwgc) do_runtime_invoke (at C:/build/output/Unity-Technologies/mono/mono/metadata/object.c:3068)
0x00007fff3fc5f926 (mono-2.0-bdwgc) mono_runtime_try_invoke_array (at C:/build/output/Unity-Technologies/mono/mono/metadata/object.c:5774)
0x00007fff3fb91b81 (mono-2.0-bdwgc) ves_icall_InternalInvoke (at C:/build/output/Unity-Technologies/mono/mono/metadata/icall.c:4038)
0x00007fff3fbb7e31 (mono-2.0-bdwgc) ves_icall_InternalInvoke_raw (at C:/build/output/Unity-Technologies/mono/mono/metadata/icall-def.h:692)
0x000001e8e22b0f92 (Mono JIT Code) (wrapper managed-to-native) System.Reflection.RuntimeMethodInfo:InternalInvoke (System.Reflection.RuntimeMethodInfo,object,object[],System.Exception&)
0x000001e8e3c7ea73 (Mono JIT Code) System.Reflection.RuntimeMethodInfo:Invoke (object,System.Reflection.BindingFlags,System.Reflection.Binder,object[],System.Globalization.CultureInfo)
0x000001e8db9555ef (Mono JIT Code) System.Reflection.MethodBase:Invoke (object,object[])
0x000001e9aa26e783 (Mono JIT Code) NUnit.Framework.Internal.Reflect:InvokeMethod (System.Reflection.MethodInfo,object,object[])
0x000001e9aa2760ab (Mono JIT Code) NUnit.Framework.Internal.MethodWrapper:Invoke (object,object[])
0x000001e9aa275f8a (Mono JIT Code) NUnit.Framework.Internal.Commands.TestMethodCommand:RunNonAsyncTestMethod (NUnit.Framework.Internal.ITestExecutionContext)
0x000001e9aa275dd3 (Mono JIT Code) NUnit.Framework.Internal.Commands.TestMethodCommand:RunTestMethod (NUnit.Framework.Internal.ITestExecutionContext)
0x000001e9aa275973 (Mono JIT Code) NUnit.Framework.Internal.Commands.TestMethodCommand:Execute (NUnit.Framework.Internal.ITestExecutionContext)
0x000001e9aa27556b (Mono JIT Code) UnityEngine.TestTools.UnityTestMethodCommand:Execute (NUnit.Framework.Internal.ITestExecutionContext) (at ./Library/PackageCache/com.unity.test-framework@40e262928427/UnityEngine.TestRunner/NUnitExtensions/Commands/UnityTestMethodCommand.cs:19)
0x000001e9aa2752fb (Mono JIT Code) UnityEngine.TestRunner.NUnitExtensions.Runner.UnityLogCheckDelegatingCommand/<>c__DisplayClass2_0:<Execute>b__0 () (at ./Library/PackageCache/com.unity.test-framework@40e262928427/UnityEngine.TestRunner/NUnitExtensions/Runner/UnityLogCheckDelegatingCommand.cs:24)
0x000001e9aa275123 (Mono JIT Code) UnityEngine.TestRunner.NUnitExtensions.Runner.UnityLogCheckDelegatingCommand:CaptureException (NUnit.Framework.Internal.TestResult,System.Action) (at ./Library/PackageCache/com.unity.test-framework@40e262928427/UnityEngine.TestRunner/NUnitExtensions/Runner/UnityLogCheckDelegatingCommand.cs:72)
0x000001e9aa274fb3 (Mono JIT Code) UnityEngine.TestRunner.NUnitExtensions.Runner.UnityLogCheckDelegatingCommand:ExecuteAndCheckLog (UnityEngine.TestTools.Logging.LogScope,NUnit.Framework.Internal.TestResult,System.Action) (at ./Library/PackageCache/com.unity.test-framework@40e262928427/UnityEngine.TestRunner/NUnitExtensions/Runner/UnityLogCheckDelegatingCommand.cs:83)
0x000001e9aa274c3b (Mono JIT Code) UnityEngine.TestRunner.NUnitExtensions.Runner.UnityLogCheckDelegatingCommand:Execute (NUnit.Framework.Internal.ITestExecutionContext) (at ./Library/PackageCache/com.unity.test-framework@40e262928427/UnityEngine.TestRunner/NUnitExtensions/Runner/UnityLogCheckDelegatingCommand.cs:24)
0x000001e9aa273c19 (Mono JIT Code) UnityEngine.TestRunner.NUnitExtensions.Runner.UnityLogCheckDelegatingCommand/<ExecuteEnumerable>d__3:MoveNext () (at ./Library/PackageCache/com.unity.test-framework@40e262928427/UnityEngine.TestRunner/NUnitExtensions/Runner/UnityLogCheckDelegatingCommand.cs:35)
0x000001e9aa251e01 (Mono JIT Code) UnityEngine.TestTools.BeforeAfterTestCommandBase`1/<ExecuteEnumerable>d__16<T_REF>:MoveNext () (at ./Library/PackageCache/com.unity.test-framework@40e262928427/UnityEngine.TestRunner/NUnitExtensions/Commands/BeforeAfterTestCommandBase.cs:212)
0x000001e9aa272fb6 (Mono JIT Code) UnityEngine.TestTools.ImmediateEnumerableCommand:Execute (NUnit.Framework.Internal.ITestExecutionContext) (at ./Library/PackageCache/com.unity.test-framework@40e262928427/UnityEngine.TestRunner/NUnitExtensions/Commands/ImmediateEnumerableCommand.cs:18)
0x000001e9aa251f01 (Mono JIT Code) UnityEngine.TestTools.BeforeAfterTestCommandBase`1/<ExecuteEnumerable>d__16<T_REF>:MoveNext () (at ./Library/PackageCache/com.unity.test-framework@40e262928427/UnityEngine.TestRunner/NUnitExtensions/Commands/BeforeAfterTestCommandBase.cs:219)
0x000001e9aa251e01 (Mono JIT Code) UnityEngine.TestTools.BeforeAfterTestCommandBase`1/<ExecuteEnumerable>d__16<T_REF>:MoveNext () (at ./Library/PackageCache/com.unity.test-framework@40e262928427/UnityEngine.TestRunner/NUnitExtensions/Commands/BeforeAfterTestCommandBase.cs:212)
0x000001e9aa251e01 (Mono JIT Code) UnityEngine.TestTools.BeforeAfterTestCommandBase`1/<ExecuteEnumerable>d__16<T_REF>:MoveNext () (at ./Library/PackageCache/com.unity.test-framework@40e262928427/UnityEngine.TestRunner/NUnitExtensions/Commands/BeforeAfterTestCommandBase.cs:212)
0x000001e9aa26b457 (Mono JIT Code) UnityEngine.TestTools.RetryCommand/<ExecuteEnumerable>d__2:MoveNext () (at ./Library/PackageCache/com.unity.test-framework@40e262928427/UnityEngine.TestRunner/NUnitExtensions/Commands/RetryCommand.cs:37)
0x000001e9aa269f2f (Mono JIT Code) UnityEngine.TestTools.RepeatCommand/<ExecuteEnumerable>d__2:MoveNext () (at ./Library/PackageCache/com.unity.test-framework@40e262928427/UnityEngine.TestRunner/NUnitExtensions/Commands/RepeatCommand.cs:36)
0x000001e9aa268fa6 (Mono JIT Code) UnityEngine.TestTools.IgnoreTestCommand/<ExecuteEnumerable>d__3:MoveNext () (at ./Library/PackageCache/com.unity.test-framework@40e262928427/UnityEngine.TestRunner/NUnitExtensions/Commands/IgnoreTestCommand.cs:42)
0x000001e9aa267c7f (Mono JIT Code) UnityEngine.TestTools.StrictCheckCommand/<ExecuteEnumerable>d__2:MoveNext () (at ./Library/PackageCache/com.unity.test-framework@40e262928427/UnityEngine.TestRunner/NUnitExtensions/Commands/StrictCheckCommand.cs:29)
0x000001e9aa266fe1 (Mono JIT Code) UnityEngine.TestRunner.NUnitExtensions.Runner.DefaultTestWorkItem/<PerformWork>d__2:MoveNext () (at ./Library/PackageCache/com.unity.test-framework@40e262928427/UnityEngine.TestRunner/NUnitExtensions/Runner/DefaultTestWorkItem.cs:50)
0x000001e9aa255e12 (Mono JIT Code) UnityEngine.TestRunner.NUnitExtensions.Runner.CompositeWorkItem/<RunChildren>d__17:MoveNext () (at ./Library/PackageCache/com.unity.test-framework@40e262928427/UnityEngine.TestRunner/NUnitExtensions/Runner/CompositeWorkItem.cs:207)
0x000001e9aa247756 (Mono JIT Code) UnityEngine.TestRunner.NUnitExtensions.Runner.CompositeWorkItem/<PerformWork>d__13:MoveNext () (at ./Library/PackageCache/com.unity.test-framework@40e262928427/UnityEngine.TestRunner/NUnitExtensions/Runner/CompositeWorkItem.cs:82)
0x000001e9aa255e12 (Mono JIT Code) UnityEngine.TestRunner.NUnitExtensions.Runner.CompositeWorkItem/<RunChildren>d__17:MoveNext () (at ./Library/PackageCache/com.unity.test-framework@40e262928427/UnityEngine.TestRunner/NUnitExtensions/Runner/CompositeWorkItem.cs:207)
0x000001e9aa247756 (Mono JIT Code) UnityEngine.TestRunner.NUnitExtensions.Runner.CompositeWorkItem/<PerformWork>d__13:MoveNext () (at ./Library/PackageCache/com.unity.test-framework@40e262928427/UnityEngine.TestRunner/NUnitExtensions/Runner/CompositeWorkItem.cs:82)
0x000001e9aa255e12 (Mono JIT Code) UnityEngine.TestRunner.NUnitExtensions.Runner.CompositeWorkItem/<RunChildren>d__17:MoveNext () (at ./Library/PackageCache/com.unity.test-framework@40e262928427/UnityEngine.TestRunner/NUnitExtensions/Runner/CompositeWorkItem.cs:207)
0x000001e9aa247756 (Mono JIT Code) UnityEngine.TestRunner.NUnitExtensions.Runner.CompositeWorkItem/<PerformWork>d__13:MoveNext () (at ./Library/PackageCache/com.unity.test-framework@40e262928427/UnityEngine.TestRunner/NUnitExtensions/Runner/CompositeWorkItem.cs:82)
0x000001e9aa245fcc (Mono JIT Code) UnityEditor.TestTools.TestRunner.EditModeRunner:MoveNextAndUpdateYieldObject () (at ./Library/PackageCache/com.unity.test-framework@40e262928427/UnityEditor.TestRunner/TestRunner/EditModeRunner.cs:167)
0x000001e9aa245b7b (Mono JIT Code) UnityEditor.TestTools.TestRunner.EditModeRunner:TestConsumer (UnityEditor.TestTools.TestRunner.TestRunnerStateSerializer) (at ./Library/PackageCache/com.unity.test-framework@40e262928427/UnityEditor.TestRunner/TestRunner/EditModeRunner.cs:200)
0x000001e9aa23c173 (Mono JIT Code) UnityEditor.TestTools.TestRunner.TestRun.Tasks.EditModeRunTask/<Execute>d__1:MoveNext () (at ./Library/PackageCache/com.unity.test-framework@40e262928427/UnityEditor.TestRunner/TestRun/Tasks/EditModeRunTask.cs:48)
0x000001e977129d5e (Mono JIT Code) UnityEditor.TestTools.TestRunner.TestRun.TestJobRunner:ExecuteStep () (at ./Library/PackageCache/com.unity.test-framework@40e262928427/UnityEditor.TestRunner/TestRun/TestJobRunner.cs:173)
0x000001e977128953 (Mono JIT Code) UnityEditor.TestTools.TestRunner.TestRun.TestJobRunner:ExecuteCallback () (at ./Library/PackageCache/com.unity.test-framework@40e262928427/UnityEditor.TestRunner/TestRun/TestJobRunner.cs:108)
0x000001e99df821b8 (Mono JIT Code) UnityEditor.EditorApplication:Internal_CallUpdateFunctions ()
0x000001e8e6514785 (Mono JIT Code) (wrapper runtime-invoke) object:runtime_invoke_void (object,intptr,intptr,intptr)
0x00007fff3fd16e7e (mono-2.0-bdwgc) mono_jit_runtime_invoke (at C:/build/output/Unity-Technologies/mono/mono/mini/mini-runtime.c:3445)
0x00007fff3fc58874 (mono-2.0-bdwgc) do_runtime_invoke (at C:/build/output/Unity-Technologies/mono/mono/metadata/object.c:3068)
0x00007fff3fc58960 (mono-2.0-bdwgc) mono_runtime_invoke (at C:/build/output/Unity-Technologies/mono/mono/metadata/object.c:3115)
0x00007fff38e4cea4 (Unity) scripting_method_invoke
0x00007fff38e25433 (Unity) ScriptingInvocation::Invoke
0x00007fff38e20b35 (Unity) ScriptingInvocation::Invoke<void>
0x00007fff38f8b4bb (Unity) Scripting::UnityEditor::EditorApplicationProxy::Internal_CallUpdateFunctions
0x00007fff3a07e0e4 (Unity) SceneTracker::Update
0x00007fff39be1247 (Unity) Application::TickTimer
0x00007fff3a1b25ac (Unity) MainMessageLoop
0x00007fff3a1b9d1c (Unity) UnityMain
0x00007ff68b302f2a (Unity) __scrt_common_main_seh
0x00007fffddade8d7 (KERNEL32) BaseThreadInitThunk
0x00007fffde88c53c (ntdll) RtlUserThreadStart

[MouseTracker] PlayerInputHandler not found. Mouse compensation will be disabled.
0x00007fff38f222ae (Unity) StackWalker::ShowCallstack
0x00007fff38f31ee9 (Unity) PlatformStacktrace::GetStacktrace
0x00007fff3a1ac04e (Unity) Stacktrace::GetStacktrace
0x00007fff3a7859df (Unity) DebugStringToFile
0x00007fff37fd2930 (Unity) DebugLogHandler_CUSTOM_Internal_Log
0x000001e9766cbd3e (Mono JIT Code) (wrapper managed-to-native) UnityEngine.DebugLogHandler:Internal_Log_Injected (UnityEngine.LogType,UnityEngine.LogOption,UnityEngine.Bindings.ManagedSpanWrapper&,intptr)
0x000001e9766cbb43 (Mono JIT Code) UnityEngine.DebugLogHandler:Internal_Log (UnityEngine.LogType,UnityEngine.LogOption,string,UnityEngine.Object)
0x000001e9766cb7fb (Mono JIT Code) UnityEngine.DebugLogHandler:LogFormat (UnityEngine.LogType,UnityEngine.Object,string,object[])
0x000001e9766ca6ae (Mono JIT Code) UnityEngine.Logger:Log (UnityEngine.LogType,object)
0x000001e9aa2b404d (Mono JIT Code) UnityEngine.Debug:LogWarning (object)
0x000001e9aa2b33ab (Mono JIT Code) MouseTracker:Initialize (RecoilSystem) (at C:/Users/Ubuntu/Desktop/_DEV/AFFECT-2025-10-11/Assets/_SCRIPTS/_PLAYER/Recoil/MouseTracker.cs:80)
0x000001e976d36246 (Mono JIT Code) RecoilSystem:InitializeModules () (at C:/Users/Ubuntu/Desktop/_DEV/AFFECT-2025-10-11/Assets/_SCRIPTS/_PLAYER/Recoil/RecoilSystem.cs:203)
0x000001e976d33eb3 (Mono JIT Code) RecoilSystem:Initialize () (at C:/Users/Ubuntu/Desktop/_DEV/AFFECT-2025-10-11/Assets/_SCRIPTS/_PLAYER/Recoil/RecoilSystem.cs:165)
0x000001e976d333a3 (Mono JIT Code) RecoilSystem:ForceInitializeForTesting () (at C:/Users/Ubuntu/Desktop/_DEV/AFFECT-2025-10-11/Assets/_SCRIPTS/_PLAYER/Recoil/RecoilSystem.cs:632)
0x000001e976d3c213 (Mono JIT Code) RecoilSystemProperties:Property13_GracefulModuleDegradation () (at C:/Users/Ubuntu/Desktop/_DEV/AFFECT-2025-10-11/Assets/_SCRIPTS/Editor/Properties/RecoilSystemProperties.cs:269)
0x000001e9aa264548 (Mono JIT Code) (wrapper runtime-invoke) object:runtime_invoke_void__this__ (object,intptr,intptr,intptr)
0x00007fff3fd16e7e (mono-2.0-bdwgc) mono_jit_runtime_invoke (at C:/build/output/Unity-Technologies/mono/mono/mini/mini-runtime.c:3445)
0x00007fff3fc58874 (mono-2.0-bdwgc) do_runtime_invoke (at C:/build/output/Unity-Technologies/mono/mono/metadata/object.c:3068)
0x00007fff3fc5f926 (mono-2.0-bdwgc) mono_runtime_try_invoke_array (at C:/build/output/Unity-Technologies/mono/mono/metadata/object.c:5774)
0x00007fff3fb91b81 (mono-2.0-bdwgc) ves_icall_InternalInvoke (at C:/build/output/Unity-Technologies/mono/mono/metadata/icall.c:4038)
0x00007fff3fbb7e31 (mono-2.0-bdwgc) ves_icall_InternalInvoke_raw (at C:/build/output/Unity-Technologies/mono/mono/metadata/icall-def.h:692)
0x000001e8e22b0f92 (Mono JIT Code) (wrapper managed-to-native) System.Reflection.RuntimeMethodInfo:InternalInvoke (System.Reflection.RuntimeMethodInfo,object,object[],System.Exception&)
0x000001e8e3c7ea73 (Mono JIT Code) System.Reflection.RuntimeMethodInfo:Invoke (object,System.Reflection.BindingFlags,System.Reflection.Binder,object[],System.Globalization.CultureInfo)
0x000001e8db9555ef (Mono JIT Code) System.Reflection.MethodBase:Invoke (object,object[])
0x000001e9aa26e783 (Mono JIT Code) NUnit.Framework.Internal.Reflect:InvokeMethod (System.Reflection.MethodInfo,object,object[])
0x000001e9aa2760ab (Mono JIT Code) NUnit.Framework.Internal.MethodWrapper:Invoke (object,object[])
0x000001e9aa275f8a (Mono JIT Code) NUnit.Framework.Internal.Commands.TestMethodCommand:RunNonAsyncTestMethod (NUnit.Framework.Internal.ITestExecutionContext)
0x000001e9aa275dd3 (Mono JIT Code) NUnit.Framework.Internal.Commands.TestMethodCommand:RunTestMethod (NUnit.Framework.Internal.ITestExecutionContext)
0x000001e9aa275973 (Mono JIT Code) NUnit.Framework.Internal.Commands.TestMethodCommand:Execute (NUnit.Framework.Internal.ITestExecutionContext)
0x000001e9aa27556b (Mono JIT Code) UnityEngine.TestTools.UnityTestMethodCommand:Execute (NUnit.Framework.Internal.ITestExecutionContext) (at ./Library/PackageCache/com.unity.test-framework@40e262928427/UnityEngine.TestRunner/NUnitExtensions/Commands/UnityTestMethodCommand.cs:19)
0x000001e9aa2752fb (Mono JIT Code) UnityEngine.TestRunner.NUnitExtensions.Runner.UnityLogCheckDelegatingCommand/<>c__DisplayClass2_0:<Execute>b__0 () (at ./Library/PackageCache/com.unity.test-framework@40e262928427/UnityEngine.TestRunner/NUnitExtensions/Runner/UnityLogCheckDelegatingCommand.cs:24)
0x000001e9aa275123 (Mono JIT Code) UnityEngine.TestRunner.NUnitExtensions.Runner.UnityLogCheckDelegatingCommand:CaptureException (NUnit.Framework.Internal.TestResult,System.Action) (at ./Library/PackageCache/com.unity.test-framework@40e262928427/UnityEngine.TestRunner/NUnitExtensions/Runner/UnityLogCheckDelegatingCommand.cs:72)
0x000001e9aa274fb3 (Mono JIT Code) UnityEngine.TestRunner.NUnitExtensions.Runner.UnityLogCheckDelegatingCommand:ExecuteAndCheckLog (UnityEngine.TestTools.Logging.LogScope,NUnit.Framework.Internal.TestResult,System.Action) (at ./Library/PackageCache/com.unity.test-framework@40e262928427/UnityEngine.TestRunner/NUnitExtensions/Runner/UnityLogCheckDelegatingCommand.cs:83)
0x000001e9aa274c3b (Mono JIT Code) UnityEngine.TestRunner.NUnitExtensions.Runner.UnityLogCheckDelegatingCommand:Execute (NUnit.Framework.Internal.ITestExecutionContext) (at ./Library/PackageCache/com.unity.test-framework@40e262928427/UnityEngine.TestRunner/NUnitExtensions/Runner/UnityLogCheckDelegatingCommand.cs:24)
0x000001e9aa273c19 (Mono JIT Code) UnityEngine.TestRunner.NUnitExtensions.Runner.UnityLogCheckDelegatingCommand/<ExecuteEnumerable>d__3:MoveNext () (at ./Library/PackageCache/com.unity.test-framework@40e262928427/UnityEngine.TestRunner/NUnitExtensions/Runner/UnityLogCheckDelegatingCommand.cs:35)
0x000001e9aa251e01 (Mono JIT Code) UnityEngine.TestTools.BeforeAfterTestCommandBase`1/<ExecuteEnumerable>d__16<T_REF>:MoveNext () (at ./Library/PackageCache/com.unity.test-framework@40e262928427/UnityEngine.TestRunner/NUnitExtensions/Commands/BeforeAfterTestCommandBase.cs:212)
0x000001e9aa272fb6 (Mono JIT Code) UnityEngine.TestTools.ImmediateEnumerableCommand:Execute (NUnit.Framework.Internal.ITestExecutionContext) (at ./Library/PackageCache/com.unity.test-framework@40e262928427/UnityEngine.TestRunner/NUnitExtensions/Commands/ImmediateEnumerableCommand.cs:18)
0x000001e9aa251f01 (Mono JIT Code) UnityEngine.TestTools.BeforeAfterTestCommandBase`1/<ExecuteEnumerable>d__16<T_REF>:MoveNext () (at ./Library/PackageCache/com.unity.test-framework@40e262928427/UnityEngine.TestRunner/NUnitExtensions/Commands/BeforeAfterTestCommandBase.cs:219)
0x000001e9aa251e01 (Mono JIT Code) UnityEngine.TestTools.BeforeAfterTestCommandBase`1/<ExecuteEnumerable>d__16<T_REF>:MoveNext () (at ./Library/PackageCache/com.unity.test-framework@40e262928427/UnityEngine.TestRunner/NUnitExtensions/Commands/BeforeAfterTestCommandBase.cs:212)
0x000001e9aa251e01 (Mono JIT Code) UnityEngine.TestTools.BeforeAfterTestCommandBase`1/<ExecuteEnumerable>d__16<T_REF>:MoveNext () (at ./Library/PackageCache/com.unity.test-framework@40e262928427/UnityEngine.TestRunner/NUnitExtensions/Commands/BeforeAfterTestCommandBase.cs:212)
0x000001e9aa26b457 (Mono JIT Code) UnityEngine.TestTools.RetryCommand/<ExecuteEnumerable>d__2:MoveNext () (at ./Library/PackageCache/com.unity.test-framework@40e262928427/UnityEngine.TestRunner/NUnitExtensions/Commands/RetryCommand.cs:37)
0x000001e9aa269f2f (Mono JIT Code) UnityEngine.TestTools.RepeatCommand/<ExecuteEnumerable>d__2:MoveNext () (at ./Library/PackageCache/com.unity.test-framework@40e262928427/UnityEngine.TestRunner/NUnitExtensions/Commands/RepeatCommand.cs:36)
0x000001e9aa268fa6 (Mono JIT Code) UnityEngine.TestTools.IgnoreTestCommand/<ExecuteEnumerable>d__3:MoveNext () (at ./Library/PackageCache/com.unity.test-framework@40e262928427/UnityEngine.TestRunner/NUnitExtensions/Commands/IgnoreTestCommand.cs:42)
0x000001e9aa267c7f (Mono JIT Code) UnityEngine.TestTools.StrictCheckCommand/<ExecuteEnumerable>d__2:MoveNext () (at ./Library/PackageCache/com.unity.test-framework@40e262928427/UnityEngine.TestRunner/NUnitExtensions/Commands/StrictCheckCommand.cs:29)
0x000001e9aa266fe1 (Mono JIT Code) UnityEngine.TestRunner.NUnitExtensions.Runner.DefaultTestWorkItem/<PerformWork>d__2:MoveNext () (at ./Library/PackageCache/com.unity.test-framework@40e262928427/UnityEngine.TestRunner/NUnitExtensions/Runner/DefaultTestWorkItem.cs:50)
0x000001e9aa255e12 (Mono JIT Code) UnityEngine.TestRunner.NUnitExtensions.Runner.CompositeWorkItem/<RunChildren>d__17:MoveNext () (at ./Library/PackageCache/com.unity.test-framework@40e262928427/UnityEngine.TestRunner/NUnitExtensions/Runner/CompositeWorkItem.cs:207)
0x000001e9aa247756 (Mono JIT Code) UnityEngine.TestRunner.NUnitExtensions.Runner.CompositeWorkItem/<PerformWork>d__13:MoveNext () (at ./Library/PackageCache/com.unity.test-framework@40e262928427/UnityEngine.TestRunner/NUnitExtensions/Runner/CompositeWorkItem.cs:82)
0x000001e9aa255e12 (Mono JIT Code) UnityEngine.TestRunner.NUnitExtensions.Runner.CompositeWorkItem/<RunChildren>d__17:MoveNext () (at ./Library/PackageCache/com.unity.test-framework@40e262928427/UnityEngine.TestRunner/NUnitExtensions/Runner/CompositeWorkItem.cs:207)
0x000001e9aa247756 (Mono JIT Code) UnityEngine.TestRunner.NUnitExtensions.Runner.CompositeWorkItem/<PerformWork>d__13:MoveNext () (at ./Library/PackageCache/com.unity.test-framework@40e262928427/UnityEngine.TestRunner/NUnitExtensions/Runner/CompositeWorkItem.cs:82)
0x000001e9aa255e12 (Mono JIT Code) UnityEngine.TestRunner.NUnitExtensions.Runner.CompositeWorkItem/<RunChildren>d__17:MoveNext () (at ./Library/PackageCache/com.unity.test-framework@40e262928427/UnityEngine.TestRunner/NUnitExtensions/Runner/CompositeWorkItem.cs:207)
0x000001e9aa247756 (Mono JIT Code) UnityEngine.TestRunner.NUnitExtensions.Runner.CompositeWorkItem/<PerformWork>d__13:MoveNext () (at ./Library/PackageCache/com.unity.test-framework@40e262928427/UnityEngine.TestRunner/NUnitExtensions/Runner/CompositeWorkItem.cs:82)
0x000001e9aa245fcc (Mono JIT Code) UnityEditor.TestTools.TestRunner.EditModeRunner:MoveNextAndUpdateYieldObject () (at ./Library/PackageCache/com.unity.test-framework@40e262928427/UnityEditor.TestRunner/TestRunner/EditModeRunner.cs:167)
0x000001e9aa245b7b (Mono JIT Code) UnityEditor.TestTools.TestRunner.EditModeRunner:TestConsumer (UnityEditor.TestTools.TestRunner.TestRunnerStateSerializer) (at ./Library/PackageCache/com.unity.test-framework@40e262928427/UnityEditor.TestRunner/TestRunner/EditModeRunner.cs:200)
0x000001e9aa23c173 (Mono JIT Code) UnityEditor.TestTools.TestRunner.TestRun.Tasks.EditModeRunTask/<Execute>d__1:MoveNext () (at ./Library/PackageCache/com.unity.test-framework@40e262928427/UnityEditor.TestRunner/TestRun/Tasks/EditModeRunTask.cs:48)
0x000001e977129d5e (Mono JIT Code) UnityEditor.TestTools.TestRunner.TestRun.TestJobRunner:ExecuteStep () (at ./Library/PackageCache/com.unity.test-framework@40e262928427/UnityEditor.TestRunner/TestRun/TestJobRunner.cs:173)
0x000001e977128953 (Mono JIT Code) UnityEditor.TestTools.TestRunner.TestRun.TestJobRunner:ExecuteCallback () (at ./Library/PackageCache/com.unity.test-framework@40e262928427/UnityEditor.TestRunner/TestRun/TestJobRunner.cs:108)
0x000001e99df821b8 (Mono JIT Code) UnityEditor.EditorApplication:Internal_CallUpdateFunctions ()
0x000001e8e6514785 (Mono JIT Code) (wrapper runtime-invoke) object:runtime_invoke_void (object,intptr,intptr,intptr)
0x00007fff3fd16e7e (mono-2.0-bdwgc) mono_jit_runtime_invoke (at C:/build/output/Unity-Technologies/mono/mono/mini/mini-runtime.c:3445)
0x00007fff3fc58874 (mono-2.0-bdwgc) do_runtime_invoke (at C:/build/output/Unity-Technologies/mono/mono/metadata/object.c:3068)
0x00007fff3fc58960 (mono-2.0-bdwgc) mono_runtime_invoke (at C:/build/output/Unity-Technologies/mono/mono/metadata/object.c:3115)
0x00007fff38e4cea4 (Unity) scripting_method_invoke
0x00007fff38e25433 (Unity) ScriptingInvocation::Invoke
0x00007fff38e20b35 (Unity) ScriptingInvocation::Invoke<void>
0x00007fff38f8b4bb (Unity) Scripting::UnityEditor::EditorApplicationProxy::Internal_CallUpdateFunctions
0x00007fff3a07e0e4 (Unity) SceneTracker::Update
0x00007fff39be1247 (Unity) Application::TickTimer
0x00007fff3a1b25ac (Unity) MainMessageLoop
0x00007fff3a1b9d1c (Unity) UnityMain
0x00007ff68b302f2a (Unity) __scrt_common_main_seh
0x00007fffddade8d7 (KERNEL32) BaseThreadInitThunk
0x00007fffde88c53c (ntdll) RtlUserThreadStart

[MouseTracker] PlayerInputHandler not found. Mouse compensation will be disabled.
0x00007fff38f222ae (Unity) StackWalker::ShowCallstack
0x00007fff38f31ee9 (Unity) PlatformStacktrace::GetStacktrace
0x00007fff3a1ac04e (Unity) Stacktrace::GetStacktrace
0x00007fff3a7859df (Unity) DebugStringToFile
0x00007fff37fd2930 (Unity) DebugLogHandler_CUSTOM_Internal_Log
0x000001e9766cbd3e (Mono JIT Code) (wrapper managed-to-native) UnityEngine.DebugLogHandler:Internal_Log_Injected (UnityEngine.LogType,UnityEngine.LogOption,UnityEngine.Bindings.ManagedSpanWrapper&,intptr)
0x000001e9766cbb43 (Mono JIT Code) UnityEngine.DebugLogHandler:Internal_Log (UnityEngine.LogType,UnityEngine.LogOption,string,UnityEngine.Object)
0x000001e9766cb7fb (Mono JIT Code) UnityEngine.DebugLogHandler:LogFormat (UnityEngine.LogType,UnityEngine.Object,string,object[])
0x000001e9766ca6ae (Mono JIT Code) UnityEngine.Logger:Log (UnityEngine.LogType,object)
0x000001e9aa2b404d (Mono JIT Code) UnityEngine.Debug:LogWarning (object)
0x000001e9aa2b33ab (Mono JIT Code) MouseTracker:Initialize (RecoilSystem) (at C:/Users/Ubuntu/Desktop/_DEV/AFFECT-2025-10-11/Assets/_SCRIPTS/_PLAYER/Recoil/MouseTracker.cs:80)
0x000001e976d36246 (Mono JIT Code) RecoilSystem:InitializeModules () (at C:/Users/Ubuntu/Desktop/_DEV/AFFECT-2025-10-11/Assets/_SCRIPTS/_PLAYER/Recoil/RecoilSystem.cs:203)
0x000001e976d33eb3 (Mono JIT Code) RecoilSystem:Initialize () (at C:/Users/Ubuntu/Desktop/_DEV/AFFECT-2025-10-11/Assets/_SCRIPTS/_PLAYER/Recoil/RecoilSystem.cs:165)
0x000001e976d333a3 (Mono JIT Code) RecoilSystem:ForceInitializeForTesting () (at C:/Users/Ubuntu/Desktop/_DEV/AFFECT-2025-10-11/Assets/_SCRIPTS/_PLAYER/Recoil/RecoilSystem.cs:632)
0x000001e976d3c213 (Mono JIT Code) RecoilSystemProperties:Property13_GracefulModuleDegradation () (at C:/Users/Ubuntu/Desktop/_DEV/AFFECT-2025-10-11/Assets/_SCRIPTS/Editor/Properties/RecoilSystemProperties.cs:269)
0x000001e9aa264548 (Mono JIT Code) (wrapper runtime-invoke) object:runtime_invoke_void__this__ (object,intptr,intptr,intptr)
0x00007fff3fd16e7e (mono-2.0-bdwgc) mono_jit_runtime_invoke (at C:/build/output/Unity-Technologies/mono/mono/mini/mini-runtime.c:3445)
0x00007fff3fc58874 (mono-2.0-bdwgc) do_runtime_invoke (at C:/build/output/Unity-Technologies/mono/mono/metadata/object.c:3068)
0x00007fff3fc5f926 (mono-2.0-bdwgc) mono_runtime_try_invoke_array (at C:/build/output/Unity-Technologies/mono/mono/metadata/object.c:5774)
0x00007fff3fb91b81 (mono-2.0-bdwgc) ves_icall_InternalInvoke (at C:/build/output/Unity-Technologies/mono/mono/metadata/icall.c:4038)
0x00007fff3fbb7e31 (mono-2.0-bdwgc) ves_icall_InternalInvoke_raw (at C:/build/output/Unity-Technologies/mono/mono/metadata/icall-def.h:692)
0x000001e8e22b0f92 (Mono JIT Code) (wrapper managed-to-native) System.Reflection.RuntimeMethodInfo:InternalInvoke (System.Reflection.RuntimeMethodInfo,object,object[],System.Exception&)
0x000001e8e3c7ea73 (Mono JIT Code) System.Reflection.RuntimeMethodInfo:Invoke (object,System.Reflection.BindingFlags,System.Reflection.Binder,object[],System.Globalization.CultureInfo)
0x000001e8db9555ef (Mono JIT Code) System.Reflection.MethodBase:Invoke (object,object[])
0x000001e9aa26e783 (Mono JIT Code) NUnit.Framework.Internal.Reflect:InvokeMethod (System.Reflection.MethodInfo,object,object[])
0x000001e9aa2760ab (Mono JIT Code) NUnit.Framework.Internal.MethodWrapper:Invoke (object,object[])
0x000001e9aa275f8a (Mono JIT Code) NUnit.Framework.Internal.Commands.TestMethodCommand:RunNonAsyncTestMethod (NUnit.Framework.Internal.ITestExecutionContext)
0x000001e9aa275dd3 (Mono JIT Code) NUnit.Framework.Internal.Commands.TestMethodCommand:RunTestMethod (NUnit.Framework.Internal.ITestExecutionContext)
0x000001e9aa275973 (Mono JIT Code) NUnit.Framework.Internal.Commands.TestMethodCommand:Execute (NUnit.Framework.Internal.ITestExecutionContext)
0x000001e9aa27556b (Mono JIT Code) UnityEngine.TestTools.UnityTestMethodCommand:Execute (NUnit.Framework.Internal.ITestExecutionContext) (at ./Library/PackageCache/com.unity.test-framework@40e262928427/UnityEngine.TestRunner/NUnitExtensions/Commands/UnityTestMethodCommand.cs:19)
0x000001e9aa2752fb (Mono JIT Code) UnityEngine.TestRunner.NUnitExtensions.Runner.UnityLogCheckDelegatingCommand/<>c__DisplayClass2_0:<Execute>b__0 () (at ./Library/PackageCache/com.unity.test-framework@40e262928427/UnityEngine.TestRunner/NUnitExtensions/Runner/UnityLogCheckDelegatingCommand.cs:24)
0x000001e9aa275123 (Mono JIT Code) UnityEngine.TestRunner.NUnitExtensions.Runner.UnityLogCheckDelegatingCommand:CaptureException (NUnit.Framework.Internal.TestResult,System.Action) (at ./Library/PackageCache/com.unity.test-framework@40e262928427/UnityEngine.TestRunner/NUnitExtensions/Runner/UnityLogCheckDelegatingCommand.cs:72)
0x000001e9aa274fb3 (Mono JIT Code) UnityEngine.TestRunner.NUnitExtensions.Runner.UnityLogCheckDelegatingCommand:ExecuteAndCheckLog (UnityEngine.TestTools.Logging.LogScope,NUnit.Framework.Internal.TestResult,System.Action) (at ./Library/PackageCache/com.unity.test-framework@40e262928427/UnityEngine.TestRunner/NUnitExtensions/Runner/UnityLogCheckDelegatingCommand.cs:83)
0x000001e9aa274c3b (Mono JIT Code) UnityEngine.TestRunner.NUnitExtensions.Runner.UnityLogCheckDelegatingCommand:Execute (NUnit.Framework.Internal.ITestExecutionContext) (at ./Library/PackageCache/com.unity.test-framework@40e262928427/UnityEngine.TestRunner/NUnitExtensions/Runner/UnityLogCheckDelegatingCommand.cs:24)
0x000001e9aa273c19 (Mono JIT Code) UnityEngine.TestRunner.NUnitExtensions.Runner.UnityLogCheckDelegatingCommand/<ExecuteEnumerable>d__3:MoveNext () (at ./Library/PackageCache/com.unity.test-framework@40e262928427/UnityEngine.TestRunner/NUnitExtensions/Runner/UnityLogCheckDelegatingCommand.cs:35)
0x000001e9aa251e01 (Mono JIT Code) UnityEngine.TestTools.BeforeAfterTestCommandBase`1/<ExecuteEnumerable>d__16<T_REF>:MoveNext () (at ./Library/PackageCache/com.unity.test-framework@40e262928427/UnityEngine.TestRunner/NUnitExtensions/Commands/BeforeAfterTestCommandBase.cs:212)
0x000001e9aa272fb6 (Mono JIT Code) UnityEngine.TestTools.ImmediateEnumerableCommand:Execute (NUnit.Framework.Internal.ITestExecutionContext) (at ./Library/PackageCache/com.unity.test-framework@40e262928427/UnityEngine.TestRunner/NUnitExtensions/Commands/ImmediateEnumerableCommand.cs:18)
0x000001e9aa251f01 (Mono JIT Code) UnityEngine.TestTools.BeforeAfterTestCommandBase`1/<ExecuteEnumerable>d__16<T_REF>:MoveNext () (at ./Library/PackageCache/com.unity.test-framework@40e262928427/UnityEngine.TestRunner/NUnitExtensions/Commands/BeforeAfterTestCommandBase.cs:219)
0x000001e9aa251e01 (Mono JIT Code) UnityEngine.TestTools.BeforeAfterTestCommandBase`1/<ExecuteEnumerable>d__16<T_REF>:MoveNext () (at ./Library/PackageCache/com.unity.test-framework@40e262928427/UnityEngine.TestRunner/NUnitExtensions/Commands/BeforeAfterTestCommandBase.cs:212)
0x000001e9aa251e01 (Mono JIT Code) UnityEngine.TestTools.BeforeAfterTestCommandBase`1/<ExecuteEnumerable>d__16<T_REF>:MoveNext () (at ./Library/PackageCache/com.unity.test-framework@40e262928427/UnityEngine.TestRunner/NUnitExtensions/Commands/BeforeAfterTestCommandBase.cs:212)
0x000001e9aa26b457 (Mono JIT Code) UnityEngine.TestTools.RetryCommand/<ExecuteEnumerable>d__2:MoveNext () (at ./Library/PackageCache/com.unity.test-framework@40e262928427/UnityEngine.TestRunner/NUnitExtensions/Commands/RetryCommand.cs:37)
0x000001e9aa269f2f (Mono JIT Code) UnityEngine.TestTools.RepeatCommand/<ExecuteEnumerable>d__2:MoveNext () (at ./Library/PackageCache/com.unity.test-framework@40e262928427/UnityEngine.TestRunner/NUnitExtensions/Commands/RepeatCommand.cs:36)
0x000001e9aa268fa6 (Mono JIT Code) UnityEngine.TestTools.IgnoreTestCommand/<ExecuteEnumerable>d__3:MoveNext () (at ./Library/PackageCache/com.unity.test-framework@40e262928427/UnityEngine.TestRunner/NUnitExtensions/Commands/IgnoreTestCommand.cs:42)
0x000001e9aa267c7f (Mono JIT Code) UnityEngine.TestTools.StrictCheckCommand/<ExecuteEnumerable>d__2:MoveNext () (at ./Library/PackageCache/com.unity.test-framework@40e262928427/UnityEngine.TestRunner/NUnitExtensions/Commands/StrictCheckCommand.cs:29)
0x000001e9aa266fe1 (Mono JIT Code) UnityEngine.TestRunner.NUnitExtensions.Runner.DefaultTestWorkItem/<PerformWork>d__2:MoveNext () (at ./Library/PackageCache/com.unity.test-framework@40e262928427/UnityEngine.TestRunner/NUnitExtensions/Runner/DefaultTestWorkItem.cs:50)
0x000001e9aa255e12 (Mono JIT Code) UnityEngine.TestRunner.NUnitExtensions.Runner.CompositeWorkItem/<RunChildren>d__17:MoveNext () (at ./Library/PackageCache/com.unity.test-framework@40e262928427/UnityEngine.TestRunner/NUnitExtensions/Runner/CompositeWorkItem.cs:207)
0x000001e9aa247756 (Mono JIT Code) UnityEngine.TestRunner.NUnitExtensions.Runner.CompositeWorkItem/<PerformWork>d__13:MoveNext () (at ./Library/PackageCache/com.unity.test-framework@40e262928427/UnityEngine.TestRunner/NUnitExtensions/Runner/CompositeWorkItem.cs:82)
0x000001e9aa255e12 (Mono JIT Code) UnityEngine.TestRunner.NUnitExtensions.Runner.CompositeWorkItem/<RunChildren>d__17:MoveNext () (at ./Library/PackageCache/com.unity.test-framework@40e262928427/UnityEngine.TestRunner/NUnitExtensions/Runner/CompositeWorkItem.cs:207)
0x000001e9aa247756 (Mono JIT Code) UnityEngine.TestRunner.NUnitExtensions.Runner.CompositeWorkItem/<PerformWork>d__13:MoveNext () (at ./Library/PackageCache/com.unity.test-framework@40e262928427/UnityEngine.TestRunner/NUnitExtensions/Runner/CompositeWorkItem.cs:82)
0x000001e9aa255e12 (Mono JIT Code) UnityEngine.TestRunner.NUnitExtensions.Runner.CompositeWorkItem/<RunChildren>d__17:MoveNext () (at ./Library/PackageCache/com.unity.test-framework@40e262928427/UnityEngine.TestRunner/NUnitExtensions/Runner/CompositeWorkItem.cs:207)
0x000001e9aa247756 (Mono JIT Code) UnityEngine.TestRunner.NUnitExtensions.Runner.CompositeWorkItem/<PerformWork>d__13:MoveNext () (at ./Library/PackageCache/com.unity.test-framework@40e262928427/UnityEngine.TestRunner/NUnitExtensions/Runner/CompositeWorkItem.cs:82)
0x000001e9aa245fcc (Mono JIT Code) UnityEditor.TestTools.TestRunner.EditModeRunner:MoveNextAndUpdateYieldObject () (at ./Library/PackageCache/com.unity.test-framework@40e262928427/UnityEditor.TestRunner/TestRunner/EditModeRunner.cs:167)
0x000001e9aa245b7b (Mono JIT Code) UnityEditor.TestTools.TestRunner.EditModeRunner:TestConsumer (UnityEditor.TestTools.TestRunner.TestRunnerStateSerializer) (at ./Library/PackageCache/com.unity.test-framework@40e262928427/UnityEditor.TestRunner/TestRunner/EditModeRunner.cs:200)
0x000001e9aa23c173 (Mono JIT Code) UnityEditor.TestTools.TestRunner.TestRun.Tasks.EditModeRunTask/<Execute>d__1:MoveNext () (at ./Library/PackageCache/com.unity.test-framework@40e262928427/UnityEditor.TestRunner/TestRun/Tasks/EditModeRunTask.cs:48)
0x000001e977129d5e (Mono JIT Code) UnityEditor.TestTools.TestRunner.TestRun.TestJobRunner:ExecuteStep () (at ./Library/PackageCache/com.unity.test-framework@40e262928427/UnityEditor.TestRunner/TestRun/TestJobRunner.cs:173)
0x000001e977128953 (Mono JIT Code) UnityEditor.TestTools.TestRunner.TestRun.TestJobRunner:ExecuteCallback () (at ./Library/PackageCache/com.unity.test-framework@40e262928427/UnityEditor.TestRunner/TestRun/TestJobRunner.cs:108)
0x000001e99df821b8 (Mono JIT Code) UnityEditor.EditorApplication:Internal_CallUpdateFunctions ()
0x000001e8e6514785 (Mono JIT Code) (wrapper runtime-invoke) object:runtime_invoke_void (object,intptr,intptr,intptr)
0x00007fff3fd16e7e (mono-2.0-bdwgc) mono_jit_runtime_invoke (at C:/build/output/Unity-Technologies/mono/mono/mini/mini-runtime.c:3445)
0x00007fff3fc58874 (mono-2.0-bdwgc) do_runtime_invoke (at C:/build/output/Unity-Technologies/mono/mono/metadata/object.c:3068)
0x00007fff3fc58960 (mono-2.0-bdwgc) mono_runtime_invoke (at C:/build/output/Unity-Technologies/mono/mono/metadata/object.c:3115)
0x00007fff38e4cea4 (Unity) scripting_method_invoke
0x00007fff38e25433 (Unity) ScriptingInvocation::Invoke
0x00007fff38e20b35 (Unity) ScriptingInvocation::Invoke<void>
0x00007fff38f8b4bb (Unity) Scripting::UnityEditor::EditorApplicationProxy::Internal_CallUpdateFunctions
0x00007fff3a07e0e4 (Unity) SceneTracker::Update
0x00007fff39be1247 (Unity) Application::TickTimer
0x00007fff3a1b25ac (Unity) MainMessageLoop
0x00007fff3a1b9d1c (Unity) UnityMain
0x00007ff68b302f2a (Unity) __scrt_common_main_seh
0x00007fffddade8d7 (KERNEL32) BaseThreadInitThunk
0x00007fffde88c53c (ntdll) RtlUserThreadStart

[MouseTracker] PlayerInputHandler not found. Mouse compensation will be disabled.
0x00007fff38f222ae (Unity) StackWalker::ShowCallstack
0x00007fff38f31ee9 (Unity) PlatformStacktrace::GetStacktrace
0x00007fff3a1ac04e (Unity) Stacktrace::GetStacktrace
0x00007fff3a7859df (Unity) DebugStringToFile
0x00007fff37fd2930 (Unity) DebugLogHandler_CUSTOM_Internal_Log
0x000001e9766cbd3e (Mono JIT Code) (wrapper managed-to-native) UnityEngine.DebugLogHandler:Internal_Log_Injected (UnityEngine.LogType,UnityEngine.LogOption,UnityEngine.Bindings.ManagedSpanWrapper&,intptr)
0x000001e9766cbb43 (Mono JIT Code) UnityEngine.DebugLogHandler:Internal_Log (UnityEngine.LogType,UnityEngine.LogOption,string,UnityEngine.Object)
0x000001e9766cb7fb (Mono JIT Code) UnityEngine.DebugLogHandler:LogFormat (UnityEngine.LogType,UnityEngine.Object,string,object[])
0x000001e9766ca6ae (Mono JIT Code) UnityEngine.Logger:Log (UnityEngine.LogType,object)
0x000001e9aa2b404d (Mono JIT Code) UnityEngine.Debug:LogWarning (object)
0x000001e9aa2b33ab (Mono JIT Code) MouseTracker:Initialize (RecoilSystem) (at C:/Users/Ubuntu/Desktop/_DEV/AFFECT-2025-10-11/Assets/_SCRIPTS/_PLAYER/Recoil/MouseTracker.cs:80)
0x000001e976d36246 (Mono JIT Code) RecoilSystem:InitializeModules () (at C:/Users/Ubuntu/Desktop/_DEV/AFFECT-2025-10-11/Assets/_SCRIPTS/_PLAYER/Recoil/RecoilSystem.cs:203)
0x000001e976d33eb3 (Mono JIT Code) RecoilSystem:Initialize () (at C:/Users/Ubuntu/Desktop/_DEV/AFFECT-2025-10-11/Assets/_SCRIPTS/_PLAYER/Recoil/RecoilSystem.cs:165)
0x000001e976d333a3 (Mono JIT Code) RecoilSystem:ForceInitializeForTesting () (at C:/Users/Ubuntu/Desktop/_DEV/AFFECT-2025-10-11/Assets/_SCRIPTS/_PLAYER/Recoil/RecoilSystem.cs:632)
0x000001e976d3c213 (Mono JIT Code) RecoilSystemProperties:Property13_GracefulModuleDegradation () (at C:/Users/Ubuntu/Desktop/_DEV/AFFECT-2025-10-11/Assets/_SCRIPTS/Editor/Properties/RecoilSystemProperties.cs:269)
0x000001e9aa264548 (Mono JIT Code) (wrapper runtime-invoke) object:runtime_invoke_void__this__ (object,intptr,intptr,intptr)
0x00007fff3fd16e7e (mono-2.0-bdwgc) mono_jit_runtime_invoke (at C:/build/output/Unity-Technologies/mono/mono/mini/mini-runtime.c:3445)
0x00007fff3fc58874 (mono-2.0-bdwgc) do_runtime_invoke (at C:/build/output/Unity-Technologies/mono/mono/metadata/object.c:3068)
0x00007fff3fc5f926 (mono-2.0-bdwgc) mono_runtime_try_invoke_array (at C:/build/output/Unity-Technologies/mono/mono/metadata/object.c:5774)
0x00007fff3fb91b81 (mono-2.0-bdwgc) ves_icall_InternalInvoke (at C:/build/output/Unity-Technologies/mono/mono/metadata/icall.c:4038)
0x00007fff3fbb7e31 (mono-2.0-bdwgc) ves_icall_InternalInvoke_raw (at C:/build/output/Unity-Technologies/mono/mono/metadata/icall-def.h:692)
0x000001e8e22b0f92 (Mono JIT Code) (wrapper managed-to-native) System.Reflection.RuntimeMethodInfo:InternalInvoke (System.Reflection.RuntimeMethodInfo,object,object[],System.Exception&)
0x000001e8e3c7ea73 (Mono JIT Code) System.Reflection.RuntimeMethodInfo:Invoke (object,System.Reflection.BindingFlags,System.Reflection.Binder,object[],System.Globalization.CultureInfo)
0x000001e8db9555ef (Mono JIT Code) System.Reflection.MethodBase:Invoke (object,object[])
0x000001e9aa26e783 (Mono JIT Code) NUnit.Framework.Internal.Reflect:InvokeMethod (System.Reflection.MethodInfo,object,object[])
0x000001e9aa2760ab (Mono JIT Code) NUnit.Framework.Internal.MethodWrapper:Invoke (object,object[])
0x000001e9aa275f8a (Mono JIT Code) NUnit.Framework.Internal.Commands.TestMethodCommand:RunNonAsyncTestMethod (NUnit.Framework.Internal.ITestExecutionContext)
0x000001e9aa275dd3 (Mono JIT Code) NUnit.Framework.Internal.Commands.TestMethodCommand:RunTestMethod (NUnit.Framework.Internal.ITestExecutionContext)
0x000001e9aa275973 (Mono JIT Code) NUnit.Framework.Internal.Commands.TestMethodCommand:Execute (NUnit.Framework.Internal.ITestExecutionContext)
0x000001e9aa27556b (Mono JIT Code) UnityEngine.TestTools.UnityTestMethodCommand:Execute (NUnit.Framework.Internal.ITestExecutionContext) (at ./Library/PackageCache/com.unity.test-framework@40e262928427/UnityEngine.TestRunner/NUnitExtensions/Commands/UnityTestMethodCommand.cs:19)
0x000001e9aa2752fb (Mono JIT Code) UnityEngine.TestRunner.NUnitExtensions.Runner.UnityLogCheckDelegatingCommand/<>c__DisplayClass2_0:<Execute>b__0 () (at ./Library/PackageCache/com.unity.test-framework@40e262928427/UnityEngine.TestRunner/NUnitExtensions/Runner/UnityLogCheckDelegatingCommand.cs:24)
0x000001e9aa275123 (Mono JIT Code) UnityEngine.TestRunner.NUnitExtensions.Runner.UnityLogCheckDelegatingCommand:CaptureException (NUnit.Framework.Internal.TestResult,System.Action) (at ./Library/PackageCache/com.unity.test-framework@40e262928427/UnityEngine.TestRunner/NUnitExtensions/Runner/UnityLogCheckDelegatingCommand.cs:72)
0x000001e9aa274fb3 (Mono JIT Code) UnityEngine.TestRunner.NUnitExtensions.Runner.UnityLogCheckDelegatingCommand:ExecuteAndCheckLog (UnityEngine.TestTools.Logging.LogScope,NUnit.Framework.Internal.TestResult,System.Action) (at ./Library/PackageCache/com.unity.test-framework@40e262928427/UnityEngine.TestRunner/NUnitExtensions/Runner/UnityLogCheckDelegatingCommand.cs:83)
0x000001e9aa274c3b (Mono JIT Code) UnityEngine.TestRunner.NUnitExtensions.Runner.UnityLogCheckDelegatingCommand:Execute (NUnit.Framework.Internal.ITestExecutionContext) (at ./Library/PackageCache/com.unity.test-framework@40e262928427/UnityEngine.TestRunner/NUnitExtensions/Runner/UnityLogCheckDelegatingCommand.cs:24)
0x000001e9aa273c19 (Mono JIT Code) UnityEngine.TestRunner.NUnitExtensions.Runner.UnityLogCheckDelegatingCommand/<ExecuteEnumerable>d__3:MoveNext () (at ./Library/PackageCache/com.unity.test-framework@40e262928427/UnityEngine.TestRunner/NUnitExtensions/Runner/UnityLogCheckDelegatingCommand.cs:35)
0x000001e9aa251e01 (Mono JIT Code) UnityEngine.TestTools.BeforeAfterTestCommandBase`1/<ExecuteEnumerable>d__16<T_REF>:MoveNext () (at ./Library/PackageCache/com.unity.test-framework@40e262928427/UnityEngine.TestRunner/NUnitExtensions/Commands/BeforeAfterTestCommandBase.cs:212)
0x000001e9aa272fb6 (Mono JIT Code) UnityEngine.TestTools.ImmediateEnumerableCommand:Execute (NUnit.Framework.Internal.ITestExecutionContext) (at ./Library/PackageCache/com.unity.test-framework@40e262928427/UnityEngine.TestRunner/NUnitExtensions/Commands/ImmediateEnumerableCommand.cs:18)
0x000001e9aa251f01 (Mono JIT Code) UnityEngine.TestTools.BeforeAfterTestCommandBase`1/<ExecuteEnumerable>d__16<T_REF>:MoveNext () (at ./Library/PackageCache/com.unity.test-framework@40e262928427/UnityEngine.TestRunner/NUnitExtensions/Commands/BeforeAfterTestCommandBase.cs:219)
0x000001e9aa251e01 (Mono JIT Code) UnityEngine.TestTools.BeforeAfterTestCommandBase`1/<ExecuteEnumerable>d__16<T_REF>:MoveNext () (at ./Library/PackageCache/com.unity.test-framework@40e262928427/UnityEngine.TestRunner/NUnitExtensions/Commands/BeforeAfterTestCommandBase.cs:212)
0x000001e9aa251e01 (Mono JIT Code) UnityEngine.TestTools.BeforeAfterTestCommandBase`1/<ExecuteEnumerable>d__16<T_REF>:MoveNext () (at ./Library/PackageCache/com.unity.test-framework@40e262928427/UnityEngine.TestRunner/NUnitExtensions/Commands/BeforeAfterTestCommandBase.cs:212)
0x000001e9aa26b457 (Mono JIT Code) UnityEngine.TestTools.RetryCommand/<ExecuteEnumerable>d__2:MoveNext () (at ./Library/PackageCache/com.unity.test-framework@40e262928427/UnityEngine.TestRunner/NUnitExtensions/Commands/RetryCommand.cs:37)
0x000001e9aa269f2f (Mono JIT Code) UnityEngine.TestTools.RepeatCommand/<ExecuteEnumerable>d__2:MoveNext () (at ./Library/PackageCache/com.unity.test-framework@40e262928427/UnityEngine.TestRunner/NUnitExtensions/Commands/RepeatCommand.cs:36)
0x000001e9aa268fa6 (Mono JIT Code) UnityEngine.TestTools.IgnoreTestCommand/<ExecuteEnumerable>d__3:MoveNext () (at ./Library/PackageCache/com.unity.test-framework@40e262928427/UnityEngine.TestRunner/NUnitExtensions/Commands/IgnoreTestCommand.cs:42)
0x000001e9aa267c7f (Mono JIT Code) UnityEngine.TestTools.StrictCheckCommand/<ExecuteEnumerable>d__2:MoveNext () (at ./Library/PackageCache/com.unity.test-framework@40e262928427/UnityEngine.TestRunner/NUnitExtensions/Commands/StrictCheckCommand.cs:29)
0x000001e9aa266fe1 (Mono JIT Code) UnityEngine.TestRunner.NUnitExtensions.Runner.DefaultTestWorkItem/<PerformWork>d__2:MoveNext () (at ./Library/PackageCache/com.unity.test-framework@40e262928427/UnityEngine.TestRunner/NUnitExtensions/Runner/DefaultTestWorkItem.cs:50)
0x000001e9aa255e12 (Mono JIT Code) UnityEngine.TestRunner.NUnitExtensions.Runner.CompositeWorkItem/<RunChildren>d__17:MoveNext () (at ./Library/PackageCache/com.unity.test-framework@40e262928427/UnityEngine.TestRunner/NUnitExtensions/Runner/CompositeWorkItem.cs:207)
0x000001e9aa247756 (Mono JIT Code) UnityEngine.TestRunner.NUnitExtensions.Runner.CompositeWorkItem/<PerformWork>d__13:MoveNext () (at ./Library/PackageCache/com.unity.test-framework@40e262928427/UnityEngine.TestRunner/NUnitExtensions/Runner/CompositeWorkItem.cs:82)
0x000001e9aa255e12 (Mono JIT Code) UnityEngine.TestRunner.NUnitExtensions.Runner.CompositeWorkItem/<RunChildren>d__17:MoveNext () (at ./Library/PackageCache/com.unity.test-framework@40e262928427/UnityEngine.TestRunner/NUnitExtensions/Runner/CompositeWorkItem.cs:207)
0x000001e9aa247756 (Mono JIT Code) UnityEngine.TestRunner.NUnitExtensions.Runner.CompositeWorkItem/<PerformWork>d__13:MoveNext () (at ./Library/PackageCache/com.unity.test-framework@40e262928427/UnityEngine.TestRunner/NUnitExtensions/Runner/CompositeWorkItem.cs:82)
0x000001e9aa255e12 (Mono JIT Code) UnityEngine.TestRunner.NUnitExtensions.Runner.CompositeWorkItem/<RunChildren>d__17:MoveNext () (at ./Library/PackageCache/com.unity.test-framework@40e262928427/UnityEngine.TestRunner/NUnitExtensions/Runner/CompositeWorkItem.cs:207)
0x000001e9aa247756 (Mono JIT Code) UnityEngine.TestRunner.NUnitExtensions.Runner.CompositeWorkItem/<PerformWork>d__13:MoveNext () (at ./Library/PackageCache/com.unity.test-framework@40e262928427/UnityEngine.TestRunner/NUnitExtensions/Runner/CompositeWorkItem.cs:82)
0x000001e9aa245fcc (Mono JIT Code) UnityEditor.TestTools.TestRunner.EditModeRunner:MoveNextAndUpdateYieldObject () (at ./Library/PackageCache/com.unity.test-framework@40e262928427/UnityEditor.TestRunner/TestRunner/EditModeRunner.cs:167)
0x000001e9aa245b7b (Mono JIT Code) UnityEditor.TestTools.TestRunner.EditModeRunner:TestConsumer (UnityEditor.TestTools.TestRunner.TestRunnerStateSerializer) (at ./Library/PackageCache/com.unity.test-framework@40e262928427/UnityEditor.TestRunner/TestRunner/EditModeRunner.cs:200)
0x000001e9aa23c173 (Mono JIT Code) UnityEditor.TestTools.TestRunner.TestRun.Tasks.EditModeRunTask/<Execute>d__1:MoveNext () (at ./Library/PackageCache/com.unity.test-framework@40e262928427/UnityEditor.TestRunner/TestRun/Tasks/EditModeRunTask.cs:48)
0x000001e977129d5e (Mono JIT Code) UnityEditor.TestTools.TestRunner.TestRun.TestJobRunner:ExecuteStep () (at ./Library/PackageCache/com.unity.test-framework@40e262928427/UnityEditor.TestRunner/TestRun/TestJobRunner.cs:173)
0x000001e977128953 (Mono JIT Code) UnityEditor.TestTools.TestRunner.TestRun.TestJobRunner:ExecuteCallback () (at ./Library/PackageCache/com.unity.test-framework@40e262928427/UnityEditor.TestRunner/TestRun/TestJobRunner.cs:108)
0x000001e99df821b8 (Mono JIT Code) UnityEditor.EditorApplication:Internal_CallUpdateFunctions ()
0x000001e8e6514785 (Mono JIT Code) (wrapper runtime-invoke) object:runtime_invoke_void (object,intptr,intptr,intptr)
0x00007fff3fd16e7e (mono-2.0-bdwgc) mono_jit_runtime_invoke (at C:/build/output/Unity-Technologies/mono/mono/mini/mini-runtime.c:3445)
0x00007fff3fc58874 (mono-2.0-bdwgc) do_runtime_invoke (at C:/build/output/Unity-Technologies/mono/mono/metadata/object.c:3068)
0x00007fff3fc58960 (mono-2.0-bdwgc) mono_runtime_invoke (at C:/build/output/Unity-Technologies/mono/mono/metadata/object.c:3115)
0x00007fff38e4cea4 (Unity) scripting_method_invoke
0x00007fff38e25433 (Unity) ScriptingInvocation::Invoke
0x00007fff38e20b35 (Unity) ScriptingInvocation::Invoke<void>
0x00007fff38f8b4bb (Unity) Scripting::UnityEditor::EditorApplicationProxy::Internal_CallUpdateFunctions
0x00007fff3a07e0e4 (Unity) SceneTracker::Update
0x00007fff39be1247 (Unity) Application::TickTimer
0x00007fff3a1b25ac (Unity) MainMessageLoop
0x00007fff3a1b9d1c (Unity) UnityMain
0x00007ff68b302f2a (Unity) __scrt_common_main_seh
0x00007fffddade8d7 (KERNEL32) BaseThreadInitThunk
0x00007fffde88c53c (ntdll) RtlUserThreadStart

[MouseTracker] PlayerInputHandler not found. Mouse compensation will be disabled.
0x00007fff38f222ae (Unity) StackWalker::ShowCallstack
0x00007fff38f31ee9 (Unity) PlatformStacktrace::GetStacktrace
0x00007fff3a1ac04e (Unity) Stacktrace::GetStacktrace
0x00007fff3a7859df (Unity) DebugStringToFile
0x00007fff37fd2930 (Unity) DebugLogHandler_CUSTOM_Internal_Log
0x000001e9766cbd3e (Mono JIT Code) (wrapper managed-to-native) UnityEngine.DebugLogHandler:Internal_Log_Injected (UnityEngine.LogType,UnityEngine.LogOption,UnityEngine.Bindings.ManagedSpanWrapper&,intptr)
0x000001e9766cbb43 (Mono JIT Code) UnityEngine.DebugLogHandler:Internal_Log (UnityEngine.LogType,UnityEngine.LogOption,string,UnityEngine.Object)
0x000001e9766cb7fb (Mono JIT Code) UnityEngine.DebugLogHandler:LogFormat (UnityEngine.LogType,UnityEngine.Object,string,object[])
0x000001e9766ca6ae (Mono JIT Code) UnityEngine.Logger:Log (UnityEngine.LogType,object)
0x000001e9aa2b404d (Mono JIT Code) UnityEngine.Debug:LogWarning (object)
0x000001e9aa2b33ab (Mono JIT Code) MouseTracker:Initialize (RecoilSystem) (at C:/Users/Ubuntu/Desktop/_DEV/AFFECT-2025-10-11/Assets/_SCRIPTS/_PLAYER/Recoil/MouseTracker.cs:80)
0x000001e976d36246 (Mono JIT Code) RecoilSystem:InitializeModules () (at C:/Users/Ubuntu/Desktop/_DEV/AFFECT-2025-10-11/Assets/_SCRIPTS/_PLAYER/Recoil/RecoilSystem.cs:203)
0x000001e976d33eb3 (Mono JIT Code) RecoilSystem:Initialize () (at C:/Users/Ubuntu/Desktop/_DEV/AFFECT-2025-10-11/Assets/_SCRIPTS/_PLAYER/Recoil/RecoilSystem.cs:165)
0x000001e976d333a3 (Mono JIT Code) RecoilSystem:ForceInitializeForTesting () (at C:/Users/Ubuntu/Desktop/_DEV/AFFECT-2025-10-11/Assets/_SCRIPTS/_PLAYER/Recoil/RecoilSystem.cs:632)
0x000001e976d3c213 (Mono JIT Code) RecoilSystemProperties:Property13_GracefulModuleDegradation () (at C:/Users/Ubuntu/Desktop/_DEV/AFFECT-2025-10-11/Assets/_SCRIPTS/Editor/Properties/RecoilSystemProperties.cs:269)
0x000001e9aa264548 (Mono JIT Code) (wrapper runtime-invoke) object:runtime_invoke_void__this__ (object,intptr,intptr,intptr)
0x00007fff3fd16e7e (mono-2.0-bdwgc) mono_jit_runtime_invoke (at C:/build/output/Unity-Technologies/mono/mono/mini/mini-runtime.c:3445)
0x00007fff3fc58874 (mono-2.0-bdwgc) do_runtime_invoke (at C:/build/output/Unity-Technologies/mono/mono/metadata/object.c:3068)
0x00007fff3fc5f926 (mono-2.0-bdwgc) mono_runtime_try_invoke_array (at C:/build/output/Unity-Technologies/mono/mono/metadata/object.c:5774)
0x00007fff3fb91b81 (mono-2.0-bdwgc) ves_icall_InternalInvoke (at C:/build/output/Unity-Technologies/mono/mono/metadata/icall.c:4038)
0x00007fff3fbb7e31 (mono-2.0-bdwgc) ves_icall_InternalInvoke_raw (at C:/build/output/Unity-Technologies/mono/mono/metadata/icall-def.h:692)
0x000001e8e22b0f92 (Mono JIT Code) (wrapper managed-to-native) System.Reflection.RuntimeMethodInfo:InternalInvoke (System.Reflection.RuntimeMethodInfo,object,object[],System.Exception&)
0x000001e8e3c7ea73 (Mono JIT Code) System.Reflection.RuntimeMethodInfo:Invoke (object,System.Reflection.BindingFlags,System.Reflection.Binder,object[],System.Globalization.CultureInfo)
0x000001e8db9555ef (Mono JIT Code) System.Reflection.MethodBase:Invoke (object,object[])
0x000001e9aa26e783 (Mono JIT Code) NUnit.Framework.Internal.Reflect:InvokeMethod (System.Reflection.MethodInfo,object,object[])
0x000001e9aa2760ab (Mono JIT Code) NUnit.Framework.Internal.MethodWrapper:Invoke (object,object[])
0x000001e9aa275f8a (Mono JIT Code) NUnit.Framework.Internal.Commands.TestMethodCommand:RunNonAsyncTestMethod (NUnit.Framework.Internal.ITestExecutionContext)
0x000001e9aa275dd3 (Mono JIT Code) NUnit.Framework.Internal.Commands.TestMethodCommand:RunTestMethod (NUnit.Framework.Internal.ITestExecutionContext)
0x000001e9aa275973 (Mono JIT Code) NUnit.Framework.Internal.Commands.TestMethodCommand:Execute (NUnit.Framework.Internal.ITestExecutionContext)
0x000001e9aa27556b (Mono JIT Code) UnityEngine.TestTools.UnityTestMethodCommand:Execute (NUnit.Framework.Internal.ITestExecutionContext) (at ./Library/PackageCache/com.unity.test-framework@40e262928427/UnityEngine.TestRunner/NUnitExtensions/Commands/UnityTestMethodCommand.cs:19)
0x000001e9aa2752fb (Mono JIT Code) UnityEngine.TestRunner.NUnitExtensions.Runner.UnityLogCheckDelegatingCommand/<>c__DisplayClass2_0:<Execute>b__0 () (at ./Library/PackageCache/com.unity.test-framework@40e262928427/UnityEngine.TestRunner/NUnitExtensions/Runner/UnityLogCheckDelegatingCommand.cs:24)
0x000001e9aa275123 (Mono JIT Code) UnityEngine.TestRunner.NUnitExtensions.Runner.UnityLogCheckDelegatingCommand:CaptureException (NUnit.Framework.Internal.TestResult,System.Action) (at ./Library/PackageCache/com.unity.test-framework@40e262928427/UnityEngine.TestRunner/NUnitExtensions/Runner/UnityLogCheckDelegatingCommand.cs:72)
0x000001e9aa274fb3 (Mono JIT Code) UnityEngine.TestRunner.NUnitExtensions.Runner.UnityLogCheckDelegatingCommand:ExecuteAndCheckLog (UnityEngine.TestTools.Logging.LogScope,NUnit.Framework.Internal.TestResult,System.Action) (at ./Library/PackageCache/com.unity.test-framework@40e262928427/UnityEngine.TestRunner/NUnitExtensions/Runner/UnityLogCheckDelegatingCommand.cs:83)
0x000001e9aa274c3b (Mono JIT Code) UnityEngine.TestRunner.NUnitExtensions.Runner.UnityLogCheckDelegatingCommand:Execute (NUnit.Framework.Internal.ITestExecutionContext) (at ./Library/PackageCache/com.unity.test-framework@40e262928427/UnityEngine.TestRunner/NUnitExtensions/Runner/UnityLogCheckDelegatingCommand.cs:24)
0x000001e9aa273c19 (Mono JIT Code) UnityEngine.TestRunner.NUnitExtensions.Runner.UnityLogCheckDelegatingCommand/<ExecuteEnumerable>d__3:MoveNext () (at ./Library/PackageCache/com.unity.test-framework@40e262928427/UnityEngine.TestRunner/NUnitExtensions/Runner/UnityLogCheckDelegatingCommand.cs:35)
0x000001e9aa251e01 (Mono JIT Code) UnityEngine.TestTools.BeforeAfterTestCommandBase`1/<ExecuteEnumerable>d__16<T_REF>:MoveNext () (at ./Library/PackageCache/com.unity.test-framework@40e262928427/UnityEngine.TestRunner/NUnitExtensions/Commands/BeforeAfterTestCommandBase.cs:212)
0x000001e9aa272fb6 (Mono JIT Code) UnityEngine.TestTools.ImmediateEnumerableCommand:Execute (NUnit.Framework.Internal.ITestExecutionContext) (at ./Library/PackageCache/com.unity.test-framework@40e262928427/UnityEngine.TestRunner/NUnitExtensions/Commands/ImmediateEnumerableCommand.cs:18)
0x000001e9aa251f01 (Mono JIT Code) UnityEngine.TestTools.BeforeAfterTestCommandBase`1/<ExecuteEnumerable>d__16<T_REF>:MoveNext () (at ./Library/PackageCache/com.unity.test-framework@40e262928427/UnityEngine.TestRunner/NUnitExtensions/Commands/BeforeAfterTestCommandBase.cs:219)
0x000001e9aa251e01 (Mono JIT Code) UnityEngine.TestTools.BeforeAfterTestCommandBase`1/<ExecuteEnumerable>d__16<T_REF>:MoveNext () (at ./Library/PackageCache/com.unity.test-framework@40e262928427/UnityEngine.TestRunner/NUnitExtensions/Commands/BeforeAfterTestCommandBase.cs:212)
0x000001e9aa251e01 (Mono JIT Code) UnityEngine.TestTools.BeforeAfterTestCommandBase`1/<ExecuteEnumerable>d__16<T_REF>:MoveNext () (at ./Library/PackageCache/com.unity.test-framework@40e262928427/UnityEngine.TestRunner/NUnitExtensions/Commands/BeforeAfterTestCommandBase.cs:212)
0x000001e9aa26b457 (Mono JIT Code) UnityEngine.TestTools.RetryCommand/<ExecuteEnumerable>d__2:MoveNext () (at ./Library/PackageCache/com.unity.test-framework@40e262928427/UnityEngine.TestRunner/NUnitExtensions/Commands/RetryCommand.cs:37)
0x000001e9aa269f2f (Mono JIT Code) UnityEngine.TestTools.RepeatCommand/<ExecuteEnumerable>d__2:MoveNext () (at ./Library/PackageCache/com.unity.test-framework@40e262928427/UnityEngine.TestRunner/NUnitExtensions/Commands/RepeatCommand.cs:36)
0x000001e9aa268fa6 (Mono JIT Code) UnityEngine.TestTools.IgnoreTestCommand/<ExecuteEnumerable>d__3:MoveNext () (at ./Library/PackageCache/com.unity.test-framework@40e262928427/UnityEngine.TestRunner/NUnitExtensions/Commands/IgnoreTestCommand.cs:42)
0x000001e9aa267c7f (Mono JIT Code) UnityEngine.TestTools.StrictCheckCommand/<ExecuteEnumerable>d__2:MoveNext () (at ./Library/PackageCache/com.unity.test-framework@40e262928427/UnityEngine.TestRunner/NUnitExtensions/Commands/StrictCheckCommand.cs:29)
0x000001e9aa266fe1 (Mono JIT Code) UnityEngine.TestRunner.NUnitExtensions.Runner.DefaultTestWorkItem/<PerformWork>d__2:MoveNext () (at ./Library/PackageCache/com.unity.test-framework@40e262928427/UnityEngine.TestRunner/NUnitExtensions/Runner/DefaultTestWorkItem.cs:50)
0x000001e9aa255e12 (Mono JIT Code) UnityEngine.TestRunner.NUnitExtensions.Runner.CompositeWorkItem/<RunChildren>d__17:MoveNext () (at ./Library/PackageCache/com.unity.test-framework@40e262928427/UnityEngine.TestRunner/NUnitExtensions/Runner/CompositeWorkItem.cs:207)
0x000001e9aa247756 (Mono JIT Code) UnityEngine.TestRunner.NUnitExtensions.Runner.CompositeWorkItem/<PerformWork>d__13:MoveNext () (at ./Library/PackageCache/com.unity.test-framework@40e262928427/UnityEngine.TestRunner/NUnitExtensions/Runner/CompositeWorkItem.cs:82)
0x000001e9aa255e12 (Mono JIT Code) UnityEngine.TestRunner.NUnitExtensions.Runner.CompositeWorkItem/<RunChildren>d__17:MoveNext () (at ./Library/PackageCache/com.unity.test-framework@40e262928427/UnityEngine.TestRunner/NUnitExtensions/Runner/CompositeWorkItem.cs:207)
0x000001e9aa247756 (Mono JIT Code) UnityEngine.TestRunner.NUnitExtensions.Runner.CompositeWorkItem/<PerformWork>d__13:MoveNext () (at ./Library/PackageCache/com.unity.test-framework@40e262928427/UnityEngine.TestRunner/NUnitExtensions/Runner/CompositeWorkItem.cs:82)
0x000001e9aa255e12 (Mono JIT Code) UnityEngine.TestRunner.NUnitExtensions.Runner.CompositeWorkItem/<RunChildren>d__17:MoveNext () (at ./Library/PackageCache/com.unity.test-framework@40e262928427/UnityEngine.TestRunner/NUnitExtensions/Runner/CompositeWorkItem.cs:207)
0x000001e9aa247756 (Mono JIT Code) UnityEngine.TestRunner.NUnitExtensions.Runner.CompositeWorkItem/<PerformWork>d__13:MoveNext () (at ./Library/PackageCache/com.unity.test-framework@40e262928427/UnityEngine.TestRunner/NUnitExtensions/Runner/CompositeWorkItem.cs:82)
0x000001e9aa245fcc (Mono JIT Code) UnityEditor.TestTools.TestRunner.EditModeRunner:MoveNextAndUpdateYieldObject () (at ./Library/PackageCache/com.unity.test-framework@40e262928427/UnityEditor.TestRunner/TestRunner/EditModeRunner.cs:167)
0x000001e9aa245b7b (Mono JIT Code) UnityEditor.TestTools.TestRunner.EditModeRunner:TestConsumer (UnityEditor.TestTools.TestRunner.TestRunnerStateSerializer) (at ./Library/PackageCache/com.unity.test-framework@40e262928427/UnityEditor.TestRunner/TestRunner/EditModeRunner.cs:200)
0x000001e9aa23c173 (Mono JIT Code) UnityEditor.TestTools.TestRunner.TestRun.Tasks.EditModeRunTask/<Execute>d__1:MoveNext () (at ./Library/PackageCache/com.unity.test-framework@40e262928427/UnityEditor.TestRunner/TestRun/Tasks/EditModeRunTask.cs:48)
0x000001e977129d5e (Mono JIT Code) UnityEditor.TestTools.TestRunner.TestRun.TestJobRunner:ExecuteStep () (at ./Library/PackageCache/com.unity.test-framework@40e262928427/UnityEditor.TestRunner/TestRun/TestJobRunner.cs:173)
0x000001e977128953 (Mono JIT Code) UnityEditor.TestTools.TestRunner.TestRun.TestJobRunner:ExecuteCallback () (at ./Library/PackageCache/com.unity.test-framework@40e262928427/UnityEditor.TestRunner/TestRun/TestJobRunner.cs:108)
0x000001e99df821b8 (Mono JIT Code) UnityEditor.EditorApplication:Internal_CallUpdateFunctions ()
0x000001e8e6514785 (Mono JIT Code) (wrapper runtime-invoke) object:runtime_invoke_void (object,intptr,intptr,intptr)
0x00007fff3fd16e7e (mono-2.0-bdwgc) mono_jit_runtime_invoke (at C:/build/output/Unity-Technologies/mono/mono/mini/mini-runtime.c:3445)
0x00007fff3fc58874 (mono-2.0-bdwgc) do_runtime_invoke (at C:/build/output/Unity-Technologies/mono/mono/metadata/object.c:3068)
0x00007fff3fc58960 (mono-2.0-bdwgc) mono_runtime_invoke (at C:/build/output/Unity-Technologies/mono/mono/metadata/object.c:3115)
0x00007fff38e4cea4 (Unity) scripting_method_invoke
0x00007fff38e25433 (Unity) ScriptingInvocation::Invoke
0x00007fff38e20b35 (Unity) ScriptingInvocation::Invoke<void>
0x00007fff38f8b4bb (Unity) Scripting::UnityEditor::EditorApplicationProxy::Internal_CallUpdateFunctions
0x00007fff3a07e0e4 (Unity) SceneTracker::Update
0x00007fff39be1247 (Unity) Application::TickTimer
0x00007fff3a1b25ac (Unity) MainMessageLoop
0x00007fff3a1b9d1c (Unity) UnityMain
0x00007ff68b302f2a (Unity) __scrt_common_main_seh
0x00007fffddade8d7 (KERNEL32) BaseThreadInitThunk
0x00007fffde88c53c (ntdll) RtlUserThreadStart

[MouseTracker] PlayerInputHandler not found. Mouse compensation will be disabled.
0x00007fff38f222ae (Unity) StackWalker::ShowCallstack
0x00007fff38f31ee9 (Unity) PlatformStacktrace::GetStacktrace
0x00007fff3a1ac04e (Unity) Stacktrace::GetStacktrace
0x00007fff3a7859df (Unity) DebugStringToFile
0x00007fff37fd2930 (Unity) DebugLogHandler_CUSTOM_Internal_Log
0x000001e9766cbd3e (Mono JIT Code) (wrapper managed-to-native) UnityEngine.DebugLogHandler:Internal_Log_Injected (UnityEngine.LogType,UnityEngine.LogOption,UnityEngine.Bindings.ManagedSpanWrapper&,intptr)
0x000001e9766cbb43 (Mono JIT Code) UnityEngine.DebugLogHandler:Internal_Log (UnityEngine.LogType,UnityEngine.LogOption,string,UnityEngine.Object)
0x000001e9766cb7fb (Mono JIT Code) UnityEngine.DebugLogHandler:LogFormat (UnityEngine.LogType,UnityEngine.Object,string,object[])
0x000001e9766ca6ae (Mono JIT Code) UnityEngine.Logger:Log (UnityEngine.LogType,object)
0x000001e9aa2b404d (Mono JIT Code) UnityEngine.Debug:LogWarning (object)
0x000001e9aa2b33ab (Mono JIT Code) MouseTracker:Initialize (RecoilSystem) (at C:/Users/Ubuntu/Desktop/_DEV/AFFECT-2025-10-11/Assets/_SCRIPTS/_PLAYER/Recoil/MouseTracker.cs:80)
0x000001e976d36246 (Mono JIT Code) RecoilSystem:InitializeModules () (at C:/Users/Ubuntu/Desktop/_DEV/AFFECT-2025-10-11/Assets/_SCRIPTS/_PLAYER/Recoil/RecoilSystem.cs:203)
0x000001e976d33eb3 (Mono JIT Code) RecoilSystem:Initialize () (at C:/Users/Ubuntu/Desktop/_DEV/AFFECT-2025-10-11/Assets/_SCRIPTS/_PLAYER/Recoil/RecoilSystem.cs:165)
0x000001e976d333a3 (Mono JIT Code) RecoilSystem:ForceInitializeForTesting () (at C:/Users/Ubuntu/Desktop/_DEV/AFFECT-2025-10-11/Assets/_SCRIPTS/_PLAYER/Recoil/RecoilSystem.cs:632)
0x000001e976d3c213 (Mono JIT Code) RecoilSystemProperties:Property13_GracefulModuleDegradation () (at C:/Users/Ubuntu/Desktop/_DEV/AFFECT-2025-10-11/Assets/_SCRIPTS/Editor/Properties/RecoilSystemProperties.cs:269)
0x000001e9aa264548 (Mono JIT Code) (wrapper runtime-invoke) object:runtime_invoke_void__this__ (object,intptr,intptr,intptr)
0x00007fff3fd16e7e (mono-2.0-bdwgc) mono_jit_runtime_invoke (at C:/build/output/Unity-Technologies/mono/mono/mini/mini-runtime.c:3445)
0x00007fff3fc58874 (mono-2.0-bdwgc) do_runtime_invoke (at C:/build/output/Unity-Technologies/mono/mono/metadata/object.c:3068)
0x00007fff3fc5f926 (mono-2.0-bdwgc) mono_runtime_try_invoke_array (at C:/build/output/Unity-Technologies/mono/mono/metadata/object.c:5774)
0x00007fff3fb91b81 (mono-2.0-bdwgc) ves_icall_InternalInvoke (at C:/build/output/Unity-Technologies/mono/mono/metadata/icall.c:4038)
0x00007fff3fbb7e31 (mono-2.0-bdwgc) ves_icall_InternalInvoke_raw (at C:/build/output/Unity-Technologies/mono/mono/metadata/icall-def.h:692)
0x000001e8e22b0f92 (Mono JIT Code) (wrapper managed-to-native) System.Reflection.RuntimeMethodInfo:InternalInvoke (System.Reflection.RuntimeMethodInfo,object,object[],System.Exception&)
0x000001e8e3c7ea73 (Mono JIT Code) System.Reflection.RuntimeMethodInfo:Invoke (object,System.Reflection.BindingFlags,System.Reflection.Binder,object[],System.Globalization.CultureInfo)
0x000001e8db9555ef (Mono JIT Code) System.Reflection.MethodBase:Invoke (object,object[])
0x000001e9aa26e783 (Mono JIT Code) NUnit.Framework.Internal.Reflect:InvokeMethod (System.Reflection.MethodInfo,object,object[])
0x000001e9aa2760ab (Mono JIT Code) NUnit.Framework.Internal.MethodWrapper:Invoke (object,object[])
0x000001e9aa275f8a (Mono JIT Code) NUnit.Framework.Internal.Commands.TestMethodCommand:RunNonAsyncTestMethod (NUnit.Framework.Internal.ITestExecutionContext)
0x000001e9aa275dd3 (Mono JIT Code) NUnit.Framework.Internal.Commands.TestMethodCommand:RunTestMethod (NUnit.Framework.Internal.ITestExecutionContext)
0x000001e9aa275973 (Mono JIT Code) NUnit.Framework.Internal.Commands.TestMethodCommand:Execute (NUnit.Framework.Internal.ITestExecutionContext)
0x000001e9aa27556b (Mono JIT Code) UnityEngine.TestTools.UnityTestMethodCommand:Execute (NUnit.Framework.Internal.ITestExecutionContext) (at ./Library/PackageCache/com.unity.test-framework@40e262928427/UnityEngine.TestRunner/NUnitExtensions/Commands/UnityTestMethodCommand.cs:19)
0x000001e9aa2752fb (Mono JIT Code) UnityEngine.TestRunner.NUnitExtensions.Runner.UnityLogCheckDelegatingCommand/<>c__DisplayClass2_0:<Execute>b__0 () (at ./Library/PackageCache/com.unity.test-framework@40e262928427/UnityEngine.TestRunner/NUnitExtensions/Runner/UnityLogCheckDelegatingCommand.cs:24)
0x000001e9aa275123 (Mono JIT Code) UnityEngine.TestRunner.NUnitExtensions.Runner.UnityLogCheckDelegatingCommand:CaptureException (NUnit.Framework.Internal.TestResult,System.Action) (at ./Library/PackageCache/com.unity.test-framework@40e262928427/UnityEngine.TestRunner/NUnitExtensions/Runner/UnityLogCheckDelegatingCommand.cs:72)
0x000001e9aa274fb3 (Mono JIT Code) UnityEngine.TestRunner.NUnitExtensions.Runner.UnityLogCheckDelegatingCommand:ExecuteAndCheckLog (UnityEngine.TestTools.Logging.LogScope,NUnit.Framework.Internal.TestResult,System.Action) (at ./Library/PackageCache/com.unity.test-framework@40e262928427/UnityEngine.TestRunner/NUnitExtensions/Runner/UnityLogCheckDelegatingCommand.cs:83)
0x000001e9aa274c3b (Mono JIT Code) UnityEngine.TestRunner.NUnitExtensions.Runner.UnityLogCheckDelegatingCommand:Execute (NUnit.Framework.Internal.ITestExecutionContext) (at ./Library/PackageCache/com.unity.test-framework@40e262928427/UnityEngine.TestRunner/NUnitExtensions/Runner/UnityLogCheckDelegatingCommand.cs:24)
0x000001e9aa273c19 (Mono JIT Code) UnityEngine.TestRunner.NUnitExtensions.Runner.UnityLogCheckDelegatingCommand/<ExecuteEnumerable>d__3:MoveNext () (at ./Library/PackageCache/com.unity.test-framework@40e262928427/UnityEngine.TestRunner/NUnitExtensions/Runner/UnityLogCheckDelegatingCommand.cs:35)
0x000001e9aa251e01 (Mono JIT Code) UnityEngine.TestTools.BeforeAfterTestCommandBase`1/<ExecuteEnumerable>d__16<T_REF>:MoveNext () (at ./Library/PackageCache/com.unity.test-framework@40e262928427/UnityEngine.TestRunner/NUnitExtensions/Commands/BeforeAfterTestCommandBase.cs:212)
0x000001e9aa272fb6 (Mono JIT Code) UnityEngine.TestTools.ImmediateEnumerableCommand:Execute (NUnit.Framework.Internal.ITestExecutionContext) (at ./Library/PackageCache/com.unity.test-framework@40e262928427/UnityEngine.TestRunner/NUnitExtensions/Commands/ImmediateEnumerableCommand.cs:18)
0x000001e9aa251f01 (Mono JIT Code) UnityEngine.TestTools.BeforeAfterTestCommandBase`1/<ExecuteEnumerable>d__16<T_REF>:MoveNext () (at ./Library/PackageCache/com.unity.test-framework@40e262928427/UnityEngine.TestRunner/NUnitExtensions/Commands/BeforeAfterTestCommandBase.cs:219)
0x000001e9aa251e01 (Mono JIT Code) UnityEngine.TestTools.BeforeAfterTestCommandBase`1/<ExecuteEnumerable>d__16<T_REF>:MoveNext () (at ./Library/PackageCache/com.unity.test-framework@40e262928427/UnityEngine.TestRunner/NUnitExtensions/Commands/BeforeAfterTestCommandBase.cs:212)
0x000001e9aa251e01 (Mono JIT Code) UnityEngine.TestTools.BeforeAfterTestCommandBase`1/<ExecuteEnumerable>d__16<T_REF>:MoveNext () (at ./Library/PackageCache/com.unity.test-framework@40e262928427/UnityEngine.TestRunner/NUnitExtensions/Commands/BeforeAfterTestCommandBase.cs:212)
0x000001e9aa26b457 (Mono JIT Code) UnityEngine.TestTools.RetryCommand/<ExecuteEnumerable>d__2:MoveNext () (at ./Library/PackageCache/com.unity.test-framework@40e262928427/UnityEngine.TestRunner/NUnitExtensions/Commands/RetryCommand.cs:37)
0x000001e9aa269f2f (Mono JIT Code) UnityEngine.TestTools.RepeatCommand/<ExecuteEnumerable>d__2:MoveNext () (at ./Library/PackageCache/com.unity.test-framework@40e262928427/UnityEngine.TestRunner/NUnitExtensions/Commands/RepeatCommand.cs:36)
0x000001e9aa268fa6 (Mono JIT Code) UnityEngine.TestTools.IgnoreTestCommand/<ExecuteEnumerable>d__3:MoveNext () (at ./Library/PackageCache/com.unity.test-framework@40e262928427/UnityEngine.TestRunner/NUnitExtensions/Commands/IgnoreTestCommand.cs:42)
0x000001e9aa267c7f (Mono JIT Code) UnityEngine.TestTools.StrictCheckCommand/<ExecuteEnumerable>d__2:MoveNext () (at ./Library/PackageCache/com.unity.test-framework@40e262928427/UnityEngine.TestRunner/NUnitExtensions/Commands/StrictCheckCommand.cs:29)
0x000001e9aa266fe1 (Mono JIT Code) UnityEngine.TestRunner.NUnitExtensions.Runner.DefaultTestWorkItem/<PerformWork>d__2:MoveNext () (at ./Library/PackageCache/com.unity.test-framework@40e262928427/UnityEngine.TestRunner/NUnitExtensions/Runner/DefaultTestWorkItem.cs:50)
0x000001e9aa255e12 (Mono JIT Code) UnityEngine.TestRunner.NUnitExtensions.Runner.CompositeWorkItem/<RunChildren>d__17:MoveNext () (at ./Library/PackageCache/com.unity.test-framework@40e262928427/UnityEngine.TestRunner/NUnitExtensions/Runner/CompositeWorkItem.cs:207)
0x000001e9aa247756 (Mono JIT Code) UnityEngine.TestRunner.NUnitExtensions.Runner.CompositeWorkItem/<PerformWork>d__13:MoveNext () (at ./Library/PackageCache/com.unity.test-framework@40e262928427/UnityEngine.TestRunner/NUnitExtensions/Runner/CompositeWorkItem.cs:82)
0x000001e9aa255e12 (Mono JIT Code) UnityEngine.TestRunner.NUnitExtensions.Runner.CompositeWorkItem/<RunChildren>d__17:MoveNext () (at ./Library/PackageCache/com.unity.test-framework@40e262928427/UnityEngine.TestRunner/NUnitExtensions/Runner/CompositeWorkItem.cs:207)
0x000001e9aa247756 (Mono JIT Code) UnityEngine.TestRunner.NUnitExtensions.Runner.CompositeWorkItem/<PerformWork>d__13:MoveNext () (at ./Library/PackageCache/com.unity.test-framework@40e262928427/UnityEngine.TestRunner/NUnitExtensions/Runner/CompositeWorkItem.cs:82)
0x000001e9aa255e12 (Mono JIT Code) UnityEngine.TestRunner.NUnitExtensions.Runner.CompositeWorkItem/<RunChildren>d__17:MoveNext () (at ./Library/PackageCache/com.unity.test-framework@40e262928427/UnityEngine.TestRunner/NUnitExtensions/Runner/CompositeWorkItem.cs:207)
0x000001e9aa247756 (Mono JIT Code) UnityEngine.TestRunner.NUnitExtensions.Runner.CompositeWorkItem/<PerformWork>d__13:MoveNext () (at ./Library/PackageCache/com.unity.test-framework@40e262928427/UnityEngine.TestRunner/NUnitExtensions/Runner/CompositeWorkItem.cs:82)
0x000001e9aa245fcc (Mono JIT Code) UnityEditor.TestTools.TestRunner.EditModeRunner:MoveNextAndUpdateYieldObject () (at ./Library/PackageCache/com.unity.test-framework@40e262928427/UnityEditor.TestRunner/TestRunner/EditModeRunner.cs:167)
0x000001e9aa245b7b (Mono JIT Code) UnityEditor.TestTools.TestRunner.EditModeRunner:TestConsumer (UnityEditor.TestTools.TestRunner.TestRunnerStateSerializer) (at ./Library/PackageCache/com.unity.test-framework@40e262928427/UnityEditor.TestRunner/TestRunner/EditModeRunner.cs:200)
0x000001e9aa23c173 (Mono JIT Code) UnityEditor.TestTools.TestRunner.TestRun.Tasks.EditModeRunTask/<Execute>d__1:MoveNext () (at ./Library/PackageCache/com.unity.test-framework@40e262928427/UnityEditor.TestRunner/TestRun/Tasks/EditModeRunTask.cs:48)
0x000001e977129d5e (Mono JIT Code) UnityEditor.TestTools.TestRunner.TestRun.TestJobRunner:ExecuteStep () (at ./Library/PackageCache/com.unity.test-framework@40e262928427/UnityEditor.TestRunner/TestRun/TestJobRunner.cs:173)
0x000001e977128953 (Mono JIT Code) UnityEditor.TestTools.TestRunner.TestRun.TestJobRunner:ExecuteCallback () (at ./Library/PackageCache/com.unity.test-framework@40e262928427/UnityEditor.TestRunner/TestRun/TestJobRunner.cs:108)
0x000001e99df821b8 (Mono JIT Code) UnityEditor.EditorApplication:Internal_CallUpdateFunctions ()
0x000001e8e6514785 (Mono JIT Code) (wrapper runtime-invoke) object:runtime_invoke_void (object,intptr,intptr,intptr)
0x00007fff3fd16e7e (mono-2.0-bdwgc) mono_jit_runtime_invoke (at C:/build/output/Unity-Technologies/mono/mono/mini/mini-runtime.c:3445)
0x00007fff3fc58874 (mono-2.0-bdwgc) do_runtime_invoke (at C:/build/output/Unity-Technologies/mono/mono/metadata/object.c:3068)
0x00007fff3fc58960 (mono-2.0-bdwgc) mono_runtime_invoke (at C:/build/output/Unity-Technologies/mono/mono/metadata/object.c:3115)
0x00007fff38e4cea4 (Unity) scripting_method_invoke
0x00007fff38e25433 (Unity) ScriptingInvocation::Invoke
0x00007fff38e20b35 (Unity) ScriptingInvocation::Invoke<void>
0x00007fff38f8b4bb (Unity) Scripting::UnityEditor::EditorApplicationProxy::Internal_CallUpdateFunctions
0x00007fff3a07e0e4 (Unity) SceneTracker::Update
0x00007fff39be1247 (Unity) Application::TickTimer
0x00007fff3a1b25ac (Unity) MainMessageLoop
0x00007fff3a1b9d1c (Unity) UnityMain
0x00007ff68b302f2a (Unity) __scrt_common_main_seh
0x00007fffddade8d7 (KERNEL32) BaseThreadInitThunk
0x00007fffde88c53c (ntdll) RtlUserThreadStart

[MouseTracker] PlayerInputHandler not found. Mouse compensation will be disabled.
0x00007fff38f222ae (Unity) StackWalker::ShowCallstack
0x00007fff38f31ee9 (Unity) PlatformStacktrace::GetStacktrace
0x00007fff3a1ac04e (Unity) Stacktrace::GetStacktrace
0x00007fff3a7859df (Unity) DebugStringToFile
0x00007fff37fd2930 (Unity) DebugLogHandler_CUSTOM_Internal_Log
0x000001e9766cbd3e (Mono JIT Code) (wrapper managed-to-native) UnityEngine.DebugLogHandler:Internal_Log_Injected (UnityEngine.LogType,UnityEngine.LogOption,UnityEngine.Bindings.ManagedSpanWrapper&,intptr)
0x000001e9766cbb43 (Mono JIT Code) UnityEngine.DebugLogHandler:Internal_Log (UnityEngine.LogType,UnityEngine.LogOption,string,UnityEngine.Object)
0x000001e9766cb7fb (Mono JIT Code) UnityEngine.DebugLogHandler:LogFormat (UnityEngine.LogType,UnityEngine.Object,string,object[])
0x000001e9766ca6ae (Mono JIT Code) UnityEngine.Logger:Log (UnityEngine.LogType,object)
0x000001e9aa2b404d (Mono JIT Code) UnityEngine.Debug:LogWarning (object)
0x000001e9aa2b33ab (Mono JIT Code) MouseTracker:Initialize (RecoilSystem) (at C:/Users/Ubuntu/Desktop/_DEV/AFFECT-2025-10-11/Assets/_SCRIPTS/_PLAYER/Recoil/MouseTracker.cs:80)
0x000001e976d36246 (Mono JIT Code) RecoilSystem:InitializeModules () (at C:/Users/Ubuntu/Desktop/_DEV/AFFECT-2025-10-11/Assets/_SCRIPTS/_PLAYER/Recoil/RecoilSystem.cs:203)
0x000001e976d33eb3 (Mono JIT Code) RecoilSystem:Initialize () (at C:/Users/Ubuntu/Desktop/_DEV/AFFECT-2025-10-11/Assets/_SCRIPTS/_PLAYER/Recoil/RecoilSystem.cs:165)
0x000001e976d333a3 (Mono JIT Code) RecoilSystem:ForceInitializeForTesting () (at C:/Users/Ubuntu/Desktop/_DEV/AFFECT-2025-10-11/Assets/_SCRIPTS/_PLAYER/Recoil/RecoilSystem.cs:632)
0x000001e976d3c213 (Mono JIT Code) RecoilSystemProperties:Property13_GracefulModuleDegradation () (at C:/Users/Ubuntu/Desktop/_DEV/AFFECT-2025-10-11/Assets/_SCRIPTS/Editor/Properties/RecoilSystemProperties.cs:269)
0x000001e9aa264548 (Mono JIT Code) (wrapper runtime-invoke) object:runtime_invoke_void__this__ (object,intptr,intptr,intptr)
0x00007fff3fd16e7e (mono-2.0-bdwgc) mono_jit_runtime_invoke (at C:/build/output/Unity-Technologies/mono/mono/mini/mini-runtime.c:3445)
0x00007fff3fc58874 (mono-2.0-bdwgc) do_runtime_invoke (at C:/build/output/Unity-Technologies/mono/mono/metadata/object.c:3068)
0x00007fff3fc5f926 (mono-2.0-bdwgc) mono_runtime_try_invoke_array (at C:/build/output/Unity-Technologies/mono/mono/metadata/object.c:5774)
0x00007fff3fb91b81 (mono-2.0-bdwgc) ves_icall_InternalInvoke (at C:/build/output/Unity-Technologies/mono/mono/metadata/icall.c:4038)
0x00007fff3fbb7e31 (mono-2.0-bdwgc) ves_icall_InternalInvoke_raw (at C:/build/output/Unity-Technologies/mono/mono/metadata/icall-def.h:692)
0x000001e8e22b0f92 (Mono JIT Code) (wrapper managed-to-native) System.Reflection.RuntimeMethodInfo:InternalInvoke (System.Reflection.RuntimeMethodInfo,object,object[],System.Exception&)
0x000001e8e3c7ea73 (Mono JIT Code) System.Reflection.RuntimeMethodInfo:Invoke (object,System.Reflection.BindingFlags,System.Reflection.Binder,object[],System.Globalization.CultureInfo)
0x000001e8db9555ef (Mono JIT Code) System.Reflection.MethodBase:Invoke (object,object[])
0x000001e9aa26e783 (Mono JIT Code) NUnit.Framework.Internal.Reflect:InvokeMethod (System.Reflection.MethodInfo,object,object[])
0x000001e9aa2760ab (Mono JIT Code) NUnit.Framework.Internal.MethodWrapper:Invoke (object,object[])
0x000001e9aa275f8a (Mono JIT Code) NUnit.Framework.Internal.Commands.TestMethodCommand:RunNonAsyncTestMethod (NUnit.Framework.Internal.ITestExecutionContext)
0x000001e9aa275dd3 (Mono JIT Code) NUnit.Framework.Internal.Commands.TestMethodCommand:RunTestMethod (NUnit.Framework.Internal.ITestExecutionContext)
0x000001e9aa275973 (Mono JIT Code) NUnit.Framework.Internal.Commands.TestMethodCommand:Execute (NUnit.Framework.Internal.ITestExecutionContext)
0x000001e9aa27556b (Mono JIT Code) UnityEngine.TestTools.UnityTestMethodCommand:Execute (NUnit.Framework.Internal.ITestExecutionContext) (at ./Library/PackageCache/com.unity.test-framework@40e262928427/UnityEngine.TestRunner/NUnitExtensions/Commands/UnityTestMethodCommand.cs:19)
0x000001e9aa2752fb (Mono JIT Code) UnityEngine.TestRunner.NUnitExtensions.Runner.UnityLogCheckDelegatingCommand/<>c__DisplayClass2_0:<Execute>b__0 () (at ./Library/PackageCache/com.unity.test-framework@40e262928427/UnityEngine.TestRunner/NUnitExtensions/Runner/UnityLogCheckDelegatingCommand.cs:24)
0x000001e9aa275123 (Mono JIT Code) UnityEngine.TestRunner.NUnitExtensions.Runner.UnityLogCheckDelegatingCommand:CaptureException (NUnit.Framework.Internal.TestResult,System.Action) (at ./Library/PackageCache/com.unity.test-framework@40e262928427/UnityEngine.TestRunner/NUnitExtensions/Runner/UnityLogCheckDelegatingCommand.cs:72)
0x000001e9aa274fb3 (Mono JIT Code) UnityEngine.TestRunner.NUnitExtensions.Runner.UnityLogCheckDelegatingCommand:ExecuteAndCheckLog (UnityEngine.TestTools.Logging.LogScope,NUnit.Framework.Internal.TestResult,System.Action) (at ./Library/PackageCache/com.unity.test-framework@40e262928427/UnityEngine.TestRunner/NUnitExtensions/Runner/UnityLogCheckDelegatingCommand.cs:83)
0x000001e9aa274c3b (Mono JIT Code) UnityEngine.TestRunner.NUnitExtensions.Runner.UnityLogCheckDelegatingCommand:Execute (NUnit.Framework.Internal.ITestExecutionContext) (at ./Library/PackageCache/com.unity.test-framework@40e262928427/UnityEngine.TestRunner/NUnitExtensions/Runner/UnityLogCheckDelegatingCommand.cs:24)
0x000001e9aa273c19 (Mono JIT Code) UnityEngine.TestRunner.NUnitExtensions.Runner.UnityLogCheckDelegatingCommand/<ExecuteEnumerable>d__3:MoveNext () (at ./Library/PackageCache/com.unity.test-framework@40e262928427/UnityEngine.TestRunner/NUnitExtensions/Runner/UnityLogCheckDelegatingCommand.cs:35)
0x000001e9aa251e01 (Mono JIT Code) UnityEngine.TestTools.BeforeAfterTestCommandBase`1/<ExecuteEnumerable>d__16<T_REF>:MoveNext () (at ./Library/PackageCache/com.unity.test-framework@40e262928427/UnityEngine.TestRunner/NUnitExtensions/Commands/BeforeAfterTestCommandBase.cs:212)
0x000001e9aa272fb6 (Mono JIT Code) UnityEngine.TestTools.ImmediateEnumerableCommand:Execute (NUnit.Framework.Internal.ITestExecutionContext) (at ./Library/PackageCache/com.unity.test-framework@40e262928427/UnityEngine.TestRunner/NUnitExtensions/Commands/ImmediateEnumerableCommand.cs:18)
0x000001e9aa251f01 (Mono JIT Code) UnityEngine.TestTools.BeforeAfterTestCommandBase`1/<ExecuteEnumerable>d__16<T_REF>:MoveNext () (at ./Library/PackageCache/com.unity.test-framework@40e262928427/UnityEngine.TestRunner/NUnitExtensions/Commands/BeforeAfterTestCommandBase.cs:219)
0x000001e9aa251e01 (Mono JIT Code) UnityEngine.TestTools.BeforeAfterTestCommandBase`1/<ExecuteEnumerable>d__16<T_REF>:MoveNext () (at ./Library/PackageCache/com.unity.test-framework@40e262928427/UnityEngine.TestRunner/NUnitExtensions/Commands/BeforeAfterTestCommandBase.cs:212)
0x000001e9aa251e01 (Mono JIT Code) UnityEngine.TestTools.BeforeAfterTestCommandBase`1/<ExecuteEnumerable>d__16<T_REF>:MoveNext () (at ./Library/PackageCache/com.unity.test-framework@40e262928427/UnityEngine.TestRunner/NUnitExtensions/Commands/BeforeAfterTestCommandBase.cs:212)
0x000001e9aa26b457 (Mono JIT Code) UnityEngine.TestTools.RetryCommand/<ExecuteEnumerable>d__2:MoveNext () (at ./Library/PackageCache/com.unity.test-framework@40e262928427/UnityEngine.TestRunner/NUnitExtensions/Commands/RetryCommand.cs:37)
0x000001e9aa269f2f (Mono JIT Code) UnityEngine.TestTools.RepeatCommand/<ExecuteEnumerable>d__2:MoveNext () (at ./Library/PackageCache/com.unity.test-framework@40e262928427/UnityEngine.TestRunner/NUnitExtensions/Commands/RepeatCommand.cs:36)
0x000001e9aa268fa6 (Mono JIT Code) UnityEngine.TestTools.IgnoreTestCommand/<ExecuteEnumerable>d__3:MoveNext () (at ./Library/PackageCache/com.unity.test-framework@40e262928427/UnityEngine.TestRunner/NUnitExtensions/Commands/IgnoreTestCommand.cs:42)
0x000001e9aa267c7f (Mono JIT Code) UnityEngine.TestTools.StrictCheckCommand/<ExecuteEnumerable>d__2:MoveNext () (at ./Library/PackageCache/com.unity.test-framework@40e262928427/UnityEngine.TestRunner/NUnitExtensions/Commands/StrictCheckCommand.cs:29)
0x000001e9aa266fe1 (Mono JIT Code) UnityEngine.TestRunner.NUnitExtensions.Runner.DefaultTestWorkItem/<PerformWork>d__2:MoveNext () (at ./Library/PackageCache/com.unity.test-framework@40e262928427/UnityEngine.TestRunner/NUnitExtensions/Runner/DefaultTestWorkItem.cs:50)
0x000001e9aa255e12 (Mono JIT Code) UnityEngine.TestRunner.NUnitExtensions.Runner.CompositeWorkItem/<RunChildren>d__17:MoveNext () (at ./Library/PackageCache/com.unity.test-framework@40e262928427/UnityEngine.TestRunner/NUnitExtensions/Runner/CompositeWorkItem.cs:207)
0x000001e9aa247756 (Mono JIT Code) UnityEngine.TestRunner.NUnitExtensions.Runner.CompositeWorkItem/<PerformWork>d__13:MoveNext () (at ./Library/PackageCache/com.unity.test-framework@40e262928427/UnityEngine.TestRunner/NUnitExtensions/Runner/CompositeWorkItem.cs:82)
0x000001e9aa255e12 (Mono JIT Code) UnityEngine.TestRunner.NUnitExtensions.Runner.CompositeWorkItem/<RunChildren>d__17:MoveNext () (at ./Library/PackageCache/com.unity.test-framework@40e262928427/UnityEngine.TestRunner/NUnitExtensions/Runner/CompositeWorkItem.cs:207)
0x000001e9aa247756 (Mono JIT Code) UnityEngine.TestRunner.NUnitExtensions.Runner.CompositeWorkItem/<PerformWork>d__13:MoveNext () (at ./Library/PackageCache/com.unity.test-framework@40e262928427/UnityEngine.TestRunner/NUnitExtensions/Runner/CompositeWorkItem.cs:82)
0x000001e9aa255e12 (Mono JIT Code) UnityEngine.TestRunner.NUnitExtensions.Runner.CompositeWorkItem/<RunChildren>d__17:MoveNext () (at ./Library/PackageCache/com.unity.test-framework@40e262928427/UnityEngine.TestRunner/NUnitExtensions/Runner/CompositeWorkItem.cs:207)
0x000001e9aa247756 (Mono JIT Code) UnityEngine.TestRunner.NUnitExtensions.Runner.CompositeWorkItem/<PerformWork>d__13:MoveNext () (at ./Library/PackageCache/com.unity.test-framework@40e262928427/UnityEngine.TestRunner/NUnitExtensions/Runner/CompositeWorkItem.cs:82)
0x000001e9aa245fcc (Mono JIT Code) UnityEditor.TestTools.TestRunner.EditModeRunner:MoveNextAndUpdateYieldObject () (at ./Library/PackageCache/com.unity.test-framework@40e262928427/UnityEditor.TestRunner/TestRunner/EditModeRunner.cs:167)
0x000001e9aa245b7b (Mono JIT Code) UnityEditor.TestTools.TestRunner.EditModeRunner:TestConsumer (UnityEditor.TestTools.TestRunner.TestRunnerStateSerializer) (at ./Library/PackageCache/com.unity.test-framework@40e262928427/UnityEditor.TestRunner/TestRunner/EditModeRunner.cs:200)
0x000001e9aa23c173 (Mono JIT Code) UnityEditor.TestTools.TestRunner.TestRun.Tasks.EditModeRunTask/<Execute>d__1:MoveNext () (at ./Library/PackageCache/com.unity.test-framework@40e262928427/UnityEditor.TestRunner/TestRun/Tasks/EditModeRunTask.cs:48)
0x000001e977129d5e (Mono JIT Code) UnityEditor.TestTools.TestRunner.TestRun.TestJobRunner:ExecuteStep () (at ./Library/PackageCache/com.unity.test-framework@40e262928427/UnityEditor.TestRunner/TestRun/TestJobRunner.cs:173)
0x000001e977128953 (Mono JIT Code) UnityEditor.TestTools.TestRunner.TestRun.TestJobRunner:ExecuteCallback () (at ./Library/PackageCache/com.unity.test-framework@40e262928427/UnityEditor.TestRunner/TestRun/TestJobRunner.cs:108)
0x000001e99df821b8 (Mono JIT Code) UnityEditor.EditorApplication:Internal_CallUpdateFunctions ()
0x000001e8e6514785 (Mono JIT Code) (wrapper runtime-invoke) object:runtime_invoke_void (object,intptr,intptr,intptr)
0x00007fff3fd16e7e (mono-2.0-bdwgc) mono_jit_runtime_invoke (at C:/build/output/Unity-Technologies/mono/mono/mini/mini-runtime.c:3445)
0x00007fff3fc58874 (mono-2.0-bdwgc) do_runtime_invoke (at C:/build/output/Unity-Technologies/mono/mono/metadata/object.c:3068)
0x00007fff3fc58960 (mono-2.0-bdwgc) mono_runtime_invoke (at C:/build/output/Unity-Technologies/mono/mono/metadata/object.c:3115)
0x00007fff38e4cea4 (Unity) scripting_method_invoke
0x00007fff38e25433 (Unity) ScriptingInvocation::Invoke
0x00007fff38e20b35 (Unity) ScriptingInvocation::Invoke<void>
0x00007fff38f8b4bb (Unity) Scripting::UnityEditor::EditorApplicationProxy::Internal_CallUpdateFunctions
0x00007fff3a07e0e4 (Unity) SceneTracker::Update
0x00007fff39be1247 (Unity) Application::TickTimer
0x00007fff3a1b25ac (Unity) MainMessageLoop
0x00007fff3a1b9d1c (Unity) UnityMain
0x00007ff68b302f2a (Unity) __scrt_common_main_seh
0x00007fffddade8d7 (KERNEL32) BaseThreadInitThunk
0x00007fffde88c53c (ntdll) RtlUserThreadStart

[MouseTracker] PlayerInputHandler not found. Mouse compensation will be disabled.
0x00007fff38f222ae (Unity) StackWalker::ShowCallstack
0x00007fff38f31ee9 (Unity) PlatformStacktrace::GetStacktrace
0x00007fff3a1ac04e (Unity) Stacktrace::GetStacktrace
0x00007fff3a7859df (Unity) DebugStringToFile
0x00007fff37fd2930 (Unity) DebugLogHandler_CUSTOM_Internal_Log
0x000001e9766cbd3e (Mono JIT Code) (wrapper managed-to-native) UnityEngine.DebugLogHandler:Internal_Log_Injected (UnityEngine.LogType,UnityEngine.LogOption,UnityEngine.Bindings.ManagedSpanWrapper&,intptr)
0x000001e9766cbb43 (Mono JIT Code) UnityEngine.DebugLogHandler:Internal_Log (UnityEngine.LogType,UnityEngine.LogOption,string,UnityEngine.Object)
0x000001e9766cb7fb (Mono JIT Code) UnityEngine.DebugLogHandler:LogFormat (UnityEngine.LogType,UnityEngine.Object,string,object[])
0x000001e9766ca6ae (Mono JIT Code) UnityEngine.Logger:Log (UnityEngine.LogType,object)
0x000001e9aa2b404d (Mono JIT Code) UnityEngine.Debug:LogWarning (object)
0x000001e9aa2b33ab (Mono JIT Code) MouseTracker:Initialize (RecoilSystem) (at C:/Users/Ubuntu/Desktop/_DEV/AFFECT-2025-10-11/Assets/_SCRIPTS/_PLAYER/Recoil/MouseTracker.cs:80)
0x000001e976d36246 (Mono JIT Code) RecoilSystem:InitializeModules () (at C:/Users/Ubuntu/Desktop/_DEV/AFFECT-2025-10-11/Assets/_SCRIPTS/_PLAYER/Recoil/RecoilSystem.cs:203)
0x000001e976d33eb3 (Mono JIT Code) RecoilSystem:Initialize () (at C:/Users/Ubuntu/Desktop/_DEV/AFFECT-2025-10-11/Assets/_SCRIPTS/_PLAYER/Recoil/RecoilSystem.cs:165)
0x000001e976d333a3 (Mono JIT Code) RecoilSystem:ForceInitializeForTesting () (at C:/Users/Ubuntu/Desktop/_DEV/AFFECT-2025-10-11/Assets/_SCRIPTS/_PLAYER/Recoil/RecoilSystem.cs:632)
0x000001e976d3c213 (Mono JIT Code) RecoilSystemProperties:Property13_GracefulModuleDegradation () (at C:/Users/Ubuntu/Desktop/_DEV/AFFECT-2025-10-11/Assets/_SCRIPTS/Editor/Properties/RecoilSystemProperties.cs:269)
0x000001e9aa264548 (Mono JIT Code) (wrapper runtime-invoke) object:runtime_invoke_void__this__ (object,intptr,intptr,intptr)
0x00007fff3fd16e7e (mono-2.0-bdwgc) mono_jit_runtime_invoke (at C:/build/output/Unity-Technologies/mono/mono/mini/mini-runtime.c:3445)
0x00007fff3fc58874 (mono-2.0-bdwgc) do_runtime_invoke (at C:/build/output/Unity-Technologies/mono/mono/metadata/object.c:3068)
0x00007fff3fc5f926 (mono-2.0-bdwgc) mono_runtime_try_invoke_array (at C:/build/output/Unity-Technologies/mono/mono/metadata/object.c:5774)
0x00007fff3fb91b81 (mono-2.0-bdwgc) ves_icall_InternalInvoke (at C:/build/output/Unity-Technologies/mono/mono/metadata/icall.c:4038)
0x00007fff3fbb7e31 (mono-2.0-bdwgc) ves_icall_InternalInvoke_raw (at C:/build/output/Unity-Technologies/mono/mono/metadata/icall-def.h:692)
0x000001e8e22b0f92 (Mono JIT Code) (wrapper managed-to-native) System.Reflection.RuntimeMethodInfo:InternalInvoke (System.Reflection.RuntimeMethodInfo,object,object[],System.Exception&)
0x000001e8e3c7ea73 (Mono JIT Code) System.Reflection.RuntimeMethodInfo:Invoke (object,System.Reflection.BindingFlags,System.Reflection.Binder,object[],System.Globalization.CultureInfo)
0x000001e8db9555ef (Mono JIT Code) System.Reflection.MethodBase:Invoke (object,object[])
0x000001e9aa26e783 (Mono JIT Code) NUnit.Framework.Internal.Reflect:InvokeMethod (System.Reflection.MethodInfo,object,object[])
0x000001e9aa2760ab (Mono JIT Code) NUnit.Framework.Internal.MethodWrapper:Invoke (object,object[])
0x000001e9aa275f8a (Mono JIT Code) NUnit.Framework.Internal.Commands.TestMethodCommand:RunNonAsyncTestMethod (NUnit.Framework.Internal.ITestExecutionContext)
0x000001e9aa275dd3 (Mono JIT Code) NUnit.Framework.Internal.Commands.TestMethodCommand:RunTestMethod (NUnit.Framework.Internal.ITestExecutionContext)
0x000001e9aa275973 (Mono JIT Code) NUnit.Framework.Internal.Commands.TestMethodCommand:Execute (NUnit.Framework.Internal.ITestExecutionContext)
0x000001e9aa27556b (Mono JIT Code) UnityEngine.TestTools.UnityTestMethodCommand:Execute (NUnit.Framework.Internal.ITestExecutionContext) (at ./Library/PackageCache/com.unity.test-framework@40e262928427/UnityEngine.TestRunner/NUnitExtensions/Commands/UnityTestMethodCommand.cs:19)
0x000001e9aa2752fb (Mono JIT Code) UnityEngine.TestRunner.NUnitExtensions.Runner.UnityLogCheckDelegatingCommand/<>c__DisplayClass2_0:<Execute>b__0 () (at ./Library/PackageCache/com.unity.test-framework@40e262928427/UnityEngine.TestRunner/NUnitExtensions/Runner/UnityLogCheckDelegatingCommand.cs:24)
0x000001e9aa275123 (Mono JIT Code) UnityEngine.TestRunner.NUnitExtensions.Runner.UnityLogCheckDelegatingCommand:CaptureException (NUnit.Framework.Internal.TestResult,System.Action) (at ./Library/PackageCache/com.unity.test-framework@40e262928427/UnityEngine.TestRunner/NUnitExtensions/Runner/UnityLogCheckDelegatingCommand.cs:72)
0x000001e9aa274fb3 (Mono JIT Code) UnityEngine.TestRunner.NUnitExtensions.Runner.UnityLogCheckDelegatingCommand:ExecuteAndCheckLog (UnityEngine.TestTools.Logging.LogScope,NUnit.Framework.Internal.TestResult,System.Action) (at ./Library/PackageCache/com.unity.test-framework@40e262928427/UnityEngine.TestRunner/NUnitExtensions/Runner/UnityLogCheckDelegatingCommand.cs:83)
0x000001e9aa274c3b (Mono JIT Code) UnityEngine.TestRunner.NUnitExtensions.Runner.UnityLogCheckDelegatingCommand:Execute (NUnit.Framework.Internal.ITestExecutionContext) (at ./Library/PackageCache/com.unity.test-framework@40e262928427/UnityEngine.TestRunner/NUnitExtensions/Runner/UnityLogCheckDelegatingCommand.cs:24)
0x000001e9aa273c19 (Mono JIT Code) UnityEngine.TestRunner.NUnitExtensions.Runner.UnityLogCheckDelegatingCommand/<ExecuteEnumerable>d__3:MoveNext () (at ./Library/PackageCache/com.unity.test-framework@40e262928427/UnityEngine.TestRunner/NUnitExtensions/Runner/UnityLogCheckDelegatingCommand.cs:35)
0x000001e9aa251e01 (Mono JIT Code) UnityEngine.TestTools.BeforeAfterTestCommandBase`1/<ExecuteEnumerable>d__16<T_REF>:MoveNext () (at ./Library/PackageCache/com.unity.test-framework@40e262928427/UnityEngine.TestRunner/NUnitExtensions/Commands/BeforeAfterTestCommandBase.cs:212)
0x000001e9aa272fb6 (Mono JIT Code) UnityEngine.TestTools.ImmediateEnumerableCommand:Execute (NUnit.Framework.Internal.ITestExecutionContext) (at ./Library/PackageCache/com.unity.test-framework@40e262928427/UnityEngine.TestRunner/NUnitExtensions/Commands/ImmediateEnumerableCommand.cs:18)
0x000001e9aa251f01 (Mono JIT Code) UnityEngine.TestTools.BeforeAfterTestCommandBase`1/<ExecuteEnumerable>d__16<T_REF>:MoveNext () (at ./Library/PackageCache/com.unity.test-framework@40e262928427/UnityEngine.TestRunner/NUnitExtensions/Commands/BeforeAfterTestCommandBase.cs:219)
0x000001e9aa251e01 (Mono JIT Code) UnityEngine.TestTools.BeforeAfterTestCommandBase`1/<ExecuteEnumerable>d__16<T_REF>:MoveNext () (at ./Library/PackageCache/com.unity.test-framework@40e262928427/UnityEngine.TestRunner/NUnitExtensions/Commands/BeforeAfterTestCommandBase.cs:212)
0x000001e9aa251e01 (Mono JIT Code) UnityEngine.TestTools.BeforeAfterTestCommandBase`1/<ExecuteEnumerable>d__16<T_REF>:MoveNext () (at ./Library/PackageCache/com.unity.test-framework@40e262928427/UnityEngine.TestRunner/NUnitExtensions/Commands/BeforeAfterTestCommandBase.cs:212)
0x000001e9aa26b457 (Mono JIT Code) UnityEngine.TestTools.RetryCommand/<ExecuteEnumerable>d__2:MoveNext () (at ./Library/PackageCache/com.unity.test-framework@40e262928427/UnityEngine.TestRunner/NUnitExtensions/Commands/RetryCommand.cs:37)
0x000001e9aa269f2f (Mono JIT Code) UnityEngine.TestTools.RepeatCommand/<ExecuteEnumerable>d__2:MoveNext () (at ./Library/PackageCache/com.unity.test-framework@40e262928427/UnityEngine.TestRunner/NUnitExtensions/Commands/RepeatCommand.cs:36)
0x000001e9aa268fa6 (Mono JIT Code) UnityEngine.TestTools.IgnoreTestCommand/<ExecuteEnumerable>d__3:MoveNext () (at ./Library/PackageCache/com.unity.test-framework@40e262928427/UnityEngine.TestRunner/NUnitExtensions/Commands/IgnoreTestCommand.cs:42)
0x000001e9aa267c7f (Mono JIT Code) UnityEngine.TestTools.StrictCheckCommand/<ExecuteEnumerable>d__2:MoveNext () (at ./Library/PackageCache/com.unity.test-framework@40e262928427/UnityEngine.TestRunner/NUnitExtensions/Commands/StrictCheckCommand.cs:29)
0x000001e9aa266fe1 (Mono JIT Code) UnityEngine.TestRunner.NUnitExtensions.Runner.DefaultTestWorkItem/<PerformWork>d__2:MoveNext () (at ./Library/PackageCache/com.unity.test-framework@40e262928427/UnityEngine.TestRunner/NUnitExtensions/Runner/DefaultTestWorkItem.cs:50)
0x000001e9aa255e12 (Mono JIT Code) UnityEngine.TestRunner.NUnitExtensions.Runner.CompositeWorkItem/<RunChildren>d__17:MoveNext () (at ./Library/PackageCache/com.unity.test-framework@40e262928427/UnityEngine.TestRunner/NUnitExtensions/Runner/CompositeWorkItem.cs:207)
0x000001e9aa247756 (Mono JIT Code) UnityEngine.TestRunner.NUnitExtensions.Runner.CompositeWorkItem/<PerformWork>d__13:MoveNext () (at ./Library/PackageCache/com.unity.test-framework@40e262928427/UnityEngine.TestRunner/NUnitExtensions/Runner/CompositeWorkItem.cs:82)
0x000001e9aa255e12 (Mono JIT Code) UnityEngine.TestRunner.NUnitExtensions.Runner.CompositeWorkItem/<RunChildren>d__17:MoveNext () (at ./Library/PackageCache/com.unity.test-framework@40e262928427/UnityEngine.TestRunner/NUnitExtensions/Runner/CompositeWorkItem.cs:207)
0x000001e9aa247756 (Mono JIT Code) UnityEngine.TestRunner.NUnitExtensions.Runner.CompositeWorkItem/<PerformWork>d__13:MoveNext () (at ./Library/PackageCache/com.unity.test-framework@40e262928427/UnityEngine.TestRunner/NUnitExtensions/Runner/CompositeWorkItem.cs:82)
0x000001e9aa255e12 (Mono JIT Code) UnityEngine.TestRunner.NUnitExtensions.Runner.CompositeWorkItem/<RunChildren>d__17:MoveNext () (at ./Library/PackageCache/com.unity.test-framework@40e262928427/UnityEngine.TestRunner/NUnitExtensions/Runner/CompositeWorkItem.cs:207)
0x000001e9aa247756 (Mono JIT Code) UnityEngine.TestRunner.NUnitExtensions.Runner.CompositeWorkItem/<PerformWork>d__13:MoveNext () (at ./Library/PackageCache/com.unity.test-framework@40e262928427/UnityEngine.TestRunner/NUnitExtensions/Runner/CompositeWorkItem.cs:82)
0x000001e9aa245fcc (Mono JIT Code) UnityEditor.TestTools.TestRunner.EditModeRunner:MoveNextAndUpdateYieldObject () (at ./Library/PackageCache/com.unity.test-framework@40e262928427/UnityEditor.TestRunner/TestRunner/EditModeRunner.cs:167)
0x000001e9aa245b7b (Mono JIT Code) UnityEditor.TestTools.TestRunner.EditModeRunner:TestConsumer (UnityEditor.TestTools.TestRunner.TestRunnerStateSerializer) (at ./Library/PackageCache/com.unity.test-framework@40e262928427/UnityEditor.TestRunner/TestRunner/EditModeRunner.cs:200)
0x000001e9aa23c173 (Mono JIT Code) UnityEditor.TestTools.TestRunner.TestRun.Tasks.EditModeRunTask/<Execute>d__1:MoveNext () (at ./Library/PackageCache/com.unity.test-framework@40e262928427/UnityEditor.TestRunner/TestRun/Tasks/EditModeRunTask.cs:48)
0x000001e977129d5e (Mono JIT Code) UnityEditor.TestTools.TestRunner.TestRun.TestJobRunner:ExecuteStep () (at ./Library/PackageCache/com.unity.test-framework@40e262928427/UnityEditor.TestRunner/TestRun/TestJobRunner.cs:173)
0x000001e977128953 (Mono JIT Code) UnityEditor.TestTools.TestRunner.TestRun.TestJobRunner:ExecuteCallback () (at ./Library/PackageCache/com.unity.test-framework@40e262928427/UnityEditor.TestRunner/TestRun/TestJobRunner.cs:108)
0x000001e99df821b8 (Mono JIT Code) UnityEditor.EditorApplication:Internal_CallUpdateFunctions ()
0x000001e8e6514785 (Mono JIT Code) (wrapper runtime-invoke) object:runtime_invoke_void (object,intptr,intptr,intptr)
0x00007fff3fd16e7e (mono-2.0-bdwgc) mono_jit_runtime_invoke (at C:/build/output/Unity-Technologies/mono/mono/mini/mini-runtime.c:3445)
0x00007fff3fc58874 (mono-2.0-bdwgc) do_runtime_invoke (at C:/build/output/Unity-Technologies/mono/mono/metadata/object.c:3068)
0x00007fff3fc58960 (mono-2.0-bdwgc) mono_runtime_invoke (at C:/build/output/Unity-Technologies/mono/mono/metadata/object.c:3115)
0x00007fff38e4cea4 (Unity) scripting_method_invoke
0x00007fff38e25433 (Unity) ScriptingInvocation::Invoke
0x00007fff38e20b35 (Unity) ScriptingInvocation::Invoke<void>
0x00007fff38f8b4bb (Unity) Scripting::UnityEditor::EditorApplicationProxy::Internal_CallUpdateFunctions
0x00007fff3a07e0e4 (Unity) SceneTracker::Update
0x00007fff39be1247 (Unity) Application::TickTimer
0x00007fff3a1b25ac (Unity) MainMessageLoop
0x00007fff3a1b9d1c (Unity) UnityMain
0x00007ff68b302f2a (Unity) __scrt_common_main_seh
0x00007fffddade8d7 (KERNEL32) BaseThreadInitThunk
0x00007fffde88c53c (ntdll) RtlUserThreadStart

[MouseTracker] PlayerInputHandler not found. Mouse compensation will be disabled.
0x00007fff38f222ae (Unity) StackWalker::ShowCallstack
0x00007fff38f31ee9 (Unity) PlatformStacktrace::GetStacktrace
0x00007fff3a1ac04e (Unity) Stacktrace::GetStacktrace
0x00007fff3a7859df (Unity) DebugStringToFile
0x00007fff37fd2930 (Unity) DebugLogHandler_CUSTOM_Internal_Log
0x000001e9766cbd3e (Mono JIT Code) (wrapper managed-to-native) UnityEngine.DebugLogHandler:Internal_Log_Injected (UnityEngine.LogType,UnityEngine.LogOption,UnityEngine.Bindings.ManagedSpanWrapper&,intptr)
0x000001e9766cbb43 (Mono JIT Code) UnityEngine.DebugLogHandler:Internal_Log (UnityEngine.LogType,UnityEngine.LogOption,string,UnityEngine.Object)
0x000001e9766cb7fb (Mono JIT Code) UnityEngine.DebugLogHandler:LogFormat (UnityEngine.LogType,UnityEngine.Object,string,object[])
0x000001e9766ca6ae (Mono JIT Code) UnityEngine.Logger:Log (UnityEngine.LogType,object)
0x000001e9aa2b404d (Mono JIT Code) UnityEngine.Debug:LogWarning (object)
0x000001e9aa2b33ab (Mono JIT Code) MouseTracker:Initialize (RecoilSystem) (at C:/Users/Ubuntu/Desktop/_DEV/AFFECT-2025-10-11/Assets/_SCRIPTS/_PLAYER/Recoil/MouseTracker.cs:80)
0x000001e976d36246 (Mono JIT Code) RecoilSystem:InitializeModules () (at C:/Users/Ubuntu/Desktop/_DEV/AFFECT-2025-10-11/Assets/_SCRIPTS/_PLAYER/Recoil/RecoilSystem.cs:203)
0x000001e976d33eb3 (Mono JIT Code) RecoilSystem:Initialize () (at C:/Users/Ubuntu/Desktop/_DEV/AFFECT-2025-10-11/Assets/_SCRIPTS/_PLAYER/Recoil/RecoilSystem.cs:165)
0x000001e976d333a3 (Mono JIT Code) RecoilSystem:ForceInitializeForTesting () (at C:/Users/Ubuntu/Desktop/_DEV/AFFECT-2025-10-11/Assets/_SCRIPTS/_PLAYER/Recoil/RecoilSystem.cs:632)
0x000001e976d3c213 (Mono JIT Code) RecoilSystemProperties:Property13_GracefulModuleDegradation () (at C:/Users/Ubuntu/Desktop/_DEV/AFFECT-2025-10-11/Assets/_SCRIPTS/Editor/Properties/RecoilSystemProperties.cs:269)
0x000001e9aa264548 (Mono JIT Code) (wrapper runtime-invoke) object:runtime_invoke_void__this__ (object,intptr,intptr,intptr)
0x00007fff3fd16e7e (mono-2.0-bdwgc) mono_jit_runtime_invoke (at C:/build/output/Unity-Technologies/mono/mono/mini/mini-runtime.c:3445)
0x00007fff3fc58874 (mono-2.0-bdwgc) do_runtime_invoke (at C:/build/output/Unity-Technologies/mono/mono/metadata/object.c:3068)
0x00007fff3fc5f926 (mono-2.0-bdwgc) mono_runtime_try_invoke_array (at C:/build/output/Unity-Technologies/mono/mono/metadata/object.c:5774)
0x00007fff3fb91b81 (mono-2.0-bdwgc) ves_icall_InternalInvoke (at C:/build/output/Unity-Technologies/mono/mono/metadata/icall.c:4038)
0x00007fff3fbb7e31 (mono-2.0-bdwgc) ves_icall_InternalInvoke_raw (at C:/build/output/Unity-Technologies/mono/mono/metadata/icall-def.h:692)
0x000001e8e22b0f92 (Mono JIT Code) (wrapper managed-to-native) System.Reflection.RuntimeMethodInfo:InternalInvoke (System.Reflection.RuntimeMethodInfo,object,object[],System.Exception&)
0x000001e8e3c7ea73 (Mono JIT Code) System.Reflection.RuntimeMethodInfo:Invoke (object,System.Reflection.BindingFlags,System.Reflection.Binder,object[],System.Globalization.CultureInfo)
0x000001e8db9555ef (Mono JIT Code) System.Reflection.MethodBase:Invoke (object,object[])
0x000001e9aa26e783 (Mono JIT Code) NUnit.Framework.Internal.Reflect:InvokeMethod (System.Reflection.MethodInfo,object,object[])
0x000001e9aa2760ab (Mono JIT Code) NUnit.Framework.Internal.MethodWrapper:Invoke (object,object[])
0x000001e9aa275f8a (Mono JIT Code) NUnit.Framework.Internal.Commands.TestMethodCommand:RunNonAsyncTestMethod (NUnit.Framework.Internal.ITestExecutionContext)
0x000001e9aa275dd3 (Mono JIT Code) NUnit.Framework.Internal.Commands.TestMethodCommand:RunTestMethod (NUnit.Framework.Internal.ITestExecutionContext)
0x000001e9aa275973 (Mono JIT Code) NUnit.Framework.Internal.Commands.TestMethodCommand:Execute (NUnit.Framework.Internal.ITestExecutionContext)
0x000001e9aa27556b (Mono JIT Code) UnityEngine.TestTools.UnityTestMethodCommand:Execute (NUnit.Framework.Internal.ITestExecutionContext) (at ./Library/PackageCache/com.unity.test-framework@40e262928427/UnityEngine.TestRunner/NUnitExtensions/Commands/UnityTestMethodCommand.cs:19)
0x000001e9aa2752fb (Mono JIT Code) UnityEngine.TestRunner.NUnitExtensions.Runner.UnityLogCheckDelegatingCommand/<>c__DisplayClass2_0:<Execute>b__0 () (at ./Library/PackageCache/com.unity.test-framework@40e262928427/UnityEngine.TestRunner/NUnitExtensions/Runner/UnityLogCheckDelegatingCommand.cs:24)
0x000001e9aa275123 (Mono JIT Code) UnityEngine.TestRunner.NUnitExtensions.Runner.UnityLogCheckDelegatingCommand:CaptureException (NUnit.Framework.Internal.TestResult,System.Action) (at ./Library/PackageCache/com.unity.test-framework@40e262928427/UnityEngine.TestRunner/NUnitExtensions/Runner/UnityLogCheckDelegatingCommand.cs:72)
0x000001e9aa274fb3 (Mono JIT Code) UnityEngine.TestRunner.NUnitExtensions.Runner.UnityLogCheckDelegatingCommand:ExecuteAndCheckLog (UnityEngine.TestTools.Logging.LogScope,NUnit.Framework.Internal.TestResult,System.Action) (at ./Library/PackageCache/com.unity.test-framework@40e262928427/UnityEngine.TestRunner/NUnitExtensions/Runner/UnityLogCheckDelegatingCommand.cs:83)
0x000001e9aa274c3b (Mono JIT Code) UnityEngine.TestRunner.NUnitExtensions.Runner.UnityLogCheckDelegatingCommand:Execute (NUnit.Framework.Internal.ITestExecutionContext) (at ./Library/PackageCache/com.unity.test-framework@40e262928427/UnityEngine.TestRunner/NUnitExtensions/Runner/UnityLogCheckDelegatingCommand.cs:24)
0x000001e9aa273c19 (Mono JIT Code) UnityEngine.TestRunner.NUnitExtensions.Runner.UnityLogCheckDelegatingCommand/<ExecuteEnumerable>d__3:MoveNext () (at ./Library/PackageCache/com.unity.test-framework@40e262928427/UnityEngine.TestRunner/NUnitExtensions/Runner/UnityLogCheckDelegatingCommand.cs:35)
0x000001e9aa251e01 (Mono JIT Code) UnityEngine.TestTools.BeforeAfterTestCommandBase`1/<ExecuteEnumerable>d__16<T_REF>:MoveNext () (at ./Library/PackageCache/com.unity.test-framework@40e262928427/UnityEngine.TestRunner/NUnitExtensions/Commands/BeforeAfterTestCommandBase.cs:212)
0x000001e9aa272fb6 (Mono JIT Code) UnityEngine.TestTools.ImmediateEnumerableCommand:Execute (NUnit.Framework.Internal.ITestExecutionContext) (at ./Library/PackageCache/com.unity.test-framework@40e262928427/UnityEngine.TestRunner/NUnitExtensions/Commands/ImmediateEnumerableCommand.cs:18)
0x000001e9aa251f01 (Mono JIT Code) UnityEngine.TestTools.BeforeAfterTestCommandBase`1/<ExecuteEnumerable>d__16<T_REF>:MoveNext () (at ./Library/PackageCache/com.unity.test-framework@40e262928427/UnityEngine.TestRunner/NUnitExtensions/Commands/BeforeAfterTestCommandBase.cs:219)
0x000001e9aa251e01 (Mono JIT Code) UnityEngine.TestTools.BeforeAfterTestCommandBase`1/<ExecuteEnumerable>d__16<T_REF>:MoveNext () (at ./Library/PackageCache/com.unity.test-framework@40e262928427/UnityEngine.TestRunner/NUnitExtensions/Commands/BeforeAfterTestCommandBase.cs:212)
0x000001e9aa251e01 (Mono JIT Code) UnityEngine.TestTools.BeforeAfterTestCommandBase`1/<ExecuteEnumerable>d__16<T_REF>:MoveNext () (at ./Library/PackageCache/com.unity.test-framework@40e262928427/UnityEngine.TestRunner/NUnitExtensions/Commands/BeforeAfterTestCommandBase.cs:212)
0x000001e9aa26b457 (Mono JIT Code) UnityEngine.TestTools.RetryCommand/<ExecuteEnumerable>d__2:MoveNext () (at ./Library/PackageCache/com.unity.test-framework@40e262928427/UnityEngine.TestRunner/NUnitExtensions/Commands/RetryCommand.cs:37)
0x000001e9aa269f2f (Mono JIT Code) UnityEngine.TestTools.RepeatCommand/<ExecuteEnumerable>d__2:MoveNext () (at ./Library/PackageCache/com.unity.test-framework@40e262928427/UnityEngine.TestRunner/NUnitExtensions/Commands/RepeatCommand.cs:36)
0x000001e9aa268fa6 (Mono JIT Code) UnityEngine.TestTools.IgnoreTestCommand/<ExecuteEnumerable>d__3:MoveNext () (at ./Library/PackageCache/com.unity.test-framework@40e262928427/UnityEngine.TestRunner/NUnitExtensions/Commands/IgnoreTestCommand.cs:42)
0x000001e9aa267c7f (Mono JIT Code) UnityEngine.TestTools.StrictCheckCommand/<ExecuteEnumerable>d__2:MoveNext () (at ./Library/PackageCache/com.unity.test-framework@40e262928427/UnityEngine.TestRunner/NUnitExtensions/Commands/StrictCheckCommand.cs:29)
0x000001e9aa266fe1 (Mono JIT Code) UnityEngine.TestRunner.NUnitExtensions.Runner.DefaultTestWorkItem/<PerformWork>d__2:MoveNext () (at ./Library/PackageCache/com.unity.test-framework@40e262928427/UnityEngine.TestRunner/NUnitExtensions/Runner/DefaultTestWorkItem.cs:50)
0x000001e9aa255e12 (Mono JIT Code) UnityEngine.TestRunner.NUnitExtensions.Runner.CompositeWorkItem/<RunChildren>d__17:MoveNext () (at ./Library/PackageCache/com.unity.test-framework@40e262928427/UnityEngine.TestRunner/NUnitExtensions/Runner/CompositeWorkItem.cs:207)
0x000001e9aa247756 (Mono JIT Code) UnityEngine.TestRunner.NUnitExtensions.Runner.CompositeWorkItem/<PerformWork>d__13:MoveNext () (at ./Library/PackageCache/com.unity.test-framework@40e262928427/UnityEngine.TestRunner/NUnitExtensions/Runner/CompositeWorkItem.cs:82)
0x000001e9aa255e12 (Mono JIT Code) UnityEngine.TestRunner.NUnitExtensions.Runner.CompositeWorkItem/<RunChildren>d__17:MoveNext () (at ./Library/PackageCache/com.unity.test-framework@40e262928427/UnityEngine.TestRunner/NUnitExtensions/Runner/CompositeWorkItem.cs:207)
0x000001e9aa247756 (Mono JIT Code) UnityEngine.TestRunner.NUnitExtensions.Runner.CompositeWorkItem/<PerformWork>d__13:MoveNext () (at ./Library/PackageCache/com.unity.test-framework@40e262928427/UnityEngine.TestRunner/NUnitExtensions/Runner/CompositeWorkItem.cs:82)
0x000001e9aa255e12 (Mono JIT Code) UnityEngine.TestRunner.NUnitExtensions.Runner.CompositeWorkItem/<RunChildren>d__17:MoveNext () (at ./Library/PackageCache/com.unity.test-framework@40e262928427/UnityEngine.TestRunner/NUnitExtensions/Runner/CompositeWorkItem.cs:207)
0x000001e9aa247756 (Mono JIT Code) UnityEngine.TestRunner.NUnitExtensions.Runner.CompositeWorkItem/<PerformWork>d__13:MoveNext () (at ./Library/PackageCache/com.unity.test-framework@40e262928427/UnityEngine.TestRunner/NUnitExtensions/Runner/CompositeWorkItem.cs:82)
0x000001e9aa245fcc (Mono JIT Code) UnityEditor.TestTools.TestRunner.EditModeRunner:MoveNextAndUpdateYieldObject () (at ./Library/PackageCache/com.unity.test-framework@40e262928427/UnityEditor.TestRunner/TestRunner/EditModeRunner.cs:167)
0x000001e9aa245b7b (Mono JIT Code) UnityEditor.TestTools.TestRunner.EditModeRunner:TestConsumer (UnityEditor.TestTools.TestRunner.TestRunnerStateSerializer) (at ./Library/PackageCache/com.unity.test-framework@40e262928427/UnityEditor.TestRunner/TestRunner/EditModeRunner.cs:200)
0x000001e9aa23c173 (Mono JIT Code) UnityEditor.TestTools.TestRunner.TestRun.Tasks.EditModeRunTask/<Execute>d__1:MoveNext () (at ./Library/PackageCache/com.unity.test-framework@40e262928427/UnityEditor.TestRunner/TestRun/Tasks/EditModeRunTask.cs:48)
0x000001e977129d5e (Mono JIT Code) UnityEditor.TestTools.TestRunner.TestRun.TestJobRunner:ExecuteStep () (at ./Library/PackageCache/com.unity.test-framework@40e262928427/UnityEditor.TestRunner/TestRun/TestJobRunner.cs:173)
0x000001e977128953 (Mono JIT Code) UnityEditor.TestTools.TestRunner.TestRun.TestJobRunner:ExecuteCallback () (at ./Library/PackageCache/com.unity.test-framework@40e262928427/UnityEditor.TestRunner/TestRun/TestJobRunner.cs:108)
0x000001e99df821b8 (Mono JIT Code) UnityEditor.EditorApplication:Internal_CallUpdateFunctions ()
0x000001e8e6514785 (Mono JIT Code) (wrapper runtime-invoke) object:runtime_invoke_void (object,intptr,intptr,intptr)
0x00007fff3fd16e7e (mono-2.0-bdwgc) mono_jit_runtime_invoke (at C:/build/output/Unity-Technologies/mono/mono/mini/mini-runtime.c:3445)
0x00007fff3fc58874 (mono-2.0-bdwgc) do_runtime_invoke (at C:/build/output/Unity-Technologies/mono/mono/metadata/object.c:3068)
0x00007fff3fc58960 (mono-2.0-bdwgc) mono_runtime_invoke (at C:/build/output/Unity-Technologies/mono/mono/metadata/object.c:3115)
0x00007fff38e4cea4 (Unity) scripting_method_invoke
0x00007fff38e25433 (Unity) ScriptingInvocation::Invoke
0x00007fff38e20b35 (Unity) ScriptingInvocation::Invoke<void>
0x00007fff38f8b4bb (Unity) Scripting::UnityEditor::EditorApplicationProxy::Internal_CallUpdateFunctions
0x00007fff3a07e0e4 (Unity) SceneTracker::Update
0x00007fff39be1247 (Unity) Application::TickTimer
0x00007fff3a1b25ac (Unity) MainMessageLoop
0x00007fff3a1b9d1c (Unity) UnityMain
0x00007ff68b302f2a (Unity) __scrt_common_main_seh
0x00007fffddade8d7 (KERNEL32) BaseThreadInitThunk
0x00007fffde88c53c (ntdll) RtlUserThreadStart

[MouseTracker] PlayerInputHandler not found. Mouse compensation will be disabled.
0x00007fff38f222ae (Unity) StackWalker::ShowCallstack
0x00007fff38f31ee9 (Unity) PlatformStacktrace::GetStacktrace
0x00007fff3a1ac04e (Unity) Stacktrace::GetStacktrace
0x00007fff3a7859df (Unity) DebugStringToFile
0x00007fff37fd2930 (Unity) DebugLogHandler_CUSTOM_Internal_Log
0x000001e9766cbd3e (Mono JIT Code) (wrapper managed-to-native) UnityEngine.DebugLogHandler:Internal_Log_Injected (UnityEngine.LogType,UnityEngine.LogOption,UnityEngine.Bindings.ManagedSpanWrapper&,intptr)
0x000001e9766cbb43 (Mono JIT Code) UnityEngine.DebugLogHandler:Internal_Log (UnityEngine.LogType,UnityEngine.LogOption,string,UnityEngine.Object)
0x000001e9766cb7fb (Mono JIT Code) UnityEngine.DebugLogHandler:LogFormat (UnityEngine.LogType,UnityEngine.Object,string,object[])
0x000001e9766ca6ae (Mono JIT Code) UnityEngine.Logger:Log (UnityEngine.LogType,object)
0x000001e9aa2b404d (Mono JIT Code) UnityEngine.Debug:LogWarning (object)
0x000001e9aa2b33ab (Mono JIT Code) MouseTracker:Initialize (RecoilSystem) (at C:/Users/Ubuntu/Desktop/_DEV/AFFECT-2025-10-11/Assets/_SCRIPTS/_PLAYER/Recoil/MouseTracker.cs:80)
0x000001e976d36246 (Mono JIT Code) RecoilSystem:InitializeModules () (at C:/Users/Ubuntu/Desktop/_DEV/AFFECT-2025-10-11/Assets/_SCRIPTS/_PLAYER/Recoil/RecoilSystem.cs:203)
0x000001e976d33eb3 (Mono JIT Code) RecoilSystem:Initialize () (at C:/Users/Ubuntu/Desktop/_DEV/AFFECT-2025-10-11/Assets/_SCRIPTS/_PLAYER/Recoil/RecoilSystem.cs:165)
0x000001e976d333a3 (Mono JIT Code) RecoilSystem:ForceInitializeForTesting () (at C:/Users/Ubuntu/Desktop/_DEV/AFFECT-2025-10-11/Assets/_SCRIPTS/_PLAYER/Recoil/RecoilSystem.cs:632)
0x000001e976d3c213 (Mono JIT Code) RecoilSystemProperties:Property13_GracefulModuleDegradation () (at C:/Users/Ubuntu/Desktop/_DEV/AFFECT-2025-10-11/Assets/_SCRIPTS/Editor/Properties/RecoilSystemProperties.cs:269)
0x000001e9aa264548 (Mono JIT Code) (wrapper runtime-invoke) object:runtime_invoke_void__this__ (object,intptr,intptr,intptr)
0x00007fff3fd16e7e (mono-2.0-bdwgc) mono_jit_runtime_invoke (at C:/build/output/Unity-Technologies/mono/mono/mini/mini-runtime.c:3445)
0x00007fff3fc58874 (mono-2.0-bdwgc) do_runtime_invoke (at C:/build/output/Unity-Technologies/mono/mono/metadata/object.c:3068)
0x00007fff3fc5f926 (mono-2.0-bdwgc) mono_runtime_try_invoke_array (at C:/build/output/Unity-Technologies/mono/mono/metadata/object.c:5774)
0x00007fff3fb91b81 (mono-2.0-bdwgc) ves_icall_InternalInvoke (at C:/build/output/Unity-Technologies/mono/mono/metadata/icall.c:4038)
0x00007fff3fbb7e31 (mono-2.0-bdwgc) ves_icall_InternalInvoke_raw (at C:/build/output/Unity-Technologies/mono/mono/metadata/icall-def.h:692)
0x000001e8e22b0f92 (Mono JIT Code) (wrapper managed-to-native) System.Reflection.RuntimeMethodInfo:InternalInvoke (System.Reflection.RuntimeMethodInfo,object,object[],System.Exception&)
0x000001e8e3c7ea73 (Mono JIT Code) System.Reflection.RuntimeMethodInfo:Invoke (object,System.Reflection.BindingFlags,System.Reflection.Binder,object[],System.Globalization.CultureInfo)
0x000001e8db9555ef (Mono JIT Code) System.Reflection.MethodBase:Invoke (object,object[])
0x000001e9aa26e783 (Mono JIT Code) NUnit.Framework.Internal.Reflect:InvokeMethod (System.Reflection.MethodInfo,object,object[])
0x000001e9aa2760ab (Mono JIT Code) NUnit.Framework.Internal.MethodWrapper:Invoke (object,object[])
0x000001e9aa275f8a (Mono JIT Code) NUnit.Framework.Internal.Commands.TestMethodCommand:RunNonAsyncTestMethod (NUnit.Framework.Internal.ITestExecutionContext)
0x000001e9aa275dd3 (Mono JIT Code) NUnit.Framework.Internal.Commands.TestMethodCommand:RunTestMethod (NUnit.Framework.Internal.ITestExecutionContext)
0x000001e9aa275973 (Mono JIT Code) NUnit.Framework.Internal.Commands.TestMethodCommand:Execute (NUnit.Framework.Internal.ITestExecutionContext)
0x000001e9aa27556b (Mono JIT Code) UnityEngine.TestTools.UnityTestMethodCommand:Execute (NUnit.Framework.Internal.ITestExecutionContext) (at ./Library/PackageCache/com.unity.test-framework@40e262928427/UnityEngine.TestRunner/NUnitExtensions/Commands/UnityTestMethodCommand.cs:19)
0x000001e9aa2752fb (Mono JIT Code) UnityEngine.TestRunner.NUnitExtensions.Runner.UnityLogCheckDelegatingCommand/<>c__DisplayClass2_0:<Execute>b__0 () (at ./Library/PackageCache/com.unity.test-framework@40e262928427/UnityEngine.TestRunner/NUnitExtensions/Runner/UnityLogCheckDelegatingCommand.cs:24)
0x000001e9aa275123 (Mono JIT Code) UnityEngine.TestRunner.NUnitExtensions.Runner.UnityLogCheckDelegatingCommand:CaptureException (NUnit.Framework.Internal.TestResult,System.Action) (at ./Library/PackageCache/com.unity.test-framework@40e262928427/UnityEngine.TestRunner/NUnitExtensions/Runner/UnityLogCheckDelegatingCommand.cs:72)
0x000001e9aa274fb3 (Mono JIT Code) UnityEngine.TestRunner.NUnitExtensions.Runner.UnityLogCheckDelegatingCommand:ExecuteAndCheckLog (UnityEngine.TestTools.Logging.LogScope,NUnit.Framework.Internal.TestResult,System.Action) (at ./Library/PackageCache/com.unity.test-framework@40e262928427/UnityEngine.TestRunner/NUnitExtensions/Runner/UnityLogCheckDelegatingCommand.cs:83)
0x000001e9aa274c3b (Mono JIT Code) UnityEngine.TestRunner.NUnitExtensions.Runner.UnityLogCheckDelegatingCommand:Execute (NUnit.Framework.Internal.ITestExecutionContext) (at ./Library/PackageCache/com.unity.test-framework@40e262928427/UnityEngine.TestRunner/NUnitExtensions/Runner/UnityLogCheckDelegatingCommand.cs:24)
0x000001e9aa273c19 (Mono JIT Code) UnityEngine.TestRunner.NUnitExtensions.Runner.UnityLogCheckDelegatingCommand/<ExecuteEnumerable>d__3:MoveNext () (at ./Library/PackageCache/com.unity.test-framework@40e262928427/UnityEngine.TestRunner/NUnitExtensions/Runner/UnityLogCheckDelegatingCommand.cs:35)
0x000001e9aa251e01 (Mono JIT Code) UnityEngine.TestTools.BeforeAfterTestCommandBase`1/<ExecuteEnumerable>d__16<T_REF>:MoveNext () (at ./Library/PackageCache/com.unity.test-framework@40e262928427/UnityEngine.TestRunner/NUnitExtensions/Commands/BeforeAfterTestCommandBase.cs:212)
0x000001e9aa272fb6 (Mono JIT Code) UnityEngine.TestTools.ImmediateEnumerableCommand:Execute (NUnit.Framework.Internal.ITestExecutionContext) (at ./Library/PackageCache/com.unity.test-framework@40e262928427/UnityEngine.TestRunner/NUnitExtensions/Commands/ImmediateEnumerableCommand.cs:18)
0x000001e9aa251f01 (Mono JIT Code) UnityEngine.TestTools.BeforeAfterTestCommandBase`1/<ExecuteEnumerable>d__16<T_REF>:MoveNext () (at ./Library/PackageCache/com.unity.test-framework@40e262928427/UnityEngine.TestRunner/NUnitExtensions/Commands/BeforeAfterTestCommandBase.cs:219)
0x000001e9aa251e01 (Mono JIT Code) UnityEngine.TestTools.BeforeAfterTestCommandBase`1/<ExecuteEnumerable>d__16<T_REF>:MoveNext () (at ./Library/PackageCache/com.unity.test-framework@40e262928427/UnityEngine.TestRunner/NUnitExtensions/Commands/BeforeAfterTestCommandBase.cs:212)
0x000001e9aa251e01 (Mono JIT Code) UnityEngine.TestTools.BeforeAfterTestCommandBase`1/<ExecuteEnumerable>d__16<T_REF>:MoveNext () (at ./Library/PackageCache/com.unity.test-framework@40e262928427/UnityEngine.TestRunner/NUnitExtensions/Commands/BeforeAfterTestCommandBase.cs:212)
0x000001e9aa26b457 (Mono JIT Code) UnityEngine.TestTools.RetryCommand/<ExecuteEnumerable>d__2:MoveNext () (at ./Library/PackageCache/com.unity.test-framework@40e262928427/UnityEngine.TestRunner/NUnitExtensions/Commands/RetryCommand.cs:37)
0x000001e9aa269f2f (Mono JIT Code) UnityEngine.TestTools.RepeatCommand/<ExecuteEnumerable>d__2:MoveNext () (at ./Library/PackageCache/com.unity.test-framework@40e262928427/UnityEngine.TestRunner/NUnitExtensions/Commands/RepeatCommand.cs:36)
0x000001e9aa268fa6 (Mono JIT Code) UnityEngine.TestTools.IgnoreTestCommand/<ExecuteEnumerable>d__3:MoveNext () (at ./Library/PackageCache/com.unity.test-framework@40e262928427/UnityEngine.TestRunner/NUnitExtensions/Commands/IgnoreTestCommand.cs:42)
0x000001e9aa267c7f (Mono JIT Code) UnityEngine.TestTools.StrictCheckCommand/<ExecuteEnumerable>d__2:MoveNext () (at ./Library/PackageCache/com.unity.test-framework@40e262928427/UnityEngine.TestRunner/NUnitExtensions/Commands/StrictCheckCommand.cs:29)
0x000001e9aa266fe1 (Mono JIT Code) UnityEngine.TestRunner.NUnitExtensions.Runner.DefaultTestWorkItem/<PerformWork>d__2:MoveNext () (at ./Library/PackageCache/com.unity.test-framework@40e262928427/UnityEngine.TestRunner/NUnitExtensions/Runner/DefaultTestWorkItem.cs:50)
0x000001e9aa255e12 (Mono JIT Code) UnityEngine.TestRunner.NUnitExtensions.Runner.CompositeWorkItem/<RunChildren>d__17:MoveNext () (at ./Library/PackageCache/com.unity.test-framework@40e262928427/UnityEngine.TestRunner/NUnitExtensions/Runner/CompositeWorkItem.cs:207)
0x000001e9aa247756 (Mono JIT Code) UnityEngine.TestRunner.NUnitExtensions.Runner.CompositeWorkItem/<PerformWork>d__13:MoveNext () (at ./Library/PackageCache/com.unity.test-framework@40e262928427/UnityEngine.TestRunner/NUnitExtensions/Runner/CompositeWorkItem.cs:82)
0x000001e9aa255e12 (Mono JIT Code) UnityEngine.TestRunner.NUnitExtensions.Runner.CompositeWorkItem/<RunChildren>d__17:MoveNext () (at ./Library/PackageCache/com.unity.test-framework@40e262928427/UnityEngine.TestRunner/NUnitExtensions/Runner/CompositeWorkItem.cs:207)
0x000001e9aa247756 (Mono JIT Code) UnityEngine.TestRunner.NUnitExtensions.Runner.CompositeWorkItem/<PerformWork>d__13:MoveNext () (at ./Library/PackageCache/com.unity.test-framework@40e262928427/UnityEngine.TestRunner/NUnitExtensions/Runner/CompositeWorkItem.cs:82)
0x000001e9aa255e12 (Mono JIT Code) UnityEngine.TestRunner.NUnitExtensions.Runner.CompositeWorkItem/<RunChildren>d__17:MoveNext () (at ./Library/PackageCache/com.unity.test-framework@40e262928427/UnityEngine.TestRunner/NUnitExtensions/Runner/CompositeWorkItem.cs:207)
0x000001e9aa247756 (Mono JIT Code) UnityEngine.TestRunner.NUnitExtensions.Runner.CompositeWorkItem/<PerformWork>d__13:MoveNext () (at ./Library/PackageCache/com.unity.test-framework@40e262928427/UnityEngine.TestRunner/NUnitExtensions/Runner/CompositeWorkItem.cs:82)
0x000001e9aa245fcc (Mono JIT Code) UnityEditor.TestTools.TestRunner.EditModeRunner:MoveNextAndUpdateYieldObject () (at ./Library/PackageCache/com.unity.test-framework@40e262928427/UnityEditor.TestRunner/TestRunner/EditModeRunner.cs:167)
0x000001e9aa245b7b (Mono JIT Code) UnityEditor.TestTools.TestRunner.EditModeRunner:TestConsumer (UnityEditor.TestTools.TestRunner.TestRunnerStateSerializer) (at ./Library/PackageCache/com.unity.test-framework@40e262928427/UnityEditor.TestRunner/TestRunner/EditModeRunner.cs:200)
0x000001e9aa23c173 (Mono JIT Code) UnityEditor.TestTools.TestRunner.TestRun.Tasks.EditModeRunTask/<Execute>d__1:MoveNext () (at ./Library/PackageCache/com.unity.test-framework@40e262928427/UnityEditor.TestRunner/TestRun/Tasks/EditModeRunTask.cs:48)
0x000001e977129d5e (Mono JIT Code) UnityEditor.TestTools.TestRunner.TestRun.TestJobRunner:ExecuteStep () (at ./Library/PackageCache/com.unity.test-framework@40e262928427/UnityEditor.TestRunner/TestRun/TestJobRunner.cs:173)
0x000001e977128953 (Mono JIT Code) UnityEditor.TestTools.TestRunner.TestRun.TestJobRunner:ExecuteCallback () (at ./Library/PackageCache/com.unity.test-framework@40e262928427/UnityEditor.TestRunner/TestRun/TestJobRunner.cs:108)
0x000001e99df821b8 (Mono JIT Code) UnityEditor.EditorApplication:Internal_CallUpdateFunctions ()
0x000001e8e6514785 (Mono JIT Code) (wrapper runtime-invoke) object:runtime_invoke_void (object,intptr,intptr,intptr)
0x00007fff3fd16e7e (mono-2.0-bdwgc) mono_jit_runtime_invoke (at C:/build/output/Unity-Technologies/mono/mono/mini/mini-runtime.c:3445)
0x00007fff3fc58874 (mono-2.0-bdwgc) do_runtime_invoke (at C:/build/output/Unity-Technologies/mono/mono/metadata/object.c:3068)
0x00007fff3fc58960 (mono-2.0-bdwgc) mono_runtime_invoke (at C:/build/output/Unity-Technologies/mono/mono/metadata/object.c:3115)
0x00007fff38e4cea4 (Unity) scripting_method_invoke
0x00007fff38e25433 (Unity) ScriptingInvocation::Invoke
0x00007fff38e20b35 (Unity) ScriptingInvocation::Invoke<void>
0x00007fff38f8b4bb (Unity) Scripting::UnityEditor::EditorApplicationProxy::Internal_CallUpdateFunctions
0x00007fff3a07e0e4 (Unity) SceneTracker::Update
0x00007fff39be1247 (Unity) Application::TickTimer
0x00007fff3a1b25ac (Unity) MainMessageLoop
0x00007fff3a1b9d1c (Unity) UnityMain
0x00007ff68b302f2a (Unity) __scrt_common_main_seh
0x00007fffddade8d7 (KERNEL32) BaseThreadInitThunk
0x00007fffde88c53c (ntdll) RtlUserThreadStart

[MouseTracker] PlayerInputHandler not found. Mouse compensation will be disabled.
0x00007fff38f222ae (Unity) StackWalker::ShowCallstack
0x00007fff38f31ee9 (Unity) PlatformStacktrace::GetStacktrace
0x00007fff3a1ac04e (Unity) Stacktrace::GetStacktrace
0x00007fff3a7859df (Unity) DebugStringToFile
0x00007fff37fd2930 (Unity) DebugLogHandler_CUSTOM_Internal_Log
0x000001e9766cbd3e (Mono JIT Code) (wrapper managed-to-native) UnityEngine.DebugLogHandler:Internal_Log_Injected (UnityEngine.LogType,UnityEngine.LogOption,UnityEngine.Bindings.ManagedSpanWrapper&,intptr)
0x000001e9766cbb43 (Mono JIT Code) UnityEngine.DebugLogHandler:Internal_Log (UnityEngine.LogType,UnityEngine.LogOption,string,UnityEngine.Object)
0x000001e9766cb7fb (Mono JIT Code) UnityEngine.DebugLogHandler:LogFormat (UnityEngine.LogType,UnityEngine.Object,string,object[])
0x000001e9766ca6ae (Mono JIT Code) UnityEngine.Logger:Log (UnityEngine.LogType,object)
0x000001e9aa2b404d (Mono JIT Code) UnityEngine.Debug:LogWarning (object)
0x000001e9aa2b33ab (Mono JIT Code) MouseTracker:Initialize (RecoilSystem) (at C:/Users/Ubuntu/Desktop/_DEV/AFFECT-2025-10-11/Assets/_SCRIPTS/_PLAYER/Recoil/MouseTracker.cs:80)
0x000001e976d36246 (Mono JIT Code) RecoilSystem:InitializeModules () (at C:/Users/Ubuntu/Desktop/_DEV/AFFECT-2025-10-11/Assets/_SCRIPTS/_PLAYER/Recoil/RecoilSystem.cs:203)
0x000001e976d33eb3 (Mono JIT Code) RecoilSystem:Initialize () (at C:/Users/Ubuntu/Desktop/_DEV/AFFECT-2025-10-11/Assets/_SCRIPTS/_PLAYER/Recoil/RecoilSystem.cs:165)
0x000001e976d333a3 (Mono JIT Code) RecoilSystem:ForceInitializeForTesting () (at C:/Users/Ubuntu/Desktop/_DEV/AFFECT-2025-10-11/Assets/_SCRIPTS/_PLAYER/Recoil/RecoilSystem.cs:632)
0x000001e976d3c213 (Mono JIT Code) RecoilSystemProperties:Property13_GracefulModuleDegradation () (at C:/Users/Ubuntu/Desktop/_DEV/AFFECT-2025-10-11/Assets/_SCRIPTS/Editor/Properties/RecoilSystemProperties.cs:269)
0x000001e9aa264548 (Mono JIT Code) (wrapper runtime-invoke) object:runtime_invoke_void__this__ (object,intptr,intptr,intptr)
0x00007fff3fd16e7e (mono-2.0-bdwgc) mono_jit_runtime_invoke (at C:/build/output/Unity-Technologies/mono/mono/mini/mini-runtime.c:3445)
0x00007fff3fc58874 (mono-2.0-bdwgc) do_runtime_invoke (at C:/build/output/Unity-Technologies/mono/mono/metadata/object.c:3068)
0x00007fff3fc5f926 (mono-2.0-bdwgc) mono_runtime_try_invoke_array (at C:/build/output/Unity-Technologies/mono/mono/metadata/object.c:5774)
0x00007fff3fb91b81 (mono-2.0-bdwgc) ves_icall_InternalInvoke (at C:/build/output/Unity-Technologies/mono/mono/metadata/icall.c:4038)
0x00007fff3fbb7e31 (mono-2.0-bdwgc) ves_icall_InternalInvoke_raw (at C:/build/output/Unity-Technologies/mono/mono/metadata/icall-def.h:692)
0x000001e8e22b0f92 (Mono JIT Code) (wrapper managed-to-native) System.Reflection.RuntimeMethodInfo:InternalInvoke (System.Reflection.RuntimeMethodInfo,object,object[],System.Exception&)
0x000001e8e3c7ea73 (Mono JIT Code) System.Reflection.RuntimeMethodInfo:Invoke (object,System.Reflection.BindingFlags,System.Reflection.Binder,object[],System.Globalization.CultureInfo)
0x000001e8db9555ef (Mono JIT Code) System.Reflection.MethodBase:Invoke (object,object[])
0x000001e9aa26e783 (Mono JIT Code) NUnit.Framework.Internal.Reflect:InvokeMethod (System.Reflection.MethodInfo,object,object[])
0x000001e9aa2760ab (Mono JIT Code) NUnit.Framework.Internal.MethodWrapper:Invoke (object,object[])
0x000001e9aa275f8a (Mono JIT Code) NUnit.Framework.Internal.Commands.TestMethodCommand:RunNonAsyncTestMethod (NUnit.Framework.Internal.ITestExecutionContext)
0x000001e9aa275dd3 (Mono JIT Code) NUnit.Framework.Internal.Commands.TestMethodCommand:RunTestMethod (NUnit.Framework.Internal.ITestExecutionContext)
0x000001e9aa275973 (Mono JIT Code) NUnit.Framework.Internal.Commands.TestMethodCommand:Execute (NUnit.Framework.Internal.ITestExecutionContext)
0x000001e9aa27556b (Mono JIT Code) UnityEngine.TestTools.UnityTestMethodCommand:Execute (NUnit.Framework.Internal.ITestExecutionContext) (at ./Library/PackageCache/com.unity.test-framework@40e262928427/UnityEngine.TestRunner/NUnitExtensions/Commands/UnityTestMethodCommand.cs:19)
0x000001e9aa2752fb (Mono JIT Code) UnityEngine.TestRunner.NUnitExtensions.Runner.UnityLogCheckDelegatingCommand/<>c__DisplayClass2_0:<Execute>b__0 () (at ./Library/PackageCache/com.unity.test-framework@40e262928427/UnityEngine.TestRunner/NUnitExtensions/Runner/UnityLogCheckDelegatingCommand.cs:24)
0x000001e9aa275123 (Mono JIT Code) UnityEngine.TestRunner.NUnitExtensions.Runner.UnityLogCheckDelegatingCommand:CaptureException (NUnit.Framework.Internal.TestResult,System.Action) (at ./Library/PackageCache/com.unity.test-framework@40e262928427/UnityEngine.TestRunner/NUnitExtensions/Runner/UnityLogCheckDelegatingCommand.cs:72)
0x000001e9aa274fb3 (Mono JIT Code) UnityEngine.TestRunner.NUnitExtensions.Runner.UnityLogCheckDelegatingCommand:ExecuteAndCheckLog (UnityEngine.TestTools.Logging.LogScope,NUnit.Framework.Internal.TestResult,System.Action) (at ./Library/PackageCache/com.unity.test-framework@40e262928427/UnityEngine.TestRunner/NUnitExtensions/Runner/UnityLogCheckDelegatingCommand.cs:83)
0x000001e9aa274c3b (Mono JIT Code) UnityEngine.TestRunner.NUnitExtensions.Runner.UnityLogCheckDelegatingCommand:Execute (NUnit.Framework.Internal.ITestExecutionContext) (at ./Library/PackageCache/com.unity.test-framework@40e262928427/UnityEngine.TestRunner/NUnitExtensions/Runner/UnityLogCheckDelegatingCommand.cs:24)
0x000001e9aa273c19 (Mono JIT Code) UnityEngine.TestRunner.NUnitExtensions.Runner.UnityLogCheckDelegatingCommand/<ExecuteEnumerable>d__3:MoveNext () (at ./Library/PackageCache/com.unity.test-framework@40e262928427/UnityEngine.TestRunner/NUnitExtensions/Runner/UnityLogCheckDelegatingCommand.cs:35)
0x000001e9aa251e01 (Mono JIT Code) UnityEngine.TestTools.BeforeAfterTestCommandBase`1/<ExecuteEnumerable>d__16<T_REF>:MoveNext () (at ./Library/PackageCache/com.unity.test-framework@40e262928427/UnityEngine.TestRunner/NUnitExtensions/Commands/BeforeAfterTestCommandBase.cs:212)
0x000001e9aa272fb6 (Mono JIT Code) UnityEngine.TestTools.ImmediateEnumerableCommand:Execute (NUnit.Framework.Internal.ITestExecutionContext) (at ./Library/PackageCache/com.unity.test-framework@40e262928427/UnityEngine.TestRunner/NUnitExtensions/Commands/ImmediateEnumerableCommand.cs:18)
0x000001e9aa251f01 (Mono JIT Code) UnityEngine.TestTools.BeforeAfterTestCommandBase`1/<ExecuteEnumerable>d__16<T_REF>:MoveNext () (at ./Library/PackageCache/com.unity.test-framework@40e262928427/UnityEngine.TestRunner/NUnitExtensions/Commands/BeforeAfterTestCommandBase.cs:219)
0x000001e9aa251e01 (Mono JIT Code) UnityEngine.TestTools.BeforeAfterTestCommandBase`1/<ExecuteEnumerable>d__16<T_REF>:MoveNext () (at ./Library/PackageCache/com.unity.test-framework@40e262928427/UnityEngine.TestRunner/NUnitExtensions/Commands/BeforeAfterTestCommandBase.cs:212)
0x000001e9aa251e01 (Mono JIT Code) UnityEngine.TestTools.BeforeAfterTestCommandBase`1/<ExecuteEnumerable>d__16<T_REF>:MoveNext () (at ./Library/PackageCache/com.unity.test-framework@40e262928427/UnityEngine.TestRunner/NUnitExtensions/Commands/BeforeAfterTestCommandBase.cs:212)
0x000001e9aa26b457 (Mono JIT Code) UnityEngine.TestTools.RetryCommand/<ExecuteEnumerable>d__2:MoveNext () (at ./Library/PackageCache/com.unity.test-framework@40e262928427/UnityEngine.TestRunner/NUnitExtensions/Commands/RetryCommand.cs:37)
0x000001e9aa269f2f (Mono JIT Code) UnityEngine.TestTools.RepeatCommand/<ExecuteEnumerable>d__2:MoveNext () (at ./Library/PackageCache/com.unity.test-framework@40e262928427/UnityEngine.TestRunner/NUnitExtensions/Commands/RepeatCommand.cs:36)
0x000001e9aa268fa6 (Mono JIT Code) UnityEngine.TestTools.IgnoreTestCommand/<ExecuteEnumerable>d__3:MoveNext () (at ./Library/PackageCache/com.unity.test-framework@40e262928427/UnityEngine.TestRunner/NUnitExtensions/Commands/IgnoreTestCommand.cs:42)
0x000001e9aa267c7f (Mono JIT Code) UnityEngine.TestTools.StrictCheckCommand/<ExecuteEnumerable>d__2:MoveNext () (at ./Library/PackageCache/com.unity.test-framework@40e262928427/UnityEngine.TestRunner/NUnitExtensions/Commands/StrictCheckCommand.cs:29)
0x000001e9aa266fe1 (Mono JIT Code) UnityEngine.TestRunner.NUnitExtensions.Runner.DefaultTestWorkItem/<PerformWork>d__2:MoveNext () (at ./Library/PackageCache/com.unity.test-framework@40e262928427/UnityEngine.TestRunner/NUnitExtensions/Runner/DefaultTestWorkItem.cs:50)
0x000001e9aa255e12 (Mono JIT Code) UnityEngine.TestRunner.NUnitExtensions.Runner.CompositeWorkItem/<RunChildren>d__17:MoveNext () (at ./Library/PackageCache/com.unity.test-framework@40e262928427/UnityEngine.TestRunner/NUnitExtensions/Runner/CompositeWorkItem.cs:207)
0x000001e9aa247756 (Mono JIT Code) UnityEngine.TestRunner.NUnitExtensions.Runner.CompositeWorkItem/<PerformWork>d__13:MoveNext () (at ./Library/PackageCache/com.unity.test-framework@40e262928427/UnityEngine.TestRunner/NUnitExtensions/Runner/CompositeWorkItem.cs:82)
0x000001e9aa255e12 (Mono JIT Code) UnityEngine.TestRunner.NUnitExtensions.Runner.CompositeWorkItem/<RunChildren>d__17:MoveNext () (at ./Library/PackageCache/com.unity.test-framework@40e262928427/UnityEngine.TestRunner/NUnitExtensions/Runner/CompositeWorkItem.cs:207)
0x000001e9aa247756 (Mono JIT Code) UnityEngine.TestRunner.NUnitExtensions.Runner.CompositeWorkItem/<PerformWork>d__13:MoveNext () (at ./Library/PackageCache/com.unity.test-framework@40e262928427/UnityEngine.TestRunner/NUnitExtensions/Runner/CompositeWorkItem.cs:82)
0x000001e9aa255e12 (Mono JIT Code) UnityEngine.TestRunner.NUnitExtensions.Runner.CompositeWorkItem/<RunChildren>d__17:MoveNext () (at ./Library/PackageCache/com.unity.test-framework@40e262928427/UnityEngine.TestRunner/NUnitExtensions/Runner/CompositeWorkItem.cs:207)
0x000001e9aa247756 (Mono JIT Code) UnityEngine.TestRunner.NUnitExtensions.Runner.CompositeWorkItem/<PerformWork>d__13:MoveNext () (at ./Library/PackageCache/com.unity.test-framework@40e262928427/UnityEngine.TestRunner/NUnitExtensions/Runner/CompositeWorkItem.cs:82)
0x000001e9aa245fcc (Mono JIT Code) UnityEditor.TestTools.TestRunner.EditModeRunner:MoveNextAndUpdateYieldObject () (at ./Library/PackageCache/com.unity.test-framework@40e262928427/UnityEditor.TestRunner/TestRunner/EditModeRunner.cs:167)
0x000001e9aa245b7b (Mono JIT Code) UnityEditor.TestTools.TestRunner.EditModeRunner:TestConsumer (UnityEditor.TestTools.TestRunner.TestRunnerStateSerializer) (at ./Library/PackageCache/com.unity.test-framework@40e262928427/UnityEditor.TestRunner/TestRunner/EditModeRunner.cs:200)
0x000001e9aa23c173 (Mono JIT Code) UnityEditor.TestTools.TestRunner.TestRun.Tasks.EditModeRunTask/<Execute>d__1:MoveNext () (at ./Library/PackageCache/com.unity.test-framework@40e262928427/UnityEditor.TestRunner/TestRun/Tasks/EditModeRunTask.cs:48)
0x000001e977129d5e (Mono JIT Code) UnityEditor.TestTools.TestRunner.TestRun.TestJobRunner:ExecuteStep () (at ./Library/PackageCache/com.unity.test-framework@40e262928427/UnityEditor.TestRunner/TestRun/TestJobRunner.cs:173)
0x000001e977128953 (Mono JIT Code) UnityEditor.TestTools.TestRunner.TestRun.TestJobRunner:ExecuteCallback () (at ./Library/PackageCache/com.unity.test-framework@40e262928427/UnityEditor.TestRunner/TestRun/TestJobRunner.cs:108)
0x000001e99df821b8 (Mono JIT Code) UnityEditor.EditorApplication:Internal_CallUpdateFunctions ()
0x000001e8e6514785 (Mono JIT Code) (wrapper runtime-invoke) object:runtime_invoke_void (object,intptr,intptr,intptr)
0x00007fff3fd16e7e (mono-2.0-bdwgc) mono_jit_runtime_invoke (at C:/build/output/Unity-Technologies/mono/mono/mini/mini-runtime.c:3445)
0x00007fff3fc58874 (mono-2.0-bdwgc) do_runtime_invoke (at C:/build/output/Unity-Technologies/mono/mono/metadata/object.c:3068)
0x00007fff3fc58960 (mono-2.0-bdwgc) mono_runtime_invoke (at C:/build/output/Unity-Technologies/mono/mono/metadata/object.c:3115)
0x00007fff38e4cea4 (Unity) scripting_method_invoke
0x00007fff38e25433 (Unity) ScriptingInvocation::Invoke
0x00007fff38e20b35 (Unity) ScriptingInvocation::Invoke<void>
0x00007fff38f8b4bb (Unity) Scripting::UnityEditor::EditorApplicationProxy::Internal_CallUpdateFunctions
0x00007fff3a07e0e4 (Unity) SceneTracker::Update
0x00007fff39be1247 (Unity) Application::TickTimer
0x00007fff3a1b25ac (Unity) MainMessageLoop
0x00007fff3a1b9d1c (Unity) UnityMain
0x00007ff68b302f2a (Unity) __scrt_common_main_seh
0x00007fffddade8d7 (KERNEL32) BaseThreadInitThunk
0x00007fffde88c53c (ntdll) RtlUserThreadStart

[MouseTracker] PlayerInputHandler not found. Mouse compensation will be disabled.
0x00007fff38f222ae (Unity) StackWalker::ShowCallstack
0x00007fff38f31ee9 (Unity) PlatformStacktrace::GetStacktrace
0x00007fff3a1ac04e (Unity) Stacktrace::GetStacktrace
0x00007fff3a7859df (Unity) DebugStringToFile
0x00007fff37fd2930 (Unity) DebugLogHandler_CUSTOM_Internal_Log
0x000001e9766cbd3e (Mono JIT Code) (wrapper managed-to-native) UnityEngine.DebugLogHandler:Internal_Log_Injected (UnityEngine.LogType,UnityEngine.LogOption,UnityEngine.Bindings.ManagedSpanWrapper&,intptr)
0x000001e9766cbb43 (Mono JIT Code) UnityEngine.DebugLogHandler:Internal_Log (UnityEngine.LogType,UnityEngine.LogOption,string,UnityEngine.Object)
0x000001e9766cb7fb (Mono JIT Code) UnityEngine.DebugLogHandler:LogFormat (UnityEngine.LogType,UnityEngine.Object,string,object[])
0x000001e9766ca6ae (Mono JIT Code) UnityEngine.Logger:Log (UnityEngine.LogType,object)
0x000001e9aa2b404d (Mono JIT Code) UnityEngine.Debug:LogWarning (object)
0x000001e9aa2b33ab (Mono JIT Code) MouseTracker:Initialize (RecoilSystem) (at C:/Users/Ubuntu/Desktop/_DEV/AFFECT-2025-10-11/Assets/_SCRIPTS/_PLAYER/Recoil/MouseTracker.cs:80)
0x000001e976d36246 (Mono JIT Code) RecoilSystem:InitializeModules () (at C:/Users/Ubuntu/Desktop/_DEV/AFFECT-2025-10-11/Assets/_SCRIPTS/_PLAYER/Recoil/RecoilSystem.cs:203)
0x000001e976d33eb3 (Mono JIT Code) RecoilSystem:Initialize () (at C:/Users/Ubuntu/Desktop/_DEV/AFFECT-2025-10-11/Assets/_SCRIPTS/_PLAYER/Recoil/RecoilSystem.cs:165)
0x000001e976d333a3 (Mono JIT Code) RecoilSystem:ForceInitializeForTesting () (at C:/Users/Ubuntu/Desktop/_DEV/AFFECT-2025-10-11/Assets/_SCRIPTS/_PLAYER/Recoil/RecoilSystem.cs:632)
0x000001e976d3c213 (Mono JIT Code) RecoilSystemProperties:Property13_GracefulModuleDegradation () (at C:/Users/Ubuntu/Desktop/_DEV/AFFECT-2025-10-11/Assets/_SCRIPTS/Editor/Properties/RecoilSystemProperties.cs:269)
0x000001e9aa264548 (Mono JIT Code) (wrapper runtime-invoke) object:runtime_invoke_void__this__ (object,intptr,intptr,intptr)
0x00007fff3fd16e7e (mono-2.0-bdwgc) mono_jit_runtime_invoke (at C:/build/output/Unity-Technologies/mono/mono/mini/mini-runtime.c:3445)
0x00007fff3fc58874 (mono-2.0-bdwgc) do_runtime_invoke (at C:/build/output/Unity-Technologies/mono/mono/metadata/object.c:3068)
0x00007fff3fc5f926 (mono-2.0-bdwgc) mono_runtime_try_invoke_array (at C:/build/output/Unity-Technologies/mono/mono/metadata/object.c:5774)
0x00007fff3fb91b81 (mono-2.0-bdwgc) ves_icall_InternalInvoke (at C:/build/output/Unity-Technologies/mono/mono/metadata/icall.c:4038)
0x00007fff3fbb7e31 (mono-2.0-bdwgc) ves_icall_InternalInvoke_raw (at C:/build/output/Unity-Technologies/mono/mono/metadata/icall-def.h:692)
0x000001e8e22b0f92 (Mono JIT Code) (wrapper managed-to-native) System.Reflection.RuntimeMethodInfo:InternalInvoke (System.Reflection.RuntimeMethodInfo,object,object[],System.Exception&)
0x000001e8e3c7ea73 (Mono JIT Code) System.Reflection.RuntimeMethodInfo:Invoke (object,System.Reflection.BindingFlags,System.Reflection.Binder,object[],System.Globalization.CultureInfo)
0x000001e8db9555ef (Mono JIT Code) System.Reflection.MethodBase:Invoke (object,object[])
0x000001e9aa26e783 (Mono JIT Code) NUnit.Framework.Internal.Reflect:InvokeMethod (System.Reflection.MethodInfo,object,object[])
0x000001e9aa2760ab (Mono JIT Code) NUnit.Framework.Internal.MethodWrapper:Invoke (object,object[])
0x000001e9aa275f8a (Mono JIT Code) NUnit.Framework.Internal.Commands.TestMethodCommand:RunNonAsyncTestMethod (NUnit.Framework.Internal.ITestExecutionContext)
0x000001e9aa275dd3 (Mono JIT Code) NUnit.Framework.Internal.Commands.TestMethodCommand:RunTestMethod (NUnit.Framework.Internal.ITestExecutionContext)
0x000001e9aa275973 (Mono JIT Code) NUnit.Framework.Internal.Commands.TestMethodCommand:Execute (NUnit.Framework.Internal.ITestExecutionContext)
0x000001e9aa27556b (Mono JIT Code) UnityEngine.TestTools.UnityTestMethodCommand:Execute (NUnit.Framework.Internal.ITestExecutionContext) (at ./Library/PackageCache/com.unity.test-framework@40e262928427/UnityEngine.TestRunner/NUnitExtensions/Commands/UnityTestMethodCommand.cs:19)
0x000001e9aa2752fb (Mono JIT Code) UnityEngine.TestRunner.NUnitExtensions.Runner.UnityLogCheckDelegatingCommand/<>c__DisplayClass2_0:<Execute>b__0 () (at ./Library/PackageCache/com.unity.test-framework@40e262928427/UnityEngine.TestRunner/NUnitExtensions/Runner/UnityLogCheckDelegatingCommand.cs:24)
0x000001e9aa275123 (Mono JIT Code) UnityEngine.TestRunner.NUnitExtensions.Runner.UnityLogCheckDelegatingCommand:CaptureException (NUnit.Framework.Internal.TestResult,System.Action) (at ./Library/PackageCache/com.unity.test-framework@40e262928427/UnityEngine.TestRunner/NUnitExtensions/Runner/UnityLogCheckDelegatingCommand.cs:72)
0x000001e9aa274fb3 (Mono JIT Code) UnityEngine.TestRunner.NUnitExtensions.Runner.UnityLogCheckDelegatingCommand:ExecuteAndCheckLog (UnityEngine.TestTools.Logging.LogScope,NUnit.Framework.Internal.TestResult,System.Action) (at ./Library/PackageCache/com.unity.test-framework@40e262928427/UnityEngine.TestRunner/NUnitExtensions/Runner/UnityLogCheckDelegatingCommand.cs:83)
0x000001e9aa274c3b (Mono JIT Code) UnityEngine.TestRunner.NUnitExtensions.Runner.UnityLogCheckDelegatingCommand:Execute (NUnit.Framework.Internal.ITestExecutionContext) (at ./Library/PackageCache/com.unity.test-framework@40e262928427/UnityEngine.TestRunner/NUnitExtensions/Runner/UnityLogCheckDelegatingCommand.cs:24)
0x000001e9aa273c19 (Mono JIT Code) UnityEngine.TestRunner.NUnitExtensions.Runner.UnityLogCheckDelegatingCommand/<ExecuteEnumerable>d__3:MoveNext () (at ./Library/PackageCache/com.unity.test-framework@40e262928427/UnityEngine.TestRunner/NUnitExtensions/Runner/UnityLogCheckDelegatingCommand.cs:35)
0x000001e9aa251e01 (Mono JIT Code) UnityEngine.TestTools.BeforeAfterTestCommandBase`1/<ExecuteEnumerable>d__16<T_REF>:MoveNext () (at ./Library/PackageCache/com.unity.test-framework@40e262928427/UnityEngine.TestRunner/NUnitExtensions/Commands/BeforeAfterTestCommandBase.cs:212)
0x000001e9aa272fb6 (Mono JIT Code) UnityEngine.TestTools.ImmediateEnumerableCommand:Execute (NUnit.Framework.Internal.ITestExecutionContext) (at ./Library/PackageCache/com.unity.test-framework@40e262928427/UnityEngine.TestRunner/NUnitExtensions/Commands/ImmediateEnumerableCommand.cs:18)
0x000001e9aa251f01 (Mono JIT Code) UnityEngine.TestTools.BeforeAfterTestCommandBase`1/<ExecuteEnumerable>d__16<T_REF>:MoveNext () (at ./Library/PackageCache/com.unity.test-framework@40e262928427/UnityEngine.TestRunner/NUnitExtensions/Commands/BeforeAfterTestCommandBase.cs:219)
0x000001e9aa251e01 (Mono JIT Code) UnityEngine.TestTools.BeforeAfterTestCommandBase`1/<ExecuteEnumerable>d__16<T_REF>:MoveNext () (at ./Library/PackageCache/com.unity.test-framework@40e262928427/UnityEngine.TestRunner/NUnitExtensions/Commands/BeforeAfterTestCommandBase.cs:212)
0x000001e9aa251e01 (Mono JIT Code) UnityEngine.TestTools.BeforeAfterTestCommandBase`1/<ExecuteEnumerable>d__16<T_REF>:MoveNext () (at ./Library/PackageCache/com.unity.test-framework@40e262928427/UnityEngine.TestRunner/NUnitExtensions/Commands/BeforeAfterTestCommandBase.cs:212)
0x000001e9aa26b457 (Mono JIT Code) UnityEngine.TestTools.RetryCommand/<ExecuteEnumerable>d__2:MoveNext () (at ./Library/PackageCache/com.unity.test-framework@40e262928427/UnityEngine.TestRunner/NUnitExtensions/Commands/RetryCommand.cs:37)
0x000001e9aa269f2f (Mono JIT Code) UnityEngine.TestTools.RepeatCommand/<ExecuteEnumerable>d__2:MoveNext () (at ./Library/PackageCache/com.unity.test-framework@40e262928427/UnityEngine.TestRunner/NUnitExtensions/Commands/RepeatCommand.cs:36)
0x000001e9aa268fa6 (Mono JIT Code) UnityEngine.TestTools.IgnoreTestCommand/<ExecuteEnumerable>d__3:MoveNext () (at ./Library/PackageCache/com.unity.test-framework@40e262928427/UnityEngine.TestRunner/NUnitExtensions/Commands/IgnoreTestCommand.cs:42)
0x000001e9aa267c7f (Mono JIT Code) UnityEngine.TestTools.StrictCheckCommand/<ExecuteEnumerable>d__2:MoveNext () (at ./Library/PackageCache/com.unity.test-framework@40e262928427/UnityEngine.TestRunner/NUnitExtensions/Commands/StrictCheckCommand.cs:29)
0x000001e9aa266fe1 (Mono JIT Code) UnityEngine.TestRunner.NUnitExtensions.Runner.DefaultTestWorkItem/<PerformWork>d__2:MoveNext () (at ./Library/PackageCache/com.unity.test-framework@40e262928427/UnityEngine.TestRunner/NUnitExtensions/Runner/DefaultTestWorkItem.cs:50)
0x000001e9aa255e12 (Mono JIT Code) UnityEngine.TestRunner.NUnitExtensions.Runner.CompositeWorkItem/<RunChildren>d__17:MoveNext () (at ./Library/PackageCache/com.unity.test-framework@40e262928427/UnityEngine.TestRunner/NUnitExtensions/Runner/CompositeWorkItem.cs:207)
0x000001e9aa247756 (Mono JIT Code) UnityEngine.TestRunner.NUnitExtensions.Runner.CompositeWorkItem/<PerformWork>d__13:MoveNext () (at ./Library/PackageCache/com.unity.test-framework@40e262928427/UnityEngine.TestRunner/NUnitExtensions/Runner/CompositeWorkItem.cs:82)
0x000001e9aa255e12 (Mono JIT Code) UnityEngine.TestRunner.NUnitExtensions.Runner.CompositeWorkItem/<RunChildren>d__17:MoveNext () (at ./Library/PackageCache/com.unity.test-framework@40e262928427/UnityEngine.TestRunner/NUnitExtensions/Runner/CompositeWorkItem.cs:207)
0x000001e9aa247756 (Mono JIT Code) UnityEngine.TestRunner.NUnitExtensions.Runner.CompositeWorkItem/<PerformWork>d__13:MoveNext () (at ./Library/PackageCache/com.unity.test-framework@40e262928427/UnityEngine.TestRunner/NUnitExtensions/Runner/CompositeWorkItem.cs:82)
0x000001e9aa255e12 (Mono JIT Code) UnityEngine.TestRunner.NUnitExtensions.Runner.CompositeWorkItem/<RunChildren>d__17:MoveNext () (at ./Library/PackageCache/com.unity.test-framework@40e262928427/UnityEngine.TestRunner/NUnitExtensions/Runner/CompositeWorkItem.cs:207)
0x000001e9aa247756 (Mono JIT Code) UnityEngine.TestRunner.NUnitExtensions.Runner.CompositeWorkItem/<PerformWork>d__13:MoveNext () (at ./Library/PackageCache/com.unity.test-framework@40e262928427/UnityEngine.TestRunner/NUnitExtensions/Runner/CompositeWorkItem.cs:82)
0x000001e9aa245fcc (Mono JIT Code) UnityEditor.TestTools.TestRunner.EditModeRunner:MoveNextAndUpdateYieldObject () (at ./Library/PackageCache/com.unity.test-framework@40e262928427/UnityEditor.TestRunner/TestRunner/EditModeRunner.cs:167)
0x000001e9aa245b7b (Mono JIT Code) UnityEditor.TestTools.TestRunner.EditModeRunner:TestConsumer (UnityEditor.TestTools.TestRunner.TestRunnerStateSerializer) (at ./Library/PackageCache/com.unity.test-framework@40e262928427/UnityEditor.TestRunner/TestRunner/EditModeRunner.cs:200)
0x000001e9aa23c173 (Mono JIT Code) UnityEditor.TestTools.TestRunner.TestRun.Tasks.EditModeRunTask/<Execute>d__1:MoveNext () (at ./Library/PackageCache/com.unity.test-framework@40e262928427/UnityEditor.TestRunner/TestRun/Tasks/EditModeRunTask.cs:48)
0x000001e977129d5e (Mono JIT Code) UnityEditor.TestTools.TestRunner.TestRun.TestJobRunner:ExecuteStep () (at ./Library/PackageCache/com.unity.test-framework@40e262928427/UnityEditor.TestRunner/TestRun/TestJobRunner.cs:173)
0x000001e977128953 (Mono JIT Code) UnityEditor.TestTools.TestRunner.TestRun.TestJobRunner:ExecuteCallback () (at ./Library/PackageCache/com.unity.test-framework@40e262928427/UnityEditor.TestRunner/TestRun/TestJobRunner.cs:108)
0x000001e99df821b8 (Mono JIT Code) UnityEditor.EditorApplication:Internal_CallUpdateFunctions ()
0x000001e8e6514785 (Mono JIT Code) (wrapper runtime-invoke) object:runtime_invoke_void (object,intptr,intptr,intptr)
0x00007fff3fd16e7e (mono-2.0-bdwgc) mono_jit_runtime_invoke (at C:/build/output/Unity-Technologies/mono/mono/mini/mini-runtime.c:3445)
0x00007fff3fc58874 (mono-2.0-bdwgc) do_runtime_invoke (at C:/build/output/Unity-Technologies/mono/mono/metadata/object.c:3068)
0x00007fff3fc58960 (mono-2.0-bdwgc) mono_runtime_invoke (at C:/build/output/Unity-Technologies/mono/mono/metadata/object.c:3115)
0x00007fff38e4cea4 (Unity) scripting_method_invoke
0x00007fff38e25433 (Unity) ScriptingInvocation::Invoke
0x00007fff38e20b35 (Unity) ScriptingInvocation::Invoke<void>
0x00007fff38f8b4bb (Unity) Scripting::UnityEditor::EditorApplicationProxy::Internal_CallUpdateFunctions
0x00007fff3a07e0e4 (Unity) SceneTracker::Update
0x00007fff39be1247 (Unity) Application::TickTimer
0x00007fff3a1b25ac (Unity) MainMessageLoop
0x00007fff3a1b9d1c (Unity) UnityMain
0x00007ff68b302f2a (Unity) __scrt_common_main_seh
0x00007fffddade8d7 (KERNEL32) BaseThreadInitThunk
0x00007fffde88c53c (ntdll) RtlUserThreadStart

[MouseTracker] PlayerInputHandler not found. Mouse compensation will be disabled.
0x00007fff38f222ae (Unity) StackWalker::ShowCallstack
0x00007fff38f31ee9 (Unity) PlatformStacktrace::GetStacktrace
0x00007fff3a1ac04e (Unity) Stacktrace::GetStacktrace
0x00007fff3a7859df (Unity) DebugStringToFile
0x00007fff37fd2930 (Unity) DebugLogHandler_CUSTOM_Internal_Log
0x000001e9766cbd3e (Mono JIT Code) (wrapper managed-to-native) UnityEngine.DebugLogHandler:Internal_Log_Injected (UnityEngine.LogType,UnityEngine.LogOption,UnityEngine.Bindings.ManagedSpanWrapper&,intptr)
0x000001e9766cbb43 (Mono JIT Code) UnityEngine.DebugLogHandler:Internal_Log (UnityEngine.LogType,UnityEngine.LogOption,string,UnityEngine.Object)
0x000001e9766cb7fb (Mono JIT Code) UnityEngine.DebugLogHandler:LogFormat (UnityEngine.LogType,UnityEngine.Object,string,object[])
0x000001e9766ca6ae (Mono JIT Code) UnityEngine.Logger:Log (UnityEngine.LogType,object)
0x000001e9aa2b404d (Mono JIT Code) UnityEngine.Debug:LogWarning (object)
0x000001e9aa2b33ab (Mono JIT Code) MouseTracker:Initialize (RecoilSystem) (at C:/Users/Ubuntu/Desktop/_DEV/AFFECT-2025-10-11/Assets/_SCRIPTS/_PLAYER/Recoil/MouseTracker.cs:80)
0x000001e976d36246 (Mono JIT Code) RecoilSystem:InitializeModules () (at C:/Users/Ubuntu/Desktop/_DEV/AFFECT-2025-10-11/Assets/_SCRIPTS/_PLAYER/Recoil/RecoilSystem.cs:203)
0x000001e976d33eb3 (Mono JIT Code) RecoilSystem:Initialize () (at C:/Users/Ubuntu/Desktop/_DEV/AFFECT-2025-10-11/Assets/_SCRIPTS/_PLAYER/Recoil/RecoilSystem.cs:165)
0x000001e976d333a3 (Mono JIT Code) RecoilSystem:ForceInitializeForTesting () (at C:/Users/Ubuntu/Desktop/_DEV/AFFECT-2025-10-11/Assets/_SCRIPTS/_PLAYER/Recoil/RecoilSystem.cs:632)
0x000001e976d3c213 (Mono JIT Code) RecoilSystemProperties:Property13_GracefulModuleDegradation () (at C:/Users/Ubuntu/Desktop/_DEV/AFFECT-2025-10-11/Assets/_SCRIPTS/Editor/Properties/RecoilSystemProperties.cs:269)
0x000001e9aa264548 (Mono JIT Code) (wrapper runtime-invoke) object:runtime_invoke_void__this__ (object,intptr,intptr,intptr)
0x00007fff3fd16e7e (mono-2.0-bdwgc) mono_jit_runtime_invoke (at C:/build/output/Unity-Technologies/mono/mono/mini/mini-runtime.c:3445)
0x00007fff3fc58874 (mono-2.0-bdwgc) do_runtime_invoke (at C:/build/output/Unity-Technologies/mono/mono/metadata/object.c:3068)
0x00007fff3fc5f926 (mono-2.0-bdwgc) mono_runtime_try_invoke_array (at C:/build/output/Unity-Technologies/mono/mono/metadata/object.c:5774)
0x00007fff3fb91b81 (mono-2.0-bdwgc) ves_icall_InternalInvoke (at C:/build/output/Unity-Technologies/mono/mono/metadata/icall.c:4038)
0x00007fff3fbb7e31 (mono-2.0-bdwgc) ves_icall_InternalInvoke_raw (at C:/build/output/Unity-Technologies/mono/mono/metadata/icall-def.h:692)
0x000001e8e22b0f92 (Mono JIT Code) (wrapper managed-to-native) System.Reflection.RuntimeMethodInfo:InternalInvoke (System.Reflection.RuntimeMethodInfo,object,object[],System.Exception&)
0x000001e8e3c7ea73 (Mono JIT Code) System.Reflection.RuntimeMethodInfo:Invoke (object,System.Reflection.BindingFlags,System.Reflection.Binder,object[],System.Globalization.CultureInfo)
0x000001e8db9555ef (Mono JIT Code) System.Reflection.MethodBase:Invoke (object,object[])
0x000001e9aa26e783 (Mono JIT Code) NUnit.Framework.Internal.Reflect:InvokeMethod (System.Reflection.MethodInfo,object,object[])
0x000001e9aa2760ab (Mono JIT Code) NUnit.Framework.Internal.MethodWrapper:Invoke (object,object[])
0x000001e9aa275f8a (Mono JIT Code) NUnit.Framework.Internal.Commands.TestMethodCommand:RunNonAsyncTestMethod (NUnit.Framework.Internal.ITestExecutionContext)
0x000001e9aa275dd3 (Mono JIT Code) NUnit.Framework.Internal.Commands.TestMethodCommand:RunTestMethod (NUnit.Framework.Internal.ITestExecutionContext)
0x000001e9aa275973 (Mono JIT Code) NUnit.Framework.Internal.Commands.TestMethodCommand:Execute (NUnit.Framework.Internal.ITestExecutionContext)
0x000001e9aa27556b (Mono JIT Code) UnityEngine.TestTools.UnityTestMethodCommand:Execute (NUnit.Framework.Internal.ITestExecutionContext) (at ./Library/PackageCache/com.unity.test-framework@40e262928427/UnityEngine.TestRunner/NUnitExtensions/Commands/UnityTestMethodCommand.cs:19)
0x000001e9aa2752fb (Mono JIT Code) UnityEngine.TestRunner.NUnitExtensions.Runner.UnityLogCheckDelegatingCommand/<>c__DisplayClass2_0:<Execute>b__0 () (at ./Library/PackageCache/com.unity.test-framework@40e262928427/UnityEngine.TestRunner/NUnitExtensions/Runner/UnityLogCheckDelegatingCommand.cs:24)
0x000001e9aa275123 (Mono JIT Code) UnityEngine.TestRunner.NUnitExtensions.Runner.UnityLogCheckDelegatingCommand:CaptureException (NUnit.Framework.Internal.TestResult,System.Action) (at ./Library/PackageCache/com.unity.test-framework@40e262928427/UnityEngine.TestRunner/NUnitExtensions/Runner/UnityLogCheckDelegatingCommand.cs:72)
0x000001e9aa274fb3 (Mono JIT Code) UnityEngine.TestRunner.NUnitExtensions.Runner.UnityLogCheckDelegatingCommand:ExecuteAndCheckLog (UnityEngine.TestTools.Logging.LogScope,NUnit.Framework.Internal.TestResult,System.Action) (at ./Library/PackageCache/com.unity.test-framework@40e262928427/UnityEngine.TestRunner/NUnitExtensions/Runner/UnityLogCheckDelegatingCommand.cs:83)
0x000001e9aa274c3b (Mono JIT Code) UnityEngine.TestRunner.NUnitExtensions.Runner.UnityLogCheckDelegatingCommand:Execute (NUnit.Framework.Internal.ITestExecutionContext) (at ./Library/PackageCache/com.unity.test-framework@40e262928427/UnityEngine.TestRunner/NUnitExtensions/Runner/UnityLogCheckDelegatingCommand.cs:24)
0x000001e9aa273c19 (Mono JIT Code) UnityEngine.TestRunner.NUnitExtensions.Runner.UnityLogCheckDelegatingCommand/<ExecuteEnumerable>d__3:MoveNext () (at ./Library/PackageCache/com.unity.test-framework@40e262928427/UnityEngine.TestRunner/NUnitExtensions/Runner/UnityLogCheckDelegatingCommand.cs:35)
0x000001e9aa251e01 (Mono JIT Code) UnityEngine.TestTools.BeforeAfterTestCommandBase`1/<ExecuteEnumerable>d__16<T_REF>:MoveNext () (at ./Library/PackageCache/com.unity.test-framework@40e262928427/UnityEngine.TestRunner/NUnitExtensions/Commands/BeforeAfterTestCommandBase.cs:212)
0x000001e9aa272fb6 (Mono JIT Code) UnityEngine.TestTools.ImmediateEnumerableCommand:Execute (NUnit.Framework.Internal.ITestExecutionContext) (at ./Library/PackageCache/com.unity.test-framework@40e262928427/UnityEngine.TestRunner/NUnitExtensions/Commands/ImmediateEnumerableCommand.cs:18)
0x000001e9aa251f01 (Mono JIT Code) UnityEngine.TestTools.BeforeAfterTestCommandBase`1/<ExecuteEnumerable>d__16<T_REF>:MoveNext () (at ./Library/PackageCache/com.unity.test-framework@40e262928427/UnityEngine.TestRunner/NUnitExtensions/Commands/BeforeAfterTestCommandBase.cs:219)
0x000001e9aa251e01 (Mono JIT Code) UnityEngine.TestTools.BeforeAfterTestCommandBase`1/<ExecuteEnumerable>d__16<T_REF>:MoveNext () (at ./Library/PackageCache/com.unity.test-framework@40e262928427/UnityEngine.TestRunner/NUnitExtensions/Commands/BeforeAfterTestCommandBase.cs:212)
0x000001e9aa251e01 (Mono JIT Code) UnityEngine.TestTools.BeforeAfterTestCommandBase`1/<ExecuteEnumerable>d__16<T_REF>:MoveNext () (at ./Library/PackageCache/com.unity.test-framework@40e262928427/UnityEngine.TestRunner/NUnitExtensions/Commands/BeforeAfterTestCommandBase.cs:212)
0x000001e9aa26b457 (Mono JIT Code) UnityEngine.TestTools.RetryCommand/<ExecuteEnumerable>d__2:MoveNext () (at ./Library/PackageCache/com.unity.test-framework@40e262928427/UnityEngine.TestRunner/NUnitExtensions/Commands/RetryCommand.cs:37)
0x000001e9aa269f2f (Mono JIT Code) UnityEngine.TestTools.RepeatCommand/<ExecuteEnumerable>d__2:MoveNext () (at ./Library/PackageCache/com.unity.test-framework@40e262928427/UnityEngine.TestRunner/NUnitExtensions/Commands/RepeatCommand.cs:36)
0x000001e9aa268fa6 (Mono JIT Code) UnityEngine.TestTools.IgnoreTestCommand/<ExecuteEnumerable>d__3:MoveNext () (at ./Library/PackageCache/com.unity.test-framework@40e262928427/UnityEngine.TestRunner/NUnitExtensions/Commands/IgnoreTestCommand.cs:42)
0x000001e9aa267c7f (Mono JIT Code) UnityEngine.TestTools.StrictCheckCommand/<ExecuteEnumerable>d__2:MoveNext () (at ./Library/PackageCache/com.unity.test-framework@40e262928427/UnityEngine.TestRunner/NUnitExtensions/Commands/StrictCheckCommand.cs:29)
0x000001e9aa266fe1 (Mono JIT Code) UnityEngine.TestRunner.NUnitExtensions.Runner.DefaultTestWorkItem/<PerformWork>d__2:MoveNext () (at ./Library/PackageCache/com.unity.test-framework@40e262928427/UnityEngine.TestRunner/NUnitExtensions/Runner/DefaultTestWorkItem.cs:50)
0x000001e9aa255e12 (Mono JIT Code) UnityEngine.TestRunner.NUnitExtensions.Runner.CompositeWorkItem/<RunChildren>d__17:MoveNext () (at ./Library/PackageCache/com.unity.test-framework@40e262928427/UnityEngine.TestRunner/NUnitExtensions/Runner/CompositeWorkItem.cs:207)
0x000001e9aa247756 (Mono JIT Code) UnityEngine.TestRunner.NUnitExtensions.Runner.CompositeWorkItem/<PerformWork>d__13:MoveNext () (at ./Library/PackageCache/com.unity.test-framework@40e262928427/UnityEngine.TestRunner/NUnitExtensions/Runner/CompositeWorkItem.cs:82)
0x000001e9aa255e12 (Mono JIT Code) UnityEngine.TestRunner.NUnitExtensions.Runner.CompositeWorkItem/<RunChildren>d__17:MoveNext () (at ./Library/PackageCache/com.unity.test-framework@40e262928427/UnityEngine.TestRunner/NUnitExtensions/Runner/CompositeWorkItem.cs:207)
0x000001e9aa247756 (Mono JIT Code) UnityEngine.TestRunner.NUnitExtensions.Runner.CompositeWorkItem/<PerformWork>d__13:MoveNext () (at ./Library/PackageCache/com.unity.test-framework@40e262928427/UnityEngine.TestRunner/NUnitExtensions/Runner/CompositeWorkItem.cs:82)
0x000001e9aa255e12 (Mono JIT Code) UnityEngine.TestRunner.NUnitExtensions.Runner.CompositeWorkItem/<RunChildren>d__17:MoveNext () (at ./Library/PackageCache/com.unity.test-framework@40e262928427/UnityEngine.TestRunner/NUnitExtensions/Runner/CompositeWorkItem.cs:207)
0x000001e9aa247756 (Mono JIT Code) UnityEngine.TestRunner.NUnitExtensions.Runner.CompositeWorkItem/<PerformWork>d__13:MoveNext () (at ./Library/PackageCache/com.unity.test-framework@40e262928427/UnityEngine.TestRunner/NUnitExtensions/Runner/CompositeWorkItem.cs:82)
0x000001e9aa245fcc (Mono JIT Code) UnityEditor.TestTools.TestRunner.EditModeRunner:MoveNextAndUpdateYieldObject () (at ./Library/PackageCache/com.unity.test-framework@40e262928427/UnityEditor.TestRunner/TestRunner/EditModeRunner.cs:167)
0x000001e9aa245b7b (Mono JIT Code) UnityEditor.TestTools.TestRunner.EditModeRunner:TestConsumer (UnityEditor.TestTools.TestRunner.TestRunnerStateSerializer) (at ./Library/PackageCache/com.unity.test-framework@40e262928427/UnityEditor.TestRunner/TestRunner/EditModeRunner.cs:200)
0x000001e9aa23c173 (Mono JIT Code) UnityEditor.TestTools.TestRunner.TestRun.Tasks.EditModeRunTask/<Execute>d__1:MoveNext () (at ./Library/PackageCache/com.unity.test-framework@40e262928427/UnityEditor.TestRunner/TestRun/Tasks/EditModeRunTask.cs:48)
0x000001e977129d5e (Mono JIT Code) UnityEditor.TestTools.TestRunner.TestRun.TestJobRunner:ExecuteStep () (at ./Library/PackageCache/com.unity.test-framework@40e262928427/UnityEditor.TestRunner/TestRun/TestJobRunner.cs:173)
0x000001e977128953 (Mono JIT Code) UnityEditor.TestTools.TestRunner.TestRun.TestJobRunner:ExecuteCallback () (at ./Library/PackageCache/com.unity.test-framework@40e262928427/UnityEditor.TestRunner/TestRun/TestJobRunner.cs:108)
0x000001e99df821b8 (Mono JIT Code) UnityEditor.EditorApplication:Internal_CallUpdateFunctions ()
0x000001e8e6514785 (Mono JIT Code) (wrapper runtime-invoke) object:runtime_invoke_void (object,intptr,intptr,intptr)
0x00007fff3fd16e7e (mono-2.0-bdwgc) mono_jit_runtime_invoke (at C:/build/output/Unity-Technologies/mono/mono/mini/mini-runtime.c:3445)
0x00007fff3fc58874 (mono-2.0-bdwgc) do_runtime_invoke (at C:/build/output/Unity-Technologies/mono/mono/metadata/object.c:3068)
0x00007fff3fc58960 (mono-2.0-bdwgc) mono_runtime_invoke (at C:/build/output/Unity-Technologies/mono/mono/metadata/object.c:3115)
0x00007fff38e4cea4 (Unity) scripting_method_invoke
0x00007fff38e25433 (Unity) ScriptingInvocation::Invoke
0x00007fff38e20b35 (Unity) ScriptingInvocation::Invoke<void>
0x00007fff38f8b4bb (Unity) Scripting::UnityEditor::EditorApplicationProxy::Internal_CallUpdateFunctions
0x00007fff3a07e0e4 (Unity) SceneTracker::Update
0x00007fff39be1247 (Unity) Application::TickTimer
0x00007fff3a1b25ac (Unity) MainMessageLoop
0x00007fff3a1b9d1c (Unity) UnityMain
0x00007ff68b302f2a (Unity) __scrt_common_main_seh
0x00007fffddade8d7 (KERNEL32) BaseThreadInitThunk
0x00007fffde88c53c (ntdll) RtlUserThreadStart

[MouseTracker] PlayerInputHandler not found. Mouse compensation will be disabled.
0x00007fff38f222ae (Unity) StackWalker::ShowCallstack
0x00007fff38f31ee9 (Unity) PlatformStacktrace::GetStacktrace
0x00007fff3a1ac04e (Unity) Stacktrace::GetStacktrace
0x00007fff3a7859df (Unity) DebugStringToFile
0x00007fff37fd2930 (Unity) DebugLogHandler_CUSTOM_Internal_Log
0x000001e9766cbd3e (Mono JIT Code) (wrapper managed-to-native) UnityEngine.DebugLogHandler:Internal_Log_Injected (UnityEngine.LogType,UnityEngine.LogOption,UnityEngine.Bindings.ManagedSpanWrapper&,intptr)
0x000001e9766cbb43 (Mono JIT Code) UnityEngine.DebugLogHandler:Internal_Log (UnityEngine.LogType,UnityEngine.LogOption,string,UnityEngine.Object)
0x000001e9766cb7fb (Mono JIT Code) UnityEngine.DebugLogHandler:LogFormat (UnityEngine.LogType,UnityEngine.Object,string,object[])
0x000001e9766ca6ae (Mono JIT Code) UnityEngine.Logger:Log (UnityEngine.LogType,object)
0x000001e9aa2b404d (Mono JIT Code) UnityEngine.Debug:LogWarning (object)
0x000001e9aa2b33ab (Mono JIT Code) MouseTracker:Initialize (RecoilSystem) (at C:/Users/Ubuntu/Desktop/_DEV/AFFECT-2025-10-11/Assets/_SCRIPTS/_PLAYER/Recoil/MouseTracker.cs:80)
0x000001e976d36246 (Mono JIT Code) RecoilSystem:InitializeModules () (at C:/Users/Ubuntu/Desktop/_DEV/AFFECT-2025-10-11/Assets/_SCRIPTS/_PLAYER/Recoil/RecoilSystem.cs:203)
0x000001e976d33eb3 (Mono JIT Code) RecoilSystem:Initialize () (at C:/Users/Ubuntu/Desktop/_DEV/AFFECT-2025-10-11/Assets/_SCRIPTS/_PLAYER/Recoil/RecoilSystem.cs:165)
0x000001e976d333a3 (Mono JIT Code) RecoilSystem:ForceInitializeForTesting () (at C:/Users/Ubuntu/Desktop/_DEV/AFFECT-2025-10-11/Assets/_SCRIPTS/_PLAYER/Recoil/RecoilSystem.cs:632)
0x000001e976d3c213 (Mono JIT Code) RecoilSystemProperties:Property13_GracefulModuleDegradation () (at C:/Users/Ubuntu/Desktop/_DEV/AFFECT-2025-10-11/Assets/_SCRIPTS/Editor/Properties/RecoilSystemProperties.cs:269)
0x000001e9aa264548 (Mono JIT Code) (wrapper runtime-invoke) object:runtime_invoke_void__this__ (object,intptr,intptr,intptr)
0x00007fff3fd16e7e (mono-2.0-bdwgc) mono_jit_runtime_invoke (at C:/build/output/Unity-Technologies/mono/mono/mini/mini-runtime.c:3445)
0x00007fff3fc58874 (mono-2.0-bdwgc) do_runtime_invoke (at C:/build/output/Unity-Technologies/mono/mono/metadata/object.c:3068)
0x00007fff3fc5f926 (mono-2.0-bdwgc) mono_runtime_try_invoke_array (at C:/build/output/Unity-Technologies/mono/mono/metadata/object.c:5774)
0x00007fff3fb91b81 (mono-2.0-bdwgc) ves_icall_InternalInvoke (at C:/build/output/Unity-Technologies/mono/mono/metadata/icall.c:4038)
0x00007fff3fbb7e31 (mono-2.0-bdwgc) ves_icall_InternalInvoke_raw (at C:/build/output/Unity-Technologies/mono/mono/metadata/icall-def.h:692)
0x000001e8e22b0f92 (Mono JIT Code) (wrapper managed-to-native) System.Reflection.RuntimeMethodInfo:InternalInvoke (System.Reflection.RuntimeMethodInfo,object,object[],System.Exception&)
0x000001e8e3c7ea73 (Mono JIT Code) System.Reflection.RuntimeMethodInfo:Invoke (object,System.Reflection.BindingFlags,System.Reflection.Binder,object[],System.Globalization.CultureInfo)
0x000001e8db9555ef (Mono JIT Code) System.Reflection.MethodBase:Invoke (object,object[])
0x000001e9aa26e783 (Mono JIT Code) NUnit.Framework.Internal.Reflect:InvokeMethod (System.Reflection.MethodInfo,object,object[])
0x000001e9aa2760ab (Mono JIT Code) NUnit.Framework.Internal.MethodWrapper:Invoke (object,object[])
0x000001e9aa275f8a (Mono JIT Code) NUnit.Framework.Internal.Commands.TestMethodCommand:RunNonAsyncTestMethod (NUnit.Framework.Internal.ITestExecutionContext)
0x000001e9aa275dd3 (Mono JIT Code) NUnit.Framework.Internal.Commands.TestMethodCommand:RunTestMethod (NUnit.Framework.Internal.ITestExecutionContext)
0x000001e9aa275973 (Mono JIT Code) NUnit.Framework.Internal.Commands.TestMethodCommand:Execute (NUnit.Framework.Internal.ITestExecutionContext)
0x000001e9aa27556b (Mono JIT Code) UnityEngine.TestTools.UnityTestMethodCommand:Execute (NUnit.Framework.Internal.ITestExecutionContext) (at ./Library/PackageCache/com.unity.test-framework@40e262928427/UnityEngine.TestRunner/NUnitExtensions/Commands/UnityTestMethodCommand.cs:19)
0x000001e9aa2752fb (Mono JIT Code) UnityEngine.TestRunner.NUnitExtensions.Runner.UnityLogCheckDelegatingCommand/<>c__DisplayClass2_0:<Execute>b__0 () (at ./Library/PackageCache/com.unity.test-framework@40e262928427/UnityEngine.TestRunner/NUnitExtensions/Runner/UnityLogCheckDelegatingCommand.cs:24)
0x000001e9aa275123 (Mono JIT Code) UnityEngine.TestRunner.NUnitExtensions.Runner.UnityLogCheckDelegatingCommand:CaptureException (NUnit.Framework.Internal.TestResult,System.Action) (at ./Library/PackageCache/com.unity.test-framework@40e262928427/UnityEngine.TestRunner/NUnitExtensions/Runner/UnityLogCheckDelegatingCommand.cs:72)
0x000001e9aa274fb3 (Mono JIT Code) UnityEngine.TestRunner.NUnitExtensions.Runner.UnityLogCheckDelegatingCommand:ExecuteAndCheckLog (UnityEngine.TestTools.Logging.LogScope,NUnit.Framework.Internal.TestResult,System.Action) (at ./Library/PackageCache/com.unity.test-framework@40e262928427/UnityEngine.TestRunner/NUnitExtensions/Runner/UnityLogCheckDelegatingCommand.cs:83)
0x000001e9aa274c3b (Mono JIT Code) UnityEngine.TestRunner.NUnitExtensions.Runner.UnityLogCheckDelegatingCommand:Execute (NUnit.Framework.Internal.ITestExecutionContext) (at ./Library/PackageCache/com.unity.test-framework@40e262928427/UnityEngine.TestRunner/NUnitExtensions/Runner/UnityLogCheckDelegatingCommand.cs:24)
0x000001e9aa273c19 (Mono JIT Code) UnityEngine.TestRunner.NUnitExtensions.Runner.UnityLogCheckDelegatingCommand/<ExecuteEnumerable>d__3:MoveNext () (at ./Library/PackageCache/com.unity.test-framework@40e262928427/UnityEngine.TestRunner/NUnitExtensions/Runner/UnityLogCheckDelegatingCommand.cs:35)
0x000001e9aa251e01 (Mono JIT Code) UnityEngine.TestTools.BeforeAfterTestCommandBase`1/<ExecuteEnumerable>d__16<T_REF>:MoveNext () (at ./Library/PackageCache/com.unity.test-framework@40e262928427/UnityEngine.TestRunner/NUnitExtensions/Commands/BeforeAfterTestCommandBase.cs:212)
0x000001e9aa272fb6 (Mono JIT Code) UnityEngine.TestTools.ImmediateEnumerableCommand:Execute (NUnit.Framework.Internal.ITestExecutionContext) (at ./Library/PackageCache/com.unity.test-framework@40e262928427/UnityEngine.TestRunner/NUnitExtensions/Commands/ImmediateEnumerableCommand.cs:18)
0x000001e9aa251f01 (Mono JIT Code) UnityEngine.TestTools.BeforeAfterTestCommandBase`1/<ExecuteEnumerable>d__16<T_REF>:MoveNext () (at ./Library/PackageCache/com.unity.test-framework@40e262928427/UnityEngine.TestRunner/NUnitExtensions/Commands/BeforeAfterTestCommandBase.cs:219)
0x000001e9aa251e01 (Mono JIT Code) UnityEngine.TestTools.BeforeAfterTestCommandBase`1/<ExecuteEnumerable>d__16<T_REF>:MoveNext () (at ./Library/PackageCache/com.unity.test-framework@40e262928427/UnityEngine.TestRunner/NUnitExtensions/Commands/BeforeAfterTestCommandBase.cs:212)
0x000001e9aa251e01 (Mono JIT Code) UnityEngine.TestTools.BeforeAfterTestCommandBase`1/<ExecuteEnumerable>d__16<T_REF>:MoveNext () (at ./Library/PackageCache/com.unity.test-framework@40e262928427/UnityEngine.TestRunner/NUnitExtensions/Commands/BeforeAfterTestCommandBase.cs:212)
0x000001e9aa26b457 (Mono JIT Code) UnityEngine.TestTools.RetryCommand/<ExecuteEnumerable>d__2:MoveNext () (at ./Library/PackageCache/com.unity.test-framework@40e262928427/UnityEngine.TestRunner/NUnitExtensions/Commands/RetryCommand.cs:37)
0x000001e9aa269f2f (Mono JIT Code) UnityEngine.TestTools.RepeatCommand/<ExecuteEnumerable>d__2:MoveNext () (at ./Library/PackageCache/com.unity.test-framework@40e262928427/UnityEngine.TestRunner/NUnitExtensions/Commands/RepeatCommand.cs:36)
0x000001e9aa268fa6 (Mono JIT Code) UnityEngine.TestTools.IgnoreTestCommand/<ExecuteEnumerable>d__3:MoveNext () (at ./Library/PackageCache/com.unity.test-framework@40e262928427/UnityEngine.TestRunner/NUnitExtensions/Commands/IgnoreTestCommand.cs:42)
0x000001e9aa267c7f (Mono JIT Code) UnityEngine.TestTools.StrictCheckCommand/<ExecuteEnumerable>d__2:MoveNext () (at ./Library/PackageCache/com.unity.test-framework@40e262928427/UnityEngine.TestRunner/NUnitExtensions/Commands/StrictCheckCommand.cs:29)
0x000001e9aa266fe1 (Mono JIT Code) UnityEngine.TestRunner.NUnitExtensions.Runner.DefaultTestWorkItem/<PerformWork>d__2:MoveNext () (at ./Library/PackageCache/com.unity.test-framework@40e262928427/UnityEngine.TestRunner/NUnitExtensions/Runner/DefaultTestWorkItem.cs:50)
0x000001e9aa255e12 (Mono JIT Code) UnityEngine.TestRunner.NUnitExtensions.Runner.CompositeWorkItem/<RunChildren>d__17:MoveNext () (at ./Library/PackageCache/com.unity.test-framework@40e262928427/UnityEngine.TestRunner/NUnitExtensions/Runner/CompositeWorkItem.cs:207)
0x000001e9aa247756 (Mono JIT Code) UnityEngine.TestRunner.NUnitExtensions.Runner.CompositeWorkItem/<PerformWork>d__13:MoveNext () (at ./Library/PackageCache/com.unity.test-framework@40e262928427/UnityEngine.TestRunner/NUnitExtensions/Runner/CompositeWorkItem.cs:82)
0x000001e9aa255e12 (Mono JIT Code) UnityEngine.TestRunner.NUnitExtensions.Runner.CompositeWorkItem/<RunChildren>d__17:MoveNext () (at ./Library/PackageCache/com.unity.test-framework@40e262928427/UnityEngine.TestRunner/NUnitExtensions/Runner/CompositeWorkItem.cs:207)
0x000001e9aa247756 (Mono JIT Code) UnityEngine.TestRunner.NUnitExtensions.Runner.CompositeWorkItem/<PerformWork>d__13:MoveNext () (at ./Library/PackageCache/com.unity.test-framework@40e262928427/UnityEngine.TestRunner/NUnitExtensions/Runner/CompositeWorkItem.cs:82)
0x000001e9aa255e12 (Mono JIT Code) UnityEngine.TestRunner.NUnitExtensions.Runner.CompositeWorkItem/<RunChildren>d__17:MoveNext () (at ./Library/PackageCache/com.unity.test-framework@40e262928427/UnityEngine.TestRunner/NUnitExtensions/Runner/CompositeWorkItem.cs:207)
0x000001e9aa247756 (Mono JIT Code) UnityEngine.TestRunner.NUnitExtensions.Runner.CompositeWorkItem/<PerformWork>d__13:MoveNext () (at ./Library/PackageCache/com.unity.test-framework@40e262928427/UnityEngine.TestRunner/NUnitExtensions/Runner/CompositeWorkItem.cs:82)
0x000001e9aa245fcc (Mono JIT Code) UnityEditor.TestTools.TestRunner.EditModeRunner:MoveNextAndUpdateYieldObject () (at ./Library/PackageCache/com.unity.test-framework@40e262928427/UnityEditor.TestRunner/TestRunner/EditModeRunner.cs:167)
0x000001e9aa245b7b (Mono JIT Code) UnityEditor.TestTools.TestRunner.EditModeRunner:TestConsumer (UnityEditor.TestTools.TestRunner.TestRunnerStateSerializer) (at ./Library/PackageCache/com.unity.test-framework@40e262928427/UnityEditor.TestRunner/TestRunner/EditModeRunner.cs:200)
0x000001e9aa23c173 (Mono JIT Code) UnityEditor.TestTools.TestRunner.TestRun.Tasks.EditModeRunTask/<Execute>d__1:MoveNext () (at ./Library/PackageCache/com.unity.test-framework@40e262928427/UnityEditor.TestRunner/TestRun/Tasks/EditModeRunTask.cs:48)
0x000001e977129d5e (Mono JIT Code) UnityEditor.TestTools.TestRunner.TestRun.TestJobRunner:ExecuteStep () (at ./Library/PackageCache/com.unity.test-framework@40e262928427/UnityEditor.TestRunner/TestRun/TestJobRunner.cs:173)
0x000001e977128953 (Mono JIT Code) UnityEditor.TestTools.TestRunner.TestRun.TestJobRunner:ExecuteCallback () (at ./Library/PackageCache/com.unity.test-framework@40e262928427/UnityEditor.TestRunner/TestRun/TestJobRunner.cs:108)
0x000001e99df821b8 (Mono JIT Code) UnityEditor.EditorApplication:Internal_CallUpdateFunctions ()
0x000001e8e6514785 (Mono JIT Code) (wrapper runtime-invoke) object:runtime_invoke_void (object,intptr,intptr,intptr)
0x00007fff3fd16e7e (mono-2.0-bdwgc) mono_jit_runtime_invoke (at C:/build/output/Unity-Technologies/mono/mono/mini/mini-runtime.c:3445)
0x00007fff3fc58874 (mono-2.0-bdwgc) do_runtime_invoke (at C:/build/output/Unity-Technologies/mono/mono/metadata/object.c:3068)
0x00007fff3fc58960 (mono-2.0-bdwgc) mono_runtime_invoke (at C:/build/output/Unity-Technologies/mono/mono/metadata/object.c:3115)
0x00007fff38e4cea4 (Unity) scripting_method_invoke
0x00007fff38e25433 (Unity) ScriptingInvocation::Invoke
0x00007fff38e20b35 (Unity) ScriptingInvocation::Invoke<void>
0x00007fff38f8b4bb (Unity) Scripting::UnityEditor::EditorApplicationProxy::Internal_CallUpdateFunctions
0x00007fff3a07e0e4 (Unity) SceneTracker::Update
0x00007fff39be1247 (Unity) Application::TickTimer
0x00007fff3a1b25ac (Unity) MainMessageLoop
0x00007fff3a1b9d1c (Unity) UnityMain
0x00007ff68b302f2a (Unity) __scrt_common_main_seh
0x00007fffddade8d7 (KERNEL32) BaseThreadInitThunk
0x00007fffde88c53c (ntdll) RtlUserThreadStart

[MouseTracker] PlayerInputHandler not found. Mouse compensation will be disabled.
0x00007fff38f222ae (Unity) StackWalker::ShowCallstack
0x00007fff38f31ee9 (Unity) PlatformStacktrace::GetStacktrace
0x00007fff3a1ac04e (Unity) Stacktrace::GetStacktrace
0x00007fff3a7859df (Unity) DebugStringToFile
0x00007fff37fd2930 (Unity) DebugLogHandler_CUSTOM_Internal_Log
0x000001e9766cbd3e (Mono JIT Code) (wrapper managed-to-native) UnityEngine.DebugLogHandler:Internal_Log_Injected (UnityEngine.LogType,UnityEngine.LogOption,UnityEngine.Bindings.ManagedSpanWrapper&,intptr)
0x000001e9766cbb43 (Mono JIT Code) UnityEngine.DebugLogHandler:Internal_Log (UnityEngine.LogType,UnityEngine.LogOption,string,UnityEngine.Object)
0x000001e9766cb7fb (Mono JIT Code) UnityEngine.DebugLogHandler:LogFormat (UnityEngine.LogType,UnityEngine.Object,string,object[])
0x000001e9766ca6ae (Mono JIT Code) UnityEngine.Logger:Log (UnityEngine.LogType,object)
0x000001e9aa2b404d (Mono JIT Code) UnityEngine.Debug:LogWarning (object)
0x000001e9aa2b33ab (Mono JIT Code) MouseTracker:Initialize (RecoilSystem) (at C:/Users/Ubuntu/Desktop/_DEV/AFFECT-2025-10-11/Assets/_SCRIPTS/_PLAYER/Recoil/MouseTracker.cs:80)
0x000001e976d36246 (Mono JIT Code) RecoilSystem:InitializeModules () (at C:/Users/Ubuntu/Desktop/_DEV/AFFECT-2025-10-11/Assets/_SCRIPTS/_PLAYER/Recoil/RecoilSystem.cs:203)
0x000001e976d33eb3 (Mono JIT Code) RecoilSystem:Initialize () (at C:/Users/Ubuntu/Desktop/_DEV/AFFECT-2025-10-11/Assets/_SCRIPTS/_PLAYER/Recoil/RecoilSystem.cs:165)
0x000001e976d333a3 (Mono JIT Code) RecoilSystem:ForceInitializeForTesting () (at C:/Users/Ubuntu/Desktop/_DEV/AFFECT-2025-10-11/Assets/_SCRIPTS/_PLAYER/Recoil/RecoilSystem.cs:632)
0x000001e976d3c213 (Mono JIT Code) RecoilSystemProperties:Property13_GracefulModuleDegradation () (at C:/Users/Ubuntu/Desktop/_DEV/AFFECT-2025-10-11/Assets/_SCRIPTS/Editor/Properties/RecoilSystemProperties.cs:269)
0x000001e9aa264548 (Mono JIT Code) (wrapper runtime-invoke) object:runtime_invoke_void__this__ (object,intptr,intptr,intptr)
0x00007fff3fd16e7e (mono-2.0-bdwgc) mono_jit_runtime_invoke (at C:/build/output/Unity-Technologies/mono/mono/mini/mini-runtime.c:3445)
0x00007fff3fc58874 (mono-2.0-bdwgc) do_runtime_invoke (at C:/build/output/Unity-Technologies/mono/mono/metadata/object.c:3068)
0x00007fff3fc5f926 (mono-2.0-bdwgc) mono_runtime_try_invoke_array (at C:/build/output/Unity-Technologies/mono/mono/metadata/object.c:5774)
0x00007fff3fb91b81 (mono-2.0-bdwgc) ves_icall_InternalInvoke (at C:/build/output/Unity-Technologies/mono/mono/metadata/icall.c:4038)
0x00007fff3fbb7e31 (mono-2.0-bdwgc) ves_icall_InternalInvoke_raw (at C:/build/output/Unity-Technologies/mono/mono/metadata/icall-def.h:692)
0x000001e8e22b0f92 (Mono JIT Code) (wrapper managed-to-native) System.Reflection.RuntimeMethodInfo:InternalInvoke (System.Reflection.RuntimeMethodInfo,object,object[],System.Exception&)
0x000001e8e3c7ea73 (Mono JIT Code) System.Reflection.RuntimeMethodInfo:Invoke (object,System.Reflection.BindingFlags,System.Reflection.Binder,object[],System.Globalization.CultureInfo)
0x000001e8db9555ef (Mono JIT Code) System.Reflection.MethodBase:Invoke (object,object[])
0x000001e9aa26e783 (Mono JIT Code) NUnit.Framework.Internal.Reflect:InvokeMethod (System.Reflection.MethodInfo,object,object[])
0x000001e9aa2760ab (Mono JIT Code) NUnit.Framework.Internal.MethodWrapper:Invoke (object,object[])
0x000001e9aa275f8a (Mono JIT Code) NUnit.Framework.Internal.Commands.TestMethodCommand:RunNonAsyncTestMethod (NUnit.Framework.Internal.ITestExecutionContext)
0x000001e9aa275dd3 (Mono JIT Code) NUnit.Framework.Internal.Commands.TestMethodCommand:RunTestMethod (NUnit.Framework.Internal.ITestExecutionContext)
0x000001e9aa275973 (Mono JIT Code) NUnit.Framework.Internal.Commands.TestMethodCommand:Execute (NUnit.Framework.Internal.ITestExecutionContext)
0x000001e9aa27556b (Mono JIT Code) UnityEngine.TestTools.UnityTestMethodCommand:Execute (NUnit.Framework.Internal.ITestExecutionContext) (at ./Library/PackageCache/com.unity.test-framework@40e262928427/UnityEngine.TestRunner/NUnitExtensions/Commands/UnityTestMethodCommand.cs:19)
0x000001e9aa2752fb (Mono JIT Code) UnityEngine.TestRunner.NUnitExtensions.Runner.UnityLogCheckDelegatingCommand/<>c__DisplayClass2_0:<Execute>b__0 () (at ./Library/PackageCache/com.unity.test-framework@40e262928427/UnityEngine.TestRunner/NUnitExtensions/Runner/UnityLogCheckDelegatingCommand.cs:24)
0x000001e9aa275123 (Mono JIT Code) UnityEngine.TestRunner.NUnitExtensions.Runner.UnityLogCheckDelegatingCommand:CaptureException (NUnit.Framework.Internal.TestResult,System.Action) (at ./Library/PackageCache/com.unity.test-framework@40e262928427/UnityEngine.TestRunner/NUnitExtensions/Runner/UnityLogCheckDelegatingCommand.cs:72)
0x000001e9aa274fb3 (Mono JIT Code) UnityEngine.TestRunner.NUnitExtensions.Runner.UnityLogCheckDelegatingCommand:ExecuteAndCheckLog (UnityEngine.TestTools.Logging.LogScope,NUnit.Framework.Internal.TestResult,System.Action) (at ./Library/PackageCache/com.unity.test-framework@40e262928427/UnityEngine.TestRunner/NUnitExtensions/Runner/UnityLogCheckDelegatingCommand.cs:83)
0x000001e9aa274c3b (Mono JIT Code) UnityEngine.TestRunner.NUnitExtensions.Runner.UnityLogCheckDelegatingCommand:Execute (NUnit.Framework.Internal.ITestExecutionContext) (at ./Library/PackageCache/com.unity.test-framework@40e262928427/UnityEngine.TestRunner/NUnitExtensions/Runner/UnityLogCheckDelegatingCommand.cs:24)
0x000001e9aa273c19 (Mono JIT Code) UnityEngine.TestRunner.NUnitExtensions.Runner.UnityLogCheckDelegatingCommand/<ExecuteEnumerable>d__3:MoveNext () (at ./Library/PackageCache/com.unity.test-framework@40e262928427/UnityEngine.TestRunner/NUnitExtensions/Runner/UnityLogCheckDelegatingCommand.cs:35)
0x000001e9aa251e01 (Mono JIT Code) UnityEngine.TestTools.BeforeAfterTestCommandBase`1/<ExecuteEnumerable>d__16<T_REF>:MoveNext () (at ./Library/PackageCache/com.unity.test-framework@40e262928427/UnityEngine.TestRunner/NUnitExtensions/Commands/BeforeAfterTestCommandBase.cs:212)
0x000001e9aa272fb6 (Mono JIT Code) UnityEngine.TestTools.ImmediateEnumerableCommand:Execute (NUnit.Framework.Internal.ITestExecutionContext) (at ./Library/PackageCache/com.unity.test-framework@40e262928427/UnityEngine.TestRunner/NUnitExtensions/Commands/ImmediateEnumerableCommand.cs:18)
0x000001e9aa251f01 (Mono JIT Code) UnityEngine.TestTools.BeforeAfterTestCommandBase`1/<ExecuteEnumerable>d__16<T_REF>:MoveNext () (at ./Library/PackageCache/com.unity.test-framework@40e262928427/UnityEngine.TestRunner/NUnitExtensions/Commands/BeforeAfterTestCommandBase.cs:219)
0x000001e9aa251e01 (Mono JIT Code) UnityEngine.TestTools.BeforeAfterTestCommandBase`1/<ExecuteEnumerable>d__16<T_REF>:MoveNext () (at ./Library/PackageCache/com.unity.test-framework@40e262928427/UnityEngine.TestRunner/NUnitExtensions/Commands/BeforeAfterTestCommandBase.cs:212)
0x000001e9aa251e01 (Mono JIT Code) UnityEngine.TestTools.BeforeAfterTestCommandBase`1/<ExecuteEnumerable>d__16<T_REF>:MoveNext () (at ./Library/PackageCache/com.unity.test-framework@40e262928427/UnityEngine.TestRunner/NUnitExtensions/Commands/BeforeAfterTestCommandBase.cs:212)
0x000001e9aa26b457 (Mono JIT Code) UnityEngine.TestTools.RetryCommand/<ExecuteEnumerable>d__2:MoveNext () (at ./Library/PackageCache/com.unity.test-framework@40e262928427/UnityEngine.TestRunner/NUnitExtensions/Commands/RetryCommand.cs:37)
0x000001e9aa269f2f (Mono JIT Code) UnityEngine.TestTools.RepeatCommand/<ExecuteEnumerable>d__2:MoveNext () (at ./Library/PackageCache/com.unity.test-framework@40e262928427/UnityEngine.TestRunner/NUnitExtensions/Commands/RepeatCommand.cs:36)
0x000001e9aa268fa6 (Mono JIT Code) UnityEngine.TestTools.IgnoreTestCommand/<ExecuteEnumerable>d__3:MoveNext () (at ./Library/PackageCache/com.unity.test-framework@40e262928427/UnityEngine.TestRunner/NUnitExtensions/Commands/IgnoreTestCommand.cs:42)
0x000001e9aa267c7f (Mono JIT Code) UnityEngine.TestTools.StrictCheckCommand/<ExecuteEnumerable>d__2:MoveNext () (at ./Library/PackageCache/com.unity.test-framework@40e262928427/UnityEngine.TestRunner/NUnitExtensions/Commands/StrictCheckCommand.cs:29)
0x000001e9aa266fe1 (Mono JIT Code) UnityEngine.TestRunner.NUnitExtensions.Runner.DefaultTestWorkItem/<PerformWork>d__2:MoveNext () (at ./Library/PackageCache/com.unity.test-framework@40e262928427/UnityEngine.TestRunner/NUnitExtensions/Runner/DefaultTestWorkItem.cs:50)
0x000001e9aa255e12 (Mono JIT Code) UnityEngine.TestRunner.NUnitExtensions.Runner.CompositeWorkItem/<RunChildren>d__17:MoveNext () (at ./Library/PackageCache/com.unity.test-framework@40e262928427/UnityEngine.TestRunner/NUnitExtensions/Runner/CompositeWorkItem.cs:207)
0x000001e9aa247756 (Mono JIT Code) UnityEngine.TestRunner.NUnitExtensions.Runner.CompositeWorkItem/<PerformWork>d__13:MoveNext () (at ./Library/PackageCache/com.unity.test-framework@40e262928427/UnityEngine.TestRunner/NUnitExtensions/Runner/CompositeWorkItem.cs:82)
0x000001e9aa255e12 (Mono JIT Code) UnityEngine.TestRunner.NUnitExtensions.Runner.CompositeWorkItem/<RunChildren>d__17:MoveNext () (at ./Library/PackageCache/com.unity.test-framework@40e262928427/UnityEngine.TestRunner/NUnitExtensions/Runner/CompositeWorkItem.cs:207)
0x000001e9aa247756 (Mono JIT Code) UnityEngine.TestRunner.NUnitExtensions.Runner.CompositeWorkItem/<PerformWork>d__13:MoveNext () (at ./Library/PackageCache/com.unity.test-framework@40e262928427/UnityEngine.TestRunner/NUnitExtensions/Runner/CompositeWorkItem.cs:82)
0x000001e9aa255e12 (Mono JIT Code) UnityEngine.TestRunner.NUnitExtensions.Runner.CompositeWorkItem/<RunChildren>d__17:MoveNext () (at ./Library/PackageCache/com.unity.test-framework@40e262928427/UnityEngine.TestRunner/NUnitExtensions/Runner/CompositeWorkItem.cs:207)
0x000001e9aa247756 (Mono JIT Code) UnityEngine.TestRunner.NUnitExtensions.Runner.CompositeWorkItem/<PerformWork>d__13:MoveNext () (at ./Library/PackageCache/com.unity.test-framework@40e262928427/UnityEngine.TestRunner/NUnitExtensions/Runner/CompositeWorkItem.cs:82)
0x000001e9aa245fcc (Mono JIT Code) UnityEditor.TestTools.TestRunner.EditModeRunner:MoveNextAndUpdateYieldObject () (at ./Library/PackageCache/com.unity.test-framework@40e262928427/UnityEditor.TestRunner/TestRunner/EditModeRunner.cs:167)
0x000001e9aa245b7b (Mono JIT Code) UnityEditor.TestTools.TestRunner.EditModeRunner:TestConsumer (UnityEditor.TestTools.TestRunner.TestRunnerStateSerializer) (at ./Library/PackageCache/com.unity.test-framework@40e262928427/UnityEditor.TestRunner/TestRunner/EditModeRunner.cs:200)
0x000001e9aa23c173 (Mono JIT Code) UnityEditor.TestTools.TestRunner.TestRun.Tasks.EditModeRunTask/<Execute>d__1:MoveNext () (at ./Library/PackageCache/com.unity.test-framework@40e262928427/UnityEditor.TestRunner/TestRun/Tasks/EditModeRunTask.cs:48)
0x000001e977129d5e (Mono JIT Code) UnityEditor.TestTools.TestRunner.TestRun.TestJobRunner:ExecuteStep () (at ./Library/PackageCache/com.unity.test-framework@40e262928427/UnityEditor.TestRunner/TestRun/TestJobRunner.cs:173)
0x000001e977128953 (Mono JIT Code) UnityEditor.TestTools.TestRunner.TestRun.TestJobRunner:ExecuteCallback () (at ./Library/PackageCache/com.unity.test-framework@40e262928427/UnityEditor.TestRunner/TestRun/TestJobRunner.cs:108)
0x000001e99df821b8 (Mono JIT Code) UnityEditor.EditorApplication:Internal_CallUpdateFunctions ()
0x000001e8e6514785 (Mono JIT Code) (wrapper runtime-invoke) object:runtime_invoke_void (object,intptr,intptr,intptr)
0x00007fff3fd16e7e (mono-2.0-bdwgc) mono_jit_runtime_invoke (at C:/build/output/Unity-Technologies/mono/mono/mini/mini-runtime.c:3445)
0x00007fff3fc58874 (mono-2.0-bdwgc) do_runtime_invoke (at C:/build/output/Unity-Technologies/mono/mono/metadata/object.c:3068)
0x00007fff3fc58960 (mono-2.0-bdwgc) mono_runtime_invoke (at C:/build/output/Unity-Technologies/mono/mono/metadata/object.c:3115)
0x00007fff38e4cea4 (Unity) scripting_method_invoke
0x00007fff38e25433 (Unity) ScriptingInvocation::Invoke
0x00007fff38e20b35 (Unity) ScriptingInvocation::Invoke<void>
0x00007fff38f8b4bb (Unity) Scripting::UnityEditor::EditorApplicationProxy::Internal_CallUpdateFunctions
0x00007fff3a07e0e4 (Unity) SceneTracker::Update
0x00007fff39be1247 (Unity) Application::TickTimer
0x00007fff3a1b25ac (Unity) MainMessageLoop
0x00007fff3a1b9d1c (Unity) UnityMain
0x00007ff68b302f2a (Unity) __scrt_common_main_seh
0x00007fffddade8d7 (KERNEL32) BaseThreadInitThunk
0x00007fffde88c53c (ntdll) RtlUserThreadStart

[MouseTracker] PlayerInputHandler not found. Mouse compensation will be disabled.
0x00007fff38f222ae (Unity) StackWalker::ShowCallstack
0x00007fff38f31ee9 (Unity) PlatformStacktrace::GetStacktrace
0x00007fff3a1ac04e (Unity) Stacktrace::GetStacktrace
0x00007fff3a7859df (Unity) DebugStringToFile
0x00007fff37fd2930 (Unity) DebugLogHandler_CUSTOM_Internal_Log
0x000001e9766cbd3e (Mono JIT Code) (wrapper managed-to-native) UnityEngine.DebugLogHandler:Internal_Log_Injected (UnityEngine.LogType,UnityEngine.LogOption,UnityEngine.Bindings.ManagedSpanWrapper&,intptr)
0x000001e9766cbb43 (Mono JIT Code) UnityEngine.DebugLogHandler:Internal_Log (UnityEngine.LogType,UnityEngine.LogOption,string,UnityEngine.Object)
0x000001e9766cb7fb (Mono JIT Code) UnityEngine.DebugLogHandler:LogFormat (UnityEngine.LogType,UnityEngine.Object,string,object[])
0x000001e9766ca6ae (Mono JIT Code) UnityEngine.Logger:Log (UnityEngine.LogType,object)
0x000001e9aa2b404d (Mono JIT Code) UnityEngine.Debug:LogWarning (object)
0x000001e9aa2b33ab (Mono JIT Code) MouseTracker:Initialize (RecoilSystem) (at C:/Users/Ubuntu/Desktop/_DEV/AFFECT-2025-10-11/Assets/_SCRIPTS/_PLAYER/Recoil/MouseTracker.cs:80)
0x000001e976d36246 (Mono JIT Code) RecoilSystem:InitializeModules () (at C:/Users/Ubuntu/Desktop/_DEV/AFFECT-2025-10-11/Assets/_SCRIPTS/_PLAYER/Recoil/RecoilSystem.cs:203)
0x000001e976d33eb3 (Mono JIT Code) RecoilSystem:Initialize () (at C:/Users/Ubuntu/Desktop/_DEV/AFFECT-2025-10-11/Assets/_SCRIPTS/_PLAYER/Recoil/RecoilSystem.cs:165)
0x000001e976d333a3 (Mono JIT Code) RecoilSystem:ForceInitializeForTesting () (at C:/Users/Ubuntu/Desktop/_DEV/AFFECT-2025-10-11/Assets/_SCRIPTS/_PLAYER/Recoil/RecoilSystem.cs:632)
0x000001e976d3c213 (Mono JIT Code) RecoilSystemProperties:Property13_GracefulModuleDegradation () (at C:/Users/Ubuntu/Desktop/_DEV/AFFECT-2025-10-11/Assets/_SCRIPTS/Editor/Properties/RecoilSystemProperties.cs:269)
0x000001e9aa264548 (Mono JIT Code) (wrapper runtime-invoke) object:runtime_invoke_void__this__ (object,intptr,intptr,intptr)
0x00007fff3fd16e7e (mono-2.0-bdwgc) mono_jit_runtime_invoke (at C:/build/output/Unity-Technologies/mono/mono/mini/mini-runtime.c:3445)
0x00007fff3fc58874 (mono-2.0-bdwgc) do_runtime_invoke (at C:/build/output/Unity-Technologies/mono/mono/metadata/object.c:3068)
0x00007fff3fc5f926 (mono-2.0-bdwgc) mono_runtime_try_invoke_array (at C:/build/output/Unity-Technologies/mono/mono/metadata/object.c:5774)
0x00007fff3fb91b81 (mono-2.0-bdwgc) ves_icall_InternalInvoke (at C:/build/output/Unity-Technologies/mono/mono/metadata/icall.c:4038)
0x00007fff3fbb7e31 (mono-2.0-bdwgc) ves_icall_InternalInvoke_raw (at C:/build/output/Unity-Technologies/mono/mono/metadata/icall-def.h:692)
0x000001e8e22b0f92 (Mono JIT Code) (wrapper managed-to-native) System.Reflection.RuntimeMethodInfo:InternalInvoke (System.Reflection.RuntimeMethodInfo,object,object[],System.Exception&)
0x000001e8e3c7ea73 (Mono JIT Code) System.Reflection.RuntimeMethodInfo:Invoke (object,System.Reflection.BindingFlags,System.Reflection.Binder,object[],System.Globalization.CultureInfo)
0x000001e8db9555ef (Mono JIT Code) System.Reflection.MethodBase:Invoke (object,object[])
0x000001e9aa26e783 (Mono JIT Code) NUnit.Framework.Internal.Reflect:InvokeMethod (System.Reflection.MethodInfo,object,object[])
0x000001e9aa2760ab (Mono JIT Code) NUnit.Framework.Internal.MethodWrapper:Invoke (object,object[])
0x000001e9aa275f8a (Mono JIT Code) NUnit.Framework.Internal.Commands.TestMethodCommand:RunNonAsyncTestMethod (NUnit.Framework.Internal.ITestExecutionContext)
0x000001e9aa275dd3 (Mono JIT Code) NUnit.Framework.Internal.Commands.TestMethodCommand:RunTestMethod (NUnit.Framework.Internal.ITestExecutionContext)
0x000001e9aa275973 (Mono JIT Code) NUnit.Framework.Internal.Commands.TestMethodCommand:Execute (NUnit.Framework.Internal.ITestExecutionContext)
0x000001e9aa27556b (Mono JIT Code) UnityEngine.TestTools.UnityTestMethodCommand:Execute (NUnit.Framework.Internal.ITestExecutionContext) (at ./Library/PackageCache/com.unity.test-framework@40e262928427/UnityEngine.TestRunner/NUnitExtensions/Commands/UnityTestMethodCommand.cs:19)
0x000001e9aa2752fb (Mono JIT Code) UnityEngine.TestRunner.NUnitExtensions.Runner.UnityLogCheckDelegatingCommand/<>c__DisplayClass2_0:<Execute>b__0 () (at ./Library/PackageCache/com.unity.test-framework@40e262928427/UnityEngine.TestRunner/NUnitExtensions/Runner/UnityLogCheckDelegatingCommand.cs:24)
0x000001e9aa275123 (Mono JIT Code) UnityEngine.TestRunner.NUnitExtensions.Runner.UnityLogCheckDelegatingCommand:CaptureException (NUnit.Framework.Internal.TestResult,System.Action) (at ./Library/PackageCache/com.unity.test-framework@40e262928427/UnityEngine.TestRunner/NUnitExtensions/Runner/UnityLogCheckDelegatingCommand.cs:72)
0x000001e9aa274fb3 (Mono JIT Code) UnityEngine.TestRunner.NUnitExtensions.Runner.UnityLogCheckDelegatingCommand:ExecuteAndCheckLog (UnityEngine.TestTools.Logging.LogScope,NUnit.Framework.Internal.TestResult,System.Action) (at ./Library/PackageCache/com.unity.test-framework@40e262928427/UnityEngine.TestRunner/NUnitExtensions/Runner/UnityLogCheckDelegatingCommand.cs:83)
0x000001e9aa274c3b (Mono JIT Code) UnityEngine.TestRunner.NUnitExtensions.Runner.UnityLogCheckDelegatingCommand:Execute (NUnit.Framework.Internal.ITestExecutionContext) (at ./Library/PackageCache/com.unity.test-framework@40e262928427/UnityEngine.TestRunner/NUnitExtensions/Runner/UnityLogCheckDelegatingCommand.cs:24)
0x000001e9aa273c19 (Mono JIT Code) UnityEngine.TestRunner.NUnitExtensions.Runner.UnityLogCheckDelegatingCommand/<ExecuteEnumerable>d__3:MoveNext () (at ./Library/PackageCache/com.unity.test-framework@40e262928427/UnityEngine.TestRunner/NUnitExtensions/Runner/UnityLogCheckDelegatingCommand.cs:35)
0x000001e9aa251e01 (Mono JIT Code) UnityEngine.TestTools.BeforeAfterTestCommandBase`1/<ExecuteEnumerable>d__16<T_REF>:MoveNext () (at ./Library/PackageCache/com.unity.test-framework@40e262928427/UnityEngine.TestRunner/NUnitExtensions/Commands/BeforeAfterTestCommandBase.cs:212)
0x000001e9aa272fb6 (Mono JIT Code) UnityEngine.TestTools.ImmediateEnumerableCommand:Execute (NUnit.Framework.Internal.ITestExecutionContext) (at ./Library/PackageCache/com.unity.test-framework@40e262928427/UnityEngine.TestRunner/NUnitExtensions/Commands/ImmediateEnumerableCommand.cs:18)
0x000001e9aa251f01 (Mono JIT Code) UnityEngine.TestTools.BeforeAfterTestCommandBase`1/<ExecuteEnumerable>d__16<T_REF>:MoveNext () (at ./Library/PackageCache/com.unity.test-framework@40e262928427/UnityEngine.TestRunner/NUnitExtensions/Commands/BeforeAfterTestCommandBase.cs:219)
0x000001e9aa251e01 (Mono JIT Code) UnityEngine.TestTools.BeforeAfterTestCommandBase`1/<ExecuteEnumerable>d__16<T_REF>:MoveNext () (at ./Library/PackageCache/com.unity.test-framework@40e262928427/UnityEngine.TestRunner/NUnitExtensions/Commands/BeforeAfterTestCommandBase.cs:212)
0x000001e9aa251e01 (Mono JIT Code) UnityEngine.TestTools.BeforeAfterTestCommandBase`1/<ExecuteEnumerable>d__16<T_REF>:MoveNext () (at ./Library/PackageCache/com.unity.test-framework@40e262928427/UnityEngine.TestRunner/NUnitExtensions/Commands/BeforeAfterTestCommandBase.cs:212)
0x000001e9aa26b457 (Mono JIT Code) UnityEngine.TestTools.RetryCommand/<ExecuteEnumerable>d__2:MoveNext () (at ./Library/PackageCache/com.unity.test-framework@40e262928427/UnityEngine.TestRunner/NUnitExtensions/Commands/RetryCommand.cs:37)
0x000001e9aa269f2f (Mono JIT Code) UnityEngine.TestTools.RepeatCommand/<ExecuteEnumerable>d__2:MoveNext () (at ./Library/PackageCache/com.unity.test-framework@40e262928427/UnityEngine.TestRunner/NUnitExtensions/Commands/RepeatCommand.cs:36)
0x000001e9aa268fa6 (Mono JIT Code) UnityEngine.TestTools.IgnoreTestCommand/<ExecuteEnumerable>d__3:MoveNext () (at ./Library/PackageCache/com.unity.test-framework@40e262928427/UnityEngine.TestRunner/NUnitExtensions/Commands/IgnoreTestCommand.cs:42)
0x000001e9aa267c7f (Mono JIT Code) UnityEngine.TestTools.StrictCheckCommand/<ExecuteEnumerable>d__2:MoveNext () (at ./Library/PackageCache/com.unity.test-framework@40e262928427/UnityEngine.TestRunner/NUnitExtensions/Commands/StrictCheckCommand.cs:29)
0x000001e9aa266fe1 (Mono JIT Code) UnityEngine.TestRunner.NUnitExtensions.Runner.DefaultTestWorkItem/<PerformWork>d__2:MoveNext () (at ./Library/PackageCache/com.unity.test-framework@40e262928427/UnityEngine.TestRunner/NUnitExtensions/Runner/DefaultTestWorkItem.cs:50)
0x000001e9aa255e12 (Mono JIT Code) UnityEngine.TestRunner.NUnitExtensions.Runner.CompositeWorkItem/<RunChildren>d__17:MoveNext () (at ./Library/PackageCache/com.unity.test-framework@40e262928427/UnityEngine.TestRunner/NUnitExtensions/Runner/CompositeWorkItem.cs:207)
0x000001e9aa247756 (Mono JIT Code) UnityEngine.TestRunner.NUnitExtensions.Runner.CompositeWorkItem/<PerformWork>d__13:MoveNext () (at ./Library/PackageCache/com.unity.test-framework@40e262928427/UnityEngine.TestRunner/NUnitExtensions/Runner/CompositeWorkItem.cs:82)
0x000001e9aa255e12 (Mono JIT Code) UnityEngine.TestRunner.NUnitExtensions.Runner.CompositeWorkItem/<RunChildren>d__17:MoveNext () (at ./Library/PackageCache/com.unity.test-framework@40e262928427/UnityEngine.TestRunner/NUnitExtensions/Runner/CompositeWorkItem.cs:207)
0x000001e9aa247756 (Mono JIT Code) UnityEngine.TestRunner.NUnitExtensions.Runner.CompositeWorkItem/<PerformWork>d__13:MoveNext () (at ./Library/PackageCache/com.unity.test-framework@40e262928427/UnityEngine.TestRunner/NUnitExtensions/Runner/CompositeWorkItem.cs:82)
0x000001e9aa255e12 (Mono JIT Code) UnityEngine.TestRunner.NUnitExtensions.Runner.CompositeWorkItem/<RunChildren>d__17:MoveNext () (at ./Library/PackageCache/com.unity.test-framework@40e262928427/UnityEngine.TestRunner/NUnitExtensions/Runner/CompositeWorkItem.cs:207)
0x000001e9aa247756 (Mono JIT Code) UnityEngine.TestRunner.NUnitExtensions.Runner.CompositeWorkItem/<PerformWork>d__13:MoveNext () (at ./Library/PackageCache/com.unity.test-framework@40e262928427/UnityEngine.TestRunner/NUnitExtensions/Runner/CompositeWorkItem.cs:82)
0x000001e9aa245fcc (Mono JIT Code) UnityEditor.TestTools.TestRunner.EditModeRunner:MoveNextAndUpdateYieldObject () (at ./Library/PackageCache/com.unity.test-framework@40e262928427/UnityEditor.TestRunner/TestRunner/EditModeRunner.cs:167)
0x000001e9aa245b7b (Mono JIT Code) UnityEditor.TestTools.TestRunner.EditModeRunner:TestConsumer (UnityEditor.TestTools.TestRunner.TestRunnerStateSerializer) (at ./Library/PackageCache/com.unity.test-framework@40e262928427/UnityEditor.TestRunner/TestRunner/EditModeRunner.cs:200)
0x000001e9aa23c173 (Mono JIT Code) UnityEditor.TestTools.TestRunner.TestRun.Tasks.EditModeRunTask/<Execute>d__1:MoveNext () (at ./Library/PackageCache/com.unity.test-framework@40e262928427/UnityEditor.TestRunner/TestRun/Tasks/EditModeRunTask.cs:48)
0x000001e977129d5e (Mono JIT Code) UnityEditor.TestTools.TestRunner.TestRun.TestJobRunner:ExecuteStep () (at ./Library/PackageCache/com.unity.test-framework@40e262928427/UnityEditor.TestRunner/TestRun/TestJobRunner.cs:173)
0x000001e977128953 (Mono JIT Code) UnityEditor.TestTools.TestRunner.TestRun.TestJobRunner:ExecuteCallback () (at ./Library/PackageCache/com.unity.test-framework@40e262928427/UnityEditor.TestRunner/TestRun/TestJobRunner.cs:108)
0x000001e99df821b8 (Mono JIT Code) UnityEditor.EditorApplication:Internal_CallUpdateFunctions ()
0x000001e8e6514785 (Mono JIT Code) (wrapper runtime-invoke) object:runtime_invoke_void (object,intptr,intptr,intptr)
0x00007fff3fd16e7e (mono-2.0-bdwgc) mono_jit_runtime_invoke (at C:/build/output/Unity-Technologies/mono/mono/mini/mini-runtime.c:3445)
0x00007fff3fc58874 (mono-2.0-bdwgc) do_runtime_invoke (at C:/build/output/Unity-Technologies/mono/mono/metadata/object.c:3068)
0x00007fff3fc58960 (mono-2.0-bdwgc) mono_runtime_invoke (at C:/build/output/Unity-Technologies/mono/mono/metadata/object.c:3115)
0x00007fff38e4cea4 (Unity) scripting_method_invoke
0x00007fff38e25433 (Unity) ScriptingInvocation::Invoke
0x00007fff38e20b35 (Unity) ScriptingInvocation::Invoke<void>
0x00007fff38f8b4bb (Unity) Scripting::UnityEditor::EditorApplicationProxy::Internal_CallUpdateFunctions
0x00007fff3a07e0e4 (Unity) SceneTracker::Update
0x00007fff39be1247 (Unity) Application::TickTimer
0x00007fff3a1b25ac (Unity) MainMessageLoop
0x00007fff3a1b9d1c (Unity) UnityMain
0x00007ff68b302f2a (Unity) __scrt_common_main_seh
0x00007fffddade8d7 (KERNEL32) BaseThreadInitThunk
0x00007fffde88c53c (ntdll) RtlUserThreadStart

[MouseTracker] PlayerInputHandler not found. Mouse compensation will be disabled.
0x00007fff38f222ae (Unity) StackWalker::ShowCallstack
0x00007fff38f31ee9 (Unity) PlatformStacktrace::GetStacktrace
0x00007fff3a1ac04e (Unity) Stacktrace::GetStacktrace
0x00007fff3a7859df (Unity) DebugStringToFile
0x00007fff37fd2930 (Unity) DebugLogHandler_CUSTOM_Internal_Log
0x000001e9766cbd3e (Mono JIT Code) (wrapper managed-to-native) UnityEngine.DebugLogHandler:Internal_Log_Injected (UnityEngine.LogType,UnityEngine.LogOption,UnityEngine.Bindings.ManagedSpanWrapper&,intptr)
0x000001e9766cbb43 (Mono JIT Code) UnityEngine.DebugLogHandler:Internal_Log (UnityEngine.LogType,UnityEngine.LogOption,string,UnityEngine.Object)
0x000001e9766cb7fb (Mono JIT Code) UnityEngine.DebugLogHandler:LogFormat (UnityEngine.LogType,UnityEngine.Object,string,object[])
0x000001e9766ca6ae (Mono JIT Code) UnityEngine.Logger:Log (UnityEngine.LogType,object)
0x000001e9aa2b404d (Mono JIT Code) UnityEngine.Debug:LogWarning (object)
0x000001e9aa2b33ab (Mono JIT Code) MouseTracker:Initialize (RecoilSystem) (at C:/Users/Ubuntu/Desktop/_DEV/AFFECT-2025-10-11/Assets/_SCRIPTS/_PLAYER/Recoil/MouseTracker.cs:80)
0x000001e976d36246 (Mono JIT Code) RecoilSystem:InitializeModules () (at C:/Users/Ubuntu/Desktop/_DEV/AFFECT-2025-10-11/Assets/_SCRIPTS/_PLAYER/Recoil/RecoilSystem.cs:203)
0x000001e976d33eb3 (Mono JIT Code) RecoilSystem:Initialize () (at C:/Users/Ubuntu/Desktop/_DEV/AFFECT-2025-10-11/Assets/_SCRIPTS/_PLAYER/Recoil/RecoilSystem.cs:165)
0x000001e976d333a3 (Mono JIT Code) RecoilSystem:ForceInitializeForTesting () (at C:/Users/Ubuntu/Desktop/_DEV/AFFECT-2025-10-11/Assets/_SCRIPTS/_PLAYER/Recoil/RecoilSystem.cs:632)
0x000001e976d3c213 (Mono JIT Code) RecoilSystemProperties:Property13_GracefulModuleDegradation () (at C:/Users/Ubuntu/Desktop/_DEV/AFFECT-2025-10-11/Assets/_SCRIPTS/Editor/Properties/RecoilSystemProperties.cs:269)
0x000001e9aa264548 (Mono JIT Code) (wrapper runtime-invoke) object:runtime_invoke_void__this__ (object,intptr,intptr,intptr)
0x00007fff3fd16e7e (mono-2.0-bdwgc) mono_jit_runtime_invoke (at C:/build/output/Unity-Technologies/mono/mono/mini/mini-runtime.c:3445)
0x00007fff3fc58874 (mono-2.0-bdwgc) do_runtime_invoke (at C:/build/output/Unity-Technologies/mono/mono/metadata/object.c:3068)
0x00007fff3fc5f926 (mono-2.0-bdwgc) mono_runtime_try_invoke_array (at C:/build/output/Unity-Technologies/mono/mono/metadata/object.c:5774)
0x00007fff3fb91b81 (mono-2.0-bdwgc) ves_icall_InternalInvoke (at C:/build/output/Unity-Technologies/mono/mono/metadata/icall.c:4038)
0x00007fff3fbb7e31 (mono-2.0-bdwgc) ves_icall_InternalInvoke_raw (at C:/build/output/Unity-Technologies/mono/mono/metadata/icall-def.h:692)
0x000001e8e22b0f92 (Mono JIT Code) (wrapper managed-to-native) System.Reflection.RuntimeMethodInfo:InternalInvoke (System.Reflection.RuntimeMethodInfo,object,object[],System.Exception&)
0x000001e8e3c7ea73 (Mono JIT Code) System.Reflection.RuntimeMethodInfo:Invoke (object,System.Reflection.BindingFlags,System.Reflection.Binder,object[],System.Globalization.CultureInfo)
0x000001e8db9555ef (Mono JIT Code) System.Reflection.MethodBase:Invoke (object,object[])
0x000001e9aa26e783 (Mono JIT Code) NUnit.Framework.Internal.Reflect:InvokeMethod (System.Reflection.MethodInfo,object,object[])
0x000001e9aa2760ab (Mono JIT Code) NUnit.Framework.Internal.MethodWrapper:Invoke (object,object[])
0x000001e9aa275f8a (Mono JIT Code) NUnit.Framework.Internal.Commands.TestMethodCommand:RunNonAsyncTestMethod (NUnit.Framework.Internal.ITestExecutionContext)
0x000001e9aa275dd3 (Mono JIT Code) NUnit.Framework.Internal.Commands.TestMethodCommand:RunTestMethod (NUnit.Framework.Internal.ITestExecutionContext)
0x000001e9aa275973 (Mono JIT Code) NUnit.Framework.Internal.Commands.TestMethodCommand:Execute (NUnit.Framework.Internal.ITestExecutionContext)
0x000001e9aa27556b (Mono JIT Code) UnityEngine.TestTools.UnityTestMethodCommand:Execute (NUnit.Framework.Internal.ITestExecutionContext) (at ./Library/PackageCache/com.unity.test-framework@40e262928427/UnityEngine.TestRunner/NUnitExtensions/Commands/UnityTestMethodCommand.cs:19)
0x000001e9aa2752fb (Mono JIT Code) UnityEngine.TestRunner.NUnitExtensions.Runner.UnityLogCheckDelegatingCommand/<>c__DisplayClass2_0:<Execute>b__0 () (at ./Library/PackageCache/com.unity.test-framework@40e262928427/UnityEngine.TestRunner/NUnitExtensions/Runner/UnityLogCheckDelegatingCommand.cs:24)
0x000001e9aa275123 (Mono JIT Code) UnityEngine.TestRunner.NUnitExtensions.Runner.UnityLogCheckDelegatingCommand:CaptureException (NUnit.Framework.Internal.TestResult,System.Action) (at ./Library/PackageCache/com.unity.test-framework@40e262928427/UnityEngine.TestRunner/NUnitExtensions/Runner/UnityLogCheckDelegatingCommand.cs:72)
0x000001e9aa274fb3 (Mono JIT Code) UnityEngine.TestRunner.NUnitExtensions.Runner.UnityLogCheckDelegatingCommand:ExecuteAndCheckLog (UnityEngine.TestTools.Logging.LogScope,NUnit.Framework.Internal.TestResult,System.Action) (at ./Library/PackageCache/com.unity.test-framework@40e262928427/UnityEngine.TestRunner/NUnitExtensions/Runner/UnityLogCheckDelegatingCommand.cs:83)
0x000001e9aa274c3b (Mono JIT Code) UnityEngine.TestRunner.NUnitExtensions.Runner.UnityLogCheckDelegatingCommand:Execute (NUnit.Framework.Internal.ITestExecutionContext) (at ./Library/PackageCache/com.unity.test-framework@40e262928427/UnityEngine.TestRunner/NUnitExtensions/Runner/UnityLogCheckDelegatingCommand.cs:24)
0x000001e9aa273c19 (Mono JIT Code) UnityEngine.TestRunner.NUnitExtensions.Runner.UnityLogCheckDelegatingCommand/<ExecuteEnumerable>d__3:MoveNext () (at ./Library/PackageCache/com.unity.test-framework@40e262928427/UnityEngine.TestRunner/NUnitExtensions/Runner/UnityLogCheckDelegatingCommand.cs:35)
0x000001e9aa251e01 (Mono JIT Code) UnityEngine.TestTools.BeforeAfterTestCommandBase`1/<ExecuteEnumerable>d__16<T_REF>:MoveNext () (at ./Library/PackageCache/com.unity.test-framework@40e262928427/UnityEngine.TestRunner/NUnitExtensions/Commands/BeforeAfterTestCommandBase.cs:212)
0x000001e9aa272fb6 (Mono JIT Code) UnityEngine.TestTools.ImmediateEnumerableCommand:Execute (NUnit.Framework.Internal.ITestExecutionContext) (at ./Library/PackageCache/com.unity.test-framework@40e262928427/UnityEngine.TestRunner/NUnitExtensions/Commands/ImmediateEnumerableCommand.cs:18)
0x000001e9aa251f01 (Mono JIT Code) UnityEngine.TestTools.BeforeAfterTestCommandBase`1/<ExecuteEnumerable>d__16<T_REF>:MoveNext () (at ./Library/PackageCache/com.unity.test-framework@40e262928427/UnityEngine.TestRunner/NUnitExtensions/Commands/BeforeAfterTestCommandBase.cs:219)
0x000001e9aa251e01 (Mono JIT Code) UnityEngine.TestTools.BeforeAfterTestCommandBase`1/<ExecuteEnumerable>d__16<T_REF>:MoveNext () (at ./Library/PackageCache/com.unity.test-framework@40e262928427/UnityEngine.TestRunner/NUnitExtensions/Commands/BeforeAfterTestCommandBase.cs:212)
0x000001e9aa251e01 (Mono JIT Code) UnityEngine.TestTools.BeforeAfterTestCommandBase`1/<ExecuteEnumerable>d__16<T_REF>:MoveNext () (at ./Library/PackageCache/com.unity.test-framework@40e262928427/UnityEngine.TestRunner/NUnitExtensions/Commands/BeforeAfterTestCommandBase.cs:212)
0x000001e9aa26b457 (Mono JIT Code) UnityEngine.TestTools.RetryCommand/<ExecuteEnumerable>d__2:MoveNext () (at ./Library/PackageCache/com.unity.test-framework@40e262928427/UnityEngine.TestRunner/NUnitExtensions/Commands/RetryCommand.cs:37)
0x000001e9aa269f2f (Mono JIT Code) UnityEngine.TestTools.RepeatCommand/<ExecuteEnumerable>d__2:MoveNext () (at ./Library/PackageCache/com.unity.test-framework@40e262928427/UnityEngine.TestRunner/NUnitExtensions/Commands/RepeatCommand.cs:36)
0x000001e9aa268fa6 (Mono JIT Code) UnityEngine.TestTools.IgnoreTestCommand/<ExecuteEnumerable>d__3:MoveNext () (at ./Library/PackageCache/com.unity.test-framework@40e262928427/UnityEngine.TestRunner/NUnitExtensions/Commands/IgnoreTestCommand.cs:42)
0x000001e9aa267c7f (Mono JIT Code) UnityEngine.TestTools.StrictCheckCommand/<ExecuteEnumerable>d__2:MoveNext () (at ./Library/PackageCache/com.unity.test-framework@40e262928427/UnityEngine.TestRunner/NUnitExtensions/Commands/StrictCheckCommand.cs:29)
0x000001e9aa266fe1 (Mono JIT Code) UnityEngine.TestRunner.NUnitExtensions.Runner.DefaultTestWorkItem/<PerformWork>d__2:MoveNext () (at ./Library/PackageCache/com.unity.test-framework@40e262928427/UnityEngine.TestRunner/NUnitExtensions/Runner/DefaultTestWorkItem.cs:50)
0x000001e9aa255e12 (Mono JIT Code) UnityEngine.TestRunner.NUnitExtensions.Runner.CompositeWorkItem/<RunChildren>d__17:MoveNext () (at ./Library/PackageCache/com.unity.test-framework@40e262928427/UnityEngine.TestRunner/NUnitExtensions/Runner/CompositeWorkItem.cs:207)
0x000001e9aa247756 (Mono JIT Code) UnityEngine.TestRunner.NUnitExtensions.Runner.CompositeWorkItem/<PerformWork>d__13:MoveNext () (at ./Library/PackageCache/com.unity.test-framework@40e262928427/UnityEngine.TestRunner/NUnitExtensions/Runner/CompositeWorkItem.cs:82)
0x000001e9aa255e12 (Mono JIT Code) UnityEngine.TestRunner.NUnitExtensions.Runner.CompositeWorkItem/<RunChildren>d__17:MoveNext () (at ./Library/PackageCache/com.unity.test-framework@40e262928427/UnityEngine.TestRunner/NUnitExtensions/Runner/CompositeWorkItem.cs:207)
0x000001e9aa247756 (Mono JIT Code) UnityEngine.TestRunner.NUnitExtensions.Runner.CompositeWorkItem/<PerformWork>d__13:MoveNext () (at ./Library/PackageCache/com.unity.test-framework@40e262928427/UnityEngine.TestRunner/NUnitExtensions/Runner/CompositeWorkItem.cs:82)
0x000001e9aa255e12 (Mono JIT Code) UnityEngine.TestRunner.NUnitExtensions.Runner.CompositeWorkItem/<RunChildren>d__17:MoveNext () (at ./Library/PackageCache/com.unity.test-framework@40e262928427/UnityEngine.TestRunner/NUnitExtensions/Runner/CompositeWorkItem.cs:207)
0x000001e9aa247756 (Mono JIT Code) UnityEngine.TestRunner.NUnitExtensions.Runner.CompositeWorkItem/<PerformWork>d__13:MoveNext () (at ./Library/PackageCache/com.unity.test-framework@40e262928427/UnityEngine.TestRunner/NUnitExtensions/Runner/CompositeWorkItem.cs:82)
0x000001e9aa245fcc (Mono JIT Code) UnityEditor.TestTools.TestRunner.EditModeRunner:MoveNextAndUpdateYieldObject () (at ./Library/PackageCache/com.unity.test-framework@40e262928427/UnityEditor.TestRunner/TestRunner/EditModeRunner.cs:167)
0x000001e9aa245b7b (Mono JIT Code) UnityEditor.TestTools.TestRunner.EditModeRunner:TestConsumer (UnityEditor.TestTools.TestRunner.TestRunnerStateSerializer) (at ./Library/PackageCache/com.unity.test-framework@40e262928427/UnityEditor.TestRunner/TestRunner/EditModeRunner.cs:200)
0x000001e9aa23c173 (Mono JIT Code) UnityEditor.TestTools.TestRunner.TestRun.Tasks.EditModeRunTask/<Execute>d__1:MoveNext () (at ./Library/PackageCache/com.unity.test-framework@40e262928427/UnityEditor.TestRunner/TestRun/Tasks/EditModeRunTask.cs:48)
0x000001e977129d5e (Mono JIT Code) UnityEditor.TestTools.TestRunner.TestRun.TestJobRunner:ExecuteStep () (at ./Library/PackageCache/com.unity.test-framework@40e262928427/UnityEditor.TestRunner/TestRun/TestJobRunner.cs:173)
0x000001e977128953 (Mono JIT Code) UnityEditor.TestTools.TestRunner.TestRun.TestJobRunner:ExecuteCallback () (at ./Library/PackageCache/com.unity.test-framework@40e262928427/UnityEditor.TestRunner/TestRun/TestJobRunner.cs:108)
0x000001e99df821b8 (Mono JIT Code) UnityEditor.EditorApplication:Internal_CallUpdateFunctions ()
0x000001e8e6514785 (Mono JIT Code) (wrapper runtime-invoke) object:runtime_invoke_void (object,intptr,intptr,intptr)
0x00007fff3fd16e7e (mono-2.0-bdwgc) mono_jit_runtime_invoke (at C:/build/output/Unity-Technologies/mono/mono/mini/mini-runtime.c:3445)
0x00007fff3fc58874 (mono-2.0-bdwgc) do_runtime_invoke (at C:/build/output/Unity-Technologies/mono/mono/metadata/object.c:3068)
0x00007fff3fc58960 (mono-2.0-bdwgc) mono_runtime_invoke (at C:/build/output/Unity-Technologies/mono/mono/metadata/object.c:3115)
0x00007fff38e4cea4 (Unity) scripting_method_invoke
0x00007fff38e25433 (Unity) ScriptingInvocation::Invoke
0x00007fff38e20b35 (Unity) ScriptingInvocation::Invoke<void>
0x00007fff38f8b4bb (Unity) Scripting::UnityEditor::EditorApplicationProxy::Internal_CallUpdateFunctions
0x00007fff3a07e0e4 (Unity) SceneTracker::Update
0x00007fff39be1247 (Unity) Application::TickTimer
0x00007fff3a1b25ac (Unity) MainMessageLoop
0x00007fff3a1b9d1c (Unity) UnityMain
0x00007ff68b302f2a (Unity) __scrt_common_main_seh
0x00007fffddade8d7 (KERNEL32) BaseThreadInitThunk
0x00007fffde88c53c (ntdll) RtlUserThreadStart

[MouseTracker] PlayerInputHandler not found. Mouse compensation will be disabled.
0x00007fff38f222ae (Unity) StackWalker::ShowCallstack
0x00007fff38f31ee9 (Unity) PlatformStacktrace::GetStacktrace
0x00007fff3a1ac04e (Unity) Stacktrace::GetStacktrace
0x00007fff3a7859df (Unity) DebugStringToFile
0x00007fff37fd2930 (Unity) DebugLogHandler_CUSTOM_Internal_Log
0x000001e9766cbd3e (Mono JIT Code) (wrapper managed-to-native) UnityEngine.DebugLogHandler:Internal_Log_Injected (UnityEngine.LogType,UnityEngine.LogOption,UnityEngine.Bindings.ManagedSpanWrapper&,intptr)
0x000001e9766cbb43 (Mono JIT Code) UnityEngine.DebugLogHandler:Internal_Log (UnityEngine.LogType,UnityEngine.LogOption,string,UnityEngine.Object)
0x000001e9766cb7fb (Mono JIT Code) UnityEngine.DebugLogHandler:LogFormat (UnityEngine.LogType,UnityEngine.Object,string,object[])
0x000001e9766ca6ae (Mono JIT Code) UnityEngine.Logger:Log (UnityEngine.LogType,object)
0x000001e9aa2b404d (Mono JIT Code) UnityEngine.Debug:LogWarning (object)
0x000001e9aa2b33ab (Mono JIT Code) MouseTracker:Initialize (RecoilSystem) (at C:/Users/Ubuntu/Desktop/_DEV/AFFECT-2025-10-11/Assets/_SCRIPTS/_PLAYER/Recoil/MouseTracker.cs:80)
0x000001e976d36246 (Mono JIT Code) RecoilSystem:InitializeModules () (at C:/Users/Ubuntu/Desktop/_DEV/AFFECT-2025-10-11/Assets/_SCRIPTS/_PLAYER/Recoil/RecoilSystem.cs:203)
0x000001e976d33eb3 (Mono JIT Code) RecoilSystem:Initialize () (at C:/Users/Ubuntu/Desktop/_DEV/AFFECT-2025-10-11/Assets/_SCRIPTS/_PLAYER/Recoil/RecoilSystem.cs:165)
0x000001e976d333a3 (Mono JIT Code) RecoilSystem:ForceInitializeForTesting () (at C:/Users/Ubuntu/Desktop/_DEV/AFFECT-2025-10-11/Assets/_SCRIPTS/_PLAYER/Recoil/RecoilSystem.cs:632)
0x000001e976d3c213 (Mono JIT Code) RecoilSystemProperties:Property13_GracefulModuleDegradation () (at C:/Users/Ubuntu/Desktop/_DEV/AFFECT-2025-10-11/Assets/_SCRIPTS/Editor/Properties/RecoilSystemProperties.cs:269)
0x000001e9aa264548 (Mono JIT Code) (wrapper runtime-invoke) object:runtime_invoke_void__this__ (object,intptr,intptr,intptr)
0x00007fff3fd16e7e (mono-2.0-bdwgc) mono_jit_runtime_invoke (at C:/build/output/Unity-Technologies/mono/mono/mini/mini-runtime.c:3445)
0x00007fff3fc58874 (mono-2.0-bdwgc) do_runtime_invoke (at C:/build/output/Unity-Technologies/mono/mono/metadata/object.c:3068)
0x00007fff3fc5f926 (mono-2.0-bdwgc) mono_runtime_try_invoke_array (at C:/build/output/Unity-Technologies/mono/mono/metadata/object.c:5774)
0x00007fff3fb91b81 (mono-2.0-bdwgc) ves_icall_InternalInvoke (at C:/build/output/Unity-Technologies/mono/mono/metadata/icall.c:4038)
0x00007fff3fbb7e31 (mono-2.0-bdwgc) ves_icall_InternalInvoke_raw (at C:/build/output/Unity-Technologies/mono/mono/metadata/icall-def.h:692)
0x000001e8e22b0f92 (Mono JIT Code) (wrapper managed-to-native) System.Reflection.RuntimeMethodInfo:InternalInvoke (System.Reflection.RuntimeMethodInfo,object,object[],System.Exception&)
0x000001e8e3c7ea73 (Mono JIT Code) System.Reflection.RuntimeMethodInfo:Invoke (object,System.Reflection.BindingFlags,System.Reflection.Binder,object[],System.Globalization.CultureInfo)
0x000001e8db9555ef (Mono JIT Code) System.Reflection.MethodBase:Invoke (object,object[])
0x000001e9aa26e783 (Mono JIT Code) NUnit.Framework.Internal.Reflect:InvokeMethod (System.Reflection.MethodInfo,object,object[])
0x000001e9aa2760ab (Mono JIT Code) NUnit.Framework.Internal.MethodWrapper:Invoke (object,object[])
0x000001e9aa275f8a (Mono JIT Code) NUnit.Framework.Internal.Commands.TestMethodCommand:RunNonAsyncTestMethod (NUnit.Framework.Internal.ITestExecutionContext)
0x000001e9aa275dd3 (Mono JIT Code) NUnit.Framework.Internal.Commands.TestMethodCommand:RunTestMethod (NUnit.Framework.Internal.ITestExecutionContext)
0x000001e9aa275973 (Mono JIT Code) NUnit.Framework.Internal.Commands.TestMethodCommand:Execute (NUnit.Framework.Internal.ITestExecutionContext)
0x000001e9aa27556b (Mono JIT Code) UnityEngine.TestTools.UnityTestMethodCommand:Execute (NUnit.Framework.Internal.ITestExecutionContext) (at ./Library/PackageCache/com.unity.test-framework@40e262928427/UnityEngine.TestRunner/NUnitExtensions/Commands/UnityTestMethodCommand.cs:19)
0x000001e9aa2752fb (Mono JIT Code) UnityEngine.TestRunner.NUnitExtensions.Runner.UnityLogCheckDelegatingCommand/<>c__DisplayClass2_0:<Execute>b__0 () (at ./Library/PackageCache/com.unity.test-framework@40e262928427/UnityEngine.TestRunner/NUnitExtensions/Runner/UnityLogCheckDelegatingCommand.cs:24)
0x000001e9aa275123 (Mono JIT Code) UnityEngine.TestRunner.NUnitExtensions.Runner.UnityLogCheckDelegatingCommand:CaptureException (NUnit.Framework.Internal.TestResult,System.Action) (at ./Library/PackageCache/com.unity.test-framework@40e262928427/UnityEngine.TestRunner/NUnitExtensions/Runner/UnityLogCheckDelegatingCommand.cs:72)
0x000001e9aa274fb3 (Mono JIT Code) UnityEngine.TestRunner.NUnitExtensions.Runner.UnityLogCheckDelegatingCommand:ExecuteAndCheckLog (UnityEngine.TestTools.Logging.LogScope,NUnit.Framework.Internal.TestResult,System.Action) (at ./Library/PackageCache/com.unity.test-framework@40e262928427/UnityEngine.TestRunner/NUnitExtensions/Runner/UnityLogCheckDelegatingCommand.cs:83)
0x000001e9aa274c3b (Mono JIT Code) UnityEngine.TestRunner.NUnitExtensions.Runner.UnityLogCheckDelegatingCommand:Execute (NUnit.Framework.Internal.ITestExecutionContext) (at ./Library/PackageCache/com.unity.test-framework@40e262928427/UnityEngine.TestRunner/NUnitExtensions/Runner/UnityLogCheckDelegatingCommand.cs:24)
0x000001e9aa273c19 (Mono JIT Code) UnityEngine.TestRunner.NUnitExtensions.Runner.UnityLogCheckDelegatingCommand/<ExecuteEnumerable>d__3:MoveNext () (at ./Library/PackageCache/com.unity.test-framework@40e262928427/UnityEngine.TestRunner/NUnitExtensions/Runner/UnityLogCheckDelegatingCommand.cs:35)
0x000001e9aa251e01 (Mono JIT Code) UnityEngine.TestTools.BeforeAfterTestCommandBase`1/<ExecuteEnumerable>d__16<T_REF>:MoveNext () (at ./Library/PackageCache/com.unity.test-framework@40e262928427/UnityEngine.TestRunner/NUnitExtensions/Commands/BeforeAfterTestCommandBase.cs:212)
0x000001e9aa272fb6 (Mono JIT Code) UnityEngine.TestTools.ImmediateEnumerableCommand:Execute (NUnit.Framework.Internal.ITestExecutionContext) (at ./Library/PackageCache/com.unity.test-framework@40e262928427/UnityEngine.TestRunner/NUnitExtensions/Commands/ImmediateEnumerableCommand.cs:18)
0x000001e9aa251f01 (Mono JIT Code) UnityEngine.TestTools.BeforeAfterTestCommandBase`1/<ExecuteEnumerable>d__16<T_REF>:MoveNext () (at ./Library/PackageCache/com.unity.test-framework@40e262928427/UnityEngine.TestRunner/NUnitExtensions/Commands/BeforeAfterTestCommandBase.cs:219)
0x000001e9aa251e01 (Mono JIT Code) UnityEngine.TestTools.BeforeAfterTestCommandBase`1/<ExecuteEnumerable>d__16<T_REF>:MoveNext () (at ./Library/PackageCache/com.unity.test-framework@40e262928427/UnityEngine.TestRunner/NUnitExtensions/Commands/BeforeAfterTestCommandBase.cs:212)
0x000001e9aa251e01 (Mono JIT Code) UnityEngine.TestTools.BeforeAfterTestCommandBase`1/<ExecuteEnumerable>d__16<T_REF>:MoveNext () (at ./Library/PackageCache/com.unity.test-framework@40e262928427/UnityEngine.TestRunner/NUnitExtensions/Commands/BeforeAfterTestCommandBase.cs:212)
0x000001e9aa26b457 (Mono JIT Code) UnityEngine.TestTools.RetryCommand/<ExecuteEnumerable>d__2:MoveNext () (at ./Library/PackageCache/com.unity.test-framework@40e262928427/UnityEngine.TestRunner/NUnitExtensions/Commands/RetryCommand.cs:37)
0x000001e9aa269f2f (Mono JIT Code) UnityEngine.TestTools.RepeatCommand/<ExecuteEnumerable>d__2:MoveNext () (at ./Library/PackageCache/com.unity.test-framework@40e262928427/UnityEngine.TestRunner/NUnitExtensions/Commands/RepeatCommand.cs:36)
0x000001e9aa268fa6 (Mono JIT Code) UnityEngine.TestTools.IgnoreTestCommand/<ExecuteEnumerable>d__3:MoveNext () (at ./Library/PackageCache/com.unity.test-framework@40e262928427/UnityEngine.TestRunner/NUnitExtensions/Commands/IgnoreTestCommand.cs:42)
0x000001e9aa267c7f (Mono JIT Code) UnityEngine.TestTools.StrictCheckCommand/<ExecuteEnumerable>d__2:MoveNext () (at ./Library/PackageCache/com.unity.test-framework@40e262928427/UnityEngine.TestRunner/NUnitExtensions/Commands/StrictCheckCommand.cs:29)
0x000001e9aa266fe1 (Mono JIT Code) UnityEngine.TestRunner.NUnitExtensions.Runner.DefaultTestWorkItem/<PerformWork>d__2:MoveNext () (at ./Library/PackageCache/com.unity.test-framework@40e262928427/UnityEngine.TestRunner/NUnitExtensions/Runner/DefaultTestWorkItem.cs:50)
0x000001e9aa255e12 (Mono JIT Code) UnityEngine.TestRunner.NUnitExtensions.Runner.CompositeWorkItem/<RunChildren>d__17:MoveNext () (at ./Library/PackageCache/com.unity.test-framework@40e262928427/UnityEngine.TestRunner/NUnitExtensions/Runner/CompositeWorkItem.cs:207)
0x000001e9aa247756 (Mono JIT Code) UnityEngine.TestRunner.NUnitExtensions.Runner.CompositeWorkItem/<PerformWork>d__13:MoveNext () (at ./Library/PackageCache/com.unity.test-framework@40e262928427/UnityEngine.TestRunner/NUnitExtensions/Runner/CompositeWorkItem.cs:82)
0x000001e9aa255e12 (Mono JIT Code) UnityEngine.TestRunner.NUnitExtensions.Runner.CompositeWorkItem/<RunChildren>d__17:MoveNext () (at ./Library/PackageCache/com.unity.test-framework@40e262928427/UnityEngine.TestRunner/NUnitExtensions/Runner/CompositeWorkItem.cs:207)
0x000001e9aa247756 (Mono JIT Code) UnityEngine.TestRunner.NUnitExtensions.Runner.CompositeWorkItem/<PerformWork>d__13:MoveNext () (at ./Library/PackageCache/com.unity.test-framework@40e262928427/UnityEngine.TestRunner/NUnitExtensions/Runner/CompositeWorkItem.cs:82)
0x000001e9aa255e12 (Mono JIT Code) UnityEngine.TestRunner.NUnitExtensions.Runner.CompositeWorkItem/<RunChildren>d__17:MoveNext () (at ./Library/PackageCache/com.unity.test-framework@40e262928427/UnityEngine.TestRunner/NUnitExtensions/Runner/CompositeWorkItem.cs:207)
0x000001e9aa247756 (Mono JIT Code) UnityEngine.TestRunner.NUnitExtensions.Runner.CompositeWorkItem/<PerformWork>d__13:MoveNext () (at ./Library/PackageCache/com.unity.test-framework@40e262928427/UnityEngine.TestRunner/NUnitExtensions/Runner/CompositeWorkItem.cs:82)
0x000001e9aa245fcc (Mono JIT Code) UnityEditor.TestTools.TestRunner.EditModeRunner:MoveNextAndUpdateYieldObject () (at ./Library/PackageCache/com.unity.test-framework@40e262928427/UnityEditor.TestRunner/TestRunner/EditModeRunner.cs:167)
0x000001e9aa245b7b (Mono JIT Code) UnityEditor.TestTools.TestRunner.EditModeRunner:TestConsumer (UnityEditor.TestTools.TestRunner.TestRunnerStateSerializer) (at ./Library/PackageCache/com.unity.test-framework@40e262928427/UnityEditor.TestRunner/TestRunner/EditModeRunner.cs:200)
0x000001e9aa23c173 (Mono JIT Code) UnityEditor.TestTools.TestRunner.TestRun.Tasks.EditModeRunTask/<Execute>d__1:MoveNext () (at ./Library/PackageCache/com.unity.test-framework@40e262928427/UnityEditor.TestRunner/TestRun/Tasks/EditModeRunTask.cs:48)
0x000001e977129d5e (Mono JIT Code) UnityEditor.TestTools.TestRunner.TestRun.TestJobRunner:ExecuteStep () (at ./Library/PackageCache/com.unity.test-framework@40e262928427/UnityEditor.TestRunner/TestRun/TestJobRunner.cs:173)
0x000001e977128953 (Mono JIT Code) UnityEditor.TestTools.TestRunner.TestRun.TestJobRunner:ExecuteCallback () (at ./Library/PackageCache/com.unity.test-framework@40e262928427/UnityEditor.TestRunner/TestRun/TestJobRunner.cs:108)
0x000001e99df821b8 (Mono JIT Code) UnityEditor.EditorApplication:Internal_CallUpdateFunctions ()
0x000001e8e6514785 (Mono JIT Code) (wrapper runtime-invoke) object:runtime_invoke_void (object,intptr,intptr,intptr)
0x00007fff3fd16e7e (mono-2.0-bdwgc) mono_jit_runtime_invoke (at C:/build/output/Unity-Technologies/mono/mono/mini/mini-runtime.c:3445)
0x00007fff3fc58874 (mono-2.0-bdwgc) do_runtime_invoke (at C:/build/output/Unity-Technologies/mono/mono/metadata/object.c:3068)
0x00007fff3fc58960 (mono-2.0-bdwgc) mono_runtime_invoke (at C:/build/output/Unity-Technologies/mono/mono/metadata/object.c:3115)
0x00007fff38e4cea4 (Unity) scripting_method_invoke
0x00007fff38e25433 (Unity) ScriptingInvocation::Invoke
0x00007fff38e20b35 (Unity) ScriptingInvocation::Invoke<void>
0x00007fff38f8b4bb (Unity) Scripting::UnityEditor::EditorApplicationProxy::Internal_CallUpdateFunctions
0x00007fff3a07e0e4 (Unity) SceneTracker::Update
0x00007fff39be1247 (Unity) Application::TickTimer
0x00007fff3a1b25ac (Unity) MainMessageLoop
0x00007fff3a1b9d1c (Unity) UnityMain
0x00007ff68b302f2a (Unity) __scrt_common_main_seh
0x00007fffddade8d7 (KERNEL32) BaseThreadInitThunk
0x00007fffde88c53c (ntdll) RtlUserThreadStart

[RecoilConfiguration] Empty or null JSON provided, returning default configuration.
0x00007fff38f222ae (Unity) StackWalker::ShowCallstack
0x00007fff38f31ee9 (Unity) PlatformStacktrace::GetStacktrace
0x00007fff3a1ac04e (Unity) Stacktrace::GetStacktrace
0x00007fff3a7859df (Unity) DebugStringToFile
0x00007fff37fd2930 (Unity) DebugLogHandler_CUSTOM_Internal_Log
0x000001e9766cbd3e (Mono JIT Code) (wrapper managed-to-native) UnityEngine.DebugLogHandler:Internal_Log_Injected (UnityEngine.LogType,UnityEngine.LogOption,UnityEngine.Bindings.ManagedSpanWrapper&,intptr)
0x000001e9766cbb43 (Mono JIT Code) UnityEngine.DebugLogHandler:Internal_Log (UnityEngine.LogType,UnityEngine.LogOption,string,UnityEngine.Object)
0x000001e9766cb7fb (Mono JIT Code) UnityEngine.DebugLogHandler:LogFormat (UnityEngine.LogType,UnityEngine.Object,string,object[])
0x000001e9766ca6ae (Mono JIT Code) UnityEngine.Logger:Log (UnityEngine.LogType,object)
0x000001e9aa2b404d (Mono JIT Code) UnityEngine.Debug:LogWarning (object)
0x000001e976d477fb (Mono JIT Code) RecoilConfiguration:FromJson (string) (at C:/Users/Ubuntu/Desktop/_DEV/AFFECT-2025-10-11/Assets/_SCRIPTS/_PLAYER/Recoil/RecoilConfiguration.cs:136)
0x000001e976d4812b (Mono JIT Code) SerializationProperties:Property16_InvalidJsonReturnsDefaultConfiguration () (at C:/Users/Ubuntu/Desktop/_DEV/AFFECT-2025-10-11/Assets/_SCRIPTS/Editor/SerializationProperties.cs:87)
0x000001e9aa264548 (Mono JIT Code) (wrapper runtime-invoke) object:runtime_invoke_void__this__ (object,intptr,intptr,intptr)
0x00007fff3fd16e7e (mono-2.0-bdwgc) mono_jit_runtime_invoke (at C:/build/output/Unity-Technologies/mono/mono/mini/mini-runtime.c:3445)
0x00007fff3fc58874 (mono-2.0-bdwgc) do_runtime_invoke (at C:/build/output/Unity-Technologies/mono/mono/metadata/object.c:3068)
0x00007fff3fc5f926 (mono-2.0-bdwgc) mono_runtime_try_invoke_array (at C:/build/output/Unity-Technologies/mono/mono/metadata/object.c:5774)
0x00007fff3fb91b81 (mono-2.0-bdwgc) ves_icall_InternalInvoke (at C:/build/output/Unity-Technologies/mono/mono/metadata/icall.c:4038)
0x00007fff3fbb7e31 (mono-2.0-bdwgc) ves_icall_InternalInvoke_raw (at C:/build/output/Unity-Technologies/mono/mono/metadata/icall-def.h:692)
0x000001e8e22b0f92 (Mono JIT Code) (wrapper managed-to-native) System.Reflection.RuntimeMethodInfo:InternalInvoke (System.Reflection.RuntimeMethodInfo,object,object[],System.Exception&)
0x000001e8e3c7ea73 (Mono JIT Code) System.Reflection.RuntimeMethodInfo:Invoke (object,System.Reflection.BindingFlags,System.Reflection.Binder,object[],System.Globalization.CultureInfo)
0x000001e8db9555ef (Mono JIT Code) System.Reflection.MethodBase:Invoke (object,object[])
0x000001e9aa26e783 (Mono JIT Code) NUnit.Framework.Internal.Reflect:InvokeMethod (System.Reflection.MethodInfo,object,object[])
0x000001e9aa2760ab (Mono JIT Code) NUnit.Framework.Internal.MethodWrapper:Invoke (object,object[])
0x000001e9aa275f8a (Mono JIT Code) NUnit.Framework.Internal.Commands.TestMethodCommand:RunNonAsyncTestMethod (NUnit.Framework.Internal.ITestExecutionContext)
0x000001e9aa275dd3 (Mono JIT Code) NUnit.Framework.Internal.Commands.TestMethodCommand:RunTestMethod (NUnit.Framework.Internal.ITestExecutionContext)
0x000001e9aa275973 (Mono JIT Code) NUnit.Framework.Internal.Commands.TestMethodCommand:Execute (NUnit.Framework.Internal.ITestExecutionContext)
0x000001e9aa27556b (Mono JIT Code) UnityEngine.TestTools.UnityTestMethodCommand:Execute (NUnit.Framework.Internal.ITestExecutionContext) (at ./Library/PackageCache/com.unity.test-framework@40e262928427/UnityEngine.TestRunner/NUnitExtensions/Commands/UnityTestMethodCommand.cs:19)
0x000001e9aa2752fb (Mono JIT Code) UnityEngine.TestRunner.NUnitExtensions.Runner.UnityLogCheckDelegatingCommand/<>c__DisplayClass2_0:<Execute>b__0 () (at ./Library/PackageCache/com.unity.test-framework@40e262928427/UnityEngine.TestRunner/NUnitExtensions/Runner/UnityLogCheckDelegatingCommand.cs:24)
0x000001e9aa275123 (Mono JIT Code) UnityEngine.TestRunner.NUnitExtensions.Runner.UnityLogCheckDelegatingCommand:CaptureException (NUnit.Framework.Internal.TestResult,System.Action) (at ./Library/PackageCache/com.unity.test-framework@40e262928427/UnityEngine.TestRunner/NUnitExtensions/Runner/UnityLogCheckDelegatingCommand.cs:72)
0x000001e9aa274fb3 (Mono JIT Code) UnityEngine.TestRunner.NUnitExtensions.Runner.UnityLogCheckDelegatingCommand:ExecuteAndCheckLog (UnityEngine.TestTools.Logging.LogScope,NUnit.Framework.Internal.TestResult,System.Action) (at ./Library/PackageCache/com.unity.test-framework@40e262928427/UnityEngine.TestRunner/NUnitExtensions/Runner/UnityLogCheckDelegatingCommand.cs:83)
0x000001e9aa274c3b (Mono JIT Code) UnityEngine.TestRunner.NUnitExtensions.Runner.UnityLogCheckDelegatingCommand:Execute (NUnit.Framework.Internal.ITestExecutionContext) (at ./Library/PackageCache/com.unity.test-framework@40e262928427/UnityEngine.TestRunner/NUnitExtensions/Runner/UnityLogCheckDelegatingCommand.cs:24)
0x000001e9aa273c19 (Mono JIT Code) UnityEngine.TestRunner.NUnitExtensions.Runner.UnityLogCheckDelegatingCommand/<ExecuteEnumerable>d__3:MoveNext () (at ./Library/PackageCache/com.unity.test-framework@40e262928427/UnityEngine.TestRunner/NUnitExtensions/Runner/UnityLogCheckDelegatingCommand.cs:35)
0x000001e9aa251e01 (Mono JIT Code) UnityEngine.TestTools.BeforeAfterTestCommandBase`1/<ExecuteEnumerable>d__16<T_REF>:MoveNext () (at ./Library/PackageCache/com.unity.test-framework@40e262928427/UnityEngine.TestRunner/NUnitExtensions/Commands/BeforeAfterTestCommandBase.cs:212)
0x000001e9aa272fb6 (Mono JIT Code) UnityEngine.TestTools.ImmediateEnumerableCommand:Execute (NUnit.Framework.Internal.ITestExecutionContext) (at ./Library/PackageCache/com.unity.test-framework@40e262928427/UnityEngine.TestRunner/NUnitExtensions/Commands/ImmediateEnumerableCommand.cs:18)
0x000001e9aa251f01 (Mono JIT Code) UnityEngine.TestTools.BeforeAfterTestCommandBase`1/<ExecuteEnumerable>d__16<T_REF>:MoveNext () (at ./Library/PackageCache/com.unity.test-framework@40e262928427/UnityEngine.TestRunner/NUnitExtensions/Commands/BeforeAfterTestCommandBase.cs:219)
0x000001e9aa251e01 (Mono JIT Code) UnityEngine.TestTools.BeforeAfterTestCommandBase`1/<ExecuteEnumerable>d__16<T_REF>:MoveNext () (at ./Library/PackageCache/com.unity.test-framework@40e262928427/UnityEngine.TestRunner/NUnitExtensions/Commands/BeforeAfterTestCommandBase.cs:212)
0x000001e9aa251e01 (Mono JIT Code) UnityEngine.TestTools.BeforeAfterTestCommandBase`1/<ExecuteEnumerable>d__16<T_REF>:MoveNext () (at ./Library/PackageCache/com.unity.test-framework@40e262928427/UnityEngine.TestRunner/NUnitExtensions/Commands/BeforeAfterTestCommandBase.cs:212)
0x000001e9aa26b457 (Mono JIT Code) UnityEngine.TestTools.RetryCommand/<ExecuteEnumerable>d__2:MoveNext () (at ./Library/PackageCache/com.unity.test-framework@40e262928427/UnityEngine.TestRunner/NUnitExtensions/Commands/RetryCommand.cs:37)
0x000001e9aa269f2f (Mono JIT Code) UnityEngine.TestTools.RepeatCommand/<ExecuteEnumerable>d__2:MoveNext () (at ./Library/PackageCache/com.unity.test-framework@40e262928427/UnityEngine.TestRunner/NUnitExtensions/Commands/RepeatCommand.cs:36)
0x000001e9aa268fa6 (Mono JIT Code) UnityEngine.TestTools.IgnoreTestCommand/<ExecuteEnumerable>d__3:MoveNext () (at ./Library/PackageCache/com.unity.test-framework@40e262928427/UnityEngine.TestRunner/NUnitExtensions/Commands/IgnoreTestCommand.cs:42)
0x000001e9aa267c7f (Mono JIT Code) UnityEngine.TestTools.StrictCheckCommand/<ExecuteEnumerable>d__2:MoveNext () (at ./Library/PackageCache/com.unity.test-framework@40e262928427/UnityEngine.TestRunner/NUnitExtensions/Commands/StrictCheckCommand.cs:29)
0x000001e9aa266fe1 (Mono JIT Code) UnityEngine.TestRunner.NUnitExtensions.Runner.DefaultTestWorkItem/<PerformWork>d__2:MoveNext () (at ./Library/PackageCache/com.unity.test-framework@40e262928427/UnityEngine.TestRunner/NUnitExtensions/Runner/DefaultTestWorkItem.cs:50)
0x000001e9aa255e12 (Mono JIT Code) UnityEngine.TestRunner.NUnitExtensions.Runner.CompositeWorkItem/<RunChildren>d__17:MoveNext () (at ./Library/PackageCache/com.unity.test-framework@40e262928427/UnityEngine.TestRunner/NUnitExtensions/Runner/CompositeWorkItem.cs:207)
0x000001e9aa247756 (Mono JIT Code) UnityEngine.TestRunner.NUnitExtensions.Runner.CompositeWorkItem/<PerformWork>d__13:MoveNext () (at ./Library/PackageCache/com.unity.test-framework@40e262928427/UnityEngine.TestRunner/NUnitExtensions/Runner/CompositeWorkItem.cs:82)
0x000001e9aa255e12 (Mono JIT Code) UnityEngine.TestRunner.NUnitExtensions.Runner.CompositeWorkItem/<RunChildren>d__17:MoveNext () (at ./Library/PackageCache/com.unity.test-framework@40e262928427/UnityEngine.TestRunner/NUnitExtensions/Runner/CompositeWorkItem.cs:207)
0x000001e9aa247756 (Mono JIT Code) UnityEngine.TestRunner.NUnitExtensions.Runner.CompositeWorkItem/<PerformWork>d__13:MoveNext () (at ./Library/PackageCache/com.unity.test-framework@40e262928427/UnityEngine.TestRunner/NUnitExtensions/Runner/CompositeWorkItem.cs:82)
0x000001e9aa255e12 (Mono JIT Code) UnityEngine.TestRunner.NUnitExtensions.Runner.CompositeWorkItem/<RunChildren>d__17:MoveNext () (at ./Library/PackageCache/com.unity.test-framework@40e262928427/UnityEngine.TestRunner/NUnitExtensions/Runner/CompositeWorkItem.cs:207)
0x000001e9aa247756 (Mono JIT Code) UnityEngine.TestRunner.NUnitExtensions.Runner.CompositeWorkItem/<PerformWork>d__13:MoveNext () (at ./Library/PackageCache/com.unity.test-framework@40e262928427/UnityEngine.TestRunner/NUnitExtensions/Runner/CompositeWorkItem.cs:82)
0x000001e9aa245fcc (Mono JIT Code) UnityEditor.TestTools.TestRunner.EditModeRunner:MoveNextAndUpdateYieldObject () (at ./Library/PackageCache/com.unity.test-framework@40e262928427/UnityEditor.TestRunner/TestRunner/EditModeRunner.cs:167)
0x000001e9aa245b7b (Mono JIT Code) UnityEditor.TestTools.TestRunner.EditModeRunner:TestConsumer (UnityEditor.TestTools.TestRunner.TestRunnerStateSerializer) (at ./Library/PackageCache/com.unity.test-framework@40e262928427/UnityEditor.TestRunner/TestRunner/EditModeRunner.cs:200)
0x000001e9aa23c173 (Mono JIT Code) UnityEditor.TestTools.TestRunner.TestRun.Tasks.EditModeRunTask/<Execute>d__1:MoveNext () (at ./Library/PackageCache/com.unity.test-framework@40e262928427/UnityEditor.TestRunner/TestRun/Tasks/EditModeRunTask.cs:48)
0x000001e977129d5e (Mono JIT Code) UnityEditor.TestTools.TestRunner.TestRun.TestJobRunner:ExecuteStep () (at ./Library/PackageCache/com.unity.test-framework@40e262928427/UnityEditor.TestRunner/TestRun/TestJobRunner.cs:173)
0x000001e977128953 (Mono JIT Code) UnityEditor.TestTools.TestRunner.TestRun.TestJobRunner:ExecuteCallback () (at ./Library/PackageCache/com.unity.test-framework@40e262928427/UnityEditor.TestRunner/TestRun/TestJobRunner.cs:108)
0x000001e99df821b8 (Mono JIT Code) UnityEditor.EditorApplication:Internal_CallUpdateFunctions ()
0x000001e8e6514785 (Mono JIT Code) (wrapper runtime-invoke) object:runtime_invoke_void (object,intptr,intptr,intptr)
0x00007fff3fd16e7e (mono-2.0-bdwgc) mono_jit_runtime_invoke (at C:/build/output/Unity-Technologies/mono/mono/mini/mini-runtime.c:3445)
0x00007fff3fc58874 (mono-2.0-bdwgc) do_runtime_invoke (at C:/build/output/Unity-Technologies/mono/mono/metadata/object.c:3068)
0x00007fff3fc58960 (mono-2.0-bdwgc) mono_runtime_invoke (at C:/build/output/Unity-Technologies/mono/mono/metadata/object.c:3115)
0x00007fff38e4cea4 (Unity) scripting_method_invoke
0x00007fff38e25433 (Unity) ScriptingInvocation::Invoke
0x00007fff38e20b35 (Unity) ScriptingInvocation::Invoke<void>
0x00007fff38f8b4bb (Unity) Scripting::UnityEditor::EditorApplicationProxy::Internal_CallUpdateFunctions
0x00007fff3a07e0e4 (Unity) SceneTracker::Update
0x00007fff39be1247 (Unity) Application::TickTimer
0x00007fff3a1b25ac (Unity) MainMessageLoop
0x00007fff3a1b9d1c (Unity) UnityMain
0x00007ff68b302f2a (Unity) __scrt_common_main_seh
0x00007fffddade8d7 (KERNEL32) BaseThreadInitThunk
0x00007fffde88c53c (ntdll) RtlUserThreadStart

[RecoilConfiguration] Empty or null JSON provided, returning default configuration.
0x00007fff38f222ae (Unity) StackWalker::ShowCallstack
0x00007fff38f31ee9 (Unity) PlatformStacktrace::GetStacktrace
0x00007fff3a1ac04e (Unity) Stacktrace::GetStacktrace
0x00007fff3a7859df (Unity) DebugStringToFile
0x00007fff37fd2930 (Unity) DebugLogHandler_CUSTOM_Internal_Log
0x000001e9766cbd3e (Mono JIT Code) (wrapper managed-to-native) UnityEngine.DebugLogHandler:Internal_Log_Injected (UnityEngine.LogType,UnityEngine.LogOption,UnityEngine.Bindings.ManagedSpanWrapper&,intptr)
0x000001e9766cbb43 (Mono JIT Code) UnityEngine.DebugLogHandler:Internal_Log (UnityEngine.LogType,UnityEngine.LogOption,string,UnityEngine.Object)
0x000001e9766cb7fb (Mono JIT Code) UnityEngine.DebugLogHandler:LogFormat (UnityEngine.LogType,UnityEngine.Object,string,object[])
0x000001e9766ca6ae (Mono JIT Code) UnityEngine.Logger:Log (UnityEngine.LogType,object)
0x000001e9aa2b404d (Mono JIT Code) UnityEngine.Debug:LogWarning (object)
0x000001e976d477fb (Mono JIT Code) RecoilConfiguration:FromJson (string) (at C:/Users/Ubuntu/Desktop/_DEV/AFFECT-2025-10-11/Assets/_SCRIPTS/_PLAYER/Recoil/RecoilConfiguration.cs:136)
0x000001e976d4812b (Mono JIT Code) SerializationProperties:Property16_InvalidJsonReturnsDefaultConfiguration () (at C:/Users/Ubuntu/Desktop/_DEV/AFFECT-2025-10-11/Assets/_SCRIPTS/Editor/SerializationProperties.cs:87)
0x000001e9aa264548 (Mono JIT Code) (wrapper runtime-invoke) object:runtime_invoke_void__this__ (object,intptr,intptr,intptr)
0x00007fff3fd16e7e (mono-2.0-bdwgc) mono_jit_runtime_invoke (at C:/build/output/Unity-Technologies/mono/mono/mini/mini-runtime.c:3445)
0x00007fff3fc58874 (mono-2.0-bdwgc) do_runtime_invoke (at C:/build/output/Unity-Technologies/mono/mono/metadata/object.c:3068)
0x00007fff3fc5f926 (mono-2.0-bdwgc) mono_runtime_try_invoke_array (at C:/build/output/Unity-Technologies/mono/mono/metadata/object.c:5774)
0x00007fff3fb91b81 (mono-2.0-bdwgc) ves_icall_InternalInvoke (at C:/build/output/Unity-Technologies/mono/mono/metadata/icall.c:4038)
0x00007fff3fbb7e31 (mono-2.0-bdwgc) ves_icall_InternalInvoke_raw (at C:/build/output/Unity-Technologies/mono/mono/metadata/icall-def.h:692)
0x000001e8e22b0f92 (Mono JIT Code) (wrapper managed-to-native) System.Reflection.RuntimeMethodInfo:InternalInvoke (System.Reflection.RuntimeMethodInfo,object,object[],System.Exception&)
0x000001e8e3c7ea73 (Mono JIT Code) System.Reflection.RuntimeMethodInfo:Invoke (object,System.Reflection.BindingFlags,System.Reflection.Binder,object[],System.Globalization.CultureInfo)
0x000001e8db9555ef (Mono JIT Code) System.Reflection.MethodBase:Invoke (object,object[])
0x000001e9aa26e783 (Mono JIT Code) NUnit.Framework.Internal.Reflect:InvokeMethod (System.Reflection.MethodInfo,object,object[])
0x000001e9aa2760ab (Mono JIT Code) NUnit.Framework.Internal.MethodWrapper:Invoke (object,object[])
0x000001e9aa275f8a (Mono JIT Code) NUnit.Framework.Internal.Commands.TestMethodCommand:RunNonAsyncTestMethod (NUnit.Framework.Internal.ITestExecutionContext)
0x000001e9aa275dd3 (Mono JIT Code) NUnit.Framework.Internal.Commands.TestMethodCommand:RunTestMethod (NUnit.Framework.Internal.ITestExecutionContext)
0x000001e9aa275973 (Mono JIT Code) NUnit.Framework.Internal.Commands.TestMethodCommand:Execute (NUnit.Framework.Internal.ITestExecutionContext)
0x000001e9aa27556b (Mono JIT Code) UnityEngine.TestTools.UnityTestMethodCommand:Execute (NUnit.Framework.Internal.ITestExecutionContext) (at ./Library/PackageCache/com.unity.test-framework@40e262928427/UnityEngine.TestRunner/NUnitExtensions/Commands/UnityTestMethodCommand.cs:19)
0x000001e9aa2752fb (Mono JIT Code) UnityEngine.TestRunner.NUnitExtensions.Runner.UnityLogCheckDelegatingCommand/<>c__DisplayClass2_0:<Execute>b__0 () (at ./Library/PackageCache/com.unity.test-framework@40e262928427/UnityEngine.TestRunner/NUnitExtensions/Runner/UnityLogCheckDelegatingCommand.cs:24)
0x000001e9aa275123 (Mono JIT Code) UnityEngine.TestRunner.NUnitExtensions.Runner.UnityLogCheckDelegatingCommand:CaptureException (NUnit.Framework.Internal.TestResult,System.Action) (at ./Library/PackageCache/com.unity.test-framework@40e262928427/UnityEngine.TestRunner/NUnitExtensions/Runner/UnityLogCheckDelegatingCommand.cs:72)
0x000001e9aa274fb3 (Mono JIT Code) UnityEngine.TestRunner.NUnitExtensions.Runner.UnityLogCheckDelegatingCommand:ExecuteAndCheckLog (UnityEngine.TestTools.Logging.LogScope,NUnit.Framework.Internal.TestResult,System.Action) (at ./Library/PackageCache/com.unity.test-framework@40e262928427/UnityEngine.TestRunner/NUnitExtensions/Runner/UnityLogCheckDelegatingCommand.cs:83)
0x000001e9aa274c3b (Mono JIT Code) UnityEngine.TestRunner.NUnitExtensions.Runner.UnityLogCheckDelegatingCommand:Execute (NUnit.Framework.Internal.ITestExecutionContext) (at ./Library/PackageCache/com.unity.test-framework@40e262928427/UnityEngine.TestRunner/NUnitExtensions/Runner/UnityLogCheckDelegatingCommand.cs:24)
0x000001e9aa273c19 (Mono JIT Code) UnityEngine.TestRunner.NUnitExtensions.Runner.UnityLogCheckDelegatingCommand/<ExecuteEnumerable>d__3:MoveNext () (at ./Library/PackageCache/com.unity.test-framework@40e262928427/UnityEngine.TestRunner/NUnitExtensions/Runner/UnityLogCheckDelegatingCommand.cs:35)
0x000001e9aa251e01 (Mono JIT Code) UnityEngine.TestTools.BeforeAfterTestCommandBase`1/<ExecuteEnumerable>d__16<T_REF>:MoveNext () (at ./Library/PackageCache/com.unity.test-framework@40e262928427/UnityEngine.TestRunner/NUnitExtensions/Commands/BeforeAfterTestCommandBase.cs:212)
0x000001e9aa272fb6 (Mono JIT Code) UnityEngine.TestTools.ImmediateEnumerableCommand:Execute (NUnit.Framework.Internal.ITestExecutionContext) (at ./Library/PackageCache/com.unity.test-framework@40e262928427/UnityEngine.TestRunner/NUnitExtensions/Commands/ImmediateEnumerableCommand.cs:18)
0x000001e9aa251f01 (Mono JIT Code) UnityEngine.TestTools.BeforeAfterTestCommandBase`1/<ExecuteEnumerable>d__16<T_REF>:MoveNext () (at ./Library/PackageCache/com.unity.test-framework@40e262928427/UnityEngine.TestRunner/NUnitExtensions/Commands/BeforeAfterTestCommandBase.cs:219)
0x000001e9aa251e01 (Mono JIT Code) UnityEngine.TestTools.BeforeAfterTestCommandBase`1/<ExecuteEnumerable>d__16<T_REF>:MoveNext () (at ./Library/PackageCache/com.unity.test-framework@40e262928427/UnityEngine.TestRunner/NUnitExtensions/Commands/BeforeAfterTestCommandBase.cs:212)
0x000001e9aa251e01 (Mono JIT Code) UnityEngine.TestTools.BeforeAfterTestCommandBase`1/<ExecuteEnumerable>d__16<T_REF>:MoveNext () (at ./Library/PackageCache/com.unity.test-framework@40e262928427/UnityEngine.TestRunner/NUnitExtensions/Commands/BeforeAfterTestCommandBase.cs:212)
0x000001e9aa26b457 (Mono JIT Code) UnityEngine.TestTools.RetryCommand/<ExecuteEnumerable>d__2:MoveNext () (at ./Library/PackageCache/com.unity.test-framework@40e262928427/UnityEngine.TestRunner/NUnitExtensions/Commands/RetryCommand.cs:37)
0x000001e9aa269f2f (Mono JIT Code) UnityEngine.TestTools.RepeatCommand/<ExecuteEnumerable>d__2:MoveNext () (at ./Library/PackageCache/com.unity.test-framework@40e262928427/UnityEngine.TestRunner/NUnitExtensions/Commands/RepeatCommand.cs:36)
0x000001e9aa268fa6 (Mono JIT Code) UnityEngine.TestTools.IgnoreTestCommand/<ExecuteEnumerable>d__3:MoveNext () (at ./Library/PackageCache/com.unity.test-framework@40e262928427/UnityEngine.TestRunner/NUnitExtensions/Commands/IgnoreTestCommand.cs:42)
0x000001e9aa267c7f (Mono JIT Code) UnityEngine.TestTools.StrictCheckCommand/<ExecuteEnumerable>d__2:MoveNext () (at ./Library/PackageCache/com.unity.test-framework@40e262928427/UnityEngine.TestRunner/NUnitExtensions/Commands/StrictCheckCommand.cs:29)
0x000001e9aa266fe1 (Mono JIT Code) UnityEngine.TestRunner.NUnitExtensions.Runner.DefaultTestWorkItem/<PerformWork>d__2:MoveNext () (at ./Library/PackageCache/com.unity.test-framework@40e262928427/UnityEngine.TestRunner/NUnitExtensions/Runner/DefaultTestWorkItem.cs:50)
0x000001e9aa255e12 (Mono JIT Code) UnityEngine.TestRunner.NUnitExtensions.Runner.CompositeWorkItem/<RunChildren>d__17:MoveNext () (at ./Library/PackageCache/com.unity.test-framework@40e262928427/UnityEngine.TestRunner/NUnitExtensions/Runner/CompositeWorkItem.cs:207)
0x000001e9aa247756 (Mono JIT Code) UnityEngine.TestRunner.NUnitExtensions.Runner.CompositeWorkItem/<PerformWork>d__13:MoveNext () (at ./Library/PackageCache/com.unity.test-framework@40e262928427/UnityEngine.TestRunner/NUnitExtensions/Runner/CompositeWorkItem.cs:82)
0x000001e9aa255e12 (Mono JIT Code) UnityEngine.TestRunner.NUnitExtensions.Runner.CompositeWorkItem/<RunChildren>d__17:MoveNext () (at ./Library/PackageCache/com.unity.test-framework@40e262928427/UnityEngine.TestRunner/NUnitExtensions/Runner/CompositeWorkItem.cs:207)
0x000001e9aa247756 (Mono JIT Code) UnityEngine.TestRunner.NUnitExtensions.Runner.CompositeWorkItem/<PerformWork>d__13:MoveNext () (at ./Library/PackageCache/com.unity.test-framework@40e262928427/UnityEngine.TestRunner/NUnitExtensions/Runner/CompositeWorkItem.cs:82)
0x000001e9aa255e12 (Mono JIT Code) UnityEngine.TestRunner.NUnitExtensions.Runner.CompositeWorkItem/<RunChildren>d__17:MoveNext () (at ./Library/PackageCache/com.unity.test-framework@40e262928427/UnityEngine.TestRunner/NUnitExtensions/Runner/CompositeWorkItem.cs:207)
0x000001e9aa247756 (Mono JIT Code) UnityEngine.TestRunner.NUnitExtensions.Runner.CompositeWorkItem/<PerformWork>d__13:MoveNext () (at ./Library/PackageCache/com.unity.test-framework@40e262928427/UnityEngine.TestRunner/NUnitExtensions/Runner/CompositeWorkItem.cs:82)
0x000001e9aa245fcc (Mono JIT Code) UnityEditor.TestTools.TestRunner.EditModeRunner:MoveNextAndUpdateYieldObject () (at ./Library/PackageCache/com.unity.test-framework@40e262928427/UnityEditor.TestRunner/TestRunner/EditModeRunner.cs:167)
0x000001e9aa245b7b (Mono JIT Code) UnityEditor.TestTools.TestRunner.EditModeRunner:TestConsumer (UnityEditor.TestTools.TestRunner.TestRunnerStateSerializer) (at ./Library/PackageCache/com.unity.test-framework@40e262928427/UnityEditor.TestRunner/TestRunner/EditModeRunner.cs:200)
0x000001e9aa23c173 (Mono JIT Code) UnityEditor.TestTools.TestRunner.TestRun.Tasks.EditModeRunTask/<Execute>d__1:MoveNext () (at ./Library/PackageCache/com.unity.test-framework@40e262928427/UnityEditor.TestRunner/TestRun/Tasks/EditModeRunTask.cs:48)
0x000001e977129d5e (Mono JIT Code) UnityEditor.TestTools.TestRunner.TestRun.TestJobRunner:ExecuteStep () (at ./Library/PackageCache/com.unity.test-framework@40e262928427/UnityEditor.TestRunner/TestRun/TestJobRunner.cs:173)
0x000001e977128953 (Mono JIT Code) UnityEditor.TestTools.TestRunner.TestRun.TestJobRunner:ExecuteCallback () (at ./Library/PackageCache/com.unity.test-framework@40e262928427/UnityEditor.TestRunner/TestRun/TestJobRunner.cs:108)
0x000001e99df821b8 (Mono JIT Code) UnityEditor.EditorApplication:Internal_CallUpdateFunctions ()
0x000001e8e6514785 (Mono JIT Code) (wrapper runtime-invoke) object:runtime_invoke_void (object,intptr,intptr,intptr)
0x00007fff3fd16e7e (mono-2.0-bdwgc) mono_jit_runtime_invoke (at C:/build/output/Unity-Technologies/mono/mono/mini/mini-runtime.c:3445)
0x00007fff3fc58874 (mono-2.0-bdwgc) do_runtime_invoke (at C:/build/output/Unity-Technologies/mono/mono/metadata/object.c:3068)
0x00007fff3fc58960 (mono-2.0-bdwgc) mono_runtime_invoke (at C:/build/output/Unity-Technologies/mono/mono/metadata/object.c:3115)
0x00007fff38e4cea4 (Unity) scripting_method_invoke
0x00007fff38e25433 (Unity) ScriptingInvocation::Invoke
0x00007fff38e20b35 (Unity) ScriptingInvocation::Invoke<void>
0x00007fff38f8b4bb (Unity) Scripting::UnityEditor::EditorApplicationProxy::Internal_CallUpdateFunctions
0x00007fff3a07e0e4 (Unity) SceneTracker::Update
0x00007fff39be1247 (Unity) Application::TickTimer
0x00007fff3a1b25ac (Unity) MainMessageLoop
0x00007fff3a1b9d1c (Unity) UnityMain
0x00007ff68b302f2a (Unity) __scrt_common_main_seh
0x00007fffddade8d7 (KERNEL32) BaseThreadInitThunk
0x00007fffde88c53c (ntdll) RtlUserThreadStart

[RecoilConfiguration] Failed to deserialize JSON: JSON parse error: Invalid value.. Returning default configuration.
0x00007fff38f222ae (Unity) StackWalker::ShowCallstack
0x00007fff38f31ee9 (Unity) PlatformStacktrace::GetStacktrace
0x00007fff3a1ac04e (Unity) Stacktrace::GetStacktrace
0x00007fff3a7859df (Unity) DebugStringToFile
0x00007fff37fd2930 (Unity) DebugLogHandler_CUSTOM_Internal_Log
0x000001e9766cbd3e (Mono JIT Code) (wrapper managed-to-native) UnityEngine.DebugLogHandler:Internal_Log_Injected (UnityEngine.LogType,UnityEngine.LogOption,UnityEngine.Bindings.ManagedSpanWrapper&,intptr)
0x000001e9766cbb43 (Mono JIT Code) UnityEngine.DebugLogHandler:Internal_Log (UnityEngine.LogType,UnityEngine.LogOption,string,UnityEngine.Object)
0x000001e9766cb7fb (Mono JIT Code) UnityEngine.DebugLogHandler:LogFormat (UnityEngine.LogType,UnityEngine.Object,string,object[])
0x000001e9766ca6ae (Mono JIT Code) UnityEngine.Logger:Log (UnityEngine.LogType,object)
0x000001e9aa2b404d (Mono JIT Code) UnityEngine.Debug:LogWarning (object)
0x000001e976d47adb (Mono JIT Code) RecoilConfiguration:FromJson (string) (at C:/Users/Ubuntu/Desktop/_DEV/AFFECT-2025-10-11/Assets/_SCRIPTS/_PLAYER/Recoil/RecoilConfiguration.cs:152)
0x000001e976d4812b (Mono JIT Code) SerializationProperties:Property16_InvalidJsonReturnsDefaultConfiguration () (at C:/Users/Ubuntu/Desktop/_DEV/AFFECT-2025-10-11/Assets/_SCRIPTS/Editor/SerializationProperties.cs:87)
0x000001e9aa264548 (Mono JIT Code) (wrapper runtime-invoke) object:runtime_invoke_void__this__ (object,intptr,intptr,intptr)
0x00007fff3fd16e7e (mono-2.0-bdwgc) mono_jit_runtime_invoke (at C:/build/output/Unity-Technologies/mono/mono/mini/mini-runtime.c:3445)
0x00007fff3fc58874 (mono-2.0-bdwgc) do_runtime_invoke (at C:/build/output/Unity-Technologies/mono/mono/metadata/object.c:3068)
0x00007fff3fc5f926 (mono-2.0-bdwgc) mono_runtime_try_invoke_array (at C:/build/output/Unity-Technologies/mono/mono/metadata/object.c:5774)
0x00007fff3fb91b81 (mono-2.0-bdwgc) ves_icall_InternalInvoke (at C:/build/output/Unity-Technologies/mono/mono/metadata/icall.c:4038)
0x00007fff3fbb7e31 (mono-2.0-bdwgc) ves_icall_InternalInvoke_raw (at C:/build/output/Unity-Technologies/mono/mono/metadata/icall-def.h:692)
0x000001e8e22b0f92 (Mono JIT Code) (wrapper managed-to-native) System.Reflection.RuntimeMethodInfo:InternalInvoke (System.Reflection.RuntimeMethodInfo,object,object[],System.Exception&)
0x000001e8e3c7ea73 (Mono JIT Code) System.Reflection.RuntimeMethodInfo:Invoke (object,System.Reflection.BindingFlags,System.Reflection.Binder,object[],System.Globalization.CultureInfo)
0x000001e8db9555ef (Mono JIT Code) System.Reflection.MethodBase:Invoke (object,object[])
0x000001e9aa26e783 (Mono JIT Code) NUnit.Framework.Internal.Reflect:InvokeMethod (System.Reflection.MethodInfo,object,object[])
0x000001e9aa2760ab (Mono JIT Code) NUnit.Framework.Internal.MethodWrapper:Invoke (object,object[])
0x000001e9aa275f8a (Mono JIT Code) NUnit.Framework.Internal.Commands.TestMethodCommand:RunNonAsyncTestMethod (NUnit.Framework.Internal.ITestExecutionContext)
0x000001e9aa275dd3 (Mono JIT Code) NUnit.Framework.Internal.Commands.TestMethodCommand:RunTestMethod (NUnit.Framework.Internal.ITestExecutionContext)
0x000001e9aa275973 (Mono JIT Code) NUnit.Framework.Internal.Commands.TestMethodCommand:Execute (NUnit.Framework.Internal.ITestExecutionContext)
0x000001e9aa27556b (Mono JIT Code) UnityEngine.TestTools.UnityTestMethodCommand:Execute (NUnit.Framework.Internal.ITestExecutionContext) (at ./Library/PackageCache/com.unity.test-framework@40e262928427/UnityEngine.TestRunner/NUnitExtensions/Commands/UnityTestMethodCommand.cs:19)
0x000001e9aa2752fb (Mono JIT Code) UnityEngine.TestRunner.NUnitExtensions.Runner.UnityLogCheckDelegatingCommand/<>c__DisplayClass2_0:<Execute>b__0 () (at ./Library/PackageCache/com.unity.test-framework@40e262928427/UnityEngine.TestRunner/NUnitExtensions/Runner/UnityLogCheckDelegatingCommand.cs:24)
0x000001e9aa275123 (Mono JIT Code) UnityEngine.TestRunner.NUnitExtensions.Runner.UnityLogCheckDelegatingCommand:CaptureException (NUnit.Framework.Internal.TestResult,System.Action) (at ./Library/PackageCache/com.unity.test-framework@40e262928427/UnityEngine.TestRunner/NUnitExtensions/Runner/UnityLogCheckDelegatingCommand.cs:72)
0x000001e9aa274fb3 (Mono JIT Code) UnityEngine.TestRunner.NUnitExtensions.Runner.UnityLogCheckDelegatingCommand:ExecuteAndCheckLog (UnityEngine.TestTools.Logging.LogScope,NUnit.Framework.Internal.TestResult,System.Action) (at ./Library/PackageCache/com.unity.test-framework@40e262928427/UnityEngine.TestRunner/NUnitExtensions/Runner/UnityLogCheckDelegatingCommand.cs:83)
0x000001e9aa274c3b (Mono JIT Code) UnityEngine.TestRunner.NUnitExtensions.Runner.UnityLogCheckDelegatingCommand:Execute (NUnit.Framework.Internal.ITestExecutionContext) (at ./Library/PackageCache/com.unity.test-framework@40e262928427/UnityEngine.TestRunner/NUnitExtensions/Runner/UnityLogCheckDelegatingCommand.cs:24)
0x000001e9aa273c19 (Mono JIT Code) UnityEngine.TestRunner.NUnitExtensions.Runner.UnityLogCheckDelegatingCommand/<ExecuteEnumerable>d__3:MoveNext () (at ./Library/PackageCache/com.unity.test-framework@40e262928427/UnityEngine.TestRunner/NUnitExtensions/Runner/UnityLogCheckDelegatingCommand.cs:35)
0x000001e9aa251e01 (Mono JIT Code) UnityEngine.TestTools.BeforeAfterTestCommandBase`1/<ExecuteEnumerable>d__16<T_REF>:MoveNext () (at ./Library/PackageCache/com.unity.test-framework@40e262928427/UnityEngine.TestRunner/NUnitExtensions/Commands/BeforeAfterTestCommandBase.cs:212)
0x000001e9aa272fb6 (Mono JIT Code) UnityEngine.TestTools.ImmediateEnumerableCommand:Execute (NUnit.Framework.Internal.ITestExecutionContext) (at ./Library/PackageCache/com.unity.test-framework@40e262928427/UnityEngine.TestRunner/NUnitExtensions/Commands/ImmediateEnumerableCommand.cs:18)
0x000001e9aa251f01 (Mono JIT Code) UnityEngine.TestTools.BeforeAfterTestCommandBase`1/<ExecuteEnumerable>d__16<T_REF>:MoveNext () (at ./Library/PackageCache/com.unity.test-framework@40e262928427/UnityEngine.TestRunner/NUnitExtensions/Commands/BeforeAfterTestCommandBase.cs:219)
0x000001e9aa251e01 (Mono JIT Code) UnityEngine.TestTools.BeforeAfterTestCommandBase`1/<ExecuteEnumerable>d__16<T_REF>:MoveNext () (at ./Library/PackageCache/com.unity.test-framework@40e262928427/UnityEngine.TestRunner/NUnitExtensions/Commands/BeforeAfterTestCommandBase.cs:212)
0x000001e9aa251e01 (Mono JIT Code) UnityEngine.TestTools.BeforeAfterTestCommandBase`1/<ExecuteEnumerable>d__16<T_REF>:MoveNext () (at ./Library/PackageCache/com.unity.test-framework@40e262928427/UnityEngine.TestRunner/NUnitExtensions/Commands/BeforeAfterTestCommandBase.cs:212)
0x000001e9aa26b457 (Mono JIT Code) UnityEngine.TestTools.RetryCommand/<ExecuteEnumerable>d__2:MoveNext () (at ./Library/PackageCache/com.unity.test-framework@40e262928427/UnityEngine.TestRunner/NUnitExtensions/Commands/RetryCommand.cs:37)
0x000001e9aa269f2f (Mono JIT Code) UnityEngine.TestTools.RepeatCommand/<ExecuteEnumerable>d__2:MoveNext () (at ./Library/PackageCache/com.unity.test-framework@40e262928427/UnityEngine.TestRunner/NUnitExtensions/Commands/RepeatCommand.cs:36)
0x000001e9aa268fa6 (Mono JIT Code) UnityEngine.TestTools.IgnoreTestCommand/<ExecuteEnumerable>d__3:MoveNext () (at ./Library/PackageCache/com.unity.test-framework@40e262928427/UnityEngine.TestRunner/NUnitExtensions/Commands/IgnoreTestCommand.cs:42)
0x000001e9aa267c7f (Mono JIT Code) UnityEngine.TestTools.StrictCheckCommand/<ExecuteEnumerable>d__2:MoveNext () (at ./Library/PackageCache/com.unity.test-framework@40e262928427/UnityEngine.TestRunner/NUnitExtensions/Commands/StrictCheckCommand.cs:29)
0x000001e9aa266fe1 (Mono JIT Code) UnityEngine.TestRunner.NUnitExtensions.Runner.DefaultTestWorkItem/<PerformWork>d__2:MoveNext () (at ./Library/PackageCache/com.unity.test-framework@40e262928427/UnityEngine.TestRunner/NUnitExtensions/Runner/DefaultTestWorkItem.cs:50)
0x000001e9aa255e12 (Mono JIT Code) UnityEngine.TestRunner.NUnitExtensions.Runner.CompositeWorkItem/<RunChildren>d__17:MoveNext () (at ./Library/PackageCache/com.unity.test-framework@40e262928427/UnityEngine.TestRunner/NUnitExtensions/Runner/CompositeWorkItem.cs:207)
0x000001e9aa247756 (Mono JIT Code) UnityEngine.TestRunner.NUnitExtensions.Runner.CompositeWorkItem/<PerformWork>d__13:MoveNext () (at ./Library/PackageCache/com.unity.test-framework@40e262928427/UnityEngine.TestRunner/NUnitExtensions/Runner/CompositeWorkItem.cs:82)
0x000001e9aa255e12 (Mono JIT Code) UnityEngine.TestRunner.NUnitExtensions.Runner.CompositeWorkItem/<RunChildren>d__17:MoveNext () (at ./Library/PackageCache/com.unity.test-framework@40e262928427/UnityEngine.TestRunner/NUnitExtensions/Runner/CompositeWorkItem.cs:207)
0x000001e9aa247756 (Mono JIT Code) UnityEngine.TestRunner.NUnitExtensions.Runner.CompositeWorkItem/<PerformWork>d__13:MoveNext () (at ./Library/PackageCache/com.unity.test-framework@40e262928427/UnityEngine.TestRunner/NUnitExtensions/Runner/CompositeWorkItem.cs:82)
0x000001e9aa255e12 (Mono JIT Code) UnityEngine.TestRunner.NUnitExtensions.Runner.CompositeWorkItem/<RunChildren>d__17:MoveNext () (at ./Library/PackageCache/com.unity.test-framework@40e262928427/UnityEngine.TestRunner/NUnitExtensions/Runner/CompositeWorkItem.cs:207)
0x000001e9aa247756 (Mono JIT Code) UnityEngine.TestRunner.NUnitExtensions.Runner.CompositeWorkItem/<PerformWork>d__13:MoveNext () (at ./Library/PackageCache/com.unity.test-framework@40e262928427/UnityEngine.TestRunner/NUnitExtensions/Runner/CompositeWorkItem.cs:82)
0x000001e9aa245fcc (Mono JIT Code) UnityEditor.TestTools.TestRunner.EditModeRunner:MoveNextAndUpdateYieldObject () (at ./Library/PackageCache/com.unity.test-framework@40e262928427/UnityEditor.TestRunner/TestRunner/EditModeRunner.cs:167)
0x000001e9aa245b7b (Mono JIT Code) UnityEditor.TestTools.TestRunner.EditModeRunner:TestConsumer (UnityEditor.TestTools.TestRunner.TestRunnerStateSerializer) (at ./Library/PackageCache/com.unity.test-framework@40e262928427/UnityEditor.TestRunner/TestRunner/EditModeRunner.cs:200)
0x000001e9aa23c173 (Mono JIT Code) UnityEditor.TestTools.TestRunner.TestRun.Tasks.EditModeRunTask/<Execute>d__1:MoveNext () (at ./Library/PackageCache/com.unity.test-framework@40e262928427/UnityEditor.TestRunner/TestRun/Tasks/EditModeRunTask.cs:48)
0x000001e977129d5e (Mono JIT Code) UnityEditor.TestTools.TestRunner.TestRun.TestJobRunner:ExecuteStep () (at ./Library/PackageCache/com.unity.test-framework@40e262928427/UnityEditor.TestRunner/TestRun/TestJobRunner.cs:173)
0x000001e977128953 (Mono JIT Code) UnityEditor.TestTools.TestRunner.TestRun.TestJobRunner:ExecuteCallback () (at ./Library/PackageCache/com.unity.test-framework@40e262928427/UnityEditor.TestRunner/TestRun/TestJobRunner.cs:108)
0x000001e99df821b8 (Mono JIT Code) UnityEditor.EditorApplication:Internal_CallUpdateFunctions ()
0x000001e8e6514785 (Mono JIT Code) (wrapper runtime-invoke) object:runtime_invoke_void (object,intptr,intptr,intptr)
0x00007fff3fd16e7e (mono-2.0-bdwgc) mono_jit_runtime_invoke (at C:/build/output/Unity-Technologies/mono/mono/mini/mini-runtime.c:3445)
0x00007fff3fc58874 (mono-2.0-bdwgc) do_runtime_invoke (at C:/build/output/Unity-Technologies/mono/mono/metadata/object.c:3068)
0x00007fff3fc58960 (mono-2.0-bdwgc) mono_runtime_invoke (at C:/build/output/Unity-Technologies/mono/mono/metadata/object.c:3115)
0x00007fff38e4cea4 (Unity) scripting_method_invoke
0x00007fff38e25433 (Unity) ScriptingInvocation::Invoke
0x00007fff38e20b35 (Unity) ScriptingInvocation::Invoke<void>
0x00007fff38f8b4bb (Unity) Scripting::UnityEditor::EditorApplicationProxy::Internal_CallUpdateFunctions
0x00007fff3a07e0e4 (Unity) SceneTracker::Update
0x00007fff39be1247 (Unity) Application::TickTimer
0x00007fff3a1b25ac (Unity) MainMessageLoop
0x00007fff3a1b9d1c (Unity) UnityMain
0x00007ff68b302f2a (Unity) __scrt_common_main_seh
0x00007fffddade8d7 (KERNEL32) BaseThreadInitThunk
0x00007fffde88c53c (ntdll) RtlUserThreadStart

[RecoilConfiguration] Failed to deserialize JSON: JSON parse error: Missing a name for object member.. Returning default configuration.
0x00007fff38f222ae (Unity) StackWalker::ShowCallstack
0x00007fff38f31ee9 (Unity) PlatformStacktrace::GetStacktrace
0x00007fff3a1ac04e (Unity) Stacktrace::GetStacktrace
0x00007fff3a7859df (Unity) DebugStringToFile
0x00007fff37fd2930 (Unity) DebugLogHandler_CUSTOM_Internal_Log
0x000001e9766cbd3e (Mono JIT Code) (wrapper managed-to-native) UnityEngine.DebugLogHandler:Internal_Log_Injected (UnityEngine.LogType,UnityEngine.LogOption,UnityEngine.Bindings.ManagedSpanWrapper&,intptr)
0x000001e9766cbb43 (Mono JIT Code) UnityEngine.DebugLogHandler:Internal_Log (UnityEngine.LogType,UnityEngine.LogOption,string,UnityEngine.Object)
0x000001e9766cb7fb (Mono JIT Code) UnityEngine.DebugLogHandler:LogFormat (UnityEngine.LogType,UnityEngine.Object,string,object[])
0x000001e9766ca6ae (Mono JIT Code) UnityEngine.Logger:Log (UnityEngine.LogType,object)
0x000001e9aa2b404d (Mono JIT Code) UnityEngine.Debug:LogWarning (object)
0x000001e976d47adb (Mono JIT Code) RecoilConfiguration:FromJson (string) (at C:/Users/Ubuntu/Desktop/_DEV/AFFECT-2025-10-11/Assets/_SCRIPTS/_PLAYER/Recoil/RecoilConfiguration.cs:152)
0x000001e976d4812b (Mono JIT Code) SerializationProperties:Property16_InvalidJsonReturnsDefaultConfiguration () (at C:/Users/Ubuntu/Desktop/_DEV/AFFECT-2025-10-11/Assets/_SCRIPTS/Editor/SerializationProperties.cs:87)
0x000001e9aa264548 (Mono JIT Code) (wrapper runtime-invoke) object:runtime_invoke_void__this__ (object,intptr,intptr,intptr)
0x00007fff3fd16e7e (mono-2.0-bdwgc) mono_jit_runtime_invoke (at C:/build/output/Unity-Technologies/mono/mono/mini/mini-runtime.c:3445)
0x00007fff3fc58874 (mono-2.0-bdwgc) do_runtime_invoke (at C:/build/output/Unity-Technologies/mono/mono/metadata/object.c:3068)
0x00007fff3fc5f926 (mono-2.0-bdwgc) mono_runtime_try_invoke_array (at C:/build/output/Unity-Technologies/mono/mono/metadata/object.c:5774)
0x00007fff3fb91b81 (mono-2.0-bdwgc) ves_icall_InternalInvoke (at C:/build/output/Unity-Technologies/mono/mono/metadata/icall.c:4038)
0x00007fff3fbb7e31 (mono-2.0-bdwgc) ves_icall_InternalInvoke_raw (at C:/build/output/Unity-Technologies/mono/mono/metadata/icall-def.h:692)
0x000001e8e22b0f92 (Mono JIT Code) (wrapper managed-to-native) System.Reflection.RuntimeMethodInfo:InternalInvoke (System.Reflection.RuntimeMethodInfo,object,object[],System.Exception&)
0x000001e8e3c7ea73 (Mono JIT Code) System.Reflection.RuntimeMethodInfo:Invoke (object,System.Reflection.BindingFlags,System.Reflection.Binder,object[],System.Globalization.CultureInfo)
0x000001e8db9555ef (Mono JIT Code) System.Reflection.MethodBase:Invoke (object,object[])
0x000001e9aa26e783 (Mono JIT Code) NUnit.Framework.Internal.Reflect:InvokeMethod (System.Reflection.MethodInfo,object,object[])
0x000001e9aa2760ab (Mono JIT Code) NUnit.Framework.Internal.MethodWrapper:Invoke (object,object[])
0x000001e9aa275f8a (Mono JIT Code) NUnit.Framework.Internal.Commands.TestMethodCommand:RunNonAsyncTestMethod (NUnit.Framework.Internal.ITestExecutionContext)
0x000001e9aa275dd3 (Mono JIT Code) NUnit.Framework.Internal.Commands.TestMethodCommand:RunTestMethod (NUnit.Framework.Internal.ITestExecutionContext)
0x000001e9aa275973 (Mono JIT Code) NUnit.Framework.Internal.Commands.TestMethodCommand:Execute (NUnit.Framework.Internal.ITestExecutionContext)
0x000001e9aa27556b (Mono JIT Code) UnityEngine.TestTools.UnityTestMethodCommand:Execute (NUnit.Framework.Internal.ITestExecutionContext) (at ./Library/PackageCache/com.unity.test-framework@40e262928427/UnityEngine.TestRunner/NUnitExtensions/Commands/UnityTestMethodCommand.cs:19)
0x000001e9aa2752fb (Mono JIT Code) UnityEngine.TestRunner.NUnitExtensions.Runner.UnityLogCheckDelegatingCommand/<>c__DisplayClass2_0:<Execute>b__0 () (at ./Library/PackageCache/com.unity.test-framework@40e262928427/UnityEngine.TestRunner/NUnitExtensions/Runner/UnityLogCheckDelegatingCommand.cs:24)
0x000001e9aa275123 (Mono JIT Code) UnityEngine.TestRunner.NUnitExtensions.Runner.UnityLogCheckDelegatingCommand:CaptureException (NUnit.Framework.Internal.TestResult,System.Action) (at ./Library/PackageCache/com.unity.test-framework@40e262928427/UnityEngine.TestRunner/NUnitExtensions/Runner/UnityLogCheckDelegatingCommand.cs:72)
0x000001e9aa274fb3 (Mono JIT Code) UnityEngine.TestRunner.NUnitExtensions.Runner.UnityLogCheckDelegatingCommand:ExecuteAndCheckLog (UnityEngine.TestTools.Logging.LogScope,NUnit.Framework.Internal.TestResult,System.Action) (at ./Library/PackageCache/com.unity.test-framework@40e262928427/UnityEngine.TestRunner/NUnitExtensions/Runner/UnityLogCheckDelegatingCommand.cs:83)
0x000001e9aa274c3b (Mono JIT Code) UnityEngine.TestRunner.NUnitExtensions.Runner.UnityLogCheckDelegatingCommand:Execute (NUnit.Framework.Internal.ITestExecutionContext) (at ./Library/PackageCache/com.unity.test-framework@40e262928427/UnityEngine.TestRunner/NUnitExtensions/Runner/UnityLogCheckDelegatingCommand.cs:24)
0x000001e9aa273c19 (Mono JIT Code) UnityEngine.TestRunner.NUnitExtensions.Runner.UnityLogCheckDelegatingCommand/<ExecuteEnumerable>d__3:MoveNext () (at ./Library/PackageCache/com.unity.test-framework@40e262928427/UnityEngine.TestRunner/NUnitExtensions/Runner/UnityLogCheckDelegatingCommand.cs:35)
0x000001e9aa251e01 (Mono JIT Code) UnityEngine.TestTools.BeforeAfterTestCommandBase`1/<ExecuteEnumerable>d__16<T_REF>:MoveNext () (at ./Library/PackageCache/com.unity.test-framework@40e262928427/UnityEngine.TestRunner/NUnitExtensions/Commands/BeforeAfterTestCommandBase.cs:212)
0x000001e9aa272fb6 (Mono JIT Code) UnityEngine.TestTools.ImmediateEnumerableCommand:Execute (NUnit.Framework.Internal.ITestExecutionContext) (at ./Library/PackageCache/com.unity.test-framework@40e262928427/UnityEngine.TestRunner/NUnitExtensions/Commands/ImmediateEnumerableCommand.cs:18)
0x000001e9aa251f01 (Mono JIT Code) UnityEngine.TestTools.BeforeAfterTestCommandBase`1/<ExecuteEnumerable>d__16<T_REF>:MoveNext () (at ./Library/PackageCache/com.unity.test-framework@40e262928427/UnityEngine.TestRunner/NUnitExtensions/Commands/BeforeAfterTestCommandBase.cs:219)
0x000001e9aa251e01 (Mono JIT Code) UnityEngine.TestTools.BeforeAfterTestCommandBase`1/<ExecuteEnumerable>d__16<T_REF>:MoveNext () (at ./Library/PackageCache/com.unity.test-framework@40e262928427/UnityEngine.TestRunner/NUnitExtensions/Commands/BeforeAfterTestCommandBase.cs:212)
0x000001e9aa251e01 (Mono JIT Code) UnityEngine.TestTools.BeforeAfterTestCommandBase`1/<ExecuteEnumerable>d__16<T_REF>:MoveNext () (at ./Library/PackageCache/com.unity.test-framework@40e262928427/UnityEngine.TestRunner/NUnitExtensions/Commands/BeforeAfterTestCommandBase.cs:212)
0x000001e9aa26b457 (Mono JIT Code) UnityEngine.TestTools.RetryCommand/<ExecuteEnumerable>d__2:MoveNext () (at ./Library/PackageCache/com.unity.test-framework@40e262928427/UnityEngine.TestRunner/NUnitExtensions/Commands/RetryCommand.cs:37)
0x000001e9aa269f2f (Mono JIT Code) UnityEngine.TestTools.RepeatCommand/<ExecuteEnumerable>d__2:MoveNext () (at ./Library/PackageCache/com.unity.test-framework@40e262928427/UnityEngine.TestRunner/NUnitExtensions/Commands/RepeatCommand.cs:36)
0x000001e9aa268fa6 (Mono JIT Code) UnityEngine.TestTools.IgnoreTestCommand/<ExecuteEnumerable>d__3:MoveNext () (at ./Library/PackageCache/com.unity.test-framework@40e262928427/UnityEngine.TestRunner/NUnitExtensions/Commands/IgnoreTestCommand.cs:42)
0x000001e9aa267c7f (Mono JIT Code) UnityEngine.TestTools.StrictCheckCommand/<ExecuteEnumerable>d__2:MoveNext () (at ./Library/PackageCache/com.unity.test-framework@40e262928427/UnityEngine.TestRunner/NUnitExtensions/Commands/StrictCheckCommand.cs:29)
0x000001e9aa266fe1 (Mono JIT Code) UnityEngine.TestRunner.NUnitExtensions.Runner.DefaultTestWorkItem/<PerformWork>d__2:MoveNext () (at ./Library/PackageCache/com.unity.test-framework@40e262928427/UnityEngine.TestRunner/NUnitExtensions/Runner/DefaultTestWorkItem.cs:50)
0x000001e9aa255e12 (Mono JIT Code) UnityEngine.TestRunner.NUnitExtensions.Runner.CompositeWorkItem/<RunChildren>d__17:MoveNext () (at ./Library/PackageCache/com.unity.test-framework@40e262928427/UnityEngine.TestRunner/NUnitExtensions/Runner/CompositeWorkItem.cs:207)
0x000001e9aa247756 (Mono JIT Code) UnityEngine.TestRunner.NUnitExtensions.Runner.CompositeWorkItem/<PerformWork>d__13:MoveNext () (at ./Library/PackageCache/com.unity.test-framework@40e262928427/UnityEngine.TestRunner/NUnitExtensions/Runner/CompositeWorkItem.cs:82)
0x000001e9aa255e12 (Mono JIT Code) UnityEngine.TestRunner.NUnitExtensions.Runner.CompositeWorkItem/<RunChildren>d__17:MoveNext () (at ./Library/PackageCache/com.unity.test-framework@40e262928427/UnityEngine.TestRunner/NUnitExtensions/Runner/CompositeWorkItem.cs:207)
0x000001e9aa247756 (Mono JIT Code) UnityEngine.TestRunner.NUnitExtensions.Runner.CompositeWorkItem/<PerformWork>d__13:MoveNext () (at ./Library/PackageCache/com.unity.test-framework@40e262928427/UnityEngine.TestRunner/NUnitExtensions/Runner/CompositeWorkItem.cs:82)
0x000001e9aa255e12 (Mono JIT Code) UnityEngine.TestRunner.NUnitExtensions.Runner.CompositeWorkItem/<RunChildren>d__17:MoveNext () (at ./Library/PackageCache/com.unity.test-framework@40e262928427/UnityEngine.TestRunner/NUnitExtensions/Runner/CompositeWorkItem.cs:207)
0x000001e9aa247756 (Mono JIT Code) UnityEngine.TestRunner.NUnitExtensions.Runner.CompositeWorkItem/<PerformWork>d__13:MoveNext () (at ./Library/PackageCache/com.unity.test-framework@40e262928427/UnityEngine.TestRunner/NUnitExtensions/Runner/CompositeWorkItem.cs:82)
0x000001e9aa245fcc (Mono JIT Code) UnityEditor.TestTools.TestRunner.EditModeRunner:MoveNextAndUpdateYieldObject () (at ./Library/PackageCache/com.unity.test-framework@40e262928427/UnityEditor.TestRunner/TestRunner/EditModeRunner.cs:167)
0x000001e9aa245b7b (Mono JIT Code) UnityEditor.TestTools.TestRunner.EditModeRunner:TestConsumer (UnityEditor.TestTools.TestRunner.TestRunnerStateSerializer) (at ./Library/PackageCache/com.unity.test-framework@40e262928427/UnityEditor.TestRunner/TestRunner/EditModeRunner.cs:200)
0x000001e9aa23c173 (Mono JIT Code) UnityEditor.TestTools.TestRunner.TestRun.Tasks.EditModeRunTask/<Execute>d__1:MoveNext () (at ./Library/PackageCache/com.unity.test-framework@40e262928427/UnityEditor.TestRunner/TestRun/Tasks/EditModeRunTask.cs:48)
0x000001e977129d5e (Mono JIT Code) UnityEditor.TestTools.TestRunner.TestRun.TestJobRunner:ExecuteStep () (at ./Library/PackageCache/com.unity.test-framework@40e262928427/UnityEditor.TestRunner/TestRun/TestJobRunner.cs:173)
0x000001e977128953 (Mono JIT Code) UnityEditor.TestTools.TestRunner.TestRun.TestJobRunner:ExecuteCallback () (at ./Library/PackageCache/com.unity.test-framework@40e262928427/UnityEditor.TestRunner/TestRun/TestJobRunner.cs:108)
0x000001e99df821b8 (Mono JIT Code) UnityEditor.EditorApplication:Internal_CallUpdateFunctions ()
0x000001e8e6514785 (Mono JIT Code) (wrapper runtime-invoke) object:runtime_invoke_void (object,intptr,intptr,intptr)
0x00007fff3fd16e7e (mono-2.0-bdwgc) mono_jit_runtime_invoke (at C:/build/output/Unity-Technologies/mono/mono/mini/mini-runtime.c:3445)
0x00007fff3fc58874 (mono-2.0-bdwgc) do_runtime_invoke (at C:/build/output/Unity-Technologies/mono/mono/metadata/object.c:3068)
0x00007fff3fc58960 (mono-2.0-bdwgc) mono_runtime_invoke (at C:/build/output/Unity-Technologies/mono/mono/metadata/object.c:3115)
0x00007fff38e4cea4 (Unity) scripting_method_invoke
0x00007fff38e25433 (Unity) ScriptingInvocation::Invoke
0x00007fff38e20b35 (Unity) ScriptingInvocation::Invoke<void>
0x00007fff38f8b4bb (Unity) Scripting::UnityEditor::EditorApplicationProxy::Internal_CallUpdateFunctions
0x00007fff3a07e0e4 (Unity) SceneTracker::Update
0x00007fff39be1247 (Unity) Application::TickTimer
0x00007fff3a1b25ac (Unity) MainMessageLoop
0x00007fff3a1b9d1c (Unity) UnityMain
0x00007ff68b302f2a (Unity) __scrt_common_main_seh
0x00007fffddade8d7 (KERNEL32) BaseThreadInitThunk
0x00007fffde88c53c (ntdll) RtlUserThreadStart

[RecoilConfiguration] Failed to deserialize JSON: JSON parse error: Missing a name for object member.. Returning default configuration.
0x00007fff38f222ae (Unity) StackWalker::ShowCallstack
0x00007fff38f31ee9 (Unity) PlatformStacktrace::GetStacktrace
0x00007fff3a1ac04e (Unity) Stacktrace::GetStacktrace
0x00007fff3a7859df (Unity) DebugStringToFile
0x00007fff37fd2930 (Unity) DebugLogHandler_CUSTOM_Internal_Log
0x000001e9766cbd3e (Mono JIT Code) (wrapper managed-to-native) UnityEngine.DebugLogHandler:Internal_Log_Injected (UnityEngine.LogType,UnityEngine.LogOption,UnityEngine.Bindings.ManagedSpanWrapper&,intptr)
0x000001e9766cbb43 (Mono JIT Code) UnityEngine.DebugLogHandler:Internal_Log (UnityEngine.LogType,UnityEngine.LogOption,string,UnityEngine.Object)
0x000001e9766cb7fb (Mono JIT Code) UnityEngine.DebugLogHandler:LogFormat (UnityEngine.LogType,UnityEngine.Object,string,object[])
0x000001e9766ca6ae (Mono JIT Code) UnityEngine.Logger:Log (UnityEngine.LogType,object)
0x000001e9aa2b404d (Mono JIT Code) UnityEngine.Debug:LogWarning (object)
0x000001e976d47adb (Mono JIT Code) RecoilConfiguration:FromJson (string) (at C:/Users/Ubuntu/Desktop/_DEV/AFFECT-2025-10-11/Assets/_SCRIPTS/_PLAYER/Recoil/RecoilConfiguration.cs:152)
0x000001e976d4812b (Mono JIT Code) SerializationProperties:Property16_InvalidJsonReturnsDefaultConfiguration () (at C:/Users/Ubuntu/Desktop/_DEV/AFFECT-2025-10-11/Assets/_SCRIPTS/Editor/SerializationProperties.cs:87)
0x000001e9aa264548 (Mono JIT Code) (wrapper runtime-invoke) object:runtime_invoke_void__this__ (object,intptr,intptr,intptr)
0x00007fff3fd16e7e (mono-2.0-bdwgc) mono_jit_runtime_invoke (at C:/build/output/Unity-Technologies/mono/mono/mini/mini-runtime.c:3445)
0x00007fff3fc58874 (mono-2.0-bdwgc) do_runtime_invoke (at C:/build/output/Unity-Technologies/mono/mono/metadata/object.c:3068)
0x00007fff3fc5f926 (mono-2.0-bdwgc) mono_runtime_try_invoke_array (at C:/build/output/Unity-Technologies/mono/mono/metadata/object.c:5774)
0x00007fff3fb91b81 (mono-2.0-bdwgc) ves_icall_InternalInvoke (at C:/build/output/Unity-Technologies/mono/mono/metadata/icall.c:4038)
0x00007fff3fbb7e31 (mono-2.0-bdwgc) ves_icall_InternalInvoke_raw (at C:/build/output/Unity-Technologies/mono/mono/metadata/icall-def.h:692)
0x000001e8e22b0f92 (Mono JIT Code) (wrapper managed-to-native) System.Reflection.RuntimeMethodInfo:InternalInvoke (System.Reflection.RuntimeMethodInfo,object,object[],System.Exception&)
0x000001e8e3c7ea73 (Mono JIT Code) System.Reflection.RuntimeMethodInfo:Invoke (object,System.Reflection.BindingFlags,System.Reflection.Binder,object[],System.Globalization.CultureInfo)
0x000001e8db9555ef (Mono JIT Code) System.Reflection.MethodBase:Invoke (object,object[])
0x000001e9aa26e783 (Mono JIT Code) NUnit.Framework.Internal.Reflect:InvokeMethod (System.Reflection.MethodInfo,object,object[])
0x000001e9aa2760ab (Mono JIT Code) NUnit.Framework.Internal.MethodWrapper:Invoke (object,object[])
0x000001e9aa275f8a (Mono JIT Code) NUnit.Framework.Internal.Commands.TestMethodCommand:RunNonAsyncTestMethod (NUnit.Framework.Internal.ITestExecutionContext)
0x000001e9aa275dd3 (Mono JIT Code) NUnit.Framework.Internal.Commands.TestMethodCommand:RunTestMethod (NUnit.Framework.Internal.ITestExecutionContext)
0x000001e9aa275973 (Mono JIT Code) NUnit.Framework.Internal.Commands.TestMethodCommand:Execute (NUnit.Framework.Internal.ITestExecutionContext)
0x000001e9aa27556b (Mono JIT Code) UnityEngine.TestTools.UnityTestMethodCommand:Execute (NUnit.Framework.Internal.ITestExecutionContext) (at ./Library/PackageCache/com.unity.test-framework@40e262928427/UnityEngine.TestRunner/NUnitExtensions/Commands/UnityTestMethodCommand.cs:19)
0x000001e9aa2752fb (Mono JIT Code) UnityEngine.TestRunner.NUnitExtensions.Runner.UnityLogCheckDelegatingCommand/<>c__DisplayClass2_0:<Execute>b__0 () (at ./Library/PackageCache/com.unity.test-framework@40e262928427/UnityEngine.TestRunner/NUnitExtensions/Runner/UnityLogCheckDelegatingCommand.cs:24)
0x000001e9aa275123 (Mono JIT Code) UnityEngine.TestRunner.NUnitExtensions.Runner.UnityLogCheckDelegatingCommand:CaptureException (NUnit.Framework.Internal.TestResult,System.Action) (at ./Library/PackageCache/com.unity.test-framework@40e262928427/UnityEngine.TestRunner/NUnitExtensions/Runner/UnityLogCheckDelegatingCommand.cs:72)
0x000001e9aa274fb3 (Mono JIT Code) UnityEngine.TestRunner.NUnitExtensions.Runner.UnityLogCheckDelegatingCommand:ExecuteAndCheckLog (UnityEngine.TestTools.Logging.LogScope,NUnit.Framework.Internal.TestResult,System.Action) (at ./Library/PackageCache/com.unity.test-framework@40e262928427/UnityEngine.TestRunner/NUnitExtensions/Runner/UnityLogCheckDelegatingCommand.cs:83)
0x000001e9aa274c3b (Mono JIT Code) UnityEngine.TestRunner.NUnitExtensions.Runner.UnityLogCheckDelegatingCommand:Execute (NUnit.Framework.Internal.ITestExecutionContext) (at ./Library/PackageCache/com.unity.test-framework@40e262928427/UnityEngine.TestRunner/NUnitExtensions/Runner/UnityLogCheckDelegatingCommand.cs:24)
0x000001e9aa273c19 (Mono JIT Code) UnityEngine.TestRunner.NUnitExtensions.Runner.UnityLogCheckDelegatingCommand/<ExecuteEnumerable>d__3:MoveNext () (at ./Library/PackageCache/com.unity.test-framework@40e262928427/UnityEngine.TestRunner/NUnitExtensions/Runner/UnityLogCheckDelegatingCommand.cs:35)
0x000001e9aa251e01 (Mono JIT Code) UnityEngine.TestTools.BeforeAfterTestCommandBase`1/<ExecuteEnumerable>d__16<T_REF>:MoveNext () (at ./Library/PackageCache/com.unity.test-framework@40e262928427/UnityEngine.TestRunner/NUnitExtensions/Commands/BeforeAfterTestCommandBase.cs:212)
0x000001e9aa272fb6 (Mono JIT Code) UnityEngine.TestTools.ImmediateEnumerableCommand:Execute (NUnit.Framework.Internal.ITestExecutionContext) (at ./Library/PackageCache/com.unity.test-framework@40e262928427/UnityEngine.TestRunner/NUnitExtensions/Commands/ImmediateEnumerableCommand.cs:18)
0x000001e9aa251f01 (Mono JIT Code) UnityEngine.TestTools.BeforeAfterTestCommandBase`1/<ExecuteEnumerable>d__16<T_REF>:MoveNext () (at ./Library/PackageCache/com.unity.test-framework@40e262928427/UnityEngine.TestRunner/NUnitExtensions/Commands/BeforeAfterTestCommandBase.cs:219)
0x000001e9aa251e01 (Mono JIT Code) UnityEngine.TestTools.BeforeAfterTestCommandBase`1/<ExecuteEnumerable>d__16<T_REF>:MoveNext () (at ./Library/PackageCache/com.unity.test-framework@40e262928427/UnityEngine.TestRunner/NUnitExtensions/Commands/BeforeAfterTestCommandBase.cs:212)
0x000001e9aa251e01 (Mono JIT Code) UnityEngine.TestTools.BeforeAfterTestCommandBase`1/<ExecuteEnumerable>d__16<T_REF>:MoveNext () (at ./Library/PackageCache/com.unity.test-framework@40e262928427/UnityEngine.TestRunner/NUnitExtensions/Commands/BeforeAfterTestCommandBase.cs:212)
0x000001e9aa26b457 (Mono JIT Code) UnityEngine.TestTools.RetryCommand/<ExecuteEnumerable>d__2:MoveNext () (at ./Library/PackageCache/com.unity.test-framework@40e262928427/UnityEngine.TestRunner/NUnitExtensions/Commands/RetryCommand.cs:37)
0x000001e9aa269f2f (Mono JIT Code) UnityEngine.TestTools.RepeatCommand/<ExecuteEnumerable>d__2:MoveNext () (at ./Library/PackageCache/com.unity.test-framework@40e262928427/UnityEngine.TestRunner/NUnitExtensions/Commands/RepeatCommand.cs:36)
0x000001e9aa268fa6 (Mono JIT Code) UnityEngine.TestTools.IgnoreTestCommand/<ExecuteEnumerable>d__3:MoveNext () (at ./Library/PackageCache/com.unity.test-framework@40e262928427/UnityEngine.TestRunner/NUnitExtensions/Commands/IgnoreTestCommand.cs:42)
0x000001e9aa267c7f (Mono JIT Code) UnityEngine.TestTools.StrictCheckCommand/<ExecuteEnumerable>d__2:MoveNext () (at ./Library/PackageCache/com.unity.test-framework@40e262928427/UnityEngine.TestRunner/NUnitExtensions/Commands/StrictCheckCommand.cs:29)
0x000001e9aa266fe1 (Mono JIT Code) UnityEngine.TestRunner.NUnitExtensions.Runner.DefaultTestWorkItem/<PerformWork>d__2:MoveNext () (at ./Library/PackageCache/com.unity.test-framework@40e262928427/UnityEngine.TestRunner/NUnitExtensions/Runner/DefaultTestWorkItem.cs:50)
0x000001e9aa255e12 (Mono JIT Code) UnityEngine.TestRunner.NUnitExtensions.Runner.CompositeWorkItem/<RunChildren>d__17:MoveNext () (at ./Library/PackageCache/com.unity.test-framework@40e262928427/UnityEngine.TestRunner/NUnitExtensions/Runner/CompositeWorkItem.cs:207)
0x000001e9aa247756 (Mono JIT Code) UnityEngine.TestRunner.NUnitExtensions.Runner.CompositeWorkItem/<PerformWork>d__13:MoveNext () (at ./Library/PackageCache/com.unity.test-framework@40e262928427/UnityEngine.TestRunner/NUnitExtensions/Runner/CompositeWorkItem.cs:82)
0x000001e9aa255e12 (Mono JIT Code) UnityEngine.TestRunner.NUnitExtensions.Runner.CompositeWorkItem/<RunChildren>d__17:MoveNext () (at ./Library/PackageCache/com.unity.test-framework@40e262928427/UnityEngine.TestRunner/NUnitExtensions/Runner/CompositeWorkItem.cs:207)
0x000001e9aa247756 (Mono JIT Code) UnityEngine.TestRunner.NUnitExtensions.Runner.CompositeWorkItem/<PerformWork>d__13:MoveNext () (at ./Library/PackageCache/com.unity.test-framework@40e262928427/UnityEngine.TestRunner/NUnitExtensions/Runner/CompositeWorkItem.cs:82)
0x000001e9aa255e12 (Mono JIT Code) UnityEngine.TestRunner.NUnitExtensions.Runner.CompositeWorkItem/<RunChildren>d__17:MoveNext () (at ./Library/PackageCache/com.unity.test-framework@40e262928427/UnityEngine.TestRunner/NUnitExtensions/Runner/CompositeWorkItem.cs:207)
0x000001e9aa247756 (Mono JIT Code) UnityEngine.TestRunner.NUnitExtensions.Runner.CompositeWorkItem/<PerformWork>d__13:MoveNext () (at ./Library/PackageCache/com.unity.test-framework@40e262928427/UnityEngine.TestRunner/NUnitExtensions/Runner/CompositeWorkItem.cs:82)
0x000001e9aa245fcc (Mono JIT Code) UnityEditor.TestTools.TestRunner.EditModeRunner:MoveNextAndUpdateYieldObject () (at ./Library/PackageCache/com.unity.test-framework@40e262928427/UnityEditor.TestRunner/TestRunner/EditModeRunner.cs:167)
0x000001e9aa245b7b (Mono JIT Code) UnityEditor.TestTools.TestRunner.EditModeRunner:TestConsumer (UnityEditor.TestTools.TestRunner.TestRunnerStateSerializer) (at ./Library/PackageCache/com.unity.test-framework@40e262928427/UnityEditor.TestRunner/TestRunner/EditModeRunner.cs:200)
0x000001e9aa23c173 (Mono JIT Code) UnityEditor.TestTools.TestRunner.TestRun.Tasks.EditModeRunTask/<Execute>d__1:MoveNext () (at ./Library/PackageCache/com.unity.test-framework@40e262928427/UnityEditor.TestRunner/TestRun/Tasks/EditModeRunTask.cs:48)
0x000001e977129d5e (Mono JIT Code) UnityEditor.TestTools.TestRunner.TestRun.TestJobRunner:ExecuteStep () (at ./Library/PackageCache/com.unity.test-framework@40e262928427/UnityEditor.TestRunner/TestRun/TestJobRunner.cs:173)
0x000001e977128953 (Mono JIT Code) UnityEditor.TestTools.TestRunner.TestRun.TestJobRunner:ExecuteCallback () (at ./Library/PackageCache/com.unity.test-framework@40e262928427/UnityEditor.TestRunner/TestRun/TestJobRunner.cs:108)
0x000001e99df821b8 (Mono JIT Code) UnityEditor.EditorApplication:Internal_CallUpdateFunctions ()
0x000001e8e6514785 (Mono JIT Code) (wrapper runtime-invoke) object:runtime_invoke_void (object,intptr,intptr,intptr)
0x00007fff3fd16e7e (mono-2.0-bdwgc) mono_jit_runtime_invoke (at C:/build/output/Unity-Technologies/mono/mono/mini/mini-runtime.c:3445)
0x00007fff3fc58874 (mono-2.0-bdwgc) do_runtime_invoke (at C:/build/output/Unity-Technologies/mono/mono/metadata/object.c:3068)
0x00007fff3fc58960 (mono-2.0-bdwgc) mono_runtime_invoke (at C:/build/output/Unity-Technologies/mono/mono/metadata/object.c:3115)
0x00007fff38e4cea4 (Unity) scripting_method_invoke
0x00007fff38e25433 (Unity) ScriptingInvocation::Invoke
0x00007fff38e20b35 (Unity) ScriptingInvocation::Invoke<void>
0x00007fff38f8b4bb (Unity) Scripting::UnityEditor::EditorApplicationProxy::Internal_CallUpdateFunctions
0x00007fff3a07e0e4 (Unity) SceneTracker::Update
0x00007fff39be1247 (Unity) Application::TickTimer
0x00007fff3a1b25ac (Unity) MainMessageLoop
0x00007fff3a1b9d1c (Unity) UnityMain
0x00007ff68b302f2a (Unity) __scrt_common_main_seh
0x00007fffddade8d7 (KERNEL32) BaseThreadInitThunk
0x00007fffde88c53c (ntdll) RtlUserThreadStart

[RecoilConfiguration] Failed to deserialize JSON: JSON must represent an object type.. Returning default configuration.
0x00007fff38f222ae (Unity) StackWalker::ShowCallstack
0x00007fff38f31ee9 (Unity) PlatformStacktrace::GetStacktrace
0x00007fff3a1ac04e (Unity) Stacktrace::GetStacktrace
0x00007fff3a7859df (Unity) DebugStringToFile
0x00007fff37fd2930 (Unity) DebugLogHandler_CUSTOM_Internal_Log
0x000001e9766cbd3e (Mono JIT Code) (wrapper managed-to-native) UnityEngine.DebugLogHandler:Internal_Log_Injected (UnityEngine.LogType,UnityEngine.LogOption,UnityEngine.Bindings.ManagedSpanWrapper&,intptr)
0x000001e9766cbb43 (Mono JIT Code) UnityEngine.DebugLogHandler:Internal_Log (UnityEngine.LogType,UnityEngine.LogOption,string,UnityEngine.Object)
0x000001e9766cb7fb (Mono JIT Code) UnityEngine.DebugLogHandler:LogFormat (UnityEngine.LogType,UnityEngine.Object,string,object[])
0x000001e9766ca6ae (Mono JIT Code) UnityEngine.Logger:Log (UnityEngine.LogType,object)
0x000001e9aa2b404d (Mono JIT Code) UnityEngine.Debug:LogWarning (object)
0x000001e976d47adb (Mono JIT Code) RecoilConfiguration:FromJson (string) (at C:/Users/Ubuntu/Desktop/_DEV/AFFECT-2025-10-11/Assets/_SCRIPTS/_PLAYER/Recoil/RecoilConfiguration.cs:152)
0x000001e976d4812b (Mono JIT Code) SerializationProperties:Property16_InvalidJsonReturnsDefaultConfiguration () (at C:/Users/Ubuntu/Desktop/_DEV/AFFECT-2025-10-11/Assets/_SCRIPTS/Editor/SerializationProperties.cs:87)
0x000001e9aa264548 (Mono JIT Code) (wrapper runtime-invoke) object:runtime_invoke_void__this__ (object,intptr,intptr,intptr)
0x00007fff3fd16e7e (mono-2.0-bdwgc) mono_jit_runtime_invoke (at C:/build/output/Unity-Technologies/mono/mono/mini/mini-runtime.c:3445)
0x00007fff3fc58874 (mono-2.0-bdwgc) do_runtime_invoke (at C:/build/output/Unity-Technologies/mono/mono/metadata/object.c:3068)
0x00007fff3fc5f926 (mono-2.0-bdwgc) mono_runtime_try_invoke_array (at C:/build/output/Unity-Technologies/mono/mono/metadata/object.c:5774)
0x00007fff3fb91b81 (mono-2.0-bdwgc) ves_icall_InternalInvoke (at C:/build/output/Unity-Technologies/mono/mono/metadata/icall.c:4038)
0x00007fff3fbb7e31 (mono-2.0-bdwgc) ves_icall_InternalInvoke_raw (at C:/build/output/Unity-Technologies/mono/mono/metadata/icall-def.h:692)
0x000001e8e22b0f92 (Mono JIT Code) (wrapper managed-to-native) System.Reflection.RuntimeMethodInfo:InternalInvoke (System.Reflection.RuntimeMethodInfo,object,object[],System.Exception&)
0x000001e8e3c7ea73 (Mono JIT Code) System.Reflection.RuntimeMethodInfo:Invoke (object,System.Reflection.BindingFlags,System.Reflection.Binder,object[],System.Globalization.CultureInfo)
0x000001e8db9555ef (Mono JIT Code) System.Reflection.MethodBase:Invoke (object,object[])
0x000001e9aa26e783 (Mono JIT Code) NUnit.Framework.Internal.Reflect:InvokeMethod (System.Reflection.MethodInfo,object,object[])
0x000001e9aa2760ab (Mono JIT Code) NUnit.Framework.Internal.MethodWrapper:Invoke (object,object[])
0x000001e9aa275f8a (Mono JIT Code) NUnit.Framework.Internal.Commands.TestMethodCommand:RunNonAsyncTestMethod (NUnit.Framework.Internal.ITestExecutionContext)
0x000001e9aa275dd3 (Mono JIT Code) NUnit.Framework.Internal.Commands.TestMethodCommand:RunTestMethod (NUnit.Framework.Internal.ITestExecutionContext)
0x000001e9aa275973 (Mono JIT Code) NUnit.Framework.Internal.Commands.TestMethodCommand:Execute (NUnit.Framework.Internal.ITestExecutionContext)
0x000001e9aa27556b (Mono JIT Code) UnityEngine.TestTools.UnityTestMethodCommand:Execute (NUnit.Framework.Internal.ITestExecutionContext) (at ./Library/PackageCache/com.unity.test-framework@40e262928427/UnityEngine.TestRunner/NUnitExtensions/Commands/UnityTestMethodCommand.cs:19)
0x000001e9aa2752fb (Mono JIT Code) UnityEngine.TestRunner.NUnitExtensions.Runner.UnityLogCheckDelegatingCommand/<>c__DisplayClass2_0:<Execute>b__0 () (at ./Library/PackageCache/com.unity.test-framework@40e262928427/UnityEngine.TestRunner/NUnitExtensions/Runner/UnityLogCheckDelegatingCommand.cs:24)
0x000001e9aa275123 (Mono JIT Code) UnityEngine.TestRunner.NUnitExtensions.Runner.UnityLogCheckDelegatingCommand:CaptureException (NUnit.Framework.Internal.TestResult,System.Action) (at ./Library/PackageCache/com.unity.test-framework@40e262928427/UnityEngine.TestRunner/NUnitExtensions/Runner/UnityLogCheckDelegatingCommand.cs:72)
0x000001e9aa274fb3 (Mono JIT Code) UnityEngine.TestRunner.NUnitExtensions.Runner.UnityLogCheckDelegatingCommand:ExecuteAndCheckLog (UnityEngine.TestTools.Logging.LogScope,NUnit.Framework.Internal.TestResult,System.Action) (at ./Library/PackageCache/com.unity.test-framework@40e262928427/UnityEngine.TestRunner/NUnitExtensions/Runner/UnityLogCheckDelegatingCommand.cs:83)
0x000001e9aa274c3b (Mono JIT Code) UnityEngine.TestRunner.NUnitExtensions.Runner.UnityLogCheckDelegatingCommand:Execute (NUnit.Framework.Internal.ITestExecutionContext) (at ./Library/PackageCache/com.unity.test-framework@40e262928427/UnityEngine.TestRunner/NUnitExtensions/Runner/UnityLogCheckDelegatingCommand.cs:24)
0x000001e9aa273c19 (Mono JIT Code) UnityEngine.TestRunner.NUnitExtensions.Runner.UnityLogCheckDelegatingCommand/<ExecuteEnumerable>d__3:MoveNext () (at ./Library/PackageCache/com.unity.test-framework@40e262928427/UnityEngine.TestRunner/NUnitExtensions/Runner/UnityLogCheckDelegatingCommand.cs:35)
0x000001e9aa251e01 (Mono JIT Code) UnityEngine.TestTools.BeforeAfterTestCommandBase`1/<ExecuteEnumerable>d__16<T_REF>:MoveNext () (at ./Library/PackageCache/com.unity.test-framework@40e262928427/UnityEngine.TestRunner/NUnitExtensions/Commands/BeforeAfterTestCommandBase.cs:212)
0x000001e9aa272fb6 (Mono JIT Code) UnityEngine.TestTools.ImmediateEnumerableCommand:Execute (NUnit.Framework.Internal.ITestExecutionContext) (at ./Library/PackageCache/com.unity.test-framework@40e262928427/UnityEngine.TestRunner/NUnitExtensions/Commands/ImmediateEnumerableCommand.cs:18)
0x000001e9aa251f01 (Mono JIT Code) UnityEngine.TestTools.BeforeAfterTestCommandBase`1/<ExecuteEnumerable>d__16<T_REF>:MoveNext () (at ./Library/PackageCache/com.unity.test-framework@40e262928427/UnityEngine.TestRunner/NUnitExtensions/Commands/BeforeAfterTestCommandBase.cs:219)
0x000001e9aa251e01 (Mono JIT Code) UnityEngine.TestTools.BeforeAfterTestCommandBase`1/<ExecuteEnumerable>d__16<T_REF>:MoveNext () (at ./Library/PackageCache/com.unity.test-framework@40e262928427/UnityEngine.TestRunner/NUnitExtensions/Commands/BeforeAfterTestCommandBase.cs:212)
0x000001e9aa251e01 (Mono JIT Code) UnityEngine.TestTools.BeforeAfterTestCommandBase`1/<ExecuteEnumerable>d__16<T_REF>:MoveNext () (at ./Library/PackageCache/com.unity.test-framework@40e262928427/UnityEngine.TestRunner/NUnitExtensions/Commands/BeforeAfterTestCommandBase.cs:212)
0x000001e9aa26b457 (Mono JIT Code) UnityEngine.TestTools.RetryCommand/<ExecuteEnumerable>d__2:MoveNext () (at ./Library/PackageCache/com.unity.test-framework@40e262928427/UnityEngine.TestRunner/NUnitExtensions/Commands/RetryCommand.cs:37)
0x000001e9aa269f2f (Mono JIT Code) UnityEngine.TestTools.RepeatCommand/<ExecuteEnumerable>d__2:MoveNext () (at ./Library/PackageCache/com.unity.test-framework@40e262928427/UnityEngine.TestRunner/NUnitExtensions/Commands/RepeatCommand.cs:36)
0x000001e9aa268fa6 (Mono JIT Code) UnityEngine.TestTools.IgnoreTestCommand/<ExecuteEnumerable>d__3:MoveNext () (at ./Library/PackageCache/com.unity.test-framework@40e262928427/UnityEngine.TestRunner/NUnitExtensions/Commands/IgnoreTestCommand.cs:42)
0x000001e9aa267c7f (Mono JIT Code) UnityEngine.TestTools.StrictCheckCommand/<ExecuteEnumerable>d__2:MoveNext () (at ./Library/PackageCache/com.unity.test-framework@40e262928427/UnityEngine.TestRunner/NUnitExtensions/Commands/StrictCheckCommand.cs:29)
0x000001e9aa266fe1 (Mono JIT Code) UnityEngine.TestRunner.NUnitExtensions.Runner.DefaultTestWorkItem/<PerformWork>d__2:MoveNext () (at ./Library/PackageCache/com.unity.test-framework@40e262928427/UnityEngine.TestRunner/NUnitExtensions/Runner/DefaultTestWorkItem.cs:50)
0x000001e9aa255e12 (Mono JIT Code) UnityEngine.TestRunner.NUnitExtensions.Runner.CompositeWorkItem/<RunChildren>d__17:MoveNext () (at ./Library/PackageCache/com.unity.test-framework@40e262928427/UnityEngine.TestRunner/NUnitExtensions/Runner/CompositeWorkItem.cs:207)
0x000001e9aa247756 (Mono JIT Code) UnityEngine.TestRunner.NUnitExtensions.Runner.CompositeWorkItem/<PerformWork>d__13:MoveNext () (at ./Library/PackageCache/com.unity.test-framework@40e262928427/UnityEngine.TestRunner/NUnitExtensions/Runner/CompositeWorkItem.cs:82)
0x000001e9aa255e12 (Mono JIT Code) UnityEngine.TestRunner.NUnitExtensions.Runner.CompositeWorkItem/<RunChildren>d__17:MoveNext () (at ./Library/PackageCache/com.unity.test-framework@40e262928427/UnityEngine.TestRunner/NUnitExtensions/Runner/CompositeWorkItem.cs:207)
0x000001e9aa247756 (Mono JIT Code) UnityEngine.TestRunner.NUnitExtensions.Runner.CompositeWorkItem/<PerformWork>d__13:MoveNext () (at ./Library/PackageCache/com.unity.test-framework@40e262928427/UnityEngine.TestRunner/NUnitExtensions/Runner/CompositeWorkItem.cs:82)
0x000001e9aa255e12 (Mono JIT Code) UnityEngine.TestRunner.NUnitExtensions.Runner.CompositeWorkItem/<RunChildren>d__17:MoveNext () (at ./Library/PackageCache/com.unity.test-framework@40e262928427/UnityEngine.TestRunner/NUnitExtensions/Runner/CompositeWorkItem.cs:207)
0x000001e9aa247756 (Mono JIT Code) UnityEngine.TestRunner.NUnitExtensions.Runner.CompositeWorkItem/<PerformWork>d__13:MoveNext () (at ./Library/PackageCache/com.unity.test-framework@40e262928427/UnityEngine.TestRunner/NUnitExtensions/Runner/CompositeWorkItem.cs:82)
0x000001e9aa245fcc (Mono JIT Code) UnityEditor.TestTools.TestRunner.EditModeRunner:MoveNextAndUpdateYieldObject () (at ./Library/PackageCache/com.unity.test-framework@40e262928427/UnityEditor.TestRunner/TestRunner/EditModeRunner.cs:167)
0x000001e9aa245b7b (Mono JIT Code) UnityEditor.TestTools.TestRunner.EditModeRunner:TestConsumer (UnityEditor.TestTools.TestRunner.TestRunnerStateSerializer) (at ./Library/PackageCache/com.unity.test-framework@40e262928427/UnityEditor.TestRunner/TestRunner/EditModeRunner.cs:200)
0x000001e9aa23c173 (Mono JIT Code) UnityEditor.TestTools.TestRunner.TestRun.Tasks.EditModeRunTask/<Execute>d__1:MoveNext () (at ./Library/PackageCache/com.unity.test-framework@40e262928427/UnityEditor.TestRunner/TestRun/Tasks/EditModeRunTask.cs:48)
0x000001e977129d5e (Mono JIT Code) UnityEditor.TestTools.TestRunner.TestRun.TestJobRunner:ExecuteStep () (at ./Library/PackageCache/com.unity.test-framework@40e262928427/UnityEditor.TestRunner/TestRun/TestJobRunner.cs:173)
0x000001e977128953 (Mono JIT Code) UnityEditor.TestTools.TestRunner.TestRun.TestJobRunner:ExecuteCallback () (at ./Library/PackageCache/com.unity.test-framework@40e262928427/UnityEditor.TestRunner/TestRun/TestJobRunner.cs:108)
0x000001e99df821b8 (Mono JIT Code) UnityEditor.EditorApplication:Internal_CallUpdateFunctions ()
0x000001e8e6514785 (Mono JIT Code) (wrapper runtime-invoke) object:runtime_invoke_void (object,intptr,intptr,intptr)
0x00007fff3fd16e7e (mono-2.0-bdwgc) mono_jit_runtime_invoke (at C:/build/output/Unity-Technologies/mono/mono/mini/mini-runtime.c:3445)
0x00007fff3fc58874 (mono-2.0-bdwgc) do_runtime_invoke (at C:/build/output/Unity-Technologies/mono/mono/metadata/object.c:3068)
0x00007fff3fc58960 (mono-2.0-bdwgc) mono_runtime_invoke (at C:/build/output/Unity-Technologies/mono/mono/metadata/object.c:3115)
0x00007fff38e4cea4 (Unity) scripting_method_invoke
0x00007fff38e25433 (Unity) ScriptingInvocation::Invoke
0x00007fff38e20b35 (Unity) ScriptingInvocation::Invoke<void>
0x00007fff38f8b4bb (Unity) Scripting::UnityEditor::EditorApplicationProxy::Internal_CallUpdateFunctions
0x00007fff3a07e0e4 (Unity) SceneTracker::Update
0x00007fff39be1247 (Unity) Application::TickTimer
0x00007fff3a1b25ac (Unity) MainMessageLoop
0x00007fff3a1b9d1c (Unity) UnityMain
0x00007ff68b302f2a (Unity) __scrt_common_main_seh
0x00007fffddade8d7 (KERNEL32) BaseThreadInitThunk
0x00007fffde88c53c (ntdll) RtlUserThreadStart

[RecoilConfiguration] Failed to deserialize JSON: JSON parse error: Missing a name for object member.. Returning default configuration.
0x00007fff38f222ae (Unity) StackWalker::ShowCallstack
0x00007fff38f31ee9 (Unity) PlatformStacktrace::GetStacktrace
0x00007fff3a1ac04e (Unity) Stacktrace::GetStacktrace
0x00007fff3a7859df (Unity) DebugStringToFile
0x00007fff37fd2930 (Unity) DebugLogHandler_CUSTOM_Internal_Log
0x000001e9766cbd3e (Mono JIT Code) (wrapper managed-to-native) UnityEngine.DebugLogHandler:Internal_Log_Injected (UnityEngine.LogType,UnityEngine.LogOption,UnityEngine.Bindings.ManagedSpanWrapper&,intptr)
0x000001e9766cbb43 (Mono JIT Code) UnityEngine.DebugLogHandler:Internal_Log (UnityEngine.LogType,UnityEngine.LogOption,string,UnityEngine.Object)
0x000001e9766cb7fb (Mono JIT Code) UnityEngine.DebugLogHandler:LogFormat (UnityEngine.LogType,UnityEngine.Object,string,object[])
0x000001e9766ca6ae (Mono JIT Code) UnityEngine.Logger:Log (UnityEngine.LogType,object)
0x000001e9aa2b404d (Mono JIT Code) UnityEngine.Debug:LogWarning (object)
0x000001e976d47adb (Mono JIT Code) RecoilConfiguration:FromJson (string) (at C:/Users/Ubuntu/Desktop/_DEV/AFFECT-2025-10-11/Assets/_SCRIPTS/_PLAYER/Recoil/RecoilConfiguration.cs:152)
0x000001e976d48643 (Mono JIT Code) SerializationProperties:Property16_InvalidJsonReturnsDefaultConfiguration () (at C:/Users/Ubuntu/Desktop/_DEV/AFFECT-2025-10-11/Assets/_SCRIPTS/Editor/SerializationProperties.cs:115)
0x000001e9aa264548 (Mono JIT Code) (wrapper runtime-invoke) object:runtime_invoke_void__this__ (object,intptr,intptr,intptr)
0x00007fff3fd16e7e (mono-2.0-bdwgc) mono_jit_runtime_invoke (at C:/build/output/Unity-Technologies/mono/mono/mini/mini-runtime.c:3445)
0x00007fff3fc58874 (mono-2.0-bdwgc) do_runtime_invoke (at C:/build/output/Unity-Technologies/mono/mono/metadata/object.c:3068)
0x00007fff3fc5f926 (mono-2.0-bdwgc) mono_runtime_try_invoke_array (at C:/build/output/Unity-Technologies/mono/mono/metadata/object.c:5774)
0x00007fff3fb91b81 (mono-2.0-bdwgc) ves_icall_InternalInvoke (at C:/build/output/Unity-Technologies/mono/mono/metadata/icall.c:4038)
0x00007fff3fbb7e31 (mono-2.0-bdwgc) ves_icall_InternalInvoke_raw (at C:/build/output/Unity-Technologies/mono/mono/metadata/icall-def.h:692)
0x000001e8e22b0f92 (Mono JIT Code) (wrapper managed-to-native) System.Reflection.RuntimeMethodInfo:InternalInvoke (System.Reflection.RuntimeMethodInfo,object,object[],System.Exception&)
0x000001e8e3c7ea73 (Mono JIT Code) System.Reflection.RuntimeMethodInfo:Invoke (object,System.Reflection.BindingFlags,System.Reflection.Binder,object[],System.Globalization.CultureInfo)
0x000001e8db9555ef (Mono JIT Code) System.Reflection.MethodBase:Invoke (object,object[])
0x000001e9aa26e783 (Mono JIT Code) NUnit.Framework.Internal.Reflect:InvokeMethod (System.Reflection.MethodInfo,object,object[])
0x000001e9aa2760ab (Mono JIT Code) NUnit.Framework.Internal.MethodWrapper:Invoke (object,object[])
0x000001e9aa275f8a (Mono JIT Code) NUnit.Framework.Internal.Commands.TestMethodCommand:RunNonAsyncTestMethod (NUnit.Framework.Internal.ITestExecutionContext)
0x000001e9aa275dd3 (Mono JIT Code) NUnit.Framework.Internal.Commands.TestMethodCommand:RunTestMethod (NUnit.Framework.Internal.ITestExecutionContext)
0x000001e9aa275973 (Mono JIT Code) NUnit.Framework.Internal.Commands.TestMethodCommand:Execute (NUnit.Framework.Internal.ITestExecutionContext)
0x000001e9aa27556b (Mono JIT Code) UnityEngine.TestTools.UnityTestMethodCommand:Execute (NUnit.Framework.Internal.ITestExecutionContext) (at ./Library/PackageCache/com.unity.test-framework@40e262928427/UnityEngine.TestRunner/NUnitExtensions/Commands/UnityTestMethodCommand.cs:19)
0x000001e9aa2752fb (Mono JIT Code) UnityEngine.TestRunner.NUnitExtensions.Runner.UnityLogCheckDelegatingCommand/<>c__DisplayClass2_0:<Execute>b__0 () (at ./Library/PackageCache/com.unity.test-framework@40e262928427/UnityEngine.TestRunner/NUnitExtensions/Runner/UnityLogCheckDelegatingCommand.cs:24)
0x000001e9aa275123 (Mono JIT Code) UnityEngine.TestRunner.NUnitExtensions.Runner.UnityLogCheckDelegatingCommand:CaptureException (NUnit.Framework.Internal.TestResult,System.Action) (at ./Library/PackageCache/com.unity.test-framework@40e262928427/UnityEngine.TestRunner/NUnitExtensions/Runner/UnityLogCheckDelegatingCommand.cs:72)
0x000001e9aa274fb3 (Mono JIT Code) UnityEngine.TestRunner.NUnitExtensions.Runner.UnityLogCheckDelegatingCommand:ExecuteAndCheckLog (UnityEngine.TestTools.Logging.LogScope,NUnit.Framework.Internal.TestResult,System.Action) (at ./Library/PackageCache/com.unity.test-framework@40e262928427/UnityEngine.TestRunner/NUnitExtensions/Runner/UnityLogCheckDelegatingCommand.cs:83)
0x000001e9aa274c3b (Mono JIT Code) UnityEngine.TestRunner.NUnitExtensions.Runner.UnityLogCheckDelegatingCommand:Execute (NUnit.Framework.Internal.ITestExecutionContext) (at ./Library/PackageCache/com.unity.test-framework@40e262928427/UnityEngine.TestRunner/NUnitExtensions/Runner/UnityLogCheckDelegatingCommand.cs:24)
0x000001e9aa273c19 (Mono JIT Code) UnityEngine.TestRunner.NUnitExtensions.Runner.UnityLogCheckDelegatingCommand/<ExecuteEnumerable>d__3:MoveNext () (at ./Library/PackageCache/com.unity.test-framework@40e262928427/UnityEngine.TestRunner/NUnitExtensions/Runner/UnityLogCheckDelegatingCommand.cs:35)
0x000001e9aa251e01 (Mono JIT Code) UnityEngine.TestTools.BeforeAfterTestCommandBase`1/<ExecuteEnumerable>d__16<T_REF>:MoveNext () (at ./Library/PackageCache/com.unity.test-framework@40e262928427/UnityEngine.TestRunner/NUnitExtensions/Commands/BeforeAfterTestCommandBase.cs:212)
0x000001e9aa272fb6 (Mono JIT Code) UnityEngine.TestTools.ImmediateEnumerableCommand:Execute (NUnit.Framework.Internal.ITestExecutionContext) (at ./Library/PackageCache/com.unity.test-framework@40e262928427/UnityEngine.TestRunner/NUnitExtensions/Commands/ImmediateEnumerableCommand.cs:18)
0x000001e9aa251f01 (Mono JIT Code) UnityEngine.TestTools.BeforeAfterTestCommandBase`1/<ExecuteEnumerable>d__16<T_REF>:MoveNext () (at ./Library/PackageCache/com.unity.test-framework@40e262928427/UnityEngine.TestRunner/NUnitExtensions/Commands/BeforeAfterTestCommandBase.cs:219)
0x000001e9aa251e01 (Mono JIT Code) UnityEngine.TestTools.BeforeAfterTestCommandBase`1/<ExecuteEnumerable>d__16<T_REF>:MoveNext () (at ./Library/PackageCache/com.unity.test-framework@40e262928427/UnityEngine.TestRunner/NUnitExtensions/Commands/BeforeAfterTestCommandBase.cs:212)
0x000001e9aa251e01 (Mono JIT Code) UnityEngine.TestTools.BeforeAfterTestCommandBase`1/<ExecuteEnumerable>d__16<T_REF>:MoveNext () (at ./Library/PackageCache/com.unity.test-framework@40e262928427/UnityEngine.TestRunner/NUnitExtensions/Commands/BeforeAfterTestCommandBase.cs:212)
0x000001e9aa26b457 (Mono JIT Code) UnityEngine.TestTools.RetryCommand/<ExecuteEnumerable>d__2:MoveNext () (at ./Library/PackageCache/com.unity.test-framework@40e262928427/UnityEngine.TestRunner/NUnitExtensions/Commands/RetryCommand.cs:37)
0x000001e9aa269f2f (Mono JIT Code) UnityEngine.TestTools.RepeatCommand/<ExecuteEnumerable>d__2:MoveNext () (at ./Library/PackageCache/com.unity.test-framework@40e262928427/UnityEngine.TestRunner/NUnitExtensions/Commands/RepeatCommand.cs:36)
0x000001e9aa268fa6 (Mono JIT Code) UnityEngine.TestTools.IgnoreTestCommand/<ExecuteEnumerable>d__3:MoveNext () (at ./Library/PackageCache/com.unity.test-framework@40e262928427/UnityEngine.TestRunner/NUnitExtensions/Commands/IgnoreTestCommand.cs:42)
0x000001e9aa267c7f (Mono JIT Code) UnityEngine.TestTools.StrictCheckCommand/<ExecuteEnumerable>d__2:MoveNext () (at ./Library/PackageCache/com.unity.test-framework@40e262928427/UnityEngine.TestRunner/NUnitExtensions/Commands/StrictCheckCommand.cs:29)
0x000001e9aa266fe1 (Mono JIT Code) UnityEngine.TestRunner.NUnitExtensions.Runner.DefaultTestWorkItem/<PerformWork>d__2:MoveNext () (at ./Library/PackageCache/com.unity.test-framework@40e262928427/UnityEngine.TestRunner/NUnitExtensions/Runner/DefaultTestWorkItem.cs:50)
0x000001e9aa255e12 (Mono JIT Code) UnityEngine.TestRunner.NUnitExtensions.Runner.CompositeWorkItem/<RunChildren>d__17:MoveNext () (at ./Library/PackageCache/com.unity.test-framework@40e262928427/UnityEngine.TestRunner/NUnitExtensions/Runner/CompositeWorkItem.cs:207)
0x000001e9aa247756 (Mono JIT Code) UnityEngine.TestRunner.NUnitExtensions.Runner.CompositeWorkItem/<PerformWork>d__13:MoveNext () (at ./Library/PackageCache/com.unity.test-framework@40e262928427/UnityEngine.TestRunner/NUnitExtensions/Runner/CompositeWorkItem.cs:82)
0x000001e9aa255e12 (Mono JIT Code) UnityEngine.TestRunner.NUnitExtensions.Runner.CompositeWorkItem/<RunChildren>d__17:MoveNext () (at ./Library/PackageCache/com.unity.test-framework@40e262928427/UnityEngine.TestRunner/NUnitExtensions/Runner/CompositeWorkItem.cs:207)
0x000001e9aa247756 (Mono JIT Code) UnityEngine.TestRunner.NUnitExtensions.Runner.CompositeWorkItem/<PerformWork>d__13:MoveNext () (at ./Library/PackageCache/com.unity.test-framework@40e262928427/UnityEngine.TestRunner/NUnitExtensions/Runner/CompositeWorkItem.cs:82)
0x000001e9aa255e12 (Mono JIT Code) UnityEngine.TestRunner.NUnitExtensions.Runner.CompositeWorkItem/<RunChildren>d__17:MoveNext () (at ./Library/PackageCache/com.unity.test-framework@40e262928427/UnityEngine.TestRunner/NUnitExtensions/Runner/CompositeWorkItem.cs:207)
0x000001e9aa247756 (Mono JIT Code) UnityEngine.TestRunner.NUnitExtensions.Runner.CompositeWorkItem/<PerformWork>d__13:MoveNext () (at ./Library/PackageCache/com.unity.test-framework@40e262928427/UnityEngine.TestRunner/NUnitExtensions/Runner/CompositeWorkItem.cs:82)
0x000001e9aa245fcc (Mono JIT Code) UnityEditor.TestTools.TestRunner.EditModeRunner:MoveNextAndUpdateYieldObject () (at ./Library/PackageCache/com.unity.test-framework@40e262928427/UnityEditor.TestRunner/TestRunner/EditModeRunner.cs:167)
0x000001e9aa245b7b (Mono JIT Code) UnityEditor.TestTools.TestRunner.EditModeRunner:TestConsumer (UnityEditor.TestTools.TestRunner.TestRunnerStateSerializer) (at ./Library/PackageCache/com.unity.test-framework@40e262928427/UnityEditor.TestRunner/TestRunner/EditModeRunner.cs:200)
0x000001e9aa23c173 (Mono JIT Code) UnityEditor.TestTools.TestRunner.TestRun.Tasks.EditModeRunTask/<Execute>d__1:MoveNext () (at ./Library/PackageCache/com.unity.test-framework@40e262928427/UnityEditor.TestRunner/TestRun/Tasks/EditModeRunTask.cs:48)
0x000001e977129d5e (Mono JIT Code) UnityEditor.TestTools.TestRunner.TestRun.TestJobRunner:ExecuteStep () (at ./Library/PackageCache/com.unity.test-framework@40e262928427/UnityEditor.TestRunner/TestRun/TestJobRunner.cs:173)
0x000001e977128953 (Mono JIT Code) UnityEditor.TestTools.TestRunner.TestRun.TestJobRunner:ExecuteCallback () (at ./Library/PackageCache/com.unity.test-framework@40e262928427/UnityEditor.TestRunner/TestRun/TestJobRunner.cs:108)
0x000001e99df821b8 (Mono JIT Code) UnityEditor.EditorApplication:Internal_CallUpdateFunctions ()
0x000001e8e6514785 (Mono JIT Code) (wrapper runtime-invoke) object:runtime_invoke_void (object,intptr,intptr,intptr)
0x00007fff3fd16e7e (mono-2.0-bdwgc) mono_jit_runtime_invoke (at C:/build/output/Unity-Technologies/mono/mono/mini/mini-runtime.c:3445)
0x00007fff3fc58874 (mono-2.0-bdwgc) do_runtime_invoke (at C:/build/output/Unity-Technologies/mono/mono/metadata/object.c:3068)
0x00007fff3fc58960 (mono-2.0-bdwgc) mono_runtime_invoke (at C:/build/output/Unity-Technologies/mono/mono/metadata/object.c:3115)
0x00007fff38e4cea4 (Unity) scripting_method_invoke
0x00007fff38e25433 (Unity) ScriptingInvocation::Invoke
0x00007fff38e20b35 (Unity) ScriptingInvocation::Invoke<void>
0x00007fff38f8b4bb (Unity) Scripting::UnityEditor::EditorApplicationProxy::Internal_CallUpdateFunctions
0x00007fff3a07e0e4 (Unity) SceneTracker::Update
0x00007fff39be1247 (Unity) Application::TickTimer
0x00007fff3a1b25ac (Unity) MainMessageLoop
0x00007fff3a1b9d1c (Unity) UnityMain
0x00007ff68b302f2a (Unity) __scrt_common_main_seh
0x00007fffddade8d7 (KERNEL32) BaseThreadInitThunk
0x00007fffde88c53c (ntdll) RtlUserThreadStart

[RecoilConfiguration] Empty or null JSON provided, returning default configuration.
0x00007fff38f222ae (Unity) StackWalker::ShowCallstack
0x00007fff38f31ee9 (Unity) PlatformStacktrace::GetStacktrace
0x00007fff3a1ac04e (Unity) Stacktrace::GetStacktrace
0x00007fff3a7859df (Unity) DebugStringToFile
0x00007fff37fd2930 (Unity) DebugLogHandler_CUSTOM_Internal_Log
0x000001e9766cbd3e (Mono JIT Code) (wrapper managed-to-native) UnityEngine.DebugLogHandler:Internal_Log_Injected (UnityEngine.LogType,UnityEngine.LogOption,UnityEngine.Bindings.ManagedSpanWrapper&,intptr)
0x000001e9766cbb43 (Mono JIT Code) UnityEngine.DebugLogHandler:Internal_Log (UnityEngine.LogType,UnityEngine.LogOption,string,UnityEngine.Object)
0x000001e9766cb7fb (Mono JIT Code) UnityEngine.DebugLogHandler:LogFormat (UnityEngine.LogType,UnityEngine.Object,string,object[])
0x000001e9766ca6ae (Mono JIT Code) UnityEngine.Logger:Log (UnityEngine.LogType,object)
0x000001e9aa2b404d (Mono JIT Code) UnityEngine.Debug:LogWarning (object)
0x000001e976d477fb (Mono JIT Code) RecoilConfiguration:FromJson (string) (at C:/Users/Ubuntu/Desktop/_DEV/AFFECT-2025-10-11/Assets/_SCRIPTS/_PLAYER/Recoil/RecoilConfiguration.cs:136)
0x000001e976d48643 (Mono JIT Code) SerializationProperties:Property16_InvalidJsonReturnsDefaultConfiguration () (at C:/Users/Ubuntu/Desktop/_DEV/AFFECT-2025-10-11/Assets/_SCRIPTS/Editor/SerializationProperties.cs:115)
0x000001e9aa264548 (Mono JIT Code) (wrapper runtime-invoke) object:runtime_invoke_void__this__ (object,intptr,intptr,intptr)
0x00007fff3fd16e7e (mono-2.0-bdwgc) mono_jit_runtime_invoke (at C:/build/output/Unity-Technologies/mono/mono/mini/mini-runtime.c:3445)
0x00007fff3fc58874 (mono-2.0-bdwgc) do_runtime_invoke (at C:/build/output/Unity-Technologies/mono/mono/metadata/object.c:3068)
0x00007fff3fc5f926 (mono-2.0-bdwgc) mono_runtime_try_invoke_array (at C:/build/output/Unity-Technologies/mono/mono/metadata/object.c:5774)
0x00007fff3fb91b81 (mono-2.0-bdwgc) ves_icall_InternalInvoke (at C:/build/output/Unity-Technologies/mono/mono/metadata/icall.c:4038)
0x00007fff3fbb7e31 (mono-2.0-bdwgc) ves_icall_InternalInvoke_raw (at C:/build/output/Unity-Technologies/mono/mono/metadata/icall-def.h:692)
0x000001e8e22b0f92 (Mono JIT Code) (wrapper managed-to-native) System.Reflection.RuntimeMethodInfo:InternalInvoke (System.Reflection.RuntimeMethodInfo,object,object[],System.Exception&)
0x000001e8e3c7ea73 (Mono JIT Code) System.Reflection.RuntimeMethodInfo:Invoke (object,System.Reflection.BindingFlags,System.Reflection.Binder,object[],System.Globalization.CultureInfo)
0x000001e8db9555ef (Mono JIT Code) System.Reflection.MethodBase:Invoke (object,object[])
0x000001e9aa26e783 (Mono JIT Code) NUnit.Framework.Internal.Reflect:InvokeMethod (System.Reflection.MethodInfo,object,object[])
0x000001e9aa2760ab (Mono JIT Code) NUnit.Framework.Internal.MethodWrapper:Invoke (object,object[])
0x000001e9aa275f8a (Mono JIT Code) NUnit.Framework.Internal.Commands.TestMethodCommand:RunNonAsyncTestMethod (NUnit.Framework.Internal.ITestExecutionContext)
0x000001e9aa275dd3 (Mono JIT Code) NUnit.Framework.Internal.Commands.TestMethodCommand:RunTestMethod (NUnit.Framework.Internal.ITestExecutionContext)
0x000001e9aa275973 (Mono JIT Code) NUnit.Framework.Internal.Commands.TestMethodCommand:Execute (NUnit.Framework.Internal.ITestExecutionContext)
0x000001e9aa27556b (Mono JIT Code) UnityEngine.TestTools.UnityTestMethodCommand:Execute (NUnit.Framework.Internal.ITestExecutionContext) (at ./Library/PackageCache/com.unity.test-framework@40e262928427/UnityEngine.TestRunner/NUnitExtensions/Commands/UnityTestMethodCommand.cs:19)
0x000001e9aa2752fb (Mono JIT Code) UnityEngine.TestRunner.NUnitExtensions.Runner.UnityLogCheckDelegatingCommand/<>c__DisplayClass2_0:<Execute>b__0 () (at ./Library/PackageCache/com.unity.test-framework@40e262928427/UnityEngine.TestRunner/NUnitExtensions/Runner/UnityLogCheckDelegatingCommand.cs:24)
0x000001e9aa275123 (Mono JIT Code) UnityEngine.TestRunner.NUnitExtensions.Runner.UnityLogCheckDelegatingCommand:CaptureException (NUnit.Framework.Internal.TestResult,System.Action) (at ./Library/PackageCache/com.unity.test-framework@40e262928427/UnityEngine.TestRunner/NUnitExtensions/Runner/UnityLogCheckDelegatingCommand.cs:72)
0x000001e9aa274fb3 (Mono JIT Code) UnityEngine.TestRunner.NUnitExtensions.Runner.UnityLogCheckDelegatingCommand:ExecuteAndCheckLog (UnityEngine.TestTools.Logging.LogScope,NUnit.Framework.Internal.TestResult,System.Action) (at ./Library/PackageCache/com.unity.test-framework@40e262928427/UnityEngine.TestRunner/NUnitExtensions/Runner/UnityLogCheckDelegatingCommand.cs:83)
0x000001e9aa274c3b (Mono JIT Code) UnityEngine.TestRunner.NUnitExtensions.Runner.UnityLogCheckDelegatingCommand:Execute (NUnit.Framework.Internal.ITestExecutionContext) (at ./Library/PackageCache/com.unity.test-framework@40e262928427/UnityEngine.TestRunner/NUnitExtensions/Runner/UnityLogCheckDelegatingCommand.cs:24)
0x000001e9aa273c19 (Mono JIT Code) UnityEngine.TestRunner.NUnitExtensions.Runner.UnityLogCheckDelegatingCommand/<ExecuteEnumerable>d__3:MoveNext () (at ./Library/PackageCache/com.unity.test-framework@40e262928427/UnityEngine.TestRunner/NUnitExtensions/Runner/UnityLogCheckDelegatingCommand.cs:35)
0x000001e9aa251e01 (Mono JIT Code) UnityEngine.TestTools.BeforeAfterTestCommandBase`1/<ExecuteEnumerable>d__16<T_REF>:MoveNext () (at ./Library/PackageCache/com.unity.test-framework@40e262928427/UnityEngine.TestRunner/NUnitExtensions/Commands/BeforeAfterTestCommandBase.cs:212)
0x000001e9aa272fb6 (Mono JIT Code) UnityEngine.TestTools.ImmediateEnumerableCommand:Execute (NUnit.Framework.Internal.ITestExecutionContext) (at ./Library/PackageCache/com.unity.test-framework@40e262928427/UnityEngine.TestRunner/NUnitExtensions/Commands/ImmediateEnumerableCommand.cs:18)
0x000001e9aa251f01 (Mono JIT Code) UnityEngine.TestTools.BeforeAfterTestCommandBase`1/<ExecuteEnumerable>d__16<T_REF>:MoveNext () (at ./Library/PackageCache/com.unity.test-framework@40e262928427/UnityEngine.TestRunner/NUnitExtensions/Commands/BeforeAfterTestCommandBase.cs:219)
0x000001e9aa251e01 (Mono JIT Code) UnityEngine.TestTools.BeforeAfterTestCommandBase`1/<ExecuteEnumerable>d__16<T_REF>:MoveNext () (at ./Library/PackageCache/com.unity.test-framework@40e262928427/UnityEngine.TestRunner/NUnitExtensions/Commands/BeforeAfterTestCommandBase.cs:212)
0x000001e9aa251e01 (Mono JIT Code) UnityEngine.TestTools.BeforeAfterTestCommandBase`1/<ExecuteEnumerable>d__16<T_REF>:MoveNext () (at ./Library/PackageCache/com.unity.test-framework@40e262928427/UnityEngine.TestRunner/NUnitExtensions/Commands/BeforeAfterTestCommandBase.cs:212)
0x000001e9aa26b457 (Mono JIT Code) UnityEngine.TestTools.RetryCommand/<ExecuteEnumerable>d__2:MoveNext () (at ./Library/PackageCache/com.unity.test-framework@40e262928427/UnityEngine.TestRunner/NUnitExtensions/Commands/RetryCommand.cs:37)
0x000001e9aa269f2f (Mono JIT Code) UnityEngine.TestTools.RepeatCommand/<ExecuteEnumerable>d__2:MoveNext () (at ./Library/PackageCache/com.unity.test-framework@40e262928427/UnityEngine.TestRunner/NUnitExtensions/Commands/RepeatCommand.cs:36)
0x000001e9aa268fa6 (Mono JIT Code) UnityEngine.TestTools.IgnoreTestCommand/<ExecuteEnumerable>d__3:MoveNext () (at ./Library/PackageCache/com.unity.test-framework@40e262928427/UnityEngine.TestRunner/NUnitExtensions/Commands/IgnoreTestCommand.cs:42)
0x000001e9aa267c7f (Mono JIT Code) UnityEngine.TestTools.StrictCheckCommand/<ExecuteEnumerable>d__2:MoveNext () (at ./Library/PackageCache/com.unity.test-framework@40e262928427/UnityEngine.TestRunner/NUnitExtensions/Commands/StrictCheckCommand.cs:29)
0x000001e9aa266fe1 (Mono JIT Code) UnityEngine.TestRunner.NUnitExtensions.Runner.DefaultTestWorkItem/<PerformWork>d__2:MoveNext () (at ./Library/PackageCache/com.unity.test-framework@40e262928427/UnityEngine.TestRunner/NUnitExtensions/Runner/DefaultTestWorkItem.cs:50)
0x000001e9aa255e12 (Mono JIT Code) UnityEngine.TestRunner.NUnitExtensions.Runner.CompositeWorkItem/<RunChildren>d__17:MoveNext () (at ./Library/PackageCache/com.unity.test-framework@40e262928427/UnityEngine.TestRunner/NUnitExtensions/Runner/CompositeWorkItem.cs:207)
0x000001e9aa247756 (Mono JIT Code) UnityEngine.TestRunner.NUnitExtensions.Runner.CompositeWorkItem/<PerformWork>d__13:MoveNext () (at ./Library/PackageCache/com.unity.test-framework@40e262928427/UnityEngine.TestRunner/NUnitExtensions/Runner/CompositeWorkItem.cs:82)
0x000001e9aa255e12 (Mono JIT Code) UnityEngine.TestRunner.NUnitExtensions.Runner.CompositeWorkItem/<RunChildren>d__17:MoveNext () (at ./Library/PackageCache/com.unity.test-framework@40e262928427/UnityEngine.TestRunner/NUnitExtensions/Runner/CompositeWorkItem.cs:207)
0x000001e9aa247756 (Mono JIT Code) UnityEngine.TestRunner.NUnitExtensions.Runner.CompositeWorkItem/<PerformWork>d__13:MoveNext () (at ./Library/PackageCache/com.unity.test-framework@40e262928427/UnityEngine.TestRunner/NUnitExtensions/Runner/CompositeWorkItem.cs:82)
0x000001e9aa255e12 (Mono JIT Code) UnityEngine.TestRunner.NUnitExtensions.Runner.CompositeWorkItem/<RunChildren>d__17:MoveNext () (at ./Library/PackageCache/com.unity.test-framework@40e262928427/UnityEngine.TestRunner/NUnitExtensions/Runner/CompositeWorkItem.cs:207)
0x000001e9aa247756 (Mono JIT Code) UnityEngine.TestRunner.NUnitExtensions.Runner.CompositeWorkItem/<PerformWork>d__13:MoveNext () (at ./Library/PackageCache/com.unity.test-framework@40e262928427/UnityEngine.TestRunner/NUnitExtensions/Runner/CompositeWorkItem.cs:82)
0x000001e9aa245fcc (Mono JIT Code) UnityEditor.TestTools.TestRunner.EditModeRunner:MoveNextAndUpdateYieldObject () (at ./Library/PackageCache/com.unity.test-framework@40e262928427/UnityEditor.TestRunner/TestRunner/EditModeRunner.cs:167)
0x000001e9aa245b7b (Mono JIT Code) UnityEditor.TestTools.TestRunner.EditModeRunner:TestConsumer (UnityEditor.TestTools.TestRunner.TestRunnerStateSerializer) (at ./Library/PackageCache/com.unity.test-framework@40e262928427/UnityEditor.TestRunner/TestRunner/EditModeRunner.cs:200)
0x000001e9aa23c173 (Mono JIT Code) UnityEditor.TestTools.TestRunner.TestRun.Tasks.EditModeRunTask/<Execute>d__1:MoveNext () (at ./Library/PackageCache/com.unity.test-framework@40e262928427/UnityEditor.TestRunner/TestRun/Tasks/EditModeRunTask.cs:48)
0x000001e977129d5e (Mono JIT Code) UnityEditor.TestTools.TestRunner.TestRun.TestJobRunner:ExecuteStep () (at ./Library/PackageCache/com.unity.test-framework@40e262928427/UnityEditor.TestRunner/TestRun/TestJobRunner.cs:173)
0x000001e977128953 (Mono JIT Code) UnityEditor.TestTools.TestRunner.TestRun.TestJobRunner:ExecuteCallback () (at ./Library/PackageCache/com.unity.test-framework@40e262928427/UnityEditor.TestRunner/TestRun/TestJobRunner.cs:108)
0x000001e99df821b8 (Mono JIT Code) UnityEditor.EditorApplication:Internal_CallUpdateFunctions ()
0x000001e8e6514785 (Mono JIT Code) (wrapper runtime-invoke) object:runtime_invoke_void (object,intptr,intptr,intptr)
0x00007fff3fd16e7e (mono-2.0-bdwgc) mono_jit_runtime_invoke (at C:/build/output/Unity-Technologies/mono/mono/mini/mini-runtime.c:3445)
0x00007fff3fc58874 (mono-2.0-bdwgc) do_runtime_invoke (at C:/build/output/Unity-Technologies/mono/mono/metadata/object.c:3068)
0x00007fff3fc58960 (mono-2.0-bdwgc) mono_runtime_invoke (at C:/build/output/Unity-Technologies/mono/mono/metadata/object.c:3115)
0x00007fff38e4cea4 (Unity) scripting_method_invoke
0x00007fff38e25433 (Unity) ScriptingInvocation::Invoke
0x00007fff38e20b35 (Unity) ScriptingInvocation::Invoke<void>
0x00007fff38f8b4bb (Unity) Scripting::UnityEditor::EditorApplicationProxy::Internal_CallUpdateFunctions
0x00007fff3a07e0e4 (Unity) SceneTracker::Update
0x00007fff39be1247 (Unity) Application::TickTimer
0x00007fff3a1b25ac (Unity) MainMessageLoop
0x00007fff3a1b9d1c (Unity) UnityMain
0x00007ff68b302f2a (Unity) __scrt_common_main_seh
0x00007fffddade8d7 (KERNEL32) BaseThreadInitThunk
0x00007fffde88c53c (ntdll) RtlUserThreadStart

[RecoilConfiguration] Failed to deserialize JSON: JSON parse error: Missing a name for object member.. Returning default configuration.
0x00007fff38f222ae (Unity) StackWalker::ShowCallstack
0x00007fff38f31ee9 (Unity) PlatformStacktrace::GetStacktrace
0x00007fff3a1ac04e (Unity) Stacktrace::GetStacktrace
0x00007fff3a7859df (Unity) DebugStringToFile
0x00007fff37fd2930 (Unity) DebugLogHandler_CUSTOM_Internal_Log
0x000001e9766cbd3e (Mono JIT Code) (wrapper managed-to-native) UnityEngine.DebugLogHandler:Internal_Log_Injected (UnityEngine.LogType,UnityEngine.LogOption,UnityEngine.Bindings.ManagedSpanWrapper&,intptr)
0x000001e9766cbb43 (Mono JIT Code) UnityEngine.DebugLogHandler:Internal_Log (UnityEngine.LogType,UnityEngine.LogOption,string,UnityEngine.Object)
0x000001e9766cb7fb (Mono JIT Code) UnityEngine.DebugLogHandler:LogFormat (UnityEngine.LogType,UnityEngine.Object,string,object[])
0x000001e9766ca6ae (Mono JIT Code) UnityEngine.Logger:Log (UnityEngine.LogType,object)
0x000001e9aa2b404d (Mono JIT Code) UnityEngine.Debug:LogWarning (object)
0x000001e976d47adb (Mono JIT Code) RecoilConfiguration:FromJson (string) (at C:/Users/Ubuntu/Desktop/_DEV/AFFECT-2025-10-11/Assets/_SCRIPTS/_PLAYER/Recoil/RecoilConfiguration.cs:152)
0x000001e976d48643 (Mono JIT Code) SerializationProperties:Property16_InvalidJsonReturnsDefaultConfiguration () (at C:/Users/Ubuntu/Desktop/_DEV/AFFECT-2025-10-11/Assets/_SCRIPTS/Editor/SerializationProperties.cs:115)
0x000001e9aa264548 (Mono JIT Code) (wrapper runtime-invoke) object:runtime_invoke_void__this__ (object,intptr,intptr,intptr)
0x00007fff3fd16e7e (mono-2.0-bdwgc) mono_jit_runtime_invoke (at C:/build/output/Unity-Technologies/mono/mono/mini/mini-runtime.c:3445)
0x00007fff3fc58874 (mono-2.0-bdwgc) do_runtime_invoke (at C:/build/output/Unity-Technologies/mono/mono/metadata/object.c:3068)
0x00007fff3fc5f926 (mono-2.0-bdwgc) mono_runtime_try_invoke_array (at C:/build/output/Unity-Technologies/mono/mono/metadata/object.c:5774)
0x00007fff3fb91b81 (mono-2.0-bdwgc) ves_icall_InternalInvoke (at C:/build/output/Unity-Technologies/mono/mono/metadata/icall.c:4038)
0x00007fff3fbb7e31 (mono-2.0-bdwgc) ves_icall_InternalInvoke_raw (at C:/build/output/Unity-Technologies/mono/mono/metadata/icall-def.h:692)
0x000001e8e22b0f92 (Mono JIT Code) (wrapper managed-to-native) System.Reflection.RuntimeMethodInfo:InternalInvoke (System.Reflection.RuntimeMethodInfo,object,object[],System.Exception&)
0x000001e8e3c7ea73 (Mono JIT Code) System.Reflection.RuntimeMethodInfo:Invoke (object,System.Reflection.BindingFlags,System.Reflection.Binder,object[],System.Globalization.CultureInfo)
0x000001e8db9555ef (Mono JIT Code) System.Reflection.MethodBase:Invoke (object,object[])
0x000001e9aa26e783 (Mono JIT Code) NUnit.Framework.Internal.Reflect:InvokeMethod (System.Reflection.MethodInfo,object,object[])
0x000001e9aa2760ab (Mono JIT Code) NUnit.Framework.Internal.MethodWrapper:Invoke (object,object[])
0x000001e9aa275f8a (Mono JIT Code) NUnit.Framework.Internal.Commands.TestMethodCommand:RunNonAsyncTestMethod (NUnit.Framework.Internal.ITestExecutionContext)
0x000001e9aa275dd3 (Mono JIT Code) NUnit.Framework.Internal.Commands.TestMethodCommand:RunTestMethod (NUnit.Framework.Internal.ITestExecutionContext)
0x000001e9aa275973 (Mono JIT Code) NUnit.Framework.Internal.Commands.TestMethodCommand:Execute (NUnit.Framework.Internal.ITestExecutionContext)
0x000001e9aa27556b (Mono JIT Code) UnityEngine.TestTools.UnityTestMethodCommand:Execute (NUnit.Framework.Internal.ITestExecutionContext) (at ./Library/PackageCache/com.unity.test-framework@40e262928427/UnityEngine.TestRunner/NUnitExtensions/Commands/UnityTestMethodCommand.cs:19)
0x000001e9aa2752fb (Mono JIT Code) UnityEngine.TestRunner.NUnitExtensions.Runner.UnityLogCheckDelegatingCommand/<>c__DisplayClass2_0:<Execute>b__0 () (at ./Library/PackageCache/com.unity.test-framework@40e262928427/UnityEngine.TestRunner/NUnitExtensions/Runner/UnityLogCheckDelegatingCommand.cs:24)
0x000001e9aa275123 (Mono JIT Code) UnityEngine.TestRunner.NUnitExtensions.Runner.UnityLogCheckDelegatingCommand:CaptureException (NUnit.Framework.Internal.TestResult,System.Action) (at ./Library/PackageCache/com.unity.test-framework@40e262928427/UnityEngine.TestRunner/NUnitExtensions/Runner/UnityLogCheckDelegatingCommand.cs:72)
0x000001e9aa274fb3 (Mono JIT Code) UnityEngine.TestRunner.NUnitExtensions.Runner.UnityLogCheckDelegatingCommand:ExecuteAndCheckLog (UnityEngine.TestTools.Logging.LogScope,NUnit.Framework.Internal.TestResult,System.Action) (at ./Library/PackageCache/com.unity.test-framework@40e262928427/UnityEngine.TestRunner/NUnitExtensions/Runner/UnityLogCheckDelegatingCommand.cs:83)
0x000001e9aa274c3b (Mono JIT Code) UnityEngine.TestRunner.NUnitExtensions.Runner.UnityLogCheckDelegatingCommand:Execute (NUnit.Framework.Internal.ITestExecutionContext) (at ./Library/PackageCache/com.unity.test-framework@40e262928427/UnityEngine.TestRunner/NUnitExtensions/Runner/UnityLogCheckDelegatingCommand.cs:24)
0x000001e9aa273c19 (Mono JIT Code) UnityEngine.TestRunner.NUnitExtensions.Runner.UnityLogCheckDelegatingCommand/<ExecuteEnumerable>d__3:MoveNext () (at ./Library/PackageCache/com.unity.test-framework@40e262928427/UnityEngine.TestRunner/NUnitExtensions/Runner/UnityLogCheckDelegatingCommand.cs:35)
0x000001e9aa251e01 (Mono JIT Code) UnityEngine.TestTools.BeforeAfterTestCommandBase`1/<ExecuteEnumerable>d__16<T_REF>:MoveNext () (at ./Library/PackageCache/com.unity.test-framework@40e262928427/UnityEngine.TestRunner/NUnitExtensions/Commands/BeforeAfterTestCommandBase.cs:212)
0x000001e9aa272fb6 (Mono JIT Code) UnityEngine.TestTools.ImmediateEnumerableCommand:Execute (NUnit.Framework.Internal.ITestExecutionContext) (at ./Library/PackageCache/com.unity.test-framework@40e262928427/UnityEngine.TestRunner/NUnitExtensions/Commands/ImmediateEnumerableCommand.cs:18)
0x000001e9aa251f01 (Mono JIT Code) UnityEngine.TestTools.BeforeAfterTestCommandBase`1/<ExecuteEnumerable>d__16<T_REF>:MoveNext () (at ./Library/PackageCache/com.unity.test-framework@40e262928427/UnityEngine.TestRunner/NUnitExtensions/Commands/BeforeAfterTestCommandBase.cs:219)
0x000001e9aa251e01 (Mono JIT Code) UnityEngine.TestTools.BeforeAfterTestCommandBase`1/<ExecuteEnumerable>d__16<T_REF>:MoveNext () (at ./Library/PackageCache/com.unity.test-framework@40e262928427/UnityEngine.TestRunner/NUnitExtensions/Commands/BeforeAfterTestCommandBase.cs:212)
0x000001e9aa251e01 (Mono JIT Code) UnityEngine.TestTools.BeforeAfterTestCommandBase`1/<ExecuteEnumerable>d__16<T_REF>:MoveNext () (at ./Library/PackageCache/com.unity.test-framework@40e262928427/UnityEngine.TestRunner/NUnitExtensions/Commands/BeforeAfterTestCommandBase.cs:212)
0x000001e9aa26b457 (Mono JIT Code) UnityEngine.TestTools.RetryCommand/<ExecuteEnumerable>d__2:MoveNext () (at ./Library/PackageCache/com.unity.test-framework@40e262928427/UnityEngine.TestRunner/NUnitExtensions/Commands/RetryCommand.cs:37)
0x000001e9aa269f2f (Mono JIT Code) UnityEngine.TestTools.RepeatCommand/<ExecuteEnumerable>d__2:MoveNext () (at ./Library/PackageCache/com.unity.test-framework@40e262928427/UnityEngine.TestRunner/NUnitExtensions/Commands/RepeatCommand.cs:36)
0x000001e9aa268fa6 (Mono JIT Code) UnityEngine.TestTools.IgnoreTestCommand/<ExecuteEnumerable>d__3:MoveNext () (at ./Library/PackageCache/com.unity.test-framework@40e262928427/UnityEngine.TestRunner/NUnitExtensions/Commands/IgnoreTestCommand.cs:42)
0x000001e9aa267c7f (Mono JIT Code) UnityEngine.TestTools.StrictCheckCommand/<ExecuteEnumerable>d__2:MoveNext () (at ./Library/PackageCache/com.unity.test-framework@40e262928427/UnityEngine.TestRunner/NUnitExtensions/Commands/StrictCheckCommand.cs:29)
0x000001e9aa266fe1 (Mono JIT Code) UnityEngine.TestRunner.NUnitExtensions.Runner.DefaultTestWorkItem/<PerformWork>d__2:MoveNext () (at ./Library/PackageCache/com.unity.test-framework@40e262928427/UnityEngine.TestRunner/NUnitExtensions/Runner/DefaultTestWorkItem.cs:50)
0x000001e9aa255e12 (Mono JIT Code) UnityEngine.TestRunner.NUnitExtensions.Runner.CompositeWorkItem/<RunChildren>d__17:MoveNext () (at ./Library/PackageCache/com.unity.test-framework@40e262928427/UnityEngine.TestRunner/NUnitExtensions/Runner/CompositeWorkItem.cs:207)
0x000001e9aa247756 (Mono JIT Code) UnityEngine.TestRunner.NUnitExtensions.Runner.CompositeWorkItem/<PerformWork>d__13:MoveNext () (at ./Library/PackageCache/com.unity.test-framework@40e262928427/UnityEngine.TestRunner/NUnitExtensions/Runner/CompositeWorkItem.cs:82)
0x000001e9aa255e12 (Mono JIT Code) UnityEngine.TestRunner.NUnitExtensions.Runner.CompositeWorkItem/<RunChildren>d__17:MoveNext () (at ./Library/PackageCache/com.unity.test-framework@40e262928427/UnityEngine.TestRunner/NUnitExtensions/Runner/CompositeWorkItem.cs:207)
0x000001e9aa247756 (Mono JIT Code) UnityEngine.TestRunner.NUnitExtensions.Runner.CompositeWorkItem/<PerformWork>d__13:MoveNext () (at ./Library/PackageCache/com.unity.test-framework@40e262928427/UnityEngine.TestRunner/NUnitExtensions/Runner/CompositeWorkItem.cs:82)
0x000001e9aa255e12 (Mono JIT Code) UnityEngine.TestRunner.NUnitExtensions.Runner.CompositeWorkItem/<RunChildren>d__17:MoveNext () (at ./Library/PackageCache/com.unity.test-framework@40e262928427/UnityEngine.TestRunner/NUnitExtensions/Runner/CompositeWorkItem.cs:207)
0x000001e9aa247756 (Mono JIT Code) UnityEngine.TestRunner.NUnitExtensions.Runner.CompositeWorkItem/<PerformWork>d__13:MoveNext () (at ./Library/PackageCache/com.unity.test-framework@40e262928427/UnityEngine.TestRunner/NUnitExtensions/Runner/CompositeWorkItem.cs:82)
0x000001e9aa245fcc (Mono JIT Code) UnityEditor.TestTools.TestRunner.EditModeRunner:MoveNextAndUpdateYieldObject () (at ./Library/PackageCache/com.unity.test-framework@40e262928427/UnityEditor.TestRunner/TestRunner/EditModeRunner.cs:167)
0x000001e9aa245b7b (Mono JIT Code) UnityEditor.TestTools.TestRunner.EditModeRunner:TestConsumer (UnityEditor.TestTools.TestRunner.TestRunnerStateSerializer) (at ./Library/PackageCache/com.unity.test-framework@40e262928427/UnityEditor.TestRunner/TestRunner/EditModeRunner.cs:200)
0x000001e9aa23c173 (Mono JIT Code) UnityEditor.TestTools.TestRunner.TestRun.Tasks.EditModeRunTask/<Execute>d__1:MoveNext () (at ./Library/PackageCache/com.unity.test-framework@40e262928427/UnityEditor.TestRunner/TestRun/Tasks/EditModeRunTask.cs:48)
0x000001e977129d5e (Mono JIT Code) UnityEditor.TestTools.TestRunner.TestRun.TestJobRunner:ExecuteStep () (at ./Library/PackageCache/com.unity.test-framework@40e262928427/UnityEditor.TestRunner/TestRun/TestJobRunner.cs:173)
0x000001e977128953 (Mono JIT Code) UnityEditor.TestTools.TestRunner.TestRun.TestJobRunner:ExecuteCallback () (at ./Library/PackageCache/com.unity.test-framework@40e262928427/UnityEditor.TestRunner/TestRun/TestJobRunner.cs:108)
0x000001e99df821b8 (Mono JIT Code) UnityEditor.EditorApplication:Internal_CallUpdateFunctions ()
0x000001e8e6514785 (Mono JIT Code) (wrapper runtime-invoke) object:runtime_invoke_void (object,intptr,intptr,intptr)
0x00007fff3fd16e7e (mono-2.0-bdwgc) mono_jit_runtime_invoke (at C:/build/output/Unity-Technologies/mono/mono/mini/mini-runtime.c:3445)
0x00007fff3fc58874 (mono-2.0-bdwgc) do_runtime_invoke (at C:/build/output/Unity-Technologies/mono/mono/metadata/object.c:3068)
0x00007fff3fc58960 (mono-2.0-bdwgc) mono_runtime_invoke (at C:/build/output/Unity-Technologies/mono/mono/metadata/object.c:3115)
0x00007fff38e4cea4 (Unity) scripting_method_invoke
0x00007fff38e25433 (Unity) ScriptingInvocation::Invoke
0x00007fff38e20b35 (Unity) ScriptingInvocation::Invoke<void>
0x00007fff38f8b4bb (Unity) Scripting::UnityEditor::EditorApplicationProxy::Internal_CallUpdateFunctions
0x00007fff3a07e0e4 (Unity) SceneTracker::Update
0x00007fff39be1247 (Unity) Application::TickTimer
0x00007fff3a1b25ac (Unity) MainMessageLoop
0x00007fff3a1b9d1c (Unity) UnityMain
0x00007ff68b302f2a (Unity) __scrt_common_main_seh
0x00007fffddade8d7 (KERNEL32) BaseThreadInitThunk
0x00007fffde88c53c (ntdll) RtlUserThreadStart

[RecoilConfiguration] Empty or null JSON provided, returning default configuration.
0x00007fff38f222ae (Unity) StackWalker::ShowCallstack
0x00007fff38f31ee9 (Unity) PlatformStacktrace::GetStacktrace
0x00007fff3a1ac04e (Unity) Stacktrace::GetStacktrace
0x00007fff3a7859df (Unity) DebugStringToFile
0x00007fff37fd2930 (Unity) DebugLogHandler_CUSTOM_Internal_Log
0x000001e9766cbd3e (Mono JIT Code) (wrapper managed-to-native) UnityEngine.DebugLogHandler:Internal_Log_Injected (UnityEngine.LogType,UnityEngine.LogOption,UnityEngine.Bindings.ManagedSpanWrapper&,intptr)
0x000001e9766cbb43 (Mono JIT Code) UnityEngine.DebugLogHandler:Internal_Log (UnityEngine.LogType,UnityEngine.LogOption,string,UnityEngine.Object)
0x000001e9766cb7fb (Mono JIT Code) UnityEngine.DebugLogHandler:LogFormat (UnityEngine.LogType,UnityEngine.Object,string,object[])
0x000001e9766ca6ae (Mono JIT Code) UnityEngine.Logger:Log (UnityEngine.LogType,object)
0x000001e9aa2b404d (Mono JIT Code) UnityEngine.Debug:LogWarning (object)
0x000001e976d477fb (Mono JIT Code) RecoilConfiguration:FromJson (string) (at C:/Users/Ubuntu/Desktop/_DEV/AFFECT-2025-10-11/Assets/_SCRIPTS/_PLAYER/Recoil/RecoilConfiguration.cs:136)
0x000001e976d48643 (Mono JIT Code) SerializationProperties:Property16_InvalidJsonReturnsDefaultConfiguration () (at C:/Users/Ubuntu/Desktop/_DEV/AFFECT-2025-10-11/Assets/_SCRIPTS/Editor/SerializationProperties.cs:115)
0x000001e9aa264548 (Mono JIT Code) (wrapper runtime-invoke) object:runtime_invoke_void__this__ (object,intptr,intptr,intptr)
0x00007fff3fd16e7e (mono-2.0-bdwgc) mono_jit_runtime_invoke (at C:/build/output/Unity-Technologies/mono/mono/mini/mini-runtime.c:3445)
0x00007fff3fc58874 (mono-2.0-bdwgc) do_runtime_invoke (at C:/build/output/Unity-Technologies/mono/mono/metadata/object.c:3068)
0x00007fff3fc5f926 (mono-2.0-bdwgc) mono_runtime_try_invoke_array (at C:/build/output/Unity-Technologies/mono/mono/metadata/object.c:5774)
0x00007fff3fb91b81 (mono-2.0-bdwgc) ves_icall_InternalInvoke (at C:/build/output/Unity-Technologies/mono/mono/metadata/icall.c:4038)
0x00007fff3fbb7e31 (mono-2.0-bdwgc) ves_icall_InternalInvoke_raw (at C:/build/output/Unity-Technologies/mono/mono/metadata/icall-def.h:692)
0x000001e8e22b0f92 (Mono JIT Code) (wrapper managed-to-native) System.Reflection.RuntimeMethodInfo:InternalInvoke (System.Reflection.RuntimeMethodInfo,object,object[],System.Exception&)
0x000001e8e3c7ea73 (Mono JIT Code) System.Reflection.RuntimeMethodInfo:Invoke (object,System.Reflection.BindingFlags,System.Reflection.Binder,object[],System.Globalization.CultureInfo)
0x000001e8db9555ef (Mono JIT Code) System.Reflection.MethodBase:Invoke (object,object[])
0x000001e9aa26e783 (Mono JIT Code) NUnit.Framework.Internal.Reflect:InvokeMethod (System.Reflection.MethodInfo,object,object[])
0x000001e9aa2760ab (Mono JIT Code) NUnit.Framework.Internal.MethodWrapper:Invoke (object,object[])
0x000001e9aa275f8a (Mono JIT Code) NUnit.Framework.Internal.Commands.TestMethodCommand:RunNonAsyncTestMethod (NUnit.Framework.Internal.ITestExecutionContext)
0x000001e9aa275dd3 (Mono JIT Code) NUnit.Framework.Internal.Commands.TestMethodCommand:RunTestMethod (NUnit.Framework.Internal.ITestExecutionContext)
0x000001e9aa275973 (Mono JIT Code) NUnit.Framework.Internal.Commands.TestMethodCommand:Execute (NUnit.Framework.Internal.ITestExecutionContext)
0x000001e9aa27556b (Mono JIT Code) UnityEngine.TestTools.UnityTestMethodCommand:Execute (NUnit.Framework.Internal.ITestExecutionContext) (at ./Library/PackageCache/com.unity.test-framework@40e262928427/UnityEngine.TestRunner/NUnitExtensions/Commands/UnityTestMethodCommand.cs:19)
0x000001e9aa2752fb (Mono JIT Code) UnityEngine.TestRunner.NUnitExtensions.Runner.UnityLogCheckDelegatingCommand/<>c__DisplayClass2_0:<Execute>b__0 () (at ./Library/PackageCache/com.unity.test-framework@40e262928427/UnityEngine.TestRunner/NUnitExtensions/Runner/UnityLogCheckDelegatingCommand.cs:24)
0x000001e9aa275123 (Mono JIT Code) UnityEngine.TestRunner.NUnitExtensions.Runner.UnityLogCheckDelegatingCommand:CaptureException (NUnit.Framework.Internal.TestResult,System.Action) (at ./Library/PackageCache/com.unity.test-framework@40e262928427/UnityEngine.TestRunner/NUnitExtensions/Runner/UnityLogCheckDelegatingCommand.cs:72)
0x000001e9aa274fb3 (Mono JIT Code) UnityEngine.TestRunner.NUnitExtensions.Runner.UnityLogCheckDelegatingCommand:ExecuteAndCheckLog (UnityEngine.TestTools.Logging.LogScope,NUnit.Framework.Internal.TestResult,System.Action) (at ./Library/PackageCache/com.unity.test-framework@40e262928427/UnityEngine.TestRunner/NUnitExtensions/Runner/UnityLogCheckDelegatingCommand.cs:83)
0x000001e9aa274c3b (Mono JIT Code) UnityEngine.TestRunner.NUnitExtensions.Runner.UnityLogCheckDelegatingCommand:Execute (NUnit.Framework.Internal.ITestExecutionContext) (at ./Library/PackageCache/com.unity.test-framework@40e262928427/UnityEngine.TestRunner/NUnitExtensions/Runner/UnityLogCheckDelegatingCommand.cs:24)
0x000001e9aa273c19 (Mono JIT Code) UnityEngine.TestRunner.NUnitExtensions.Runner.UnityLogCheckDelegatingCommand/<ExecuteEnumerable>d__3:MoveNext () (at ./Library/PackageCache/com.unity.test-framework@40e262928427/UnityEngine.TestRunner/NUnitExtensions/Runner/UnityLogCheckDelegatingCommand.cs:35)
0x000001e9aa251e01 (Mono JIT Code) UnityEngine.TestTools.BeforeAfterTestCommandBase`1/<ExecuteEnumerable>d__16<T_REF>:MoveNext () (at ./Library/PackageCache/com.unity.test-framework@40e262928427/UnityEngine.TestRunner/NUnitExtensions/Commands/BeforeAfterTestCommandBase.cs:212)
0x000001e9aa272fb6 (Mono JIT Code) UnityEngine.TestTools.ImmediateEnumerableCommand:Execute (NUnit.Framework.Internal.ITestExecutionContext) (at ./Library/PackageCache/com.unity.test-framework@40e262928427/UnityEngine.TestRunner/NUnitExtensions/Commands/ImmediateEnumerableCommand.cs:18)
0x000001e9aa251f01 (Mono JIT Code) UnityEngine.TestTools.BeforeAfterTestCommandBase`1/<ExecuteEnumerable>d__16<T_REF>:MoveNext () (at ./Library/PackageCache/com.unity.test-framework@40e262928427/UnityEngine.TestRunner/NUnitExtensions/Commands/BeforeAfterTestCommandBase.cs:219)
0x000001e9aa251e01 (Mono JIT Code) UnityEngine.TestTools.BeforeAfterTestCommandBase`1/<ExecuteEnumerable>d__16<T_REF>:MoveNext () (at ./Library/PackageCache/com.unity.test-framework@40e262928427/UnityEngine.TestRunner/NUnitExtensions/Commands/BeforeAfterTestCommandBase.cs:212)
0x000001e9aa251e01 (Mono JIT Code) UnityEngine.TestTools.BeforeAfterTestCommandBase`1/<ExecuteEnumerable>d__16<T_REF>:MoveNext () (at ./Library/PackageCache/com.unity.test-framework@40e262928427/UnityEngine.TestRunner/NUnitExtensions/Commands/BeforeAfterTestCommandBase.cs:212)
0x000001e9aa26b457 (Mono JIT Code) UnityEngine.TestTools.RetryCommand/<ExecuteEnumerable>d__2:MoveNext () (at ./Library/PackageCache/com.unity.test-framework@40e262928427/UnityEngine.TestRunner/NUnitExtensions/Commands/RetryCommand.cs:37)
0x000001e9aa269f2f (Mono JIT Code) UnityEngine.TestTools.RepeatCommand/<ExecuteEnumerable>d__2:MoveNext () (at ./Library/PackageCache/com.unity.test-framework@40e262928427/UnityEngine.TestRunner/NUnitExtensions/Commands/RepeatCommand.cs:36)
0x000001e9aa268fa6 (Mono JIT Code) UnityEngine.TestTools.IgnoreTestCommand/<ExecuteEnumerable>d__3:MoveNext () (at ./Library/PackageCache/com.unity.test-framework@40e262928427/UnityEngine.TestRunner/NUnitExtensions/Commands/IgnoreTestCommand.cs:42)
0x000001e9aa267c7f (Mono JIT Code) UnityEngine.TestTools.StrictCheckCommand/<ExecuteEnumerable>d__2:MoveNext () (at ./Library/PackageCache/com.unity.test-framework@40e262928427/UnityEngine.TestRunner/NUnitExtensions/Commands/StrictCheckCommand.cs:29)
0x000001e9aa266fe1 (Mono JIT Code) UnityEngine.TestRunner.NUnitExtensions.Runner.DefaultTestWorkItem/<PerformWork>d__2:MoveNext () (at ./Library/PackageCache/com.unity.test-framework@40e262928427/UnityEngine.TestRunner/NUnitExtensions/Runner/DefaultTestWorkItem.cs:50)
0x000001e9aa255e12 (Mono JIT Code) UnityEngine.TestRunner.NUnitExtensions.Runner.CompositeWorkItem/<RunChildren>d__17:MoveNext () (at ./Library/PackageCache/com.unity.test-framework@40e262928427/UnityEngine.TestRunner/NUnitExtensions/Runner/CompositeWorkItem.cs:207)
0x000001e9aa247756 (Mono JIT Code) UnityEngine.TestRunner.NUnitExtensions.Runner.CompositeWorkItem/<PerformWork>d__13:MoveNext () (at ./Library/PackageCache/com.unity.test-framework@40e262928427/UnityEngine.TestRunner/NUnitExtensions/Runner/CompositeWorkItem.cs:82)
0x000001e9aa255e12 (Mono JIT Code) UnityEngine.TestRunner.NUnitExtensions.Runner.CompositeWorkItem/<RunChildren>d__17:MoveNext () (at ./Library/PackageCache/com.unity.test-framework@40e262928427/UnityEngine.TestRunner/NUnitExtensions/Runner/CompositeWorkItem.cs:207)
0x000001e9aa247756 (Mono JIT Code) UnityEngine.TestRunner.NUnitExtensions.Runner.CompositeWorkItem/<PerformWork>d__13:MoveNext () (at ./Library/PackageCache/com.unity.test-framework@40e262928427/UnityEngine.TestRunner/NUnitExtensions/Runner/CompositeWorkItem.cs:82)
0x000001e9aa255e12 (Mono JIT Code) UnityEngine.TestRunner.NUnitExtensions.Runner.CompositeWorkItem/<RunChildren>d__17:MoveNext () (at ./Library/PackageCache/com.unity.test-framework@40e262928427/UnityEngine.TestRunner/NUnitExtensions/Runner/CompositeWorkItem.cs:207)
0x000001e9aa247756 (Mono JIT Code) UnityEngine.TestRunner.NUnitExtensions.Runner.CompositeWorkItem/<PerformWork>d__13:MoveNext () (at ./Library/PackageCache/com.unity.test-framework@40e262928427/UnityEngine.TestRunner/NUnitExtensions/Runner/CompositeWorkItem.cs:82)
0x000001e9aa245fcc (Mono JIT Code) UnityEditor.TestTools.TestRunner.EditModeRunner:MoveNextAndUpdateYieldObject () (at ./Library/PackageCache/com.unity.test-framework@40e262928427/UnityEditor.TestRunner/TestRunner/EditModeRunner.cs:167)
0x000001e9aa245b7b (Mono JIT Code) UnityEditor.TestTools.TestRunner.EditModeRunner:TestConsumer (UnityEditor.TestTools.TestRunner.TestRunnerStateSerializer) (at ./Library/PackageCache/com.unity.test-framework@40e262928427/UnityEditor.TestRunner/TestRunner/EditModeRunner.cs:200)
0x000001e9aa23c173 (Mono JIT Code) UnityEditor.TestTools.TestRunner.TestRun.Tasks.EditModeRunTask/<Execute>d__1:MoveNext () (at ./Library/PackageCache/com.unity.test-framework@40e262928427/UnityEditor.TestRunner/TestRun/Tasks/EditModeRunTask.cs:48)
0x000001e977129d5e (Mono JIT Code) UnityEditor.TestTools.TestRunner.TestRun.TestJobRunner:ExecuteStep () (at ./Library/PackageCache/com.unity.test-framework@40e262928427/UnityEditor.TestRunner/TestRun/TestJobRunner.cs:173)
0x000001e977128953 (Mono JIT Code) UnityEditor.TestTools.TestRunner.TestRun.TestJobRunner:ExecuteCallback () (at ./Library/PackageCache/com.unity.test-framework@40e262928427/UnityEditor.TestRunner/TestRun/TestJobRunner.cs:108)
0x000001e99df821b8 (Mono JIT Code) UnityEditor.EditorApplication:Internal_CallUpdateFunctions ()
0x000001e8e6514785 (Mono JIT Code) (wrapper runtime-invoke) object:runtime_invoke_void (object,intptr,intptr,intptr)
0x00007fff3fd16e7e (mono-2.0-bdwgc) mono_jit_runtime_invoke (at C:/build/output/Unity-Technologies/mono/mono/mini/mini-runtime.c:3445)
0x00007fff3fc58874 (mono-2.0-bdwgc) do_runtime_invoke (at C:/build/output/Unity-Technologies/mono/mono/metadata/object.c:3068)
0x00007fff3fc58960 (mono-2.0-bdwgc) mono_runtime_invoke (at C:/build/output/Unity-Technologies/mono/mono/metadata/object.c:3115)
0x00007fff38e4cea4 (Unity) scripting_method_invoke
0x00007fff38e25433 (Unity) ScriptingInvocation::Invoke
0x00007fff38e20b35 (Unity) ScriptingInvocation::Invoke<void>
0x00007fff38f8b4bb (Unity) Scripting::UnityEditor::EditorApplicationProxy::Internal_CallUpdateFunctions
0x00007fff3a07e0e4 (Unity) SceneTracker::Update
0x00007fff39be1247 (Unity) Application::TickTimer
0x00007fff3a1b25ac (Unity) MainMessageLoop
0x00007fff3a1b9d1c (Unity) UnityMain
0x00007ff68b302f2a (Unity) __scrt_common_main_seh
0x00007fffddade8d7 (KERNEL32) BaseThreadInitThunk
0x00007fffde88c53c (ntdll) RtlUserThreadStart

[RecoilConfiguration] Empty or null JSON provided, returning default configuration.
0x00007fff38f222ae (Unity) StackWalker::ShowCallstack
0x00007fff38f31ee9 (Unity) PlatformStacktrace::GetStacktrace
0x00007fff3a1ac04e (Unity) Stacktrace::GetStacktrace
0x00007fff3a7859df (Unity) DebugStringToFile
0x00007fff37fd2930 (Unity) DebugLogHandler_CUSTOM_Internal_Log
0x000001e9766cbd3e (Mono JIT Code) (wrapper managed-to-native) UnityEngine.DebugLogHandler:Internal_Log_Injected (UnityEngine.LogType,UnityEngine.LogOption,UnityEngine.Bindings.ManagedSpanWrapper&,intptr)
0x000001e9766cbb43 (Mono JIT Code) UnityEngine.DebugLogHandler:Internal_Log (UnityEngine.LogType,UnityEngine.LogOption,string,UnityEngine.Object)
0x000001e9766cb7fb (Mono JIT Code) UnityEngine.DebugLogHandler:LogFormat (UnityEngine.LogType,UnityEngine.Object,string,object[])
0x000001e9766ca6ae (Mono JIT Code) UnityEngine.Logger:Log (UnityEngine.LogType,object)
0x000001e9aa2b404d (Mono JIT Code) UnityEngine.Debug:LogWarning (object)
0x000001e976d477fb (Mono JIT Code) RecoilConfiguration:FromJson (string) (at C:/Users/Ubuntu/Desktop/_DEV/AFFECT-2025-10-11/Assets/_SCRIPTS/_PLAYER/Recoil/RecoilConfiguration.cs:136)
0x000001e976d48643 (Mono JIT Code) SerializationProperties:Property16_InvalidJsonReturnsDefaultConfiguration () (at C:/Users/Ubuntu/Desktop/_DEV/AFFECT-2025-10-11/Assets/_SCRIPTS/Editor/SerializationProperties.cs:115)
0x000001e9aa264548 (Mono JIT Code) (wrapper runtime-invoke) object:runtime_invoke_void__this__ (object,intptr,intptr,intptr)
0x00007fff3fd16e7e (mono-2.0-bdwgc) mono_jit_runtime_invoke (at C:/build/output/Unity-Technologies/mono/mono/mini/mini-runtime.c:3445)
0x00007fff3fc58874 (mono-2.0-bdwgc) do_runtime_invoke (at C:/build/output/Unity-Technologies/mono/mono/metadata/object.c:3068)
0x00007fff3fc5f926 (mono-2.0-bdwgc) mono_runtime_try_invoke_array (at C:/build/output/Unity-Technologies/mono/mono/metadata/object.c:5774)
0x00007fff3fb91b81 (mono-2.0-bdwgc) ves_icall_InternalInvoke (at C:/build/output/Unity-Technologies/mono/mono/metadata/icall.c:4038)
0x00007fff3fbb7e31 (mono-2.0-bdwgc) ves_icall_InternalInvoke_raw (at C:/build/output/Unity-Technologies/mono/mono/metadata/icall-def.h:692)
0x000001e8e22b0f92 (Mono JIT Code) (wrapper managed-to-native) System.Reflection.RuntimeMethodInfo:InternalInvoke (System.Reflection.RuntimeMethodInfo,object,object[],System.Exception&)
0x000001e8e3c7ea73 (Mono JIT Code) System.Reflection.RuntimeMethodInfo:Invoke (object,System.Reflection.BindingFlags,System.Reflection.Binder,object[],System.Globalization.CultureInfo)
0x000001e8db9555ef (Mono JIT Code) System.Reflection.MethodBase:Invoke (object,object[])
0x000001e9aa26e783 (Mono JIT Code) NUnit.Framework.Internal.Reflect:InvokeMethod (System.Reflection.MethodInfo,object,object[])
0x000001e9aa2760ab (Mono JIT Code) NUnit.Framework.Internal.MethodWrapper:Invoke (object,object[])
0x000001e9aa275f8a (Mono JIT Code) NUnit.Framework.Internal.Commands.TestMethodCommand:RunNonAsyncTestMethod (NUnit.Framework.Internal.ITestExecutionContext)
0x000001e9aa275dd3 (Mono JIT Code) NUnit.Framework.Internal.Commands.TestMethodCommand:RunTestMethod (NUnit.Framework.Internal.ITestExecutionContext)
0x000001e9aa275973 (Mono JIT Code) NUnit.Framework.Internal.Commands.TestMethodCommand:Execute (NUnit.Framework.Internal.ITestExecutionContext)
0x000001e9aa27556b (Mono JIT Code) UnityEngine.TestTools.UnityTestMethodCommand:Execute (NUnit.Framework.Internal.ITestExecutionContext) (at ./Library/PackageCache/com.unity.test-framework@40e262928427/UnityEngine.TestRunner/NUnitExtensions/Commands/UnityTestMethodCommand.cs:19)
0x000001e9aa2752fb (Mono JIT Code) UnityEngine.TestRunner.NUnitExtensions.Runner.UnityLogCheckDelegatingCommand/<>c__DisplayClass2_0:<Execute>b__0 () (at ./Library/PackageCache/com.unity.test-framework@40e262928427/UnityEngine.TestRunner/NUnitExtensions/Runner/UnityLogCheckDelegatingCommand.cs:24)
0x000001e9aa275123 (Mono JIT Code) UnityEngine.TestRunner.NUnitExtensions.Runner.UnityLogCheckDelegatingCommand:CaptureException (NUnit.Framework.Internal.TestResult,System.Action) (at ./Library/PackageCache/com.unity.test-framework@40e262928427/UnityEngine.TestRunner/NUnitExtensions/Runner/UnityLogCheckDelegatingCommand.cs:72)
0x000001e9aa274fb3 (Mono JIT Code) UnityEngine.TestRunner.NUnitExtensions.Runner.UnityLogCheckDelegatingCommand:ExecuteAndCheckLog (UnityEngine.TestTools.Logging.LogScope,NUnit.Framework.Internal.TestResult,System.Action) (at ./Library/PackageCache/com.unity.test-framework@40e262928427/UnityEngine.TestRunner/NUnitExtensions/Runner/UnityLogCheckDelegatingCommand.cs:83)
0x000001e9aa274c3b (Mono JIT Code) UnityEngine.TestRunner.NUnitExtensions.Runner.UnityLogCheckDelegatingCommand:Execute (NUnit.Framework.Internal.ITestExecutionContext) (at ./Library/PackageCache/com.unity.test-framework@40e262928427/UnityEngine.TestRunner/NUnitExtensions/Runner/UnityLogCheckDelegatingCommand.cs:24)
0x000001e9aa273c19 (Mono JIT Code) UnityEngine.TestRunner.NUnitExtensions.Runner.UnityLogCheckDelegatingCommand/<ExecuteEnumerable>d__3:MoveNext () (at ./Library/PackageCache/com.unity.test-framework@40e262928427/UnityEngine.TestRunner/NUnitExtensions/Runner/UnityLogCheckDelegatingCommand.cs:35)
0x000001e9aa251e01 (Mono JIT Code) UnityEngine.TestTools.BeforeAfterTestCommandBase`1/<ExecuteEnumerable>d__16<T_REF>:MoveNext () (at ./Library/PackageCache/com.unity.test-framework@40e262928427/UnityEngine.TestRunner/NUnitExtensions/Commands/BeforeAfterTestCommandBase.cs:212)
0x000001e9aa272fb6 (Mono JIT Code) UnityEngine.TestTools.ImmediateEnumerableCommand:Execute (NUnit.Framework.Internal.ITestExecutionContext) (at ./Library/PackageCache/com.unity.test-framework@40e262928427/UnityEngine.TestRunner/NUnitExtensions/Commands/ImmediateEnumerableCommand.cs:18)
0x000001e9aa251f01 (Mono JIT Code) UnityEngine.TestTools.BeforeAfterTestCommandBase`1/<ExecuteEnumerable>d__16<T_REF>:MoveNext () (at ./Library/PackageCache/com.unity.test-framework@40e262928427/UnityEngine.TestRunner/NUnitExtensions/Commands/BeforeAfterTestCommandBase.cs:219)
0x000001e9aa251e01 (Mono JIT Code) UnityEngine.TestTools.BeforeAfterTestCommandBase`1/<ExecuteEnumerable>d__16<T_REF>:MoveNext () (at ./Library/PackageCache/com.unity.test-framework@40e262928427/UnityEngine.TestRunner/NUnitExtensions/Commands/BeforeAfterTestCommandBase.cs:212)
0x000001e9aa251e01 (Mono JIT Code) UnityEngine.TestTools.BeforeAfterTestCommandBase`1/<ExecuteEnumerable>d__16<T_REF>:MoveNext () (at ./Library/PackageCache/com.unity.test-framework@40e262928427/UnityEngine.TestRunner/NUnitExtensions/Commands/BeforeAfterTestCommandBase.cs:212)
0x000001e9aa26b457 (Mono JIT Code) UnityEngine.TestTools.RetryCommand/<ExecuteEnumerable>d__2:MoveNext () (at ./Library/PackageCache/com.unity.test-framework@40e262928427/UnityEngine.TestRunner/NUnitExtensions/Commands/RetryCommand.cs:37)
0x000001e9aa269f2f (Mono JIT Code) UnityEngine.TestTools.RepeatCommand/<ExecuteEnumerable>d__2:MoveNext () (at ./Library/PackageCache/com.unity.test-framework@40e262928427/UnityEngine.TestRunner/NUnitExtensions/Commands/RepeatCommand.cs:36)
0x000001e9aa268fa6 (Mono JIT Code) UnityEngine.TestTools.IgnoreTestCommand/<ExecuteEnumerable>d__3:MoveNext () (at ./Library/PackageCache/com.unity.test-framework@40e262928427/UnityEngine.TestRunner/NUnitExtensions/Commands/IgnoreTestCommand.cs:42)
0x000001e9aa267c7f (Mono JIT Code) UnityEngine.TestTools.StrictCheckCommand/<ExecuteEnumerable>d__2:MoveNext () (at ./Library/PackageCache/com.unity.test-framework@40e262928427/UnityEngine.TestRunner/NUnitExtensions/Commands/StrictCheckCommand.cs:29)
0x000001e9aa266fe1 (Mono JIT Code) UnityEngine.TestRunner.NUnitExtensions.Runner.DefaultTestWorkItem/<PerformWork>d__2:MoveNext () (at ./Library/PackageCache/com.unity.test-framework@40e262928427/UnityEngine.TestRunner/NUnitExtensions/Runner/DefaultTestWorkItem.cs:50)
0x000001e9aa255e12 (Mono JIT Code) UnityEngine.TestRunner.NUnitExtensions.Runner.CompositeWorkItem/<RunChildren>d__17:MoveNext () (at ./Library/PackageCache/com.unity.test-framework@40e262928427/UnityEngine.TestRunner/NUnitExtensions/Runner/CompositeWorkItem.cs:207)
0x000001e9aa247756 (Mono JIT Code) UnityEngine.TestRunner.NUnitExtensions.Runner.CompositeWorkItem/<PerformWork>d__13:MoveNext () (at ./Library/PackageCache/com.unity.test-framework@40e262928427/UnityEngine.TestRunner/NUnitExtensions/Runner/CompositeWorkItem.cs:82)
0x000001e9aa255e12 (Mono JIT Code) UnityEngine.TestRunner.NUnitExtensions.Runner.CompositeWorkItem/<RunChildren>d__17:MoveNext () (at ./Library/PackageCache/com.unity.test-framework@40e262928427/UnityEngine.TestRunner/NUnitExtensions/Runner/CompositeWorkItem.cs:207)
0x000001e9aa247756 (Mono JIT Code) UnityEngine.TestRunner.NUnitExtensions.Runner.CompositeWorkItem/<PerformWork>d__13:MoveNext () (at ./Library/PackageCache/com.unity.test-framework@40e262928427/UnityEngine.TestRunner/NUnitExtensions/Runner/CompositeWorkItem.cs:82)
0x000001e9aa255e12 (Mono JIT Code) UnityEngine.TestRunner.NUnitExtensions.Runner.CompositeWorkItem/<RunChildren>d__17:MoveNext () (at ./Library/PackageCache/com.unity.test-framework@40e262928427/UnityEngine.TestRunner/NUnitExtensions/Runner/CompositeWorkItem.cs:207)
0x000001e9aa247756 (Mono JIT Code) UnityEngine.TestRunner.NUnitExtensions.Runner.CompositeWorkItem/<PerformWork>d__13:MoveNext () (at ./Library/PackageCache/com.unity.test-framework@40e262928427/UnityEngine.TestRunner/NUnitExtensions/Runner/CompositeWorkItem.cs:82)
0x000001e9aa245fcc (Mono JIT Code) UnityEditor.TestTools.TestRunner.EditModeRunner:MoveNextAndUpdateYieldObject () (at ./Library/PackageCache/com.unity.test-framework@40e262928427/UnityEditor.TestRunner/TestRunner/EditModeRunner.cs:167)
0x000001e9aa245b7b (Mono JIT Code) UnityEditor.TestTools.TestRunner.EditModeRunner:TestConsumer (UnityEditor.TestTools.TestRunner.TestRunnerStateSerializer) (at ./Library/PackageCache/com.unity.test-framework@40e262928427/UnityEditor.TestRunner/TestRunner/EditModeRunner.cs:200)
0x000001e9aa23c173 (Mono JIT Code) UnityEditor.TestTools.TestRunner.TestRun.Tasks.EditModeRunTask/<Execute>d__1:MoveNext () (at ./Library/PackageCache/com.unity.test-framework@40e262928427/UnityEditor.TestRunner/TestRun/Tasks/EditModeRunTask.cs:48)
0x000001e977129d5e (Mono JIT Code) UnityEditor.TestTools.TestRunner.TestRun.TestJobRunner:ExecuteStep () (at ./Library/PackageCache/com.unity.test-framework@40e262928427/UnityEditor.TestRunner/TestRun/TestJobRunner.cs:173)
0x000001e977128953 (Mono JIT Code) UnityEditor.TestTools.TestRunner.TestRun.TestJobRunner:ExecuteCallback () (at ./Library/PackageCache/com.unity.test-framework@40e262928427/UnityEditor.TestRunner/TestRun/TestJobRunner.cs:108)
0x000001e99df821b8 (Mono JIT Code) UnityEditor.EditorApplication:Internal_CallUpdateFunctions ()
0x000001e8e6514785 (Mono JIT Code) (wrapper runtime-invoke) object:runtime_invoke_void (object,intptr,intptr,intptr)
0x00007fff3fd16e7e (mono-2.0-bdwgc) mono_jit_runtime_invoke (at C:/build/output/Unity-Technologies/mono/mono/mini/mini-runtime.c:3445)
0x00007fff3fc58874 (mono-2.0-bdwgc) do_runtime_invoke (at C:/build/output/Unity-Technologies/mono/mono/metadata/object.c:3068)
0x00007fff3fc58960 (mono-2.0-bdwgc) mono_runtime_invoke (at C:/build/output/Unity-Technologies/mono/mono/metadata/object.c:3115)
0x00007fff38e4cea4 (Unity) scripting_method_invoke
0x00007fff38e25433 (Unity) ScriptingInvocation::Invoke
0x00007fff38e20b35 (Unity) ScriptingInvocation::Invoke<void>
0x00007fff38f8b4bb (Unity) Scripting::UnityEditor::EditorApplicationProxy::Internal_CallUpdateFunctions
0x00007fff3a07e0e4 (Unity) SceneTracker::Update
0x00007fff39be1247 (Unity) Application::TickTimer
0x00007fff3a1b25ac (Unity) MainMessageLoop
0x00007fff3a1b9d1c (Unity) UnityMain
0x00007ff68b302f2a (Unity) __scrt_common_main_seh
0x00007fffddade8d7 (KERNEL32) BaseThreadInitThunk
0x00007fffde88c53c (ntdll) RtlUserThreadStart

[RecoilConfiguration] Empty or null JSON provided, returning default configuration.
0x00007fff38f222ae (Unity) StackWalker::ShowCallstack
0x00007fff38f31ee9 (Unity) PlatformStacktrace::GetStacktrace
0x00007fff3a1ac04e (Unity) Stacktrace::GetStacktrace
0x00007fff3a7859df (Unity) DebugStringToFile
0x00007fff37fd2930 (Unity) DebugLogHandler_CUSTOM_Internal_Log
0x000001e9766cbd3e (Mono JIT Code) (wrapper managed-to-native) UnityEngine.DebugLogHandler:Internal_Log_Injected (UnityEngine.LogType,UnityEngine.LogOption,UnityEngine.Bindings.ManagedSpanWrapper&,intptr)
0x000001e9766cbb43 (Mono JIT Code) UnityEngine.DebugLogHandler:Internal_Log (UnityEngine.LogType,UnityEngine.LogOption,string,UnityEngine.Object)
0x000001e9766cb7fb (Mono JIT Code) UnityEngine.DebugLogHandler:LogFormat (UnityEngine.LogType,UnityEngine.Object,string,object[])
0x000001e9766ca6ae (Mono JIT Code) UnityEngine.Logger:Log (UnityEngine.LogType,object)
0x000001e9aa2b404d (Mono JIT Code) UnityEngine.Debug:LogWarning (object)
0x000001e976d477fb (Mono JIT Code) RecoilConfiguration:FromJson (string) (at C:/Users/Ubuntu/Desktop/_DEV/AFFECT-2025-10-11/Assets/_SCRIPTS/_PLAYER/Recoil/RecoilConfiguration.cs:136)
0x000001e976d48643 (Mono JIT Code) SerializationProperties:Property16_InvalidJsonReturnsDefaultConfiguration () (at C:/Users/Ubuntu/Desktop/_DEV/AFFECT-2025-10-11/Assets/_SCRIPTS/Editor/SerializationProperties.cs:115)
0x000001e9aa264548 (Mono JIT Code) (wrapper runtime-invoke) object:runtime_invoke_void__this__ (object,intptr,intptr,intptr)
0x00007fff3fd16e7e (mono-2.0-bdwgc) mono_jit_runtime_invoke (at C:/build/output/Unity-Technologies/mono/mono/mini/mini-runtime.c:3445)
0x00007fff3fc58874 (mono-2.0-bdwgc) do_runtime_invoke (at C:/build/output/Unity-Technologies/mono/mono/metadata/object.c:3068)
0x00007fff3fc5f926 (mono-2.0-bdwgc) mono_runtime_try_invoke_array (at C:/build/output/Unity-Technologies/mono/mono/metadata/object.c:5774)
0x00007fff3fb91b81 (mono-2.0-bdwgc) ves_icall_InternalInvoke (at C:/build/output/Unity-Technologies/mono/mono/metadata/icall.c:4038)
0x00007fff3fbb7e31 (mono-2.0-bdwgc) ves_icall_InternalInvoke_raw (at C:/build/output/Unity-Technologies/mono/mono/metadata/icall-def.h:692)
0x000001e8e22b0f92 (Mono JIT Code) (wrapper managed-to-native) System.Reflection.RuntimeMethodInfo:InternalInvoke (System.Reflection.RuntimeMethodInfo,object,object[],System.Exception&)
0x000001e8e3c7ea73 (Mono JIT Code) System.Reflection.RuntimeMethodInfo:Invoke (object,System.Reflection.BindingFlags,System.Reflection.Binder,object[],System.Globalization.CultureInfo)
0x000001e8db9555ef (Mono JIT Code) System.Reflection.MethodBase:Invoke (object,object[])
0x000001e9aa26e783 (Mono JIT Code) NUnit.Framework.Internal.Reflect:InvokeMethod (System.Reflection.MethodInfo,object,object[])
0x000001e9aa2760ab (Mono JIT Code) NUnit.Framework.Internal.MethodWrapper:Invoke (object,object[])
0x000001e9aa275f8a (Mono JIT Code) NUnit.Framework.Internal.Commands.TestMethodCommand:RunNonAsyncTestMethod (NUnit.Framework.Internal.ITestExecutionContext)
0x000001e9aa275dd3 (Mono JIT Code) NUnit.Framework.Internal.Commands.TestMethodCommand:RunTestMethod (NUnit.Framework.Internal.ITestExecutionContext)
0x000001e9aa275973 (Mono JIT Code) NUnit.Framework.Internal.Commands.TestMethodCommand:Execute (NUnit.Framework.Internal.ITestExecutionContext)
0x000001e9aa27556b (Mono JIT Code) UnityEngine.TestTools.UnityTestMethodCommand:Execute (NUnit.Framework.Internal.ITestExecutionContext) (at ./Library/PackageCache/com.unity.test-framework@40e262928427/UnityEngine.TestRunner/NUnitExtensions/Commands/UnityTestMethodCommand.cs:19)
0x000001e9aa2752fb (Mono JIT Code) UnityEngine.TestRunner.NUnitExtensions.Runner.UnityLogCheckDelegatingCommand/<>c__DisplayClass2_0:<Execute>b__0 () (at ./Library/PackageCache/com.unity.test-framework@40e262928427/UnityEngine.TestRunner/NUnitExtensions/Runner/UnityLogCheckDelegatingCommand.cs:24)
0x000001e9aa275123 (Mono JIT Code) UnityEngine.TestRunner.NUnitExtensions.Runner.UnityLogCheckDelegatingCommand:CaptureException (NUnit.Framework.Internal.TestResult,System.Action) (at ./Library/PackageCache/com.unity.test-framework@40e262928427/UnityEngine.TestRunner/NUnitExtensions/Runner/UnityLogCheckDelegatingCommand.cs:72)
0x000001e9aa274fb3 (Mono JIT Code) UnityEngine.TestRunner.NUnitExtensions.Runner.UnityLogCheckDelegatingCommand:ExecuteAndCheckLog (UnityEngine.TestTools.Logging.LogScope,NUnit.Framework.Internal.TestResult,System.Action) (at ./Library/PackageCache/com.unity.test-framework@40e262928427/UnityEngine.TestRunner/NUnitExtensions/Runner/UnityLogCheckDelegatingCommand.cs:83)
0x000001e9aa274c3b (Mono JIT Code) UnityEngine.TestRunner.NUnitExtensions.Runner.UnityLogCheckDelegatingCommand:Execute (NUnit.Framework.Internal.ITestExecutionContext) (at ./Library/PackageCache/com.unity.test-framework@40e262928427/UnityEngine.TestRunner/NUnitExtensions/Runner/UnityLogCheckDelegatingCommand.cs:24)
0x000001e9aa273c19 (Mono JIT Code) UnityEngine.TestRunner.NUnitExtensions.Runner.UnityLogCheckDelegatingCommand/<ExecuteEnumerable>d__3:MoveNext () (at ./Library/PackageCache/com.unity.test-framework@40e262928427/UnityEngine.TestRunner/NUnitExtensions/Runner/UnityLogCheckDelegatingCommand.cs:35)
0x000001e9aa251e01 (Mono JIT Code) UnityEngine.TestTools.BeforeAfterTestCommandBase`1/<ExecuteEnumerable>d__16<T_REF>:MoveNext () (at ./Library/PackageCache/com.unity.test-framework@40e262928427/UnityEngine.TestRunner/NUnitExtensions/Commands/BeforeAfterTestCommandBase.cs:212)
0x000001e9aa272fb6 (Mono JIT Code) UnityEngine.TestTools.ImmediateEnumerableCommand:Execute (NUnit.Framework.Internal.ITestExecutionContext) (at ./Library/PackageCache/com.unity.test-framework@40e262928427/UnityEngine.TestRunner/NUnitExtensions/Commands/ImmediateEnumerableCommand.cs:18)
0x000001e9aa251f01 (Mono JIT Code) UnityEngine.TestTools.BeforeAfterTestCommandBase`1/<ExecuteEnumerable>d__16<T_REF>:MoveNext () (at ./Library/PackageCache/com.unity.test-framework@40e262928427/UnityEngine.TestRunner/NUnitExtensions/Commands/BeforeAfterTestCommandBase.cs:219)
0x000001e9aa251e01 (Mono JIT Code) UnityEngine.TestTools.BeforeAfterTestCommandBase`1/<ExecuteEnumerable>d__16<T_REF>:MoveNext () (at ./Library/PackageCache/com.unity.test-framework@40e262928427/UnityEngine.TestRunner/NUnitExtensions/Commands/BeforeAfterTestCommandBase.cs:212)
0x000001e9aa251e01 (Mono JIT Code) UnityEngine.TestTools.BeforeAfterTestCommandBase`1/<ExecuteEnumerable>d__16<T_REF>:MoveNext () (at ./Library/PackageCache/com.unity.test-framework@40e262928427/UnityEngine.TestRunner/NUnitExtensions/Commands/BeforeAfterTestCommandBase.cs:212)
0x000001e9aa26b457 (Mono JIT Code) UnityEngine.TestTools.RetryCommand/<ExecuteEnumerable>d__2:MoveNext () (at ./Library/PackageCache/com.unity.test-framework@40e262928427/UnityEngine.TestRunner/NUnitExtensions/Commands/RetryCommand.cs:37)
0x000001e9aa269f2f (Mono JIT Code) UnityEngine.TestTools.RepeatCommand/<ExecuteEnumerable>d__2:MoveNext () (at ./Library/PackageCache/com.unity.test-framework@40e262928427/UnityEngine.TestRunner/NUnitExtensions/Commands/RepeatCommand.cs:36)
0x000001e9aa268fa6 (Mono JIT Code) UnityEngine.TestTools.IgnoreTestCommand/<ExecuteEnumerable>d__3:MoveNext () (at ./Library/PackageCache/com.unity.test-framework@40e262928427/UnityEngine.TestRunner/NUnitExtensions/Commands/IgnoreTestCommand.cs:42)
0x000001e9aa267c7f (Mono JIT Code) UnityEngine.TestTools.StrictCheckCommand/<ExecuteEnumerable>d__2:MoveNext () (at ./Library/PackageCache/com.unity.test-framework@40e262928427/UnityEngine.TestRunner/NUnitExtensions/Commands/StrictCheckCommand.cs:29)
0x000001e9aa266fe1 (Mono JIT Code) UnityEngine.TestRunner.NUnitExtensions.Runner.DefaultTestWorkItem/<PerformWork>d__2:MoveNext () (at ./Library/PackageCache/com.unity.test-framework@40e262928427/UnityEngine.TestRunner/NUnitExtensions/Runner/DefaultTestWorkItem.cs:50)
0x000001e9aa255e12 (Mono JIT Code) UnityEngine.TestRunner.NUnitExtensions.Runner.CompositeWorkItem/<RunChildren>d__17:MoveNext () (at ./Library/PackageCache/com.unity.test-framework@40e262928427/UnityEngine.TestRunner/NUnitExtensions/Runner/CompositeWorkItem.cs:207)
0x000001e9aa247756 (Mono JIT Code) UnityEngine.TestRunner.NUnitExtensions.Runner.CompositeWorkItem/<PerformWork>d__13:MoveNext () (at ./Library/PackageCache/com.unity.test-framework@40e262928427/UnityEngine.TestRunner/NUnitExtensions/Runner/CompositeWorkItem.cs:82)
0x000001e9aa255e12 (Mono JIT Code) UnityEngine.TestRunner.NUnitExtensions.Runner.CompositeWorkItem/<RunChildren>d__17:MoveNext () (at ./Library/PackageCache/com.unity.test-framework@40e262928427/UnityEngine.TestRunner/NUnitExtensions/Runner/CompositeWorkItem.cs:207)
0x000001e9aa247756 (Mono JIT Code) UnityEngine.TestRunner.NUnitExtensions.Runner.CompositeWorkItem/<PerformWork>d__13:MoveNext () (at ./Library/PackageCache/com.unity.test-framework@40e262928427/UnityEngine.TestRunner/NUnitExtensions/Runner/CompositeWorkItem.cs:82)
0x000001e9aa255e12 (Mono JIT Code) UnityEngine.TestRunner.NUnitExtensions.Runner.CompositeWorkItem/<RunChildren>d__17:MoveNext () (at ./Library/PackageCache/com.unity.test-framework@40e262928427/UnityEngine.TestRunner/NUnitExtensions/Runner/CompositeWorkItem.cs:207)
0x000001e9aa247756 (Mono JIT Code) UnityEngine.TestRunner.NUnitExtensions.Runner.CompositeWorkItem/<PerformWork>d__13:MoveNext () (at ./Library/PackageCache/com.unity.test-framework@40e262928427/UnityEngine.TestRunner/NUnitExtensions/Runner/CompositeWorkItem.cs:82)
0x000001e9aa245fcc (Mono JIT Code) UnityEditor.TestTools.TestRunner.EditModeRunner:MoveNextAndUpdateYieldObject () (at ./Library/PackageCache/com.unity.test-framework@40e262928427/UnityEditor.TestRunner/TestRunner/EditModeRunner.cs:167)
0x000001e9aa245b7b (Mono JIT Code) UnityEditor.TestTools.TestRunner.EditModeRunner:TestConsumer (UnityEditor.TestTools.TestRunner.TestRunnerStateSerializer) (at ./Library/PackageCache/com.unity.test-framework@40e262928427/UnityEditor.TestRunner/TestRunner/EditModeRunner.cs:200)
0x000001e9aa23c173 (Mono JIT Code) UnityEditor.TestTools.TestRunner.TestRun.Tasks.EditModeRunTask/<Execute>d__1:MoveNext () (at ./Library/PackageCache/com.unity.test-framework@40e262928427/UnityEditor.TestRunner/TestRun/Tasks/EditModeRunTask.cs:48)
0x000001e977129d5e (Mono JIT Code) UnityEditor.TestTools.TestRunner.TestRun.TestJobRunner:ExecuteStep () (at ./Library/PackageCache/com.unity.test-framework@40e262928427/UnityEditor.TestRunner/TestRun/TestJobRunner.cs:173)
0x000001e977128953 (Mono JIT Code) UnityEditor.TestTools.TestRunner.TestRun.TestJobRunner:ExecuteCallback () (at ./Library/PackageCache/com.unity.test-framework@40e262928427/UnityEditor.TestRunner/TestRun/TestJobRunner.cs:108)
0x000001e99df821b8 (Mono JIT Code) UnityEditor.EditorApplication:Internal_CallUpdateFunctions ()
0x000001e8e6514785 (Mono JIT Code) (wrapper runtime-invoke) object:runtime_invoke_void (object,intptr,intptr,intptr)
0x00007fff3fd16e7e (mono-2.0-bdwgc) mono_jit_runtime_invoke (at C:/build/output/Unity-Technologies/mono/mono/mini/mini-runtime.c:3445)
0x00007fff3fc58874 (mono-2.0-bdwgc) do_runtime_invoke (at C:/build/output/Unity-Technologies/mono/mono/metadata/object.c:3068)
0x00007fff3fc58960 (mono-2.0-bdwgc) mono_runtime_invoke (at C:/build/output/Unity-Technologies/mono/mono/metadata/object.c:3115)
0x00007fff38e4cea4 (Unity) scripting_method_invoke
0x00007fff38e25433 (Unity) ScriptingInvocation::Invoke
0x00007fff38e20b35 (Unity) ScriptingInvocation::Invoke<void>
0x00007fff38f8b4bb (Unity) Scripting::UnityEditor::EditorApplicationProxy::Internal_CallUpdateFunctions
0x00007fff3a07e0e4 (Unity) SceneTracker::Update
0x00007fff39be1247 (Unity) Application::TickTimer
0x00007fff3a1b25ac (Unity) MainMessageLoop
0x00007fff3a1b9d1c (Unity) UnityMain
0x00007ff68b302f2a (Unity) __scrt_common_main_seh
0x00007fffddade8d7 (KERNEL32) BaseThreadInitThunk
0x00007fffde88c53c (ntdll) RtlUserThreadStart

[RecoilConfiguration] Failed to deserialize JSON: JSON parse error: Invalid value.. Returning default configuration.
0x00007fff38f222ae (Unity) StackWalker::ShowCallstack
0x00007fff38f31ee9 (Unity) PlatformStacktrace::GetStacktrace
0x00007fff3a1ac04e (Unity) Stacktrace::GetStacktrace
0x00007fff3a7859df (Unity) DebugStringToFile
0x00007fff37fd2930 (Unity) DebugLogHandler_CUSTOM_Internal_Log
0x000001e9766cbd3e (Mono JIT Code) (wrapper managed-to-native) UnityEngine.DebugLogHandler:Internal_Log_Injected (UnityEngine.LogType,UnityEngine.LogOption,UnityEngine.Bindings.ManagedSpanWrapper&,intptr)
0x000001e9766cbb43 (Mono JIT Code) UnityEngine.DebugLogHandler:Internal_Log (UnityEngine.LogType,UnityEngine.LogOption,string,UnityEngine.Object)
0x000001e9766cb7fb (Mono JIT Code) UnityEngine.DebugLogHandler:LogFormat (UnityEngine.LogType,UnityEngine.Object,string,object[])
0x000001e9766ca6ae (Mono JIT Code) UnityEngine.Logger:Log (UnityEngine.LogType,object)
0x000001e9aa2b404d (Mono JIT Code) UnityEngine.Debug:LogWarning (object)
0x000001e976d47adb (Mono JIT Code) RecoilConfiguration:FromJson (string) (at C:/Users/Ubuntu/Desktop/_DEV/AFFECT-2025-10-11/Assets/_SCRIPTS/_PLAYER/Recoil/RecoilConfiguration.cs:152)
0x000001e976d48643 (Mono JIT Code) SerializationProperties:Property16_InvalidJsonReturnsDefaultConfiguration () (at C:/Users/Ubuntu/Desktop/_DEV/AFFECT-2025-10-11/Assets/_SCRIPTS/Editor/SerializationProperties.cs:115)
0x000001e9aa264548 (Mono JIT Code) (wrapper runtime-invoke) object:runtime_invoke_void__this__ (object,intptr,intptr,intptr)
0x00007fff3fd16e7e (mono-2.0-bdwgc) mono_jit_runtime_invoke (at C:/build/output/Unity-Technologies/mono/mono/mini/mini-runtime.c:3445)
0x00007fff3fc58874 (mono-2.0-bdwgc) do_runtime_invoke (at C:/build/output/Unity-Technologies/mono/mono/metadata/object.c:3068)
0x00007fff3fc5f926 (mono-2.0-bdwgc) mono_runtime_try_invoke_array (at C:/build/output/Unity-Technologies/mono/mono/metadata/object.c:5774)
0x00007fff3fb91b81 (mono-2.0-bdwgc) ves_icall_InternalInvoke (at C:/build/output/Unity-Technologies/mono/mono/metadata/icall.c:4038)
0x00007fff3fbb7e31 (mono-2.0-bdwgc) ves_icall_InternalInvoke_raw (at C:/build/output/Unity-Technologies/mono/mono/metadata/icall-def.h:692)
0x000001e8e22b0f92 (Mono JIT Code) (wrapper managed-to-native) System.Reflection.RuntimeMethodInfo:InternalInvoke (System.Reflection.RuntimeMethodInfo,object,object[],System.Exception&)
0x000001e8e3c7ea73 (Mono JIT Code) System.Reflection.RuntimeMethodInfo:Invoke (object,System.Reflection.BindingFlags,System.Reflection.Binder,object[],System.Globalization.CultureInfo)
0x000001e8db9555ef (Mono JIT Code) System.Reflection.MethodBase:Invoke (object,object[])
0x000001e9aa26e783 (Mono JIT Code) NUnit.Framework.Internal.Reflect:InvokeMethod (System.Reflection.MethodInfo,object,object[])
0x000001e9aa2760ab (Mono JIT Code) NUnit.Framework.Internal.MethodWrapper:Invoke (object,object[])
0x000001e9aa275f8a (Mono JIT Code) NUnit.Framework.Internal.Commands.TestMethodCommand:RunNonAsyncTestMethod (NUnit.Framework.Internal.ITestExecutionContext)
0x000001e9aa275dd3 (Mono JIT Code) NUnit.Framework.Internal.Commands.TestMethodCommand:RunTestMethod (NUnit.Framework.Internal.ITestExecutionContext)
0x000001e9aa275973 (Mono JIT Code) NUnit.Framework.Internal.Commands.TestMethodCommand:Execute (NUnit.Framework.Internal.ITestExecutionContext)
0x000001e9aa27556b (Mono JIT Code) UnityEngine.TestTools.UnityTestMethodCommand:Execute (NUnit.Framework.Internal.ITestExecutionContext) (at ./Library/PackageCache/com.unity.test-framework@40e262928427/UnityEngine.TestRunner/NUnitExtensions/Commands/UnityTestMethodCommand.cs:19)
0x000001e9aa2752fb (Mono JIT Code) UnityEngine.TestRunner.NUnitExtensions.Runner.UnityLogCheckDelegatingCommand/<>c__DisplayClass2_0:<Execute>b__0 () (at ./Library/PackageCache/com.unity.test-framework@40e262928427/UnityEngine.TestRunner/NUnitExtensions/Runner/UnityLogCheckDelegatingCommand.cs:24)
0x000001e9aa275123 (Mono JIT Code) UnityEngine.TestRunner.NUnitExtensions.Runner.UnityLogCheckDelegatingCommand:CaptureException (NUnit.Framework.Internal.TestResult,System.Action) (at ./Library/PackageCache/com.unity.test-framework@40e262928427/UnityEngine.TestRunner/NUnitExtensions/Runner/UnityLogCheckDelegatingCommand.cs:72)
0x000001e9aa274fb3 (Mono JIT Code) UnityEngine.TestRunner.NUnitExtensions.Runner.UnityLogCheckDelegatingCommand:ExecuteAndCheckLog (UnityEngine.TestTools.Logging.LogScope,NUnit.Framework.Internal.TestResult,System.Action) (at ./Library/PackageCache/com.unity.test-framework@40e262928427/UnityEngine.TestRunner/NUnitExtensions/Runner/UnityLogCheckDelegatingCommand.cs:83)
0x000001e9aa274c3b (Mono JIT Code) UnityEngine.TestRunner.NUnitExtensions.Runner.UnityLogCheckDelegatingCommand:Execute (NUnit.Framework.Internal.ITestExecutionContext) (at ./Library/PackageCache/com.unity.test-framework@40e262928427/UnityEngine.TestRunner/NUnitExtensions/Runner/UnityLogCheckDelegatingCommand.cs:24)
0x000001e9aa273c19 (Mono JIT Code) UnityEngine.TestRunner.NUnitExtensions.Runner.UnityLogCheckDelegatingCommand/<ExecuteEnumerable>d__3:MoveNext () (at ./Library/PackageCache/com.unity.test-framework@40e262928427/UnityEngine.TestRunner/NUnitExtensions/Runner/UnityLogCheckDelegatingCommand.cs:35)
0x000001e9aa251e01 (Mono JIT Code) UnityEngine.TestTools.BeforeAfterTestCommandBase`1/<ExecuteEnumerable>d__16<T_REF>:MoveNext () (at ./Library/PackageCache/com.unity.test-framework@40e262928427/UnityEngine.TestRunner/NUnitExtensions/Commands/BeforeAfterTestCommandBase.cs:212)
0x000001e9aa272fb6 (Mono JIT Code) UnityEngine.TestTools.ImmediateEnumerableCommand:Execute (NUnit.Framework.Internal.ITestExecutionContext) (at ./Library/PackageCache/com.unity.test-framework@40e262928427/UnityEngine.TestRunner/NUnitExtensions/Commands/ImmediateEnumerableCommand.cs:18)
0x000001e9aa251f01 (Mono JIT Code) UnityEngine.TestTools.BeforeAfterTestCommandBase`1/<ExecuteEnumerable>d__16<T_REF>:MoveNext () (at ./Library/PackageCache/com.unity.test-framework@40e262928427/UnityEngine.TestRunner/NUnitExtensions/Commands/BeforeAfterTestCommandBase.cs:219)
0x000001e9aa251e01 (Mono JIT Code) UnityEngine.TestTools.BeforeAfterTestCommandBase`1/<ExecuteEnumerable>d__16<T_REF>:MoveNext () (at ./Library/PackageCache/com.unity.test-framework@40e262928427/UnityEngine.TestRunner/NUnitExtensions/Commands/BeforeAfterTestCommandBase.cs:212)
0x000001e9aa251e01 (Mono JIT Code) UnityEngine.TestTools.BeforeAfterTestCommandBase`1/<ExecuteEnumerable>d__16<T_REF>:MoveNext () (at ./Library/PackageCache/com.unity.test-framework@40e262928427/UnityEngine.TestRunner/NUnitExtensions/Commands/BeforeAfterTestCommandBase.cs:212)
0x000001e9aa26b457 (Mono JIT Code) UnityEngine.TestTools.RetryCommand/<ExecuteEnumerable>d__2:MoveNext () (at ./Library/PackageCache/com.unity.test-framework@40e262928427/UnityEngine.TestRunner/NUnitExtensions/Commands/RetryCommand.cs:37)
0x000001e9aa269f2f (Mono JIT Code) UnityEngine.TestTools.RepeatCommand/<ExecuteEnumerable>d__2:MoveNext () (at ./Library/PackageCache/com.unity.test-framework@40e262928427/UnityEngine.TestRunner/NUnitExtensions/Commands/RepeatCommand.cs:36)
0x000001e9aa268fa6 (Mono JIT Code) UnityEngine.TestTools.IgnoreTestCommand/<ExecuteEnumerable>d__3:MoveNext () (at ./Library/PackageCache/com.unity.test-framework@40e262928427/UnityEngine.TestRunner/NUnitExtensions/Commands/IgnoreTestCommand.cs:42)
0x000001e9aa267c7f (Mono JIT Code) UnityEngine.TestTools.StrictCheckCommand/<ExecuteEnumerable>d__2:MoveNext () (at ./Library/PackageCache/com.unity.test-framework@40e262928427/UnityEngine.TestRunner/NUnitExtensions/Commands/StrictCheckCommand.cs:29)
0x000001e9aa266fe1 (Mono JIT Code) UnityEngine.TestRunner.NUnitExtensions.Runner.DefaultTestWorkItem/<PerformWork>d__2:MoveNext () (at ./Library/PackageCache/com.unity.test-framework@40e262928427/UnityEngine.TestRunner/NUnitExtensions/Runner/DefaultTestWorkItem.cs:50)
0x000001e9aa255e12 (Mono JIT Code) UnityEngine.TestRunner.NUnitExtensions.Runner.CompositeWorkItem/<RunChildren>d__17:MoveNext () (at ./Library/PackageCache/com.unity.test-framework@40e262928427/UnityEngine.TestRunner/NUnitExtensions/Runner/CompositeWorkItem.cs:207)
0x000001e9aa247756 (Mono JIT Code) UnityEngine.TestRunner.NUnitExtensions.Runner.CompositeWorkItem/<PerformWork>d__13:MoveNext () (at ./Library/PackageCache/com.unity.test-framework@40e262928427/UnityEngine.TestRunner/NUnitExtensions/Runner/CompositeWorkItem.cs:82)
0x000001e9aa255e12 (Mono JIT Code) UnityEngine.TestRunner.NUnitExtensions.Runner.CompositeWorkItem/<RunChildren>d__17:MoveNext () (at ./Library/PackageCache/com.unity.test-framework@40e262928427/UnityEngine.TestRunner/NUnitExtensions/Runner/CompositeWorkItem.cs:207)
0x000001e9aa247756 (Mono JIT Code) UnityEngine.TestRunner.NUnitExtensions.Runner.CompositeWorkItem/<PerformWork>d__13:MoveNext () (at ./Library/PackageCache/com.unity.test-framework@40e262928427/UnityEngine.TestRunner/NUnitExtensions/Runner/CompositeWorkItem.cs:82)
0x000001e9aa255e12 (Mono JIT Code) UnityEngine.TestRunner.NUnitExtensions.Runner.CompositeWorkItem/<RunChildren>d__17:MoveNext () (at ./Library/PackageCache/com.unity.test-framework@40e262928427/UnityEngine.TestRunner/NUnitExtensions/Runner/CompositeWorkItem.cs:207)
0x000001e9aa247756 (Mono JIT Code) UnityEngine.TestRunner.NUnitExtensions.Runner.CompositeWorkItem/<PerformWork>d__13:MoveNext () (at ./Library/PackageCache/com.unity.test-framework@40e262928427/UnityEngine.TestRunner/NUnitExtensions/Runner/CompositeWorkItem.cs:82)
0x000001e9aa245fcc (Mono JIT Code) UnityEditor.TestTools.TestRunner.EditModeRunner:MoveNextAndUpdateYieldObject () (at ./Library/PackageCache/com.unity.test-framework@40e262928427/UnityEditor.TestRunner/TestRunner/EditModeRunner.cs:167)
0x000001e9aa245b7b (Mono JIT Code) UnityEditor.TestTools.TestRunner.EditModeRunner:TestConsumer (UnityEditor.TestTools.TestRunner.TestRunnerStateSerializer) (at ./Library/PackageCache/com.unity.test-framework@40e262928427/UnityEditor.TestRunner/TestRunner/EditModeRunner.cs:200)
0x000001e9aa23c173 (Mono JIT Code) UnityEditor.TestTools.TestRunner.TestRun.Tasks.EditModeRunTask/<Execute>d__1:MoveNext () (at ./Library/PackageCache/com.unity.test-framework@40e262928427/UnityEditor.TestRunner/TestRun/Tasks/EditModeRunTask.cs:48)
0x000001e977129d5e (Mono JIT Code) UnityEditor.TestTools.TestRunner.TestRun.TestJobRunner:ExecuteStep () (at ./Library/PackageCache/com.unity.test-framework@40e262928427/UnityEditor.TestRunner/TestRun/TestJobRunner.cs:173)
0x000001e977128953 (Mono JIT Code) UnityEditor.TestTools.TestRunner.TestRun.TestJobRunner:ExecuteCallback () (at ./Library/PackageCache/com.unity.test-framework@40e262928427/UnityEditor.TestRunner/TestRun/TestJobRunner.cs:108)
0x000001e99df821b8 (Mono JIT Code) UnityEditor.EditorApplication:Internal_CallUpdateFunctions ()
0x000001e8e6514785 (Mono JIT Code) (wrapper runtime-invoke) object:runtime_invoke_void (object,intptr,intptr,intptr)
0x00007fff3fd16e7e (mono-2.0-bdwgc) mono_jit_runtime_invoke (at C:/build/output/Unity-Technologies/mono/mono/mini/mini-runtime.c:3445)
0x00007fff3fc58874 (mono-2.0-bdwgc) do_runtime_invoke (at C:/build/output/Unity-Technologies/mono/mono/metadata/object.c:3068)
0x00007fff3fc58960 (mono-2.0-bdwgc) mono_runtime_invoke (at C:/build/output/Unity-Technologies/mono/mono/metadata/object.c:3115)
0x00007fff38e4cea4 (Unity) scripting_method_invoke
0x00007fff38e25433 (Unity) ScriptingInvocation::Invoke
0x00007fff38e20b35 (Unity) ScriptingInvocation::Invoke<void>
0x00007fff38f8b4bb (Unity) Scripting::UnityEditor::EditorApplicationProxy::Internal_CallUpdateFunctions
0x00007fff3a07e0e4 (Unity) SceneTracker::Update
0x00007fff39be1247 (Unity) Application::TickTimer
0x00007fff3a1b25ac (Unity) MainMessageLoop
0x00007fff3a1b9d1c (Unity) UnityMain
0x00007ff68b302f2a (Unity) __scrt_common_main_seh
0x00007fffddade8d7 (KERNEL32) BaseThreadInitThunk
0x00007fffde88c53c (ntdll) RtlUserThreadStart

[RecoilConfiguration] Failed to deserialize JSON: JSON parse error: Invalid value.. Returning default configuration.
0x00007fff38f222ae (Unity) StackWalker::ShowCallstack
0x00007fff38f31ee9 (Unity) PlatformStacktrace::GetStacktrace
0x00007fff3a1ac04e (Unity) Stacktrace::GetStacktrace
0x00007fff3a7859df (Unity) DebugStringToFile
0x00007fff37fd2930 (Unity) DebugLogHandler_CUSTOM_Internal_Log
0x000001e9766cbd3e (Mono JIT Code) (wrapper managed-to-native) UnityEngine.DebugLogHandler:Internal_Log_Injected (UnityEngine.LogType,UnityEngine.LogOption,UnityEngine.Bindings.ManagedSpanWrapper&,intptr)
0x000001e9766cbb43 (Mono JIT Code) UnityEngine.DebugLogHandler:Internal_Log (UnityEngine.LogType,UnityEngine.LogOption,string,UnityEngine.Object)
0x000001e9766cb7fb (Mono JIT Code) UnityEngine.DebugLogHandler:LogFormat (UnityEngine.LogType,UnityEngine.Object,string,object[])
0x000001e9766ca6ae (Mono JIT Code) UnityEngine.Logger:Log (UnityEngine.LogType,object)
0x000001e9aa2b404d (Mono JIT Code) UnityEngine.Debug:LogWarning (object)
0x000001e976d47adb (Mono JIT Code) RecoilConfiguration:FromJson (string) (at C:/Users/Ubuntu/Desktop/_DEV/AFFECT-2025-10-11/Assets/_SCRIPTS/_PLAYER/Recoil/RecoilConfiguration.cs:152)
0x000001e976d48643 (Mono JIT Code) SerializationProperties:Property16_InvalidJsonReturnsDefaultConfiguration () (at C:/Users/Ubuntu/Desktop/_DEV/AFFECT-2025-10-11/Assets/_SCRIPTS/Editor/SerializationProperties.cs:115)
0x000001e9aa264548 (Mono JIT Code) (wrapper runtime-invoke) object:runtime_invoke_void__this__ (object,intptr,intptr,intptr)
0x00007fff3fd16e7e (mono-2.0-bdwgc) mono_jit_runtime_invoke (at C:/build/output/Unity-Technologies/mono/mono/mini/mini-runtime.c:3445)
0x00007fff3fc58874 (mono-2.0-bdwgc) do_runtime_invoke (at C:/build/output/Unity-Technologies/mono/mono/metadata/object.c:3068)
0x00007fff3fc5f926 (mono-2.0-bdwgc) mono_runtime_try_invoke_array (at C:/build/output/Unity-Technologies/mono/mono/metadata/object.c:5774)
0x00007fff3fb91b81 (mono-2.0-bdwgc) ves_icall_InternalInvoke (at C:/build/output/Unity-Technologies/mono/mono/metadata/icall.c:4038)
0x00007fff3fbb7e31 (mono-2.0-bdwgc) ves_icall_InternalInvoke_raw (at C:/build/output/Unity-Technologies/mono/mono/metadata/icall-def.h:692)
0x000001e8e22b0f92 (Mono JIT Code) (wrapper managed-to-native) System.Reflection.RuntimeMethodInfo:InternalInvoke (System.Reflection.RuntimeMethodInfo,object,object[],System.Exception&)
0x000001e8e3c7ea73 (Mono JIT Code) System.Reflection.RuntimeMethodInfo:Invoke (object,System.Reflection.BindingFlags,System.Reflection.Binder,object[],System.Globalization.CultureInfo)
0x000001e8db9555ef (Mono JIT Code) System.Reflection.MethodBase:Invoke (object,object[])
0x000001e9aa26e783 (Mono JIT Code) NUnit.Framework.Internal.Reflect:InvokeMethod (System.Reflection.MethodInfo,object,object[])
0x000001e9aa2760ab (Mono JIT Code) NUnit.Framework.Internal.MethodWrapper:Invoke (object,object[])
0x000001e9aa275f8a (Mono JIT Code) NUnit.Framework.Internal.Commands.TestMethodCommand:RunNonAsyncTestMethod (NUnit.Framework.Internal.ITestExecutionContext)
0x000001e9aa275dd3 (Mono JIT Code) NUnit.Framework.Internal.Commands.TestMethodCommand:RunTestMethod (NUnit.Framework.Internal.ITestExecutionContext)
0x000001e9aa275973 (Mono JIT Code) NUnit.Framework.Internal.Commands.TestMethodCommand:Execute (NUnit.Framework.Internal.ITestExecutionContext)
0x000001e9aa27556b (Mono JIT Code) UnityEngine.TestTools.UnityTestMethodCommand:Execute (NUnit.Framework.Internal.ITestExecutionContext) (at ./Library/PackageCache/com.unity.test-framework@40e262928427/UnityEngine.TestRunner/NUnitExtensions/Commands/UnityTestMethodCommand.cs:19)
0x000001e9aa2752fb (Mono JIT Code) UnityEngine.TestRunner.NUnitExtensions.Runner.UnityLogCheckDelegatingCommand/<>c__DisplayClass2_0:<Execute>b__0 () (at ./Library/PackageCache/com.unity.test-framework@40e262928427/UnityEngine.TestRunner/NUnitExtensions/Runner/UnityLogCheckDelegatingCommand.cs:24)
0x000001e9aa275123 (Mono JIT Code) UnityEngine.TestRunner.NUnitExtensions.Runner.UnityLogCheckDelegatingCommand:CaptureException (NUnit.Framework.Internal.TestResult,System.Action) (at ./Library/PackageCache/com.unity.test-framework@40e262928427/UnityEngine.TestRunner/NUnitExtensions/Runner/UnityLogCheckDelegatingCommand.cs:72)
0x000001e9aa274fb3 (Mono JIT Code) UnityEngine.TestRunner.NUnitExtensions.Runner.UnityLogCheckDelegatingCommand:ExecuteAndCheckLog (UnityEngine.TestTools.Logging.LogScope,NUnit.Framework.Internal.TestResult,System.Action) (at ./Library/PackageCache/com.unity.test-framework@40e262928427/UnityEngine.TestRunner/NUnitExtensions/Runner/UnityLogCheckDelegatingCommand.cs:83)
0x000001e9aa274c3b (Mono JIT Code) UnityEngine.TestRunner.NUnitExtensions.Runner.UnityLogCheckDelegatingCommand:Execute (NUnit.Framework.Internal.ITestExecutionContext) (at ./Library/PackageCache/com.unity.test-framework@40e262928427/UnityEngine.TestRunner/NUnitExtensions/Runner/UnityLogCheckDelegatingCommand.cs:24)
0x000001e9aa273c19 (Mono JIT Code) UnityEngine.TestRunner.NUnitExtensions.Runner.UnityLogCheckDelegatingCommand/<ExecuteEnumerable>d__3:MoveNext () (at ./Library/PackageCache/com.unity.test-framework@40e262928427/UnityEngine.TestRunner/NUnitExtensions/Runner/UnityLogCheckDelegatingCommand.cs:35)
0x000001e9aa251e01 (Mono JIT Code) UnityEngine.TestTools.BeforeAfterTestCommandBase`1/<ExecuteEnumerable>d__16<T_REF>:MoveNext () (at ./Library/PackageCache/com.unity.test-framework@40e262928427/UnityEngine.TestRunner/NUnitExtensions/Commands/BeforeAfterTestCommandBase.cs:212)
0x000001e9aa272fb6 (Mono JIT Code) UnityEngine.TestTools.ImmediateEnumerableCommand:Execute (NUnit.Framework.Internal.ITestExecutionContext) (at ./Library/PackageCache/com.unity.test-framework@40e262928427/UnityEngine.TestRunner/NUnitExtensions/Commands/ImmediateEnumerableCommand.cs:18)
0x000001e9aa251f01 (Mono JIT Code) UnityEngine.TestTools.BeforeAfterTestCommandBase`1/<ExecuteEnumerable>d__16<T_REF>:MoveNext () (at ./Library/PackageCache/com.unity.test-framework@40e262928427/UnityEngine.TestRunner/NUnitExtensions/Commands/BeforeAfterTestCommandBase.cs:219)
0x000001e9aa251e01 (Mono JIT Code) UnityEngine.TestTools.BeforeAfterTestCommandBase`1/<ExecuteEnumerable>d__16<T_REF>:MoveNext () (at ./Library/PackageCache/com.unity.test-framework@40e262928427/UnityEngine.TestRunner/NUnitExtensions/Commands/BeforeAfterTestCommandBase.cs:212)
0x000001e9aa251e01 (Mono JIT Code) UnityEngine.TestTools.BeforeAfterTestCommandBase`1/<ExecuteEnumerable>d__16<T_REF>:MoveNext () (at ./Library/PackageCache/com.unity.test-framework@40e262928427/UnityEngine.TestRunner/NUnitExtensions/Commands/BeforeAfterTestCommandBase.cs:212)
0x000001e9aa26b457 (Mono JIT Code) UnityEngine.TestTools.RetryCommand/<ExecuteEnumerable>d__2:MoveNext () (at ./Library/PackageCache/com.unity.test-framework@40e262928427/UnityEngine.TestRunner/NUnitExtensions/Commands/RetryCommand.cs:37)
0x000001e9aa269f2f (Mono JIT Code) UnityEngine.TestTools.RepeatCommand/<ExecuteEnumerable>d__2:MoveNext () (at ./Library/PackageCache/com.unity.test-framework@40e262928427/UnityEngine.TestRunner/NUnitExtensions/Commands/RepeatCommand.cs:36)
0x000001e9aa268fa6 (Mono JIT Code) UnityEngine.TestTools.IgnoreTestCommand/<ExecuteEnumerable>d__3:MoveNext () (at ./Library/PackageCache/com.unity.test-framework@40e262928427/UnityEngine.TestRunner/NUnitExtensions/Commands/IgnoreTestCommand.cs:42)
0x000001e9aa267c7f (Mono JIT Code) UnityEngine.TestTools.StrictCheckCommand/<ExecuteEnumerable>d__2:MoveNext () (at ./Library/PackageCache/com.unity.test-framework@40e262928427/UnityEngine.TestRunner/NUnitExtensions/Commands/StrictCheckCommand.cs:29)
0x000001e9aa266fe1 (Mono JIT Code) UnityEngine.TestRunner.NUnitExtensions.Runner.DefaultTestWorkItem/<PerformWork>d__2:MoveNext () (at ./Library/PackageCache/com.unity.test-framework@40e262928427/UnityEngine.TestRunner/NUnitExtensions/Runner/DefaultTestWorkItem.cs:50)
0x000001e9aa255e12 (Mono JIT Code) UnityEngine.TestRunner.NUnitExtensions.Runner.CompositeWorkItem/<RunChildren>d__17:MoveNext () (at ./Library/PackageCache/com.unity.test-framework@40e262928427/UnityEngine.TestRunner/NUnitExtensions/Runner/CompositeWorkItem.cs:207)
0x000001e9aa247756 (Mono JIT Code) UnityEngine.TestRunner.NUnitExtensions.Runner.CompositeWorkItem/<PerformWork>d__13:MoveNext () (at ./Library/PackageCache/com.unity.test-framework@40e262928427/UnityEngine.TestRunner/NUnitExtensions/Runner/CompositeWorkItem.cs:82)
0x000001e9aa255e12 (Mono JIT Code) UnityEngine.TestRunner.NUnitExtensions.Runner.CompositeWorkItem/<RunChildren>d__17:MoveNext () (at ./Library/PackageCache/com.unity.test-framework@40e262928427/UnityEngine.TestRunner/NUnitExtensions/Runner/CompositeWorkItem.cs:207)
0x000001e9aa247756 (Mono JIT Code) UnityEngine.TestRunner.NUnitExtensions.Runner.CompositeWorkItem/<PerformWork>d__13:MoveNext () (at ./Library/PackageCache/com.unity.test-framework@40e262928427/UnityEngine.TestRunner/NUnitExtensions/Runner/CompositeWorkItem.cs:82)
0x000001e9aa255e12 (Mono JIT Code) UnityEngine.TestRunner.NUnitExtensions.Runner.CompositeWorkItem/<RunChildren>d__17:MoveNext () (at ./Library/PackageCache/com.unity.test-framework@40e262928427/UnityEngine.TestRunner/NUnitExtensions/Runner/CompositeWorkItem.cs:207)
0x000001e9aa247756 (Mono JIT Code) UnityEngine.TestRunner.NUnitExtensions.Runner.CompositeWorkItem/<PerformWork>d__13:MoveNext () (at ./Library/PackageCache/com.unity.test-framework@40e262928427/UnityEngine.TestRunner/NUnitExtensions/Runner/CompositeWorkItem.cs:82)
0x000001e9aa245fcc (Mono JIT Code) UnityEditor.TestTools.TestRunner.EditModeRunner:MoveNextAndUpdateYieldObject () (at ./Library/PackageCache/com.unity.test-framework@40e262928427/UnityEditor.TestRunner/TestRunner/EditModeRunner.cs:167)
0x000001e9aa245b7b (Mono JIT Code) UnityEditor.TestTools.TestRunner.EditModeRunner:TestConsumer (UnityEditor.TestTools.TestRunner.TestRunnerStateSerializer) (at ./Library/PackageCache/com.unity.test-framework@40e262928427/UnityEditor.TestRunner/TestRunner/EditModeRunner.cs:200)
0x000001e9aa23c173 (Mono JIT Code) UnityEditor.TestTools.TestRunner.TestRun.Tasks.EditModeRunTask/<Execute>d__1:MoveNext () (at ./Library/PackageCache/com.unity.test-framework@40e262928427/UnityEditor.TestRunner/TestRun/Tasks/EditModeRunTask.cs:48)
0x000001e977129d5e (Mono JIT Code) UnityEditor.TestTools.TestRunner.TestRun.TestJobRunner:ExecuteStep () (at ./Library/PackageCache/com.unity.test-framework@40e262928427/UnityEditor.TestRunner/TestRun/TestJobRunner.cs:173)
0x000001e977128953 (Mono JIT Code) UnityEditor.TestTools.TestRunner.TestRun.TestJobRunner:ExecuteCallback () (at ./Library/PackageCache/com.unity.test-framework@40e262928427/UnityEditor.TestRunner/TestRun/TestJobRunner.cs:108)
0x000001e99df821b8 (Mono JIT Code) UnityEditor.EditorApplication:Internal_CallUpdateFunctions ()
0x000001e8e6514785 (Mono JIT Code) (wrapper runtime-invoke) object:runtime_invoke_void (object,intptr,intptr,intptr)
0x00007fff3fd16e7e (mono-2.0-bdwgc) mono_jit_runtime_invoke (at C:/build/output/Unity-Technologies/mono/mono/mini/mini-runtime.c:3445)
0x00007fff3fc58874 (mono-2.0-bdwgc) do_runtime_invoke (at C:/build/output/Unity-Technologies/mono/mono/metadata/object.c:3068)
0x00007fff3fc58960 (mono-2.0-bdwgc) mono_runtime_invoke (at C:/build/output/Unity-Technologies/mono/mono/metadata/object.c:3115)
0x00007fff38e4cea4 (Unity) scripting_method_invoke
0x00007fff38e25433 (Unity) ScriptingInvocation::Invoke
0x00007fff38e20b35 (Unity) ScriptingInvocation::Invoke<void>
0x00007fff38f8b4bb (Unity) Scripting::UnityEditor::EditorApplicationProxy::Internal_CallUpdateFunctions
0x00007fff3a07e0e4 (Unity) SceneTracker::Update
0x00007fff39be1247 (Unity) Application::TickTimer
0x00007fff3a1b25ac (Unity) MainMessageLoop
0x00007fff3a1b9d1c (Unity) UnityMain
0x00007ff68b302f2a (Unity) __scrt_common_main_seh
0x00007fffddade8d7 (KERNEL32) BaseThreadInitThunk
0x00007fffde88c53c (ntdll) RtlUserThreadStart

[RecoilConfiguration] Failed to deserialize JSON: JSON parse error: Invalid value.. Returning default configuration.
0x00007fff38f222ae (Unity) StackWalker::ShowCallstack
0x00007fff38f31ee9 (Unity) PlatformStacktrace::GetStacktrace
0x00007fff3a1ac04e (Unity) Stacktrace::GetStacktrace
0x00007fff3a7859df (Unity) DebugStringToFile
0x00007fff37fd2930 (Unity) DebugLogHandler_CUSTOM_Internal_Log
0x000001e9766cbd3e (Mono JIT Code) (wrapper managed-to-native) UnityEngine.DebugLogHandler:Internal_Log_Injected (UnityEngine.LogType,UnityEngine.LogOption,UnityEngine.Bindings.ManagedSpanWrapper&,intptr)
0x000001e9766cbb43 (Mono JIT Code) UnityEngine.DebugLogHandler:Internal_Log (UnityEngine.LogType,UnityEngine.LogOption,string,UnityEngine.Object)
0x000001e9766cb7fb (Mono JIT Code) UnityEngine.DebugLogHandler:LogFormat (UnityEngine.LogType,UnityEngine.Object,string,object[])
0x000001e9766ca6ae (Mono JIT Code) UnityEngine.Logger:Log (UnityEngine.LogType,object)
0x000001e9aa2b404d (Mono JIT Code) UnityEngine.Debug:LogWarning (object)
0x000001e976d47adb (Mono JIT Code) RecoilConfiguration:FromJson (string) (at C:/Users/Ubuntu/Desktop/_DEV/AFFECT-2025-10-11/Assets/_SCRIPTS/_PLAYER/Recoil/RecoilConfiguration.cs:152)
0x000001e976d48643 (Mono JIT Code) SerializationProperties:Property16_InvalidJsonReturnsDefaultConfiguration () (at C:/Users/Ubuntu/Desktop/_DEV/AFFECT-2025-10-11/Assets/_SCRIPTS/Editor/SerializationProperties.cs:115)
0x000001e9aa264548 (Mono JIT Code) (wrapper runtime-invoke) object:runtime_invoke_void__this__ (object,intptr,intptr,intptr)
0x00007fff3fd16e7e (mono-2.0-bdwgc) mono_jit_runtime_invoke (at C:/build/output/Unity-Technologies/mono/mono/mini/mini-runtime.c:3445)
0x00007fff3fc58874 (mono-2.0-bdwgc) do_runtime_invoke (at C:/build/output/Unity-Technologies/mono/mono/metadata/object.c:3068)
0x00007fff3fc5f926 (mono-2.0-bdwgc) mono_runtime_try_invoke_array (at C:/build/output/Unity-Technologies/mono/mono/metadata/object.c:5774)
0x00007fff3fb91b81 (mono-2.0-bdwgc) ves_icall_InternalInvoke (at C:/build/output/Unity-Technologies/mono/mono/metadata/icall.c:4038)
0x00007fff3fbb7e31 (mono-2.0-bdwgc) ves_icall_InternalInvoke_raw (at C:/build/output/Unity-Technologies/mono/mono/metadata/icall-def.h:692)
0x000001e8e22b0f92 (Mono JIT Code) (wrapper managed-to-native) System.Reflection.RuntimeMethodInfo:InternalInvoke (System.Reflection.RuntimeMethodInfo,object,object[],System.Exception&)
0x000001e8e3c7ea73 (Mono JIT Code) System.Reflection.RuntimeMethodInfo:Invoke (object,System.Reflection.BindingFlags,System.Reflection.Binder,object[],System.Globalization.CultureInfo)
0x000001e8db9555ef (Mono JIT Code) System.Reflection.MethodBase:Invoke (object,object[])
0x000001e9aa26e783 (Mono JIT Code) NUnit.Framework.Internal.Reflect:InvokeMethod (System.Reflection.MethodInfo,object,object[])
0x000001e9aa2760ab (Mono JIT Code) NUnit.Framework.Internal.MethodWrapper:Invoke (object,object[])
0x000001e9aa275f8a (Mono JIT Code) NUnit.Framework.Internal.Commands.TestMethodCommand:RunNonAsyncTestMethod (NUnit.Framework.Internal.ITestExecutionContext)
0x000001e9aa275dd3 (Mono JIT Code) NUnit.Framework.Internal.Commands.TestMethodCommand:RunTestMethod (NUnit.Framework.Internal.ITestExecutionContext)
0x000001e9aa275973 (Mono JIT Code) NUnit.Framework.Internal.Commands.TestMethodCommand:Execute (NUnit.Framework.Internal.ITestExecutionContext)
0x000001e9aa27556b (Mono JIT Code) UnityEngine.TestTools.UnityTestMethodCommand:Execute (NUnit.Framework.Internal.ITestExecutionContext) (at ./Library/PackageCache/com.unity.test-framework@40e262928427/UnityEngine.TestRunner/NUnitExtensions/Commands/UnityTestMethodCommand.cs:19)
0x000001e9aa2752fb (Mono JIT Code) UnityEngine.TestRunner.NUnitExtensions.Runner.UnityLogCheckDelegatingCommand/<>c__DisplayClass2_0:<Execute>b__0 () (at ./Library/PackageCache/com.unity.test-framework@40e262928427/UnityEngine.TestRunner/NUnitExtensions/Runner/UnityLogCheckDelegatingCommand.cs:24)
0x000001e9aa275123 (Mono JIT Code) UnityEngine.TestRunner.NUnitExtensions.Runner.UnityLogCheckDelegatingCommand:CaptureException (NUnit.Framework.Internal.TestResult,System.Action) (at ./Library/PackageCache/com.unity.test-framework@40e262928427/UnityEngine.TestRunner/NUnitExtensions/Runner/UnityLogCheckDelegatingCommand.cs:72)
0x000001e9aa274fb3 (Mono JIT Code) UnityEngine.TestRunner.NUnitExtensions.Runner.UnityLogCheckDelegatingCommand:ExecuteAndCheckLog (UnityEngine.TestTools.Logging.LogScope,NUnit.Framework.Internal.TestResult,System.Action) (at ./Library/PackageCache/com.unity.test-framework@40e262928427/UnityEngine.TestRunner/NUnitExtensions/Runner/UnityLogCheckDelegatingCommand.cs:83)
0x000001e9aa274c3b (Mono JIT Code) UnityEngine.TestRunner.NUnitExtensions.Runner.UnityLogCheckDelegatingCommand:Execute (NUnit.Framework.Internal.ITestExecutionContext) (at ./Library/PackageCache/com.unity.test-framework@40e262928427/UnityEngine.TestRunner/NUnitExtensions/Runner/UnityLogCheckDelegatingCommand.cs:24)
0x000001e9aa273c19 (Mono JIT Code) UnityEngine.TestRunner.NUnitExtensions.Runner.UnityLogCheckDelegatingCommand/<ExecuteEnumerable>d__3:MoveNext () (at ./Library/PackageCache/com.unity.test-framework@40e262928427/UnityEngine.TestRunner/NUnitExtensions/Runner/UnityLogCheckDelegatingCommand.cs:35)
0x000001e9aa251e01 (Mono JIT Code) UnityEngine.TestTools.BeforeAfterTestCommandBase`1/<ExecuteEnumerable>d__16<T_REF>:MoveNext () (at ./Library/PackageCache/com.unity.test-framework@40e262928427/UnityEngine.TestRunner/NUnitExtensions/Commands/BeforeAfterTestCommandBase.cs:212)
0x000001e9aa272fb6 (Mono JIT Code) UnityEngine.TestTools.ImmediateEnumerableCommand:Execute (NUnit.Framework.Internal.ITestExecutionContext) (at ./Library/PackageCache/com.unity.test-framework@40e262928427/UnityEngine.TestRunner/NUnitExtensions/Commands/ImmediateEnumerableCommand.cs:18)
0x000001e9aa251f01 (Mono JIT Code) UnityEngine.TestTools.BeforeAfterTestCommandBase`1/<ExecuteEnumerable>d__16<T_REF>:MoveNext () (at ./Library/PackageCache/com.unity.test-framework@40e262928427/UnityEngine.TestRunner/NUnitExtensions/Commands/BeforeAfterTestCommandBase.cs:219)
0x000001e9aa251e01 (Mono JIT Code) UnityEngine.TestTools.BeforeAfterTestCommandBase`1/<ExecuteEnumerable>d__16<T_REF>:MoveNext () (at ./Library/PackageCache/com.unity.test-framework@40e262928427/UnityEngine.TestRunner/NUnitExtensions/Commands/BeforeAfterTestCommandBase.cs:212)
0x000001e9aa251e01 (Mono JIT Code) UnityEngine.TestTools.BeforeAfterTestCommandBase`1/<ExecuteEnumerable>d__16<T_REF>:MoveNext () (at ./Library/PackageCache/com.unity.test-framework@40e262928427/UnityEngine.TestRunner/NUnitExtensions/Commands/BeforeAfterTestCommandBase.cs:212)
0x000001e9aa26b457 (Mono JIT Code) UnityEngine.TestTools.RetryCommand/<ExecuteEnumerable>d__2:MoveNext () (at ./Library/PackageCache/com.unity.test-framework@40e262928427/UnityEngine.TestRunner/NUnitExtensions/Commands/RetryCommand.cs:37)
0x000001e9aa269f2f (Mono JIT Code) UnityEngine.TestTools.RepeatCommand/<ExecuteEnumerable>d__2:MoveNext () (at ./Library/PackageCache/com.unity.test-framework@40e262928427/UnityEngine.TestRunner/NUnitExtensions/Commands/RepeatCommand.cs:36)
0x000001e9aa268fa6 (Mono JIT Code) UnityEngine.TestTools.IgnoreTestCommand/<ExecuteEnumerable>d__3:MoveNext () (at ./Library/PackageCache/com.unity.test-framework@40e262928427/UnityEngine.TestRunner/NUnitExtensions/Commands/IgnoreTestCommand.cs:42)
0x000001e9aa267c7f (Mono JIT Code) UnityEngine.TestTools.StrictCheckCommand/<ExecuteEnumerable>d__2:MoveNext () (at ./Library/PackageCache/com.unity.test-framework@40e262928427/UnityEngine.TestRunner/NUnitExtensions/Commands/StrictCheckCommand.cs:29)
0x000001e9aa266fe1 (Mono JIT Code) UnityEngine.TestRunner.NUnitExtensions.Runner.DefaultTestWorkItem/<PerformWork>d__2:MoveNext () (at ./Library/PackageCache/com.unity.test-framework@40e262928427/UnityEngine.TestRunner/NUnitExtensions/Runner/DefaultTestWorkItem.cs:50)
0x000001e9aa255e12 (Mono JIT Code) UnityEngine.TestRunner.NUnitExtensions.Runner.CompositeWorkItem/<RunChildren>d__17:MoveNext () (at ./Library/PackageCache/com.unity.test-framework@40e262928427/UnityEngine.TestRunner/NUnitExtensions/Runner/CompositeWorkItem.cs:207)
0x000001e9aa247756 (Mono JIT Code) UnityEngine.TestRunner.NUnitExtensions.Runner.CompositeWorkItem/<PerformWork>d__13:MoveNext () (at ./Library/PackageCache/com.unity.test-framework@40e262928427/UnityEngine.TestRunner/NUnitExtensions/Runner/CompositeWorkItem.cs:82)
0x000001e9aa255e12 (Mono JIT Code) UnityEngine.TestRunner.NUnitExtensions.Runner.CompositeWorkItem/<RunChildren>d__17:MoveNext () (at ./Library/PackageCache/com.unity.test-framework@40e262928427/UnityEngine.TestRunner/NUnitExtensions/Runner/CompositeWorkItem.cs:207)
0x000001e9aa247756 (Mono JIT Code) UnityEngine.TestRunner.NUnitExtensions.Runner.CompositeWorkItem/<PerformWork>d__13:MoveNext () (at ./Library/PackageCache/com.unity.test-framework@40e262928427/UnityEngine.TestRunner/NUnitExtensions/Runner/CompositeWorkItem.cs:82)
0x000001e9aa255e12 (Mono JIT Code) UnityEngine.TestRunner.NUnitExtensions.Runner.CompositeWorkItem/<RunChildren>d__17:MoveNext () (at ./Library/PackageCache/com.unity.test-framework@40e262928427/UnityEngine.TestRunner/NUnitExtensions/Runner/CompositeWorkItem.cs:207)
0x000001e9aa247756 (Mono JIT Code) UnityEngine.TestRunner.NUnitExtensions.Runner.CompositeWorkItem/<PerformWork>d__13:MoveNext () (at ./Library/PackageCache/com.unity.test-framework@40e262928427/UnityEngine.TestRunner/NUnitExtensions/Runner/CompositeWorkItem.cs:82)
0x000001e9aa245fcc (Mono JIT Code) UnityEditor.TestTools.TestRunner.EditModeRunner:MoveNextAndUpdateYieldObject () (at ./Library/PackageCache/com.unity.test-framework@40e262928427/UnityEditor.TestRunner/TestRunner/EditModeRunner.cs:167)
0x000001e9aa245b7b (Mono JIT Code) UnityEditor.TestTools.TestRunner.EditModeRunner:TestConsumer (UnityEditor.TestTools.TestRunner.TestRunnerStateSerializer) (at ./Library/PackageCache/com.unity.test-framework@40e262928427/UnityEditor.TestRunner/TestRunner/EditModeRunner.cs:200)
0x000001e9aa23c173 (Mono JIT Code) UnityEditor.TestTools.TestRunner.TestRun.Tasks.EditModeRunTask/<Execute>d__1:MoveNext () (at ./Library/PackageCache/com.unity.test-framework@40e262928427/UnityEditor.TestRunner/TestRun/Tasks/EditModeRunTask.cs:48)
0x000001e977129d5e (Mono JIT Code) UnityEditor.TestTools.TestRunner.TestRun.TestJobRunner:ExecuteStep () (at ./Library/PackageCache/com.unity.test-framework@40e262928427/UnityEditor.TestRunner/TestRun/TestJobRunner.cs:173)
0x000001e977128953 (Mono JIT Code) UnityEditor.TestTools.TestRunner.TestRun.TestJobRunner:ExecuteCallback () (at ./Library/PackageCache/com.unity.test-framework@40e262928427/UnityEditor.TestRunner/TestRun/TestJobRunner.cs:108)
0x000001e99df821b8 (Mono JIT Code) UnityEditor.EditorApplication:Internal_CallUpdateFunctions ()
0x000001e8e6514785 (Mono JIT Code) (wrapper runtime-invoke) object:runtime_invoke_void (object,intptr,intptr,intptr)
0x00007fff3fd16e7e (mono-2.0-bdwgc) mono_jit_runtime_invoke (at C:/build/output/Unity-Technologies/mono/mono/mini/mini-runtime.c:3445)
0x00007fff3fc58874 (mono-2.0-bdwgc) do_runtime_invoke (at C:/build/output/Unity-Technologies/mono/mono/metadata/object.c:3068)
0x00007fff3fc58960 (mono-2.0-bdwgc) mono_runtime_invoke (at C:/build/output/Unity-Technologies/mono/mono/metadata/object.c:3115)
0x00007fff38e4cea4 (Unity) scripting_method_invoke
0x00007fff38e25433 (Unity) ScriptingInvocation::Invoke
0x00007fff38e20b35 (Unity) ScriptingInvocation::Invoke<void>
0x00007fff38f8b4bb (Unity) Scripting::UnityEditor::EditorApplicationProxy::Internal_CallUpdateFunctions
0x00007fff3a07e0e4 (Unity) SceneTracker::Update
0x00007fff39be1247 (Unity) Application::TickTimer
0x00007fff3a1b25ac (Unity) MainMessageLoop
0x00007fff3a1b9d1c (Unity) UnityMain
0x00007ff68b302f2a (Unity) __scrt_common_main_seh
0x00007fffddade8d7 (KERNEL32) BaseThreadInitThunk
0x00007fffde88c53c (ntdll) RtlUserThreadStart

[RecoilConfiguration] Empty or null JSON provided, returning default configuration.
0x00007fff38f222ae (Unity) StackWalker::ShowCallstack
0x00007fff38f31ee9 (Unity) PlatformStacktrace::GetStacktrace
0x00007fff3a1ac04e (Unity) Stacktrace::GetStacktrace
0x00007fff3a7859df (Unity) DebugStringToFile
0x00007fff37fd2930 (Unity) DebugLogHandler_CUSTOM_Internal_Log
0x000001e9766cbd3e (Mono JIT Code) (wrapper managed-to-native) UnityEngine.DebugLogHandler:Internal_Log_Injected (UnityEngine.LogType,UnityEngine.LogOption,UnityEngine.Bindings.ManagedSpanWrapper&,intptr)
0x000001e9766cbb43 (Mono JIT Code) UnityEngine.DebugLogHandler:Internal_Log (UnityEngine.LogType,UnityEngine.LogOption,string,UnityEngine.Object)
0x000001e9766cb7fb (Mono JIT Code) UnityEngine.DebugLogHandler:LogFormat (UnityEngine.LogType,UnityEngine.Object,string,object[])
0x000001e9766ca6ae (Mono JIT Code) UnityEngine.Logger:Log (UnityEngine.LogType,object)
0x000001e9aa2b404d (Mono JIT Code) UnityEngine.Debug:LogWarning (object)
0x000001e976d477fb (Mono JIT Code) RecoilConfiguration:FromJson (string) (at C:/Users/Ubuntu/Desktop/_DEV/AFFECT-2025-10-11/Assets/_SCRIPTS/_PLAYER/Recoil/RecoilConfiguration.cs:136)
0x000001e976d48643 (Mono JIT Code) SerializationProperties:Property16_InvalidJsonReturnsDefaultConfiguration () (at C:/Users/Ubuntu/Desktop/_DEV/AFFECT-2025-10-11/Assets/_SCRIPTS/Editor/SerializationProperties.cs:115)
0x000001e9aa264548 (Mono JIT Code) (wrapper runtime-invoke) object:runtime_invoke_void__this__ (object,intptr,intptr,intptr)
0x00007fff3fd16e7e (mono-2.0-bdwgc) mono_jit_runtime_invoke (at C:/build/output/Unity-Technologies/mono/mono/mini/mini-runtime.c:3445)
0x00007fff3fc58874 (mono-2.0-bdwgc) do_runtime_invoke (at C:/build/output/Unity-Technologies/mono/mono/metadata/object.c:3068)
0x00007fff3fc5f926 (mono-2.0-bdwgc) mono_runtime_try_invoke_array (at C:/build/output/Unity-Technologies/mono/mono/metadata/object.c:5774)
0x00007fff3fb91b81 (mono-2.0-bdwgc) ves_icall_InternalInvoke (at C:/build/output/Unity-Technologies/mono/mono/metadata/icall.c:4038)
0x00007fff3fbb7e31 (mono-2.0-bdwgc) ves_icall_InternalInvoke_raw (at C:/build/output/Unity-Technologies/mono/mono/metadata/icall-def.h:692)
0x000001e8e22b0f92 (Mono JIT Code) (wrapper managed-to-native) System.Reflection.RuntimeMethodInfo:InternalInvoke (System.Reflection.RuntimeMethodInfo,object,object[],System.Exception&)
0x000001e8e3c7ea73 (Mono JIT Code) System.Reflection.RuntimeMethodInfo:Invoke (object,System.Reflection.BindingFlags,System.Reflection.Binder,object[],System.Globalization.CultureInfo)
0x000001e8db9555ef (Mono JIT Code) System.Reflection.MethodBase:Invoke (object,object[])
0x000001e9aa26e783 (Mono JIT Code) NUnit.Framework.Internal.Reflect:InvokeMethod (System.Reflection.MethodInfo,object,object[])
0x000001e9aa2760ab (Mono JIT Code) NUnit.Framework.Internal.MethodWrapper:Invoke (object,object[])
0x000001e9aa275f8a (Mono JIT Code) NUnit.Framework.Internal.Commands.TestMethodCommand:RunNonAsyncTestMethod (NUnit.Framework.Internal.ITestExecutionContext)
0x000001e9aa275dd3 (Mono JIT Code) NUnit.Framework.Internal.Commands.TestMethodCommand:RunTestMethod (NUnit.Framework.Internal.ITestExecutionContext)
0x000001e9aa275973 (Mono JIT Code) NUnit.Framework.Internal.Commands.TestMethodCommand:Execute (NUnit.Framework.Internal.ITestExecutionContext)
0x000001e9aa27556b (Mono JIT Code) UnityEngine.TestTools.UnityTestMethodCommand:Execute (NUnit.Framework.Internal.ITestExecutionContext) (at ./Library/PackageCache/com.unity.test-framework@40e262928427/UnityEngine.TestRunner/NUnitExtensions/Commands/UnityTestMethodCommand.cs:19)
0x000001e9aa2752fb (Mono JIT Code) UnityEngine.TestRunner.NUnitExtensions.Runner.UnityLogCheckDelegatingCommand/<>c__DisplayClass2_0:<Execute>b__0 () (at ./Library/PackageCache/com.unity.test-framework@40e262928427/UnityEngine.TestRunner/NUnitExtensions/Runner/UnityLogCheckDelegatingCommand.cs:24)
0x000001e9aa275123 (Mono JIT Code) UnityEngine.TestRunner.NUnitExtensions.Runner.UnityLogCheckDelegatingCommand:CaptureException (NUnit.Framework.Internal.TestResult,System.Action) (at ./Library/PackageCache/com.unity.test-framework@40e262928427/UnityEngine.TestRunner/NUnitExtensions/Runner/UnityLogCheckDelegatingCommand.cs:72)
0x000001e9aa274fb3 (Mono JIT Code) UnityEngine.TestRunner.NUnitExtensions.Runner.UnityLogCheckDelegatingCommand:ExecuteAndCheckLog (UnityEngine.TestTools.Logging.LogScope,NUnit.Framework.Internal.TestResult,System.Action) (at ./Library/PackageCache/com.unity.test-framework@40e262928427/UnityEngine.TestRunner/NUnitExtensions/Runner/UnityLogCheckDelegatingCommand.cs:83)
0x000001e9aa274c3b (Mono JIT Code) UnityEngine.TestRunner.NUnitExtensions.Runner.UnityLogCheckDelegatingCommand:Execute (NUnit.Framework.Internal.ITestExecutionContext) (at ./Library/PackageCache/com.unity.test-framework@40e262928427/UnityEngine.TestRunner/NUnitExtensions/Runner/UnityLogCheckDelegatingCommand.cs:24)
0x000001e9aa273c19 (Mono JIT Code) UnityEngine.TestRunner.NUnitExtensions.Runner.UnityLogCheckDelegatingCommand/<ExecuteEnumerable>d__3:MoveNext () (at ./Library/PackageCache/com.unity.test-framework@40e262928427/UnityEngine.TestRunner/NUnitExtensions/Runner/UnityLogCheckDelegatingCommand.cs:35)
0x000001e9aa251e01 (Mono JIT Code) UnityEngine.TestTools.BeforeAfterTestCommandBase`1/<ExecuteEnumerable>d__16<T_REF>:MoveNext () (at ./Library/PackageCache/com.unity.test-framework@40e262928427/UnityEngine.TestRunner/NUnitExtensions/Commands/BeforeAfterTestCommandBase.cs:212)
0x000001e9aa272fb6 (Mono JIT Code) UnityEngine.TestTools.ImmediateEnumerableCommand:Execute (NUnit.Framework.Internal.ITestExecutionContext) (at ./Library/PackageCache/com.unity.test-framework@40e262928427/UnityEngine.TestRunner/NUnitExtensions/Commands/ImmediateEnumerableCommand.cs:18)
0x000001e9aa251f01 (Mono JIT Code) UnityEngine.TestTools.BeforeAfterTestCommandBase`1/<ExecuteEnumerable>d__16<T_REF>:MoveNext () (at ./Library/PackageCache/com.unity.test-framework@40e262928427/UnityEngine.TestRunner/NUnitExtensions/Commands/BeforeAfterTestCommandBase.cs:219)
0x000001e9aa251e01 (Mono JIT Code) UnityEngine.TestTools.BeforeAfterTestCommandBase`1/<ExecuteEnumerable>d__16<T_REF>:MoveNext () (at ./Library/PackageCache/com.unity.test-framework@40e262928427/UnityEngine.TestRunner/NUnitExtensions/Commands/BeforeAfterTestCommandBase.cs:212)
0x000001e9aa251e01 (Mono JIT Code) UnityEngine.TestTools.BeforeAfterTestCommandBase`1/<ExecuteEnumerable>d__16<T_REF>:MoveNext () (at ./Library/PackageCache/com.unity.test-framework@40e262928427/UnityEngine.TestRunner/NUnitExtensions/Commands/BeforeAfterTestCommandBase.cs:212)
0x000001e9aa26b457 (Mono JIT Code) UnityEngine.TestTools.RetryCommand/<ExecuteEnumerable>d__2:MoveNext () (at ./Library/PackageCache/com.unity.test-framework@40e262928427/UnityEngine.TestRunner/NUnitExtensions/Commands/RetryCommand.cs:37)
0x000001e9aa269f2f (Mono JIT Code) UnityEngine.TestTools.RepeatCommand/<ExecuteEnumerable>d__2:MoveNext () (at ./Library/PackageCache/com.unity.test-framework@40e262928427/UnityEngine.TestRunner/NUnitExtensions/Commands/RepeatCommand.cs:36)
0x000001e9aa268fa6 (Mono JIT Code) UnityEngine.TestTools.IgnoreTestCommand/<ExecuteEnumerable>d__3:MoveNext () (at ./Library/PackageCache/com.unity.test-framework@40e262928427/UnityEngine.TestRunner/NUnitExtensions/Commands/IgnoreTestCommand.cs:42)
0x000001e9aa267c7f (Mono JIT Code) UnityEngine.TestTools.StrictCheckCommand/<ExecuteEnumerable>d__2:MoveNext () (at ./Library/PackageCache/com.unity.test-framework@40e262928427/UnityEngine.TestRunner/NUnitExtensions/Commands/StrictCheckCommand.cs:29)
0x000001e9aa266fe1 (Mono JIT Code) UnityEngine.TestRunner.NUnitExtensions.Runner.DefaultTestWorkItem/<PerformWork>d__2:MoveNext () (at ./Library/PackageCache/com.unity.test-framework@40e262928427/UnityEngine.TestRunner/NUnitExtensions/Runner/DefaultTestWorkItem.cs:50)
0x000001e9aa255e12 (Mono JIT Code) UnityEngine.TestRunner.NUnitExtensions.Runner.CompositeWorkItem/<RunChildren>d__17:MoveNext () (at ./Library/PackageCache/com.unity.test-framework@40e262928427/UnityEngine.TestRunner/NUnitExtensions/Runner/CompositeWorkItem.cs:207)
0x000001e9aa247756 (Mono JIT Code) UnityEngine.TestRunner.NUnitExtensions.Runner.CompositeWorkItem/<PerformWork>d__13:MoveNext () (at ./Library/PackageCache/com.unity.test-framework@40e262928427/UnityEngine.TestRunner/NUnitExtensions/Runner/CompositeWorkItem.cs:82)
0x000001e9aa255e12 (Mono JIT Code) UnityEngine.TestRunner.NUnitExtensions.Runner.CompositeWorkItem/<RunChildren>d__17:MoveNext () (at ./Library/PackageCache/com.unity.test-framework@40e262928427/UnityEngine.TestRunner/NUnitExtensions/Runner/CompositeWorkItem.cs:207)
0x000001e9aa247756 (Mono JIT Code) UnityEngine.TestRunner.NUnitExtensions.Runner.CompositeWorkItem/<PerformWork>d__13:MoveNext () (at ./Library/PackageCache/com.unity.test-framework@40e262928427/UnityEngine.TestRunner/NUnitExtensions/Runner/CompositeWorkItem.cs:82)
0x000001e9aa255e12 (Mono JIT Code) UnityEngine.TestRunner.NUnitExtensions.Runner.CompositeWorkItem/<RunChildren>d__17:MoveNext () (at ./Library/PackageCache/com.unity.test-framework@40e262928427/UnityEngine.TestRunner/NUnitExtensions/Runner/CompositeWorkItem.cs:207)
0x000001e9aa247756 (Mono JIT Code) UnityEngine.TestRunner.NUnitExtensions.Runner.CompositeWorkItem/<PerformWork>d__13:MoveNext () (at ./Library/PackageCache/com.unity.test-framework@40e262928427/UnityEngine.TestRunner/NUnitExtensions/Runner/CompositeWorkItem.cs:82)
0x000001e9aa245fcc (Mono JIT Code) UnityEditor.TestTools.TestRunner.EditModeRunner:MoveNextAndUpdateYieldObject () (at ./Library/PackageCache/com.unity.test-framework@40e262928427/UnityEditor.TestRunner/TestRunner/EditModeRunner.cs:167)
0x000001e9aa245b7b (Mono JIT Code) UnityEditor.TestTools.TestRunner.EditModeRunner:TestConsumer (UnityEditor.TestTools.TestRunner.TestRunnerStateSerializer) (at ./Library/PackageCache/com.unity.test-framework@40e262928427/UnityEditor.TestRunner/TestRunner/EditModeRunner.cs:200)
0x000001e9aa23c173 (Mono JIT Code) UnityEditor.TestTools.TestRunner.TestRun.Tasks.EditModeRunTask/<Execute>d__1:MoveNext () (at ./Library/PackageCache/com.unity.test-framework@40e262928427/UnityEditor.TestRunner/TestRun/Tasks/EditModeRunTask.cs:48)
0x000001e977129d5e (Mono JIT Code) UnityEditor.TestTools.TestRunner.TestRun.TestJobRunner:ExecuteStep () (at ./Library/PackageCache/com.unity.test-framework@40e262928427/UnityEditor.TestRunner/TestRun/TestJobRunner.cs:173)
0x000001e977128953 (Mono JIT Code) UnityEditor.TestTools.TestRunner.TestRun.TestJobRunner:ExecuteCallback () (at ./Library/PackageCache/com.unity.test-framework@40e262928427/UnityEditor.TestRunner/TestRun/TestJobRunner.cs:108)
0x000001e99df821b8 (Mono JIT Code) UnityEditor.EditorApplication:Internal_CallUpdateFunctions ()
0x000001e8e6514785 (Mono JIT Code) (wrapper runtime-invoke) object:runtime_invoke_void (object,intptr,intptr,intptr)
0x00007fff3fd16e7e (mono-2.0-bdwgc) mono_jit_runtime_invoke (at C:/build/output/Unity-Technologies/mono/mono/mini/mini-runtime.c:3445)
0x00007fff3fc58874 (mono-2.0-bdwgc) do_runtime_invoke (at C:/build/output/Unity-Technologies/mono/mono/metadata/object.c:3068)
0x00007fff3fc58960 (mono-2.0-bdwgc) mono_runtime_invoke (at C:/build/output/Unity-Technologies/mono/mono/metadata/object.c:3115)
0x00007fff38e4cea4 (Unity) scripting_method_invoke
0x00007fff38e25433 (Unity) ScriptingInvocation::Invoke
0x00007fff38e20b35 (Unity) ScriptingInvocation::Invoke<void>
0x00007fff38f8b4bb (Unity) Scripting::UnityEditor::EditorApplicationProxy::Internal_CallUpdateFunctions
0x00007fff3a07e0e4 (Unity) SceneTracker::Update
0x00007fff39be1247 (Unity) Application::TickTimer
0x00007fff3a1b25ac (Unity) MainMessageLoop
0x00007fff3a1b9d1c (Unity) UnityMain
0x00007ff68b302f2a (Unity) __scrt_common_main_seh
0x00007fffddade8d7 (KERNEL32) BaseThreadInitThunk
0x00007fffde88c53c (ntdll) RtlUserThreadStart

[RecoilConfiguration] Failed to deserialize JSON: JSON parse error: Invalid value.. Returning default configuration.
0x00007fff38f222ae (Unity) StackWalker::ShowCallstack
0x00007fff38f31ee9 (Unity) PlatformStacktrace::GetStacktrace
0x00007fff3a1ac04e (Unity) Stacktrace::GetStacktrace
0x00007fff3a7859df (Unity) DebugStringToFile
0x00007fff37fd2930 (Unity) DebugLogHandler_CUSTOM_Internal_Log
0x000001e9766cbd3e (Mono JIT Code) (wrapper managed-to-native) UnityEngine.DebugLogHandler:Internal_Log_Injected (UnityEngine.LogType,UnityEngine.LogOption,UnityEngine.Bindings.ManagedSpanWrapper&,intptr)
0x000001e9766cbb43 (Mono JIT Code) UnityEngine.DebugLogHandler:Internal_Log (UnityEngine.LogType,UnityEngine.LogOption,string,UnityEngine.Object)
0x000001e9766cb7fb (Mono JIT Code) UnityEngine.DebugLogHandler:LogFormat (UnityEngine.LogType,UnityEngine.Object,string,object[])
0x000001e9766ca6ae (Mono JIT Code) UnityEngine.Logger:Log (UnityEngine.LogType,object)
0x000001e9aa2b404d (Mono JIT Code) UnityEngine.Debug:LogWarning (object)
0x000001e976d47adb (Mono JIT Code) RecoilConfiguration:FromJson (string) (at C:/Users/Ubuntu/Desktop/_DEV/AFFECT-2025-10-11/Assets/_SCRIPTS/_PLAYER/Recoil/RecoilConfiguration.cs:152)
0x000001e976d48643 (Mono JIT Code) SerializationProperties:Property16_InvalidJsonReturnsDefaultConfiguration () (at C:/Users/Ubuntu/Desktop/_DEV/AFFECT-2025-10-11/Assets/_SCRIPTS/Editor/SerializationProperties.cs:115)
0x000001e9aa264548 (Mono JIT Code) (wrapper runtime-invoke) object:runtime_invoke_void__this__ (object,intptr,intptr,intptr)
0x00007fff3fd16e7e (mono-2.0-bdwgc) mono_jit_runtime_invoke (at C:/build/output/Unity-Technologies/mono/mono/mini/mini-runtime.c:3445)
0x00007fff3fc58874 (mono-2.0-bdwgc) do_runtime_invoke (at C:/build/output/Unity-Technologies/mono/mono/metadata/object.c:3068)
0x00007fff3fc5f926 (mono-2.0-bdwgc) mono_runtime_try_invoke_array (at C:/build/output/Unity-Technologies/mono/mono/metadata/object.c:5774)
0x00007fff3fb91b81 (mono-2.0-bdwgc) ves_icall_InternalInvoke (at C:/build/output/Unity-Technologies/mono/mono/metadata/icall.c:4038)
0x00007fff3fbb7e31 (mono-2.0-bdwgc) ves_icall_InternalInvoke_raw (at C:/build/output/Unity-Technologies/mono/mono/metadata/icall-def.h:692)
0x000001e8e22b0f92 (Mono JIT Code) (wrapper managed-to-native) System.Reflection.RuntimeMethodInfo:InternalInvoke (System.Reflection.RuntimeMethodInfo,object,object[],System.Exception&)
0x000001e8e3c7ea73 (Mono JIT Code) System.Reflection.RuntimeMethodInfo:Invoke (object,System.Reflection.BindingFlags,System.Reflection.Binder,object[],System.Globalization.CultureInfo)
0x000001e8db9555ef (Mono JIT Code) System.Reflection.MethodBase:Invoke (object,object[])
0x000001e9aa26e783 (Mono JIT Code) NUnit.Framework.Internal.Reflect:InvokeMethod (System.Reflection.MethodInfo,object,object[])
0x000001e9aa2760ab (Mono JIT Code) NUnit.Framework.Internal.MethodWrapper:Invoke (object,object[])
0x000001e9aa275f8a (Mono JIT Code) NUnit.Framework.Internal.Commands.TestMethodCommand:RunNonAsyncTestMethod (NUnit.Framework.Internal.ITestExecutionContext)
0x000001e9aa275dd3 (Mono JIT Code) NUnit.Framework.Internal.Commands.TestMethodCommand:RunTestMethod (NUnit.Framework.Internal.ITestExecutionContext)
0x000001e9aa275973 (Mono JIT Code) NUnit.Framework.Internal.Commands.TestMethodCommand:Execute (NUnit.Framework.Internal.ITestExecutionContext)
0x000001e9aa27556b (Mono JIT Code) UnityEngine.TestTools.UnityTestMethodCommand:Execute (NUnit.Framework.Internal.ITestExecutionContext) (at ./Library/PackageCache/com.unity.test-framework@40e262928427/UnityEngine.TestRunner/NUnitExtensions/Commands/UnityTestMethodCommand.cs:19)
0x000001e9aa2752fb (Mono JIT Code) UnityEngine.TestRunner.NUnitExtensions.Runner.UnityLogCheckDelegatingCommand/<>c__DisplayClass2_0:<Execute>b__0 () (at ./Library/PackageCache/com.unity.test-framework@40e262928427/UnityEngine.TestRunner/NUnitExtensions/Runner/UnityLogCheckDelegatingCommand.cs:24)
0x000001e9aa275123 (Mono JIT Code) UnityEngine.TestRunner.NUnitExtensions.Runner.UnityLogCheckDelegatingCommand:CaptureException (NUnit.Framework.Internal.TestResult,System.Action) (at ./Library/PackageCache/com.unity.test-framework@40e262928427/UnityEngine.TestRunner/NUnitExtensions/Runner/UnityLogCheckDelegatingCommand.cs:72)
0x000001e9aa274fb3 (Mono JIT Code) UnityEngine.TestRunner.NUnitExtensions.Runner.UnityLogCheckDelegatingCommand:ExecuteAndCheckLog (UnityEngine.TestTools.Logging.LogScope,NUnit.Framework.Internal.TestResult,System.Action) (at ./Library/PackageCache/com.unity.test-framework@40e262928427/UnityEngine.TestRunner/NUnitExtensions/Runner/UnityLogCheckDelegatingCommand.cs:83)
0x000001e9aa274c3b (Mono JIT Code) UnityEngine.TestRunner.NUnitExtensions.Runner.UnityLogCheckDelegatingCommand:Execute (NUnit.Framework.Internal.ITestExecutionContext) (at ./Library/PackageCache/com.unity.test-framework@40e262928427/UnityEngine.TestRunner/NUnitExtensions/Runner/UnityLogCheckDelegatingCommand.cs:24)
0x000001e9aa273c19 (Mono JIT Code) UnityEngine.TestRunner.NUnitExtensions.Runner.UnityLogCheckDelegatingCommand/<ExecuteEnumerable>d__3:MoveNext () (at ./Library/PackageCache/com.unity.test-framework@40e262928427/UnityEngine.TestRunner/NUnitExtensions/Runner/UnityLogCheckDelegatingCommand.cs:35)
0x000001e9aa251e01 (Mono JIT Code) UnityEngine.TestTools.BeforeAfterTestCommandBase`1/<ExecuteEnumerable>d__16<T_REF>:MoveNext () (at ./Library/PackageCache/com.unity.test-framework@40e262928427/UnityEngine.TestRunner/NUnitExtensions/Commands/BeforeAfterTestCommandBase.cs:212)
0x000001e9aa272fb6 (Mono JIT Code) UnityEngine.TestTools.ImmediateEnumerableCommand:Execute (NUnit.Framework.Internal.ITestExecutionContext) (at ./Library/PackageCache/com.unity.test-framework@40e262928427/UnityEngine.TestRunner/NUnitExtensions/Commands/ImmediateEnumerableCommand.cs:18)
0x000001e9aa251f01 (Mono JIT Code) UnityEngine.TestTools.BeforeAfterTestCommandBase`1/<ExecuteEnumerable>d__16<T_REF>:MoveNext () (at ./Library/PackageCache/com.unity.test-framework@40e262928427/UnityEngine.TestRunner/NUnitExtensions/Commands/BeforeAfterTestCommandBase.cs:219)
0x000001e9aa251e01 (Mono JIT Code) UnityEngine.TestTools.BeforeAfterTestCommandBase`1/<ExecuteEnumerable>d__16<T_REF>:MoveNext () (at ./Library/PackageCache/com.unity.test-framework@40e262928427/UnityEngine.TestRunner/NUnitExtensions/Commands/BeforeAfterTestCommandBase.cs:212)
0x000001e9aa251e01 (Mono JIT Code) UnityEngine.TestTools.BeforeAfterTestCommandBase`1/<ExecuteEnumerable>d__16<T_REF>:MoveNext () (at ./Library/PackageCache/com.unity.test-framework@40e262928427/UnityEngine.TestRunner/NUnitExtensions/Commands/BeforeAfterTestCommandBase.cs:212)
0x000001e9aa26b457 (Mono JIT Code) UnityEngine.TestTools.RetryCommand/<ExecuteEnumerable>d__2:MoveNext () (at ./Library/PackageCache/com.unity.test-framework@40e262928427/UnityEngine.TestRunner/NUnitExtensions/Commands/RetryCommand.cs:37)
0x000001e9aa269f2f (Mono JIT Code) UnityEngine.TestTools.RepeatCommand/<ExecuteEnumerable>d__2:MoveNext () (at ./Library/PackageCache/com.unity.test-framework@40e262928427/UnityEngine.TestRunner/NUnitExtensions/Commands/RepeatCommand.cs:36)
0x000001e9aa268fa6 (Mono JIT Code) UnityEngine.TestTools.IgnoreTestCommand/<ExecuteEnumerable>d__3:MoveNext () (at ./Library/PackageCache/com.unity.test-framework@40e262928427/UnityEngine.TestRunner/NUnitExtensions/Commands/IgnoreTestCommand.cs:42)
0x000001e9aa267c7f (Mono JIT Code) UnityEngine.TestTools.StrictCheckCommand/<ExecuteEnumerable>d__2:MoveNext () (at ./Library/PackageCache/com.unity.test-framework@40e262928427/UnityEngine.TestRunner/NUnitExtensions/Commands/StrictCheckCommand.cs:29)
0x000001e9aa266fe1 (Mono JIT Code) UnityEngine.TestRunner.NUnitExtensions.Runner.DefaultTestWorkItem/<PerformWork>d__2:MoveNext () (at ./Library/PackageCache/com.unity.test-framework@40e262928427/UnityEngine.TestRunner/NUnitExtensions/Runner/DefaultTestWorkItem.cs:50)
0x000001e9aa255e12 (Mono JIT Code) UnityEngine.TestRunner.NUnitExtensions.Runner.CompositeWorkItem/<RunChildren>d__17:MoveNext () (at ./Library/PackageCache/com.unity.test-framework@40e262928427/UnityEngine.TestRunner/NUnitExtensions/Runner/CompositeWorkItem.cs:207)
0x000001e9aa247756 (Mono JIT Code) UnityEngine.TestRunner.NUnitExtensions.Runner.CompositeWorkItem/<PerformWork>d__13:MoveNext () (at ./Library/PackageCache/com.unity.test-framework@40e262928427/UnityEngine.TestRunner/NUnitExtensions/Runner/CompositeWorkItem.cs:82)
0x000001e9aa255e12 (Mono JIT Code) UnityEngine.TestRunner.NUnitExtensions.Runner.CompositeWorkItem/<RunChildren>d__17:MoveNext () (at ./Library/PackageCache/com.unity.test-framework@40e262928427/UnityEngine.TestRunner/NUnitExtensions/Runner/CompositeWorkItem.cs:207)
0x000001e9aa247756 (Mono JIT Code) UnityEngine.TestRunner.NUnitExtensions.Runner.CompositeWorkItem/<PerformWork>d__13:MoveNext () (at ./Library/PackageCache/com.unity.test-framework@40e262928427/UnityEngine.TestRunner/NUnitExtensions/Runner/CompositeWorkItem.cs:82)
0x000001e9aa255e12 (Mono JIT Code) UnityEngine.TestRunner.NUnitExtensions.Runner.CompositeWorkItem/<RunChildren>d__17:MoveNext () (at ./Library/PackageCache/com.unity.test-framework@40e262928427/UnityEngine.TestRunner/NUnitExtensions/Runner/CompositeWorkItem.cs:207)
0x000001e9aa247756 (Mono JIT Code) UnityEngine.TestRunner.NUnitExtensions.Runner.CompositeWorkItem/<PerformWork>d__13:MoveNext () (at ./Library/PackageCache/com.unity.test-framework@40e262928427/UnityEngine.TestRunner/NUnitExtensions/Runner/CompositeWorkItem.cs:82)
0x000001e9aa245fcc (Mono JIT Code) UnityEditor.TestTools.TestRunner.EditModeRunner:MoveNextAndUpdateYieldObject () (at ./Library/PackageCache/com.unity.test-framework@40e262928427/UnityEditor.TestRunner/TestRunner/EditModeRunner.cs:167)
0x000001e9aa245b7b (Mono JIT Code) UnityEditor.TestTools.TestRunner.EditModeRunner:TestConsumer (UnityEditor.TestTools.TestRunner.TestRunnerStateSerializer) (at ./Library/PackageCache/com.unity.test-framework@40e262928427/UnityEditor.TestRunner/TestRunner/EditModeRunner.cs:200)
0x000001e9aa23c173 (Mono JIT Code) UnityEditor.TestTools.TestRunner.TestRun.Tasks.EditModeRunTask/<Execute>d__1:MoveNext () (at ./Library/PackageCache/com.unity.test-framework@40e262928427/UnityEditor.TestRunner/TestRun/Tasks/EditModeRunTask.cs:48)
0x000001e977129d5e (Mono JIT Code) UnityEditor.TestTools.TestRunner.TestRun.TestJobRunner:ExecuteStep () (at ./Library/PackageCache/com.unity.test-framework@40e262928427/UnityEditor.TestRunner/TestRun/TestJobRunner.cs:173)
0x000001e977128953 (Mono JIT Code) UnityEditor.TestTools.TestRunner.TestRun.TestJobRunner:ExecuteCallback () (at ./Library/PackageCache/com.unity.test-framework@40e262928427/UnityEditor.TestRunner/TestRun/TestJobRunner.cs:108)
0x000001e99df821b8 (Mono JIT Code) UnityEditor.EditorApplication:Internal_CallUpdateFunctions ()
0x000001e8e6514785 (Mono JIT Code) (wrapper runtime-invoke) object:runtime_invoke_void (object,intptr,intptr,intptr)
0x00007fff3fd16e7e (mono-2.0-bdwgc) mono_jit_runtime_invoke (at C:/build/output/Unity-Technologies/mono/mono/mini/mini-runtime.c:3445)
0x00007fff3fc58874 (mono-2.0-bdwgc) do_runtime_invoke (at C:/build/output/Unity-Technologies/mono/mono/metadata/object.c:3068)
0x00007fff3fc58960 (mono-2.0-bdwgc) mono_runtime_invoke (at C:/build/output/Unity-Technologies/mono/mono/metadata/object.c:3115)
0x00007fff38e4cea4 (Unity) scripting_method_invoke
0x00007fff38e25433 (Unity) ScriptingInvocation::Invoke
0x00007fff38e20b35 (Unity) ScriptingInvocation::Invoke<void>
0x00007fff38f8b4bb (Unity) Scripting::UnityEditor::EditorApplicationProxy::Internal_CallUpdateFunctions
0x00007fff3a07e0e4 (Unity) SceneTracker::Update
0x00007fff39be1247 (Unity) Application::TickTimer
0x00007fff3a1b25ac (Unity) MainMessageLoop
0x00007fff3a1b9d1c (Unity) UnityMain
0x00007ff68b302f2a (Unity) __scrt_common_main_seh
0x00007fffddade8d7 (KERNEL32) BaseThreadInitThunk
0x00007fffde88c53c (ntdll) RtlUserThreadStart

[RecoilConfiguration] Empty or null JSON provided, returning default configuration.
0x00007fff38f222ae (Unity) StackWalker::ShowCallstack
0x00007fff38f31ee9 (Unity) PlatformStacktrace::GetStacktrace
0x00007fff3a1ac04e (Unity) Stacktrace::GetStacktrace
0x00007fff3a7859df (Unity) DebugStringToFile
0x00007fff37fd2930 (Unity) DebugLogHandler_CUSTOM_Internal_Log
0x000001e9766cbd3e (Mono JIT Code) (wrapper managed-to-native) UnityEngine.DebugLogHandler:Internal_Log_Injected (UnityEngine.LogType,UnityEngine.LogOption,UnityEngine.Bindings.ManagedSpanWrapper&,intptr)
0x000001e9766cbb43 (Mono JIT Code) UnityEngine.DebugLogHandler:Internal_Log (UnityEngine.LogType,UnityEngine.LogOption,string,UnityEngine.Object)
0x000001e9766cb7fb (Mono JIT Code) UnityEngine.DebugLogHandler:LogFormat (UnityEngine.LogType,UnityEngine.Object,string,object[])
0x000001e9766ca6ae (Mono JIT Code) UnityEngine.Logger:Log (UnityEngine.LogType,object)
0x000001e9aa2b404d (Mono JIT Code) UnityEngine.Debug:LogWarning (object)
0x000001e976d477fb (Mono JIT Code) RecoilConfiguration:FromJson (string) (at C:/Users/Ubuntu/Desktop/_DEV/AFFECT-2025-10-11/Assets/_SCRIPTS/_PLAYER/Recoil/RecoilConfiguration.cs:136)
0x000001e976d48643 (Mono JIT Code) SerializationProperties:Property16_InvalidJsonReturnsDefaultConfiguration () (at C:/Users/Ubuntu/Desktop/_DEV/AFFECT-2025-10-11/Assets/_SCRIPTS/Editor/SerializationProperties.cs:115)
0x000001e9aa264548 (Mono JIT Code) (wrapper runtime-invoke) object:runtime_invoke_void__this__ (object,intptr,intptr,intptr)
0x00007fff3fd16e7e (mono-2.0-bdwgc) mono_jit_runtime_invoke (at C:/build/output/Unity-Technologies/mono/mono/mini/mini-runtime.c:3445)
0x00007fff3fc58874 (mono-2.0-bdwgc) do_runtime_invoke (at C:/build/output/Unity-Technologies/mono/mono/metadata/object.c:3068)
0x00007fff3fc5f926 (mono-2.0-bdwgc) mono_runtime_try_invoke_array (at C:/build/output/Unity-Technologies/mono/mono/metadata/object.c:5774)
0x00007fff3fb91b81 (mono-2.0-bdwgc) ves_icall_InternalInvoke (at C:/build/output/Unity-Technologies/mono/mono/metadata/icall.c:4038)
0x00007fff3fbb7e31 (mono-2.0-bdwgc) ves_icall_InternalInvoke_raw (at C:/build/output/Unity-Technologies/mono/mono/metadata/icall-def.h:692)
0x000001e8e22b0f92 (Mono JIT Code) (wrapper managed-to-native) System.Reflection.RuntimeMethodInfo:InternalInvoke (System.Reflection.RuntimeMethodInfo,object,object[],System.Exception&)
0x000001e8e3c7ea73 (Mono JIT Code) System.Reflection.RuntimeMethodInfo:Invoke (object,System.Reflection.BindingFlags,System.Reflection.Binder,object[],System.Globalization.CultureInfo)
0x000001e8db9555ef (Mono JIT Code) System.Reflection.MethodBase:Invoke (object,object[])
0x000001e9aa26e783 (Mono JIT Code) NUnit.Framework.Internal.Reflect:InvokeMethod (System.Reflection.MethodInfo,object,object[])
0x000001e9aa2760ab (Mono JIT Code) NUnit.Framework.Internal.MethodWrapper:Invoke (object,object[])
0x000001e9aa275f8a (Mono JIT Code) NUnit.Framework.Internal.Commands.TestMethodCommand:RunNonAsyncTestMethod (NUnit.Framework.Internal.ITestExecutionContext)
0x000001e9aa275dd3 (Mono JIT Code) NUnit.Framework.Internal.Commands.TestMethodCommand:RunTestMethod (NUnit.Framework.Internal.ITestExecutionContext)
0x000001e9aa275973 (Mono JIT Code) NUnit.Framework.Internal.Commands.TestMethodCommand:Execute (NUnit.Framework.Internal.ITestExecutionContext)
0x000001e9aa27556b (Mono JIT Code) UnityEngine.TestTools.UnityTestMethodCommand:Execute (NUnit.Framework.Internal.ITestExecutionContext) (at ./Library/PackageCache/com.unity.test-framework@40e262928427/UnityEngine.TestRunner/NUnitExtensions/Commands/UnityTestMethodCommand.cs:19)
0x000001e9aa2752fb (Mono JIT Code) UnityEngine.TestRunner.NUnitExtensions.Runner.UnityLogCheckDelegatingCommand/<>c__DisplayClass2_0:<Execute>b__0 () (at ./Library/PackageCache/com.unity.test-framework@40e262928427/UnityEngine.TestRunner/NUnitExtensions/Runner/UnityLogCheckDelegatingCommand.cs:24)
0x000001e9aa275123 (Mono JIT Code) UnityEngine.TestRunner.NUnitExtensions.Runner.UnityLogCheckDelegatingCommand:CaptureException (NUnit.Framework.Internal.TestResult,System.Action) (at ./Library/PackageCache/com.unity.test-framework@40e262928427/UnityEngine.TestRunner/NUnitExtensions/Runner/UnityLogCheckDelegatingCommand.cs:72)
0x000001e9aa274fb3 (Mono JIT Code) UnityEngine.TestRunner.NUnitExtensions.Runner.UnityLogCheckDelegatingCommand:ExecuteAndCheckLog (UnityEngine.TestTools.Logging.LogScope,NUnit.Framework.Internal.TestResult,System.Action) (at ./Library/PackageCache/com.unity.test-framework@40e262928427/UnityEngine.TestRunner/NUnitExtensions/Runner/UnityLogCheckDelegatingCommand.cs:83)
0x000001e9aa274c3b (Mono JIT Code) UnityEngine.TestRunner.NUnitExtensions.Runner.UnityLogCheckDelegatingCommand:Execute (NUnit.Framework.Internal.ITestExecutionContext) (at ./Library/PackageCache/com.unity.test-framework@40e262928427/UnityEngine.TestRunner/NUnitExtensions/Runner/UnityLogCheckDelegatingCommand.cs:24)
0x000001e9aa273c19 (Mono JIT Code) UnityEngine.TestRunner.NUnitExtensions.Runner.UnityLogCheckDelegatingCommand/<ExecuteEnumerable>d__3:MoveNext () (at ./Library/PackageCache/com.unity.test-framework@40e262928427/UnityEngine.TestRunner/NUnitExtensions/Runner/UnityLogCheckDelegatingCommand.cs:35)
0x000001e9aa251e01 (Mono JIT Code) UnityEngine.TestTools.BeforeAfterTestCommandBase`1/<ExecuteEnumerable>d__16<T_REF>:MoveNext () (at ./Library/PackageCache/com.unity.test-framework@40e262928427/UnityEngine.TestRunner/NUnitExtensions/Commands/BeforeAfterTestCommandBase.cs:212)
0x000001e9aa272fb6 (Mono JIT Code) UnityEngine.TestTools.ImmediateEnumerableCommand:Execute (NUnit.Framework.Internal.ITestExecutionContext) (at ./Library/PackageCache/com.unity.test-framework@40e262928427/UnityEngine.TestRunner/NUnitExtensions/Commands/ImmediateEnumerableCommand.cs:18)
0x000001e9aa251f01 (Mono JIT Code) UnityEngine.TestTools.BeforeAfterTestCommandBase`1/<ExecuteEnumerable>d__16<T_REF>:MoveNext () (at ./Library/PackageCache/com.unity.test-framework@40e262928427/UnityEngine.TestRunner/NUnitExtensions/Commands/BeforeAfterTestCommandBase.cs:219)
0x000001e9aa251e01 (Mono JIT Code) UnityEngine.TestTools.BeforeAfterTestCommandBase`1/<ExecuteEnumerable>d__16<T_REF>:MoveNext () (at ./Library/PackageCache/com.unity.test-framework@40e262928427/UnityEngine.TestRunner/NUnitExtensions/Commands/BeforeAfterTestCommandBase.cs:212)
0x000001e9aa251e01 (Mono JIT Code) UnityEngine.TestTools.BeforeAfterTestCommandBase`1/<ExecuteEnumerable>d__16<T_REF>:MoveNext () (at ./Library/PackageCache/com.unity.test-framework@40e262928427/UnityEngine.TestRunner/NUnitExtensions/Commands/BeforeAfterTestCommandBase.cs:212)
0x000001e9aa26b457 (Mono JIT Code) UnityEngine.TestTools.RetryCommand/<ExecuteEnumerable>d__2:MoveNext () (at ./Library/PackageCache/com.unity.test-framework@40e262928427/UnityEngine.TestRunner/NUnitExtensions/Commands/RetryCommand.cs:37)
0x000001e9aa269f2f (Mono JIT Code) UnityEngine.TestTools.RepeatCommand/<ExecuteEnumerable>d__2:MoveNext () (at ./Library/PackageCache/com.unity.test-framework@40e262928427/UnityEngine.TestRunner/NUnitExtensions/Commands/RepeatCommand.cs:36)
0x000001e9aa268fa6 (Mono JIT Code) UnityEngine.TestTools.IgnoreTestCommand/<ExecuteEnumerable>d__3:MoveNext () (at ./Library/PackageCache/com.unity.test-framework@40e262928427/UnityEngine.TestRunner/NUnitExtensions/Commands/IgnoreTestCommand.cs:42)
0x000001e9aa267c7f (Mono JIT Code) UnityEngine.TestTools.StrictCheckCommand/<ExecuteEnumerable>d__2:MoveNext () (at ./Library/PackageCache/com.unity.test-framework@40e262928427/UnityEngine.TestRunner/NUnitExtensions/Commands/StrictCheckCommand.cs:29)
0x000001e9aa266fe1 (Mono JIT Code) UnityEngine.TestRunner.NUnitExtensions.Runner.DefaultTestWorkItem/<PerformWork>d__2:MoveNext () (at ./Library/PackageCache/com.unity.test-framework@40e262928427/UnityEngine.TestRunner/NUnitExtensions/Runner/DefaultTestWorkItem.cs:50)
0x000001e9aa255e12 (Mono JIT Code) UnityEngine.TestRunner.NUnitExtensions.Runner.CompositeWorkItem/<RunChildren>d__17:MoveNext () (at ./Library/PackageCache/com.unity.test-framework@40e262928427/UnityEngine.TestRunner/NUnitExtensions/Runner/CompositeWorkItem.cs:207)
0x000001e9aa247756 (Mono JIT Code) UnityEngine.TestRunner.NUnitExtensions.Runner.CompositeWorkItem/<PerformWork>d__13:MoveNext () (at ./Library/PackageCache/com.unity.test-framework@40e262928427/UnityEngine.TestRunner/NUnitExtensions/Runner/CompositeWorkItem.cs:82)
0x000001e9aa255e12 (Mono JIT Code) UnityEngine.TestRunner.NUnitExtensions.Runner.CompositeWorkItem/<RunChildren>d__17:MoveNext () (at ./Library/PackageCache/com.unity.test-framework@40e262928427/UnityEngine.TestRunner/NUnitExtensions/Runner/CompositeWorkItem.cs:207)
0x000001e9aa247756 (Mono JIT Code) UnityEngine.TestRunner.NUnitExtensions.Runner.CompositeWorkItem/<PerformWork>d__13:MoveNext () (at ./Library/PackageCache/com.unity.test-framework@40e262928427/UnityEngine.TestRunner/NUnitExtensions/Runner/CompositeWorkItem.cs:82)
0x000001e9aa255e12 (Mono JIT Code) UnityEngine.TestRunner.NUnitExtensions.Runner.CompositeWorkItem/<RunChildren>d__17:MoveNext () (at ./Library/PackageCache/com.unity.test-framework@40e262928427/UnityEngine.TestRunner/NUnitExtensions/Runner/CompositeWorkItem.cs:207)
0x000001e9aa247756 (Mono JIT Code) UnityEngine.TestRunner.NUnitExtensions.Runner.CompositeWorkItem/<PerformWork>d__13:MoveNext () (at ./Library/PackageCache/com.unity.test-framework@40e262928427/UnityEngine.TestRunner/NUnitExtensions/Runner/CompositeWorkItem.cs:82)
0x000001e9aa245fcc (Mono JIT Code) UnityEditor.TestTools.TestRunner.EditModeRunner:MoveNextAndUpdateYieldObject () (at ./Library/PackageCache/com.unity.test-framework@40e262928427/UnityEditor.TestRunner/TestRunner/EditModeRunner.cs:167)
0x000001e9aa245b7b (Mono JIT Code) UnityEditor.TestTools.TestRunner.EditModeRunner:TestConsumer (UnityEditor.TestTools.TestRunner.TestRunnerStateSerializer) (at ./Library/PackageCache/com.unity.test-framework@40e262928427/UnityEditor.TestRunner/TestRunner/EditModeRunner.cs:200)
0x000001e9aa23c173 (Mono JIT Code) UnityEditor.TestTools.TestRunner.TestRun.Tasks.EditModeRunTask/<Execute>d__1:MoveNext () (at ./Library/PackageCache/com.unity.test-framework@40e262928427/UnityEditor.TestRunner/TestRun/Tasks/EditModeRunTask.cs:48)
0x000001e977129d5e (Mono JIT Code) UnityEditor.TestTools.TestRunner.TestRun.TestJobRunner:ExecuteStep () (at ./Library/PackageCache/com.unity.test-framework@40e262928427/UnityEditor.TestRunner/TestRun/TestJobRunner.cs:173)
0x000001e977128953 (Mono JIT Code) UnityEditor.TestTools.TestRunner.TestRun.TestJobRunner:ExecuteCallback () (at ./Library/PackageCache/com.unity.test-framework@40e262928427/UnityEditor.TestRunner/TestRun/TestJobRunner.cs:108)
0x000001e99df821b8 (Mono JIT Code) UnityEditor.EditorApplication:Internal_CallUpdateFunctions ()
0x000001e8e6514785 (Mono JIT Code) (wrapper runtime-invoke) object:runtime_invoke_void (object,intptr,intptr,intptr)
0x00007fff3fd16e7e (mono-2.0-bdwgc) mono_jit_runtime_invoke (at C:/build/output/Unity-Technologies/mono/mono/mini/mini-runtime.c:3445)
0x00007fff3fc58874 (mono-2.0-bdwgc) do_runtime_invoke (at C:/build/output/Unity-Technologies/mono/mono/metadata/object.c:3068)
0x00007fff3fc58960 (mono-2.0-bdwgc) mono_runtime_invoke (at C:/build/output/Unity-Technologies/mono/mono/metadata/object.c:3115)
0x00007fff38e4cea4 (Unity) scripting_method_invoke
0x00007fff38e25433 (Unity) ScriptingInvocation::Invoke
0x00007fff38e20b35 (Unity) ScriptingInvocation::Invoke<void>
0x00007fff38f8b4bb (Unity) Scripting::UnityEditor::EditorApplicationProxy::Internal_CallUpdateFunctions
0x00007fff3a07e0e4 (Unity) SceneTracker::Update
0x00007fff39be1247 (Unity) Application::TickTimer
0x00007fff3a1b25ac (Unity) MainMessageLoop
0x00007fff3a1b9d1c (Unity) UnityMain
0x00007ff68b302f2a (Unity) __scrt_common_main_seh
0x00007fffddade8d7 (KERNEL32) BaseThreadInitThunk
0x00007fffde88c53c (ntdll) RtlUserThreadStart

[RecoilConfiguration] Failed to deserialize JSON: JSON parse error: Missing a name for object member.. Returning default configuration.
0x00007fff38f222ae (Unity) StackWalker::ShowCallstack
0x00007fff38f31ee9 (Unity) PlatformStacktrace::GetStacktrace
0x00007fff3a1ac04e (Unity) Stacktrace::GetStacktrace
0x00007fff3a7859df (Unity) DebugStringToFile
0x00007fff37fd2930 (Unity) DebugLogHandler_CUSTOM_Internal_Log
0x000001e9766cbd3e (Mono JIT Code) (wrapper managed-to-native) UnityEngine.DebugLogHandler:Internal_Log_Injected (UnityEngine.LogType,UnityEngine.LogOption,UnityEngine.Bindings.ManagedSpanWrapper&,intptr)
0x000001e9766cbb43 (Mono JIT Code) UnityEngine.DebugLogHandler:Internal_Log (UnityEngine.LogType,UnityEngine.LogOption,string,UnityEngine.Object)
0x000001e9766cb7fb (Mono JIT Code) UnityEngine.DebugLogHandler:LogFormat (UnityEngine.LogType,UnityEngine.Object,string,object[])
0x000001e9766ca6ae (Mono JIT Code) UnityEngine.Logger:Log (UnityEngine.LogType,object)
0x000001e9aa2b404d (Mono JIT Code) UnityEngine.Debug:LogWarning (object)
0x000001e976d47adb (Mono JIT Code) RecoilConfiguration:FromJson (string) (at C:/Users/Ubuntu/Desktop/_DEV/AFFECT-2025-10-11/Assets/_SCRIPTS/_PLAYER/Recoil/RecoilConfiguration.cs:152)
0x000001e976d48643 (Mono JIT Code) SerializationProperties:Property16_InvalidJsonReturnsDefaultConfiguration () (at C:/Users/Ubuntu/Desktop/_DEV/AFFECT-2025-10-11/Assets/_SCRIPTS/Editor/SerializationProperties.cs:115)
0x000001e9aa264548 (Mono JIT Code) (wrapper runtime-invoke) object:runtime_invoke_void__this__ (object,intptr,intptr,intptr)
0x00007fff3fd16e7e (mono-2.0-bdwgc) mono_jit_runtime_invoke (at C:/build/output/Unity-Technologies/mono/mono/mini/mini-runtime.c:3445)
0x00007fff3fc58874 (mono-2.0-bdwgc) do_runtime_invoke (at C:/build/output/Unity-Technologies/mono/mono/metadata/object.c:3068)
0x00007fff3fc5f926 (mono-2.0-bdwgc) mono_runtime_try_invoke_array (at C:/build/output/Unity-Technologies/mono/mono/metadata/object.c:5774)
0x00007fff3fb91b81 (mono-2.0-bdwgc) ves_icall_InternalInvoke (at C:/build/output/Unity-Technologies/mono/mono/metadata/icall.c:4038)
0x00007fff3fbb7e31 (mono-2.0-bdwgc) ves_icall_InternalInvoke_raw (at C:/build/output/Unity-Technologies/mono/mono/metadata/icall-def.h:692)
0x000001e8e22b0f92 (Mono JIT Code) (wrapper managed-to-native) System.Reflection.RuntimeMethodInfo:InternalInvoke (System.Reflection.RuntimeMethodInfo,object,object[],System.Exception&)
0x000001e8e3c7ea73 (Mono JIT Code) System.Reflection.RuntimeMethodInfo:Invoke (object,System.Reflection.BindingFlags,System.Reflection.Binder,object[],System.Globalization.CultureInfo)
0x000001e8db9555ef (Mono JIT Code) System.Reflection.MethodBase:Invoke (object,object[])
0x000001e9aa26e783 (Mono JIT Code) NUnit.Framework.Internal.Reflect:InvokeMethod (System.Reflection.MethodInfo,object,object[])
0x000001e9aa2760ab (Mono JIT Code) NUnit.Framework.Internal.MethodWrapper:Invoke (object,object[])
0x000001e9aa275f8a (Mono JIT Code) NUnit.Framework.Internal.Commands.TestMethodCommand:RunNonAsyncTestMethod (NUnit.Framework.Internal.ITestExecutionContext)
0x000001e9aa275dd3 (Mono JIT Code) NUnit.Framework.Internal.Commands.TestMethodCommand:RunTestMethod (NUnit.Framework.Internal.ITestExecutionContext)
0x000001e9aa275973 (Mono JIT Code) NUnit.Framework.Internal.Commands.TestMethodCommand:Execute (NUnit.Framework.Internal.ITestExecutionContext)
0x000001e9aa27556b (Mono JIT Code) UnityEngine.TestTools.UnityTestMethodCommand:Execute (NUnit.Framework.Internal.ITestExecutionContext) (at ./Library/PackageCache/com.unity.test-framework@40e262928427/UnityEngine.TestRunner/NUnitExtensions/Commands/UnityTestMethodCommand.cs:19)
0x000001e9aa2752fb (Mono JIT Code) UnityEngine.TestRunner.NUnitExtensions.Runner.UnityLogCheckDelegatingCommand/<>c__DisplayClass2_0:<Execute>b__0 () (at ./Library/PackageCache/com.unity.test-framework@40e262928427/UnityEngine.TestRunner/NUnitExtensions/Runner/UnityLogCheckDelegatingCommand.cs:24)
0x000001e9aa275123 (Mono JIT Code) UnityEngine.TestRunner.NUnitExtensions.Runner.UnityLogCheckDelegatingCommand:CaptureException (NUnit.Framework.Internal.TestResult,System.Action) (at ./Library/PackageCache/com.unity.test-framework@40e262928427/UnityEngine.TestRunner/NUnitExtensions/Runner/UnityLogCheckDelegatingCommand.cs:72)
0x000001e9aa274fb3 (Mono JIT Code) UnityEngine.TestRunner.NUnitExtensions.Runner.UnityLogCheckDelegatingCommand:ExecuteAndCheckLog (UnityEngine.TestTools.Logging.LogScope,NUnit.Framework.Internal.TestResult,System.Action) (at ./Library/PackageCache/com.unity.test-framework@40e262928427/UnityEngine.TestRunner/NUnitExtensions/Runner/UnityLogCheckDelegatingCommand.cs:83)
0x000001e9aa274c3b (Mono JIT Code) UnityEngine.TestRunner.NUnitExtensions.Runner.UnityLogCheckDelegatingCommand:Execute (NUnit.Framework.Internal.ITestExecutionContext) (at ./Library/PackageCache/com.unity.test-framework@40e262928427/UnityEngine.TestRunner/NUnitExtensions/Runner/UnityLogCheckDelegatingCommand.cs:24)
0x000001e9aa273c19 (Mono JIT Code) UnityEngine.TestRunner.NUnitExtensions.Runner.UnityLogCheckDelegatingCommand/<ExecuteEnumerable>d__3:MoveNext () (at ./Library/PackageCache/com.unity.test-framework@40e262928427/UnityEngine.TestRunner/NUnitExtensions/Runner/UnityLogCheckDelegatingCommand.cs:35)
0x000001e9aa251e01 (Mono JIT Code) UnityEngine.TestTools.BeforeAfterTestCommandBase`1/<ExecuteEnumerable>d__16<T_REF>:MoveNext () (at ./Library/PackageCache/com.unity.test-framework@40e262928427/UnityEngine.TestRunner/NUnitExtensions/Commands/BeforeAfterTestCommandBase.cs:212)
0x000001e9aa272fb6 (Mono JIT Code) UnityEngine.TestTools.ImmediateEnumerableCommand:Execute (NUnit.Framework.Internal.ITestExecutionContext) (at ./Library/PackageCache/com.unity.test-framework@40e262928427/UnityEngine.TestRunner/NUnitExtensions/Commands/ImmediateEnumerableCommand.cs:18)
0x000001e9aa251f01 (Mono JIT Code) UnityEngine.TestTools.BeforeAfterTestCommandBase`1/<ExecuteEnumerable>d__16<T_REF>:MoveNext () (at ./Library/PackageCache/com.unity.test-framework@40e262928427/UnityEngine.TestRunner/NUnitExtensions/Commands/BeforeAfterTestCommandBase.cs:219)
0x000001e9aa251e01 (Mono JIT Code) UnityEngine.TestTools.BeforeAfterTestCommandBase`1/<ExecuteEnumerable>d__16<T_REF>:MoveNext () (at ./Library/PackageCache/com.unity.test-framework@40e262928427/UnityEngine.TestRunner/NUnitExtensions/Commands/BeforeAfterTestCommandBase.cs:212)
0x000001e9aa251e01 (Mono JIT Code) UnityEngine.TestTools.BeforeAfterTestCommandBase`1/<ExecuteEnumerable>d__16<T_REF>:MoveNext () (at ./Library/PackageCache/com.unity.test-framework@40e262928427/UnityEngine.TestRunner/NUnitExtensions/Commands/BeforeAfterTestCommandBase.cs:212)
0x000001e9aa26b457 (Mono JIT Code) UnityEngine.TestTools.RetryCommand/<ExecuteEnumerable>d__2:MoveNext () (at ./Library/PackageCache/com.unity.test-framework@40e262928427/UnityEngine.TestRunner/NUnitExtensions/Commands/RetryCommand.cs:37)
0x000001e9aa269f2f (Mono JIT Code) UnityEngine.TestTools.RepeatCommand/<ExecuteEnumerable>d__2:MoveNext () (at ./Library/PackageCache/com.unity.test-framework@40e262928427/UnityEngine.TestRunner/NUnitExtensions/Commands/RepeatCommand.cs:36)
0x000001e9aa268fa6 (Mono JIT Code) UnityEngine.TestTools.IgnoreTestCommand/<ExecuteEnumerable>d__3:MoveNext () (at ./Library/PackageCache/com.unity.test-framework@40e262928427/UnityEngine.TestRunner/NUnitExtensions/Commands/IgnoreTestCommand.cs:42)
0x000001e9aa267c7f (Mono JIT Code) UnityEngine.TestTools.StrictCheckCommand/<ExecuteEnumerable>d__2:MoveNext () (at ./Library/PackageCache/com.unity.test-framework@40e262928427/UnityEngine.TestRunner/NUnitExtensions/Commands/StrictCheckCommand.cs:29)
0x000001e9aa266fe1 (Mono JIT Code) UnityEngine.TestRunner.NUnitExtensions.Runner.DefaultTestWorkItem/<PerformWork>d__2:MoveNext () (at ./Library/PackageCache/com.unity.test-framework@40e262928427/UnityEngine.TestRunner/NUnitExtensions/Runner/DefaultTestWorkItem.cs:50)
0x000001e9aa255e12 (Mono JIT Code) UnityEngine.TestRunner.NUnitExtensions.Runner.CompositeWorkItem/<RunChildren>d__17:MoveNext () (at ./Library/PackageCache/com.unity.test-framework@40e262928427/UnityEngine.TestRunner/NUnitExtensions/Runner/CompositeWorkItem.cs:207)
0x000001e9aa247756 (Mono JIT Code) UnityEngine.TestRunner.NUnitExtensions.Runner.CompositeWorkItem/<PerformWork>d__13:MoveNext () (at ./Library/PackageCache/com.unity.test-framework@40e262928427/UnityEngine.TestRunner/NUnitExtensions/Runner/CompositeWorkItem.cs:82)
0x000001e9aa255e12 (Mono JIT Code) UnityEngine.TestRunner.NUnitExtensions.Runner.CompositeWorkItem/<RunChildren>d__17:MoveNext () (at ./Library/PackageCache/com.unity.test-framework@40e262928427/UnityEngine.TestRunner/NUnitExtensions/Runner/CompositeWorkItem.cs:207)
0x000001e9aa247756 (Mono JIT Code) UnityEngine.TestRunner.NUnitExtensions.Runner.CompositeWorkItem/<PerformWork>d__13:MoveNext () (at ./Library/PackageCache/com.unity.test-framework@40e262928427/UnityEngine.TestRunner/NUnitExtensions/Runner/CompositeWorkItem.cs:82)
0x000001e9aa255e12 (Mono JIT Code) UnityEngine.TestRunner.NUnitExtensions.Runner.CompositeWorkItem/<RunChildren>d__17:MoveNext () (at ./Library/PackageCache/com.unity.test-framework@40e262928427/UnityEngine.TestRunner/NUnitExtensions/Runner/CompositeWorkItem.cs:207)
0x000001e9aa247756 (Mono JIT Code) UnityEngine.TestRunner.NUnitExtensions.Runner.CompositeWorkItem/<PerformWork>d__13:MoveNext () (at ./Library/PackageCache/com.unity.test-framework@40e262928427/UnityEngine.TestRunner/NUnitExtensions/Runner/CompositeWorkItem.cs:82)
0x000001e9aa245fcc (Mono JIT Code) UnityEditor.TestTools.TestRunner.EditModeRunner:MoveNextAndUpdateYieldObject () (at ./Library/PackageCache/com.unity.test-framework@40e262928427/UnityEditor.TestRunner/TestRunner/EditModeRunner.cs:167)
0x000001e9aa245b7b (Mono JIT Code) UnityEditor.TestTools.TestRunner.EditModeRunner:TestConsumer (UnityEditor.TestTools.TestRunner.TestRunnerStateSerializer) (at ./Library/PackageCache/com.unity.test-framework@40e262928427/UnityEditor.TestRunner/TestRunner/EditModeRunner.cs:200)
0x000001e9aa23c173 (Mono JIT Code) UnityEditor.TestTools.TestRunner.TestRun.Tasks.EditModeRunTask/<Execute>d__1:MoveNext () (at ./Library/PackageCache/com.unity.test-framework@40e262928427/UnityEditor.TestRunner/TestRun/Tasks/EditModeRunTask.cs:48)
0x000001e977129d5e (Mono JIT Code) UnityEditor.TestTools.TestRunner.TestRun.TestJobRunner:ExecuteStep () (at ./Library/PackageCache/com.unity.test-framework@40e262928427/UnityEditor.TestRunner/TestRun/TestJobRunner.cs:173)
0x000001e977128953 (Mono JIT Code) UnityEditor.TestTools.TestRunner.TestRun.TestJobRunner:ExecuteCallback () (at ./Library/PackageCache/com.unity.test-framework@40e262928427/UnityEditor.TestRunner/TestRun/TestJobRunner.cs:108)
0x000001e99df821b8 (Mono JIT Code) UnityEditor.EditorApplication:Internal_CallUpdateFunctions ()
0x000001e8e6514785 (Mono JIT Code) (wrapper runtime-invoke) object:runtime_invoke_void (object,intptr,intptr,intptr)
0x00007fff3fd16e7e (mono-2.0-bdwgc) mono_jit_runtime_invoke (at C:/build/output/Unity-Technologies/mono/mono/mini/mini-runtime.c:3445)
0x00007fff3fc58874 (mono-2.0-bdwgc) do_runtime_invoke (at C:/build/output/Unity-Technologies/mono/mono/metadata/object.c:3068)
0x00007fff3fc58960 (mono-2.0-bdwgc) mono_runtime_invoke (at C:/build/output/Unity-Technologies/mono/mono/metadata/object.c:3115)
0x00007fff38e4cea4 (Unity) scripting_method_invoke
0x00007fff38e25433 (Unity) ScriptingInvocation::Invoke
0x00007fff38e20b35 (Unity) ScriptingInvocation::Invoke<void>
0x00007fff38f8b4bb (Unity) Scripting::UnityEditor::EditorApplicationProxy::Internal_CallUpdateFunctions
0x00007fff3a07e0e4 (Unity) SceneTracker::Update
0x00007fff39be1247 (Unity) Application::TickTimer
0x00007fff3a1b25ac (Unity) MainMessageLoop
0x00007fff3a1b9d1c (Unity) UnityMain
0x00007ff68b302f2a (Unity) __scrt_common_main_seh
0x00007fffddade8d7 (KERNEL32) BaseThreadInitThunk
0x00007fffde88c53c (ntdll) RtlUserThreadStart

[RecoilConfiguration] Empty or null JSON provided, returning default configuration.
0x00007fff38f222ae (Unity) StackWalker::ShowCallstack
0x00007fff38f31ee9 (Unity) PlatformStacktrace::GetStacktrace
0x00007fff3a1ac04e (Unity) Stacktrace::GetStacktrace
0x00007fff3a7859df (Unity) DebugStringToFile
0x00007fff37fd2930 (Unity) DebugLogHandler_CUSTOM_Internal_Log
0x000001e9766cbd3e (Mono JIT Code) (wrapper managed-to-native) UnityEngine.DebugLogHandler:Internal_Log_Injected (UnityEngine.LogType,UnityEngine.LogOption,UnityEngine.Bindings.ManagedSpanWrapper&,intptr)
0x000001e9766cbb43 (Mono JIT Code) UnityEngine.DebugLogHandler:Internal_Log (UnityEngine.LogType,UnityEngine.LogOption,string,UnityEngine.Object)
0x000001e9766cb7fb (Mono JIT Code) UnityEngine.DebugLogHandler:LogFormat (UnityEngine.LogType,UnityEngine.Object,string,object[])
0x000001e9766ca6ae (Mono JIT Code) UnityEngine.Logger:Log (UnityEngine.LogType,object)
0x000001e9aa2b404d (Mono JIT Code) UnityEngine.Debug:LogWarning (object)
0x000001e976d477fb (Mono JIT Code) RecoilConfiguration:FromJson (string) (at C:/Users/Ubuntu/Desktop/_DEV/AFFECT-2025-10-11/Assets/_SCRIPTS/_PLAYER/Recoil/RecoilConfiguration.cs:136)
0x000001e976d48643 (Mono JIT Code) SerializationProperties:Property16_InvalidJsonReturnsDefaultConfiguration () (at C:/Users/Ubuntu/Desktop/_DEV/AFFECT-2025-10-11/Assets/_SCRIPTS/Editor/SerializationProperties.cs:115)
0x000001e9aa264548 (Mono JIT Code) (wrapper runtime-invoke) object:runtime_invoke_void__this__ (object,intptr,intptr,intptr)
0x00007fff3fd16e7e (mono-2.0-bdwgc) mono_jit_runtime_invoke (at C:/build/output/Unity-Technologies/mono/mono/mini/mini-runtime.c:3445)
0x00007fff3fc58874 (mono-2.0-bdwgc) do_runtime_invoke (at C:/build/output/Unity-Technologies/mono/mono/metadata/object.c:3068)
0x00007fff3fc5f926 (mono-2.0-bdwgc) mono_runtime_try_invoke_array (at C:/build/output/Unity-Technologies/mono/mono/metadata/object.c:5774)
0x00007fff3fb91b81 (mono-2.0-bdwgc) ves_icall_InternalInvoke (at C:/build/output/Unity-Technologies/mono/mono/metadata/icall.c:4038)
0x00007fff3fbb7e31 (mono-2.0-bdwgc) ves_icall_InternalInvoke_raw (at C:/build/output/Unity-Technologies/mono/mono/metadata/icall-def.h:692)
0x000001e8e22b0f92 (Mono JIT Code) (wrapper managed-to-native) System.Reflection.RuntimeMethodInfo:InternalInvoke (System.Reflection.RuntimeMethodInfo,object,object[],System.Exception&)
0x000001e8e3c7ea73 (Mono JIT Code) System.Reflection.RuntimeMethodInfo:Invoke (object,System.Reflection.BindingFlags,System.Reflection.Binder,object[],System.Globalization.CultureInfo)
0x000001e8db9555ef (Mono JIT Code) System.Reflection.MethodBase:Invoke (object,object[])
0x000001e9aa26e783 (Mono JIT Code) NUnit.Framework.Internal.Reflect:InvokeMethod (System.Reflection.MethodInfo,object,object[])
0x000001e9aa2760ab (Mono JIT Code) NUnit.Framework.Internal.MethodWrapper:Invoke (object,object[])
0x000001e9aa275f8a (Mono JIT Code) NUnit.Framework.Internal.Commands.TestMethodCommand:RunNonAsyncTestMethod (NUnit.Framework.Internal.ITestExecutionContext)
0x000001e9aa275dd3 (Mono JIT Code) NUnit.Framework.Internal.Commands.TestMethodCommand:RunTestMethod (NUnit.Framework.Internal.ITestExecutionContext)
0x000001e9aa275973 (Mono JIT Code) NUnit.Framework.Internal.Commands.TestMethodCommand:Execute (NUnit.Framework.Internal.ITestExecutionContext)
0x000001e9aa27556b (Mono JIT Code) UnityEngine.TestTools.UnityTestMethodCommand:Execute (NUnit.Framework.Internal.ITestExecutionContext) (at ./Library/PackageCache/com.unity.test-framework@40e262928427/UnityEngine.TestRunner/NUnitExtensions/Commands/UnityTestMethodCommand.cs:19)
0x000001e9aa2752fb (Mono JIT Code) UnityEngine.TestRunner.NUnitExtensions.Runner.UnityLogCheckDelegatingCommand/<>c__DisplayClass2_0:<Execute>b__0 () (at ./Library/PackageCache/com.unity.test-framework@40e262928427/UnityEngine.TestRunner/NUnitExtensions/Runner/UnityLogCheckDelegatingCommand.cs:24)
0x000001e9aa275123 (Mono JIT Code) UnityEngine.TestRunner.NUnitExtensions.Runner.UnityLogCheckDelegatingCommand:CaptureException (NUnit.Framework.Internal.TestResult,System.Action) (at ./Library/PackageCache/com.unity.test-framework@40e262928427/UnityEngine.TestRunner/NUnitExtensions/Runner/UnityLogCheckDelegatingCommand.cs:72)
0x000001e9aa274fb3 (Mono JIT Code) UnityEngine.TestRunner.NUnitExtensions.Runner.UnityLogCheckDelegatingCommand:ExecuteAndCheckLog (UnityEngine.TestTools.Logging.LogScope,NUnit.Framework.Internal.TestResult,System.Action) (at ./Library/PackageCache/com.unity.test-framework@40e262928427/UnityEngine.TestRunner/NUnitExtensions/Runner/UnityLogCheckDelegatingCommand.cs:83)
0x000001e9aa274c3b (Mono JIT Code) UnityEngine.TestRunner.NUnitExtensions.Runner.UnityLogCheckDelegatingCommand:Execute (NUnit.Framework.Internal.ITestExecutionContext) (at ./Library/PackageCache/com.unity.test-framework@40e262928427/UnityEngine.TestRunner/NUnitExtensions/Runner/UnityLogCheckDelegatingCommand.cs:24)
0x000001e9aa273c19 (Mono JIT Code) UnityEngine.TestRunner.NUnitExtensions.Runner.UnityLogCheckDelegatingCommand/<ExecuteEnumerable>d__3:MoveNext () (at ./Library/PackageCache/com.unity.test-framework@40e262928427/UnityEngine.TestRunner/NUnitExtensions/Runner/UnityLogCheckDelegatingCommand.cs:35)
0x000001e9aa251e01 (Mono JIT Code) UnityEngine.TestTools.BeforeAfterTestCommandBase`1/<ExecuteEnumerable>d__16<T_REF>:MoveNext () (at ./Library/PackageCache/com.unity.test-framework@40e262928427/UnityEngine.TestRunner/NUnitExtensions/Commands/BeforeAfterTestCommandBase.cs:212)
0x000001e9aa272fb6 (Mono JIT Code) UnityEngine.TestTools.ImmediateEnumerableCommand:Execute (NUnit.Framework.Internal.ITestExecutionContext) (at ./Library/PackageCache/com.unity.test-framework@40e262928427/UnityEngine.TestRunner/NUnitExtensions/Commands/ImmediateEnumerableCommand.cs:18)
0x000001e9aa251f01 (Mono JIT Code) UnityEngine.TestTools.BeforeAfterTestCommandBase`1/<ExecuteEnumerable>d__16<T_REF>:MoveNext () (at ./Library/PackageCache/com.unity.test-framework@40e262928427/UnityEngine.TestRunner/NUnitExtensions/Commands/BeforeAfterTestCommandBase.cs:219)
0x000001e9aa251e01 (Mono JIT Code) UnityEngine.TestTools.BeforeAfterTestCommandBase`1/<ExecuteEnumerable>d__16<T_REF>:MoveNext () (at ./Library/PackageCache/com.unity.test-framework@40e262928427/UnityEngine.TestRunner/NUnitExtensions/Commands/BeforeAfterTestCommandBase.cs:212)
0x000001e9aa251e01 (Mono JIT Code) UnityEngine.TestTools.BeforeAfterTestCommandBase`1/<ExecuteEnumerable>d__16<T_REF>:MoveNext () (at ./Library/PackageCache/com.unity.test-framework@40e262928427/UnityEngine.TestRunner/NUnitExtensions/Commands/BeforeAfterTestCommandBase.cs:212)
0x000001e9aa26b457 (Mono JIT Code) UnityEngine.TestTools.RetryCommand/<ExecuteEnumerable>d__2:MoveNext () (at ./Library/PackageCache/com.unity.test-framework@40e262928427/UnityEngine.TestRunner/NUnitExtensions/Commands/RetryCommand.cs:37)
0x000001e9aa269f2f (Mono JIT Code) UnityEngine.TestTools.RepeatCommand/<ExecuteEnumerable>d__2:MoveNext () (at ./Library/PackageCache/com.unity.test-framework@40e262928427/UnityEngine.TestRunner/NUnitExtensions/Commands/RepeatCommand.cs:36)
0x000001e9aa268fa6 (Mono JIT Code) UnityEngine.TestTools.IgnoreTestCommand/<ExecuteEnumerable>d__3:MoveNext () (at ./Library/PackageCache/com.unity.test-framework@40e262928427/UnityEngine.TestRunner/NUnitExtensions/Commands/IgnoreTestCommand.cs:42)
0x000001e9aa267c7f (Mono JIT Code) UnityEngine.TestTools.StrictCheckCommand/<ExecuteEnumerable>d__2:MoveNext () (at ./Library/PackageCache/com.unity.test-framework@40e262928427/UnityEngine.TestRunner/NUnitExtensions/Commands/StrictCheckCommand.cs:29)
0x000001e9aa266fe1 (Mono JIT Code) UnityEngine.TestRunner.NUnitExtensions.Runner.DefaultTestWorkItem/<PerformWork>d__2:MoveNext () (at ./Library/PackageCache/com.unity.test-framework@40e262928427/UnityEngine.TestRunner/NUnitExtensions/Runner/DefaultTestWorkItem.cs:50)
0x000001e9aa255e12 (Mono JIT Code) UnityEngine.TestRunner.NUnitExtensions.Runner.CompositeWorkItem/<RunChildren>d__17:MoveNext () (at ./Library/PackageCache/com.unity.test-framework@40e262928427/UnityEngine.TestRunner/NUnitExtensions/Runner/CompositeWorkItem.cs:207)
0x000001e9aa247756 (Mono JIT Code) UnityEngine.TestRunner.NUnitExtensions.Runner.CompositeWorkItem/<PerformWork>d__13:MoveNext () (at ./Library/PackageCache/com.unity.test-framework@40e262928427/UnityEngine.TestRunner/NUnitExtensions/Runner/CompositeWorkItem.cs:82)
0x000001e9aa255e12 (Mono JIT Code) UnityEngine.TestRunner.NUnitExtensions.Runner.CompositeWorkItem/<RunChildren>d__17:MoveNext () (at ./Library/PackageCache/com.unity.test-framework@40e262928427/UnityEngine.TestRunner/NUnitExtensions/Runner/CompositeWorkItem.cs:207)
0x000001e9aa247756 (Mono JIT Code) UnityEngine.TestRunner.NUnitExtensions.Runner.CompositeWorkItem/<PerformWork>d__13:MoveNext () (at ./Library/PackageCache/com.unity.test-framework@40e262928427/UnityEngine.TestRunner/NUnitExtensions/Runner/CompositeWorkItem.cs:82)
0x000001e9aa255e12 (Mono JIT Code) UnityEngine.TestRunner.NUnitExtensions.Runner.CompositeWorkItem/<RunChildren>d__17:MoveNext () (at ./Library/PackageCache/com.unity.test-framework@40e262928427/UnityEngine.TestRunner/NUnitExtensions/Runner/CompositeWorkItem.cs:207)
0x000001e9aa247756 (Mono JIT Code) UnityEngine.TestRunner.NUnitExtensions.Runner.CompositeWorkItem/<PerformWork>d__13:MoveNext () (at ./Library/PackageCache/com.unity.test-framework@40e262928427/UnityEngine.TestRunner/NUnitExtensions/Runner/CompositeWorkItem.cs:82)
0x000001e9aa245fcc (Mono JIT Code) UnityEditor.TestTools.TestRunner.EditModeRunner:MoveNextAndUpdateYieldObject () (at ./Library/PackageCache/com.unity.test-framework@40e262928427/UnityEditor.TestRunner/TestRunner/EditModeRunner.cs:167)
0x000001e9aa245b7b (Mono JIT Code) UnityEditor.TestTools.TestRunner.EditModeRunner:TestConsumer (UnityEditor.TestTools.TestRunner.TestRunnerStateSerializer) (at ./Library/PackageCache/com.unity.test-framework@40e262928427/UnityEditor.TestRunner/TestRunner/EditModeRunner.cs:200)
0x000001e9aa23c173 (Mono JIT Code) UnityEditor.TestTools.TestRunner.TestRun.Tasks.EditModeRunTask/<Execute>d__1:MoveNext () (at ./Library/PackageCache/com.unity.test-framework@40e262928427/UnityEditor.TestRunner/TestRun/Tasks/EditModeRunTask.cs:48)
0x000001e977129d5e (Mono JIT Code) UnityEditor.TestTools.TestRunner.TestRun.TestJobRunner:ExecuteStep () (at ./Library/PackageCache/com.unity.test-framework@40e262928427/UnityEditor.TestRunner/TestRun/TestJobRunner.cs:173)
0x000001e977128953 (Mono JIT Code) UnityEditor.TestTools.TestRunner.TestRun.TestJobRunner:ExecuteCallback () (at ./Library/PackageCache/com.unity.test-framework@40e262928427/UnityEditor.TestRunner/TestRun/TestJobRunner.cs:108)
0x000001e99df821b8 (Mono JIT Code) UnityEditor.EditorApplication:Internal_CallUpdateFunctions ()
0x000001e8e6514785 (Mono JIT Code) (wrapper runtime-invoke) object:runtime_invoke_void (object,intptr,intptr,intptr)
0x00007fff3fd16e7e (mono-2.0-bdwgc) mono_jit_runtime_invoke (at C:/build/output/Unity-Technologies/mono/mono/mini/mini-runtime.c:3445)
0x00007fff3fc58874 (mono-2.0-bdwgc) do_runtime_invoke (at C:/build/output/Unity-Technologies/mono/mono/metadata/object.c:3068)
0x00007fff3fc58960 (mono-2.0-bdwgc) mono_runtime_invoke (at C:/build/output/Unity-Technologies/mono/mono/metadata/object.c:3115)
0x00007fff38e4cea4 (Unity) scripting_method_invoke
0x00007fff38e25433 (Unity) ScriptingInvocation::Invoke
0x00007fff38e20b35 (Unity) ScriptingInvocation::Invoke<void>
0x00007fff38f8b4bb (Unity) Scripting::UnityEditor::EditorApplicationProxy::Internal_CallUpdateFunctions
0x00007fff3a07e0e4 (Unity) SceneTracker::Update
0x00007fff39be1247 (Unity) Application::TickTimer
0x00007fff3a1b25ac (Unity) MainMessageLoop
0x00007fff3a1b9d1c (Unity) UnityMain
0x00007ff68b302f2a (Unity) __scrt_common_main_seh
0x00007fffddade8d7 (KERNEL32) BaseThreadInitThunk
0x00007fffde88c53c (ntdll) RtlUserThreadStart

[RecoilConfiguration] Failed to deserialize JSON: JSON parse error: Missing a name for object member.. Returning default configuration.
0x00007fff38f222ae (Unity) StackWalker::ShowCallstack
0x00007fff38f31ee9 (Unity) PlatformStacktrace::GetStacktrace
0x00007fff3a1ac04e (Unity) Stacktrace::GetStacktrace
0x00007fff3a7859df (Unity) DebugStringToFile
0x00007fff37fd2930 (Unity) DebugLogHandler_CUSTOM_Internal_Log
0x000001e9766cbd3e (Mono JIT Code) (wrapper managed-to-native) UnityEngine.DebugLogHandler:Internal_Log_Injected (UnityEngine.LogType,UnityEngine.LogOption,UnityEngine.Bindings.ManagedSpanWrapper&,intptr)
0x000001e9766cbb43 (Mono JIT Code) UnityEngine.DebugLogHandler:Internal_Log (UnityEngine.LogType,UnityEngine.LogOption,string,UnityEngine.Object)
0x000001e9766cb7fb (Mono JIT Code) UnityEngine.DebugLogHandler:LogFormat (UnityEngine.LogType,UnityEngine.Object,string,object[])
0x000001e9766ca6ae (Mono JIT Code) UnityEngine.Logger:Log (UnityEngine.LogType,object)
0x000001e9aa2b404d (Mono JIT Code) UnityEngine.Debug:LogWarning (object)
0x000001e976d47adb (Mono JIT Code) RecoilConfiguration:FromJson (string) (at C:/Users/Ubuntu/Desktop/_DEV/AFFECT-2025-10-11/Assets/_SCRIPTS/_PLAYER/Recoil/RecoilConfiguration.cs:152)
0x000001e976d48643 (Mono JIT Code) SerializationProperties:Property16_InvalidJsonReturnsDefaultConfiguration () (at C:/Users/Ubuntu/Desktop/_DEV/AFFECT-2025-10-11/Assets/_SCRIPTS/Editor/SerializationProperties.cs:115)
0x000001e9aa264548 (Mono JIT Code) (wrapper runtime-invoke) object:runtime_invoke_void__this__ (object,intptr,intptr,intptr)
0x00007fff3fd16e7e (mono-2.0-bdwgc) mono_jit_runtime_invoke (at C:/build/output/Unity-Technologies/mono/mono/mini/mini-runtime.c:3445)
0x00007fff3fc58874 (mono-2.0-bdwgc) do_runtime_invoke (at C:/build/output/Unity-Technologies/mono/mono/metadata/object.c:3068)
0x00007fff3fc5f926 (mono-2.0-bdwgc) mono_runtime_try_invoke_array (at C:/build/output/Unity-Technologies/mono/mono/metadata/object.c:5774)
0x00007fff3fb91b81 (mono-2.0-bdwgc) ves_icall_InternalInvoke (at C:/build/output/Unity-Technologies/mono/mono/metadata/icall.c:4038)
0x00007fff3fbb7e31 (mono-2.0-bdwgc) ves_icall_InternalInvoke_raw (at C:/build/output/Unity-Technologies/mono/mono/metadata/icall-def.h:692)
0x000001e8e22b0f92 (Mono JIT Code) (wrapper managed-to-native) System.Reflection.RuntimeMethodInfo:InternalInvoke (System.Reflection.RuntimeMethodInfo,object,object[],System.Exception&)
0x000001e8e3c7ea73 (Mono JIT Code) System.Reflection.RuntimeMethodInfo:Invoke (object,System.Reflection.BindingFlags,System.Reflection.Binder,object[],System.Globalization.CultureInfo)
0x000001e8db9555ef (Mono JIT Code) System.Reflection.MethodBase:Invoke (object,object[])
0x000001e9aa26e783 (Mono JIT Code) NUnit.Framework.Internal.Reflect:InvokeMethod (System.Reflection.MethodInfo,object,object[])
0x000001e9aa2760ab (Mono JIT Code) NUnit.Framework.Internal.MethodWrapper:Invoke (object,object[])
0x000001e9aa275f8a (Mono JIT Code) NUnit.Framework.Internal.Commands.TestMethodCommand:RunNonAsyncTestMethod (NUnit.Framework.Internal.ITestExecutionContext)
0x000001e9aa275dd3 (Mono JIT Code) NUnit.Framework.Internal.Commands.TestMethodCommand:RunTestMethod (NUnit.Framework.Internal.ITestExecutionContext)
0x000001e9aa275973 (Mono JIT Code) NUnit.Framework.Internal.Commands.TestMethodCommand:Execute (NUnit.Framework.Internal.ITestExecutionContext)
0x000001e9aa27556b (Mono JIT Code) UnityEngine.TestTools.UnityTestMethodCommand:Execute (NUnit.Framework.Internal.ITestExecutionContext) (at ./Library/PackageCache/com.unity.test-framework@40e262928427/UnityEngine.TestRunner/NUnitExtensions/Commands/UnityTestMethodCommand.cs:19)
0x000001e9aa2752fb (Mono JIT Code) UnityEngine.TestRunner.NUnitExtensions.Runner.UnityLogCheckDelegatingCommand/<>c__DisplayClass2_0:<Execute>b__0 () (at ./Library/PackageCache/com.unity.test-framework@40e262928427/UnityEngine.TestRunner/NUnitExtensions/Runner/UnityLogCheckDelegatingCommand.cs:24)
0x000001e9aa275123 (Mono JIT Code) UnityEngine.TestRunner.NUnitExtensions.Runner.UnityLogCheckDelegatingCommand:CaptureException (NUnit.Framework.Internal.TestResult,System.Action) (at ./Library/PackageCache/com.unity.test-framework@40e262928427/UnityEngine.TestRunner/NUnitExtensions/Runner/UnityLogCheckDelegatingCommand.cs:72)
0x000001e9aa274fb3 (Mono JIT Code) UnityEngine.TestRunner.NUnitExtensions.Runner.UnityLogCheckDelegatingCommand:ExecuteAndCheckLog (UnityEngine.TestTools.Logging.LogScope,NUnit.Framework.Internal.TestResult,System.Action) (at ./Library/PackageCache/com.unity.test-framework@40e262928427/UnityEngine.TestRunner/NUnitExtensions/Runner/UnityLogCheckDelegatingCommand.cs:83)
0x000001e9aa274c3b (Mono JIT Code) UnityEngine.TestRunner.NUnitExtensions.Runner.UnityLogCheckDelegatingCommand:Execute (NUnit.Framework.Internal.ITestExecutionContext) (at ./Library/PackageCache/com.unity.test-framework@40e262928427/UnityEngine.TestRunner/NUnitExtensions/Runner/UnityLogCheckDelegatingCommand.cs:24)
0x000001e9aa273c19 (Mono JIT Code) UnityEngine.TestRunner.NUnitExtensions.Runner.UnityLogCheckDelegatingCommand/<ExecuteEnumerable>d__3:MoveNext () (at ./Library/PackageCache/com.unity.test-framework@40e262928427/UnityEngine.TestRunner/NUnitExtensions/Runner/UnityLogCheckDelegatingCommand.cs:35)
0x000001e9aa251e01 (Mono JIT Code) UnityEngine.TestTools.BeforeAfterTestCommandBase`1/<ExecuteEnumerable>d__16<T_REF>:MoveNext () (at ./Library/PackageCache/com.unity.test-framework@40e262928427/UnityEngine.TestRunner/NUnitExtensions/Commands/BeforeAfterTestCommandBase.cs:212)
0x000001e9aa272fb6 (Mono JIT Code) UnityEngine.TestTools.ImmediateEnumerableCommand:Execute (NUnit.Framework.Internal.ITestExecutionContext) (at ./Library/PackageCache/com.unity.test-framework@40e262928427/UnityEngine.TestRunner/NUnitExtensions/Commands/ImmediateEnumerableCommand.cs:18)
0x000001e9aa251f01 (Mono JIT Code) UnityEngine.TestTools.BeforeAfterTestCommandBase`1/<ExecuteEnumerable>d__16<T_REF>:MoveNext () (at ./Library/PackageCache/com.unity.test-framework@40e262928427/UnityEngine.TestRunner/NUnitExtensions/Commands/BeforeAfterTestCommandBase.cs:219)
0x000001e9aa251e01 (Mono JIT Code) UnityEngine.TestTools.BeforeAfterTestCommandBase`1/<ExecuteEnumerable>d__16<T_REF>:MoveNext () (at ./Library/PackageCache/com.unity.test-framework@40e262928427/UnityEngine.TestRunner/NUnitExtensions/Commands/BeforeAfterTestCommandBase.cs:212)
0x000001e9aa251e01 (Mono JIT Code) UnityEngine.TestTools.BeforeAfterTestCommandBase`1/<ExecuteEnumerable>d__16<T_REF>:MoveNext () (at ./Library/PackageCache/com.unity.test-framework@40e262928427/UnityEngine.TestRunner/NUnitExtensions/Commands/BeforeAfterTestCommandBase.cs:212)
0x000001e9aa26b457 (Mono JIT Code) UnityEngine.TestTools.RetryCommand/<ExecuteEnumerable>d__2:MoveNext () (at ./Library/PackageCache/com.unity.test-framework@40e262928427/UnityEngine.TestRunner/NUnitExtensions/Commands/RetryCommand.cs:37)
0x000001e9aa269f2f (Mono JIT Code) UnityEngine.TestTools.RepeatCommand/<ExecuteEnumerable>d__2:MoveNext () (at ./Library/PackageCache/com.unity.test-framework@40e262928427/UnityEngine.TestRunner/NUnitExtensions/Commands/RepeatCommand.cs:36)
0x000001e9aa268fa6 (Mono JIT Code) UnityEngine.TestTools.IgnoreTestCommand/<ExecuteEnumerable>d__3:MoveNext () (at ./Library/PackageCache/com.unity.test-framework@40e262928427/UnityEngine.TestRunner/NUnitExtensions/Commands/IgnoreTestCommand.cs:42)
0x000001e9aa267c7f (Mono JIT Code) UnityEngine.TestTools.StrictCheckCommand/<ExecuteEnumerable>d__2:MoveNext () (at ./Library/PackageCache/com.unity.test-framework@40e262928427/UnityEngine.TestRunner/NUnitExtensions/Commands/StrictCheckCommand.cs:29)
0x000001e9aa266fe1 (Mono JIT Code) UnityEngine.TestRunner.NUnitExtensions.Runner.DefaultTestWorkItem/<PerformWork>d__2:MoveNext () (at ./Library/PackageCache/com.unity.test-framework@40e262928427/UnityEngine.TestRunner/NUnitExtensions/Runner/DefaultTestWorkItem.cs:50)
0x000001e9aa255e12 (Mono JIT Code) UnityEngine.TestRunner.NUnitExtensions.Runner.CompositeWorkItem/<RunChildren>d__17:MoveNext () (at ./Library/PackageCache/com.unity.test-framework@40e262928427/UnityEngine.TestRunner/NUnitExtensions/Runner/CompositeWorkItem.cs:207)
0x000001e9aa247756 (Mono JIT Code) UnityEngine.TestRunner.NUnitExtensions.Runner.CompositeWorkItem/<PerformWork>d__13:MoveNext () (at ./Library/PackageCache/com.unity.test-framework@40e262928427/UnityEngine.TestRunner/NUnitExtensions/Runner/CompositeWorkItem.cs:82)
0x000001e9aa255e12 (Mono JIT Code) UnityEngine.TestRunner.NUnitExtensions.Runner.CompositeWorkItem/<RunChildren>d__17:MoveNext () (at ./Library/PackageCache/com.unity.test-framework@40e262928427/UnityEngine.TestRunner/NUnitExtensions/Runner/CompositeWorkItem.cs:207)
0x000001e9aa247756 (Mono JIT Code) UnityEngine.TestRunner.NUnitExtensions.Runner.CompositeWorkItem/<PerformWork>d__13:MoveNext () (at ./Library/PackageCache/com.unity.test-framework@40e262928427/UnityEngine.TestRunner/NUnitExtensions/Runner/CompositeWorkItem.cs:82)
0x000001e9aa255e12 (Mono JIT Code) UnityEngine.TestRunner.NUnitExtensions.Runner.CompositeWorkItem/<RunChildren>d__17:MoveNext () (at ./Library/PackageCache/com.unity.test-framework@40e262928427/UnityEngine.TestRunner/NUnitExtensions/Runner/CompositeWorkItem.cs:207)
0x000001e9aa247756 (Mono JIT Code) UnityEngine.TestRunner.NUnitExtensions.Runner.CompositeWorkItem/<PerformWork>d__13:MoveNext () (at ./Library/PackageCache/com.unity.test-framework@40e262928427/UnityEngine.TestRunner/NUnitExtensions/Runner/CompositeWorkItem.cs:82)
0x000001e9aa245fcc (Mono JIT Code) UnityEditor.TestTools.TestRunner.EditModeRunner:MoveNextAndUpdateYieldObject () (at ./Library/PackageCache/com.unity.test-framework@40e262928427/UnityEditor.TestRunner/TestRunner/EditModeRunner.cs:167)
0x000001e9aa245b7b (Mono JIT Code) UnityEditor.TestTools.TestRunner.EditModeRunner:TestConsumer (UnityEditor.TestTools.TestRunner.TestRunnerStateSerializer) (at ./Library/PackageCache/com.unity.test-framework@40e262928427/UnityEditor.TestRunner/TestRunner/EditModeRunner.cs:200)
0x000001e9aa23c173 (Mono JIT Code) UnityEditor.TestTools.TestRunner.TestRun.Tasks.EditModeRunTask/<Execute>d__1:MoveNext () (at ./Library/PackageCache/com.unity.test-framework@40e262928427/UnityEditor.TestRunner/TestRun/Tasks/EditModeRunTask.cs:48)
0x000001e977129d5e (Mono JIT Code) UnityEditor.TestTools.TestRunner.TestRun.TestJobRunner:ExecuteStep () (at ./Library/PackageCache/com.unity.test-framework@40e262928427/UnityEditor.TestRunner/TestRun/TestJobRunner.cs:173)
0x000001e977128953 (Mono JIT Code) UnityEditor.TestTools.TestRunner.TestRun.TestJobRunner:ExecuteCallback () (at ./Library/PackageCache/com.unity.test-framework@40e262928427/UnityEditor.TestRunner/TestRun/TestJobRunner.cs:108)
0x000001e99df821b8 (Mono JIT Code) UnityEditor.EditorApplication:Internal_CallUpdateFunctions ()
0x000001e8e6514785 (Mono JIT Code) (wrapper runtime-invoke) object:runtime_invoke_void (object,intptr,intptr,intptr)
0x00007fff3fd16e7e (mono-2.0-bdwgc) mono_jit_runtime_invoke (at C:/build/output/Unity-Technologies/mono/mono/mini/mini-runtime.c:3445)
0x00007fff3fc58874 (mono-2.0-bdwgc) do_runtime_invoke (at C:/build/output/Unity-Technologies/mono/mono/metadata/object.c:3068)
0x00007fff3fc58960 (mono-2.0-bdwgc) mono_runtime_invoke (at C:/build/output/Unity-Technologies/mono/mono/metadata/object.c:3115)
0x00007fff38e4cea4 (Unity) scripting_method_invoke
0x00007fff38e25433 (Unity) ScriptingInvocation::Invoke
0x00007fff38e20b35 (Unity) ScriptingInvocation::Invoke<void>
0x00007fff38f8b4bb (Unity) Scripting::UnityEditor::EditorApplicationProxy::Internal_CallUpdateFunctions
0x00007fff3a07e0e4 (Unity) SceneTracker::Update
0x00007fff39be1247 (Unity) Application::TickTimer
0x00007fff3a1b25ac (Unity) MainMessageLoop
0x00007fff3a1b9d1c (Unity) UnityMain
0x00007ff68b302f2a (Unity) __scrt_common_main_seh
0x00007fffddade8d7 (KERNEL32) BaseThreadInitThunk
0x00007fffde88c53c (ntdll) RtlUserThreadStart

[RecoilConfiguration] Empty or null JSON provided, returning default configuration.
0x00007fff38f222ae (Unity) StackWalker::ShowCallstack
0x00007fff38f31ee9 (Unity) PlatformStacktrace::GetStacktrace
0x00007fff3a1ac04e (Unity) Stacktrace::GetStacktrace
0x00007fff3a7859df (Unity) DebugStringToFile
0x00007fff37fd2930 (Unity) DebugLogHandler_CUSTOM_Internal_Log
0x000001e9766cbd3e (Mono JIT Code) (wrapper managed-to-native) UnityEngine.DebugLogHandler:Internal_Log_Injected (UnityEngine.LogType,UnityEngine.LogOption,UnityEngine.Bindings.ManagedSpanWrapper&,intptr)
0x000001e9766cbb43 (Mono JIT Code) UnityEngine.DebugLogHandler:Internal_Log (UnityEngine.LogType,UnityEngine.LogOption,string,UnityEngine.Object)
0x000001e9766cb7fb (Mono JIT Code) UnityEngine.DebugLogHandler:LogFormat (UnityEngine.LogType,UnityEngine.Object,string,object[])
0x000001e9766ca6ae (Mono JIT Code) UnityEngine.Logger:Log (UnityEngine.LogType,object)
0x000001e9aa2b404d (Mono JIT Code) UnityEngine.Debug:LogWarning (object)
0x000001e976d477fb (Mono JIT Code) RecoilConfiguration:FromJson (string) (at C:/Users/Ubuntu/Desktop/_DEV/AFFECT-2025-10-11/Assets/_SCRIPTS/_PLAYER/Recoil/RecoilConfiguration.cs:136)
0x000001e976d48643 (Mono JIT Code) SerializationProperties:Property16_InvalidJsonReturnsDefaultConfiguration () (at C:/Users/Ubuntu/Desktop/_DEV/AFFECT-2025-10-11/Assets/_SCRIPTS/Editor/SerializationProperties.cs:115)
0x000001e9aa264548 (Mono JIT Code) (wrapper runtime-invoke) object:runtime_invoke_void__this__ (object,intptr,intptr,intptr)
0x00007fff3fd16e7e (mono-2.0-bdwgc) mono_jit_runtime_invoke (at C:/build/output/Unity-Technologies/mono/mono/mini/mini-runtime.c:3445)
0x00007fff3fc58874 (mono-2.0-bdwgc) do_runtime_invoke (at C:/build/output/Unity-Technologies/mono/mono/metadata/object.c:3068)
0x00007fff3fc5f926 (mono-2.0-bdwgc) mono_runtime_try_invoke_array (at C:/build/output/Unity-Technologies/mono/mono/metadata/object.c:5774)
0x00007fff3fb91b81 (mono-2.0-bdwgc) ves_icall_InternalInvoke (at C:/build/output/Unity-Technologies/mono/mono/metadata/icall.c:4038)
0x00007fff3fbb7e31 (mono-2.0-bdwgc) ves_icall_InternalInvoke_raw (at C:/build/output/Unity-Technologies/mono/mono/metadata/icall-def.h:692)
0x000001e8e22b0f92 (Mono JIT Code) (wrapper managed-to-native) System.Reflection.RuntimeMethodInfo:InternalInvoke (System.Reflection.RuntimeMethodInfo,object,object[],System.Exception&)
0x000001e8e3c7ea73 (Mono JIT Code) System.Reflection.RuntimeMethodInfo:Invoke (object,System.Reflection.BindingFlags,System.Reflection.Binder,object[],System.Globalization.CultureInfo)
0x000001e8db9555ef (Mono JIT Code) System.Reflection.MethodBase:Invoke (object,object[])
0x000001e9aa26e783 (Mono JIT Code) NUnit.Framework.Internal.Reflect:InvokeMethod (System.Reflection.MethodInfo,object,object[])
0x000001e9aa2760ab (Mono JIT Code) NUnit.Framework.Internal.MethodWrapper:Invoke (object,object[])
0x000001e9aa275f8a (Mono JIT Code) NUnit.Framework.Internal.Commands.TestMethodCommand:RunNonAsyncTestMethod (NUnit.Framework.Internal.ITestExecutionContext)
0x000001e9aa275dd3 (Mono JIT Code) NUnit.Framework.Internal.Commands.TestMethodCommand:RunTestMethod (NUnit.Framework.Internal.ITestExecutionContext)
0x000001e9aa275973 (Mono JIT Code) NUnit.Framework.Internal.Commands.TestMethodCommand:Execute (NUnit.Framework.Internal.ITestExecutionContext)
0x000001e9aa27556b (Mono JIT Code) UnityEngine.TestTools.UnityTestMethodCommand:Execute (NUnit.Framework.Internal.ITestExecutionContext) (at ./Library/PackageCache/com.unity.test-framework@40e262928427/UnityEngine.TestRunner/NUnitExtensions/Commands/UnityTestMethodCommand.cs:19)
0x000001e9aa2752fb (Mono JIT Code) UnityEngine.TestRunner.NUnitExtensions.Runner.UnityLogCheckDelegatingCommand/<>c__DisplayClass2_0:<Execute>b__0 () (at ./Library/PackageCache/com.unity.test-framework@40e262928427/UnityEngine.TestRunner/NUnitExtensions/Runner/UnityLogCheckDelegatingCommand.cs:24)
0x000001e9aa275123 (Mono JIT Code) UnityEngine.TestRunner.NUnitExtensions.Runner.UnityLogCheckDelegatingCommand:CaptureException (NUnit.Framework.Internal.TestResult,System.Action) (at ./Library/PackageCache/com.unity.test-framework@40e262928427/UnityEngine.TestRunner/NUnitExtensions/Runner/UnityLogCheckDelegatingCommand.cs:72)
0x000001e9aa274fb3 (Mono JIT Code) UnityEngine.TestRunner.NUnitExtensions.Runner.UnityLogCheckDelegatingCommand:ExecuteAndCheckLog (UnityEngine.TestTools.Logging.LogScope,NUnit.Framework.Internal.TestResult,System.Action) (at ./Library/PackageCache/com.unity.test-framework@40e262928427/UnityEngine.TestRunner/NUnitExtensions/Runner/UnityLogCheckDelegatingCommand.cs:83)
0x000001e9aa274c3b (Mono JIT Code) UnityEngine.TestRunner.NUnitExtensions.Runner.UnityLogCheckDelegatingCommand:Execute (NUnit.Framework.Internal.ITestExecutionContext) (at ./Library/PackageCache/com.unity.test-framework@40e262928427/UnityEngine.TestRunner/NUnitExtensions/Runner/UnityLogCheckDelegatingCommand.cs:24)
0x000001e9aa273c19 (Mono JIT Code) UnityEngine.TestRunner.NUnitExtensions.Runner.UnityLogCheckDelegatingCommand/<ExecuteEnumerable>d__3:MoveNext () (at ./Library/PackageCache/com.unity.test-framework@40e262928427/UnityEngine.TestRunner/NUnitExtensions/Runner/UnityLogCheckDelegatingCommand.cs:35)
0x000001e9aa251e01 (Mono JIT Code) UnityEngine.TestTools.BeforeAfterTestCommandBase`1/<ExecuteEnumerable>d__16<T_REF>:MoveNext () (at ./Library/PackageCache/com.unity.test-framework@40e262928427/UnityEngine.TestRunner/NUnitExtensions/Commands/BeforeAfterTestCommandBase.cs:212)
0x000001e9aa272fb6 (Mono JIT Code) UnityEngine.TestTools.ImmediateEnumerableCommand:Execute (NUnit.Framework.Internal.ITestExecutionContext) (at ./Library/PackageCache/com.unity.test-framework@40e262928427/UnityEngine.TestRunner/NUnitExtensions/Commands/ImmediateEnumerableCommand.cs:18)
0x000001e9aa251f01 (Mono JIT Code) UnityEngine.TestTools.BeforeAfterTestCommandBase`1/<ExecuteEnumerable>d__16<T_REF>:MoveNext () (at ./Library/PackageCache/com.unity.test-framework@40e262928427/UnityEngine.TestRunner/NUnitExtensions/Commands/BeforeAfterTestCommandBase.cs:219)
0x000001e9aa251e01 (Mono JIT Code) UnityEngine.TestTools.BeforeAfterTestCommandBase`1/<ExecuteEnumerable>d__16<T_REF>:MoveNext () (at ./Library/PackageCache/com.unity.test-framework@40e262928427/UnityEngine.TestRunner/NUnitExtensions/Commands/BeforeAfterTestCommandBase.cs:212)
0x000001e9aa251e01 (Mono JIT Code) UnityEngine.TestTools.BeforeAfterTestCommandBase`1/<ExecuteEnumerable>d__16<T_REF>:MoveNext () (at ./Library/PackageCache/com.unity.test-framework@40e262928427/UnityEngine.TestRunner/NUnitExtensions/Commands/BeforeAfterTestCommandBase.cs:212)
0x000001e9aa26b457 (Mono JIT Code) UnityEngine.TestTools.RetryCommand/<ExecuteEnumerable>d__2:MoveNext () (at ./Library/PackageCache/com.unity.test-framework@40e262928427/UnityEngine.TestRunner/NUnitExtensions/Commands/RetryCommand.cs:37)
0x000001e9aa269f2f (Mono JIT Code) UnityEngine.TestTools.RepeatCommand/<ExecuteEnumerable>d__2:MoveNext () (at ./Library/PackageCache/com.unity.test-framework@40e262928427/UnityEngine.TestRunner/NUnitExtensions/Commands/RepeatCommand.cs:36)
0x000001e9aa268fa6 (Mono JIT Code) UnityEngine.TestTools.IgnoreTestCommand/<ExecuteEnumerable>d__3:MoveNext () (at ./Library/PackageCache/com.unity.test-framework@40e262928427/UnityEngine.TestRunner/NUnitExtensions/Commands/IgnoreTestCommand.cs:42)
0x000001e9aa267c7f (Mono JIT Code) UnityEngine.TestTools.StrictCheckCommand/<ExecuteEnumerable>d__2:MoveNext () (at ./Library/PackageCache/com.unity.test-framework@40e262928427/UnityEngine.TestRunner/NUnitExtensions/Commands/StrictCheckCommand.cs:29)
0x000001e9aa266fe1 (Mono JIT Code) UnityEngine.TestRunner.NUnitExtensions.Runner.DefaultTestWorkItem/<PerformWork>d__2:MoveNext () (at ./Library/PackageCache/com.unity.test-framework@40e262928427/UnityEngine.TestRunner/NUnitExtensions/Runner/DefaultTestWorkItem.cs:50)
0x000001e9aa255e12 (Mono JIT Code) UnityEngine.TestRunner.NUnitExtensions.Runner.CompositeWorkItem/<RunChildren>d__17:MoveNext () (at ./Library/PackageCache/com.unity.test-framework@40e262928427/UnityEngine.TestRunner/NUnitExtensions/Runner/CompositeWorkItem.cs:207)
0x000001e9aa247756 (Mono JIT Code) UnityEngine.TestRunner.NUnitExtensions.Runner.CompositeWorkItem/<PerformWork>d__13:MoveNext () (at ./Library/PackageCache/com.unity.test-framework@40e262928427/UnityEngine.TestRunner/NUnitExtensions/Runner/CompositeWorkItem.cs:82)
0x000001e9aa255e12 (Mono JIT Code) UnityEngine.TestRunner.NUnitExtensions.Runner.CompositeWorkItem/<RunChildren>d__17:MoveNext () (at ./Library/PackageCache/com.unity.test-framework@40e262928427/UnityEngine.TestRunner/NUnitExtensions/Runner/CompositeWorkItem.cs:207)
0x000001e9aa247756 (Mono JIT Code) UnityEngine.TestRunner.NUnitExtensions.Runner.CompositeWorkItem/<PerformWork>d__13:MoveNext () (at ./Library/PackageCache/com.unity.test-framework@40e262928427/UnityEngine.TestRunner/NUnitExtensions/Runner/CompositeWorkItem.cs:82)
0x000001e9aa255e12 (Mono JIT Code) UnityEngine.TestRunner.NUnitExtensions.Runner.CompositeWorkItem/<RunChildren>d__17:MoveNext () (at ./Library/PackageCache/com.unity.test-framework@40e262928427/UnityEngine.TestRunner/NUnitExtensions/Runner/CompositeWorkItem.cs:207)
0x000001e9aa247756 (Mono JIT Code) UnityEngine.TestRunner.NUnitExtensions.Runner.CompositeWorkItem/<PerformWork>d__13:MoveNext () (at ./Library/PackageCache/com.unity.test-framework@40e262928427/UnityEngine.TestRunner/NUnitExtensions/Runner/CompositeWorkItem.cs:82)
0x000001e9aa245fcc (Mono JIT Code) UnityEditor.TestTools.TestRunner.EditModeRunner:MoveNextAndUpdateYieldObject () (at ./Library/PackageCache/com.unity.test-framework@40e262928427/UnityEditor.TestRunner/TestRunner/EditModeRunner.cs:167)
0x000001e9aa245b7b (Mono JIT Code) UnityEditor.TestTools.TestRunner.EditModeRunner:TestConsumer (UnityEditor.TestTools.TestRunner.TestRunnerStateSerializer) (at ./Library/PackageCache/com.unity.test-framework@40e262928427/UnityEditor.TestRunner/TestRunner/EditModeRunner.cs:200)
0x000001e9aa23c173 (Mono JIT Code) UnityEditor.TestTools.TestRunner.TestRun.Tasks.EditModeRunTask/<Execute>d__1:MoveNext () (at ./Library/PackageCache/com.unity.test-framework@40e262928427/UnityEditor.TestRunner/TestRun/Tasks/EditModeRunTask.cs:48)
0x000001e977129d5e (Mono JIT Code) UnityEditor.TestTools.TestRunner.TestRun.TestJobRunner:ExecuteStep () (at ./Library/PackageCache/com.unity.test-framework@40e262928427/UnityEditor.TestRunner/TestRun/TestJobRunner.cs:173)
0x000001e977128953 (Mono JIT Code) UnityEditor.TestTools.TestRunner.TestRun.TestJobRunner:ExecuteCallback () (at ./Library/PackageCache/com.unity.test-framework@40e262928427/UnityEditor.TestRunner/TestRun/TestJobRunner.cs:108)
0x000001e99df821b8 (Mono JIT Code) UnityEditor.EditorApplication:Internal_CallUpdateFunctions ()
0x000001e8e6514785 (Mono JIT Code) (wrapper runtime-invoke) object:runtime_invoke_void (object,intptr,intptr,intptr)
0x00007fff3fd16e7e (mono-2.0-bdwgc) mono_jit_runtime_invoke (at C:/build/output/Unity-Technologies/mono/mono/mini/mini-runtime.c:3445)
0x00007fff3fc58874 (mono-2.0-bdwgc) do_runtime_invoke (at C:/build/output/Unity-Technologies/mono/mono/metadata/object.c:3068)
0x00007fff3fc58960 (mono-2.0-bdwgc) mono_runtime_invoke (at C:/build/output/Unity-Technologies/mono/mono/metadata/object.c:3115)
0x00007fff38e4cea4 (Unity) scripting_method_invoke
0x00007fff38e25433 (Unity) ScriptingInvocation::Invoke
0x00007fff38e20b35 (Unity) ScriptingInvocation::Invoke<void>
0x00007fff38f8b4bb (Unity) Scripting::UnityEditor::EditorApplicationProxy::Internal_CallUpdateFunctions
0x00007fff3a07e0e4 (Unity) SceneTracker::Update
0x00007fff39be1247 (Unity) Application::TickTimer
0x00007fff3a1b25ac (Unity) MainMessageLoop
0x00007fff3a1b9d1c (Unity) UnityMain
0x00007ff68b302f2a (Unity) __scrt_common_main_seh
0x00007fffddade8d7 (KERNEL32) BaseThreadInitThunk
0x00007fffde88c53c (ntdll) RtlUserThreadStart

[RecoilConfiguration] Failed to deserialize JSON: JSON parse error: Missing a name for object member.. Returning default configuration.
0x00007fff38f222ae (Unity) StackWalker::ShowCallstack
0x00007fff38f31ee9 (Unity) PlatformStacktrace::GetStacktrace
0x00007fff3a1ac04e (Unity) Stacktrace::GetStacktrace
0x00007fff3a7859df (Unity) DebugStringToFile
0x00007fff37fd2930 (Unity) DebugLogHandler_CUSTOM_Internal_Log
0x000001e9766cbd3e (Mono JIT Code) (wrapper managed-to-native) UnityEngine.DebugLogHandler:Internal_Log_Injected (UnityEngine.LogType,UnityEngine.LogOption,UnityEngine.Bindings.ManagedSpanWrapper&,intptr)
0x000001e9766cbb43 (Mono JIT Code) UnityEngine.DebugLogHandler:Internal_Log (UnityEngine.LogType,UnityEngine.LogOption,string,UnityEngine.Object)
0x000001e9766cb7fb (Mono JIT Code) UnityEngine.DebugLogHandler:LogFormat (UnityEngine.LogType,UnityEngine.Object,string,object[])
0x000001e9766ca6ae (Mono JIT Code) UnityEngine.Logger:Log (UnityEngine.LogType,object)
0x000001e9aa2b404d (Mono JIT Code) UnityEngine.Debug:LogWarning (object)
0x000001e976d47adb (Mono JIT Code) RecoilConfiguration:FromJson (string) (at C:/Users/Ubuntu/Desktop/_DEV/AFFECT-2025-10-11/Assets/_SCRIPTS/_PLAYER/Recoil/RecoilConfiguration.cs:152)
0x000001e976d48643 (Mono JIT Code) SerializationProperties:Property16_InvalidJsonReturnsDefaultConfiguration () (at C:/Users/Ubuntu/Desktop/_DEV/AFFECT-2025-10-11/Assets/_SCRIPTS/Editor/SerializationProperties.cs:115)
0x000001e9aa264548 (Mono JIT Code) (wrapper runtime-invoke) object:runtime_invoke_void__this__ (object,intptr,intptr,intptr)
0x00007fff3fd16e7e (mono-2.0-bdwgc) mono_jit_runtime_invoke (at C:/build/output/Unity-Technologies/mono/mono/mini/mini-runtime.c:3445)
0x00007fff3fc58874 (mono-2.0-bdwgc) do_runtime_invoke (at C:/build/output/Unity-Technologies/mono/mono/metadata/object.c:3068)
0x00007fff3fc5f926 (mono-2.0-bdwgc) mono_runtime_try_invoke_array (at C:/build/output/Unity-Technologies/mono/mono/metadata/object.c:5774)
0x00007fff3fb91b81 (mono-2.0-bdwgc) ves_icall_InternalInvoke (at C:/build/output/Unity-Technologies/mono/mono/metadata/icall.c:4038)
0x00007fff3fbb7e31 (mono-2.0-bdwgc) ves_icall_InternalInvoke_raw (at C:/build/output/Unity-Technologies/mono/mono/metadata/icall-def.h:692)
0x000001e8e22b0f92 (Mono JIT Code) (wrapper managed-to-native) System.Reflection.RuntimeMethodInfo:InternalInvoke (System.Reflection.RuntimeMethodInfo,object,object[],System.Exception&)
0x000001e8e3c7ea73 (Mono JIT Code) System.Reflection.RuntimeMethodInfo:Invoke (object,System.Reflection.BindingFlags,System.Reflection.Binder,object[],System.Globalization.CultureInfo)
0x000001e8db9555ef (Mono JIT Code) System.Reflection.MethodBase:Invoke (object,object[])
0x000001e9aa26e783 (Mono JIT Code) NUnit.Framework.Internal.Reflect:InvokeMethod (System.Reflection.MethodInfo,object,object[])
0x000001e9aa2760ab (Mono JIT Code) NUnit.Framework.Internal.MethodWrapper:Invoke (object,object[])
0x000001e9aa275f8a (Mono JIT Code) NUnit.Framework.Internal.Commands.TestMethodCommand:RunNonAsyncTestMethod (NUnit.Framework.Internal.ITestExecutionContext)
0x000001e9aa275dd3 (Mono JIT Code) NUnit.Framework.Internal.Commands.TestMethodCommand:RunTestMethod (NUnit.Framework.Internal.ITestExecutionContext)
0x000001e9aa275973 (Mono JIT Code) NUnit.Framework.Internal.Commands.TestMethodCommand:Execute (NUnit.Framework.Internal.ITestExecutionContext)
0x000001e9aa27556b (Mono JIT Code) UnityEngine.TestTools.UnityTestMethodCommand:Execute (NUnit.Framework.Internal.ITestExecutionContext) (at ./Library/PackageCache/com.unity.test-framework@40e262928427/UnityEngine.TestRunner/NUnitExtensions/Commands/UnityTestMethodCommand.cs:19)
0x000001e9aa2752fb (Mono JIT Code) UnityEngine.TestRunner.NUnitExtensions.Runner.UnityLogCheckDelegatingCommand/<>c__DisplayClass2_0:<Execute>b__0 () (at ./Library/PackageCache/com.unity.test-framework@40e262928427/UnityEngine.TestRunner/NUnitExtensions/Runner/UnityLogCheckDelegatingCommand.cs:24)
0x000001e9aa275123 (Mono JIT Code) UnityEngine.TestRunner.NUnitExtensions.Runner.UnityLogCheckDelegatingCommand:CaptureException (NUnit.Framework.Internal.TestResult,System.Action) (at ./Library/PackageCache/com.unity.test-framework@40e262928427/UnityEngine.TestRunner/NUnitExtensions/Runner/UnityLogCheckDelegatingCommand.cs:72)
0x000001e9aa274fb3 (Mono JIT Code) UnityEngine.TestRunner.NUnitExtensions.Runner.UnityLogCheckDelegatingCommand:ExecuteAndCheckLog (UnityEngine.TestTools.Logging.LogScope,NUnit.Framework.Internal.TestResult,System.Action) (at ./Library/PackageCache/com.unity.test-framework@40e262928427/UnityEngine.TestRunner/NUnitExtensions/Runner/UnityLogCheckDelegatingCommand.cs:83)
0x000001e9aa274c3b (Mono JIT Code) UnityEngine.TestRunner.NUnitExtensions.Runner.UnityLogCheckDelegatingCommand:Execute (NUnit.Framework.Internal.ITestExecutionContext) (at ./Library/PackageCache/com.unity.test-framework@40e262928427/UnityEngine.TestRunner/NUnitExtensions/Runner/UnityLogCheckDelegatingCommand.cs:24)
0x000001e9aa273c19 (Mono JIT Code) UnityEngine.TestRunner.NUnitExtensions.Runner.UnityLogCheckDelegatingCommand/<ExecuteEnumerable>d__3:MoveNext () (at ./Library/PackageCache/com.unity.test-framework@40e262928427/UnityEngine.TestRunner/NUnitExtensions/Runner/UnityLogCheckDelegatingCommand.cs:35)
0x000001e9aa251e01 (Mono JIT Code) UnityEngine.TestTools.BeforeAfterTestCommandBase`1/<ExecuteEnumerable>d__16<T_REF>:MoveNext () (at ./Library/PackageCache/com.unity.test-framework@40e262928427/UnityEngine.TestRunner/NUnitExtensions/Commands/BeforeAfterTestCommandBase.cs:212)
0x000001e9aa272fb6 (Mono JIT Code) UnityEngine.TestTools.ImmediateEnumerableCommand:Execute (NUnit.Framework.Internal.ITestExecutionContext) (at ./Library/PackageCache/com.unity.test-framework@40e262928427/UnityEngine.TestRunner/NUnitExtensions/Commands/ImmediateEnumerableCommand.cs:18)
0x000001e9aa251f01 (Mono JIT Code) UnityEngine.TestTools.BeforeAfterTestCommandBase`1/<ExecuteEnumerable>d__16<T_REF>:MoveNext () (at ./Library/PackageCache/com.unity.test-framework@40e262928427/UnityEngine.TestRunner/NUnitExtensions/Commands/BeforeAfterTestCommandBase.cs:219)
0x000001e9aa251e01 (Mono JIT Code) UnityEngine.TestTools.BeforeAfterTestCommandBase`1/<ExecuteEnumerable>d__16<T_REF>:MoveNext () (at ./Library/PackageCache/com.unity.test-framework@40e262928427/UnityEngine.TestRunner/NUnitExtensions/Commands/BeforeAfterTestCommandBase.cs:212)
0x000001e9aa251e01 (Mono JIT Code) UnityEngine.TestTools.BeforeAfterTestCommandBase`1/<ExecuteEnumerable>d__16<T_REF>:MoveNext () (at ./Library/PackageCache/com.unity.test-framework@40e262928427/UnityEngine.TestRunner/NUnitExtensions/Commands/BeforeAfterTestCommandBase.cs:212)
0x000001e9aa26b457 (Mono JIT Code) UnityEngine.TestTools.RetryCommand/<ExecuteEnumerable>d__2:MoveNext () (at ./Library/PackageCache/com.unity.test-framework@40e262928427/UnityEngine.TestRunner/NUnitExtensions/Commands/RetryCommand.cs:37)
0x000001e9aa269f2f (Mono JIT Code) UnityEngine.TestTools.RepeatCommand/<ExecuteEnumerable>d__2:MoveNext () (at ./Library/PackageCache/com.unity.test-framework@40e262928427/UnityEngine.TestRunner/NUnitExtensions/Commands/RepeatCommand.cs:36)
0x000001e9aa268fa6 (Mono JIT Code) UnityEngine.TestTools.IgnoreTestCommand/<ExecuteEnumerable>d__3:MoveNext () (at ./Library/PackageCache/com.unity.test-framework@40e262928427/UnityEngine.TestRunner/NUnitExtensions/Commands/IgnoreTestCommand.cs:42)
0x000001e9aa267c7f (Mono JIT Code) UnityEngine.TestTools.StrictCheckCommand/<ExecuteEnumerable>d__2:MoveNext () (at ./Library/PackageCache/com.unity.test-framework@40e262928427/UnityEngine.TestRunner/NUnitExtensions/Commands/StrictCheckCommand.cs:29)
0x000001e9aa266fe1 (Mono JIT Code) UnityEngine.TestRunner.NUnitExtensions.Runner.DefaultTestWorkItem/<PerformWork>d__2:MoveNext () (at ./Library/PackageCache/com.unity.test-framework@40e262928427/UnityEngine.TestRunner/NUnitExtensions/Runner/DefaultTestWorkItem.cs:50)
0x000001e9aa255e12 (Mono JIT Code) UnityEngine.TestRunner.NUnitExtensions.Runner.CompositeWorkItem/<RunChildren>d__17:MoveNext () (at ./Library/PackageCache/com.unity.test-framework@40e262928427/UnityEngine.TestRunner/NUnitExtensions/Runner/CompositeWorkItem.cs:207)
0x000001e9aa247756 (Mono JIT Code) UnityEngine.TestRunner.NUnitExtensions.Runner.CompositeWorkItem/<PerformWork>d__13:MoveNext () (at ./Library/PackageCache/com.unity.test-framework@40e262928427/UnityEngine.TestRunner/NUnitExtensions/Runner/CompositeWorkItem.cs:82)
0x000001e9aa255e12 (Mono JIT Code) UnityEngine.TestRunner.NUnitExtensions.Runner.CompositeWorkItem/<RunChildren>d__17:MoveNext () (at ./Library/PackageCache/com.unity.test-framework@40e262928427/UnityEngine.TestRunner/NUnitExtensions/Runner/CompositeWorkItem.cs:207)
0x000001e9aa247756 (Mono JIT Code) UnityEngine.TestRunner.NUnitExtensions.Runner.CompositeWorkItem/<PerformWork>d__13:MoveNext () (at ./Library/PackageCache/com.unity.test-framework@40e262928427/UnityEngine.TestRunner/NUnitExtensions/Runner/CompositeWorkItem.cs:82)
0x000001e9aa255e12 (Mono JIT Code) UnityEngine.TestRunner.NUnitExtensions.Runner.CompositeWorkItem/<RunChildren>d__17:MoveNext () (at ./Library/PackageCache/com.unity.test-framework@40e262928427/UnityEngine.TestRunner/NUnitExtensions/Runner/CompositeWorkItem.cs:207)
0x000001e9aa247756 (Mono JIT Code) UnityEngine.TestRunner.NUnitExtensions.Runner.CompositeWorkItem/<PerformWork>d__13:MoveNext () (at ./Library/PackageCache/com.unity.test-framework@40e262928427/UnityEngine.TestRunner/NUnitExtensions/Runner/CompositeWorkItem.cs:82)
0x000001e9aa245fcc (Mono JIT Code) UnityEditor.TestTools.TestRunner.EditModeRunner:MoveNextAndUpdateYieldObject () (at ./Library/PackageCache/com.unity.test-framework@40e262928427/UnityEditor.TestRunner/TestRunner/EditModeRunner.cs:167)
0x000001e9aa245b7b (Mono JIT Code) UnityEditor.TestTools.TestRunner.EditModeRunner:TestConsumer (UnityEditor.TestTools.TestRunner.TestRunnerStateSerializer) (at ./Library/PackageCache/com.unity.test-framework@40e262928427/UnityEditor.TestRunner/TestRunner/EditModeRunner.cs:200)
0x000001e9aa23c173 (Mono JIT Code) UnityEditor.TestTools.TestRunner.TestRun.Tasks.EditModeRunTask/<Execute>d__1:MoveNext () (at ./Library/PackageCache/com.unity.test-framework@40e262928427/UnityEditor.TestRunner/TestRun/Tasks/EditModeRunTask.cs:48)
0x000001e977129d5e (Mono JIT Code) UnityEditor.TestTools.TestRunner.TestRun.TestJobRunner:ExecuteStep () (at ./Library/PackageCache/com.unity.test-framework@40e262928427/UnityEditor.TestRunner/TestRun/TestJobRunner.cs:173)
0x000001e977128953 (Mono JIT Code) UnityEditor.TestTools.TestRunner.TestRun.TestJobRunner:ExecuteCallback () (at ./Library/PackageCache/com.unity.test-framework@40e262928427/UnityEditor.TestRunner/TestRun/TestJobRunner.cs:108)
0x000001e99df821b8 (Mono JIT Code) UnityEditor.EditorApplication:Internal_CallUpdateFunctions ()
0x000001e8e6514785 (Mono JIT Code) (wrapper runtime-invoke) object:runtime_invoke_void (object,intptr,intptr,intptr)
0x00007fff3fd16e7e (mono-2.0-bdwgc) mono_jit_runtime_invoke (at C:/build/output/Unity-Technologies/mono/mono/mini/mini-runtime.c:3445)
0x00007fff3fc58874 (mono-2.0-bdwgc) do_runtime_invoke (at C:/build/output/Unity-Technologies/mono/mono/metadata/object.c:3068)
0x00007fff3fc58960 (mono-2.0-bdwgc) mono_runtime_invoke (at C:/build/output/Unity-Technologies/mono/mono/metadata/object.c:3115)
0x00007fff38e4cea4 (Unity) scripting_method_invoke
0x00007fff38e25433 (Unity) ScriptingInvocation::Invoke
0x00007fff38e20b35 (Unity) ScriptingInvocation::Invoke<void>
0x00007fff38f8b4bb (Unity) Scripting::UnityEditor::EditorApplicationProxy::Internal_CallUpdateFunctions
0x00007fff3a07e0e4 (Unity) SceneTracker::Update
0x00007fff39be1247 (Unity) Application::TickTimer
0x00007fff3a1b25ac (Unity) MainMessageLoop
0x00007fff3a1b9d1c (Unity) UnityMain
0x00007ff68b302f2a (Unity) __scrt_common_main_seh
0x00007fffddade8d7 (KERNEL32) BaseThreadInitThunk
0x00007fffde88c53c (ntdll) RtlUserThreadStart

[RecoilConfiguration] Empty or null JSON provided, returning default configuration.
0x00007fff38f222ae (Unity) StackWalker::ShowCallstack
0x00007fff38f31ee9 (Unity) PlatformStacktrace::GetStacktrace
0x00007fff3a1ac04e (Unity) Stacktrace::GetStacktrace
0x00007fff3a7859df (Unity) DebugStringToFile
0x00007fff37fd2930 (Unity) DebugLogHandler_CUSTOM_Internal_Log
0x000001e9766cbd3e (Mono JIT Code) (wrapper managed-to-native) UnityEngine.DebugLogHandler:Internal_Log_Injected (UnityEngine.LogType,UnityEngine.LogOption,UnityEngine.Bindings.ManagedSpanWrapper&,intptr)
0x000001e9766cbb43 (Mono JIT Code) UnityEngine.DebugLogHandler:Internal_Log (UnityEngine.LogType,UnityEngine.LogOption,string,UnityEngine.Object)
0x000001e9766cb7fb (Mono JIT Code) UnityEngine.DebugLogHandler:LogFormat (UnityEngine.LogType,UnityEngine.Object,string,object[])
0x000001e9766ca6ae (Mono JIT Code) UnityEngine.Logger:Log (UnityEngine.LogType,object)
0x000001e9aa2b404d (Mono JIT Code) UnityEngine.Debug:LogWarning (object)
0x000001e976d477fb (Mono JIT Code) RecoilConfiguration:FromJson (string) (at C:/Users/Ubuntu/Desktop/_DEV/AFFECT-2025-10-11/Assets/_SCRIPTS/_PLAYER/Recoil/RecoilConfiguration.cs:136)
0x000001e976d48643 (Mono JIT Code) SerializationProperties:Property16_InvalidJsonReturnsDefaultConfiguration () (at C:/Users/Ubuntu/Desktop/_DEV/AFFECT-2025-10-11/Assets/_SCRIPTS/Editor/SerializationProperties.cs:115)
0x000001e9aa264548 (Mono JIT Code) (wrapper runtime-invoke) object:runtime_invoke_void__this__ (object,intptr,intptr,intptr)
0x00007fff3fd16e7e (mono-2.0-bdwgc) mono_jit_runtime_invoke (at C:/build/output/Unity-Technologies/mono/mono/mini/mini-runtime.c:3445)
0x00007fff3fc58874 (mono-2.0-bdwgc) do_runtime_invoke (at C:/build/output/Unity-Technologies/mono/mono/metadata/object.c:3068)
0x00007fff3fc5f926 (mono-2.0-bdwgc) mono_runtime_try_invoke_array (at C:/build/output/Unity-Technologies/mono/mono/metadata/object.c:5774)
0x00007fff3fb91b81 (mono-2.0-bdwgc) ves_icall_InternalInvoke (at C:/build/output/Unity-Technologies/mono/mono/metadata/icall.c:4038)
0x00007fff3fbb7e31 (mono-2.0-bdwgc) ves_icall_InternalInvoke_raw (at C:/build/output/Unity-Technologies/mono/mono/metadata/icall-def.h:692)
0x000001e8e22b0f92 (Mono JIT Code) (wrapper managed-to-native) System.Reflection.RuntimeMethodInfo:InternalInvoke (System.Reflection.RuntimeMethodInfo,object,object[],System.Exception&)
0x000001e8e3c7ea73 (Mono JIT Code) System.Reflection.RuntimeMethodInfo:Invoke (object,System.Reflection.BindingFlags,System.Reflection.Binder,object[],System.Globalization.CultureInfo)
0x000001e8db9555ef (Mono JIT Code) System.Reflection.MethodBase:Invoke (object,object[])
0x000001e9aa26e783 (Mono JIT Code) NUnit.Framework.Internal.Reflect:InvokeMethod (System.Reflection.MethodInfo,object,object[])
0x000001e9aa2760ab (Mono JIT Code) NUnit.Framework.Internal.MethodWrapper:Invoke (object,object[])
0x000001e9aa275f8a (Mono JIT Code) NUnit.Framework.Internal.Commands.TestMethodCommand:RunNonAsyncTestMethod (NUnit.Framework.Internal.ITestExecutionContext)
0x000001e9aa275dd3 (Mono JIT Code) NUnit.Framework.Internal.Commands.TestMethodCommand:RunTestMethod (NUnit.Framework.Internal.ITestExecutionContext)
0x000001e9aa275973 (Mono JIT Code) NUnit.Framework.Internal.Commands.TestMethodCommand:Execute (NUnit.Framework.Internal.ITestExecutionContext)
0x000001e9aa27556b (Mono JIT Code) UnityEngine.TestTools.UnityTestMethodCommand:Execute (NUnit.Framework.Internal.ITestExecutionContext) (at ./Library/PackageCache/com.unity.test-framework@40e262928427/UnityEngine.TestRunner/NUnitExtensions/Commands/UnityTestMethodCommand.cs:19)
0x000001e9aa2752fb (Mono JIT Code) UnityEngine.TestRunner.NUnitExtensions.Runner.UnityLogCheckDelegatingCommand/<>c__DisplayClass2_0:<Execute>b__0 () (at ./Library/PackageCache/com.unity.test-framework@40e262928427/UnityEngine.TestRunner/NUnitExtensions/Runner/UnityLogCheckDelegatingCommand.cs:24)
0x000001e9aa275123 (Mono JIT Code) UnityEngine.TestRunner.NUnitExtensions.Runner.UnityLogCheckDelegatingCommand:CaptureException (NUnit.Framework.Internal.TestResult,System.Action) (at ./Library/PackageCache/com.unity.test-framework@40e262928427/UnityEngine.TestRunner/NUnitExtensions/Runner/UnityLogCheckDelegatingCommand.cs:72)
0x000001e9aa274fb3 (Mono JIT Code) UnityEngine.TestRunner.NUnitExtensions.Runner.UnityLogCheckDelegatingCommand:ExecuteAndCheckLog (UnityEngine.TestTools.Logging.LogScope,NUnit.Framework.Internal.TestResult,System.Action) (at ./Library/PackageCache/com.unity.test-framework@40e262928427/UnityEngine.TestRunner/NUnitExtensions/Runner/UnityLogCheckDelegatingCommand.cs:83)
0x000001e9aa274c3b (Mono JIT Code) UnityEngine.TestRunner.NUnitExtensions.Runner.UnityLogCheckDelegatingCommand:Execute (NUnit.Framework.Internal.ITestExecutionContext) (at ./Library/PackageCache/com.unity.test-framework@40e262928427/UnityEngine.TestRunner/NUnitExtensions/Runner/UnityLogCheckDelegatingCommand.cs:24)
0x000001e9aa273c19 (Mono JIT Code) UnityEngine.TestRunner.NUnitExtensions.Runner.UnityLogCheckDelegatingCommand/<ExecuteEnumerable>d__3:MoveNext () (at ./Library/PackageCache/com.unity.test-framework@40e262928427/UnityEngine.TestRunner/NUnitExtensions/Runner/UnityLogCheckDelegatingCommand.cs:35)
0x000001e9aa251e01 (Mono JIT Code) UnityEngine.TestTools.BeforeAfterTestCommandBase`1/<ExecuteEnumerable>d__16<T_REF>:MoveNext () (at ./Library/PackageCache/com.unity.test-framework@40e262928427/UnityEngine.TestRunner/NUnitExtensions/Commands/BeforeAfterTestCommandBase.cs:212)
0x000001e9aa272fb6 (Mono JIT Code) UnityEngine.TestTools.ImmediateEnumerableCommand:Execute (NUnit.Framework.Internal.ITestExecutionContext) (at ./Library/PackageCache/com.unity.test-framework@40e262928427/UnityEngine.TestRunner/NUnitExtensions/Commands/ImmediateEnumerableCommand.cs:18)
0x000001e9aa251f01 (Mono JIT Code) UnityEngine.TestTools.BeforeAfterTestCommandBase`1/<ExecuteEnumerable>d__16<T_REF>:MoveNext () (at ./Library/PackageCache/com.unity.test-framework@40e262928427/UnityEngine.TestRunner/NUnitExtensions/Commands/BeforeAfterTestCommandBase.cs:219)
0x000001e9aa251e01 (Mono JIT Code) UnityEngine.TestTools.BeforeAfterTestCommandBase`1/<ExecuteEnumerable>d__16<T_REF>:MoveNext () (at ./Library/PackageCache/com.unity.test-framework@40e262928427/UnityEngine.TestRunner/NUnitExtensions/Commands/BeforeAfterTestCommandBase.cs:212)
0x000001e9aa251e01 (Mono JIT Code) UnityEngine.TestTools.BeforeAfterTestCommandBase`1/<ExecuteEnumerable>d__16<T_REF>:MoveNext () (at ./Library/PackageCache/com.unity.test-framework@40e262928427/UnityEngine.TestRunner/NUnitExtensions/Commands/BeforeAfterTestCommandBase.cs:212)
0x000001e9aa26b457 (Mono JIT Code) UnityEngine.TestTools.RetryCommand/<ExecuteEnumerable>d__2:MoveNext () (at ./Library/PackageCache/com.unity.test-framework@40e262928427/UnityEngine.TestRunner/NUnitExtensions/Commands/RetryCommand.cs:37)
0x000001e9aa269f2f (Mono JIT Code) UnityEngine.TestTools.RepeatCommand/<ExecuteEnumerable>d__2:MoveNext () (at ./Library/PackageCache/com.unity.test-framework@40e262928427/UnityEngine.TestRunner/NUnitExtensions/Commands/RepeatCommand.cs:36)
0x000001e9aa268fa6 (Mono JIT Code) UnityEngine.TestTools.IgnoreTestCommand/<ExecuteEnumerable>d__3:MoveNext () (at ./Library/PackageCache/com.unity.test-framework@40e262928427/UnityEngine.TestRunner/NUnitExtensions/Commands/IgnoreTestCommand.cs:42)
0x000001e9aa267c7f (Mono JIT Code) UnityEngine.TestTools.StrictCheckCommand/<ExecuteEnumerable>d__2:MoveNext () (at ./Library/PackageCache/com.unity.test-framework@40e262928427/UnityEngine.TestRunner/NUnitExtensions/Commands/StrictCheckCommand.cs:29)
0x000001e9aa266fe1 (Mono JIT Code) UnityEngine.TestRunner.NUnitExtensions.Runner.DefaultTestWorkItem/<PerformWork>d__2:MoveNext () (at ./Library/PackageCache/com.unity.test-framework@40e262928427/UnityEngine.TestRunner/NUnitExtensions/Runner/DefaultTestWorkItem.cs:50)
0x000001e9aa255e12 (Mono JIT Code) UnityEngine.TestRunner.NUnitExtensions.Runner.CompositeWorkItem/<RunChildren>d__17:MoveNext () (at ./Library/PackageCache/com.unity.test-framework@40e262928427/UnityEngine.TestRunner/NUnitExtensions/Runner/CompositeWorkItem.cs:207)
0x000001e9aa247756 (Mono JIT Code) UnityEngine.TestRunner.NUnitExtensions.Runner.CompositeWorkItem/<PerformWork>d__13:MoveNext () (at ./Library/PackageCache/com.unity.test-framework@40e262928427/UnityEngine.TestRunner/NUnitExtensions/Runner/CompositeWorkItem.cs:82)
0x000001e9aa255e12 (Mono JIT Code) UnityEngine.TestRunner.NUnitExtensions.Runner.CompositeWorkItem/<RunChildren>d__17:MoveNext () (at ./Library/PackageCache/com.unity.test-framework@40e262928427/UnityEngine.TestRunner/NUnitExtensions/Runner/CompositeWorkItem.cs:207)
0x000001e9aa247756 (Mono JIT Code) UnityEngine.TestRunner.NUnitExtensions.Runner.CompositeWorkItem/<PerformWork>d__13:MoveNext () (at ./Library/PackageCache/com.unity.test-framework@40e262928427/UnityEngine.TestRunner/NUnitExtensions/Runner/CompositeWorkItem.cs:82)
0x000001e9aa255e12 (Mono JIT Code) UnityEngine.TestRunner.NUnitExtensions.Runner.CompositeWorkItem/<RunChildren>d__17:MoveNext () (at ./Library/PackageCache/com.unity.test-framework@40e262928427/UnityEngine.TestRunner/NUnitExtensions/Runner/CompositeWorkItem.cs:207)
0x000001e9aa247756 (Mono JIT Code) UnityEngine.TestRunner.NUnitExtensions.Runner.CompositeWorkItem/<PerformWork>d__13:MoveNext () (at ./Library/PackageCache/com.unity.test-framework@40e262928427/UnityEngine.TestRunner/NUnitExtensions/Runner/CompositeWorkItem.cs:82)
0x000001e9aa245fcc (Mono JIT Code) UnityEditor.TestTools.TestRunner.EditModeRunner:MoveNextAndUpdateYieldObject () (at ./Library/PackageCache/com.unity.test-framework@40e262928427/UnityEditor.TestRunner/TestRunner/EditModeRunner.cs:167)
0x000001e9aa245b7b (Mono JIT Code) UnityEditor.TestTools.TestRunner.EditModeRunner:TestConsumer (UnityEditor.TestTools.TestRunner.TestRunnerStateSerializer) (at ./Library/PackageCache/com.unity.test-framework@40e262928427/UnityEditor.TestRunner/TestRunner/EditModeRunner.cs:200)
0x000001e9aa23c173 (Mono JIT Code) UnityEditor.TestTools.TestRunner.TestRun.Tasks.EditModeRunTask/<Execute>d__1:MoveNext () (at ./Library/PackageCache/com.unity.test-framework@40e262928427/UnityEditor.TestRunner/TestRun/Tasks/EditModeRunTask.cs:48)
0x000001e977129d5e (Mono JIT Code) UnityEditor.TestTools.TestRunner.TestRun.TestJobRunner:ExecuteStep () (at ./Library/PackageCache/com.unity.test-framework@40e262928427/UnityEditor.TestRunner/TestRun/TestJobRunner.cs:173)
0x000001e977128953 (Mono JIT Code) UnityEditor.TestTools.TestRunner.TestRun.TestJobRunner:ExecuteCallback () (at ./Library/PackageCache/com.unity.test-framework@40e262928427/UnityEditor.TestRunner/TestRun/TestJobRunner.cs:108)
0x000001e99df821b8 (Mono JIT Code) UnityEditor.EditorApplication:Internal_CallUpdateFunctions ()
0x000001e8e6514785 (Mono JIT Code) (wrapper runtime-invoke) object:runtime_invoke_void (object,intptr,intptr,intptr)
0x00007fff3fd16e7e (mono-2.0-bdwgc) mono_jit_runtime_invoke (at C:/build/output/Unity-Technologies/mono/mono/mini/mini-runtime.c:3445)
0x00007fff3fc58874 (mono-2.0-bdwgc) do_runtime_invoke (at C:/build/output/Unity-Technologies/mono/mono/metadata/object.c:3068)
0x00007fff3fc58960 (mono-2.0-bdwgc) mono_runtime_invoke (at C:/build/output/Unity-Technologies/mono/mono/metadata/object.c:3115)
0x00007fff38e4cea4 (Unity) scripting_method_invoke
0x00007fff38e25433 (Unity) ScriptingInvocation::Invoke
0x00007fff38e20b35 (Unity) ScriptingInvocation::Invoke<void>
0x00007fff38f8b4bb (Unity) Scripting::UnityEditor::EditorApplicationProxy::Internal_CallUpdateFunctions
0x00007fff3a07e0e4 (Unity) SceneTracker::Update
0x00007fff39be1247 (Unity) Application::TickTimer
0x00007fff3a1b25ac (Unity) MainMessageLoop
0x00007fff3a1b9d1c (Unity) UnityMain
0x00007ff68b302f2a (Unity) __scrt_common_main_seh
0x00007fffddade8d7 (KERNEL32) BaseThreadInitThunk
0x00007fffde88c53c (ntdll) RtlUserThreadStart

[RecoilConfiguration] Failed to deserialize JSON: JSON parse error: Missing a name for object member.. Returning default configuration.
0x00007fff38f222ae (Unity) StackWalker::ShowCallstack
0x00007fff38f31ee9 (Unity) PlatformStacktrace::GetStacktrace
0x00007fff3a1ac04e (Unity) Stacktrace::GetStacktrace
0x00007fff3a7859df (Unity) DebugStringToFile
0x00007fff37fd2930 (Unity) DebugLogHandler_CUSTOM_Internal_Log
0x000001e9766cbd3e (Mono JIT Code) (wrapper managed-to-native) UnityEngine.DebugLogHandler:Internal_Log_Injected (UnityEngine.LogType,UnityEngine.LogOption,UnityEngine.Bindings.ManagedSpanWrapper&,intptr)
0x000001e9766cbb43 (Mono JIT Code) UnityEngine.DebugLogHandler:Internal_Log (UnityEngine.LogType,UnityEngine.LogOption,string,UnityEngine.Object)
0x000001e9766cb7fb (Mono JIT Code) UnityEngine.DebugLogHandler:LogFormat (UnityEngine.LogType,UnityEngine.Object,string,object[])
0x000001e9766ca6ae (Mono JIT Code) UnityEngine.Logger:Log (UnityEngine.LogType,object)
0x000001e9aa2b404d (Mono JIT Code) UnityEngine.Debug:LogWarning (object)
0x000001e976d47adb (Mono JIT Code) RecoilConfiguration:FromJson (string) (at C:/Users/Ubuntu/Desktop/_DEV/AFFECT-2025-10-11/Assets/_SCRIPTS/_PLAYER/Recoil/RecoilConfiguration.cs:152)
0x000001e976d48643 (Mono JIT Code) SerializationProperties:Property16_InvalidJsonReturnsDefaultConfiguration () (at C:/Users/Ubuntu/Desktop/_DEV/AFFECT-2025-10-11/Assets/_SCRIPTS/Editor/SerializationProperties.cs:115)
0x000001e9aa264548 (Mono JIT Code) (wrapper runtime-invoke) object:runtime_invoke_void__this__ (object,intptr,intptr,intptr)
0x00007fff3fd16e7e (mono-2.0-bdwgc) mono_jit_runtime_invoke (at C:/build/output/Unity-Technologies/mono/mono/mini/mini-runtime.c:3445)
0x00007fff3fc58874 (mono-2.0-bdwgc) do_runtime_invoke (at C:/build/output/Unity-Technologies/mono/mono/metadata/object.c:3068)
0x00007fff3fc5f926 (mono-2.0-bdwgc) mono_runtime_try_invoke_array (at C:/build/output/Unity-Technologies/mono/mono/metadata/object.c:5774)
0x00007fff3fb91b81 (mono-2.0-bdwgc) ves_icall_InternalInvoke (at C:/build/output/Unity-Technologies/mono/mono/metadata/icall.c:4038)
0x00007fff3fbb7e31 (mono-2.0-bdwgc) ves_icall_InternalInvoke_raw (at C:/build/output/Unity-Technologies/mono/mono/metadata/icall-def.h:692)
0x000001e8e22b0f92 (Mono JIT Code) (wrapper managed-to-native) System.Reflection.RuntimeMethodInfo:InternalInvoke (System.Reflection.RuntimeMethodInfo,object,object[],System.Exception&)
0x000001e8e3c7ea73 (Mono JIT Code) System.Reflection.RuntimeMethodInfo:Invoke (object,System.Reflection.BindingFlags,System.Reflection.Binder,object[],System.Globalization.CultureInfo)
0x000001e8db9555ef (Mono JIT Code) System.Reflection.MethodBase:Invoke (object,object[])
0x000001e9aa26e783 (Mono JIT Code) NUnit.Framework.Internal.Reflect:InvokeMethod (System.Reflection.MethodInfo,object,object[])
0x000001e9aa2760ab (Mono JIT Code) NUnit.Framework.Internal.MethodWrapper:Invoke (object,object[])
0x000001e9aa275f8a (Mono JIT Code) NUnit.Framework.Internal.Commands.TestMethodCommand:RunNonAsyncTestMethod (NUnit.Framework.Internal.ITestExecutionContext)
0x000001e9aa275dd3 (Mono JIT Code) NUnit.Framework.Internal.Commands.TestMethodCommand:RunTestMethod (NUnit.Framework.Internal.ITestExecutionContext)
0x000001e9aa275973 (Mono JIT Code) NUnit.Framework.Internal.Commands.TestMethodCommand:Execute (NUnit.Framework.Internal.ITestExecutionContext)
0x000001e9aa27556b (Mono JIT Code) UnityEngine.TestTools.UnityTestMethodCommand:Execute (NUnit.Framework.Internal.ITestExecutionContext) (at ./Library/PackageCache/com.unity.test-framework@40e262928427/UnityEngine.TestRunner/NUnitExtensions/Commands/UnityTestMethodCommand.cs:19)
0x000001e9aa2752fb (Mono JIT Code) UnityEngine.TestRunner.NUnitExtensions.Runner.UnityLogCheckDelegatingCommand/<>c__DisplayClass2_0:<Execute>b__0 () (at ./Library/PackageCache/com.unity.test-framework@40e262928427/UnityEngine.TestRunner/NUnitExtensions/Runner/UnityLogCheckDelegatingCommand.cs:24)
0x000001e9aa275123 (Mono JIT Code) UnityEngine.TestRunner.NUnitExtensions.Runner.UnityLogCheckDelegatingCommand:CaptureException (NUnit.Framework.Internal.TestResult,System.Action) (at ./Library/PackageCache/com.unity.test-framework@40e262928427/UnityEngine.TestRunner/NUnitExtensions/Runner/UnityLogCheckDelegatingCommand.cs:72)
0x000001e9aa274fb3 (Mono JIT Code) UnityEngine.TestRunner.NUnitExtensions.Runner.UnityLogCheckDelegatingCommand:ExecuteAndCheckLog (UnityEngine.TestTools.Logging.LogScope,NUnit.Framework.Internal.TestResult,System.Action) (at ./Library/PackageCache/com.unity.test-framework@40e262928427/UnityEngine.TestRunner/NUnitExtensions/Runner/UnityLogCheckDelegatingCommand.cs:83)
0x000001e9aa274c3b (Mono JIT Code) UnityEngine.TestRunner.NUnitExtensions.Runner.UnityLogCheckDelegatingCommand:Execute (NUnit.Framework.Internal.ITestExecutionContext) (at ./Library/PackageCache/com.unity.test-framework@40e262928427/UnityEngine.TestRunner/NUnitExtensions/Runner/UnityLogCheckDelegatingCommand.cs:24)
0x000001e9aa273c19 (Mono JIT Code) UnityEngine.TestRunner.NUnitExtensions.Runner.UnityLogCheckDelegatingCommand/<ExecuteEnumerable>d__3:MoveNext () (at ./Library/PackageCache/com.unity.test-framework@40e262928427/UnityEngine.TestRunner/NUnitExtensions/Runner/UnityLogCheckDelegatingCommand.cs:35)
0x000001e9aa251e01 (Mono JIT Code) UnityEngine.TestTools.BeforeAfterTestCommandBase`1/<ExecuteEnumerable>d__16<T_REF>:MoveNext () (at ./Library/PackageCache/com.unity.test-framework@40e262928427/UnityEngine.TestRunner/NUnitExtensions/Commands/BeforeAfterTestCommandBase.cs:212)
0x000001e9aa272fb6 (Mono JIT Code) UnityEngine.TestTools.ImmediateEnumerableCommand:Execute (NUnit.Framework.Internal.ITestExecutionContext) (at ./Library/PackageCache/com.unity.test-framework@40e262928427/UnityEngine.TestRunner/NUnitExtensions/Commands/ImmediateEnumerableCommand.cs:18)
0x000001e9aa251f01 (Mono JIT Code) UnityEngine.TestTools.BeforeAfterTestCommandBase`1/<ExecuteEnumerable>d__16<T_REF>:MoveNext () (at ./Library/PackageCache/com.unity.test-framework@40e262928427/UnityEngine.TestRunner/NUnitExtensions/Commands/BeforeAfterTestCommandBase.cs:219)
0x000001e9aa251e01 (Mono JIT Code) UnityEngine.TestTools.BeforeAfterTestCommandBase`1/<ExecuteEnumerable>d__16<T_REF>:MoveNext () (at ./Library/PackageCache/com.unity.test-framework@40e262928427/UnityEngine.TestRunner/NUnitExtensions/Commands/BeforeAfterTestCommandBase.cs:212)
0x000001e9aa251e01 (Mono JIT Code) UnityEngine.TestTools.BeforeAfterTestCommandBase`1/<ExecuteEnumerable>d__16<T_REF>:MoveNext () (at ./Library/PackageCache/com.unity.test-framework@40e262928427/UnityEngine.TestRunner/NUnitExtensions/Commands/BeforeAfterTestCommandBase.cs:212)
0x000001e9aa26b457 (Mono JIT Code) UnityEngine.TestTools.RetryCommand/<ExecuteEnumerable>d__2:MoveNext () (at ./Library/PackageCache/com.unity.test-framework@40e262928427/UnityEngine.TestRunner/NUnitExtensions/Commands/RetryCommand.cs:37)
0x000001e9aa269f2f (Mono JIT Code) UnityEngine.TestTools.RepeatCommand/<ExecuteEnumerable>d__2:MoveNext () (at ./Library/PackageCache/com.unity.test-framework@40e262928427/UnityEngine.TestRunner/NUnitExtensions/Commands/RepeatCommand.cs:36)
0x000001e9aa268fa6 (Mono JIT Code) UnityEngine.TestTools.IgnoreTestCommand/<ExecuteEnumerable>d__3:MoveNext () (at ./Library/PackageCache/com.unity.test-framework@40e262928427/UnityEngine.TestRunner/NUnitExtensions/Commands/IgnoreTestCommand.cs:42)
0x000001e9aa267c7f (Mono JIT Code) UnityEngine.TestTools.StrictCheckCommand/<ExecuteEnumerable>d__2:MoveNext () (at ./Library/PackageCache/com.unity.test-framework@40e262928427/UnityEngine.TestRunner/NUnitExtensions/Commands/StrictCheckCommand.cs:29)
0x000001e9aa266fe1 (Mono JIT Code) UnityEngine.TestRunner.NUnitExtensions.Runner.DefaultTestWorkItem/<PerformWork>d__2:MoveNext () (at ./Library/PackageCache/com.unity.test-framework@40e262928427/UnityEngine.TestRunner/NUnitExtensions/Runner/DefaultTestWorkItem.cs:50)
0x000001e9aa255e12 (Mono JIT Code) UnityEngine.TestRunner.NUnitExtensions.Runner.CompositeWorkItem/<RunChildren>d__17:MoveNext () (at ./Library/PackageCache/com.unity.test-framework@40e262928427/UnityEngine.TestRunner/NUnitExtensions/Runner/CompositeWorkItem.cs:207)
0x000001e9aa247756 (Mono JIT Code) UnityEngine.TestRunner.NUnitExtensions.Runner.CompositeWorkItem/<PerformWork>d__13:MoveNext () (at ./Library/PackageCache/com.unity.test-framework@40e262928427/UnityEngine.TestRunner/NUnitExtensions/Runner/CompositeWorkItem.cs:82)
0x000001e9aa255e12 (Mono JIT Code) UnityEngine.TestRunner.NUnitExtensions.Runner.CompositeWorkItem/<RunChildren>d__17:MoveNext () (at ./Library/PackageCache/com.unity.test-framework@40e262928427/UnityEngine.TestRunner/NUnitExtensions/Runner/CompositeWorkItem.cs:207)
0x000001e9aa247756 (Mono JIT Code) UnityEngine.TestRunner.NUnitExtensions.Runner.CompositeWorkItem/<PerformWork>d__13:MoveNext () (at ./Library/PackageCache/com.unity.test-framework@40e262928427/UnityEngine.TestRunner/NUnitExtensions/Runner/CompositeWorkItem.cs:82)
0x000001e9aa255e12 (Mono JIT Code) UnityEngine.TestRunner.NUnitExtensions.Runner.CompositeWorkItem/<RunChildren>d__17:MoveNext () (at ./Library/PackageCache/com.unity.test-framework@40e262928427/UnityEngine.TestRunner/NUnitExtensions/Runner/CompositeWorkItem.cs:207)
0x000001e9aa247756 (Mono JIT Code) UnityEngine.TestRunner.NUnitExtensions.Runner.CompositeWorkItem/<PerformWork>d__13:MoveNext () (at ./Library/PackageCache/com.unity.test-framework@40e262928427/UnityEngine.TestRunner/NUnitExtensions/Runner/CompositeWorkItem.cs:82)
0x000001e9aa245fcc (Mono JIT Code) UnityEditor.TestTools.TestRunner.EditModeRunner:MoveNextAndUpdateYieldObject () (at ./Library/PackageCache/com.unity.test-framework@40e262928427/UnityEditor.TestRunner/TestRunner/EditModeRunner.cs:167)
0x000001e9aa245b7b (Mono JIT Code) UnityEditor.TestTools.TestRunner.EditModeRunner:TestConsumer (UnityEditor.TestTools.TestRunner.TestRunnerStateSerializer) (at ./Library/PackageCache/com.unity.test-framework@40e262928427/UnityEditor.TestRunner/TestRunner/EditModeRunner.cs:200)
0x000001e9aa23c173 (Mono JIT Code) UnityEditor.TestTools.TestRunner.TestRun.Tasks.EditModeRunTask/<Execute>d__1:MoveNext () (at ./Library/PackageCache/com.unity.test-framework@40e262928427/UnityEditor.TestRunner/TestRun/Tasks/EditModeRunTask.cs:48)
0x000001e977129d5e (Mono JIT Code) UnityEditor.TestTools.TestRunner.TestRun.TestJobRunner:ExecuteStep () (at ./Library/PackageCache/com.unity.test-framework@40e262928427/UnityEditor.TestRunner/TestRun/TestJobRunner.cs:173)
0x000001e977128953 (Mono JIT Code) UnityEditor.TestTools.TestRunner.TestRun.TestJobRunner:ExecuteCallback () (at ./Library/PackageCache/com.unity.test-framework@40e262928427/UnityEditor.TestRunner/TestRun/TestJobRunner.cs:108)
0x000001e99df821b8 (Mono JIT Code) UnityEditor.EditorApplication:Internal_CallUpdateFunctions ()
0x000001e8e6514785 (Mono JIT Code) (wrapper runtime-invoke) object:runtime_invoke_void (object,intptr,intptr,intptr)
0x00007fff3fd16e7e (mono-2.0-bdwgc) mono_jit_runtime_invoke (at C:/build/output/Unity-Technologies/mono/mono/mini/mini-runtime.c:3445)
0x00007fff3fc58874 (mono-2.0-bdwgc) do_runtime_invoke (at C:/build/output/Unity-Technologies/mono/mono/metadata/object.c:3068)
0x00007fff3fc58960 (mono-2.0-bdwgc) mono_runtime_invoke (at C:/build/output/Unity-Technologies/mono/mono/metadata/object.c:3115)
0x00007fff38e4cea4 (Unity) scripting_method_invoke
0x00007fff38e25433 (Unity) ScriptingInvocation::Invoke
0x00007fff38e20b35 (Unity) ScriptingInvocation::Invoke<void>
0x00007fff38f8b4bb (Unity) Scripting::UnityEditor::EditorApplicationProxy::Internal_CallUpdateFunctions
0x00007fff3a07e0e4 (Unity) SceneTracker::Update
0x00007fff39be1247 (Unity) Application::TickTimer
0x00007fff3a1b25ac (Unity) MainMessageLoop
0x00007fff3a1b9d1c (Unity) UnityMain
0x00007ff68b302f2a (Unity) __scrt_common_main_seh
0x00007fffddade8d7 (KERNEL32) BaseThreadInitThunk
0x00007fffde88c53c (ntdll) RtlUserThreadStart

[RecoilConfiguration] Empty or null JSON provided, returning default configuration.
0x00007fff38f222ae (Unity) StackWalker::ShowCallstack
0x00007fff38f31ee9 (Unity) PlatformStacktrace::GetStacktrace
0x00007fff3a1ac04e (Unity) Stacktrace::GetStacktrace
0x00007fff3a7859df (Unity) DebugStringToFile
0x00007fff37fd2930 (Unity) DebugLogHandler_CUSTOM_Internal_Log
0x000001e9766cbd3e (Mono JIT Code) (wrapper managed-to-native) UnityEngine.DebugLogHandler:Internal_Log_Injected (UnityEngine.LogType,UnityEngine.LogOption,UnityEngine.Bindings.ManagedSpanWrapper&,intptr)
0x000001e9766cbb43 (Mono JIT Code) UnityEngine.DebugLogHandler:Internal_Log (UnityEngine.LogType,UnityEngine.LogOption,string,UnityEngine.Object)
0x000001e9766cb7fb (Mono JIT Code) UnityEngine.DebugLogHandler:LogFormat (UnityEngine.LogType,UnityEngine.Object,string,object[])
0x000001e9766ca6ae (Mono JIT Code) UnityEngine.Logger:Log (UnityEngine.LogType,object)
0x000001e9aa2b404d (Mono JIT Code) UnityEngine.Debug:LogWarning (object)
0x000001e976d477fb (Mono JIT Code) RecoilConfiguration:FromJson (string) (at C:/Users/Ubuntu/Desktop/_DEV/AFFECT-2025-10-11/Assets/_SCRIPTS/_PLAYER/Recoil/RecoilConfiguration.cs:136)
0x000001e976d48643 (Mono JIT Code) SerializationProperties:Property16_InvalidJsonReturnsDefaultConfiguration () (at C:/Users/Ubuntu/Desktop/_DEV/AFFECT-2025-10-11/Assets/_SCRIPTS/Editor/SerializationProperties.cs:115)
0x000001e9aa264548 (Mono JIT Code) (wrapper runtime-invoke) object:runtime_invoke_void__this__ (object,intptr,intptr,intptr)
0x00007fff3fd16e7e (mono-2.0-bdwgc) mono_jit_runtime_invoke (at C:/build/output/Unity-Technologies/mono/mono/mini/mini-runtime.c:3445)
0x00007fff3fc58874 (mono-2.0-bdwgc) do_runtime_invoke (at C:/build/output/Unity-Technologies/mono/mono/metadata/object.c:3068)
0x00007fff3fc5f926 (mono-2.0-bdwgc) mono_runtime_try_invoke_array (at C:/build/output/Unity-Technologies/mono/mono/metadata/object.c:5774)
0x00007fff3fb91b81 (mono-2.0-bdwgc) ves_icall_InternalInvoke (at C:/build/output/Unity-Technologies/mono/mono/metadata/icall.c:4038)
0x00007fff3fbb7e31 (mono-2.0-bdwgc) ves_icall_InternalInvoke_raw (at C:/build/output/Unity-Technologies/mono/mono/metadata/icall-def.h:692)
0x000001e8e22b0f92 (Mono JIT Code) (wrapper managed-to-native) System.Reflection.RuntimeMethodInfo:InternalInvoke (System.Reflection.RuntimeMethodInfo,object,object[],System.Exception&)
0x000001e8e3c7ea73 (Mono JIT Code) System.Reflection.RuntimeMethodInfo:Invoke (object,System.Reflection.BindingFlags,System.Reflection.Binder,object[],System.Globalization.CultureInfo)
0x000001e8db9555ef (Mono JIT Code) System.Reflection.MethodBase:Invoke (object,object[])
0x000001e9aa26e783 (Mono JIT Code) NUnit.Framework.Internal.Reflect:InvokeMethod (System.Reflection.MethodInfo,object,object[])
0x000001e9aa2760ab (Mono JIT Code) NUnit.Framework.Internal.MethodWrapper:Invoke (object,object[])
0x000001e9aa275f8a (Mono JIT Code) NUnit.Framework.Internal.Commands.TestMethodCommand:RunNonAsyncTestMethod (NUnit.Framework.Internal.ITestExecutionContext)
0x000001e9aa275dd3 (Mono JIT Code) NUnit.Framework.Internal.Commands.TestMethodCommand:RunTestMethod (NUnit.Framework.Internal.ITestExecutionContext)
0x000001e9aa275973 (Mono JIT Code) NUnit.Framework.Internal.Commands.TestMethodCommand:Execute (NUnit.Framework.Internal.ITestExecutionContext)
0x000001e9aa27556b (Mono JIT Code) UnityEngine.TestTools.UnityTestMethodCommand:Execute (NUnit.Framework.Internal.ITestExecutionContext) (at ./Library/PackageCache/com.unity.test-framework@40e262928427/UnityEngine.TestRunner/NUnitExtensions/Commands/UnityTestMethodCommand.cs:19)
0x000001e9aa2752fb (Mono JIT Code) UnityEngine.TestRunner.NUnitExtensions.Runner.UnityLogCheckDelegatingCommand/<>c__DisplayClass2_0:<Execute>b__0 () (at ./Library/PackageCache/com.unity.test-framework@40e262928427/UnityEngine.TestRunner/NUnitExtensions/Runner/UnityLogCheckDelegatingCommand.cs:24)
0x000001e9aa275123 (Mono JIT Code) UnityEngine.TestRunner.NUnitExtensions.Runner.UnityLogCheckDelegatingCommand:CaptureException (NUnit.Framework.Internal.TestResult,System.Action) (at ./Library/PackageCache/com.unity.test-framework@40e262928427/UnityEngine.TestRunner/NUnitExtensions/Runner/UnityLogCheckDelegatingCommand.cs:72)
0x000001e9aa274fb3 (Mono JIT Code) UnityEngine.TestRunner.NUnitExtensions.Runner.UnityLogCheckDelegatingCommand:ExecuteAndCheckLog (UnityEngine.TestTools.Logging.LogScope,NUnit.Framework.Internal.TestResult,System.Action) (at ./Library/PackageCache/com.unity.test-framework@40e262928427/UnityEngine.TestRunner/NUnitExtensions/Runner/UnityLogCheckDelegatingCommand.cs:83)
0x000001e9aa274c3b (Mono JIT Code) UnityEngine.TestRunner.NUnitExtensions.Runner.UnityLogCheckDelegatingCommand:Execute (NUnit.Framework.Internal.ITestExecutionContext) (at ./Library/PackageCache/com.unity.test-framework@40e262928427/UnityEngine.TestRunner/NUnitExtensions/Runner/UnityLogCheckDelegatingCommand.cs:24)
0x000001e9aa273c19 (Mono JIT Code) UnityEngine.TestRunner.NUnitExtensions.Runner.UnityLogCheckDelegatingCommand/<ExecuteEnumerable>d__3:MoveNext () (at ./Library/PackageCache/com.unity.test-framework@40e262928427/UnityEngine.TestRunner/NUnitExtensions/Runner/UnityLogCheckDelegatingCommand.cs:35)
0x000001e9aa251e01 (Mono JIT Code) UnityEngine.TestTools.BeforeAfterTestCommandBase`1/<ExecuteEnumerable>d__16<T_REF>:MoveNext () (at ./Library/PackageCache/com.unity.test-framework@40e262928427/UnityEngine.TestRunner/NUnitExtensions/Commands/BeforeAfterTestCommandBase.cs:212)
0x000001e9aa272fb6 (Mono JIT Code) UnityEngine.TestTools.ImmediateEnumerableCommand:Execute (NUnit.Framework.Internal.ITestExecutionContext) (at ./Library/PackageCache/com.unity.test-framework@40e262928427/UnityEngine.TestRunner/NUnitExtensions/Commands/ImmediateEnumerableCommand.cs:18)
0x000001e9aa251f01 (Mono JIT Code) UnityEngine.TestTools.BeforeAfterTestCommandBase`1/<ExecuteEnumerable>d__16<T_REF>:MoveNext () (at ./Library/PackageCache/com.unity.test-framework@40e262928427/UnityEngine.TestRunner/NUnitExtensions/Commands/BeforeAfterTestCommandBase.cs:219)
0x000001e9aa251e01 (Mono JIT Code) UnityEngine.TestTools.BeforeAfterTestCommandBase`1/<ExecuteEnumerable>d__16<T_REF>:MoveNext () (at ./Library/PackageCache/com.unity.test-framework@40e262928427/UnityEngine.TestRunner/NUnitExtensions/Commands/BeforeAfterTestCommandBase.cs:212)
0x000001e9aa251e01 (Mono JIT Code) UnityEngine.TestTools.BeforeAfterTestCommandBase`1/<ExecuteEnumerable>d__16<T_REF>:MoveNext () (at ./Library/PackageCache/com.unity.test-framework@40e262928427/UnityEngine.TestRunner/NUnitExtensions/Commands/BeforeAfterTestCommandBase.cs:212)
0x000001e9aa26b457 (Mono JIT Code) UnityEngine.TestTools.RetryCommand/<ExecuteEnumerable>d__2:MoveNext () (at ./Library/PackageCache/com.unity.test-framework@40e262928427/UnityEngine.TestRunner/NUnitExtensions/Commands/RetryCommand.cs:37)
0x000001e9aa269f2f (Mono JIT Code) UnityEngine.TestTools.RepeatCommand/<ExecuteEnumerable>d__2:MoveNext () (at ./Library/PackageCache/com.unity.test-framework@40e262928427/UnityEngine.TestRunner/NUnitExtensions/Commands/RepeatCommand.cs:36)
0x000001e9aa268fa6 (Mono JIT Code) UnityEngine.TestTools.IgnoreTestCommand/<ExecuteEnumerable>d__3:MoveNext () (at ./Library/PackageCache/com.unity.test-framework@40e262928427/UnityEngine.TestRunner/NUnitExtensions/Commands/IgnoreTestCommand.cs:42)
0x000001e9aa267c7f (Mono JIT Code) UnityEngine.TestTools.StrictCheckCommand/<ExecuteEnumerable>d__2:MoveNext () (at ./Library/PackageCache/com.unity.test-framework@40e262928427/UnityEngine.TestRunner/NUnitExtensions/Commands/StrictCheckCommand.cs:29)
0x000001e9aa266fe1 (Mono JIT Code) UnityEngine.TestRunner.NUnitExtensions.Runner.DefaultTestWorkItem/<PerformWork>d__2:MoveNext () (at ./Library/PackageCache/com.unity.test-framework@40e262928427/UnityEngine.TestRunner/NUnitExtensions/Runner/DefaultTestWorkItem.cs:50)
0x000001e9aa255e12 (Mono JIT Code) UnityEngine.TestRunner.NUnitExtensions.Runner.CompositeWorkItem/<RunChildren>d__17:MoveNext () (at ./Library/PackageCache/com.unity.test-framework@40e262928427/UnityEngine.TestRunner/NUnitExtensions/Runner/CompositeWorkItem.cs:207)
0x000001e9aa247756 (Mono JIT Code) UnityEngine.TestRunner.NUnitExtensions.Runner.CompositeWorkItem/<PerformWork>d__13:MoveNext () (at ./Library/PackageCache/com.unity.test-framework@40e262928427/UnityEngine.TestRunner/NUnitExtensions/Runner/CompositeWorkItem.cs:82)
0x000001e9aa255e12 (Mono JIT Code) UnityEngine.TestRunner.NUnitExtensions.Runner.CompositeWorkItem/<RunChildren>d__17:MoveNext () (at ./Library/PackageCache/com.unity.test-framework@40e262928427/UnityEngine.TestRunner/NUnitExtensions/Runner/CompositeWorkItem.cs:207)
0x000001e9aa247756 (Mono JIT Code) UnityEngine.TestRunner.NUnitExtensions.Runner.CompositeWorkItem/<PerformWork>d__13:MoveNext () (at ./Library/PackageCache/com.unity.test-framework@40e262928427/UnityEngine.TestRunner/NUnitExtensions/Runner/CompositeWorkItem.cs:82)
0x000001e9aa255e12 (Mono JIT Code) UnityEngine.TestRunner.NUnitExtensions.Runner.CompositeWorkItem/<RunChildren>d__17:MoveNext () (at ./Library/PackageCache/com.unity.test-framework@40e262928427/UnityEngine.TestRunner/NUnitExtensions/Runner/CompositeWorkItem.cs:207)
0x000001e9aa247756 (Mono JIT Code) UnityEngine.TestRunner.NUnitExtensions.Runner.CompositeWorkItem/<PerformWork>d__13:MoveNext () (at ./Library/PackageCache/com.unity.test-framework@40e262928427/UnityEngine.TestRunner/NUnitExtensions/Runner/CompositeWorkItem.cs:82)
0x000001e9aa245fcc (Mono JIT Code) UnityEditor.TestTools.TestRunner.EditModeRunner:MoveNextAndUpdateYieldObject () (at ./Library/PackageCache/com.unity.test-framework@40e262928427/UnityEditor.TestRunner/TestRunner/EditModeRunner.cs:167)
0x000001e9aa245b7b (Mono JIT Code) UnityEditor.TestTools.TestRunner.EditModeRunner:TestConsumer (UnityEditor.TestTools.TestRunner.TestRunnerStateSerializer) (at ./Library/PackageCache/com.unity.test-framework@40e262928427/UnityEditor.TestRunner/TestRunner/EditModeRunner.cs:200)
0x000001e9aa23c173 (Mono JIT Code) UnityEditor.TestTools.TestRunner.TestRun.Tasks.EditModeRunTask/<Execute>d__1:MoveNext () (at ./Library/PackageCache/com.unity.test-framework@40e262928427/UnityEditor.TestRunner/TestRun/Tasks/EditModeRunTask.cs:48)
0x000001e977129d5e (Mono JIT Code) UnityEditor.TestTools.TestRunner.TestRun.TestJobRunner:ExecuteStep () (at ./Library/PackageCache/com.unity.test-framework@40e262928427/UnityEditor.TestRunner/TestRun/TestJobRunner.cs:173)
0x000001e977128953 (Mono JIT Code) UnityEditor.TestTools.TestRunner.TestRun.TestJobRunner:ExecuteCallback () (at ./Library/PackageCache/com.unity.test-framework@40e262928427/UnityEditor.TestRunner/TestRun/TestJobRunner.cs:108)
0x000001e99df821b8 (Mono JIT Code) UnityEditor.EditorApplication:Internal_CallUpdateFunctions ()
0x000001e8e6514785 (Mono JIT Code) (wrapper runtime-invoke) object:runtime_invoke_void (object,intptr,intptr,intptr)
0x00007fff3fd16e7e (mono-2.0-bdwgc) mono_jit_runtime_invoke (at C:/build/output/Unity-Technologies/mono/mono/mini/mini-runtime.c:3445)
0x00007fff3fc58874 (mono-2.0-bdwgc) do_runtime_invoke (at C:/build/output/Unity-Technologies/mono/mono/metadata/object.c:3068)
0x00007fff3fc58960 (mono-2.0-bdwgc) mono_runtime_invoke (at C:/build/output/Unity-Technologies/mono/mono/metadata/object.c:3115)
0x00007fff38e4cea4 (Unity) scripting_method_invoke
0x00007fff38e25433 (Unity) ScriptingInvocation::Invoke
0x00007fff38e20b35 (Unity) ScriptingInvocation::Invoke<void>
0x00007fff38f8b4bb (Unity) Scripting::UnityEditor::EditorApplicationProxy::Internal_CallUpdateFunctions
0x00007fff3a07e0e4 (Unity) SceneTracker::Update
0x00007fff39be1247 (Unity) Application::TickTimer
0x00007fff3a1b25ac (Unity) MainMessageLoop
0x00007fff3a1b9d1c (Unity) UnityMain
0x00007ff68b302f2a (Unity) __scrt_common_main_seh
0x00007fffddade8d7 (KERNEL32) BaseThreadInitThunk
0x00007fffde88c53c (ntdll) RtlUserThreadStart

[RecoilConfiguration] Failed to deserialize JSON: JSON parse error: Missing a name for object member.. Returning default configuration.
0x00007fff38f222ae (Unity) StackWalker::ShowCallstack
0x00007fff38f31ee9 (Unity) PlatformStacktrace::GetStacktrace
0x00007fff3a1ac04e (Unity) Stacktrace::GetStacktrace
0x00007fff3a7859df (Unity) DebugStringToFile
0x00007fff37fd2930 (Unity) DebugLogHandler_CUSTOM_Internal_Log
0x000001e9766cbd3e (Mono JIT Code) (wrapper managed-to-native) UnityEngine.DebugLogHandler:Internal_Log_Injected (UnityEngine.LogType,UnityEngine.LogOption,UnityEngine.Bindings.ManagedSpanWrapper&,intptr)
0x000001e9766cbb43 (Mono JIT Code) UnityEngine.DebugLogHandler:Internal_Log (UnityEngine.LogType,UnityEngine.LogOption,string,UnityEngine.Object)
0x000001e9766cb7fb (Mono JIT Code) UnityEngine.DebugLogHandler:LogFormat (UnityEngine.LogType,UnityEngine.Object,string,object[])
0x000001e9766ca6ae (Mono JIT Code) UnityEngine.Logger:Log (UnityEngine.LogType,object)
0x000001e9aa2b404d (Mono JIT Code) UnityEngine.Debug:LogWarning (object)
0x000001e976d47adb (Mono JIT Code) RecoilConfiguration:FromJson (string) (at C:/Users/Ubuntu/Desktop/_DEV/AFFECT-2025-10-11/Assets/_SCRIPTS/_PLAYER/Recoil/RecoilConfiguration.cs:152)
0x000001e976d48643 (Mono JIT Code) SerializationProperties:Property16_InvalidJsonReturnsDefaultConfiguration () (at C:/Users/Ubuntu/Desktop/_DEV/AFFECT-2025-10-11/Assets/_SCRIPTS/Editor/SerializationProperties.cs:115)
0x000001e9aa264548 (Mono JIT Code) (wrapper runtime-invoke) object:runtime_invoke_void__this__ (object,intptr,intptr,intptr)
0x00007fff3fd16e7e (mono-2.0-bdwgc) mono_jit_runtime_invoke (at C:/build/output/Unity-Technologies/mono/mono/mini/mini-runtime.c:3445)
0x00007fff3fc58874 (mono-2.0-bdwgc) do_runtime_invoke (at C:/build/output/Unity-Technologies/mono/mono/metadata/object.c:3068)
0x00007fff3fc5f926 (mono-2.0-bdwgc) mono_runtime_try_invoke_array (at C:/build/output/Unity-Technologies/mono/mono/metadata/object.c:5774)
0x00007fff3fb91b81 (mono-2.0-bdwgc) ves_icall_InternalInvoke (at C:/build/output/Unity-Technologies/mono/mono/metadata/icall.c:4038)
0x00007fff3fbb7e31 (mono-2.0-bdwgc) ves_icall_InternalInvoke_raw (at C:/build/output/Unity-Technologies/mono/mono/metadata/icall-def.h:692)
0x000001e8e22b0f92 (Mono JIT Code) (wrapper managed-to-native) System.Reflection.RuntimeMethodInfo:InternalInvoke (System.Reflection.RuntimeMethodInfo,object,object[],System.Exception&)
0x000001e8e3c7ea73 (Mono JIT Code) System.Reflection.RuntimeMethodInfo:Invoke (object,System.Reflection.BindingFlags,System.Reflection.Binder,object[],System.Globalization.CultureInfo)
0x000001e8db9555ef (Mono JIT Code) System.Reflection.MethodBase:Invoke (object,object[])
0x000001e9aa26e783 (Mono JIT Code) NUnit.Framework.Internal.Reflect:InvokeMethod (System.Reflection.MethodInfo,object,object[])
0x000001e9aa2760ab (Mono JIT Code) NUnit.Framework.Internal.MethodWrapper:Invoke (object,object[])
0x000001e9aa275f8a (Mono JIT Code) NUnit.Framework.Internal.Commands.TestMethodCommand:RunNonAsyncTestMethod (NUnit.Framework.Internal.ITestExecutionContext)
0x000001e9aa275dd3 (Mono JIT Code) NUnit.Framework.Internal.Commands.TestMethodCommand:RunTestMethod (NUnit.Framework.Internal.ITestExecutionContext)
0x000001e9aa275973 (Mono JIT Code) NUnit.Framework.Internal.Commands.TestMethodCommand:Execute (NUnit.Framework.Internal.ITestExecutionContext)
0x000001e9aa27556b (Mono JIT Code) UnityEngine.TestTools.UnityTestMethodCommand:Execute (NUnit.Framework.Internal.ITestExecutionContext) (at ./Library/PackageCache/com.unity.test-framework@40e262928427/UnityEngine.TestRunner/NUnitExtensions/Commands/UnityTestMethodCommand.cs:19)
0x000001e9aa2752fb (Mono JIT Code) UnityEngine.TestRunner.NUnitExtensions.Runner.UnityLogCheckDelegatingCommand/<>c__DisplayClass2_0:<Execute>b__0 () (at ./Library/PackageCache/com.unity.test-framework@40e262928427/UnityEngine.TestRunner/NUnitExtensions/Runner/UnityLogCheckDelegatingCommand.cs:24)
0x000001e9aa275123 (Mono JIT Code) UnityEngine.TestRunner.NUnitExtensions.Runner.UnityLogCheckDelegatingCommand:CaptureException (NUnit.Framework.Internal.TestResult,System.Action) (at ./Library/PackageCache/com.unity.test-framework@40e262928427/UnityEngine.TestRunner/NUnitExtensions/Runner/UnityLogCheckDelegatingCommand.cs:72)
0x000001e9aa274fb3 (Mono JIT Code) UnityEngine.TestRunner.NUnitExtensions.Runner.UnityLogCheckDelegatingCommand:ExecuteAndCheckLog (UnityEngine.TestTools.Logging.LogScope,NUnit.Framework.Internal.TestResult,System.Action) (at ./Library/PackageCache/com.unity.test-framework@40e262928427/UnityEngine.TestRunner/NUnitExtensions/Runner/UnityLogCheckDelegatingCommand.cs:83)
0x000001e9aa274c3b (Mono JIT Code) UnityEngine.TestRunner.NUnitExtensions.Runner.UnityLogCheckDelegatingCommand:Execute (NUnit.Framework.Internal.ITestExecutionContext) (at ./Library/PackageCache/com.unity.test-framework@40e262928427/UnityEngine.TestRunner/NUnitExtensions/Runner/UnityLogCheckDelegatingCommand.cs:24)
0x000001e9aa273c19 (Mono JIT Code) UnityEngine.TestRunner.NUnitExtensions.Runner.UnityLogCheckDelegatingCommand/<ExecuteEnumerable>d__3:MoveNext () (at ./Library/PackageCache/com.unity.test-framework@40e262928427/UnityEngine.TestRunner/NUnitExtensions/Runner/UnityLogCheckDelegatingCommand.cs:35)
0x000001e9aa251e01 (Mono JIT Code) UnityEngine.TestTools.BeforeAfterTestCommandBase`1/<ExecuteEnumerable>d__16<T_REF>:MoveNext () (at ./Library/PackageCache/com.unity.test-framework@40e262928427/UnityEngine.TestRunner/NUnitExtensions/Commands/BeforeAfterTestCommandBase.cs:212)
0x000001e9aa272fb6 (Mono JIT Code) UnityEngine.TestTools.ImmediateEnumerableCommand:Execute (NUnit.Framework.Internal.ITestExecutionContext) (at ./Library/PackageCache/com.unity.test-framework@40e262928427/UnityEngine.TestRunner/NUnitExtensions/Commands/ImmediateEnumerableCommand.cs:18)
0x000001e9aa251f01 (Mono JIT Code) UnityEngine.TestTools.BeforeAfterTestCommandBase`1/<ExecuteEnumerable>d__16<T_REF>:MoveNext () (at ./Library/PackageCache/com.unity.test-framework@40e262928427/UnityEngine.TestRunner/NUnitExtensions/Commands/BeforeAfterTestCommandBase.cs:219)
0x000001e9aa251e01 (Mono JIT Code) UnityEngine.TestTools.BeforeAfterTestCommandBase`1/<ExecuteEnumerable>d__16<T_REF>:MoveNext () (at ./Library/PackageCache/com.unity.test-framework@40e262928427/UnityEngine.TestRunner/NUnitExtensions/Commands/BeforeAfterTestCommandBase.cs:212)
0x000001e9aa251e01 (Mono JIT Code) UnityEngine.TestTools.BeforeAfterTestCommandBase`1/<ExecuteEnumerable>d__16<T_REF>:MoveNext () (at ./Library/PackageCache/com.unity.test-framework@40e262928427/UnityEngine.TestRunner/NUnitExtensions/Commands/BeforeAfterTestCommandBase.cs:212)
0x000001e9aa26b457 (Mono JIT Code) UnityEngine.TestTools.RetryCommand/<ExecuteEnumerable>d__2:MoveNext () (at ./Library/PackageCache/com.unity.test-framework@40e262928427/UnityEngine.TestRunner/NUnitExtensions/Commands/RetryCommand.cs:37)
0x000001e9aa269f2f (Mono JIT Code) UnityEngine.TestTools.RepeatCommand/<ExecuteEnumerable>d__2:MoveNext () (at ./Library/PackageCache/com.unity.test-framework@40e262928427/UnityEngine.TestRunner/NUnitExtensions/Commands/RepeatCommand.cs:36)
0x000001e9aa268fa6 (Mono JIT Code) UnityEngine.TestTools.IgnoreTestCommand/<ExecuteEnumerable>d__3:MoveNext () (at ./Library/PackageCache/com.unity.test-framework@40e262928427/UnityEngine.TestRunner/NUnitExtensions/Commands/IgnoreTestCommand.cs:42)
0x000001e9aa267c7f (Mono JIT Code) UnityEngine.TestTools.StrictCheckCommand/<ExecuteEnumerable>d__2:MoveNext () (at ./Library/PackageCache/com.unity.test-framework@40e262928427/UnityEngine.TestRunner/NUnitExtensions/Commands/StrictCheckCommand.cs:29)
0x000001e9aa266fe1 (Mono JIT Code) UnityEngine.TestRunner.NUnitExtensions.Runner.DefaultTestWorkItem/<PerformWork>d__2:MoveNext () (at ./Library/PackageCache/com.unity.test-framework@40e262928427/UnityEngine.TestRunner/NUnitExtensions/Runner/DefaultTestWorkItem.cs:50)
0x000001e9aa255e12 (Mono JIT Code) UnityEngine.TestRunner.NUnitExtensions.Runner.CompositeWorkItem/<RunChildren>d__17:MoveNext () (at ./Library/PackageCache/com.unity.test-framework@40e262928427/UnityEngine.TestRunner/NUnitExtensions/Runner/CompositeWorkItem.cs:207)
0x000001e9aa247756 (Mono JIT Code) UnityEngine.TestRunner.NUnitExtensions.Runner.CompositeWorkItem/<PerformWork>d__13:MoveNext () (at ./Library/PackageCache/com.unity.test-framework@40e262928427/UnityEngine.TestRunner/NUnitExtensions/Runner/CompositeWorkItem.cs:82)
0x000001e9aa255e12 (Mono JIT Code) UnityEngine.TestRunner.NUnitExtensions.Runner.CompositeWorkItem/<RunChildren>d__17:MoveNext () (at ./Library/PackageCache/com.unity.test-framework@40e262928427/UnityEngine.TestRunner/NUnitExtensions/Runner/CompositeWorkItem.cs:207)
0x000001e9aa247756 (Mono JIT Code) UnityEngine.TestRunner.NUnitExtensions.Runner.CompositeWorkItem/<PerformWork>d__13:MoveNext () (at ./Library/PackageCache/com.unity.test-framework@40e262928427/UnityEngine.TestRunner/NUnitExtensions/Runner/CompositeWorkItem.cs:82)
0x000001e9aa255e12 (Mono JIT Code) UnityEngine.TestRunner.NUnitExtensions.Runner.CompositeWorkItem/<RunChildren>d__17:MoveNext () (at ./Library/PackageCache/com.unity.test-framework@40e262928427/UnityEngine.TestRunner/NUnitExtensions/Runner/CompositeWorkItem.cs:207)
0x000001e9aa247756 (Mono JIT Code) UnityEngine.TestRunner.NUnitExtensions.Runner.CompositeWorkItem/<PerformWork>d__13:MoveNext () (at ./Library/PackageCache/com.unity.test-framework@40e262928427/UnityEngine.TestRunner/NUnitExtensions/Runner/CompositeWorkItem.cs:82)
0x000001e9aa245fcc (Mono JIT Code) UnityEditor.TestTools.TestRunner.EditModeRunner:MoveNextAndUpdateYieldObject () (at ./Library/PackageCache/com.unity.test-framework@40e262928427/UnityEditor.TestRunner/TestRunner/EditModeRunner.cs:167)
0x000001e9aa245b7b (Mono JIT Code) UnityEditor.TestTools.TestRunner.EditModeRunner:TestConsumer (UnityEditor.TestTools.TestRunner.TestRunnerStateSerializer) (at ./Library/PackageCache/com.unity.test-framework@40e262928427/UnityEditor.TestRunner/TestRunner/EditModeRunner.cs:200)
0x000001e9aa23c173 (Mono JIT Code) UnityEditor.TestTools.TestRunner.TestRun.Tasks.EditModeRunTask/<Execute>d__1:MoveNext () (at ./Library/PackageCache/com.unity.test-framework@40e262928427/UnityEditor.TestRunner/TestRun/Tasks/EditModeRunTask.cs:48)
0x000001e977129d5e (Mono JIT Code) UnityEditor.TestTools.TestRunner.TestRun.TestJobRunner:ExecuteStep () (at ./Library/PackageCache/com.unity.test-framework@40e262928427/UnityEditor.TestRunner/TestRun/TestJobRunner.cs:173)
0x000001e977128953 (Mono JIT Code) UnityEditor.TestTools.TestRunner.TestRun.TestJobRunner:ExecuteCallback () (at ./Library/PackageCache/com.unity.test-framework@40e262928427/UnityEditor.TestRunner/TestRun/TestJobRunner.cs:108)
0x000001e99df821b8 (Mono JIT Code) UnityEditor.EditorApplication:Internal_CallUpdateFunctions ()
0x000001e8e6514785 (Mono JIT Code) (wrapper runtime-invoke) object:runtime_invoke_void (object,intptr,intptr,intptr)
0x00007fff3fd16e7e (mono-2.0-bdwgc) mono_jit_runtime_invoke (at C:/build/output/Unity-Technologies/mono/mono/mini/mini-runtime.c:3445)
0x00007fff3fc58874 (mono-2.0-bdwgc) do_runtime_invoke (at C:/build/output/Unity-Technologies/mono/mono/metadata/object.c:3068)
0x00007fff3fc58960 (mono-2.0-bdwgc) mono_runtime_invoke (at C:/build/output/Unity-Technologies/mono/mono/metadata/object.c:3115)
0x00007fff38e4cea4 (Unity) scripting_method_invoke
0x00007fff38e25433 (Unity) ScriptingInvocation::Invoke
0x00007fff38e20b35 (Unity) ScriptingInvocation::Invoke<void>
0x00007fff38f8b4bb (Unity) Scripting::UnityEditor::EditorApplicationProxy::Internal_CallUpdateFunctions
0x00007fff3a07e0e4 (Unity) SceneTracker::Update
0x00007fff39be1247 (Unity) Application::TickTimer
0x00007fff3a1b25ac (Unity) MainMessageLoop
0x00007fff3a1b9d1c (Unity) UnityMain
0x00007ff68b302f2a (Unity) __scrt_common_main_seh
0x00007fffddade8d7 (KERNEL32) BaseThreadInitThunk
0x00007fffde88c53c (ntdll) RtlUserThreadStart

[RecoilConfiguration] Empty or null JSON provided, returning default configuration.
0x00007fff38f222ae (Unity) StackWalker::ShowCallstack
0x00007fff38f31ee9 (Unity) PlatformStacktrace::GetStacktrace
0x00007fff3a1ac04e (Unity) Stacktrace::GetStacktrace
0x00007fff3a7859df (Unity) DebugStringToFile
0x00007fff37fd2930 (Unity) DebugLogHandler_CUSTOM_Internal_Log
0x000001e9766cbd3e (Mono JIT Code) (wrapper managed-to-native) UnityEngine.DebugLogHandler:Internal_Log_Injected (UnityEngine.LogType,UnityEngine.LogOption,UnityEngine.Bindings.ManagedSpanWrapper&,intptr)
0x000001e9766cbb43 (Mono JIT Code) UnityEngine.DebugLogHandler:Internal_Log (UnityEngine.LogType,UnityEngine.LogOption,string,UnityEngine.Object)
0x000001e9766cb7fb (Mono JIT Code) UnityEngine.DebugLogHandler:LogFormat (UnityEngine.LogType,UnityEngine.Object,string,object[])
0x000001e9766ca6ae (Mono JIT Code) UnityEngine.Logger:Log (UnityEngine.LogType,object)
0x000001e9aa2b404d (Mono JIT Code) UnityEngine.Debug:LogWarning (object)
0x000001e976d477fb (Mono JIT Code) RecoilConfiguration:FromJson (string) (at C:/Users/Ubuntu/Desktop/_DEV/AFFECT-2025-10-11/Assets/_SCRIPTS/_PLAYER/Recoil/RecoilConfiguration.cs:136)
0x000001e976d48643 (Mono JIT Code) SerializationProperties:Property16_InvalidJsonReturnsDefaultConfiguration () (at C:/Users/Ubuntu/Desktop/_DEV/AFFECT-2025-10-11/Assets/_SCRIPTS/Editor/SerializationProperties.cs:115)
0x000001e9aa264548 (Mono JIT Code) (wrapper runtime-invoke) object:runtime_invoke_void__this__ (object,intptr,intptr,intptr)
0x00007fff3fd16e7e (mono-2.0-bdwgc) mono_jit_runtime_invoke (at C:/build/output/Unity-Technologies/mono/mono/mini/mini-runtime.c:3445)
0x00007fff3fc58874 (mono-2.0-bdwgc) do_runtime_invoke (at C:/build/output/Unity-Technologies/mono/mono/metadata/object.c:3068)
0x00007fff3fc5f926 (mono-2.0-bdwgc) mono_runtime_try_invoke_array (at C:/build/output/Unity-Technologies/mono/mono/metadata/object.c:5774)
0x00007fff3fb91b81 (mono-2.0-bdwgc) ves_icall_InternalInvoke (at C:/build/output/Unity-Technologies/mono/mono/metadata/icall.c:4038)
0x00007fff3fbb7e31 (mono-2.0-bdwgc) ves_icall_InternalInvoke_raw (at C:/build/output/Unity-Technologies/mono/mono/metadata/icall-def.h:692)
0x000001e8e22b0f92 (Mono JIT Code) (wrapper managed-to-native) System.Reflection.RuntimeMethodInfo:InternalInvoke (System.Reflection.RuntimeMethodInfo,object,object[],System.Exception&)
0x000001e8e3c7ea73 (Mono JIT Code) System.Reflection.RuntimeMethodInfo:Invoke (object,System.Reflection.BindingFlags,System.Reflection.Binder,object[],System.Globalization.CultureInfo)
0x000001e8db9555ef (Mono JIT Code) System.Reflection.MethodBase:Invoke (object,object[])
0x000001e9aa26e783 (Mono JIT Code) NUnit.Framework.Internal.Reflect:InvokeMethod (System.Reflection.MethodInfo,object,object[])
0x000001e9aa2760ab (Mono JIT Code) NUnit.Framework.Internal.MethodWrapper:Invoke (object,object[])
0x000001e9aa275f8a (Mono JIT Code) NUnit.Framework.Internal.Commands.TestMethodCommand:RunNonAsyncTestMethod (NUnit.Framework.Internal.ITestExecutionContext)
0x000001e9aa275dd3 (Mono JIT Code) NUnit.Framework.Internal.Commands.TestMethodCommand:RunTestMethod (NUnit.Framework.Internal.ITestExecutionContext)
0x000001e9aa275973 (Mono JIT Code) NUnit.Framework.Internal.Commands.TestMethodCommand:Execute (NUnit.Framework.Internal.ITestExecutionContext)
0x000001e9aa27556b (Mono JIT Code) UnityEngine.TestTools.UnityTestMethodCommand:Execute (NUnit.Framework.Internal.ITestExecutionContext) (at ./Library/PackageCache/com.unity.test-framework@40e262928427/UnityEngine.TestRunner/NUnitExtensions/Commands/UnityTestMethodCommand.cs:19)
0x000001e9aa2752fb (Mono JIT Code) UnityEngine.TestRunner.NUnitExtensions.Runner.UnityLogCheckDelegatingCommand/<>c__DisplayClass2_0:<Execute>b__0 () (at ./Library/PackageCache/com.unity.test-framework@40e262928427/UnityEngine.TestRunner/NUnitExtensions/Runner/UnityLogCheckDelegatingCommand.cs:24)
0x000001e9aa275123 (Mono JIT Code) UnityEngine.TestRunner.NUnitExtensions.Runner.UnityLogCheckDelegatingCommand:CaptureException (NUnit.Framework.Internal.TestResult,System.Action) (at ./Library/PackageCache/com.unity.test-framework@40e262928427/UnityEngine.TestRunner/NUnitExtensions/Runner/UnityLogCheckDelegatingCommand.cs:72)
0x000001e9aa274fb3 (Mono JIT Code) UnityEngine.TestRunner.NUnitExtensions.Runner.UnityLogCheckDelegatingCommand:ExecuteAndCheckLog (UnityEngine.TestTools.Logging.LogScope,NUnit.Framework.Internal.TestResult,System.Action) (at ./Library/PackageCache/com.unity.test-framework@40e262928427/UnityEngine.TestRunner/NUnitExtensions/Runner/UnityLogCheckDelegatingCommand.cs:83)
0x000001e9aa274c3b (Mono JIT Code) UnityEngine.TestRunner.NUnitExtensions.Runner.UnityLogCheckDelegatingCommand:Execute (NUnit.Framework.Internal.ITestExecutionContext) (at ./Library/PackageCache/com.unity.test-framework@40e262928427/UnityEngine.TestRunner/NUnitExtensions/Runner/UnityLogCheckDelegatingCommand.cs:24)
0x000001e9aa273c19 (Mono JIT Code) UnityEngine.TestRunner.NUnitExtensions.Runner.UnityLogCheckDelegatingCommand/<ExecuteEnumerable>d__3:MoveNext () (at ./Library/PackageCache/com.unity.test-framework@40e262928427/UnityEngine.TestRunner/NUnitExtensions/Runner/UnityLogCheckDelegatingCommand.cs:35)
0x000001e9aa251e01 (Mono JIT Code) UnityEngine.TestTools.BeforeAfterTestCommandBase`1/<ExecuteEnumerable>d__16<T_REF>:MoveNext () (at ./Library/PackageCache/com.unity.test-framework@40e262928427/UnityEngine.TestRunner/NUnitExtensions/Commands/BeforeAfterTestCommandBase.cs:212)
0x000001e9aa272fb6 (Mono JIT Code) UnityEngine.TestTools.ImmediateEnumerableCommand:Execute (NUnit.Framework.Internal.ITestExecutionContext) (at ./Library/PackageCache/com.unity.test-framework@40e262928427/UnityEngine.TestRunner/NUnitExtensions/Commands/ImmediateEnumerableCommand.cs:18)
0x000001e9aa251f01 (Mono JIT Code) UnityEngine.TestTools.BeforeAfterTestCommandBase`1/<ExecuteEnumerable>d__16<T_REF>:MoveNext () (at ./Library/PackageCache/com.unity.test-framework@40e262928427/UnityEngine.TestRunner/NUnitExtensions/Commands/BeforeAfterTestCommandBase.cs:219)
0x000001e9aa251e01 (Mono JIT Code) UnityEngine.TestTools.BeforeAfterTestCommandBase`1/<ExecuteEnumerable>d__16<T_REF>:MoveNext () (at ./Library/PackageCache/com.unity.test-framework@40e262928427/UnityEngine.TestRunner/NUnitExtensions/Commands/BeforeAfterTestCommandBase.cs:212)
0x000001e9aa251e01 (Mono JIT Code) UnityEngine.TestTools.BeforeAfterTestCommandBase`1/<ExecuteEnumerable>d__16<T_REF>:MoveNext () (at ./Library/PackageCache/com.unity.test-framework@40e262928427/UnityEngine.TestRunner/NUnitExtensions/Commands/BeforeAfterTestCommandBase.cs:212)
0x000001e9aa26b457 (Mono JIT Code) UnityEngine.TestTools.RetryCommand/<ExecuteEnumerable>d__2:MoveNext () (at ./Library/PackageCache/com.unity.test-framework@40e262928427/UnityEngine.TestRunner/NUnitExtensions/Commands/RetryCommand.cs:37)
0x000001e9aa269f2f (Mono JIT Code) UnityEngine.TestTools.RepeatCommand/<ExecuteEnumerable>d__2:MoveNext () (at ./Library/PackageCache/com.unity.test-framework@40e262928427/UnityEngine.TestRunner/NUnitExtensions/Commands/RepeatCommand.cs:36)
0x000001e9aa268fa6 (Mono JIT Code) UnityEngine.TestTools.IgnoreTestCommand/<ExecuteEnumerable>d__3:MoveNext () (at ./Library/PackageCache/com.unity.test-framework@40e262928427/UnityEngine.TestRunner/NUnitExtensions/Commands/IgnoreTestCommand.cs:42)
0x000001e9aa267c7f (Mono JIT Code) UnityEngine.TestTools.StrictCheckCommand/<ExecuteEnumerable>d__2:MoveNext () (at ./Library/PackageCache/com.unity.test-framework@40e262928427/UnityEngine.TestRunner/NUnitExtensions/Commands/StrictCheckCommand.cs:29)
0x000001e9aa266fe1 (Mono JIT Code) UnityEngine.TestRunner.NUnitExtensions.Runner.DefaultTestWorkItem/<PerformWork>d__2:MoveNext () (at ./Library/PackageCache/com.unity.test-framework@40e262928427/UnityEngine.TestRunner/NUnitExtensions/Runner/DefaultTestWorkItem.cs:50)
0x000001e9aa255e12 (Mono JIT Code) UnityEngine.TestRunner.NUnitExtensions.Runner.CompositeWorkItem/<RunChildren>d__17:MoveNext () (at ./Library/PackageCache/com.unity.test-framework@40e262928427/UnityEngine.TestRunner/NUnitExtensions/Runner/CompositeWorkItem.cs:207)
0x000001e9aa247756 (Mono JIT Code) UnityEngine.TestRunner.NUnitExtensions.Runner.CompositeWorkItem/<PerformWork>d__13:MoveNext () (at ./Library/PackageCache/com.unity.test-framework@40e262928427/UnityEngine.TestRunner/NUnitExtensions/Runner/CompositeWorkItem.cs:82)
0x000001e9aa255e12 (Mono JIT Code) UnityEngine.TestRunner.NUnitExtensions.Runner.CompositeWorkItem/<RunChildren>d__17:MoveNext () (at ./Library/PackageCache/com.unity.test-framework@40e262928427/UnityEngine.TestRunner/NUnitExtensions/Runner/CompositeWorkItem.cs:207)
0x000001e9aa247756 (Mono JIT Code) UnityEngine.TestRunner.NUnitExtensions.Runner.CompositeWorkItem/<PerformWork>d__13:MoveNext () (at ./Library/PackageCache/com.unity.test-framework@40e262928427/UnityEngine.TestRunner/NUnitExtensions/Runner/CompositeWorkItem.cs:82)
0x000001e9aa255e12 (Mono JIT Code) UnityEngine.TestRunner.NUnitExtensions.Runner.CompositeWorkItem/<RunChildren>d__17:MoveNext () (at ./Library/PackageCache/com.unity.test-framework@40e262928427/UnityEngine.TestRunner/NUnitExtensions/Runner/CompositeWorkItem.cs:207)
0x000001e9aa247756 (Mono JIT Code) UnityEngine.TestRunner.NUnitExtensions.Runner.CompositeWorkItem/<PerformWork>d__13:MoveNext () (at ./Library/PackageCache/com.unity.test-framework@40e262928427/UnityEngine.TestRunner/NUnitExtensions/Runner/CompositeWorkItem.cs:82)
0x000001e9aa245fcc (Mono JIT Code) UnityEditor.TestTools.TestRunner.EditModeRunner:MoveNextAndUpdateYieldObject () (at ./Library/PackageCache/com.unity.test-framework@40e262928427/UnityEditor.TestRunner/TestRunner/EditModeRunner.cs:167)
0x000001e9aa245b7b (Mono JIT Code) UnityEditor.TestTools.TestRunner.EditModeRunner:TestConsumer (UnityEditor.TestTools.TestRunner.TestRunnerStateSerializer) (at ./Library/PackageCache/com.unity.test-framework@40e262928427/UnityEditor.TestRunner/TestRunner/EditModeRunner.cs:200)
0x000001e9aa23c173 (Mono JIT Code) UnityEditor.TestTools.TestRunner.TestRun.Tasks.EditModeRunTask/<Execute>d__1:MoveNext () (at ./Library/PackageCache/com.unity.test-framework@40e262928427/UnityEditor.TestRunner/TestRun/Tasks/EditModeRunTask.cs:48)
0x000001e977129d5e (Mono JIT Code) UnityEditor.TestTools.TestRunner.TestRun.TestJobRunner:ExecuteStep () (at ./Library/PackageCache/com.unity.test-framework@40e262928427/UnityEditor.TestRunner/TestRun/TestJobRunner.cs:173)
0x000001e977128953 (Mono JIT Code) UnityEditor.TestTools.TestRunner.TestRun.TestJobRunner:ExecuteCallback () (at ./Library/PackageCache/com.unity.test-framework@40e262928427/UnityEditor.TestRunner/TestRun/TestJobRunner.cs:108)
0x000001e99df821b8 (Mono JIT Code) UnityEditor.EditorApplication:Internal_CallUpdateFunctions ()
0x000001e8e6514785 (Mono JIT Code) (wrapper runtime-invoke) object:runtime_invoke_void (object,intptr,intptr,intptr)
0x00007fff3fd16e7e (mono-2.0-bdwgc) mono_jit_runtime_invoke (at C:/build/output/Unity-Technologies/mono/mono/mini/mini-runtime.c:3445)
0x00007fff3fc58874 (mono-2.0-bdwgc) do_runtime_invoke (at C:/build/output/Unity-Technologies/mono/mono/metadata/object.c:3068)
0x00007fff3fc58960 (mono-2.0-bdwgc) mono_runtime_invoke (at C:/build/output/Unity-Technologies/mono/mono/metadata/object.c:3115)
0x00007fff38e4cea4 (Unity) scripting_method_invoke
0x00007fff38e25433 (Unity) ScriptingInvocation::Invoke
0x00007fff38e20b35 (Unity) ScriptingInvocation::Invoke<void>
0x00007fff38f8b4bb (Unity) Scripting::UnityEditor::EditorApplicationProxy::Internal_CallUpdateFunctions
0x00007fff3a07e0e4 (Unity) SceneTracker::Update
0x00007fff39be1247 (Unity) Application::TickTimer
0x00007fff3a1b25ac (Unity) MainMessageLoop
0x00007fff3a1b9d1c (Unity) UnityMain
0x00007ff68b302f2a (Unity) __scrt_common_main_seh
0x00007fffddade8d7 (KERNEL32) BaseThreadInitThunk
0x00007fffde88c53c (ntdll) RtlUserThreadStart

[RecoilConfiguration] Empty or null JSON provided, returning default configuration.
0x00007fff38f222ae (Unity) StackWalker::ShowCallstack
0x00007fff38f31ee9 (Unity) PlatformStacktrace::GetStacktrace
0x00007fff3a1ac04e (Unity) Stacktrace::GetStacktrace
0x00007fff3a7859df (Unity) DebugStringToFile
0x00007fff37fd2930 (Unity) DebugLogHandler_CUSTOM_Internal_Log
0x000001e9766cbd3e (Mono JIT Code) (wrapper managed-to-native) UnityEngine.DebugLogHandler:Internal_Log_Injected (UnityEngine.LogType,UnityEngine.LogOption,UnityEngine.Bindings.ManagedSpanWrapper&,intptr)
0x000001e9766cbb43 (Mono JIT Code) UnityEngine.DebugLogHandler:Internal_Log (UnityEngine.LogType,UnityEngine.LogOption,string,UnityEngine.Object)
0x000001e9766cb7fb (Mono JIT Code) UnityEngine.DebugLogHandler:LogFormat (UnityEngine.LogType,UnityEngine.Object,string,object[])
0x000001e9766ca6ae (Mono JIT Code) UnityEngine.Logger:Log (UnityEngine.LogType,object)
0x000001e9aa2b404d (Mono JIT Code) UnityEngine.Debug:LogWarning (object)
0x000001e976d477fb (Mono JIT Code) RecoilConfiguration:FromJson (string) (at C:/Users/Ubuntu/Desktop/_DEV/AFFECT-2025-10-11/Assets/_SCRIPTS/_PLAYER/Recoil/RecoilConfiguration.cs:136)
0x000001e976d48643 (Mono JIT Code) SerializationProperties:Property16_InvalidJsonReturnsDefaultConfiguration () (at C:/Users/Ubuntu/Desktop/_DEV/AFFECT-2025-10-11/Assets/_SCRIPTS/Editor/SerializationProperties.cs:115)
0x000001e9aa264548 (Mono JIT Code) (wrapper runtime-invoke) object:runtime_invoke_void__this__ (object,intptr,intptr,intptr)
0x00007fff3fd16e7e (mono-2.0-bdwgc) mono_jit_runtime_invoke (at C:/build/output/Unity-Technologies/mono/mono/mini/mini-runtime.c:3445)
0x00007fff3fc58874 (mono-2.0-bdwgc) do_runtime_invoke (at C:/build/output/Unity-Technologies/mono/mono/metadata/object.c:3068)
0x00007fff3fc5f926 (mono-2.0-bdwgc) mono_runtime_try_invoke_array (at C:/build/output/Unity-Technologies/mono/mono/metadata/object.c:5774)
0x00007fff3fb91b81 (mono-2.0-bdwgc) ves_icall_InternalInvoke (at C:/build/output/Unity-Technologies/mono/mono/metadata/icall.c:4038)
0x00007fff3fbb7e31 (mono-2.0-bdwgc) ves_icall_InternalInvoke_raw (at C:/build/output/Unity-Technologies/mono/mono/metadata/icall-def.h:692)
0x000001e8e22b0f92 (Mono JIT Code) (wrapper managed-to-native) System.Reflection.RuntimeMethodInfo:InternalInvoke (System.Reflection.RuntimeMethodInfo,object,object[],System.Exception&)
0x000001e8e3c7ea73 (Mono JIT Code) System.Reflection.RuntimeMethodInfo:Invoke (object,System.Reflection.BindingFlags,System.Reflection.Binder,object[],System.Globalization.CultureInfo)
0x000001e8db9555ef (Mono JIT Code) System.Reflection.MethodBase:Invoke (object,object[])
0x000001e9aa26e783 (Mono JIT Code) NUnit.Framework.Internal.Reflect:InvokeMethod (System.Reflection.MethodInfo,object,object[])
0x000001e9aa2760ab (Mono JIT Code) NUnit.Framework.Internal.MethodWrapper:Invoke (object,object[])
0x000001e9aa275f8a (Mono JIT Code) NUnit.Framework.Internal.Commands.TestMethodCommand:RunNonAsyncTestMethod (NUnit.Framework.Internal.ITestExecutionContext)
0x000001e9aa275dd3 (Mono JIT Code) NUnit.Framework.Internal.Commands.TestMethodCommand:RunTestMethod (NUnit.Framework.Internal.ITestExecutionContext)
0x000001e9aa275973 (Mono JIT Code) NUnit.Framework.Internal.Commands.TestMethodCommand:Execute (NUnit.Framework.Internal.ITestExecutionContext)
0x000001e9aa27556b (Mono JIT Code) UnityEngine.TestTools.UnityTestMethodCommand:Execute (NUnit.Framework.Internal.ITestExecutionContext) (at ./Library/PackageCache/com.unity.test-framework@40e262928427/UnityEngine.TestRunner/NUnitExtensions/Commands/UnityTestMethodCommand.cs:19)
0x000001e9aa2752fb (Mono JIT Code) UnityEngine.TestRunner.NUnitExtensions.Runner.UnityLogCheckDelegatingCommand/<>c__DisplayClass2_0:<Execute>b__0 () (at ./Library/PackageCache/com.unity.test-framework@40e262928427/UnityEngine.TestRunner/NUnitExtensions/Runner/UnityLogCheckDelegatingCommand.cs:24)
0x000001e9aa275123 (Mono JIT Code) UnityEngine.TestRunner.NUnitExtensions.Runner.UnityLogCheckDelegatingCommand:CaptureException (NUnit.Framework.Internal.TestResult,System.Action) (at ./Library/PackageCache/com.unity.test-framework@40e262928427/UnityEngine.TestRunner/NUnitExtensions/Runner/UnityLogCheckDelegatingCommand.cs:72)
0x000001e9aa274fb3 (Mono JIT Code) UnityEngine.TestRunner.NUnitExtensions.Runner.UnityLogCheckDelegatingCommand:ExecuteAndCheckLog (UnityEngine.TestTools.Logging.LogScope,NUnit.Framework.Internal.TestResult,System.Action) (at ./Library/PackageCache/com.unity.test-framework@40e262928427/UnityEngine.TestRunner/NUnitExtensions/Runner/UnityLogCheckDelegatingCommand.cs:83)
0x000001e9aa274c3b (Mono JIT Code) UnityEngine.TestRunner.NUnitExtensions.Runner.UnityLogCheckDelegatingCommand:Execute (NUnit.Framework.Internal.ITestExecutionContext) (at ./Library/PackageCache/com.unity.test-framework@40e262928427/UnityEngine.TestRunner/NUnitExtensions/Runner/UnityLogCheckDelegatingCommand.cs:24)
0x000001e9aa273c19 (Mono JIT Code) UnityEngine.TestRunner.NUnitExtensions.Runner.UnityLogCheckDelegatingCommand/<ExecuteEnumerable>d__3:MoveNext () (at ./Library/PackageCache/com.unity.test-framework@40e262928427/UnityEngine.TestRunner/NUnitExtensions/Runner/UnityLogCheckDelegatingCommand.cs:35)
0x000001e9aa251e01 (Mono JIT Code) UnityEngine.TestTools.BeforeAfterTestCommandBase`1/<ExecuteEnumerable>d__16<T_REF>:MoveNext () (at ./Library/PackageCache/com.unity.test-framework@40e262928427/UnityEngine.TestRunner/NUnitExtensions/Commands/BeforeAfterTestCommandBase.cs:212)
0x000001e9aa272fb6 (Mono JIT Code) UnityEngine.TestTools.ImmediateEnumerableCommand:Execute (NUnit.Framework.Internal.ITestExecutionContext) (at ./Library/PackageCache/com.unity.test-framework@40e262928427/UnityEngine.TestRunner/NUnitExtensions/Commands/ImmediateEnumerableCommand.cs:18)
0x000001e9aa251f01 (Mono JIT Code) UnityEngine.TestTools.BeforeAfterTestCommandBase`1/<ExecuteEnumerable>d__16<T_REF>:MoveNext () (at ./Library/PackageCache/com.unity.test-framework@40e262928427/UnityEngine.TestRunner/NUnitExtensions/Commands/BeforeAfterTestCommandBase.cs:219)
0x000001e9aa251e01 (Mono JIT Code) UnityEngine.TestTools.BeforeAfterTestCommandBase`1/<ExecuteEnumerable>d__16<T_REF>:MoveNext () (at ./Library/PackageCache/com.unity.test-framework@40e262928427/UnityEngine.TestRunner/NUnitExtensions/Commands/BeforeAfterTestCommandBase.cs:212)
0x000001e9aa251e01 (Mono JIT Code) UnityEngine.TestTools.BeforeAfterTestCommandBase`1/<ExecuteEnumerable>d__16<T_REF>:MoveNext () (at ./Library/PackageCache/com.unity.test-framework@40e262928427/UnityEngine.TestRunner/NUnitExtensions/Commands/BeforeAfterTestCommandBase.cs:212)
0x000001e9aa26b457 (Mono JIT Code) UnityEngine.TestTools.RetryCommand/<ExecuteEnumerable>d__2:MoveNext () (at ./Library/PackageCache/com.unity.test-framework@40e262928427/UnityEngine.TestRunner/NUnitExtensions/Commands/RetryCommand.cs:37)
0x000001e9aa269f2f (Mono JIT Code) UnityEngine.TestTools.RepeatCommand/<ExecuteEnumerable>d__2:MoveNext () (at ./Library/PackageCache/com.unity.test-framework@40e262928427/UnityEngine.TestRunner/NUnitExtensions/Commands/RepeatCommand.cs:36)
0x000001e9aa268fa6 (Mono JIT Code) UnityEngine.TestTools.IgnoreTestCommand/<ExecuteEnumerable>d__3:MoveNext () (at ./Library/PackageCache/com.unity.test-framework@40e262928427/UnityEngine.TestRunner/NUnitExtensions/Commands/IgnoreTestCommand.cs:42)
0x000001e9aa267c7f (Mono JIT Code) UnityEngine.TestTools.StrictCheckCommand/<ExecuteEnumerable>d__2:MoveNext () (at ./Library/PackageCache/com.unity.test-framework@40e262928427/UnityEngine.TestRunner/NUnitExtensions/Commands/StrictCheckCommand.cs:29)
0x000001e9aa266fe1 (Mono JIT Code) UnityEngine.TestRunner.NUnitExtensions.Runner.DefaultTestWorkItem/<PerformWork>d__2:MoveNext () (at ./Library/PackageCache/com.unity.test-framework@40e262928427/UnityEngine.TestRunner/NUnitExtensions/Runner/DefaultTestWorkItem.cs:50)
0x000001e9aa255e12 (Mono JIT Code) UnityEngine.TestRunner.NUnitExtensions.Runner.CompositeWorkItem/<RunChildren>d__17:MoveNext () (at ./Library/PackageCache/com.unity.test-framework@40e262928427/UnityEngine.TestRunner/NUnitExtensions/Runner/CompositeWorkItem.cs:207)
0x000001e9aa247756 (Mono JIT Code) UnityEngine.TestRunner.NUnitExtensions.Runner.CompositeWorkItem/<PerformWork>d__13:MoveNext () (at ./Library/PackageCache/com.unity.test-framework@40e262928427/UnityEngine.TestRunner/NUnitExtensions/Runner/CompositeWorkItem.cs:82)
0x000001e9aa255e12 (Mono JIT Code) UnityEngine.TestRunner.NUnitExtensions.Runner.CompositeWorkItem/<RunChildren>d__17:MoveNext () (at ./Library/PackageCache/com.unity.test-framework@40e262928427/UnityEngine.TestRunner/NUnitExtensions/Runner/CompositeWorkItem.cs:207)
0x000001e9aa247756 (Mono JIT Code) UnityEngine.TestRunner.NUnitExtensions.Runner.CompositeWorkItem/<PerformWork>d__13:MoveNext () (at ./Library/PackageCache/com.unity.test-framework@40e262928427/UnityEngine.TestRunner/NUnitExtensions/Runner/CompositeWorkItem.cs:82)
0x000001e9aa255e12 (Mono JIT Code) UnityEngine.TestRunner.NUnitExtensions.Runner.CompositeWorkItem/<RunChildren>d__17:MoveNext () (at ./Library/PackageCache/com.unity.test-framework@40e262928427/UnityEngine.TestRunner/NUnitExtensions/Runner/CompositeWorkItem.cs:207)
0x000001e9aa247756 (Mono JIT Code) UnityEngine.TestRunner.NUnitExtensions.Runner.CompositeWorkItem/<PerformWork>d__13:MoveNext () (at ./Library/PackageCache/com.unity.test-framework@40e262928427/UnityEngine.TestRunner/NUnitExtensions/Runner/CompositeWorkItem.cs:82)
0x000001e9aa245fcc (Mono JIT Code) UnityEditor.TestTools.TestRunner.EditModeRunner:MoveNextAndUpdateYieldObject () (at ./Library/PackageCache/com.unity.test-framework@40e262928427/UnityEditor.TestRunner/TestRunner/EditModeRunner.cs:167)
0x000001e9aa245b7b (Mono JIT Code) UnityEditor.TestTools.TestRunner.EditModeRunner:TestConsumer (UnityEditor.TestTools.TestRunner.TestRunnerStateSerializer) (at ./Library/PackageCache/com.unity.test-framework@40e262928427/UnityEditor.TestRunner/TestRunner/EditModeRunner.cs:200)
0x000001e9aa23c173 (Mono JIT Code) UnityEditor.TestTools.TestRunner.TestRun.Tasks.EditModeRunTask/<Execute>d__1:MoveNext () (at ./Library/PackageCache/com.unity.test-framework@40e262928427/UnityEditor.TestRunner/TestRun/Tasks/EditModeRunTask.cs:48)
0x000001e977129d5e (Mono JIT Code) UnityEditor.TestTools.TestRunner.TestRun.TestJobRunner:ExecuteStep () (at ./Library/PackageCache/com.unity.test-framework@40e262928427/UnityEditor.TestRunner/TestRun/TestJobRunner.cs:173)
0x000001e977128953 (Mono JIT Code) UnityEditor.TestTools.TestRunner.TestRun.TestJobRunner:ExecuteCallback () (at ./Library/PackageCache/com.unity.test-framework@40e262928427/UnityEditor.TestRunner/TestRun/TestJobRunner.cs:108)
0x000001e99df821b8 (Mono JIT Code) UnityEditor.EditorApplication:Internal_CallUpdateFunctions ()
0x000001e8e6514785 (Mono JIT Code) (wrapper runtime-invoke) object:runtime_invoke_void (object,intptr,intptr,intptr)
0x00007fff3fd16e7e (mono-2.0-bdwgc) mono_jit_runtime_invoke (at C:/build/output/Unity-Technologies/mono/mono/mini/mini-runtime.c:3445)
0x00007fff3fc58874 (mono-2.0-bdwgc) do_runtime_invoke (at C:/build/output/Unity-Technologies/mono/mono/metadata/object.c:3068)
0x00007fff3fc58960 (mono-2.0-bdwgc) mono_runtime_invoke (at C:/build/output/Unity-Technologies/mono/mono/metadata/object.c:3115)
0x00007fff38e4cea4 (Unity) scripting_method_invoke
0x00007fff38e25433 (Unity) ScriptingInvocation::Invoke
0x00007fff38e20b35 (Unity) ScriptingInvocation::Invoke<void>
0x00007fff38f8b4bb (Unity) Scripting::UnityEditor::EditorApplicationProxy::Internal_CallUpdateFunctions
0x00007fff3a07e0e4 (Unity) SceneTracker::Update
0x00007fff39be1247 (Unity) Application::TickTimer
0x00007fff3a1b25ac (Unity) MainMessageLoop
0x00007fff3a1b9d1c (Unity) UnityMain
0x00007ff68b302f2a (Unity) __scrt_common_main_seh
0x00007fffddade8d7 (KERNEL32) BaseThreadInitThunk
0x00007fffde88c53c (ntdll) RtlUserThreadStart

[RecoilConfiguration] Empty or null JSON provided, returning default configuration.
0x00007fff38f222ae (Unity) StackWalker::ShowCallstack
0x00007fff38f31ee9 (Unity) PlatformStacktrace::GetStacktrace
0x00007fff3a1ac04e (Unity) Stacktrace::GetStacktrace
0x00007fff3a7859df (Unity) DebugStringToFile
0x00007fff37fd2930 (Unity) DebugLogHandler_CUSTOM_Internal_Log
0x000001e9766cbd3e (Mono JIT Code) (wrapper managed-to-native) UnityEngine.DebugLogHandler:Internal_Log_Injected (UnityEngine.LogType,UnityEngine.LogOption,UnityEngine.Bindings.ManagedSpanWrapper&,intptr)
0x000001e9766cbb43 (Mono JIT Code) UnityEngine.DebugLogHandler:Internal_Log (UnityEngine.LogType,UnityEngine.LogOption,string,UnityEngine.Object)
0x000001e9766cb7fb (Mono JIT Code) UnityEngine.DebugLogHandler:LogFormat (UnityEngine.LogType,UnityEngine.Object,string,object[])
0x000001e9766ca6ae (Mono JIT Code) UnityEngine.Logger:Log (UnityEngine.LogType,object)
0x000001e9aa2b404d (Mono JIT Code) UnityEngine.Debug:LogWarning (object)
0x000001e976d477fb (Mono JIT Code) RecoilConfiguration:FromJson (string) (at C:/Users/Ubuntu/Desktop/_DEV/AFFECT-2025-10-11/Assets/_SCRIPTS/_PLAYER/Recoil/RecoilConfiguration.cs:136)
0x000001e976d48643 (Mono JIT Code) SerializationProperties:Property16_InvalidJsonReturnsDefaultConfiguration () (at C:/Users/Ubuntu/Desktop/_DEV/AFFECT-2025-10-11/Assets/_SCRIPTS/Editor/SerializationProperties.cs:115)
0x000001e9aa264548 (Mono JIT Code) (wrapper runtime-invoke) object:runtime_invoke_void__this__ (object,intptr,intptr,intptr)
0x00007fff3fd16e7e (mono-2.0-bdwgc) mono_jit_runtime_invoke (at C:/build/output/Unity-Technologies/mono/mono/mini/mini-runtime.c:3445)
0x00007fff3fc58874 (mono-2.0-bdwgc) do_runtime_invoke (at C:/build/output/Unity-Technologies/mono/mono/metadata/object.c:3068)
0x00007fff3fc5f926 (mono-2.0-bdwgc) mono_runtime_try_invoke_array (at C:/build/output/Unity-Technologies/mono/mono/metadata/object.c:5774)
0x00007fff3fb91b81 (mono-2.0-bdwgc) ves_icall_InternalInvoke (at C:/build/output/Unity-Technologies/mono/mono/metadata/icall.c:4038)
0x00007fff3fbb7e31 (mono-2.0-bdwgc) ves_icall_InternalInvoke_raw (at C:/build/output/Unity-Technologies/mono/mono/metadata/icall-def.h:692)
0x000001e8e22b0f92 (Mono JIT Code) (wrapper managed-to-native) System.Reflection.RuntimeMethodInfo:InternalInvoke (System.Reflection.RuntimeMethodInfo,object,object[],System.Exception&)
0x000001e8e3c7ea73 (Mono JIT Code) System.Reflection.RuntimeMethodInfo:Invoke (object,System.Reflection.BindingFlags,System.Reflection.Binder,object[],System.Globalization.CultureInfo)
0x000001e8db9555ef (Mono JIT Code) System.Reflection.MethodBase:Invoke (object,object[])
0x000001e9aa26e783 (Mono JIT Code) NUnit.Framework.Internal.Reflect:InvokeMethod (System.Reflection.MethodInfo,object,object[])
0x000001e9aa2760ab (Mono JIT Code) NUnit.Framework.Internal.MethodWrapper:Invoke (object,object[])
0x000001e9aa275f8a (Mono JIT Code) NUnit.Framework.Internal.Commands.TestMethodCommand:RunNonAsyncTestMethod (NUnit.Framework.Internal.ITestExecutionContext)
0x000001e9aa275dd3 (Mono JIT Code) NUnit.Framework.Internal.Commands.TestMethodCommand:RunTestMethod (NUnit.Framework.Internal.ITestExecutionContext)
0x000001e9aa275973 (Mono JIT Code) NUnit.Framework.Internal.Commands.TestMethodCommand:Execute (NUnit.Framework.Internal.ITestExecutionContext)
0x000001e9aa27556b (Mono JIT Code) UnityEngine.TestTools.UnityTestMethodCommand:Execute (NUnit.Framework.Internal.ITestExecutionContext) (at ./Library/PackageCache/com.unity.test-framework@40e262928427/UnityEngine.TestRunner/NUnitExtensions/Commands/UnityTestMethodCommand.cs:19)
0x000001e9aa2752fb (Mono JIT Code) UnityEngine.TestRunner.NUnitExtensions.Runner.UnityLogCheckDelegatingCommand/<>c__DisplayClass2_0:<Execute>b__0 () (at ./Library/PackageCache/com.unity.test-framework@40e262928427/UnityEngine.TestRunner/NUnitExtensions/Runner/UnityLogCheckDelegatingCommand.cs:24)
0x000001e9aa275123 (Mono JIT Code) UnityEngine.TestRunner.NUnitExtensions.Runner.UnityLogCheckDelegatingCommand:CaptureException (NUnit.Framework.Internal.TestResult,System.Action) (at ./Library/PackageCache/com.unity.test-framework@40e262928427/UnityEngine.TestRunner/NUnitExtensions/Runner/UnityLogCheckDelegatingCommand.cs:72)
0x000001e9aa274fb3 (Mono JIT Code) UnityEngine.TestRunner.NUnitExtensions.Runner.UnityLogCheckDelegatingCommand:ExecuteAndCheckLog (UnityEngine.TestTools.Logging.LogScope,NUnit.Framework.Internal.TestResult,System.Action) (at ./Library/PackageCache/com.unity.test-framework@40e262928427/UnityEngine.TestRunner/NUnitExtensions/Runner/UnityLogCheckDelegatingCommand.cs:83)
0x000001e9aa274c3b (Mono JIT Code) UnityEngine.TestRunner.NUnitExtensions.Runner.UnityLogCheckDelegatingCommand:Execute (NUnit.Framework.Internal.ITestExecutionContext) (at ./Library/PackageCache/com.unity.test-framework@40e262928427/UnityEngine.TestRunner/NUnitExtensions/Runner/UnityLogCheckDelegatingCommand.cs:24)
0x000001e9aa273c19 (Mono JIT Code) UnityEngine.TestRunner.NUnitExtensions.Runner.UnityLogCheckDelegatingCommand/<ExecuteEnumerable>d__3:MoveNext () (at ./Library/PackageCache/com.unity.test-framework@40e262928427/UnityEngine.TestRunner/NUnitExtensions/Runner/UnityLogCheckDelegatingCommand.cs:35)
0x000001e9aa251e01 (Mono JIT Code) UnityEngine.TestTools.BeforeAfterTestCommandBase`1/<ExecuteEnumerable>d__16<T_REF>:MoveNext () (at ./Library/PackageCache/com.unity.test-framework@40e262928427/UnityEngine.TestRunner/NUnitExtensions/Commands/BeforeAfterTestCommandBase.cs:212)
0x000001e9aa272fb6 (Mono JIT Code) UnityEngine.TestTools.ImmediateEnumerableCommand:Execute (NUnit.Framework.Internal.ITestExecutionContext) (at ./Library/PackageCache/com.unity.test-framework@40e262928427/UnityEngine.TestRunner/NUnitExtensions/Commands/ImmediateEnumerableCommand.cs:18)
0x000001e9aa251f01 (Mono JIT Code) UnityEngine.TestTools.BeforeAfterTestCommandBase`1/<ExecuteEnumerable>d__16<T_REF>:MoveNext () (at ./Library/PackageCache/com.unity.test-framework@40e262928427/UnityEngine.TestRunner/NUnitExtensions/Commands/BeforeAfterTestCommandBase.cs:219)
0x000001e9aa251e01 (Mono JIT Code) UnityEngine.TestTools.BeforeAfterTestCommandBase`1/<ExecuteEnumerable>d__16<T_REF>:MoveNext () (at ./Library/PackageCache/com.unity.test-framework@40e262928427/UnityEngine.TestRunner/NUnitExtensions/Commands/BeforeAfterTestCommandBase.cs:212)
0x000001e9aa251e01 (Mono JIT Code) UnityEngine.TestTools.BeforeAfterTestCommandBase`1/<ExecuteEnumerable>d__16<T_REF>:MoveNext () (at ./Library/PackageCache/com.unity.test-framework@40e262928427/UnityEngine.TestRunner/NUnitExtensions/Commands/BeforeAfterTestCommandBase.cs:212)
0x000001e9aa26b457 (Mono JIT Code) UnityEngine.TestTools.RetryCommand/<ExecuteEnumerable>d__2:MoveNext () (at ./Library/PackageCache/com.unity.test-framework@40e262928427/UnityEngine.TestRunner/NUnitExtensions/Commands/RetryCommand.cs:37)
0x000001e9aa269f2f (Mono JIT Code) UnityEngine.TestTools.RepeatCommand/<ExecuteEnumerable>d__2:MoveNext () (at ./Library/PackageCache/com.unity.test-framework@40e262928427/UnityEngine.TestRunner/NUnitExtensions/Commands/RepeatCommand.cs:36)
0x000001e9aa268fa6 (Mono JIT Code) UnityEngine.TestTools.IgnoreTestCommand/<ExecuteEnumerable>d__3:MoveNext () (at ./Library/PackageCache/com.unity.test-framework@40e262928427/UnityEngine.TestRunner/NUnitExtensions/Commands/IgnoreTestCommand.cs:42)
0x000001e9aa267c7f (Mono JIT Code) UnityEngine.TestTools.StrictCheckCommand/<ExecuteEnumerable>d__2:MoveNext () (at ./Library/PackageCache/com.unity.test-framework@40e262928427/UnityEngine.TestRunner/NUnitExtensions/Commands/StrictCheckCommand.cs:29)
0x000001e9aa266fe1 (Mono JIT Code) UnityEngine.TestRunner.NUnitExtensions.Runner.DefaultTestWorkItem/<PerformWork>d__2:MoveNext () (at ./Library/PackageCache/com.unity.test-framework@40e262928427/UnityEngine.TestRunner/NUnitExtensions/Runner/DefaultTestWorkItem.cs:50)
0x000001e9aa255e12 (Mono JIT Code) UnityEngine.TestRunner.NUnitExtensions.Runner.CompositeWorkItem/<RunChildren>d__17:MoveNext () (at ./Library/PackageCache/com.unity.test-framework@40e262928427/UnityEngine.TestRunner/NUnitExtensions/Runner/CompositeWorkItem.cs:207)
0x000001e9aa247756 (Mono JIT Code) UnityEngine.TestRunner.NUnitExtensions.Runner.CompositeWorkItem/<PerformWork>d__13:MoveNext () (at ./Library/PackageCache/com.unity.test-framework@40e262928427/UnityEngine.TestRunner/NUnitExtensions/Runner/CompositeWorkItem.cs:82)
0x000001e9aa255e12 (Mono JIT Code) UnityEngine.TestRunner.NUnitExtensions.Runner.CompositeWorkItem/<RunChildren>d__17:MoveNext () (at ./Library/PackageCache/com.unity.test-framework@40e262928427/UnityEngine.TestRunner/NUnitExtensions/Runner/CompositeWorkItem.cs:207)
0x000001e9aa247756 (Mono JIT Code) UnityEngine.TestRunner.NUnitExtensions.Runner.CompositeWorkItem/<PerformWork>d__13:MoveNext () (at ./Library/PackageCache/com.unity.test-framework@40e262928427/UnityEngine.TestRunner/NUnitExtensions/Runner/CompositeWorkItem.cs:82)
0x000001e9aa255e12 (Mono JIT Code) UnityEngine.TestRunner.NUnitExtensions.Runner.CompositeWorkItem/<RunChildren>d__17:MoveNext () (at ./Library/PackageCache/com.unity.test-framework@40e262928427/UnityEngine.TestRunner/NUnitExtensions/Runner/CompositeWorkItem.cs:207)
0x000001e9aa247756 (Mono JIT Code) UnityEngine.TestRunner.NUnitExtensions.Runner.CompositeWorkItem/<PerformWork>d__13:MoveNext () (at ./Library/PackageCache/com.unity.test-framework@40e262928427/UnityEngine.TestRunner/NUnitExtensions/Runner/CompositeWorkItem.cs:82)
0x000001e9aa245fcc (Mono JIT Code) UnityEditor.TestTools.TestRunner.EditModeRunner:MoveNextAndUpdateYieldObject () (at ./Library/PackageCache/com.unity.test-framework@40e262928427/UnityEditor.TestRunner/TestRunner/EditModeRunner.cs:167)
0x000001e9aa245b7b (Mono JIT Code) UnityEditor.TestTools.TestRunner.EditModeRunner:TestConsumer (UnityEditor.TestTools.TestRunner.TestRunnerStateSerializer) (at ./Library/PackageCache/com.unity.test-framework@40e262928427/UnityEditor.TestRunner/TestRunner/EditModeRunner.cs:200)
0x000001e9aa23c173 (Mono JIT Code) UnityEditor.TestTools.TestRunner.TestRun.Tasks.EditModeRunTask/<Execute>d__1:MoveNext () (at ./Library/PackageCache/com.unity.test-framework@40e262928427/UnityEditor.TestRunner/TestRun/Tasks/EditModeRunTask.cs:48)
0x000001e977129d5e (Mono JIT Code) UnityEditor.TestTools.TestRunner.TestRun.TestJobRunner:ExecuteStep () (at ./Library/PackageCache/com.unity.test-framework@40e262928427/UnityEditor.TestRunner/TestRun/TestJobRunner.cs:173)
0x000001e977128953 (Mono JIT Code) UnityEditor.TestTools.TestRunner.TestRun.TestJobRunner:ExecuteCallback () (at ./Library/PackageCache/com.unity.test-framework@40e262928427/UnityEditor.TestRunner/TestRun/TestJobRunner.cs:108)
0x000001e99df821b8 (Mono JIT Code) UnityEditor.EditorApplication:Internal_CallUpdateFunctions ()
0x000001e8e6514785 (Mono JIT Code) (wrapper runtime-invoke) object:runtime_invoke_void (object,intptr,intptr,intptr)
0x00007fff3fd16e7e (mono-2.0-bdwgc) mono_jit_runtime_invoke (at C:/build/output/Unity-Technologies/mono/mono/mini/mini-runtime.c:3445)
0x00007fff3fc58874 (mono-2.0-bdwgc) do_runtime_invoke (at C:/build/output/Unity-Technologies/mono/mono/metadata/object.c:3068)
0x00007fff3fc58960 (mono-2.0-bdwgc) mono_runtime_invoke (at C:/build/output/Unity-Technologies/mono/mono/metadata/object.c:3115)
0x00007fff38e4cea4 (Unity) scripting_method_invoke
0x00007fff38e25433 (Unity) ScriptingInvocation::Invoke
0x00007fff38e20b35 (Unity) ScriptingInvocation::Invoke<void>
0x00007fff38f8b4bb (Unity) Scripting::UnityEditor::EditorApplicationProxy::Internal_CallUpdateFunctions
0x00007fff3a07e0e4 (Unity) SceneTracker::Update
0x00007fff39be1247 (Unity) Application::TickTimer
0x00007fff3a1b25ac (Unity) MainMessageLoop
0x00007fff3a1b9d1c (Unity) UnityMain
0x00007ff68b302f2a (Unity) __scrt_common_main_seh
0x00007fffddade8d7 (KERNEL32) BaseThreadInitThunk
0x00007fffde88c53c (ntdll) RtlUserThreadStart

[RecoilConfiguration] Failed to deserialize JSON: JSON parse error: Invalid value.. Returning default configuration.
0x00007fff38f222ae (Unity) StackWalker::ShowCallstack
0x00007fff38f31ee9 (Unity) PlatformStacktrace::GetStacktrace
0x00007fff3a1ac04e (Unity) Stacktrace::GetStacktrace
0x00007fff3a7859df (Unity) DebugStringToFile
0x00007fff37fd2930 (Unity) DebugLogHandler_CUSTOM_Internal_Log
0x000001e9766cbd3e (Mono JIT Code) (wrapper managed-to-native) UnityEngine.DebugLogHandler:Internal_Log_Injected (UnityEngine.LogType,UnityEngine.LogOption,UnityEngine.Bindings.ManagedSpanWrapper&,intptr)
0x000001e9766cbb43 (Mono JIT Code) UnityEngine.DebugLogHandler:Internal_Log (UnityEngine.LogType,UnityEngine.LogOption,string,UnityEngine.Object)
0x000001e9766cb7fb (Mono JIT Code) UnityEngine.DebugLogHandler:LogFormat (UnityEngine.LogType,UnityEngine.Object,string,object[])
0x000001e9766ca6ae (Mono JIT Code) UnityEngine.Logger:Log (UnityEngine.LogType,object)
0x000001e9aa2b404d (Mono JIT Code) UnityEngine.Debug:LogWarning (object)
0x000001e976d47adb (Mono JIT Code) RecoilConfiguration:FromJson (string) (at C:/Users/Ubuntu/Desktop/_DEV/AFFECT-2025-10-11/Assets/_SCRIPTS/_PLAYER/Recoil/RecoilConfiguration.cs:152)
0x000001e976d48643 (Mono JIT Code) SerializationProperties:Property16_InvalidJsonReturnsDefaultConfiguration () (at C:/Users/Ubuntu/Desktop/_DEV/AFFECT-2025-10-11/Assets/_SCRIPTS/Editor/SerializationProperties.cs:115)
0x000001e9aa264548 (Mono JIT Code) (wrapper runtime-invoke) object:runtime_invoke_void__this__ (object,intptr,intptr,intptr)
0x00007fff3fd16e7e (mono-2.0-bdwgc) mono_jit_runtime_invoke (at C:/build/output/Unity-Technologies/mono/mono/mini/mini-runtime.c:3445)
0x00007fff3fc58874 (mono-2.0-bdwgc) do_runtime_invoke (at C:/build/output/Unity-Technologies/mono/mono/metadata/object.c:3068)
0x00007fff3fc5f926 (mono-2.0-bdwgc) mono_runtime_try_invoke_array (at C:/build/output/Unity-Technologies/mono/mono/metadata/object.c:5774)
0x00007fff3fb91b81 (mono-2.0-bdwgc) ves_icall_InternalInvoke (at C:/build/output/Unity-Technologies/mono/mono/metadata/icall.c:4038)
0x00007fff3fbb7e31 (mono-2.0-bdwgc) ves_icall_InternalInvoke_raw (at C:/build/output/Unity-Technologies/mono/mono/metadata/icall-def.h:692)
0x000001e8e22b0f92 (Mono JIT Code) (wrapper managed-to-native) System.Reflection.RuntimeMethodInfo:InternalInvoke (System.Reflection.RuntimeMethodInfo,object,object[],System.Exception&)
0x000001e8e3c7ea73 (Mono JIT Code) System.Reflection.RuntimeMethodInfo:Invoke (object,System.Reflection.BindingFlags,System.Reflection.Binder,object[],System.Globalization.CultureInfo)
0x000001e8db9555ef (Mono JIT Code) System.Reflection.MethodBase:Invoke (object,object[])
0x000001e9aa26e783 (Mono JIT Code) NUnit.Framework.Internal.Reflect:InvokeMethod (System.Reflection.MethodInfo,object,object[])
0x000001e9aa2760ab (Mono JIT Code) NUnit.Framework.Internal.MethodWrapper:Invoke (object,object[])
0x000001e9aa275f8a (Mono JIT Code) NUnit.Framework.Internal.Commands.TestMethodCommand:RunNonAsyncTestMethod (NUnit.Framework.Internal.ITestExecutionContext)
0x000001e9aa275dd3 (Mono JIT Code) NUnit.Framework.Internal.Commands.TestMethodCommand:RunTestMethod (NUnit.Framework.Internal.ITestExecutionContext)
0x000001e9aa275973 (Mono JIT Code) NUnit.Framework.Internal.Commands.TestMethodCommand:Execute (NUnit.Framework.Internal.ITestExecutionContext)
0x000001e9aa27556b (Mono JIT Code) UnityEngine.TestTools.UnityTestMethodCommand:Execute (NUnit.Framework.Internal.ITestExecutionContext) (at ./Library/PackageCache/com.unity.test-framework@40e262928427/UnityEngine.TestRunner/NUnitExtensions/Commands/UnityTestMethodCommand.cs:19)
0x000001e9aa2752fb (Mono JIT Code) UnityEngine.TestRunner.NUnitExtensions.Runner.UnityLogCheckDelegatingCommand/<>c__DisplayClass2_0:<Execute>b__0 () (at ./Library/PackageCache/com.unity.test-framework@40e262928427/UnityEngine.TestRunner/NUnitExtensions/Runner/UnityLogCheckDelegatingCommand.cs:24)
0x000001e9aa275123 (Mono JIT Code) UnityEngine.TestRunner.NUnitExtensions.Runner.UnityLogCheckDelegatingCommand:CaptureException (NUnit.Framework.Internal.TestResult,System.Action) (at ./Library/PackageCache/com.unity.test-framework@40e262928427/UnityEngine.TestRunner/NUnitExtensions/Runner/UnityLogCheckDelegatingCommand.cs:72)
0x000001e9aa274fb3 (Mono JIT Code) UnityEngine.TestRunner.NUnitExtensions.Runner.UnityLogCheckDelegatingCommand:ExecuteAndCheckLog (UnityEngine.TestTools.Logging.LogScope,NUnit.Framework.Internal.TestResult,System.Action) (at ./Library/PackageCache/com.unity.test-framework@40e262928427/UnityEngine.TestRunner/NUnitExtensions/Runner/UnityLogCheckDelegatingCommand.cs:83)
0x000001e9aa274c3b (Mono JIT Code) UnityEngine.TestRunner.NUnitExtensions.Runner.UnityLogCheckDelegatingCommand:Execute (NUnit.Framework.Internal.ITestExecutionContext) (at ./Library/PackageCache/com.unity.test-framework@40e262928427/UnityEngine.TestRunner/NUnitExtensions/Runner/UnityLogCheckDelegatingCommand.cs:24)
0x000001e9aa273c19 (Mono JIT Code) UnityEngine.TestRunner.NUnitExtensions.Runner.UnityLogCheckDelegatingCommand/<ExecuteEnumerable>d__3:MoveNext () (at ./Library/PackageCache/com.unity.test-framework@40e262928427/UnityEngine.TestRunner/NUnitExtensions/Runner/UnityLogCheckDelegatingCommand.cs:35)
0x000001e9aa251e01 (Mono JIT Code) UnityEngine.TestTools.BeforeAfterTestCommandBase`1/<ExecuteEnumerable>d__16<T_REF>:MoveNext () (at ./Library/PackageCache/com.unity.test-framework@40e262928427/UnityEngine.TestRunner/NUnitExtensions/Commands/BeforeAfterTestCommandBase.cs:212)
0x000001e9aa272fb6 (Mono JIT Code) UnityEngine.TestTools.ImmediateEnumerableCommand:Execute (NUnit.Framework.Internal.ITestExecutionContext) (at ./Library/PackageCache/com.unity.test-framework@40e262928427/UnityEngine.TestRunner/NUnitExtensions/Commands/ImmediateEnumerableCommand.cs:18)
0x000001e9aa251f01 (Mono JIT Code) UnityEngine.TestTools.BeforeAfterTestCommandBase`1/<ExecuteEnumerable>d__16<T_REF>:MoveNext () (at ./Library/PackageCache/com.unity.test-framework@40e262928427/UnityEngine.TestRunner/NUnitExtensions/Commands/BeforeAfterTestCommandBase.cs:219)
0x000001e9aa251e01 (Mono JIT Code) UnityEngine.TestTools.BeforeAfterTestCommandBase`1/<ExecuteEnumerable>d__16<T_REF>:MoveNext () (at ./Library/PackageCache/com.unity.test-framework@40e262928427/UnityEngine.TestRunner/NUnitExtensions/Commands/BeforeAfterTestCommandBase.cs:212)
0x000001e9aa251e01 (Mono JIT Code) UnityEngine.TestTools.BeforeAfterTestCommandBase`1/<ExecuteEnumerable>d__16<T_REF>:MoveNext () (at ./Library/PackageCache/com.unity.test-framework@40e262928427/UnityEngine.TestRunner/NUnitExtensions/Commands/BeforeAfterTestCommandBase.cs:212)
0x000001e9aa26b457 (Mono JIT Code) UnityEngine.TestTools.RetryCommand/<ExecuteEnumerable>d__2:MoveNext () (at ./Library/PackageCache/com.unity.test-framework@40e262928427/UnityEngine.TestRunner/NUnitExtensions/Commands/RetryCommand.cs:37)
0x000001e9aa269f2f (Mono JIT Code) UnityEngine.TestTools.RepeatCommand/<ExecuteEnumerable>d__2:MoveNext () (at ./Library/PackageCache/com.unity.test-framework@40e262928427/UnityEngine.TestRunner/NUnitExtensions/Commands/RepeatCommand.cs:36)
0x000001e9aa268fa6 (Mono JIT Code) UnityEngine.TestTools.IgnoreTestCommand/<ExecuteEnumerable>d__3:MoveNext () (at ./Library/PackageCache/com.unity.test-framework@40e262928427/UnityEngine.TestRunner/NUnitExtensions/Commands/IgnoreTestCommand.cs:42)
0x000001e9aa267c7f (Mono JIT Code) UnityEngine.TestTools.StrictCheckCommand/<ExecuteEnumerable>d__2:MoveNext () (at ./Library/PackageCache/com.unity.test-framework@40e262928427/UnityEngine.TestRunner/NUnitExtensions/Commands/StrictCheckCommand.cs:29)
0x000001e9aa266fe1 (Mono JIT Code) UnityEngine.TestRunner.NUnitExtensions.Runner.DefaultTestWorkItem/<PerformWork>d__2:MoveNext () (at ./Library/PackageCache/com.unity.test-framework@40e262928427/UnityEngine.TestRunner/NUnitExtensions/Runner/DefaultTestWorkItem.cs:50)
0x000001e9aa255e12 (Mono JIT Code) UnityEngine.TestRunner.NUnitExtensions.Runner.CompositeWorkItem/<RunChildren>d__17:MoveNext () (at ./Library/PackageCache/com.unity.test-framework@40e262928427/UnityEngine.TestRunner/NUnitExtensions/Runner/CompositeWorkItem.cs:207)
0x000001e9aa247756 (Mono JIT Code) UnityEngine.TestRunner.NUnitExtensions.Runner.CompositeWorkItem/<PerformWork>d__13:MoveNext () (at ./Library/PackageCache/com.unity.test-framework@40e262928427/UnityEngine.TestRunner/NUnitExtensions/Runner/CompositeWorkItem.cs:82)
0x000001e9aa255e12 (Mono JIT Code) UnityEngine.TestRunner.NUnitExtensions.Runner.CompositeWorkItem/<RunChildren>d__17:MoveNext () (at ./Library/PackageCache/com.unity.test-framework@40e262928427/UnityEngine.TestRunner/NUnitExtensions/Runner/CompositeWorkItem.cs:207)
0x000001e9aa247756 (Mono JIT Code) UnityEngine.TestRunner.NUnitExtensions.Runner.CompositeWorkItem/<PerformWork>d__13:MoveNext () (at ./Library/PackageCache/com.unity.test-framework@40e262928427/UnityEngine.TestRunner/NUnitExtensions/Runner/CompositeWorkItem.cs:82)
0x000001e9aa255e12 (Mono JIT Code) UnityEngine.TestRunner.NUnitExtensions.Runner.CompositeWorkItem/<RunChildren>d__17:MoveNext () (at ./Library/PackageCache/com.unity.test-framework@40e262928427/UnityEngine.TestRunner/NUnitExtensions/Runner/CompositeWorkItem.cs:207)
0x000001e9aa247756 (Mono JIT Code) UnityEngine.TestRunner.NUnitExtensions.Runner.CompositeWorkItem/<PerformWork>d__13:MoveNext () (at ./Library/PackageCache/com.unity.test-framework@40e262928427/UnityEngine.TestRunner/NUnitExtensions/Runner/CompositeWorkItem.cs:82)
0x000001e9aa245fcc (Mono JIT Code) UnityEditor.TestTools.TestRunner.EditModeRunner:MoveNextAndUpdateYieldObject () (at ./Library/PackageCache/com.unity.test-framework@40e262928427/UnityEditor.TestRunner/TestRunner/EditModeRunner.cs:167)
0x000001e9aa245b7b (Mono JIT Code) UnityEditor.TestTools.TestRunner.EditModeRunner:TestConsumer (UnityEditor.TestTools.TestRunner.TestRunnerStateSerializer) (at ./Library/PackageCache/com.unity.test-framework@40e262928427/UnityEditor.TestRunner/TestRunner/EditModeRunner.cs:200)
0x000001e9aa23c173 (Mono JIT Code) UnityEditor.TestTools.TestRunner.TestRun.Tasks.EditModeRunTask/<Execute>d__1:MoveNext () (at ./Library/PackageCache/com.unity.test-framework@40e262928427/UnityEditor.TestRunner/TestRun/Tasks/EditModeRunTask.cs:48)
0x000001e977129d5e (Mono JIT Code) UnityEditor.TestTools.TestRunner.TestRun.TestJobRunner:ExecuteStep () (at ./Library/PackageCache/com.unity.test-framework@40e262928427/UnityEditor.TestRunner/TestRun/TestJobRunner.cs:173)
0x000001e977128953 (Mono JIT Code) UnityEditor.TestTools.TestRunner.TestRun.TestJobRunner:ExecuteCallback () (at ./Library/PackageCache/com.unity.test-framework@40e262928427/UnityEditor.TestRunner/TestRun/TestJobRunner.cs:108)
0x000001e99df821b8 (Mono JIT Code) UnityEditor.EditorApplication:Internal_CallUpdateFunctions ()
0x000001e8e6514785 (Mono JIT Code) (wrapper runtime-invoke) object:runtime_invoke_void (object,intptr,intptr,intptr)
0x00007fff3fd16e7e (mono-2.0-bdwgc) mono_jit_runtime_invoke (at C:/build/output/Unity-Technologies/mono/mono/mini/mini-runtime.c:3445)
0x00007fff3fc58874 (mono-2.0-bdwgc) do_runtime_invoke (at C:/build/output/Unity-Technologies/mono/mono/metadata/object.c:3068)
0x00007fff3fc58960 (mono-2.0-bdwgc) mono_runtime_invoke (at C:/build/output/Unity-Technologies/mono/mono/metadata/object.c:3115)
0x00007fff38e4cea4 (Unity) scripting_method_invoke
0x00007fff38e25433 (Unity) ScriptingInvocation::Invoke
0x00007fff38e20b35 (Unity) ScriptingInvocation::Invoke<void>
0x00007fff38f8b4bb (Unity) Scripting::UnityEditor::EditorApplicationProxy::Internal_CallUpdateFunctions
0x00007fff3a07e0e4 (Unity) SceneTracker::Update
0x00007fff39be1247 (Unity) Application::TickTimer
0x00007fff3a1b25ac (Unity) MainMessageLoop
0x00007fff3a1b9d1c (Unity) UnityMain
0x00007ff68b302f2a (Unity) __scrt_common_main_seh
0x00007fffddade8d7 (KERNEL32) BaseThreadInitThunk
0x00007fffde88c53c (ntdll) RtlUserThreadStart

[RecoilConfiguration] Failed to deserialize JSON: JSON parse error: Invalid value.. Returning default configuration.
0x00007fff38f222ae (Unity) StackWalker::ShowCallstack
0x00007fff38f31ee9 (Unity) PlatformStacktrace::GetStacktrace
0x00007fff3a1ac04e (Unity) Stacktrace::GetStacktrace
0x00007fff3a7859df (Unity) DebugStringToFile
0x00007fff37fd2930 (Unity) DebugLogHandler_CUSTOM_Internal_Log
0x000001e9766cbd3e (Mono JIT Code) (wrapper managed-to-native) UnityEngine.DebugLogHandler:Internal_Log_Injected (UnityEngine.LogType,UnityEngine.LogOption,UnityEngine.Bindings.ManagedSpanWrapper&,intptr)
0x000001e9766cbb43 (Mono JIT Code) UnityEngine.DebugLogHandler:Internal_Log (UnityEngine.LogType,UnityEngine.LogOption,string,UnityEngine.Object)
0x000001e9766cb7fb (Mono JIT Code) UnityEngine.DebugLogHandler:LogFormat (UnityEngine.LogType,UnityEngine.Object,string,object[])
0x000001e9766ca6ae (Mono JIT Code) UnityEngine.Logger:Log (UnityEngine.LogType,object)
0x000001e9aa2b404d (Mono JIT Code) UnityEngine.Debug:LogWarning (object)
0x000001e976d47adb (Mono JIT Code) RecoilConfiguration:FromJson (string) (at C:/Users/Ubuntu/Desktop/_DEV/AFFECT-2025-10-11/Assets/_SCRIPTS/_PLAYER/Recoil/RecoilConfiguration.cs:152)
0x000001e976d48643 (Mono JIT Code) SerializationProperties:Property16_InvalidJsonReturnsDefaultConfiguration () (at C:/Users/Ubuntu/Desktop/_DEV/AFFECT-2025-10-11/Assets/_SCRIPTS/Editor/SerializationProperties.cs:115)
0x000001e9aa264548 (Mono JIT Code) (wrapper runtime-invoke) object:runtime_invoke_void__this__ (object,intptr,intptr,intptr)
0x00007fff3fd16e7e (mono-2.0-bdwgc) mono_jit_runtime_invoke (at C:/build/output/Unity-Technologies/mono/mono/mini/mini-runtime.c:3445)
0x00007fff3fc58874 (mono-2.0-bdwgc) do_runtime_invoke (at C:/build/output/Unity-Technologies/mono/mono/metadata/object.c:3068)
0x00007fff3fc5f926 (mono-2.0-bdwgc) mono_runtime_try_invoke_array (at C:/build/output/Unity-Technologies/mono/mono/metadata/object.c:5774)
0x00007fff3fb91b81 (mono-2.0-bdwgc) ves_icall_InternalInvoke (at C:/build/output/Unity-Technologies/mono/mono/metadata/icall.c:4038)
0x00007fff3fbb7e31 (mono-2.0-bdwgc) ves_icall_InternalInvoke_raw (at C:/build/output/Unity-Technologies/mono/mono/metadata/icall-def.h:692)
0x000001e8e22b0f92 (Mono JIT Code) (wrapper managed-to-native) System.Reflection.RuntimeMethodInfo:InternalInvoke (System.Reflection.RuntimeMethodInfo,object,object[],System.Exception&)
0x000001e8e3c7ea73 (Mono JIT Code) System.Reflection.RuntimeMethodInfo:Invoke (object,System.Reflection.BindingFlags,System.Reflection.Binder,object[],System.Globalization.CultureInfo)
0x000001e8db9555ef (Mono JIT Code) System.Reflection.MethodBase:Invoke (object,object[])
0x000001e9aa26e783 (Mono JIT Code) NUnit.Framework.Internal.Reflect:InvokeMethod (System.Reflection.MethodInfo,object,object[])
0x000001e9aa2760ab (Mono JIT Code) NUnit.Framework.Internal.MethodWrapper:Invoke (object,object[])
0x000001e9aa275f8a (Mono JIT Code) NUnit.Framework.Internal.Commands.TestMethodCommand:RunNonAsyncTestMethod (NUnit.Framework.Internal.ITestExecutionContext)
0x000001e9aa275dd3 (Mono JIT Code) NUnit.Framework.Internal.Commands.TestMethodCommand:RunTestMethod (NUnit.Framework.Internal.ITestExecutionContext)
0x000001e9aa275973 (Mono JIT Code) NUnit.Framework.Internal.Commands.TestMethodCommand:Execute (NUnit.Framework.Internal.ITestExecutionContext)
0x000001e9aa27556b (Mono JIT Code) UnityEngine.TestTools.UnityTestMethodCommand:Execute (NUnit.Framework.Internal.ITestExecutionContext) (at ./Library/PackageCache/com.unity.test-framework@40e262928427/UnityEngine.TestRunner/NUnitExtensions/Commands/UnityTestMethodCommand.cs:19)
0x000001e9aa2752fb (Mono JIT Code) UnityEngine.TestRunner.NUnitExtensions.Runner.UnityLogCheckDelegatingCommand/<>c__DisplayClass2_0:<Execute>b__0 () (at ./Library/PackageCache/com.unity.test-framework@40e262928427/UnityEngine.TestRunner/NUnitExtensions/Runner/UnityLogCheckDelegatingCommand.cs:24)
0x000001e9aa275123 (Mono JIT Code) UnityEngine.TestRunner.NUnitExtensions.Runner.UnityLogCheckDelegatingCommand:CaptureException (NUnit.Framework.Internal.TestResult,System.Action) (at ./Library/PackageCache/com.unity.test-framework@40e262928427/UnityEngine.TestRunner/NUnitExtensions/Runner/UnityLogCheckDelegatingCommand.cs:72)
0x000001e9aa274fb3 (Mono JIT Code) UnityEngine.TestRunner.NUnitExtensions.Runner.UnityLogCheckDelegatingCommand:ExecuteAndCheckLog (UnityEngine.TestTools.Logging.LogScope,NUnit.Framework.Internal.TestResult,System.Action) (at ./Library/PackageCache/com.unity.test-framework@40e262928427/UnityEngine.TestRunner/NUnitExtensions/Runner/UnityLogCheckDelegatingCommand.cs:83)
0x000001e9aa274c3b (Mono JIT Code) UnityEngine.TestRunner.NUnitExtensions.Runner.UnityLogCheckDelegatingCommand:Execute (NUnit.Framework.Internal.ITestExecutionContext) (at ./Library/PackageCache/com.unity.test-framework@40e262928427/UnityEngine.TestRunner/NUnitExtensions/Runner/UnityLogCheckDelegatingCommand.cs:24)
0x000001e9aa273c19 (Mono JIT Code) UnityEngine.TestRunner.NUnitExtensions.Runner.UnityLogCheckDelegatingCommand/<ExecuteEnumerable>d__3:MoveNext () (at ./Library/PackageCache/com.unity.test-framework@40e262928427/UnityEngine.TestRunner/NUnitExtensions/Runner/UnityLogCheckDelegatingCommand.cs:35)
0x000001e9aa251e01 (Mono JIT Code) UnityEngine.TestTools.BeforeAfterTestCommandBase`1/<ExecuteEnumerable>d__16<T_REF>:MoveNext () (at ./Library/PackageCache/com.unity.test-framework@40e262928427/UnityEngine.TestRunner/NUnitExtensions/Commands/BeforeAfterTestCommandBase.cs:212)
0x000001e9aa272fb6 (Mono JIT Code) UnityEngine.TestTools.ImmediateEnumerableCommand:Execute (NUnit.Framework.Internal.ITestExecutionContext) (at ./Library/PackageCache/com.unity.test-framework@40e262928427/UnityEngine.TestRunner/NUnitExtensions/Commands/ImmediateEnumerableCommand.cs:18)
0x000001e9aa251f01 (Mono JIT Code) UnityEngine.TestTools.BeforeAfterTestCommandBase`1/<ExecuteEnumerable>d__16<T_REF>:MoveNext () (at ./Library/PackageCache/com.unity.test-framework@40e262928427/UnityEngine.TestRunner/NUnitExtensions/Commands/BeforeAfterTestCommandBase.cs:219)
0x000001e9aa251e01 (Mono JIT Code) UnityEngine.TestTools.BeforeAfterTestCommandBase`1/<ExecuteEnumerable>d__16<T_REF>:MoveNext () (at ./Library/PackageCache/com.unity.test-framework@40e262928427/UnityEngine.TestRunner/NUnitExtensions/Commands/BeforeAfterTestCommandBase.cs:212)
0x000001e9aa251e01 (Mono JIT Code) UnityEngine.TestTools.BeforeAfterTestCommandBase`1/<ExecuteEnumerable>d__16<T_REF>:MoveNext () (at ./Library/PackageCache/com.unity.test-framework@40e262928427/UnityEngine.TestRunner/NUnitExtensions/Commands/BeforeAfterTestCommandBase.cs:212)
0x000001e9aa26b457 (Mono JIT Code) UnityEngine.TestTools.RetryCommand/<ExecuteEnumerable>d__2:MoveNext () (at ./Library/PackageCache/com.unity.test-framework@40e262928427/UnityEngine.TestRunner/NUnitExtensions/Commands/RetryCommand.cs:37)
0x000001e9aa269f2f (Mono JIT Code) UnityEngine.TestTools.RepeatCommand/<ExecuteEnumerable>d__2:MoveNext () (at ./Library/PackageCache/com.unity.test-framework@40e262928427/UnityEngine.TestRunner/NUnitExtensions/Commands/RepeatCommand.cs:36)
0x000001e9aa268fa6 (Mono JIT Code) UnityEngine.TestTools.IgnoreTestCommand/<ExecuteEnumerable>d__3:MoveNext () (at ./Library/PackageCache/com.unity.test-framework@40e262928427/UnityEngine.TestRunner/NUnitExtensions/Commands/IgnoreTestCommand.cs:42)
0x000001e9aa267c7f (Mono JIT Code) UnityEngine.TestTools.StrictCheckCommand/<ExecuteEnumerable>d__2:MoveNext () (at ./Library/PackageCache/com.unity.test-framework@40e262928427/UnityEngine.TestRunner/NUnitExtensions/Commands/StrictCheckCommand.cs:29)
0x000001e9aa266fe1 (Mono JIT Code) UnityEngine.TestRunner.NUnitExtensions.Runner.DefaultTestWorkItem/<PerformWork>d__2:MoveNext () (at ./Library/PackageCache/com.unity.test-framework@40e262928427/UnityEngine.TestRunner/NUnitExtensions/Runner/DefaultTestWorkItem.cs:50)
0x000001e9aa255e12 (Mono JIT Code) UnityEngine.TestRunner.NUnitExtensions.Runner.CompositeWorkItem/<RunChildren>d__17:MoveNext () (at ./Library/PackageCache/com.unity.test-framework@40e262928427/UnityEngine.TestRunner/NUnitExtensions/Runner/CompositeWorkItem.cs:207)
0x000001e9aa247756 (Mono JIT Code) UnityEngine.TestRunner.NUnitExtensions.Runner.CompositeWorkItem/<PerformWork>d__13:MoveNext () (at ./Library/PackageCache/com.unity.test-framework@40e262928427/UnityEngine.TestRunner/NUnitExtensions/Runner/CompositeWorkItem.cs:82)
0x000001e9aa255e12 (Mono JIT Code) UnityEngine.TestRunner.NUnitExtensions.Runner.CompositeWorkItem/<RunChildren>d__17:MoveNext () (at ./Library/PackageCache/com.unity.test-framework@40e262928427/UnityEngine.TestRunner/NUnitExtensions/Runner/CompositeWorkItem.cs:207)
0x000001e9aa247756 (Mono JIT Code) UnityEngine.TestRunner.NUnitExtensions.Runner.CompositeWorkItem/<PerformWork>d__13:MoveNext () (at ./Library/PackageCache/com.unity.test-framework@40e262928427/UnityEngine.TestRunner/NUnitExtensions/Runner/CompositeWorkItem.cs:82)
0x000001e9aa255e12 (Mono JIT Code) UnityEngine.TestRunner.NUnitExtensions.Runner.CompositeWorkItem/<RunChildren>d__17:MoveNext () (at ./Library/PackageCache/com.unity.test-framework@40e262928427/UnityEngine.TestRunner/NUnitExtensions/Runner/CompositeWorkItem.cs:207)
0x000001e9aa247756 (Mono JIT Code) UnityEngine.TestRunner.NUnitExtensions.Runner.CompositeWorkItem/<PerformWork>d__13:MoveNext () (at ./Library/PackageCache/com.unity.test-framework@40e262928427/UnityEngine.TestRunner/NUnitExtensions/Runner/CompositeWorkItem.cs:82)
0x000001e9aa245fcc (Mono JIT Code) UnityEditor.TestTools.TestRunner.EditModeRunner:MoveNextAndUpdateYieldObject () (at ./Library/PackageCache/com.unity.test-framework@40e262928427/UnityEditor.TestRunner/TestRunner/EditModeRunner.cs:167)
0x000001e9aa245b7b (Mono JIT Code) UnityEditor.TestTools.TestRunner.EditModeRunner:TestConsumer (UnityEditor.TestTools.TestRunner.TestRunnerStateSerializer) (at ./Library/PackageCache/com.unity.test-framework@40e262928427/UnityEditor.TestRunner/TestRunner/EditModeRunner.cs:200)
0x000001e9aa23c173 (Mono JIT Code) UnityEditor.TestTools.TestRunner.TestRun.Tasks.EditModeRunTask/<Execute>d__1:MoveNext () (at ./Library/PackageCache/com.unity.test-framework@40e262928427/UnityEditor.TestRunner/TestRun/Tasks/EditModeRunTask.cs:48)
0x000001e977129d5e (Mono JIT Code) UnityEditor.TestTools.TestRunner.TestRun.TestJobRunner:ExecuteStep () (at ./Library/PackageCache/com.unity.test-framework@40e262928427/UnityEditor.TestRunner/TestRun/TestJobRunner.cs:173)
0x000001e977128953 (Mono JIT Code) UnityEditor.TestTools.TestRunner.TestRun.TestJobRunner:ExecuteCallback () (at ./Library/PackageCache/com.unity.test-framework@40e262928427/UnityEditor.TestRunner/TestRun/TestJobRunner.cs:108)
0x000001e99df821b8 (Mono JIT Code) UnityEditor.EditorApplication:Internal_CallUpdateFunctions ()
0x000001e8e6514785 (Mono JIT Code) (wrapper runtime-invoke) object:runtime_invoke_void (object,intptr,intptr,intptr)
0x00007fff3fd16e7e (mono-2.0-bdwgc) mono_jit_runtime_invoke (at C:/build/output/Unity-Technologies/mono/mono/mini/mini-runtime.c:3445)
0x00007fff3fc58874 (mono-2.0-bdwgc) do_runtime_invoke (at C:/build/output/Unity-Technologies/mono/mono/metadata/object.c:3068)
0x00007fff3fc58960 (mono-2.0-bdwgc) mono_runtime_invoke (at C:/build/output/Unity-Technologies/mono/mono/metadata/object.c:3115)
0x00007fff38e4cea4 (Unity) scripting_method_invoke
0x00007fff38e25433 (Unity) ScriptingInvocation::Invoke
0x00007fff38e20b35 (Unity) ScriptingInvocation::Invoke<void>
0x00007fff38f8b4bb (Unity) Scripting::UnityEditor::EditorApplicationProxy::Internal_CallUpdateFunctions
0x00007fff3a07e0e4 (Unity) SceneTracker::Update
0x00007fff39be1247 (Unity) Application::TickTimer
0x00007fff3a1b25ac (Unity) MainMessageLoop
0x00007fff3a1b9d1c (Unity) UnityMain
0x00007ff68b302f2a (Unity) __scrt_common_main_seh
0x00007fffddade8d7 (KERNEL32) BaseThreadInitThunk
0x00007fffde88c53c (ntdll) RtlUserThreadStart

[RecoilConfiguration] Empty or null JSON provided, returning default configuration.
0x00007fff38f222ae (Unity) StackWalker::ShowCallstack
0x00007fff38f31ee9 (Unity) PlatformStacktrace::GetStacktrace
0x00007fff3a1ac04e (Unity) Stacktrace::GetStacktrace
0x00007fff3a7859df (Unity) DebugStringToFile
0x00007fff37fd2930 (Unity) DebugLogHandler_CUSTOM_Internal_Log
0x000001e9766cbd3e (Mono JIT Code) (wrapper managed-to-native) UnityEngine.DebugLogHandler:Internal_Log_Injected (UnityEngine.LogType,UnityEngine.LogOption,UnityEngine.Bindings.ManagedSpanWrapper&,intptr)
0x000001e9766cbb43 (Mono JIT Code) UnityEngine.DebugLogHandler:Internal_Log (UnityEngine.LogType,UnityEngine.LogOption,string,UnityEngine.Object)
0x000001e9766cb7fb (Mono JIT Code) UnityEngine.DebugLogHandler:LogFormat (UnityEngine.LogType,UnityEngine.Object,string,object[])
0x000001e9766ca6ae (Mono JIT Code) UnityEngine.Logger:Log (UnityEngine.LogType,object)
0x000001e9aa2b404d (Mono JIT Code) UnityEngine.Debug:LogWarning (object)
0x000001e976d477fb (Mono JIT Code) RecoilConfiguration:FromJson (string) (at C:/Users/Ubuntu/Desktop/_DEV/AFFECT-2025-10-11/Assets/_SCRIPTS/_PLAYER/Recoil/RecoilConfiguration.cs:136)
0x000001e976d48643 (Mono JIT Code) SerializationProperties:Property16_InvalidJsonReturnsDefaultConfiguration () (at C:/Users/Ubuntu/Desktop/_DEV/AFFECT-2025-10-11/Assets/_SCRIPTS/Editor/SerializationProperties.cs:115)
0x000001e9aa264548 (Mono JIT Code) (wrapper runtime-invoke) object:runtime_invoke_void__this__ (object,intptr,intptr,intptr)
0x00007fff3fd16e7e (mono-2.0-bdwgc) mono_jit_runtime_invoke (at C:/build/output/Unity-Technologies/mono/mono/mini/mini-runtime.c:3445)
0x00007fff3fc58874 (mono-2.0-bdwgc) do_runtime_invoke (at C:/build/output/Unity-Technologies/mono/mono/metadata/object.c:3068)
0x00007fff3fc5f926 (mono-2.0-bdwgc) mono_runtime_try_invoke_array (at C:/build/output/Unity-Technologies/mono/mono/metadata/object.c:5774)
0x00007fff3fb91b81 (mono-2.0-bdwgc) ves_icall_InternalInvoke (at C:/build/output/Unity-Technologies/mono/mono/metadata/icall.c:4038)
0x00007fff3fbb7e31 (mono-2.0-bdwgc) ves_icall_InternalInvoke_raw (at C:/build/output/Unity-Technologies/mono/mono/metadata/icall-def.h:692)
0x000001e8e22b0f92 (Mono JIT Code) (wrapper managed-to-native) System.Reflection.RuntimeMethodInfo:InternalInvoke (System.Reflection.RuntimeMethodInfo,object,object[],System.Exception&)
0x000001e8e3c7ea73 (Mono JIT Code) System.Reflection.RuntimeMethodInfo:Invoke (object,System.Reflection.BindingFlags,System.Reflection.Binder,object[],System.Globalization.CultureInfo)
0x000001e8db9555ef (Mono JIT Code) System.Reflection.MethodBase:Invoke (object,object[])
0x000001e9aa26e783 (Mono JIT Code) NUnit.Framework.Internal.Reflect:InvokeMethod (System.Reflection.MethodInfo,object,object[])
0x000001e9aa2760ab (Mono JIT Code) NUnit.Framework.Internal.MethodWrapper:Invoke (object,object[])
0x000001e9aa275f8a (Mono JIT Code) NUnit.Framework.Internal.Commands.TestMethodCommand:RunNonAsyncTestMethod (NUnit.Framework.Internal.ITestExecutionContext)
0x000001e9aa275dd3 (Mono JIT Code) NUnit.Framework.Internal.Commands.TestMethodCommand:RunTestMethod (NUnit.Framework.Internal.ITestExecutionContext)
0x000001e9aa275973 (Mono JIT Code) NUnit.Framework.Internal.Commands.TestMethodCommand:Execute (NUnit.Framework.Internal.ITestExecutionContext)
0x000001e9aa27556b (Mono JIT Code) UnityEngine.TestTools.UnityTestMethodCommand:Execute (NUnit.Framework.Internal.ITestExecutionContext) (at ./Library/PackageCache/com.unity.test-framework@40e262928427/UnityEngine.TestRunner/NUnitExtensions/Commands/UnityTestMethodCommand.cs:19)
0x000001e9aa2752fb (Mono JIT Code) UnityEngine.TestRunner.NUnitExtensions.Runner.UnityLogCheckDelegatingCommand/<>c__DisplayClass2_0:<Execute>b__0 () (at ./Library/PackageCache/com.unity.test-framework@40e262928427/UnityEngine.TestRunner/NUnitExtensions/Runner/UnityLogCheckDelegatingCommand.cs:24)
0x000001e9aa275123 (Mono JIT Code) UnityEngine.TestRunner.NUnitExtensions.Runner.UnityLogCheckDelegatingCommand:CaptureException (NUnit.Framework.Internal.TestResult,System.Action) (at ./Library/PackageCache/com.unity.test-framework@40e262928427/UnityEngine.TestRunner/NUnitExtensions/Runner/UnityLogCheckDelegatingCommand.cs:72)
0x000001e9aa274fb3 (Mono JIT Code) UnityEngine.TestRunner.NUnitExtensions.Runner.UnityLogCheckDelegatingCommand:ExecuteAndCheckLog (UnityEngine.TestTools.Logging.LogScope,NUnit.Framework.Internal.TestResult,System.Action) (at ./Library/PackageCache/com.unity.test-framework@40e262928427/UnityEngine.TestRunner/NUnitExtensions/Runner/UnityLogCheckDelegatingCommand.cs:83)
0x000001e9aa274c3b (Mono JIT Code) UnityEngine.TestRunner.NUnitExtensions.Runner.UnityLogCheckDelegatingCommand:Execute (NUnit.Framework.Internal.ITestExecutionContext) (at ./Library/PackageCache/com.unity.test-framework@40e262928427/UnityEngine.TestRunner/NUnitExtensions/Runner/UnityLogCheckDelegatingCommand.cs:24)
0x000001e9aa273c19 (Mono JIT Code) UnityEngine.TestRunner.NUnitExtensions.Runner.UnityLogCheckDelegatingCommand/<ExecuteEnumerable>d__3:MoveNext () (at ./Library/PackageCache/com.unity.test-framework@40e262928427/UnityEngine.TestRunner/NUnitExtensions/Runner/UnityLogCheckDelegatingCommand.cs:35)
0x000001e9aa251e01 (Mono JIT Code) UnityEngine.TestTools.BeforeAfterTestCommandBase`1/<ExecuteEnumerable>d__16<T_REF>:MoveNext () (at ./Library/PackageCache/com.unity.test-framework@40e262928427/UnityEngine.TestRunner/NUnitExtensions/Commands/BeforeAfterTestCommandBase.cs:212)
0x000001e9aa272fb6 (Mono JIT Code) UnityEngine.TestTools.ImmediateEnumerableCommand:Execute (NUnit.Framework.Internal.ITestExecutionContext) (at ./Library/PackageCache/com.unity.test-framework@40e262928427/UnityEngine.TestRunner/NUnitExtensions/Commands/ImmediateEnumerableCommand.cs:18)
0x000001e9aa251f01 (Mono JIT Code) UnityEngine.TestTools.BeforeAfterTestCommandBase`1/<ExecuteEnumerable>d__16<T_REF>:MoveNext () (at ./Library/PackageCache/com.unity.test-framework@40e262928427/UnityEngine.TestRunner/NUnitExtensions/Commands/BeforeAfterTestCommandBase.cs:219)
0x000001e9aa251e01 (Mono JIT Code) UnityEngine.TestTools.BeforeAfterTestCommandBase`1/<ExecuteEnumerable>d__16<T_REF>:MoveNext () (at ./Library/PackageCache/com.unity.test-framework@40e262928427/UnityEngine.TestRunner/NUnitExtensions/Commands/BeforeAfterTestCommandBase.cs:212)
0x000001e9aa251e01 (Mono JIT Code) UnityEngine.TestTools.BeforeAfterTestCommandBase`1/<ExecuteEnumerable>d__16<T_REF>:MoveNext () (at ./Library/PackageCache/com.unity.test-framework@40e262928427/UnityEngine.TestRunner/NUnitExtensions/Commands/BeforeAfterTestCommandBase.cs:212)
0x000001e9aa26b457 (Mono JIT Code) UnityEngine.TestTools.RetryCommand/<ExecuteEnumerable>d__2:MoveNext () (at ./Library/PackageCache/com.unity.test-framework@40e262928427/UnityEngine.TestRunner/NUnitExtensions/Commands/RetryCommand.cs:37)
0x000001e9aa269f2f (Mono JIT Code) UnityEngine.TestTools.RepeatCommand/<ExecuteEnumerable>d__2:MoveNext () (at ./Library/PackageCache/com.unity.test-framework@40e262928427/UnityEngine.TestRunner/NUnitExtensions/Commands/RepeatCommand.cs:36)
0x000001e9aa268fa6 (Mono JIT Code) UnityEngine.TestTools.IgnoreTestCommand/<ExecuteEnumerable>d__3:MoveNext () (at ./Library/PackageCache/com.unity.test-framework@40e262928427/UnityEngine.TestRunner/NUnitExtensions/Commands/IgnoreTestCommand.cs:42)
0x000001e9aa267c7f (Mono JIT Code) UnityEngine.TestTools.StrictCheckCommand/<ExecuteEnumerable>d__2:MoveNext () (at ./Library/PackageCache/com.unity.test-framework@40e262928427/UnityEngine.TestRunner/NUnitExtensions/Commands/StrictCheckCommand.cs:29)
0x000001e9aa266fe1 (Mono JIT Code) UnityEngine.TestRunner.NUnitExtensions.Runner.DefaultTestWorkItem/<PerformWork>d__2:MoveNext () (at ./Library/PackageCache/com.unity.test-framework@40e262928427/UnityEngine.TestRunner/NUnitExtensions/Runner/DefaultTestWorkItem.cs:50)
0x000001e9aa255e12 (Mono JIT Code) UnityEngine.TestRunner.NUnitExtensions.Runner.CompositeWorkItem/<RunChildren>d__17:MoveNext () (at ./Library/PackageCache/com.unity.test-framework@40e262928427/UnityEngine.TestRunner/NUnitExtensions/Runner/CompositeWorkItem.cs:207)
0x000001e9aa247756 (Mono JIT Code) UnityEngine.TestRunner.NUnitExtensions.Runner.CompositeWorkItem/<PerformWork>d__13:MoveNext () (at ./Library/PackageCache/com.unity.test-framework@40e262928427/UnityEngine.TestRunner/NUnitExtensions/Runner/CompositeWorkItem.cs:82)
0x000001e9aa255e12 (Mono JIT Code) UnityEngine.TestRunner.NUnitExtensions.Runner.CompositeWorkItem/<RunChildren>d__17:MoveNext () (at ./Library/PackageCache/com.unity.test-framework@40e262928427/UnityEngine.TestRunner/NUnitExtensions/Runner/CompositeWorkItem.cs:207)
0x000001e9aa247756 (Mono JIT Code) UnityEngine.TestRunner.NUnitExtensions.Runner.CompositeWorkItem/<PerformWork>d__13:MoveNext () (at ./Library/PackageCache/com.unity.test-framework@40e262928427/UnityEngine.TestRunner/NUnitExtensions/Runner/CompositeWorkItem.cs:82)
0x000001e9aa255e12 (Mono JIT Code) UnityEngine.TestRunner.NUnitExtensions.Runner.CompositeWorkItem/<RunChildren>d__17:MoveNext () (at ./Library/PackageCache/com.unity.test-framework@40e262928427/UnityEngine.TestRunner/NUnitExtensions/Runner/CompositeWorkItem.cs:207)
0x000001e9aa247756 (Mono JIT Code) UnityEngine.TestRunner.NUnitExtensions.Runner.CompositeWorkItem/<PerformWork>d__13:MoveNext () (at ./Library/PackageCache/com.unity.test-framework@40e262928427/UnityEngine.TestRunner/NUnitExtensions/Runner/CompositeWorkItem.cs:82)
0x000001e9aa245fcc (Mono JIT Code) UnityEditor.TestTools.TestRunner.EditModeRunner:MoveNextAndUpdateYieldObject () (at ./Library/PackageCache/com.unity.test-framework@40e262928427/UnityEditor.TestRunner/TestRunner/EditModeRunner.cs:167)
0x000001e9aa245b7b (Mono JIT Code) UnityEditor.TestTools.TestRunner.EditModeRunner:TestConsumer (UnityEditor.TestTools.TestRunner.TestRunnerStateSerializer) (at ./Library/PackageCache/com.unity.test-framework@40e262928427/UnityEditor.TestRunner/TestRunner/EditModeRunner.cs:200)
0x000001e9aa23c173 (Mono JIT Code) UnityEditor.TestTools.TestRunner.TestRun.Tasks.EditModeRunTask/<Execute>d__1:MoveNext () (at ./Library/PackageCache/com.unity.test-framework@40e262928427/UnityEditor.TestRunner/TestRun/Tasks/EditModeRunTask.cs:48)
0x000001e977129d5e (Mono JIT Code) UnityEditor.TestTools.TestRunner.TestRun.TestJobRunner:ExecuteStep () (at ./Library/PackageCache/com.unity.test-framework@40e262928427/UnityEditor.TestRunner/TestRun/TestJobRunner.cs:173)
0x000001e977128953 (Mono JIT Code) UnityEditor.TestTools.TestRunner.TestRun.TestJobRunner:ExecuteCallback () (at ./Library/PackageCache/com.unity.test-framework@40e262928427/UnityEditor.TestRunner/TestRun/TestJobRunner.cs:108)
0x000001e99df821b8 (Mono JIT Code) UnityEditor.EditorApplication:Internal_CallUpdateFunctions ()
0x000001e8e6514785 (Mono JIT Code) (wrapper runtime-invoke) object:runtime_invoke_void (object,intptr,intptr,intptr)
0x00007fff3fd16e7e (mono-2.0-bdwgc) mono_jit_runtime_invoke (at C:/build/output/Unity-Technologies/mono/mono/mini/mini-runtime.c:3445)
0x00007fff3fc58874 (mono-2.0-bdwgc) do_runtime_invoke (at C:/build/output/Unity-Technologies/mono/mono/metadata/object.c:3068)
0x00007fff3fc58960 (mono-2.0-bdwgc) mono_runtime_invoke (at C:/build/output/Unity-Technologies/mono/mono/metadata/object.c:3115)
0x00007fff38e4cea4 (Unity) scripting_method_invoke
0x00007fff38e25433 (Unity) ScriptingInvocation::Invoke
0x00007fff38e20b35 (Unity) ScriptingInvocation::Invoke<void>
0x00007fff38f8b4bb (Unity) Scripting::UnityEditor::EditorApplicationProxy::Internal_CallUpdateFunctions
0x00007fff3a07e0e4 (Unity) SceneTracker::Update
0x00007fff39be1247 (Unity) Application::TickTimer
0x00007fff3a1b25ac (Unity) MainMessageLoop
0x00007fff3a1b9d1c (Unity) UnityMain
0x00007ff68b302f2a (Unity) __scrt_common_main_seh
0x00007fffddade8d7 (KERNEL32) BaseThreadInitThunk
0x00007fffde88c53c (ntdll) RtlUserThreadStart

[RecoilConfiguration] Failed to deserialize JSON: JSON parse error: Invalid value.. Returning default configuration.
0x00007fff38f222ae (Unity) StackWalker::ShowCallstack
0x00007fff38f31ee9 (Unity) PlatformStacktrace::GetStacktrace
0x00007fff3a1ac04e (Unity) Stacktrace::GetStacktrace
0x00007fff3a7859df (Unity) DebugStringToFile
0x00007fff37fd2930 (Unity) DebugLogHandler_CUSTOM_Internal_Log
0x000001e9766cbd3e (Mono JIT Code) (wrapper managed-to-native) UnityEngine.DebugLogHandler:Internal_Log_Injected (UnityEngine.LogType,UnityEngine.LogOption,UnityEngine.Bindings.ManagedSpanWrapper&,intptr)
0x000001e9766cbb43 (Mono JIT Code) UnityEngine.DebugLogHandler:Internal_Log (UnityEngine.LogType,UnityEngine.LogOption,string,UnityEngine.Object)
0x000001e9766cb7fb (Mono JIT Code) UnityEngine.DebugLogHandler:LogFormat (UnityEngine.LogType,UnityEngine.Object,string,object[])
0x000001e9766ca6ae (Mono JIT Code) UnityEngine.Logger:Log (UnityEngine.LogType,object)
0x000001e9aa2b404d (Mono JIT Code) UnityEngine.Debug:LogWarning (object)
0x000001e976d47adb (Mono JIT Code) RecoilConfiguration:FromJson (string) (at C:/Users/Ubuntu/Desktop/_DEV/AFFECT-2025-10-11/Assets/_SCRIPTS/_PLAYER/Recoil/RecoilConfiguration.cs:152)
0x000001e976d48643 (Mono JIT Code) SerializationProperties:Property16_InvalidJsonReturnsDefaultConfiguration () (at C:/Users/Ubuntu/Desktop/_DEV/AFFECT-2025-10-11/Assets/_SCRIPTS/Editor/SerializationProperties.cs:115)
0x000001e9aa264548 (Mono JIT Code) (wrapper runtime-invoke) object:runtime_invoke_void__this__ (object,intptr,intptr,intptr)
0x00007fff3fd16e7e (mono-2.0-bdwgc) mono_jit_runtime_invoke (at C:/build/output/Unity-Technologies/mono/mono/mini/mini-runtime.c:3445)
0x00007fff3fc58874 (mono-2.0-bdwgc) do_runtime_invoke (at C:/build/output/Unity-Technologies/mono/mono/metadata/object.c:3068)
0x00007fff3fc5f926 (mono-2.0-bdwgc) mono_runtime_try_invoke_array (at C:/build/output/Unity-Technologies/mono/mono/metadata/object.c:5774)
0x00007fff3fb91b81 (mono-2.0-bdwgc) ves_icall_InternalInvoke (at C:/build/output/Unity-Technologies/mono/mono/metadata/icall.c:4038)
0x00007fff3fbb7e31 (mono-2.0-bdwgc) ves_icall_InternalInvoke_raw (at C:/build/output/Unity-Technologies/mono/mono/metadata/icall-def.h:692)
0x000001e8e22b0f92 (Mono JIT Code) (wrapper managed-to-native) System.Reflection.RuntimeMethodInfo:InternalInvoke (System.Reflection.RuntimeMethodInfo,object,object[],System.Exception&)
0x000001e8e3c7ea73 (Mono JIT Code) System.Reflection.RuntimeMethodInfo:Invoke (object,System.Reflection.BindingFlags,System.Reflection.Binder,object[],System.Globalization.CultureInfo)
0x000001e8db9555ef (Mono JIT Code) System.Reflection.MethodBase:Invoke (object,object[])
0x000001e9aa26e783 (Mono JIT Code) NUnit.Framework.Internal.Reflect:InvokeMethod (System.Reflection.MethodInfo,object,object[])
0x000001e9aa2760ab (Mono JIT Code) NUnit.Framework.Internal.MethodWrapper:Invoke (object,object[])
0x000001e9aa275f8a (Mono JIT Code) NUnit.Framework.Internal.Commands.TestMethodCommand:RunNonAsyncTestMethod (NUnit.Framework.Internal.ITestExecutionContext)
0x000001e9aa275dd3 (Mono JIT Code) NUnit.Framework.Internal.Commands.TestMethodCommand:RunTestMethod (NUnit.Framework.Internal.ITestExecutionContext)
0x000001e9aa275973 (Mono JIT Code) NUnit.Framework.Internal.Commands.TestMethodCommand:Execute (NUnit.Framework.Internal.ITestExecutionContext)
0x000001e9aa27556b (Mono JIT Code) UnityEngine.TestTools.UnityTestMethodCommand:Execute (NUnit.Framework.Internal.ITestExecutionContext) (at ./Library/PackageCache/com.unity.test-framework@40e262928427/UnityEngine.TestRunner/NUnitExtensions/Commands/UnityTestMethodCommand.cs:19)
0x000001e9aa2752fb (Mono JIT Code) UnityEngine.TestRunner.NUnitExtensions.Runner.UnityLogCheckDelegatingCommand/<>c__DisplayClass2_0:<Execute>b__0 () (at ./Library/PackageCache/com.unity.test-framework@40e262928427/UnityEngine.TestRunner/NUnitExtensions/Runner/UnityLogCheckDelegatingCommand.cs:24)
0x000001e9aa275123 (Mono JIT Code) UnityEngine.TestRunner.NUnitExtensions.Runner.UnityLogCheckDelegatingCommand:CaptureException (NUnit.Framework.Internal.TestResult,System.Action) (at ./Library/PackageCache/com.unity.test-framework@40e262928427/UnityEngine.TestRunner/NUnitExtensions/Runner/UnityLogCheckDelegatingCommand.cs:72)
0x000001e9aa274fb3 (Mono JIT Code) UnityEngine.TestRunner.NUnitExtensions.Runner.UnityLogCheckDelegatingCommand:ExecuteAndCheckLog (UnityEngine.TestTools.Logging.LogScope,NUnit.Framework.Internal.TestResult,System.Action) (at ./Library/PackageCache/com.unity.test-framework@40e262928427/UnityEngine.TestRunner/NUnitExtensions/Runner/UnityLogCheckDelegatingCommand.cs:83)
0x000001e9aa274c3b (Mono JIT Code) UnityEngine.TestRunner.NUnitExtensions.Runner.UnityLogCheckDelegatingCommand:Execute (NUnit.Framework.Internal.ITestExecutionContext) (at ./Library/PackageCache/com.unity.test-framework@40e262928427/UnityEngine.TestRunner/NUnitExtensions/Runner/UnityLogCheckDelegatingCommand.cs:24)
0x000001e9aa273c19 (Mono JIT Code) UnityEngine.TestRunner.NUnitExtensions.Runner.UnityLogCheckDelegatingCommand/<ExecuteEnumerable>d__3:MoveNext () (at ./Library/PackageCache/com.unity.test-framework@40e262928427/UnityEngine.TestRunner/NUnitExtensions/Runner/UnityLogCheckDelegatingCommand.cs:35)
0x000001e9aa251e01 (Mono JIT Code) UnityEngine.TestTools.BeforeAfterTestCommandBase`1/<ExecuteEnumerable>d__16<T_REF>:MoveNext () (at ./Library/PackageCache/com.unity.test-framework@40e262928427/UnityEngine.TestRunner/NUnitExtensions/Commands/BeforeAfterTestCommandBase.cs:212)
0x000001e9aa272fb6 (Mono JIT Code) UnityEngine.TestTools.ImmediateEnumerableCommand:Execute (NUnit.Framework.Internal.ITestExecutionContext) (at ./Library/PackageCache/com.unity.test-framework@40e262928427/UnityEngine.TestRunner/NUnitExtensions/Commands/ImmediateEnumerableCommand.cs:18)
0x000001e9aa251f01 (Mono JIT Code) UnityEngine.TestTools.BeforeAfterTestCommandBase`1/<ExecuteEnumerable>d__16<T_REF>:MoveNext () (at ./Library/PackageCache/com.unity.test-framework@40e262928427/UnityEngine.TestRunner/NUnitExtensions/Commands/BeforeAfterTestCommandBase.cs:219)
0x000001e9aa251e01 (Mono JIT Code) UnityEngine.TestTools.BeforeAfterTestCommandBase`1/<ExecuteEnumerable>d__16<T_REF>:MoveNext () (at ./Library/PackageCache/com.unity.test-framework@40e262928427/UnityEngine.TestRunner/NUnitExtensions/Commands/BeforeAfterTestCommandBase.cs:212)
0x000001e9aa251e01 (Mono JIT Code) UnityEngine.TestTools.BeforeAfterTestCommandBase`1/<ExecuteEnumerable>d__16<T_REF>:MoveNext () (at ./Library/PackageCache/com.unity.test-framework@40e262928427/UnityEngine.TestRunner/NUnitExtensions/Commands/BeforeAfterTestCommandBase.cs:212)
0x000001e9aa26b457 (Mono JIT Code) UnityEngine.TestTools.RetryCommand/<ExecuteEnumerable>d__2:MoveNext () (at ./Library/PackageCache/com.unity.test-framework@40e262928427/UnityEngine.TestRunner/NUnitExtensions/Commands/RetryCommand.cs:37)
0x000001e9aa269f2f (Mono JIT Code) UnityEngine.TestTools.RepeatCommand/<ExecuteEnumerable>d__2:MoveNext () (at ./Library/PackageCache/com.unity.test-framework@40e262928427/UnityEngine.TestRunner/NUnitExtensions/Commands/RepeatCommand.cs:36)
0x000001e9aa268fa6 (Mono JIT Code) UnityEngine.TestTools.IgnoreTestCommand/<ExecuteEnumerable>d__3:MoveNext () (at ./Library/PackageCache/com.unity.test-framework@40e262928427/UnityEngine.TestRunner/NUnitExtensions/Commands/IgnoreTestCommand.cs:42)
0x000001e9aa267c7f (Mono JIT Code) UnityEngine.TestTools.StrictCheckCommand/<ExecuteEnumerable>d__2:MoveNext () (at ./Library/PackageCache/com.unity.test-framework@40e262928427/UnityEngine.TestRunner/NUnitExtensions/Commands/StrictCheckCommand.cs:29)
0x000001e9aa266fe1 (Mono JIT Code) UnityEngine.TestRunner.NUnitExtensions.Runner.DefaultTestWorkItem/<PerformWork>d__2:MoveNext () (at ./Library/PackageCache/com.unity.test-framework@40e262928427/UnityEngine.TestRunner/NUnitExtensions/Runner/DefaultTestWorkItem.cs:50)
0x000001e9aa255e12 (Mono JIT Code) UnityEngine.TestRunner.NUnitExtensions.Runner.CompositeWorkItem/<RunChildren>d__17:MoveNext () (at ./Library/PackageCache/com.unity.test-framework@40e262928427/UnityEngine.TestRunner/NUnitExtensions/Runner/CompositeWorkItem.cs:207)
0x000001e9aa247756 (Mono JIT Code) UnityEngine.TestRunner.NUnitExtensions.Runner.CompositeWorkItem/<PerformWork>d__13:MoveNext () (at ./Library/PackageCache/com.unity.test-framework@40e262928427/UnityEngine.TestRunner/NUnitExtensions/Runner/CompositeWorkItem.cs:82)
0x000001e9aa255e12 (Mono JIT Code) UnityEngine.TestRunner.NUnitExtensions.Runner.CompositeWorkItem/<RunChildren>d__17:MoveNext () (at ./Library/PackageCache/com.unity.test-framework@40e262928427/UnityEngine.TestRunner/NUnitExtensions/Runner/CompositeWorkItem.cs:207)
0x000001e9aa247756 (Mono JIT Code) UnityEngine.TestRunner.NUnitExtensions.Runner.CompositeWorkItem/<PerformWork>d__13:MoveNext () (at ./Library/PackageCache/com.unity.test-framework@40e262928427/UnityEngine.TestRunner/NUnitExtensions/Runner/CompositeWorkItem.cs:82)
0x000001e9aa255e12 (Mono JIT Code) UnityEngine.TestRunner.NUnitExtensions.Runner.CompositeWorkItem/<RunChildren>d__17:MoveNext () (at ./Library/PackageCache/com.unity.test-framework@40e262928427/UnityEngine.TestRunner/NUnitExtensions/Runner/CompositeWorkItem.cs:207)
0x000001e9aa247756 (Mono JIT Code) UnityEngine.TestRunner.NUnitExtensions.Runner.CompositeWorkItem/<PerformWork>d__13:MoveNext () (at ./Library/PackageCache/com.unity.test-framework@40e262928427/UnityEngine.TestRunner/NUnitExtensions/Runner/CompositeWorkItem.cs:82)
0x000001e9aa245fcc (Mono JIT Code) UnityEditor.TestTools.TestRunner.EditModeRunner:MoveNextAndUpdateYieldObject () (at ./Library/PackageCache/com.unity.test-framework@40e262928427/UnityEditor.TestRunner/TestRunner/EditModeRunner.cs:167)
0x000001e9aa245b7b (Mono JIT Code) UnityEditor.TestTools.TestRunner.EditModeRunner:TestConsumer (UnityEditor.TestTools.TestRunner.TestRunnerStateSerializer) (at ./Library/PackageCache/com.unity.test-framework@40e262928427/UnityEditor.TestRunner/TestRunner/EditModeRunner.cs:200)
0x000001e9aa23c173 (Mono JIT Code) UnityEditor.TestTools.TestRunner.TestRun.Tasks.EditModeRunTask/<Execute>d__1:MoveNext () (at ./Library/PackageCache/com.unity.test-framework@40e262928427/UnityEditor.TestRunner/TestRun/Tasks/EditModeRunTask.cs:48)
0x000001e977129d5e (Mono JIT Code) UnityEditor.TestTools.TestRunner.TestRun.TestJobRunner:ExecuteStep () (at ./Library/PackageCache/com.unity.test-framework@40e262928427/UnityEditor.TestRunner/TestRun/TestJobRunner.cs:173)
0x000001e977128953 (Mono JIT Code) UnityEditor.TestTools.TestRunner.TestRun.TestJobRunner:ExecuteCallback () (at ./Library/PackageCache/com.unity.test-framework@40e262928427/UnityEditor.TestRunner/TestRun/TestJobRunner.cs:108)
0x000001e99df821b8 (Mono JIT Code) UnityEditor.EditorApplication:Internal_CallUpdateFunctions ()
0x000001e8e6514785 (Mono JIT Code) (wrapper runtime-invoke) object:runtime_invoke_void (object,intptr,intptr,intptr)
0x00007fff3fd16e7e (mono-2.0-bdwgc) mono_jit_runtime_invoke (at C:/build/output/Unity-Technologies/mono/mono/mini/mini-runtime.c:3445)
0x00007fff3fc58874 (mono-2.0-bdwgc) do_runtime_invoke (at C:/build/output/Unity-Technologies/mono/mono/metadata/object.c:3068)
0x00007fff3fc58960 (mono-2.0-bdwgc) mono_runtime_invoke (at C:/build/output/Unity-Technologies/mono/mono/metadata/object.c:3115)
0x00007fff38e4cea4 (Unity) scripting_method_invoke
0x00007fff38e25433 (Unity) ScriptingInvocation::Invoke
0x00007fff38e20b35 (Unity) ScriptingInvocation::Invoke<void>
0x00007fff38f8b4bb (Unity) Scripting::UnityEditor::EditorApplicationProxy::Internal_CallUpdateFunctions
0x00007fff3a07e0e4 (Unity) SceneTracker::Update
0x00007fff39be1247 (Unity) Application::TickTimer
0x00007fff3a1b25ac (Unity) MainMessageLoop
0x00007fff3a1b9d1c (Unity) UnityMain
0x00007ff68b302f2a (Unity) __scrt_common_main_seh
0x00007fffddade8d7 (KERNEL32) BaseThreadInitThunk
0x00007fffde88c53c (ntdll) RtlUserThreadStart

[RecoilConfiguration] Empty or null JSON provided, returning default configuration.
0x00007fff38f222ae (Unity) StackWalker::ShowCallstack
0x00007fff38f31ee9 (Unity) PlatformStacktrace::GetStacktrace
0x00007fff3a1ac04e (Unity) Stacktrace::GetStacktrace
0x00007fff3a7859df (Unity) DebugStringToFile
0x00007fff37fd2930 (Unity) DebugLogHandler_CUSTOM_Internal_Log
0x000001e9766cbd3e (Mono JIT Code) (wrapper managed-to-native) UnityEngine.DebugLogHandler:Internal_Log_Injected (UnityEngine.LogType,UnityEngine.LogOption,UnityEngine.Bindings.ManagedSpanWrapper&,intptr)
0x000001e9766cbb43 (Mono JIT Code) UnityEngine.DebugLogHandler:Internal_Log (UnityEngine.LogType,UnityEngine.LogOption,string,UnityEngine.Object)
0x000001e9766cb7fb (Mono JIT Code) UnityEngine.DebugLogHandler:LogFormat (UnityEngine.LogType,UnityEngine.Object,string,object[])
0x000001e9766ca6ae (Mono JIT Code) UnityEngine.Logger:Log (UnityEngine.LogType,object)
0x000001e9aa2b404d (Mono JIT Code) UnityEngine.Debug:LogWarning (object)
0x000001e976d477fb (Mono JIT Code) RecoilConfiguration:FromJson (string) (at C:/Users/Ubuntu/Desktop/_DEV/AFFECT-2025-10-11/Assets/_SCRIPTS/_PLAYER/Recoil/RecoilConfiguration.cs:136)
0x000001e976d48643 (Mono JIT Code) SerializationProperties:Property16_InvalidJsonReturnsDefaultConfiguration () (at C:/Users/Ubuntu/Desktop/_DEV/AFFECT-2025-10-11/Assets/_SCRIPTS/Editor/SerializationProperties.cs:115)
0x000001e9aa264548 (Mono JIT Code) (wrapper runtime-invoke) object:runtime_invoke_void__this__ (object,intptr,intptr,intptr)
0x00007fff3fd16e7e (mono-2.0-bdwgc) mono_jit_runtime_invoke (at C:/build/output/Unity-Technologies/mono/mono/mini/mini-runtime.c:3445)
0x00007fff3fc58874 (mono-2.0-bdwgc) do_runtime_invoke (at C:/build/output/Unity-Technologies/mono/mono/metadata/object.c:3068)
0x00007fff3fc5f926 (mono-2.0-bdwgc) mono_runtime_try_invoke_array (at C:/build/output/Unity-Technologies/mono/mono/metadata/object.c:5774)
0x00007fff3fb91b81 (mono-2.0-bdwgc) ves_icall_InternalInvoke (at C:/build/output/Unity-Technologies/mono/mono/metadata/icall.c:4038)
0x00007fff3fbb7e31 (mono-2.0-bdwgc) ves_icall_InternalInvoke_raw (at C:/build/output/Unity-Technologies/mono/mono/metadata/icall-def.h:692)
0x000001e8e22b0f92 (Mono JIT Code) (wrapper managed-to-native) System.Reflection.RuntimeMethodInfo:InternalInvoke (System.Reflection.RuntimeMethodInfo,object,object[],System.Exception&)
0x000001e8e3c7ea73 (Mono JIT Code) System.Reflection.RuntimeMethodInfo:Invoke (object,System.Reflection.BindingFlags,System.Reflection.Binder,object[],System.Globalization.CultureInfo)
0x000001e8db9555ef (Mono JIT Code) System.Reflection.MethodBase:Invoke (object,object[])
0x000001e9aa26e783 (Mono JIT Code) NUnit.Framework.Internal.Reflect:InvokeMethod (System.Reflection.MethodInfo,object,object[])
0x000001e9aa2760ab (Mono JIT Code) NUnit.Framework.Internal.MethodWrapper:Invoke (object,object[])
0x000001e9aa275f8a (Mono JIT Code) NUnit.Framework.Internal.Commands.TestMethodCommand:RunNonAsyncTestMethod (NUnit.Framework.Internal.ITestExecutionContext)
0x000001e9aa275dd3 (Mono JIT Code) NUnit.Framework.Internal.Commands.TestMethodCommand:RunTestMethod (NUnit.Framework.Internal.ITestExecutionContext)
0x000001e9aa275973 (Mono JIT Code) NUnit.Framework.Internal.Commands.TestMethodCommand:Execute (NUnit.Framework.Internal.ITestExecutionContext)
0x000001e9aa27556b (Mono JIT Code) UnityEngine.TestTools.UnityTestMethodCommand:Execute (NUnit.Framework.Internal.ITestExecutionContext) (at ./Library/PackageCache/com.unity.test-framework@40e262928427/UnityEngine.TestRunner/NUnitExtensions/Commands/UnityTestMethodCommand.cs:19)
0x000001e9aa2752fb (Mono JIT Code) UnityEngine.TestRunner.NUnitExtensions.Runner.UnityLogCheckDelegatingCommand/<>c__DisplayClass2_0:<Execute>b__0 () (at ./Library/PackageCache/com.unity.test-framework@40e262928427/UnityEngine.TestRunner/NUnitExtensions/Runner/UnityLogCheckDelegatingCommand.cs:24)
0x000001e9aa275123 (Mono JIT Code) UnityEngine.TestRunner.NUnitExtensions.Runner.UnityLogCheckDelegatingCommand:CaptureException (NUnit.Framework.Internal.TestResult,System.Action) (at ./Library/PackageCache/com.unity.test-framework@40e262928427/UnityEngine.TestRunner/NUnitExtensions/Runner/UnityLogCheckDelegatingCommand.cs:72)
0x000001e9aa274fb3 (Mono JIT Code) UnityEngine.TestRunner.NUnitExtensions.Runner.UnityLogCheckDelegatingCommand:ExecuteAndCheckLog (UnityEngine.TestTools.Logging.LogScope,NUnit.Framework.Internal.TestResult,System.Action) (at ./Library/PackageCache/com.unity.test-framework@40e262928427/UnityEngine.TestRunner/NUnitExtensions/Runner/UnityLogCheckDelegatingCommand.cs:83)
0x000001e9aa274c3b (Mono JIT Code) UnityEngine.TestRunner.NUnitExtensions.Runner.UnityLogCheckDelegatingCommand:Execute (NUnit.Framework.Internal.ITestExecutionContext) (at ./Library/PackageCache/com.unity.test-framework@40e262928427/UnityEngine.TestRunner/NUnitExtensions/Runner/UnityLogCheckDelegatingCommand.cs:24)
0x000001e9aa273c19 (Mono JIT Code) UnityEngine.TestRunner.NUnitExtensions.Runner.UnityLogCheckDelegatingCommand/<ExecuteEnumerable>d__3:MoveNext () (at ./Library/PackageCache/com.unity.test-framework@40e262928427/UnityEngine.TestRunner/NUnitExtensions/Runner/UnityLogCheckDelegatingCommand.cs:35)
0x000001e9aa251e01 (Mono JIT Code) UnityEngine.TestTools.BeforeAfterTestCommandBase`1/<ExecuteEnumerable>d__16<T_REF>:MoveNext () (at ./Library/PackageCache/com.unity.test-framework@40e262928427/UnityEngine.TestRunner/NUnitExtensions/Commands/BeforeAfterTestCommandBase.cs:212)
0x000001e9aa272fb6 (Mono JIT Code) UnityEngine.TestTools.ImmediateEnumerableCommand:Execute (NUnit.Framework.Internal.ITestExecutionContext) (at ./Library/PackageCache/com.unity.test-framework@40e262928427/UnityEngine.TestRunner/NUnitExtensions/Commands/ImmediateEnumerableCommand.cs:18)
0x000001e9aa251f01 (Mono JIT Code) UnityEngine.TestTools.BeforeAfterTestCommandBase`1/<ExecuteEnumerable>d__16<T_REF>:MoveNext () (at ./Library/PackageCache/com.unity.test-framework@40e262928427/UnityEngine.TestRunner/NUnitExtensions/Commands/BeforeAfterTestCommandBase.cs:219)
0x000001e9aa251e01 (Mono JIT Code) UnityEngine.TestTools.BeforeAfterTestCommandBase`1/<ExecuteEnumerable>d__16<T_REF>:MoveNext () (at ./Library/PackageCache/com.unity.test-framework@40e262928427/UnityEngine.TestRunner/NUnitExtensions/Commands/BeforeAfterTestCommandBase.cs:212)
0x000001e9aa251e01 (Mono JIT Code) UnityEngine.TestTools.BeforeAfterTestCommandBase`1/<ExecuteEnumerable>d__16<T_REF>:MoveNext () (at ./Library/PackageCache/com.unity.test-framework@40e262928427/UnityEngine.TestRunner/NUnitExtensions/Commands/BeforeAfterTestCommandBase.cs:212)
0x000001e9aa26b457 (Mono JIT Code) UnityEngine.TestTools.RetryCommand/<ExecuteEnumerable>d__2:MoveNext () (at ./Library/PackageCache/com.unity.test-framework@40e262928427/UnityEngine.TestRunner/NUnitExtensions/Commands/RetryCommand.cs:37)
0x000001e9aa269f2f (Mono JIT Code) UnityEngine.TestTools.RepeatCommand/<ExecuteEnumerable>d__2:MoveNext () (at ./Library/PackageCache/com.unity.test-framework@40e262928427/UnityEngine.TestRunner/NUnitExtensions/Commands/RepeatCommand.cs:36)
0x000001e9aa268fa6 (Mono JIT Code) UnityEngine.TestTools.IgnoreTestCommand/<ExecuteEnumerable>d__3:MoveNext () (at ./Library/PackageCache/com.unity.test-framework@40e262928427/UnityEngine.TestRunner/NUnitExtensions/Commands/IgnoreTestCommand.cs:42)
0x000001e9aa267c7f (Mono JIT Code) UnityEngine.TestTools.StrictCheckCommand/<ExecuteEnumerable>d__2:MoveNext () (at ./Library/PackageCache/com.unity.test-framework@40e262928427/UnityEngine.TestRunner/NUnitExtensions/Commands/StrictCheckCommand.cs:29)
0x000001e9aa266fe1 (Mono JIT Code) UnityEngine.TestRunner.NUnitExtensions.Runner.DefaultTestWorkItem/<PerformWork>d__2:MoveNext () (at ./Library/PackageCache/com.unity.test-framework@40e262928427/UnityEngine.TestRunner/NUnitExtensions/Runner/DefaultTestWorkItem.cs:50)
0x000001e9aa255e12 (Mono JIT Code) UnityEngine.TestRunner.NUnitExtensions.Runner.CompositeWorkItem/<RunChildren>d__17:MoveNext () (at ./Library/PackageCache/com.unity.test-framework@40e262928427/UnityEngine.TestRunner/NUnitExtensions/Runner/CompositeWorkItem.cs:207)
0x000001e9aa247756 (Mono JIT Code) UnityEngine.TestRunner.NUnitExtensions.Runner.CompositeWorkItem/<PerformWork>d__13:MoveNext () (at ./Library/PackageCache/com.unity.test-framework@40e262928427/UnityEngine.TestRunner/NUnitExtensions/Runner/CompositeWorkItem.cs:82)
0x000001e9aa255e12 (Mono JIT Code) UnityEngine.TestRunner.NUnitExtensions.Runner.CompositeWorkItem/<RunChildren>d__17:MoveNext () (at ./Library/PackageCache/com.unity.test-framework@40e262928427/UnityEngine.TestRunner/NUnitExtensions/Runner/CompositeWorkItem.cs:207)
0x000001e9aa247756 (Mono JIT Code) UnityEngine.TestRunner.NUnitExtensions.Runner.CompositeWorkItem/<PerformWork>d__13:MoveNext () (at ./Library/PackageCache/com.unity.test-framework@40e262928427/UnityEngine.TestRunner/NUnitExtensions/Runner/CompositeWorkItem.cs:82)
0x000001e9aa255e12 (Mono JIT Code) UnityEngine.TestRunner.NUnitExtensions.Runner.CompositeWorkItem/<RunChildren>d__17:MoveNext () (at ./Library/PackageCache/com.unity.test-framework@40e262928427/UnityEngine.TestRunner/NUnitExtensions/Runner/CompositeWorkItem.cs:207)
0x000001e9aa247756 (Mono JIT Code) UnityEngine.TestRunner.NUnitExtensions.Runner.CompositeWorkItem/<PerformWork>d__13:MoveNext () (at ./Library/PackageCache/com.unity.test-framework@40e262928427/UnityEngine.TestRunner/NUnitExtensions/Runner/CompositeWorkItem.cs:82)
0x000001e9aa245fcc (Mono JIT Code) UnityEditor.TestTools.TestRunner.EditModeRunner:MoveNextAndUpdateYieldObject () (at ./Library/PackageCache/com.unity.test-framework@40e262928427/UnityEditor.TestRunner/TestRunner/EditModeRunner.cs:167)
0x000001e9aa245b7b (Mono JIT Code) UnityEditor.TestTools.TestRunner.EditModeRunner:TestConsumer (UnityEditor.TestTools.TestRunner.TestRunnerStateSerializer) (at ./Library/PackageCache/com.unity.test-framework@40e262928427/UnityEditor.TestRunner/TestRunner/EditModeRunner.cs:200)
0x000001e9aa23c173 (Mono JIT Code) UnityEditor.TestTools.TestRunner.TestRun.Tasks.EditModeRunTask/<Execute>d__1:MoveNext () (at ./Library/PackageCache/com.unity.test-framework@40e262928427/UnityEditor.TestRunner/TestRun/Tasks/EditModeRunTask.cs:48)
0x000001e977129d5e (Mono JIT Code) UnityEditor.TestTools.TestRunner.TestRun.TestJobRunner:ExecuteStep () (at ./Library/PackageCache/com.unity.test-framework@40e262928427/UnityEditor.TestRunner/TestRun/TestJobRunner.cs:173)
0x000001e977128953 (Mono JIT Code) UnityEditor.TestTools.TestRunner.TestRun.TestJobRunner:ExecuteCallback () (at ./Library/PackageCache/com.unity.test-framework@40e262928427/UnityEditor.TestRunner/TestRun/TestJobRunner.cs:108)
0x000001e99df821b8 (Mono JIT Code) UnityEditor.EditorApplication:Internal_CallUpdateFunctions ()
0x000001e8e6514785 (Mono JIT Code) (wrapper runtime-invoke) object:runtime_invoke_void (object,intptr,intptr,intptr)
0x00007fff3fd16e7e (mono-2.0-bdwgc) mono_jit_runtime_invoke (at C:/build/output/Unity-Technologies/mono/mono/mini/mini-runtime.c:3445)
0x00007fff3fc58874 (mono-2.0-bdwgc) do_runtime_invoke (at C:/build/output/Unity-Technologies/mono/mono/metadata/object.c:3068)
0x00007fff3fc58960 (mono-2.0-bdwgc) mono_runtime_invoke (at C:/build/output/Unity-Technologies/mono/mono/metadata/object.c:3115)
0x00007fff38e4cea4 (Unity) scripting_method_invoke
0x00007fff38e25433 (Unity) ScriptingInvocation::Invoke
0x00007fff38e20b35 (Unity) ScriptingInvocation::Invoke<void>
0x00007fff38f8b4bb (Unity) Scripting::UnityEditor::EditorApplicationProxy::Internal_CallUpdateFunctions
0x00007fff3a07e0e4 (Unity) SceneTracker::Update
0x00007fff39be1247 (Unity) Application::TickTimer
0x00007fff3a1b25ac (Unity) MainMessageLoop
0x00007fff3a1b9d1c (Unity) UnityMain
0x00007ff68b302f2a (Unity) __scrt_common_main_seh
0x00007fffddade8d7 (KERNEL32) BaseThreadInitThunk
0x00007fffde88c53c (ntdll) RtlUserThreadStart

[RecoilConfiguration] Failed to deserialize JSON: JSON parse error: Invalid value.. Returning default configuration.
0x00007fff38f222ae (Unity) StackWalker::ShowCallstack
0x00007fff38f31ee9 (Unity) PlatformStacktrace::GetStacktrace
0x00007fff3a1ac04e (Unity) Stacktrace::GetStacktrace
0x00007fff3a7859df (Unity) DebugStringToFile
0x00007fff37fd2930 (Unity) DebugLogHandler_CUSTOM_Internal_Log
0x000001e9766cbd3e (Mono JIT Code) (wrapper managed-to-native) UnityEngine.DebugLogHandler:Internal_Log_Injected (UnityEngine.LogType,UnityEngine.LogOption,UnityEngine.Bindings.ManagedSpanWrapper&,intptr)
0x000001e9766cbb43 (Mono JIT Code) UnityEngine.DebugLogHandler:Internal_Log (UnityEngine.LogType,UnityEngine.LogOption,string,UnityEngine.Object)
0x000001e9766cb7fb (Mono JIT Code) UnityEngine.DebugLogHandler:LogFormat (UnityEngine.LogType,UnityEngine.Object,string,object[])
0x000001e9766ca6ae (Mono JIT Code) UnityEngine.Logger:Log (UnityEngine.LogType,object)
0x000001e9aa2b404d (Mono JIT Code) UnityEngine.Debug:LogWarning (object)
0x000001e976d47adb (Mono JIT Code) RecoilConfiguration:FromJson (string) (at C:/Users/Ubuntu/Desktop/_DEV/AFFECT-2025-10-11/Assets/_SCRIPTS/_PLAYER/Recoil/RecoilConfiguration.cs:152)
0x000001e976d48643 (Mono JIT Code) SerializationProperties:Property16_InvalidJsonReturnsDefaultConfiguration () (at C:/Users/Ubuntu/Desktop/_DEV/AFFECT-2025-10-11/Assets/_SCRIPTS/Editor/SerializationProperties.cs:115)
0x000001e9aa264548 (Mono JIT Code) (wrapper runtime-invoke) object:runtime_invoke_void__this__ (object,intptr,intptr,intptr)
0x00007fff3fd16e7e (mono-2.0-bdwgc) mono_jit_runtime_invoke (at C:/build/output/Unity-Technologies/mono/mono/mini/mini-runtime.c:3445)
0x00007fff3fc58874 (mono-2.0-bdwgc) do_runtime_invoke (at C:/build/output/Unity-Technologies/mono/mono/metadata/object.c:3068)
0x00007fff3fc5f926 (mono-2.0-bdwgc) mono_runtime_try_invoke_array (at C:/build/output/Unity-Technologies/mono/mono/metadata/object.c:5774)
0x00007fff3fb91b81 (mono-2.0-bdwgc) ves_icall_InternalInvoke (at C:/build/output/Unity-Technologies/mono/mono/metadata/icall.c:4038)
0x00007fff3fbb7e31 (mono-2.0-bdwgc) ves_icall_InternalInvoke_raw (at C:/build/output/Unity-Technologies/mono/mono/metadata/icall-def.h:692)
0x000001e8e22b0f92 (Mono JIT Code) (wrapper managed-to-native) System.Reflection.RuntimeMethodInfo:InternalInvoke (System.Reflection.RuntimeMethodInfo,object,object[],System.Exception&)
0x000001e8e3c7ea73 (Mono JIT Code) System.Reflection.RuntimeMethodInfo:Invoke (object,System.Reflection.BindingFlags,System.Reflection.Binder,object[],System.Globalization.CultureInfo)
0x000001e8db9555ef (Mono JIT Code) System.Reflection.MethodBase:Invoke (object,object[])
0x000001e9aa26e783 (Mono JIT Code) NUnit.Framework.Internal.Reflect:InvokeMethod (System.Reflection.MethodInfo,object,object[])
0x000001e9aa2760ab (Mono JIT Code) NUnit.Framework.Internal.MethodWrapper:Invoke (object,object[])
0x000001e9aa275f8a (Mono JIT Code) NUnit.Framework.Internal.Commands.TestMethodCommand:RunNonAsyncTestMethod (NUnit.Framework.Internal.ITestExecutionContext)
0x000001e9aa275dd3 (Mono JIT Code) NUnit.Framework.Internal.Commands.TestMethodCommand:RunTestMethod (NUnit.Framework.Internal.ITestExecutionContext)
0x000001e9aa275973 (Mono JIT Code) NUnit.Framework.Internal.Commands.TestMethodCommand:Execute (NUnit.Framework.Internal.ITestExecutionContext)
0x000001e9aa27556b (Mono JIT Code) UnityEngine.TestTools.UnityTestMethodCommand:Execute (NUnit.Framework.Internal.ITestExecutionContext) (at ./Library/PackageCache/com.unity.test-framework@40e262928427/UnityEngine.TestRunner/NUnitExtensions/Commands/UnityTestMethodCommand.cs:19)
0x000001e9aa2752fb (Mono JIT Code) UnityEngine.TestRunner.NUnitExtensions.Runner.UnityLogCheckDelegatingCommand/<>c__DisplayClass2_0:<Execute>b__0 () (at ./Library/PackageCache/com.unity.test-framework@40e262928427/UnityEngine.TestRunner/NUnitExtensions/Runner/UnityLogCheckDelegatingCommand.cs:24)
0x000001e9aa275123 (Mono JIT Code) UnityEngine.TestRunner.NUnitExtensions.Runner.UnityLogCheckDelegatingCommand:CaptureException (NUnit.Framework.Internal.TestResult,System.Action) (at ./Library/PackageCache/com.unity.test-framework@40e262928427/UnityEngine.TestRunner/NUnitExtensions/Runner/UnityLogCheckDelegatingCommand.cs:72)
0x000001e9aa274fb3 (Mono JIT Code) UnityEngine.TestRunner.NUnitExtensions.Runner.UnityLogCheckDelegatingCommand:ExecuteAndCheckLog (UnityEngine.TestTools.Logging.LogScope,NUnit.Framework.Internal.TestResult,System.Action) (at ./Library/PackageCache/com.unity.test-framework@40e262928427/UnityEngine.TestRunner/NUnitExtensions/Runner/UnityLogCheckDelegatingCommand.cs:83)
0x000001e9aa274c3b (Mono JIT Code) UnityEngine.TestRunner.NUnitExtensions.Runner.UnityLogCheckDelegatingCommand:Execute (NUnit.Framework.Internal.ITestExecutionContext) (at ./Library/PackageCache/com.unity.test-framework@40e262928427/UnityEngine.TestRunner/NUnitExtensions/Runner/UnityLogCheckDelegatingCommand.cs:24)
0x000001e9aa273c19 (Mono JIT Code) UnityEngine.TestRunner.NUnitExtensions.Runner.UnityLogCheckDelegatingCommand/<ExecuteEnumerable>d__3:MoveNext () (at ./Library/PackageCache/com.unity.test-framework@40e262928427/UnityEngine.TestRunner/NUnitExtensions/Runner/UnityLogCheckDelegatingCommand.cs:35)
0x000001e9aa251e01 (Mono JIT Code) UnityEngine.TestTools.BeforeAfterTestCommandBase`1/<ExecuteEnumerable>d__16<T_REF>:MoveNext () (at ./Library/PackageCache/com.unity.test-framework@40e262928427/UnityEngine.TestRunner/NUnitExtensions/Commands/BeforeAfterTestCommandBase.cs:212)
0x000001e9aa272fb6 (Mono JIT Code) UnityEngine.TestTools.ImmediateEnumerableCommand:Execute (NUnit.Framework.Internal.ITestExecutionContext) (at ./Library/PackageCache/com.unity.test-framework@40e262928427/UnityEngine.TestRunner/NUnitExtensions/Commands/ImmediateEnumerableCommand.cs:18)
0x000001e9aa251f01 (Mono JIT Code) UnityEngine.TestTools.BeforeAfterTestCommandBase`1/<ExecuteEnumerable>d__16<T_REF>:MoveNext () (at ./Library/PackageCache/com.unity.test-framework@40e262928427/UnityEngine.TestRunner/NUnitExtensions/Commands/BeforeAfterTestCommandBase.cs:219)
0x000001e9aa251e01 (Mono JIT Code) UnityEngine.TestTools.BeforeAfterTestCommandBase`1/<ExecuteEnumerable>d__16<T_REF>:MoveNext () (at ./Library/PackageCache/com.unity.test-framework@40e262928427/UnityEngine.TestRunner/NUnitExtensions/Commands/BeforeAfterTestCommandBase.cs:212)
0x000001e9aa251e01 (Mono JIT Code) UnityEngine.TestTools.BeforeAfterTestCommandBase`1/<ExecuteEnumerable>d__16<T_REF>:MoveNext () (at ./Library/PackageCache/com.unity.test-framework@40e262928427/UnityEngine.TestRunner/NUnitExtensions/Commands/BeforeAfterTestCommandBase.cs:212)
0x000001e9aa26b457 (Mono JIT Code) UnityEngine.TestTools.RetryCommand/<ExecuteEnumerable>d__2:MoveNext () (at ./Library/PackageCache/com.unity.test-framework@40e262928427/UnityEngine.TestRunner/NUnitExtensions/Commands/RetryCommand.cs:37)
0x000001e9aa269f2f (Mono JIT Code) UnityEngine.TestTools.RepeatCommand/<ExecuteEnumerable>d__2:MoveNext () (at ./Library/PackageCache/com.unity.test-framework@40e262928427/UnityEngine.TestRunner/NUnitExtensions/Commands/RepeatCommand.cs:36)
0x000001e9aa268fa6 (Mono JIT Code) UnityEngine.TestTools.IgnoreTestCommand/<ExecuteEnumerable>d__3:MoveNext () (at ./Library/PackageCache/com.unity.test-framework@40e262928427/UnityEngine.TestRunner/NUnitExtensions/Commands/IgnoreTestCommand.cs:42)
0x000001e9aa267c7f (Mono JIT Code) UnityEngine.TestTools.StrictCheckCommand/<ExecuteEnumerable>d__2:MoveNext () (at ./Library/PackageCache/com.unity.test-framework@40e262928427/UnityEngine.TestRunner/NUnitExtensions/Commands/StrictCheckCommand.cs:29)
0x000001e9aa266fe1 (Mono JIT Code) UnityEngine.TestRunner.NUnitExtensions.Runner.DefaultTestWorkItem/<PerformWork>d__2:MoveNext () (at ./Library/PackageCache/com.unity.test-framework@40e262928427/UnityEngine.TestRunner/NUnitExtensions/Runner/DefaultTestWorkItem.cs:50)
0x000001e9aa255e12 (Mono JIT Code) UnityEngine.TestRunner.NUnitExtensions.Runner.CompositeWorkItem/<RunChildren>d__17:MoveNext () (at ./Library/PackageCache/com.unity.test-framework@40e262928427/UnityEngine.TestRunner/NUnitExtensions/Runner/CompositeWorkItem.cs:207)
0x000001e9aa247756 (Mono JIT Code) UnityEngine.TestRunner.NUnitExtensions.Runner.CompositeWorkItem/<PerformWork>d__13:MoveNext () (at ./Library/PackageCache/com.unity.test-framework@40e262928427/UnityEngine.TestRunner/NUnitExtensions/Runner/CompositeWorkItem.cs:82)
0x000001e9aa255e12 (Mono JIT Code) UnityEngine.TestRunner.NUnitExtensions.Runner.CompositeWorkItem/<RunChildren>d__17:MoveNext () (at ./Library/PackageCache/com.unity.test-framework@40e262928427/UnityEngine.TestRunner/NUnitExtensions/Runner/CompositeWorkItem.cs:207)
0x000001e9aa247756 (Mono JIT Code) UnityEngine.TestRunner.NUnitExtensions.Runner.CompositeWorkItem/<PerformWork>d__13:MoveNext () (at ./Library/PackageCache/com.unity.test-framework@40e262928427/UnityEngine.TestRunner/NUnitExtensions/Runner/CompositeWorkItem.cs:82)
0x000001e9aa255e12 (Mono JIT Code) UnityEngine.TestRunner.NUnitExtensions.Runner.CompositeWorkItem/<RunChildren>d__17:MoveNext () (at ./Library/PackageCache/com.unity.test-framework@40e262928427/UnityEngine.TestRunner/NUnitExtensions/Runner/CompositeWorkItem.cs:207)
0x000001e9aa247756 (Mono JIT Code) UnityEngine.TestRunner.NUnitExtensions.Runner.CompositeWorkItem/<PerformWork>d__13:MoveNext () (at ./Library/PackageCache/com.unity.test-framework@40e262928427/UnityEngine.TestRunner/NUnitExtensions/Runner/CompositeWorkItem.cs:82)
0x000001e9aa245fcc (Mono JIT Code) UnityEditor.TestTools.TestRunner.EditModeRunner:MoveNextAndUpdateYieldObject () (at ./Library/PackageCache/com.unity.test-framework@40e262928427/UnityEditor.TestRunner/TestRunner/EditModeRunner.cs:167)
0x000001e9aa245b7b (Mono JIT Code) UnityEditor.TestTools.TestRunner.EditModeRunner:TestConsumer (UnityEditor.TestTools.TestRunner.TestRunnerStateSerializer) (at ./Library/PackageCache/com.unity.test-framework@40e262928427/UnityEditor.TestRunner/TestRunner/EditModeRunner.cs:200)
0x000001e9aa23c173 (Mono JIT Code) UnityEditor.TestTools.TestRunner.TestRun.Tasks.EditModeRunTask/<Execute>d__1:MoveNext () (at ./Library/PackageCache/com.unity.test-framework@40e262928427/UnityEditor.TestRunner/TestRun/Tasks/EditModeRunTask.cs:48)
0x000001e977129d5e (Mono JIT Code) UnityEditor.TestTools.TestRunner.TestRun.TestJobRunner:ExecuteStep () (at ./Library/PackageCache/com.unity.test-framework@40e262928427/UnityEditor.TestRunner/TestRun/TestJobRunner.cs:173)
0x000001e977128953 (Mono JIT Code) UnityEditor.TestTools.TestRunner.TestRun.TestJobRunner:ExecuteCallback () (at ./Library/PackageCache/com.unity.test-framework@40e262928427/UnityEditor.TestRunner/TestRun/TestJobRunner.cs:108)
0x000001e99df821b8 (Mono JIT Code) UnityEditor.EditorApplication:Internal_CallUpdateFunctions ()
0x000001e8e6514785 (Mono JIT Code) (wrapper runtime-invoke) object:runtime_invoke_void (object,intptr,intptr,intptr)
0x00007fff3fd16e7e (mono-2.0-bdwgc) mono_jit_runtime_invoke (at C:/build/output/Unity-Technologies/mono/mono/mini/mini-runtime.c:3445)
0x00007fff3fc58874 (mono-2.0-bdwgc) do_runtime_invoke (at C:/build/output/Unity-Technologies/mono/mono/metadata/object.c:3068)
0x00007fff3fc58960 (mono-2.0-bdwgc) mono_runtime_invoke (at C:/build/output/Unity-Technologies/mono/mono/metadata/object.c:3115)
0x00007fff38e4cea4 (Unity) scripting_method_invoke
0x00007fff38e25433 (Unity) ScriptingInvocation::Invoke
0x00007fff38e20b35 (Unity) ScriptingInvocation::Invoke<void>
0x00007fff38f8b4bb (Unity) Scripting::UnityEditor::EditorApplicationProxy::Internal_CallUpdateFunctions
0x00007fff3a07e0e4 (Unity) SceneTracker::Update
0x00007fff39be1247 (Unity) Application::TickTimer
0x00007fff3a1b25ac (Unity) MainMessageLoop
0x00007fff3a1b9d1c (Unity) UnityMain
0x00007ff68b302f2a (Unity) __scrt_common_main_seh
0x00007fffddade8d7 (KERNEL32) BaseThreadInitThunk
0x00007fffde88c53c (ntdll) RtlUserThreadStart

[RecoilConfiguration] Empty or null JSON provided, returning default configuration.
0x00007fff38f222ae (Unity) StackWalker::ShowCallstack
0x00007fff38f31ee9 (Unity) PlatformStacktrace::GetStacktrace
0x00007fff3a1ac04e (Unity) Stacktrace::GetStacktrace
0x00007fff3a7859df (Unity) DebugStringToFile
0x00007fff37fd2930 (Unity) DebugLogHandler_CUSTOM_Internal_Log
0x000001e9766cbd3e (Mono JIT Code) (wrapper managed-to-native) UnityEngine.DebugLogHandler:Internal_Log_Injected (UnityEngine.LogType,UnityEngine.LogOption,UnityEngine.Bindings.ManagedSpanWrapper&,intptr)
0x000001e9766cbb43 (Mono JIT Code) UnityEngine.DebugLogHandler:Internal_Log (UnityEngine.LogType,UnityEngine.LogOption,string,UnityEngine.Object)
0x000001e9766cb7fb (Mono JIT Code) UnityEngine.DebugLogHandler:LogFormat (UnityEngine.LogType,UnityEngine.Object,string,object[])
0x000001e9766ca6ae (Mono JIT Code) UnityEngine.Logger:Log (UnityEngine.LogType,object)
0x000001e9aa2b404d (Mono JIT Code) UnityEngine.Debug:LogWarning (object)
0x000001e976d477fb (Mono JIT Code) RecoilConfiguration:FromJson (string) (at C:/Users/Ubuntu/Desktop/_DEV/AFFECT-2025-10-11/Assets/_SCRIPTS/_PLAYER/Recoil/RecoilConfiguration.cs:136)
0x000001e976d48643 (Mono JIT Code) SerializationProperties:Property16_InvalidJsonReturnsDefaultConfiguration () (at C:/Users/Ubuntu/Desktop/_DEV/AFFECT-2025-10-11/Assets/_SCRIPTS/Editor/SerializationProperties.cs:115)
0x000001e9aa264548 (Mono JIT Code) (wrapper runtime-invoke) object:runtime_invoke_void__this__ (object,intptr,intptr,intptr)
0x00007fff3fd16e7e (mono-2.0-bdwgc) mono_jit_runtime_invoke (at C:/build/output/Unity-Technologies/mono/mono/mini/mini-runtime.c:3445)
0x00007fff3fc58874 (mono-2.0-bdwgc) do_runtime_invoke (at C:/build/output/Unity-Technologies/mono/mono/metadata/object.c:3068)
0x00007fff3fc5f926 (mono-2.0-bdwgc) mono_runtime_try_invoke_array (at C:/build/output/Unity-Technologies/mono/mono/metadata/object.c:5774)
0x00007fff3fb91b81 (mono-2.0-bdwgc) ves_icall_InternalInvoke (at C:/build/output/Unity-Technologies/mono/mono/metadata/icall.c:4038)
0x00007fff3fbb7e31 (mono-2.0-bdwgc) ves_icall_InternalInvoke_raw (at C:/build/output/Unity-Technologies/mono/mono/metadata/icall-def.h:692)
0x000001e8e22b0f92 (Mono JIT Code) (wrapper managed-to-native) System.Reflection.RuntimeMethodInfo:InternalInvoke (System.Reflection.RuntimeMethodInfo,object,object[],System.Exception&)
0x000001e8e3c7ea73 (Mono JIT Code) System.Reflection.RuntimeMethodInfo:Invoke (object,System.Reflection.BindingFlags,System.Reflection.Binder,object[],System.Globalization.CultureInfo)
0x000001e8db9555ef (Mono JIT Code) System.Reflection.MethodBase:Invoke (object,object[])
0x000001e9aa26e783 (Mono JIT Code) NUnit.Framework.Internal.Reflect:InvokeMethod (System.Reflection.MethodInfo,object,object[])
0x000001e9aa2760ab (Mono JIT Code) NUnit.Framework.Internal.MethodWrapper:Invoke (object,object[])
0x000001e9aa275f8a (Mono JIT Code) NUnit.Framework.Internal.Commands.TestMethodCommand:RunNonAsyncTestMethod (NUnit.Framework.Internal.ITestExecutionContext)
0x000001e9aa275dd3 (Mono JIT Code) NUnit.Framework.Internal.Commands.TestMethodCommand:RunTestMethod (NUnit.Framework.Internal.ITestExecutionContext)
0x000001e9aa275973 (Mono JIT Code) NUnit.Framework.Internal.Commands.TestMethodCommand:Execute (NUnit.Framework.Internal.ITestExecutionContext)
0x000001e9aa27556b (Mono JIT Code) UnityEngine.TestTools.UnityTestMethodCommand:Execute (NUnit.Framework.Internal.ITestExecutionContext) (at ./Library/PackageCache/com.unity.test-framework@40e262928427/UnityEngine.TestRunner/NUnitExtensions/Commands/UnityTestMethodCommand.cs:19)
0x000001e9aa2752fb (Mono JIT Code) UnityEngine.TestRunner.NUnitExtensions.Runner.UnityLogCheckDelegatingCommand/<>c__DisplayClass2_0:<Execute>b__0 () (at ./Library/PackageCache/com.unity.test-framework@40e262928427/UnityEngine.TestRunner/NUnitExtensions/Runner/UnityLogCheckDelegatingCommand.cs:24)
0x000001e9aa275123 (Mono JIT Code) UnityEngine.TestRunner.NUnitExtensions.Runner.UnityLogCheckDelegatingCommand:CaptureException (NUnit.Framework.Internal.TestResult,System.Action) (at ./Library/PackageCache/com.unity.test-framework@40e262928427/UnityEngine.TestRunner/NUnitExtensions/Runner/UnityLogCheckDelegatingCommand.cs:72)
0x000001e9aa274fb3 (Mono JIT Code) UnityEngine.TestRunner.NUnitExtensions.Runner.UnityLogCheckDelegatingCommand:ExecuteAndCheckLog (UnityEngine.TestTools.Logging.LogScope,NUnit.Framework.Internal.TestResult,System.Action) (at ./Library/PackageCache/com.unity.test-framework@40e262928427/UnityEngine.TestRunner/NUnitExtensions/Runner/UnityLogCheckDelegatingCommand.cs:83)
0x000001e9aa274c3b (Mono JIT Code) UnityEngine.TestRunner.NUnitExtensions.Runner.UnityLogCheckDelegatingCommand:Execute (NUnit.Framework.Internal.ITestExecutionContext) (at ./Library/PackageCache/com.unity.test-framework@40e262928427/UnityEngine.TestRunner/NUnitExtensions/Runner/UnityLogCheckDelegatingCommand.cs:24)
0x000001e9aa273c19 (Mono JIT Code) UnityEngine.TestRunner.NUnitExtensions.Runner.UnityLogCheckDelegatingCommand/<ExecuteEnumerable>d__3:MoveNext () (at ./Library/PackageCache/com.unity.test-framework@40e262928427/UnityEngine.TestRunner/NUnitExtensions/Runner/UnityLogCheckDelegatingCommand.cs:35)
0x000001e9aa251e01 (Mono JIT Code) UnityEngine.TestTools.BeforeAfterTestCommandBase`1/<ExecuteEnumerable>d__16<T_REF>:MoveNext () (at ./Library/PackageCache/com.unity.test-framework@40e262928427/UnityEngine.TestRunner/NUnitExtensions/Commands/BeforeAfterTestCommandBase.cs:212)
0x000001e9aa272fb6 (Mono JIT Code) UnityEngine.TestTools.ImmediateEnumerableCommand:Execute (NUnit.Framework.Internal.ITestExecutionContext) (at ./Library/PackageCache/com.unity.test-framework@40e262928427/UnityEngine.TestRunner/NUnitExtensions/Commands/ImmediateEnumerableCommand.cs:18)
0x000001e9aa251f01 (Mono JIT Code) UnityEngine.TestTools.BeforeAfterTestCommandBase`1/<ExecuteEnumerable>d__16<T_REF>:MoveNext () (at ./Library/PackageCache/com.unity.test-framework@40e262928427/UnityEngine.TestRunner/NUnitExtensions/Commands/BeforeAfterTestCommandBase.cs:219)
0x000001e9aa251e01 (Mono JIT Code) UnityEngine.TestTools.BeforeAfterTestCommandBase`1/<ExecuteEnumerable>d__16<T_REF>:MoveNext () (at ./Library/PackageCache/com.unity.test-framework@40e262928427/UnityEngine.TestRunner/NUnitExtensions/Commands/BeforeAfterTestCommandBase.cs:212)
0x000001e9aa251e01 (Mono JIT Code) UnityEngine.TestTools.BeforeAfterTestCommandBase`1/<ExecuteEnumerable>d__16<T_REF>:MoveNext () (at ./Library/PackageCache/com.unity.test-framework@40e262928427/UnityEngine.TestRunner/NUnitExtensions/Commands/BeforeAfterTestCommandBase.cs:212)
0x000001e9aa26b457 (Mono JIT Code) UnityEngine.TestTools.RetryCommand/<ExecuteEnumerable>d__2:MoveNext () (at ./Library/PackageCache/com.unity.test-framework@40e262928427/UnityEngine.TestRunner/NUnitExtensions/Commands/RetryCommand.cs:37)
0x000001e9aa269f2f (Mono JIT Code) UnityEngine.TestTools.RepeatCommand/<ExecuteEnumerable>d__2:MoveNext () (at ./Library/PackageCache/com.unity.test-framework@40e262928427/UnityEngine.TestRunner/NUnitExtensions/Commands/RepeatCommand.cs:36)
0x000001e9aa268fa6 (Mono JIT Code) UnityEngine.TestTools.IgnoreTestCommand/<ExecuteEnumerable>d__3:MoveNext () (at ./Library/PackageCache/com.unity.test-framework@40e262928427/UnityEngine.TestRunner/NUnitExtensions/Commands/IgnoreTestCommand.cs:42)
0x000001e9aa267c7f (Mono JIT Code) UnityEngine.TestTools.StrictCheckCommand/<ExecuteEnumerable>d__2:MoveNext () (at ./Library/PackageCache/com.unity.test-framework@40e262928427/UnityEngine.TestRunner/NUnitExtensions/Commands/StrictCheckCommand.cs:29)
0x000001e9aa266fe1 (Mono JIT Code) UnityEngine.TestRunner.NUnitExtensions.Runner.DefaultTestWorkItem/<PerformWork>d__2:MoveNext () (at ./Library/PackageCache/com.unity.test-framework@40e262928427/UnityEngine.TestRunner/NUnitExtensions/Runner/DefaultTestWorkItem.cs:50)
0x000001e9aa255e12 (Mono JIT Code) UnityEngine.TestRunner.NUnitExtensions.Runner.CompositeWorkItem/<RunChildren>d__17:MoveNext () (at ./Library/PackageCache/com.unity.test-framework@40e262928427/UnityEngine.TestRunner/NUnitExtensions/Runner/CompositeWorkItem.cs:207)
0x000001e9aa247756 (Mono JIT Code) UnityEngine.TestRunner.NUnitExtensions.Runner.CompositeWorkItem/<PerformWork>d__13:MoveNext () (at ./Library/PackageCache/com.unity.test-framework@40e262928427/UnityEngine.TestRunner/NUnitExtensions/Runner/CompositeWorkItem.cs:82)
0x000001e9aa255e12 (Mono JIT Code) UnityEngine.TestRunner.NUnitExtensions.Runner.CompositeWorkItem/<RunChildren>d__17:MoveNext () (at ./Library/PackageCache/com.unity.test-framework@40e262928427/UnityEngine.TestRunner/NUnitExtensions/Runner/CompositeWorkItem.cs:207)
0x000001e9aa247756 (Mono JIT Code) UnityEngine.TestRunner.NUnitExtensions.Runner.CompositeWorkItem/<PerformWork>d__13:MoveNext () (at ./Library/PackageCache/com.unity.test-framework@40e262928427/UnityEngine.TestRunner/NUnitExtensions/Runner/CompositeWorkItem.cs:82)
0x000001e9aa255e12 (Mono JIT Code) UnityEngine.TestRunner.NUnitExtensions.Runner.CompositeWorkItem/<RunChildren>d__17:MoveNext () (at ./Library/PackageCache/com.unity.test-framework@40e262928427/UnityEngine.TestRunner/NUnitExtensions/Runner/CompositeWorkItem.cs:207)
0x000001e9aa247756 (Mono JIT Code) UnityEngine.TestRunner.NUnitExtensions.Runner.CompositeWorkItem/<PerformWork>d__13:MoveNext () (at ./Library/PackageCache/com.unity.test-framework@40e262928427/UnityEngine.TestRunner/NUnitExtensions/Runner/CompositeWorkItem.cs:82)
0x000001e9aa245fcc (Mono JIT Code) UnityEditor.TestTools.TestRunner.EditModeRunner:MoveNextAndUpdateYieldObject () (at ./Library/PackageCache/com.unity.test-framework@40e262928427/UnityEditor.TestRunner/TestRunner/EditModeRunner.cs:167)
0x000001e9aa245b7b (Mono JIT Code) UnityEditor.TestTools.TestRunner.EditModeRunner:TestConsumer (UnityEditor.TestTools.TestRunner.TestRunnerStateSerializer) (at ./Library/PackageCache/com.unity.test-framework@40e262928427/UnityEditor.TestRunner/TestRunner/EditModeRunner.cs:200)
0x000001e9aa23c173 (Mono JIT Code) UnityEditor.TestTools.TestRunner.TestRun.Tasks.EditModeRunTask/<Execute>d__1:MoveNext () (at ./Library/PackageCache/com.unity.test-framework@40e262928427/UnityEditor.TestRunner/TestRun/Tasks/EditModeRunTask.cs:48)
0x000001e977129d5e (Mono JIT Code) UnityEditor.TestTools.TestRunner.TestRun.TestJobRunner:ExecuteStep () (at ./Library/PackageCache/com.unity.test-framework@40e262928427/UnityEditor.TestRunner/TestRun/TestJobRunner.cs:173)
0x000001e977128953 (Mono JIT Code) UnityEditor.TestTools.TestRunner.TestRun.TestJobRunner:ExecuteCallback () (at ./Library/PackageCache/com.unity.test-framework@40e262928427/UnityEditor.TestRunner/TestRun/TestJobRunner.cs:108)
0x000001e99df821b8 (Mono JIT Code) UnityEditor.EditorApplication:Internal_CallUpdateFunctions ()
0x000001e8e6514785 (Mono JIT Code) (wrapper runtime-invoke) object:runtime_invoke_void (object,intptr,intptr,intptr)
0x00007fff3fd16e7e (mono-2.0-bdwgc) mono_jit_runtime_invoke (at C:/build/output/Unity-Technologies/mono/mono/mini/mini-runtime.c:3445)
0x00007fff3fc58874 (mono-2.0-bdwgc) do_runtime_invoke (at C:/build/output/Unity-Technologies/mono/mono/metadata/object.c:3068)
0x00007fff3fc58960 (mono-2.0-bdwgc) mono_runtime_invoke (at C:/build/output/Unity-Technologies/mono/mono/metadata/object.c:3115)
0x00007fff38e4cea4 (Unity) scripting_method_invoke
0x00007fff38e25433 (Unity) ScriptingInvocation::Invoke
0x00007fff38e20b35 (Unity) ScriptingInvocation::Invoke<void>
0x00007fff38f8b4bb (Unity) Scripting::UnityEditor::EditorApplicationProxy::Internal_CallUpdateFunctions
0x00007fff3a07e0e4 (Unity) SceneTracker::Update
0x00007fff39be1247 (Unity) Application::TickTimer
0x00007fff3a1b25ac (Unity) MainMessageLoop
0x00007fff3a1b9d1c (Unity) UnityMain
0x00007ff68b302f2a (Unity) __scrt_common_main_seh
0x00007fffddade8d7 (KERNEL32) BaseThreadInitThunk
0x00007fffde88c53c (ntdll) RtlUserThreadStart

[RecoilConfiguration] Failed to deserialize JSON: JSON parse error: Missing a name for object member.. Returning default configuration.
0x00007fff38f222ae (Unity) StackWalker::ShowCallstack
0x00007fff38f31ee9 (Unity) PlatformStacktrace::GetStacktrace
0x00007fff3a1ac04e (Unity) Stacktrace::GetStacktrace
0x00007fff3a7859df (Unity) DebugStringToFile
0x00007fff37fd2930 (Unity) DebugLogHandler_CUSTOM_Internal_Log
0x000001e9766cbd3e (Mono JIT Code) (wrapper managed-to-native) UnityEngine.DebugLogHandler:Internal_Log_Injected (UnityEngine.LogType,UnityEngine.LogOption,UnityEngine.Bindings.ManagedSpanWrapper&,intptr)
0x000001e9766cbb43 (Mono JIT Code) UnityEngine.DebugLogHandler:Internal_Log (UnityEngine.LogType,UnityEngine.LogOption,string,UnityEngine.Object)
0x000001e9766cb7fb (Mono JIT Code) UnityEngine.DebugLogHandler:LogFormat (UnityEngine.LogType,UnityEngine.Object,string,object[])
0x000001e9766ca6ae (Mono JIT Code) UnityEngine.Logger:Log (UnityEngine.LogType,object)
0x000001e9aa2b404d (Mono JIT Code) UnityEngine.Debug:LogWarning (object)
0x000001e976d47adb (Mono JIT Code) RecoilConfiguration:FromJson (string) (at C:/Users/Ubuntu/Desktop/_DEV/AFFECT-2025-10-11/Assets/_SCRIPTS/_PLAYER/Recoil/RecoilConfiguration.cs:152)
0x000001e976d48643 (Mono JIT Code) SerializationProperties:Property16_InvalidJsonReturnsDefaultConfiguration () (at C:/Users/Ubuntu/Desktop/_DEV/AFFECT-2025-10-11/Assets/_SCRIPTS/Editor/SerializationProperties.cs:115)
0x000001e9aa264548 (Mono JIT Code) (wrapper runtime-invoke) object:runtime_invoke_void__this__ (object,intptr,intptr,intptr)
0x00007fff3fd16e7e (mono-2.0-bdwgc) mono_jit_runtime_invoke (at C:/build/output/Unity-Technologies/mono/mono/mini/mini-runtime.c:3445)
0x00007fff3fc58874 (mono-2.0-bdwgc) do_runtime_invoke (at C:/build/output/Unity-Technologies/mono/mono/metadata/object.c:3068)
0x00007fff3fc5f926 (mono-2.0-bdwgc) mono_runtime_try_invoke_array (at C:/build/output/Unity-Technologies/mono/mono/metadata/object.c:5774)
0x00007fff3fb91b81 (mono-2.0-bdwgc) ves_icall_InternalInvoke (at C:/build/output/Unity-Technologies/mono/mono/metadata/icall.c:4038)
0x00007fff3fbb7e31 (mono-2.0-bdwgc) ves_icall_InternalInvoke_raw (at C:/build/output/Unity-Technologies/mono/mono/metadata/icall-def.h:692)
0x000001e8e22b0f92 (Mono JIT Code) (wrapper managed-to-native) System.Reflection.RuntimeMethodInfo:InternalInvoke (System.Reflection.RuntimeMethodInfo,object,object[],System.Exception&)
0x000001e8e3c7ea73 (Mono JIT Code) System.Reflection.RuntimeMethodInfo:Invoke (object,System.Reflection.BindingFlags,System.Reflection.Binder,object[],System.Globalization.CultureInfo)
0x000001e8db9555ef (Mono JIT Code) System.Reflection.MethodBase:Invoke (object,object[])
0x000001e9aa26e783 (Mono JIT Code) NUnit.Framework.Internal.Reflect:InvokeMethod (System.Reflection.MethodInfo,object,object[])
0x000001e9aa2760ab (Mono JIT Code) NUnit.Framework.Internal.MethodWrapper:Invoke (object,object[])
0x000001e9aa275f8a (Mono JIT Code) NUnit.Framework.Internal.Commands.TestMethodCommand:RunNonAsyncTestMethod (NUnit.Framework.Internal.ITestExecutionContext)
0x000001e9aa275dd3 (Mono JIT Code) NUnit.Framework.Internal.Commands.TestMethodCommand:RunTestMethod (NUnit.Framework.Internal.ITestExecutionContext)
0x000001e9aa275973 (Mono JIT Code) NUnit.Framework.Internal.Commands.TestMethodCommand:Execute (NUnit.Framework.Internal.ITestExecutionContext)
0x000001e9aa27556b (Mono JIT Code) UnityEngine.TestTools.UnityTestMethodCommand:Execute (NUnit.Framework.Internal.ITestExecutionContext) (at ./Library/PackageCache/com.unity.test-framework@40e262928427/UnityEngine.TestRunner/NUnitExtensions/Commands/UnityTestMethodCommand.cs:19)
0x000001e9aa2752fb (Mono JIT Code) UnityEngine.TestRunner.NUnitExtensions.Runner.UnityLogCheckDelegatingCommand/<>c__DisplayClass2_0:<Execute>b__0 () (at ./Library/PackageCache/com.unity.test-framework@40e262928427/UnityEngine.TestRunner/NUnitExtensions/Runner/UnityLogCheckDelegatingCommand.cs:24)
0x000001e9aa275123 (Mono JIT Code) UnityEngine.TestRunner.NUnitExtensions.Runner.UnityLogCheckDelegatingCommand:CaptureException (NUnit.Framework.Internal.TestResult,System.Action) (at ./Library/PackageCache/com.unity.test-framework@40e262928427/UnityEngine.TestRunner/NUnitExtensions/Runner/UnityLogCheckDelegatingCommand.cs:72)
0x000001e9aa274fb3 (Mono JIT Code) UnityEngine.TestRunner.NUnitExtensions.Runner.UnityLogCheckDelegatingCommand:ExecuteAndCheckLog (UnityEngine.TestTools.Logging.LogScope,NUnit.Framework.Internal.TestResult,System.Action) (at ./Library/PackageCache/com.unity.test-framework@40e262928427/UnityEngine.TestRunner/NUnitExtensions/Runner/UnityLogCheckDelegatingCommand.cs:83)
0x000001e9aa274c3b (Mono JIT Code) UnityEngine.TestRunner.NUnitExtensions.Runner.UnityLogCheckDelegatingCommand:Execute (NUnit.Framework.Internal.ITestExecutionContext) (at ./Library/PackageCache/com.unity.test-framework@40e262928427/UnityEngine.TestRunner/NUnitExtensions/Runner/UnityLogCheckDelegatingCommand.cs:24)
0x000001e9aa273c19 (Mono JIT Code) UnityEngine.TestRunner.NUnitExtensions.Runner.UnityLogCheckDelegatingCommand/<ExecuteEnumerable>d__3:MoveNext () (at ./Library/PackageCache/com.unity.test-framework@40e262928427/UnityEngine.TestRunner/NUnitExtensions/Runner/UnityLogCheckDelegatingCommand.cs:35)
0x000001e9aa251e01 (Mono JIT Code) UnityEngine.TestTools.BeforeAfterTestCommandBase`1/<ExecuteEnumerable>d__16<T_REF>:MoveNext () (at ./Library/PackageCache/com.unity.test-framework@40e262928427/UnityEngine.TestRunner/NUnitExtensions/Commands/BeforeAfterTestCommandBase.cs:212)
0x000001e9aa272fb6 (Mono JIT Code) UnityEngine.TestTools.ImmediateEnumerableCommand:Execute (NUnit.Framework.Internal.ITestExecutionContext) (at ./Library/PackageCache/com.unity.test-framework@40e262928427/UnityEngine.TestRunner/NUnitExtensions/Commands/ImmediateEnumerableCommand.cs:18)
0x000001e9aa251f01 (Mono JIT Code) UnityEngine.TestTools.BeforeAfterTestCommandBase`1/<ExecuteEnumerable>d__16<T_REF>:MoveNext () (at ./Library/PackageCache/com.unity.test-framework@40e262928427/UnityEngine.TestRunner/NUnitExtensions/Commands/BeforeAfterTestCommandBase.cs:219)
0x000001e9aa251e01 (Mono JIT Code) UnityEngine.TestTools.BeforeAfterTestCommandBase`1/<ExecuteEnumerable>d__16<T_REF>:MoveNext () (at ./Library/PackageCache/com.unity.test-framework@40e262928427/UnityEngine.TestRunner/NUnitExtensions/Commands/BeforeAfterTestCommandBase.cs:212)
0x000001e9aa251e01 (Mono JIT Code) UnityEngine.TestTools.BeforeAfterTestCommandBase`1/<ExecuteEnumerable>d__16<T_REF>:MoveNext () (at ./Library/PackageCache/com.unity.test-framework@40e262928427/UnityEngine.TestRunner/NUnitExtensions/Commands/BeforeAfterTestCommandBase.cs:212)
0x000001e9aa26b457 (Mono JIT Code) UnityEngine.TestTools.RetryCommand/<ExecuteEnumerable>d__2:MoveNext () (at ./Library/PackageCache/com.unity.test-framework@40e262928427/UnityEngine.TestRunner/NUnitExtensions/Commands/RetryCommand.cs:37)
0x000001e9aa269f2f (Mono JIT Code) UnityEngine.TestTools.RepeatCommand/<ExecuteEnumerable>d__2:MoveNext () (at ./Library/PackageCache/com.unity.test-framework@40e262928427/UnityEngine.TestRunner/NUnitExtensions/Commands/RepeatCommand.cs:36)
0x000001e9aa268fa6 (Mono JIT Code) UnityEngine.TestTools.IgnoreTestCommand/<ExecuteEnumerable>d__3:MoveNext () (at ./Library/PackageCache/com.unity.test-framework@40e262928427/UnityEngine.TestRunner/NUnitExtensions/Commands/IgnoreTestCommand.cs:42)
0x000001e9aa267c7f (Mono JIT Code) UnityEngine.TestTools.StrictCheckCommand/<ExecuteEnumerable>d__2:MoveNext () (at ./Library/PackageCache/com.unity.test-framework@40e262928427/UnityEngine.TestRunner/NUnitExtensions/Commands/StrictCheckCommand.cs:29)
0x000001e9aa266fe1 (Mono JIT Code) UnityEngine.TestRunner.NUnitExtensions.Runner.DefaultTestWorkItem/<PerformWork>d__2:MoveNext () (at ./Library/PackageCache/com.unity.test-framework@40e262928427/UnityEngine.TestRunner/NUnitExtensions/Runner/DefaultTestWorkItem.cs:50)
0x000001e9aa255e12 (Mono JIT Code) UnityEngine.TestRunner.NUnitExtensions.Runner.CompositeWorkItem/<RunChildren>d__17:MoveNext () (at ./Library/PackageCache/com.unity.test-framework@40e262928427/UnityEngine.TestRunner/NUnitExtensions/Runner/CompositeWorkItem.cs:207)
0x000001e9aa247756 (Mono JIT Code) UnityEngine.TestRunner.NUnitExtensions.Runner.CompositeWorkItem/<PerformWork>d__13:MoveNext () (at ./Library/PackageCache/com.unity.test-framework@40e262928427/UnityEngine.TestRunner/NUnitExtensions/Runner/CompositeWorkItem.cs:82)
0x000001e9aa255e12 (Mono JIT Code) UnityEngine.TestRunner.NUnitExtensions.Runner.CompositeWorkItem/<RunChildren>d__17:MoveNext () (at ./Library/PackageCache/com.unity.test-framework@40e262928427/UnityEngine.TestRunner/NUnitExtensions/Runner/CompositeWorkItem.cs:207)
0x000001e9aa247756 (Mono JIT Code) UnityEngine.TestRunner.NUnitExtensions.Runner.CompositeWorkItem/<PerformWork>d__13:MoveNext () (at ./Library/PackageCache/com.unity.test-framework@40e262928427/UnityEngine.TestRunner/NUnitExtensions/Runner/CompositeWorkItem.cs:82)
0x000001e9aa255e12 (Mono JIT Code) UnityEngine.TestRunner.NUnitExtensions.Runner.CompositeWorkItem/<RunChildren>d__17:MoveNext () (at ./Library/PackageCache/com.unity.test-framework@40e262928427/UnityEngine.TestRunner/NUnitExtensions/Runner/CompositeWorkItem.cs:207)
0x000001e9aa247756 (Mono JIT Code) UnityEngine.TestRunner.NUnitExtensions.Runner.CompositeWorkItem/<PerformWork>d__13:MoveNext () (at ./Library/PackageCache/com.unity.test-framework@40e262928427/UnityEngine.TestRunner/NUnitExtensions/Runner/CompositeWorkItem.cs:82)
0x000001e9aa245fcc (Mono JIT Code) UnityEditor.TestTools.TestRunner.EditModeRunner:MoveNextAndUpdateYieldObject () (at ./Library/PackageCache/com.unity.test-framework@40e262928427/UnityEditor.TestRunner/TestRunner/EditModeRunner.cs:167)
0x000001e9aa245b7b (Mono JIT Code) UnityEditor.TestTools.TestRunner.EditModeRunner:TestConsumer (UnityEditor.TestTools.TestRunner.TestRunnerStateSerializer) (at ./Library/PackageCache/com.unity.test-framework@40e262928427/UnityEditor.TestRunner/TestRunner/EditModeRunner.cs:200)
0x000001e9aa23c173 (Mono JIT Code) UnityEditor.TestTools.TestRunner.TestRun.Tasks.EditModeRunTask/<Execute>d__1:MoveNext () (at ./Library/PackageCache/com.unity.test-framework@40e262928427/UnityEditor.TestRunner/TestRun/Tasks/EditModeRunTask.cs:48)
0x000001e977129d5e (Mono JIT Code) UnityEditor.TestTools.TestRunner.TestRun.TestJobRunner:ExecuteStep () (at ./Library/PackageCache/com.unity.test-framework@40e262928427/UnityEditor.TestRunner/TestRun/TestJobRunner.cs:173)
0x000001e977128953 (Mono JIT Code) UnityEditor.TestTools.TestRunner.TestRun.TestJobRunner:ExecuteCallback () (at ./Library/PackageCache/com.unity.test-framework@40e262928427/UnityEditor.TestRunner/TestRun/TestJobRunner.cs:108)
0x000001e99df821b8 (Mono JIT Code) UnityEditor.EditorApplication:Internal_CallUpdateFunctions ()
0x000001e8e6514785 (Mono JIT Code) (wrapper runtime-invoke) object:runtime_invoke_void (object,intptr,intptr,intptr)
0x00007fff3fd16e7e (mono-2.0-bdwgc) mono_jit_runtime_invoke (at C:/build/output/Unity-Technologies/mono/mono/mini/mini-runtime.c:3445)
0x00007fff3fc58874 (mono-2.0-bdwgc) do_runtime_invoke (at C:/build/output/Unity-Technologies/mono/mono/metadata/object.c:3068)
0x00007fff3fc58960 (mono-2.0-bdwgc) mono_runtime_invoke (at C:/build/output/Unity-Technologies/mono/mono/metadata/object.c:3115)
0x00007fff38e4cea4 (Unity) scripting_method_invoke
0x00007fff38e25433 (Unity) ScriptingInvocation::Invoke
0x00007fff38e20b35 (Unity) ScriptingInvocation::Invoke<void>
0x00007fff38f8b4bb (Unity) Scripting::UnityEditor::EditorApplicationProxy::Internal_CallUpdateFunctions
0x00007fff3a07e0e4 (Unity) SceneTracker::Update
0x00007fff39be1247 (Unity) Application::TickTimer
0x00007fff3a1b25ac (Unity) MainMessageLoop
0x00007fff3a1b9d1c (Unity) UnityMain
0x00007ff68b302f2a (Unity) __scrt_common_main_seh
0x00007fffddade8d7 (KERNEL32) BaseThreadInitThunk
0x00007fffde88c53c (ntdll) RtlUserThreadStart

[RecoilConfiguration] Empty or null JSON provided, returning default configuration.
0x00007fff38f222ae (Unity) StackWalker::ShowCallstack
0x00007fff38f31ee9 (Unity) PlatformStacktrace::GetStacktrace
0x00007fff3a1ac04e (Unity) Stacktrace::GetStacktrace
0x00007fff3a7859df (Unity) DebugStringToFile
0x00007fff37fd2930 (Unity) DebugLogHandler_CUSTOM_Internal_Log
0x000001e9766cbd3e (Mono JIT Code) (wrapper managed-to-native) UnityEngine.DebugLogHandler:Internal_Log_Injected (UnityEngine.LogType,UnityEngine.LogOption,UnityEngine.Bindings.ManagedSpanWrapper&,intptr)
0x000001e9766cbb43 (Mono JIT Code) UnityEngine.DebugLogHandler:Internal_Log (UnityEngine.LogType,UnityEngine.LogOption,string,UnityEngine.Object)
0x000001e9766cb7fb (Mono JIT Code) UnityEngine.DebugLogHandler:LogFormat (UnityEngine.LogType,UnityEngine.Object,string,object[])
0x000001e9766ca6ae (Mono JIT Code) UnityEngine.Logger:Log (UnityEngine.LogType,object)
0x000001e9aa2b404d (Mono JIT Code) UnityEngine.Debug:LogWarning (object)
0x000001e976d477fb (Mono JIT Code) RecoilConfiguration:FromJson (string) (at C:/Users/Ubuntu/Desktop/_DEV/AFFECT-2025-10-11/Assets/_SCRIPTS/_PLAYER/Recoil/RecoilConfiguration.cs:136)
0x000001e976d48643 (Mono JIT Code) SerializationProperties:Property16_InvalidJsonReturnsDefaultConfiguration () (at C:/Users/Ubuntu/Desktop/_DEV/AFFECT-2025-10-11/Assets/_SCRIPTS/Editor/SerializationProperties.cs:115)
0x000001e9aa264548 (Mono JIT Code) (wrapper runtime-invoke) object:runtime_invoke_void__this__ (object,intptr,intptr,intptr)
0x00007fff3fd16e7e (mono-2.0-bdwgc) mono_jit_runtime_invoke (at C:/build/output/Unity-Technologies/mono/mono/mini/mini-runtime.c:3445)
0x00007fff3fc58874 (mono-2.0-bdwgc) do_runtime_invoke (at C:/build/output/Unity-Technologies/mono/mono/metadata/object.c:3068)
0x00007fff3fc5f926 (mono-2.0-bdwgc) mono_runtime_try_invoke_array (at C:/build/output/Unity-Technologies/mono/mono/metadata/object.c:5774)
0x00007fff3fb91b81 (mono-2.0-bdwgc) ves_icall_InternalInvoke (at C:/build/output/Unity-Technologies/mono/mono/metadata/icall.c:4038)
0x00007fff3fbb7e31 (mono-2.0-bdwgc) ves_icall_InternalInvoke_raw (at C:/build/output/Unity-Technologies/mono/mono/metadata/icall-def.h:692)
0x000001e8e22b0f92 (Mono JIT Code) (wrapper managed-to-native) System.Reflection.RuntimeMethodInfo:InternalInvoke (System.Reflection.RuntimeMethodInfo,object,object[],System.Exception&)
0x000001e8e3c7ea73 (Mono JIT Code) System.Reflection.RuntimeMethodInfo:Invoke (object,System.Reflection.BindingFlags,System.Reflection.Binder,object[],System.Globalization.CultureInfo)
0x000001e8db9555ef (Mono JIT Code) System.Reflection.MethodBase:Invoke (object,object[])
0x000001e9aa26e783 (Mono JIT Code) NUnit.Framework.Internal.Reflect:InvokeMethod (System.Reflection.MethodInfo,object,object[])
0x000001e9aa2760ab (Mono JIT Code) NUnit.Framework.Internal.MethodWrapper:Invoke (object,object[])
0x000001e9aa275f8a (Mono JIT Code) NUnit.Framework.Internal.Commands.TestMethodCommand:RunNonAsyncTestMethod (NUnit.Framework.Internal.ITestExecutionContext)
0x000001e9aa275dd3 (Mono JIT Code) NUnit.Framework.Internal.Commands.TestMethodCommand:RunTestMethod (NUnit.Framework.Internal.ITestExecutionContext)
0x000001e9aa275973 (Mono JIT Code) NUnit.Framework.Internal.Commands.TestMethodCommand:Execute (NUnit.Framework.Internal.ITestExecutionContext)
0x000001e9aa27556b (Mono JIT Code) UnityEngine.TestTools.UnityTestMethodCommand:Execute (NUnit.Framework.Internal.ITestExecutionContext) (at ./Library/PackageCache/com.unity.test-framework@40e262928427/UnityEngine.TestRunner/NUnitExtensions/Commands/UnityTestMethodCommand.cs:19)
0x000001e9aa2752fb (Mono JIT Code) UnityEngine.TestRunner.NUnitExtensions.Runner.UnityLogCheckDelegatingCommand/<>c__DisplayClass2_0:<Execute>b__0 () (at ./Library/PackageCache/com.unity.test-framework@40e262928427/UnityEngine.TestRunner/NUnitExtensions/Runner/UnityLogCheckDelegatingCommand.cs:24)
0x000001e9aa275123 (Mono JIT Code) UnityEngine.TestRunner.NUnitExtensions.Runner.UnityLogCheckDelegatingCommand:CaptureException (NUnit.Framework.Internal.TestResult,System.Action) (at ./Library/PackageCache/com.unity.test-framework@40e262928427/UnityEngine.TestRunner/NUnitExtensions/Runner/UnityLogCheckDelegatingCommand.cs:72)
0x000001e9aa274fb3 (Mono JIT Code) UnityEngine.TestRunner.NUnitExtensions.Runner.UnityLogCheckDelegatingCommand:ExecuteAndCheckLog (UnityEngine.TestTools.Logging.LogScope,NUnit.Framework.Internal.TestResult,System.Action) (at ./Library/PackageCache/com.unity.test-framework@40e262928427/UnityEngine.TestRunner/NUnitExtensions/Runner/UnityLogCheckDelegatingCommand.cs:83)
0x000001e9aa274c3b (Mono JIT Code) UnityEngine.TestRunner.NUnitExtensions.Runner.UnityLogCheckDelegatingCommand:Execute (NUnit.Framework.Internal.ITestExecutionContext) (at ./Library/PackageCache/com.unity.test-framework@40e262928427/UnityEngine.TestRunner/NUnitExtensions/Runner/UnityLogCheckDelegatingCommand.cs:24)
0x000001e9aa273c19 (Mono JIT Code) UnityEngine.TestRunner.NUnitExtensions.Runner.UnityLogCheckDelegatingCommand/<ExecuteEnumerable>d__3:MoveNext () (at ./Library/PackageCache/com.unity.test-framework@40e262928427/UnityEngine.TestRunner/NUnitExtensions/Runner/UnityLogCheckDelegatingCommand.cs:35)
0x000001e9aa251e01 (Mono JIT Code) UnityEngine.TestTools.BeforeAfterTestCommandBase`1/<ExecuteEnumerable>d__16<T_REF>:MoveNext () (at ./Library/PackageCache/com.unity.test-framework@40e262928427/UnityEngine.TestRunner/NUnitExtensions/Commands/BeforeAfterTestCommandBase.cs:212)
0x000001e9aa272fb6 (Mono JIT Code) UnityEngine.TestTools.ImmediateEnumerableCommand:Execute (NUnit.Framework.Internal.ITestExecutionContext) (at ./Library/PackageCache/com.unity.test-framework@40e262928427/UnityEngine.TestRunner/NUnitExtensions/Commands/ImmediateEnumerableCommand.cs:18)
0x000001e9aa251f01 (Mono JIT Code) UnityEngine.TestTools.BeforeAfterTestCommandBase`1/<ExecuteEnumerable>d__16<T_REF>:MoveNext () (at ./Library/PackageCache/com.unity.test-framework@40e262928427/UnityEngine.TestRunner/NUnitExtensions/Commands/BeforeAfterTestCommandBase.cs:219)
0x000001e9aa251e01 (Mono JIT Code) UnityEngine.TestTools.BeforeAfterTestCommandBase`1/<ExecuteEnumerable>d__16<T_REF>:MoveNext () (at ./Library/PackageCache/com.unity.test-framework@40e262928427/UnityEngine.TestRunner/NUnitExtensions/Commands/BeforeAfterTestCommandBase.cs:212)
0x000001e9aa251e01 (Mono JIT Code) UnityEngine.TestTools.BeforeAfterTestCommandBase`1/<ExecuteEnumerable>d__16<T_REF>:MoveNext () (at ./Library/PackageCache/com.unity.test-framework@40e262928427/UnityEngine.TestRunner/NUnitExtensions/Commands/BeforeAfterTestCommandBase.cs:212)
0x000001e9aa26b457 (Mono JIT Code) UnityEngine.TestTools.RetryCommand/<ExecuteEnumerable>d__2:MoveNext () (at ./Library/PackageCache/com.unity.test-framework@40e262928427/UnityEngine.TestRunner/NUnitExtensions/Commands/RetryCommand.cs:37)
0x000001e9aa269f2f (Mono JIT Code) UnityEngine.TestTools.RepeatCommand/<ExecuteEnumerable>d__2:MoveNext () (at ./Library/PackageCache/com.unity.test-framework@40e262928427/UnityEngine.TestRunner/NUnitExtensions/Commands/RepeatCommand.cs:36)
0x000001e9aa268fa6 (Mono JIT Code) UnityEngine.TestTools.IgnoreTestCommand/<ExecuteEnumerable>d__3:MoveNext () (at ./Library/PackageCache/com.unity.test-framework@40e262928427/UnityEngine.TestRunner/NUnitExtensions/Commands/IgnoreTestCommand.cs:42)
0x000001e9aa267c7f (Mono JIT Code) UnityEngine.TestTools.StrictCheckCommand/<ExecuteEnumerable>d__2:MoveNext () (at ./Library/PackageCache/com.unity.test-framework@40e262928427/UnityEngine.TestRunner/NUnitExtensions/Commands/StrictCheckCommand.cs:29)
0x000001e9aa266fe1 (Mono JIT Code) UnityEngine.TestRunner.NUnitExtensions.Runner.DefaultTestWorkItem/<PerformWork>d__2:MoveNext () (at ./Library/PackageCache/com.unity.test-framework@40e262928427/UnityEngine.TestRunner/NUnitExtensions/Runner/DefaultTestWorkItem.cs:50)
0x000001e9aa255e12 (Mono JIT Code) UnityEngine.TestRunner.NUnitExtensions.Runner.CompositeWorkItem/<RunChildren>d__17:MoveNext () (at ./Library/PackageCache/com.unity.test-framework@40e262928427/UnityEngine.TestRunner/NUnitExtensions/Runner/CompositeWorkItem.cs:207)
0x000001e9aa247756 (Mono JIT Code) UnityEngine.TestRunner.NUnitExtensions.Runner.CompositeWorkItem/<PerformWork>d__13:MoveNext () (at ./Library/PackageCache/com.unity.test-framework@40e262928427/UnityEngine.TestRunner/NUnitExtensions/Runner/CompositeWorkItem.cs:82)
0x000001e9aa255e12 (Mono JIT Code) UnityEngine.TestRunner.NUnitExtensions.Runner.CompositeWorkItem/<RunChildren>d__17:MoveNext () (at ./Library/PackageCache/com.unity.test-framework@40e262928427/UnityEngine.TestRunner/NUnitExtensions/Runner/CompositeWorkItem.cs:207)
0x000001e9aa247756 (Mono JIT Code) UnityEngine.TestRunner.NUnitExtensions.Runner.CompositeWorkItem/<PerformWork>d__13:MoveNext () (at ./Library/PackageCache/com.unity.test-framework@40e262928427/UnityEngine.TestRunner/NUnitExtensions/Runner/CompositeWorkItem.cs:82)
0x000001e9aa255e12 (Mono JIT Code) UnityEngine.TestRunner.NUnitExtensions.Runner.CompositeWorkItem/<RunChildren>d__17:MoveNext () (at ./Library/PackageCache/com.unity.test-framework@40e262928427/UnityEngine.TestRunner/NUnitExtensions/Runner/CompositeWorkItem.cs:207)
0x000001e9aa247756 (Mono JIT Code) UnityEngine.TestRunner.NUnitExtensions.Runner.CompositeWorkItem/<PerformWork>d__13:MoveNext () (at ./Library/PackageCache/com.unity.test-framework@40e262928427/UnityEngine.TestRunner/NUnitExtensions/Runner/CompositeWorkItem.cs:82)
0x000001e9aa245fcc (Mono JIT Code) UnityEditor.TestTools.TestRunner.EditModeRunner:MoveNextAndUpdateYieldObject () (at ./Library/PackageCache/com.unity.test-framework@40e262928427/UnityEditor.TestRunner/TestRunner/EditModeRunner.cs:167)
0x000001e9aa245b7b (Mono JIT Code) UnityEditor.TestTools.TestRunner.EditModeRunner:TestConsumer (UnityEditor.TestTools.TestRunner.TestRunnerStateSerializer) (at ./Library/PackageCache/com.unity.test-framework@40e262928427/UnityEditor.TestRunner/TestRunner/EditModeRunner.cs:200)
0x000001e9aa23c173 (Mono JIT Code) UnityEditor.TestTools.TestRunner.TestRun.Tasks.EditModeRunTask/<Execute>d__1:MoveNext () (at ./Library/PackageCache/com.unity.test-framework@40e262928427/UnityEditor.TestRunner/TestRun/Tasks/EditModeRunTask.cs:48)
0x000001e977129d5e (Mono JIT Code) UnityEditor.TestTools.TestRunner.TestRun.TestJobRunner:ExecuteStep () (at ./Library/PackageCache/com.unity.test-framework@40e262928427/UnityEditor.TestRunner/TestRun/TestJobRunner.cs:173)
0x000001e977128953 (Mono JIT Code) UnityEditor.TestTools.TestRunner.TestRun.TestJobRunner:ExecuteCallback () (at ./Library/PackageCache/com.unity.test-framework@40e262928427/UnityEditor.TestRunner/TestRun/TestJobRunner.cs:108)
0x000001e99df821b8 (Mono JIT Code) UnityEditor.EditorApplication:Internal_CallUpdateFunctions ()
0x000001e8e6514785 (Mono JIT Code) (wrapper runtime-invoke) object:runtime_invoke_void (object,intptr,intptr,intptr)
0x00007fff3fd16e7e (mono-2.0-bdwgc) mono_jit_runtime_invoke (at C:/build/output/Unity-Technologies/mono/mono/mini/mini-runtime.c:3445)
0x00007fff3fc58874 (mono-2.0-bdwgc) do_runtime_invoke (at C:/build/output/Unity-Technologies/mono/mono/metadata/object.c:3068)
0x00007fff3fc58960 (mono-2.0-bdwgc) mono_runtime_invoke (at C:/build/output/Unity-Technologies/mono/mono/metadata/object.c:3115)
0x00007fff38e4cea4 (Unity) scripting_method_invoke
0x00007fff38e25433 (Unity) ScriptingInvocation::Invoke
0x00007fff38e20b35 (Unity) ScriptingInvocation::Invoke<void>
0x00007fff38f8b4bb (Unity) Scripting::UnityEditor::EditorApplicationProxy::Internal_CallUpdateFunctions
0x00007fff3a07e0e4 (Unity) SceneTracker::Update
0x00007fff39be1247 (Unity) Application::TickTimer
0x00007fff3a1b25ac (Unity) MainMessageLoop
0x00007fff3a1b9d1c (Unity) UnityMain
0x00007ff68b302f2a (Unity) __scrt_common_main_seh
0x00007fffddade8d7 (KERNEL32) BaseThreadInitThunk
0x00007fffde88c53c (ntdll) RtlUserThreadStart

[RecoilConfiguration] Failed to deserialize JSON: JSON parse error: Missing a name for object member.. Returning default configuration.
0x00007fff38f222ae (Unity) StackWalker::ShowCallstack
0x00007fff38f31ee9 (Unity) PlatformStacktrace::GetStacktrace
0x00007fff3a1ac04e (Unity) Stacktrace::GetStacktrace
0x00007fff3a7859df (Unity) DebugStringToFile
0x00007fff37fd2930 (Unity) DebugLogHandler_CUSTOM_Internal_Log
0x000001e9766cbd3e (Mono JIT Code) (wrapper managed-to-native) UnityEngine.DebugLogHandler:Internal_Log_Injected (UnityEngine.LogType,UnityEngine.LogOption,UnityEngine.Bindings.ManagedSpanWrapper&,intptr)
0x000001e9766cbb43 (Mono JIT Code) UnityEngine.DebugLogHandler:Internal_Log (UnityEngine.LogType,UnityEngine.LogOption,string,UnityEngine.Object)
0x000001e9766cb7fb (Mono JIT Code) UnityEngine.DebugLogHandler:LogFormat (UnityEngine.LogType,UnityEngine.Object,string,object[])
0x000001e9766ca6ae (Mono JIT Code) UnityEngine.Logger:Log (UnityEngine.LogType,object)
0x000001e9aa2b404d (Mono JIT Code) UnityEngine.Debug:LogWarning (object)
0x000001e976d47adb (Mono JIT Code) RecoilConfiguration:FromJson (string) (at C:/Users/Ubuntu/Desktop/_DEV/AFFECT-2025-10-11/Assets/_SCRIPTS/_PLAYER/Recoil/RecoilConfiguration.cs:152)
0x000001e976d48643 (Mono JIT Code) SerializationProperties:Property16_InvalidJsonReturnsDefaultConfiguration () (at C:/Users/Ubuntu/Desktop/_DEV/AFFECT-2025-10-11/Assets/_SCRIPTS/Editor/SerializationProperties.cs:115)
0x000001e9aa264548 (Mono JIT Code) (wrapper runtime-invoke) object:runtime_invoke_void__this__ (object,intptr,intptr,intptr)
0x00007fff3fd16e7e (mono-2.0-bdwgc) mono_jit_runtime_invoke (at C:/build/output/Unity-Technologies/mono/mono/mini/mini-runtime.c:3445)
0x00007fff3fc58874 (mono-2.0-bdwgc) do_runtime_invoke (at C:/build/output/Unity-Technologies/mono/mono/metadata/object.c:3068)
0x00007fff3fc5f926 (mono-2.0-bdwgc) mono_runtime_try_invoke_array (at C:/build/output/Unity-Technologies/mono/mono/metadata/object.c:5774)
0x00007fff3fb91b81 (mono-2.0-bdwgc) ves_icall_InternalInvoke (at C:/build/output/Unity-Technologies/mono/mono/metadata/icall.c:4038)
0x00007fff3fbb7e31 (mono-2.0-bdwgc) ves_icall_InternalInvoke_raw (at C:/build/output/Unity-Technologies/mono/mono/metadata/icall-def.h:692)
0x000001e8e22b0f92 (Mono JIT Code) (wrapper managed-to-native) System.Reflection.RuntimeMethodInfo:InternalInvoke (System.Reflection.RuntimeMethodInfo,object,object[],System.Exception&)
0x000001e8e3c7ea73 (Mono JIT Code) System.Reflection.RuntimeMethodInfo:Invoke (object,System.Reflection.BindingFlags,System.Reflection.Binder,object[],System.Globalization.CultureInfo)
0x000001e8db9555ef (Mono JIT Code) System.Reflection.MethodBase:Invoke (object,object[])
0x000001e9aa26e783 (Mono JIT Code) NUnit.Framework.Internal.Reflect:InvokeMethod (System.Reflection.MethodInfo,object,object[])
0x000001e9aa2760ab (Mono JIT Code) NUnit.Framework.Internal.MethodWrapper:Invoke (object,object[])
0x000001e9aa275f8a (Mono JIT Code) NUnit.Framework.Internal.Commands.TestMethodCommand:RunNonAsyncTestMethod (NUnit.Framework.Internal.ITestExecutionContext)
0x000001e9aa275dd3 (Mono JIT Code) NUnit.Framework.Internal.Commands.TestMethodCommand:RunTestMethod (NUnit.Framework.Internal.ITestExecutionContext)
0x000001e9aa275973 (Mono JIT Code) NUnit.Framework.Internal.Commands.TestMethodCommand:Execute (NUnit.Framework.Internal.ITestExecutionContext)
0x000001e9aa27556b (Mono JIT Code) UnityEngine.TestTools.UnityTestMethodCommand:Execute (NUnit.Framework.Internal.ITestExecutionContext) (at ./Library/PackageCache/com.unity.test-framework@40e262928427/UnityEngine.TestRunner/NUnitExtensions/Commands/UnityTestMethodCommand.cs:19)
0x000001e9aa2752fb (Mono JIT Code) UnityEngine.TestRunner.NUnitExtensions.Runner.UnityLogCheckDelegatingCommand/<>c__DisplayClass2_0:<Execute>b__0 () (at ./Library/PackageCache/com.unity.test-framework@40e262928427/UnityEngine.TestRunner/NUnitExtensions/Runner/UnityLogCheckDelegatingCommand.cs:24)
0x000001e9aa275123 (Mono JIT Code) UnityEngine.TestRunner.NUnitExtensions.Runner.UnityLogCheckDelegatingCommand:CaptureException (NUnit.Framework.Internal.TestResult,System.Action) (at ./Library/PackageCache/com.unity.test-framework@40e262928427/UnityEngine.TestRunner/NUnitExtensions/Runner/UnityLogCheckDelegatingCommand.cs:72)
0x000001e9aa274fb3 (Mono JIT Code) UnityEngine.TestRunner.NUnitExtensions.Runner.UnityLogCheckDelegatingCommand:ExecuteAndCheckLog (UnityEngine.TestTools.Logging.LogScope,NUnit.Framework.Internal.TestResult,System.Action) (at ./Library/PackageCache/com.unity.test-framework@40e262928427/UnityEngine.TestRunner/NUnitExtensions/Runner/UnityLogCheckDelegatingCommand.cs:83)
0x000001e9aa274c3b (Mono JIT Code) UnityEngine.TestRunner.NUnitExtensions.Runner.UnityLogCheckDelegatingCommand:Execute (NUnit.Framework.Internal.ITestExecutionContext) (at ./Library/PackageCache/com.unity.test-framework@40e262928427/UnityEngine.TestRunner/NUnitExtensions/Runner/UnityLogCheckDelegatingCommand.cs:24)
0x000001e9aa273c19 (Mono JIT Code) UnityEngine.TestRunner.NUnitExtensions.Runner.UnityLogCheckDelegatingCommand/<ExecuteEnumerable>d__3:MoveNext () (at ./Library/PackageCache/com.unity.test-framework@40e262928427/UnityEngine.TestRunner/NUnitExtensions/Runner/UnityLogCheckDelegatingCommand.cs:35)
0x000001e9aa251e01 (Mono JIT Code) UnityEngine.TestTools.BeforeAfterTestCommandBase`1/<ExecuteEnumerable>d__16<T_REF>:MoveNext () (at ./Library/PackageCache/com.unity.test-framework@40e262928427/UnityEngine.TestRunner/NUnitExtensions/Commands/BeforeAfterTestCommandBase.cs:212)
0x000001e9aa272fb6 (Mono JIT Code) UnityEngine.TestTools.ImmediateEnumerableCommand:Execute (NUnit.Framework.Internal.ITestExecutionContext) (at ./Library/PackageCache/com.unity.test-framework@40e262928427/UnityEngine.TestRunner/NUnitExtensions/Commands/ImmediateEnumerableCommand.cs:18)
0x000001e9aa251f01 (Mono JIT Code) UnityEngine.TestTools.BeforeAfterTestCommandBase`1/<ExecuteEnumerable>d__16<T_REF>:MoveNext () (at ./Library/PackageCache/com.unity.test-framework@40e262928427/UnityEngine.TestRunner/NUnitExtensions/Commands/BeforeAfterTestCommandBase.cs:219)
0x000001e9aa251e01 (Mono JIT Code) UnityEngine.TestTools.BeforeAfterTestCommandBase`1/<ExecuteEnumerable>d__16<T_REF>:MoveNext () (at ./Library/PackageCache/com.unity.test-framework@40e262928427/UnityEngine.TestRunner/NUnitExtensions/Commands/BeforeAfterTestCommandBase.cs:212)
0x000001e9aa251e01 (Mono JIT Code) UnityEngine.TestTools.BeforeAfterTestCommandBase`1/<ExecuteEnumerable>d__16<T_REF>:MoveNext () (at ./Library/PackageCache/com.unity.test-framework@40e262928427/UnityEngine.TestRunner/NUnitExtensions/Commands/BeforeAfterTestCommandBase.cs:212)
0x000001e9aa26b457 (Mono JIT Code) UnityEngine.TestTools.RetryCommand/<ExecuteEnumerable>d__2:MoveNext () (at ./Library/PackageCache/com.unity.test-framework@40e262928427/UnityEngine.TestRunner/NUnitExtensions/Commands/RetryCommand.cs:37)
0x000001e9aa269f2f (Mono JIT Code) UnityEngine.TestTools.RepeatCommand/<ExecuteEnumerable>d__2:MoveNext () (at ./Library/PackageCache/com.unity.test-framework@40e262928427/UnityEngine.TestRunner/NUnitExtensions/Commands/RepeatCommand.cs:36)
0x000001e9aa268fa6 (Mono JIT Code) UnityEngine.TestTools.IgnoreTestCommand/<ExecuteEnumerable>d__3:MoveNext () (at ./Library/PackageCache/com.unity.test-framework@40e262928427/UnityEngine.TestRunner/NUnitExtensions/Commands/IgnoreTestCommand.cs:42)
0x000001e9aa267c7f (Mono JIT Code) UnityEngine.TestTools.StrictCheckCommand/<ExecuteEnumerable>d__2:MoveNext () (at ./Library/PackageCache/com.unity.test-framework@40e262928427/UnityEngine.TestRunner/NUnitExtensions/Commands/StrictCheckCommand.cs:29)
0x000001e9aa266fe1 (Mono JIT Code) UnityEngine.TestRunner.NUnitExtensions.Runner.DefaultTestWorkItem/<PerformWork>d__2:MoveNext () (at ./Library/PackageCache/com.unity.test-framework@40e262928427/UnityEngine.TestRunner/NUnitExtensions/Runner/DefaultTestWorkItem.cs:50)
0x000001e9aa255e12 (Mono JIT Code) UnityEngine.TestRunner.NUnitExtensions.Runner.CompositeWorkItem/<RunChildren>d__17:MoveNext () (at ./Library/PackageCache/com.unity.test-framework@40e262928427/UnityEngine.TestRunner/NUnitExtensions/Runner/CompositeWorkItem.cs:207)
0x000001e9aa247756 (Mono JIT Code) UnityEngine.TestRunner.NUnitExtensions.Runner.CompositeWorkItem/<PerformWork>d__13:MoveNext () (at ./Library/PackageCache/com.unity.test-framework@40e262928427/UnityEngine.TestRunner/NUnitExtensions/Runner/CompositeWorkItem.cs:82)
0x000001e9aa255e12 (Mono JIT Code) UnityEngine.TestRunner.NUnitExtensions.Runner.CompositeWorkItem/<RunChildren>d__17:MoveNext () (at ./Library/PackageCache/com.unity.test-framework@40e262928427/UnityEngine.TestRunner/NUnitExtensions/Runner/CompositeWorkItem.cs:207)
0x000001e9aa247756 (Mono JIT Code) UnityEngine.TestRunner.NUnitExtensions.Runner.CompositeWorkItem/<PerformWork>d__13:MoveNext () (at ./Library/PackageCache/com.unity.test-framework@40e262928427/UnityEngine.TestRunner/NUnitExtensions/Runner/CompositeWorkItem.cs:82)
0x000001e9aa255e12 (Mono JIT Code) UnityEngine.TestRunner.NUnitExtensions.Runner.CompositeWorkItem/<RunChildren>d__17:MoveNext () (at ./Library/PackageCache/com.unity.test-framework@40e262928427/UnityEngine.TestRunner/NUnitExtensions/Runner/CompositeWorkItem.cs:207)
0x000001e9aa247756 (Mono JIT Code) UnityEngine.TestRunner.NUnitExtensions.Runner.CompositeWorkItem/<PerformWork>d__13:MoveNext () (at ./Library/PackageCache/com.unity.test-framework@40e262928427/UnityEngine.TestRunner/NUnitExtensions/Runner/CompositeWorkItem.cs:82)
0x000001e9aa245fcc (Mono JIT Code) UnityEditor.TestTools.TestRunner.EditModeRunner:MoveNextAndUpdateYieldObject () (at ./Library/PackageCache/com.unity.test-framework@40e262928427/UnityEditor.TestRunner/TestRunner/EditModeRunner.cs:167)
0x000001e9aa245b7b (Mono JIT Code) UnityEditor.TestTools.TestRunner.EditModeRunner:TestConsumer (UnityEditor.TestTools.TestRunner.TestRunnerStateSerializer) (at ./Library/PackageCache/com.unity.test-framework@40e262928427/UnityEditor.TestRunner/TestRunner/EditModeRunner.cs:200)
0x000001e9aa23c173 (Mono JIT Code) UnityEditor.TestTools.TestRunner.TestRun.Tasks.EditModeRunTask/<Execute>d__1:MoveNext () (at ./Library/PackageCache/com.unity.test-framework@40e262928427/UnityEditor.TestRunner/TestRun/Tasks/EditModeRunTask.cs:48)
0x000001e977129d5e (Mono JIT Code) UnityEditor.TestTools.TestRunner.TestRun.TestJobRunner:ExecuteStep () (at ./Library/PackageCache/com.unity.test-framework@40e262928427/UnityEditor.TestRunner/TestRun/TestJobRunner.cs:173)
0x000001e977128953 (Mono JIT Code) UnityEditor.TestTools.TestRunner.TestRun.TestJobRunner:ExecuteCallback () (at ./Library/PackageCache/com.unity.test-framework@40e262928427/UnityEditor.TestRunner/TestRun/TestJobRunner.cs:108)
0x000001e99df821b8 (Mono JIT Code) UnityEditor.EditorApplication:Internal_CallUpdateFunctions ()
0x000001e8e6514785 (Mono JIT Code) (wrapper runtime-invoke) object:runtime_invoke_void (object,intptr,intptr,intptr)
0x00007fff3fd16e7e (mono-2.0-bdwgc) mono_jit_runtime_invoke (at C:/build/output/Unity-Technologies/mono/mono/mini/mini-runtime.c:3445)
0x00007fff3fc58874 (mono-2.0-bdwgc) do_runtime_invoke (at C:/build/output/Unity-Technologies/mono/mono/metadata/object.c:3068)
0x00007fff3fc58960 (mono-2.0-bdwgc) mono_runtime_invoke (at C:/build/output/Unity-Technologies/mono/mono/metadata/object.c:3115)
0x00007fff38e4cea4 (Unity) scripting_method_invoke
0x00007fff38e25433 (Unity) ScriptingInvocation::Invoke
0x00007fff38e20b35 (Unity) ScriptingInvocation::Invoke<void>
0x00007fff38f8b4bb (Unity) Scripting::UnityEditor::EditorApplicationProxy::Internal_CallUpdateFunctions
0x00007fff3a07e0e4 (Unity) SceneTracker::Update
0x00007fff39be1247 (Unity) Application::TickTimer
0x00007fff3a1b25ac (Unity) MainMessageLoop
0x00007fff3a1b9d1c (Unity) UnityMain
0x00007ff68b302f2a (Unity) __scrt_common_main_seh
0x00007fffddade8d7 (KERNEL32) BaseThreadInitThunk
0x00007fffde88c53c (ntdll) RtlUserThreadStart

[RecoilConfiguration] Empty or null JSON provided, returning default configuration.
0x00007fff38f222ae (Unity) StackWalker::ShowCallstack
0x00007fff38f31ee9 (Unity) PlatformStacktrace::GetStacktrace
0x00007fff3a1ac04e (Unity) Stacktrace::GetStacktrace
0x00007fff3a7859df (Unity) DebugStringToFile
0x00007fff37fd2930 (Unity) DebugLogHandler_CUSTOM_Internal_Log
0x000001e9766cbd3e (Mono JIT Code) (wrapper managed-to-native) UnityEngine.DebugLogHandler:Internal_Log_Injected (UnityEngine.LogType,UnityEngine.LogOption,UnityEngine.Bindings.ManagedSpanWrapper&,intptr)
0x000001e9766cbb43 (Mono JIT Code) UnityEngine.DebugLogHandler:Internal_Log (UnityEngine.LogType,UnityEngine.LogOption,string,UnityEngine.Object)
0x000001e9766cb7fb (Mono JIT Code) UnityEngine.DebugLogHandler:LogFormat (UnityEngine.LogType,UnityEngine.Object,string,object[])
0x000001e9766ca6ae (Mono JIT Code) UnityEngine.Logger:Log (UnityEngine.LogType,object)
0x000001e9aa2b404d (Mono JIT Code) UnityEngine.Debug:LogWarning (object)
0x000001e976d477fb (Mono JIT Code) RecoilConfiguration:FromJson (string) (at C:/Users/Ubuntu/Desktop/_DEV/AFFECT-2025-10-11/Assets/_SCRIPTS/_PLAYER/Recoil/RecoilConfiguration.cs:136)
0x000001e976d48643 (Mono JIT Code) SerializationProperties:Property16_InvalidJsonReturnsDefaultConfiguration () (at C:/Users/Ubuntu/Desktop/_DEV/AFFECT-2025-10-11/Assets/_SCRIPTS/Editor/SerializationProperties.cs:115)
0x000001e9aa264548 (Mono JIT Code) (wrapper runtime-invoke) object:runtime_invoke_void__this__ (object,intptr,intptr,intptr)
0x00007fff3fd16e7e (mono-2.0-bdwgc) mono_jit_runtime_invoke (at C:/build/output/Unity-Technologies/mono/mono/mini/mini-runtime.c:3445)
0x00007fff3fc58874 (mono-2.0-bdwgc) do_runtime_invoke (at C:/build/output/Unity-Technologies/mono/mono/metadata/object.c:3068)
0x00007fff3fc5f926 (mono-2.0-bdwgc) mono_runtime_try_invoke_array (at C:/build/output/Unity-Technologies/mono/mono/metadata/object.c:5774)
0x00007fff3fb91b81 (mono-2.0-bdwgc) ves_icall_InternalInvoke (at C:/build/output/Unity-Technologies/mono/mono/metadata/icall.c:4038)
0x00007fff3fbb7e31 (mono-2.0-bdwgc) ves_icall_InternalInvoke_raw (at C:/build/output/Unity-Technologies/mono/mono/metadata/icall-def.h:692)
0x000001e8e22b0f92 (Mono JIT Code) (wrapper managed-to-native) System.Reflection.RuntimeMethodInfo:InternalInvoke (System.Reflection.RuntimeMethodInfo,object,object[],System.Exception&)
0x000001e8e3c7ea73 (Mono JIT Code) System.Reflection.RuntimeMethodInfo:Invoke (object,System.Reflection.BindingFlags,System.Reflection.Binder,object[],System.Globalization.CultureInfo)
0x000001e8db9555ef (Mono JIT Code) System.Reflection.MethodBase:Invoke (object,object[])
0x000001e9aa26e783 (Mono JIT Code) NUnit.Framework.Internal.Reflect:InvokeMethod (System.Reflection.MethodInfo,object,object[])
0x000001e9aa2760ab (Mono JIT Code) NUnit.Framework.Internal.MethodWrapper:Invoke (object,object[])
0x000001e9aa275f8a (Mono JIT Code) NUnit.Framework.Internal.Commands.TestMethodCommand:RunNonAsyncTestMethod (NUnit.Framework.Internal.ITestExecutionContext)
0x000001e9aa275dd3 (Mono JIT Code) NUnit.Framework.Internal.Commands.TestMethodCommand:RunTestMethod (NUnit.Framework.Internal.ITestExecutionContext)
0x000001e9aa275973 (Mono JIT Code) NUnit.Framework.Internal.Commands.TestMethodCommand:Execute (NUnit.Framework.Internal.ITestExecutionContext)
0x000001e9aa27556b (Mono JIT Code) UnityEngine.TestTools.UnityTestMethodCommand:Execute (NUnit.Framework.Internal.ITestExecutionContext) (at ./Library/PackageCache/com.unity.test-framework@40e262928427/UnityEngine.TestRunner/NUnitExtensions/Commands/UnityTestMethodCommand.cs:19)
0x000001e9aa2752fb (Mono JIT Code) UnityEngine.TestRunner.NUnitExtensions.Runner.UnityLogCheckDelegatingCommand/<>c__DisplayClass2_0:<Execute>b__0 () (at ./Library/PackageCache/com.unity.test-framework@40e262928427/UnityEngine.TestRunner/NUnitExtensions/Runner/UnityLogCheckDelegatingCommand.cs:24)
0x000001e9aa275123 (Mono JIT Code) UnityEngine.TestRunner.NUnitExtensions.Runner.UnityLogCheckDelegatingCommand:CaptureException (NUnit.Framework.Internal.TestResult,System.Action) (at ./Library/PackageCache/com.unity.test-framework@40e262928427/UnityEngine.TestRunner/NUnitExtensions/Runner/UnityLogCheckDelegatingCommand.cs:72)
0x000001e9aa274fb3 (Mono JIT Code) UnityEngine.TestRunner.NUnitExtensions.Runner.UnityLogCheckDelegatingCommand:ExecuteAndCheckLog (UnityEngine.TestTools.Logging.LogScope,NUnit.Framework.Internal.TestResult,System.Action) (at ./Library/PackageCache/com.unity.test-framework@40e262928427/UnityEngine.TestRunner/NUnitExtensions/Runner/UnityLogCheckDelegatingCommand.cs:83)
0x000001e9aa274c3b (Mono JIT Code) UnityEngine.TestRunner.NUnitExtensions.Runner.UnityLogCheckDelegatingCommand:Execute (NUnit.Framework.Internal.ITestExecutionContext) (at ./Library/PackageCache/com.unity.test-framework@40e262928427/UnityEngine.TestRunner/NUnitExtensions/Runner/UnityLogCheckDelegatingCommand.cs:24)
0x000001e9aa273c19 (Mono JIT Code) UnityEngine.TestRunner.NUnitExtensions.Runner.UnityLogCheckDelegatingCommand/<ExecuteEnumerable>d__3:MoveNext () (at ./Library/PackageCache/com.unity.test-framework@40e262928427/UnityEngine.TestRunner/NUnitExtensions/Runner/UnityLogCheckDelegatingCommand.cs:35)
0x000001e9aa251e01 (Mono JIT Code) UnityEngine.TestTools.BeforeAfterTestCommandBase`1/<ExecuteEnumerable>d__16<T_REF>:MoveNext () (at ./Library/PackageCache/com.unity.test-framework@40e262928427/UnityEngine.TestRunner/NUnitExtensions/Commands/BeforeAfterTestCommandBase.cs:212)
0x000001e9aa272fb6 (Mono JIT Code) UnityEngine.TestTools.ImmediateEnumerableCommand:Execute (NUnit.Framework.Internal.ITestExecutionContext) (at ./Library/PackageCache/com.unity.test-framework@40e262928427/UnityEngine.TestRunner/NUnitExtensions/Commands/ImmediateEnumerableCommand.cs:18)
0x000001e9aa251f01 (Mono JIT Code) UnityEngine.TestTools.BeforeAfterTestCommandBase`1/<ExecuteEnumerable>d__16<T_REF>:MoveNext () (at ./Library/PackageCache/com.unity.test-framework@40e262928427/UnityEngine.TestRunner/NUnitExtensions/Commands/BeforeAfterTestCommandBase.cs:219)
0x000001e9aa251e01 (Mono JIT Code) UnityEngine.TestTools.BeforeAfterTestCommandBase`1/<ExecuteEnumerable>d__16<T_REF>:MoveNext () (at ./Library/PackageCache/com.unity.test-framework@40e262928427/UnityEngine.TestRunner/NUnitExtensions/Commands/BeforeAfterTestCommandBase.cs:212)
0x000001e9aa251e01 (Mono JIT Code) UnityEngine.TestTools.BeforeAfterTestCommandBase`1/<ExecuteEnumerable>d__16<T_REF>:MoveNext () (at ./Library/PackageCache/com.unity.test-framework@40e262928427/UnityEngine.TestRunner/NUnitExtensions/Commands/BeforeAfterTestCommandBase.cs:212)
0x000001e9aa26b457 (Mono JIT Code) UnityEngine.TestTools.RetryCommand/<ExecuteEnumerable>d__2:MoveNext () (at ./Library/PackageCache/com.unity.test-framework@40e262928427/UnityEngine.TestRunner/NUnitExtensions/Commands/RetryCommand.cs:37)
0x000001e9aa269f2f (Mono JIT Code) UnityEngine.TestTools.RepeatCommand/<ExecuteEnumerable>d__2:MoveNext () (at ./Library/PackageCache/com.unity.test-framework@40e262928427/UnityEngine.TestRunner/NUnitExtensions/Commands/RepeatCommand.cs:36)
0x000001e9aa268fa6 (Mono JIT Code) UnityEngine.TestTools.IgnoreTestCommand/<ExecuteEnumerable>d__3:MoveNext () (at ./Library/PackageCache/com.unity.test-framework@40e262928427/UnityEngine.TestRunner/NUnitExtensions/Commands/IgnoreTestCommand.cs:42)
0x000001e9aa267c7f (Mono JIT Code) UnityEngine.TestTools.StrictCheckCommand/<ExecuteEnumerable>d__2:MoveNext () (at ./Library/PackageCache/com.unity.test-framework@40e262928427/UnityEngine.TestRunner/NUnitExtensions/Commands/StrictCheckCommand.cs:29)
0x000001e9aa266fe1 (Mono JIT Code) UnityEngine.TestRunner.NUnitExtensions.Runner.DefaultTestWorkItem/<PerformWork>d__2:MoveNext () (at ./Library/PackageCache/com.unity.test-framework@40e262928427/UnityEngine.TestRunner/NUnitExtensions/Runner/DefaultTestWorkItem.cs:50)
0x000001e9aa255e12 (Mono JIT Code) UnityEngine.TestRunner.NUnitExtensions.Runner.CompositeWorkItem/<RunChildren>d__17:MoveNext () (at ./Library/PackageCache/com.unity.test-framework@40e262928427/UnityEngine.TestRunner/NUnitExtensions/Runner/CompositeWorkItem.cs:207)
0x000001e9aa247756 (Mono JIT Code) UnityEngine.TestRunner.NUnitExtensions.Runner.CompositeWorkItem/<PerformWork>d__13:MoveNext () (at ./Library/PackageCache/com.unity.test-framework@40e262928427/UnityEngine.TestRunner/NUnitExtensions/Runner/CompositeWorkItem.cs:82)
0x000001e9aa255e12 (Mono JIT Code) UnityEngine.TestRunner.NUnitExtensions.Runner.CompositeWorkItem/<RunChildren>d__17:MoveNext () (at ./Library/PackageCache/com.unity.test-framework@40e262928427/UnityEngine.TestRunner/NUnitExtensions/Runner/CompositeWorkItem.cs:207)
0x000001e9aa247756 (Mono JIT Code) UnityEngine.TestRunner.NUnitExtensions.Runner.CompositeWorkItem/<PerformWork>d__13:MoveNext () (at ./Library/PackageCache/com.unity.test-framework@40e262928427/UnityEngine.TestRunner/NUnitExtensions/Runner/CompositeWorkItem.cs:82)
0x000001e9aa255e12 (Mono JIT Code) UnityEngine.TestRunner.NUnitExtensions.Runner.CompositeWorkItem/<RunChildren>d__17:MoveNext () (at ./Library/PackageCache/com.unity.test-framework@40e262928427/UnityEngine.TestRunner/NUnitExtensions/Runner/CompositeWorkItem.cs:207)
0x000001e9aa247756 (Mono JIT Code) UnityEngine.TestRunner.NUnitExtensions.Runner.CompositeWorkItem/<PerformWork>d__13:MoveNext () (at ./Library/PackageCache/com.unity.test-framework@40e262928427/UnityEngine.TestRunner/NUnitExtensions/Runner/CompositeWorkItem.cs:82)
0x000001e9aa245fcc (Mono JIT Code) UnityEditor.TestTools.TestRunner.EditModeRunner:MoveNextAndUpdateYieldObject () (at ./Library/PackageCache/com.unity.test-framework@40e262928427/UnityEditor.TestRunner/TestRunner/EditModeRunner.cs:167)
0x000001e9aa245b7b (Mono JIT Code) UnityEditor.TestTools.TestRunner.EditModeRunner:TestConsumer (UnityEditor.TestTools.TestRunner.TestRunnerStateSerializer) (at ./Library/PackageCache/com.unity.test-framework@40e262928427/UnityEditor.TestRunner/TestRunner/EditModeRunner.cs:200)
0x000001e9aa23c173 (Mono JIT Code) UnityEditor.TestTools.TestRunner.TestRun.Tasks.EditModeRunTask/<Execute>d__1:MoveNext () (at ./Library/PackageCache/com.unity.test-framework@40e262928427/UnityEditor.TestRunner/TestRun/Tasks/EditModeRunTask.cs:48)
0x000001e977129d5e (Mono JIT Code) UnityEditor.TestTools.TestRunner.TestRun.TestJobRunner:ExecuteStep () (at ./Library/PackageCache/com.unity.test-framework@40e262928427/UnityEditor.TestRunner/TestRun/TestJobRunner.cs:173)
0x000001e977128953 (Mono JIT Code) UnityEditor.TestTools.TestRunner.TestRun.TestJobRunner:ExecuteCallback () (at ./Library/PackageCache/com.unity.test-framework@40e262928427/UnityEditor.TestRunner/TestRun/TestJobRunner.cs:108)
0x000001e99df821b8 (Mono JIT Code) UnityEditor.EditorApplication:Internal_CallUpdateFunctions ()
0x000001e8e6514785 (Mono JIT Code) (wrapper runtime-invoke) object:runtime_invoke_void (object,intptr,intptr,intptr)
0x00007fff3fd16e7e (mono-2.0-bdwgc) mono_jit_runtime_invoke (at C:/build/output/Unity-Technologies/mono/mono/mini/mini-runtime.c:3445)
0x00007fff3fc58874 (mono-2.0-bdwgc) do_runtime_invoke (at C:/build/output/Unity-Technologies/mono/mono/metadata/object.c:3068)
0x00007fff3fc58960 (mono-2.0-bdwgc) mono_runtime_invoke (at C:/build/output/Unity-Technologies/mono/mono/metadata/object.c:3115)
0x00007fff38e4cea4 (Unity) scripting_method_invoke
0x00007fff38e25433 (Unity) ScriptingInvocation::Invoke
0x00007fff38e20b35 (Unity) ScriptingInvocation::Invoke<void>
0x00007fff38f8b4bb (Unity) Scripting::UnityEditor::EditorApplicationProxy::Internal_CallUpdateFunctions
0x00007fff3a07e0e4 (Unity) SceneTracker::Update
0x00007fff39be1247 (Unity) Application::TickTimer
0x00007fff3a1b25ac (Unity) MainMessageLoop
0x00007fff3a1b9d1c (Unity) UnityMain
0x00007ff68b302f2a (Unity) __scrt_common_main_seh
0x00007fffddade8d7 (KERNEL32) BaseThreadInitThunk
0x00007fffde88c53c (ntdll) RtlUserThreadStart

[RecoilConfiguration] Failed to deserialize JSON: JSON parse error: Missing a name for object member.. Returning default configuration.
0x00007fff38f222ae (Unity) StackWalker::ShowCallstack
0x00007fff38f31ee9 (Unity) PlatformStacktrace::GetStacktrace
0x00007fff3a1ac04e (Unity) Stacktrace::GetStacktrace
0x00007fff3a7859df (Unity) DebugStringToFile
0x00007fff37fd2930 (Unity) DebugLogHandler_CUSTOM_Internal_Log
0x000001e9766cbd3e (Mono JIT Code) (wrapper managed-to-native) UnityEngine.DebugLogHandler:Internal_Log_Injected (UnityEngine.LogType,UnityEngine.LogOption,UnityEngine.Bindings.ManagedSpanWrapper&,intptr)
0x000001e9766cbb43 (Mono JIT Code) UnityEngine.DebugLogHandler:Internal_Log (UnityEngine.LogType,UnityEngine.LogOption,string,UnityEngine.Object)
0x000001e9766cb7fb (Mono JIT Code) UnityEngine.DebugLogHandler:LogFormat (UnityEngine.LogType,UnityEngine.Object,string,object[])
0x000001e9766ca6ae (Mono JIT Code) UnityEngine.Logger:Log (UnityEngine.LogType,object)
0x000001e9aa2b404d (Mono JIT Code) UnityEngine.Debug:LogWarning (object)
0x000001e976d47adb (Mono JIT Code) RecoilConfiguration:FromJson (string) (at C:/Users/Ubuntu/Desktop/_DEV/AFFECT-2025-10-11/Assets/_SCRIPTS/_PLAYER/Recoil/RecoilConfiguration.cs:152)
0x000001e976d48643 (Mono JIT Code) SerializationProperties:Property16_InvalidJsonReturnsDefaultConfiguration () (at C:/Users/Ubuntu/Desktop/_DEV/AFFECT-2025-10-11/Assets/_SCRIPTS/Editor/SerializationProperties.cs:115)
0x000001e9aa264548 (Mono JIT Code) (wrapper runtime-invoke) object:runtime_invoke_void__this__ (object,intptr,intptr,intptr)
0x00007fff3fd16e7e (mono-2.0-bdwgc) mono_jit_runtime_invoke (at C:/build/output/Unity-Technologies/mono/mono/mini/mini-runtime.c:3445)
0x00007fff3fc58874 (mono-2.0-bdwgc) do_runtime_invoke (at C:/build/output/Unity-Technologies/mono/mono/metadata/object.c:3068)
0x00007fff3fc5f926 (mono-2.0-bdwgc) mono_runtime_try_invoke_array (at C:/build/output/Unity-Technologies/mono/mono/metadata/object.c:5774)
0x00007fff3fb91b81 (mono-2.0-bdwgc) ves_icall_InternalInvoke (at C:/build/output/Unity-Technologies/mono/mono/metadata/icall.c:4038)
0x00007fff3fbb7e31 (mono-2.0-bdwgc) ves_icall_InternalInvoke_raw (at C:/build/output/Unity-Technologies/mono/mono/metadata/icall-def.h:692)
0x000001e8e22b0f92 (Mono JIT Code) (wrapper managed-to-native) System.Reflection.RuntimeMethodInfo:InternalInvoke (System.Reflection.RuntimeMethodInfo,object,object[],System.Exception&)
0x000001e8e3c7ea73 (Mono JIT Code) System.Reflection.RuntimeMethodInfo:Invoke (object,System.Reflection.BindingFlags,System.Reflection.Binder,object[],System.Globalization.CultureInfo)
0x000001e8db9555ef (Mono JIT Code) System.Reflection.MethodBase:Invoke (object,object[])
0x000001e9aa26e783 (Mono JIT Code) NUnit.Framework.Internal.Reflect:InvokeMethod (System.Reflection.MethodInfo,object,object[])
0x000001e9aa2760ab (Mono JIT Code) NUnit.Framework.Internal.MethodWrapper:Invoke (object,object[])
0x000001e9aa275f8a (Mono JIT Code) NUnit.Framework.Internal.Commands.TestMethodCommand:RunNonAsyncTestMethod (NUnit.Framework.Internal.ITestExecutionContext)
0x000001e9aa275dd3 (Mono JIT Code) NUnit.Framework.Internal.Commands.TestMethodCommand:RunTestMethod (NUnit.Framework.Internal.ITestExecutionContext)
0x000001e9aa275973 (Mono JIT Code) NUnit.Framework.Internal.Commands.TestMethodCommand:Execute (NUnit.Framework.Internal.ITestExecutionContext)
0x000001e9aa27556b (Mono JIT Code) UnityEngine.TestTools.UnityTestMethodCommand:Execute (NUnit.Framework.Internal.ITestExecutionContext) (at ./Library/PackageCache/com.unity.test-framework@40e262928427/UnityEngine.TestRunner/NUnitExtensions/Commands/UnityTestMethodCommand.cs:19)
0x000001e9aa2752fb (Mono JIT Code) UnityEngine.TestRunner.NUnitExtensions.Runner.UnityLogCheckDelegatingCommand/<>c__DisplayClass2_0:<Execute>b__0 () (at ./Library/PackageCache/com.unity.test-framework@40e262928427/UnityEngine.TestRunner/NUnitExtensions/Runner/UnityLogCheckDelegatingCommand.cs:24)
0x000001e9aa275123 (Mono JIT Code) UnityEngine.TestRunner.NUnitExtensions.Runner.UnityLogCheckDelegatingCommand:CaptureException (NUnit.Framework.Internal.TestResult,System.Action) (at ./Library/PackageCache/com.unity.test-framework@40e262928427/UnityEngine.TestRunner/NUnitExtensions/Runner/UnityLogCheckDelegatingCommand.cs:72)
0x000001e9aa274fb3 (Mono JIT Code) UnityEngine.TestRunner.NUnitExtensions.Runner.UnityLogCheckDelegatingCommand:ExecuteAndCheckLog (UnityEngine.TestTools.Logging.LogScope,NUnit.Framework.Internal.TestResult,System.Action) (at ./Library/PackageCache/com.unity.test-framework@40e262928427/UnityEngine.TestRunner/NUnitExtensions/Runner/UnityLogCheckDelegatingCommand.cs:83)
0x000001e9aa274c3b (Mono JIT Code) UnityEngine.TestRunner.NUnitExtensions.Runner.UnityLogCheckDelegatingCommand:Execute (NUnit.Framework.Internal.ITestExecutionContext) (at ./Library/PackageCache/com.unity.test-framework@40e262928427/UnityEngine.TestRunner/NUnitExtensions/Runner/UnityLogCheckDelegatingCommand.cs:24)
0x000001e9aa273c19 (Mono JIT Code) UnityEngine.TestRunner.NUnitExtensions.Runner.UnityLogCheckDelegatingCommand/<ExecuteEnumerable>d__3:MoveNext () (at ./Library/PackageCache/com.unity.test-framework@40e262928427/UnityEngine.TestRunner/NUnitExtensions/Runner/UnityLogCheckDelegatingCommand.cs:35)
0x000001e9aa251e01 (Mono JIT Code) UnityEngine.TestTools.BeforeAfterTestCommandBase`1/<ExecuteEnumerable>d__16<T_REF>:MoveNext () (at ./Library/PackageCache/com.unity.test-framework@40e262928427/UnityEngine.TestRunner/NUnitExtensions/Commands/BeforeAfterTestCommandBase.cs:212)
0x000001e9aa272fb6 (Mono JIT Code) UnityEngine.TestTools.ImmediateEnumerableCommand:Execute (NUnit.Framework.Internal.ITestExecutionContext) (at ./Library/PackageCache/com.unity.test-framework@40e262928427/UnityEngine.TestRunner/NUnitExtensions/Commands/ImmediateEnumerableCommand.cs:18)
0x000001e9aa251f01 (Mono JIT Code) UnityEngine.TestTools.BeforeAfterTestCommandBase`1/<ExecuteEnumerable>d__16<T_REF>:MoveNext () (at ./Library/PackageCache/com.unity.test-framework@40e262928427/UnityEngine.TestRunner/NUnitExtensions/Commands/BeforeAfterTestCommandBase.cs:219)
0x000001e9aa251e01 (Mono JIT Code) UnityEngine.TestTools.BeforeAfterTestCommandBase`1/<ExecuteEnumerable>d__16<T_REF>:MoveNext () (at ./Library/PackageCache/com.unity.test-framework@40e262928427/UnityEngine.TestRunner/NUnitExtensions/Commands/BeforeAfterTestCommandBase.cs:212)
0x000001e9aa251e01 (Mono JIT Code) UnityEngine.TestTools.BeforeAfterTestCommandBase`1/<ExecuteEnumerable>d__16<T_REF>:MoveNext () (at ./Library/PackageCache/com.unity.test-framework@40e262928427/UnityEngine.TestRunner/NUnitExtensions/Commands/BeforeAfterTestCommandBase.cs:212)
0x000001e9aa26b457 (Mono JIT Code) UnityEngine.TestTools.RetryCommand/<ExecuteEnumerable>d__2:MoveNext () (at ./Library/PackageCache/com.unity.test-framework@40e262928427/UnityEngine.TestRunner/NUnitExtensions/Commands/RetryCommand.cs:37)
0x000001e9aa269f2f (Mono JIT Code) UnityEngine.TestTools.RepeatCommand/<ExecuteEnumerable>d__2:MoveNext () (at ./Library/PackageCache/com.unity.test-framework@40e262928427/UnityEngine.TestRunner/NUnitExtensions/Commands/RepeatCommand.cs:36)
0x000001e9aa268fa6 (Mono JIT Code) UnityEngine.TestTools.IgnoreTestCommand/<ExecuteEnumerable>d__3:MoveNext () (at ./Library/PackageCache/com.unity.test-framework@40e262928427/UnityEngine.TestRunner/NUnitExtensions/Commands/IgnoreTestCommand.cs:42)
0x000001e9aa267c7f (Mono JIT Code) UnityEngine.TestTools.StrictCheckCommand/<ExecuteEnumerable>d__2:MoveNext () (at ./Library/PackageCache/com.unity.test-framework@40e262928427/UnityEngine.TestRunner/NUnitExtensions/Commands/StrictCheckCommand.cs:29)
0x000001e9aa266fe1 (Mono JIT Code) UnityEngine.TestRunner.NUnitExtensions.Runner.DefaultTestWorkItem/<PerformWork>d__2:MoveNext () (at ./Library/PackageCache/com.unity.test-framework@40e262928427/UnityEngine.TestRunner/NUnitExtensions/Runner/DefaultTestWorkItem.cs:50)
0x000001e9aa255e12 (Mono JIT Code) UnityEngine.TestRunner.NUnitExtensions.Runner.CompositeWorkItem/<RunChildren>d__17:MoveNext () (at ./Library/PackageCache/com.unity.test-framework@40e262928427/UnityEngine.TestRunner/NUnitExtensions/Runner/CompositeWorkItem.cs:207)
0x000001e9aa247756 (Mono JIT Code) UnityEngine.TestRunner.NUnitExtensions.Runner.CompositeWorkItem/<PerformWork>d__13:MoveNext () (at ./Library/PackageCache/com.unity.test-framework@40e262928427/UnityEngine.TestRunner/NUnitExtensions/Runner/CompositeWorkItem.cs:82)
0x000001e9aa255e12 (Mono JIT Code) UnityEngine.TestRunner.NUnitExtensions.Runner.CompositeWorkItem/<RunChildren>d__17:MoveNext () (at ./Library/PackageCache/com.unity.test-framework@40e262928427/UnityEngine.TestRunner/NUnitExtensions/Runner/CompositeWorkItem.cs:207)
0x000001e9aa247756 (Mono JIT Code) UnityEngine.TestRunner.NUnitExtensions.Runner.CompositeWorkItem/<PerformWork>d__13:MoveNext () (at ./Library/PackageCache/com.unity.test-framework@40e262928427/UnityEngine.TestRunner/NUnitExtensions/Runner/CompositeWorkItem.cs:82)
0x000001e9aa255e12 (Mono JIT Code) UnityEngine.TestRunner.NUnitExtensions.Runner.CompositeWorkItem/<RunChildren>d__17:MoveNext () (at ./Library/PackageCache/com.unity.test-framework@40e262928427/UnityEngine.TestRunner/NUnitExtensions/Runner/CompositeWorkItem.cs:207)
0x000001e9aa247756 (Mono JIT Code) UnityEngine.TestRunner.NUnitExtensions.Runner.CompositeWorkItem/<PerformWork>d__13:MoveNext () (at ./Library/PackageCache/com.unity.test-framework@40e262928427/UnityEngine.TestRunner/NUnitExtensions/Runner/CompositeWorkItem.cs:82)
0x000001e9aa245fcc (Mono JIT Code) UnityEditor.TestTools.TestRunner.EditModeRunner:MoveNextAndUpdateYieldObject () (at ./Library/PackageCache/com.unity.test-framework@40e262928427/UnityEditor.TestRunner/TestRunner/EditModeRunner.cs:167)
0x000001e9aa245b7b (Mono JIT Code) UnityEditor.TestTools.TestRunner.EditModeRunner:TestConsumer (UnityEditor.TestTools.TestRunner.TestRunnerStateSerializer) (at ./Library/PackageCache/com.unity.test-framework@40e262928427/UnityEditor.TestRunner/TestRunner/EditModeRunner.cs:200)
0x000001e9aa23c173 (Mono JIT Code) UnityEditor.TestTools.TestRunner.TestRun.Tasks.EditModeRunTask/<Execute>d__1:MoveNext () (at ./Library/PackageCache/com.unity.test-framework@40e262928427/UnityEditor.TestRunner/TestRun/Tasks/EditModeRunTask.cs:48)
0x000001e977129d5e (Mono JIT Code) UnityEditor.TestTools.TestRunner.TestRun.TestJobRunner:ExecuteStep () (at ./Library/PackageCache/com.unity.test-framework@40e262928427/UnityEditor.TestRunner/TestRun/TestJobRunner.cs:173)
0x000001e977128953 (Mono JIT Code) UnityEditor.TestTools.TestRunner.TestRun.TestJobRunner:ExecuteCallback () (at ./Library/PackageCache/com.unity.test-framework@40e262928427/UnityEditor.TestRunner/TestRun/TestJobRunner.cs:108)
0x000001e99df821b8 (Mono JIT Code) UnityEditor.EditorApplication:Internal_CallUpdateFunctions ()
0x000001e8e6514785 (Mono JIT Code) (wrapper runtime-invoke) object:runtime_invoke_void (object,intptr,intptr,intptr)
0x00007fff3fd16e7e (mono-2.0-bdwgc) mono_jit_runtime_invoke (at C:/build/output/Unity-Technologies/mono/mono/mini/mini-runtime.c:3445)
0x00007fff3fc58874 (mono-2.0-bdwgc) do_runtime_invoke (at C:/build/output/Unity-Technologies/mono/mono/metadata/object.c:3068)
0x00007fff3fc58960 (mono-2.0-bdwgc) mono_runtime_invoke (at C:/build/output/Unity-Technologies/mono/mono/metadata/object.c:3115)
0x00007fff38e4cea4 (Unity) scripting_method_invoke
0x00007fff38e25433 (Unity) ScriptingInvocation::Invoke
0x00007fff38e20b35 (Unity) ScriptingInvocation::Invoke<void>
0x00007fff38f8b4bb (Unity) Scripting::UnityEditor::EditorApplicationProxy::Internal_CallUpdateFunctions
0x00007fff3a07e0e4 (Unity) SceneTracker::Update
0x00007fff39be1247 (Unity) Application::TickTimer
0x00007fff3a1b25ac (Unity) MainMessageLoop
0x00007fff3a1b9d1c (Unity) UnityMain
0x00007ff68b302f2a (Unity) __scrt_common_main_seh
0x00007fffddade8d7 (KERNEL32) BaseThreadInitThunk
0x00007fffde88c53c (ntdll) RtlUserThreadStart

[RecoilConfiguration] Empty or null JSON provided, returning default configuration.
0x00007fff38f222ae (Unity) StackWalker::ShowCallstack
0x00007fff38f31ee9 (Unity) PlatformStacktrace::GetStacktrace
0x00007fff3a1ac04e (Unity) Stacktrace::GetStacktrace
0x00007fff3a7859df (Unity) DebugStringToFile
0x00007fff37fd2930 (Unity) DebugLogHandler_CUSTOM_Internal_Log
0x000001e9766cbd3e (Mono JIT Code) (wrapper managed-to-native) UnityEngine.DebugLogHandler:Internal_Log_Injected (UnityEngine.LogType,UnityEngine.LogOption,UnityEngine.Bindings.ManagedSpanWrapper&,intptr)
0x000001e9766cbb43 (Mono JIT Code) UnityEngine.DebugLogHandler:Internal_Log (UnityEngine.LogType,UnityEngine.LogOption,string,UnityEngine.Object)
0x000001e9766cb7fb (Mono JIT Code) UnityEngine.DebugLogHandler:LogFormat (UnityEngine.LogType,UnityEngine.Object,string,object[])
0x000001e9766ca6ae (Mono JIT Code) UnityEngine.Logger:Log (UnityEngine.LogType,object)
0x000001e9aa2b404d (Mono JIT Code) UnityEngine.Debug:LogWarning (object)
0x000001e976d477fb (Mono JIT Code) RecoilConfiguration:FromJson (string) (at C:/Users/Ubuntu/Desktop/_DEV/AFFECT-2025-10-11/Assets/_SCRIPTS/_PLAYER/Recoil/RecoilConfiguration.cs:136)
0x000001e976d48643 (Mono JIT Code) SerializationProperties:Property16_InvalidJsonReturnsDefaultConfiguration () (at C:/Users/Ubuntu/Desktop/_DEV/AFFECT-2025-10-11/Assets/_SCRIPTS/Editor/SerializationProperties.cs:115)
0x000001e9aa264548 (Mono JIT Code) (wrapper runtime-invoke) object:runtime_invoke_void__this__ (object,intptr,intptr,intptr)
0x00007fff3fd16e7e (mono-2.0-bdwgc) mono_jit_runtime_invoke (at C:/build/output/Unity-Technologies/mono/mono/mini/mini-runtime.c:3445)
0x00007fff3fc58874 (mono-2.0-bdwgc) do_runtime_invoke (at C:/build/output/Unity-Technologies/mono/mono/metadata/object.c:3068)
0x00007fff3fc5f926 (mono-2.0-bdwgc) mono_runtime_try_invoke_array (at C:/build/output/Unity-Technologies/mono/mono/metadata/object.c:5774)
0x00007fff3fb91b81 (mono-2.0-bdwgc) ves_icall_InternalInvoke (at C:/build/output/Unity-Technologies/mono/mono/metadata/icall.c:4038)
0x00007fff3fbb7e31 (mono-2.0-bdwgc) ves_icall_InternalInvoke_raw (at C:/build/output/Unity-Technologies/mono/mono/metadata/icall-def.h:692)
0x000001e8e22b0f92 (Mono JIT Code) (wrapper managed-to-native) System.Reflection.RuntimeMethodInfo:InternalInvoke (System.Reflection.RuntimeMethodInfo,object,object[],System.Exception&)
0x000001e8e3c7ea73 (Mono JIT Code) System.Reflection.RuntimeMethodInfo:Invoke (object,System.Reflection.BindingFlags,System.Reflection.Binder,object[],System.Globalization.CultureInfo)
0x000001e8db9555ef (Mono JIT Code) System.Reflection.MethodBase:Invoke (object,object[])
0x000001e9aa26e783 (Mono JIT Code) NUnit.Framework.Internal.Reflect:InvokeMethod (System.Reflection.MethodInfo,object,object[])
0x000001e9aa2760ab (Mono JIT Code) NUnit.Framework.Internal.MethodWrapper:Invoke (object,object[])
0x000001e9aa275f8a (Mono JIT Code) NUnit.Framework.Internal.Commands.TestMethodCommand:RunNonAsyncTestMethod (NUnit.Framework.Internal.ITestExecutionContext)
0x000001e9aa275dd3 (Mono JIT Code) NUnit.Framework.Internal.Commands.TestMethodCommand:RunTestMethod (NUnit.Framework.Internal.ITestExecutionContext)
0x000001e9aa275973 (Mono JIT Code) NUnit.Framework.Internal.Commands.TestMethodCommand:Execute (NUnit.Framework.Internal.ITestExecutionContext)
0x000001e9aa27556b (Mono JIT Code) UnityEngine.TestTools.UnityTestMethodCommand:Execute (NUnit.Framework.Internal.ITestExecutionContext) (at ./Library/PackageCache/com.unity.test-framework@40e262928427/UnityEngine.TestRunner/NUnitExtensions/Commands/UnityTestMethodCommand.cs:19)
0x000001e9aa2752fb (Mono JIT Code) UnityEngine.TestRunner.NUnitExtensions.Runner.UnityLogCheckDelegatingCommand/<>c__DisplayClass2_0:<Execute>b__0 () (at ./Library/PackageCache/com.unity.test-framework@40e262928427/UnityEngine.TestRunner/NUnitExtensions/Runner/UnityLogCheckDelegatingCommand.cs:24)
0x000001e9aa275123 (Mono JIT Code) UnityEngine.TestRunner.NUnitExtensions.Runner.UnityLogCheckDelegatingCommand:CaptureException (NUnit.Framework.Internal.TestResult,System.Action) (at ./Library/PackageCache/com.unity.test-framework@40e262928427/UnityEngine.TestRunner/NUnitExtensions/Runner/UnityLogCheckDelegatingCommand.cs:72)
0x000001e9aa274fb3 (Mono JIT Code) UnityEngine.TestRunner.NUnitExtensions.Runner.UnityLogCheckDelegatingCommand:ExecuteAndCheckLog (UnityEngine.TestTools.Logging.LogScope,NUnit.Framework.Internal.TestResult,System.Action) (at ./Library/PackageCache/com.unity.test-framework@40e262928427/UnityEngine.TestRunner/NUnitExtensions/Runner/UnityLogCheckDelegatingCommand.cs:83)
0x000001e9aa274c3b (Mono JIT Code) UnityEngine.TestRunner.NUnitExtensions.Runner.UnityLogCheckDelegatingCommand:Execute (NUnit.Framework.Internal.ITestExecutionContext) (at ./Library/PackageCache/com.unity.test-framework@40e262928427/UnityEngine.TestRunner/NUnitExtensions/Runner/UnityLogCheckDelegatingCommand.cs:24)
0x000001e9aa273c19 (Mono JIT Code) UnityEngine.TestRunner.NUnitExtensions.Runner.UnityLogCheckDelegatingCommand/<ExecuteEnumerable>d__3:MoveNext () (at ./Library/PackageCache/com.unity.test-framework@40e262928427/UnityEngine.TestRunner/NUnitExtensions/Runner/UnityLogCheckDelegatingCommand.cs:35)
0x000001e9aa251e01 (Mono JIT Code) UnityEngine.TestTools.BeforeAfterTestCommandBase`1/<ExecuteEnumerable>d__16<T_REF>:MoveNext () (at ./Library/PackageCache/com.unity.test-framework@40e262928427/UnityEngine.TestRunner/NUnitExtensions/Commands/BeforeAfterTestCommandBase.cs:212)
0x000001e9aa272fb6 (Mono JIT Code) UnityEngine.TestTools.ImmediateEnumerableCommand:Execute (NUnit.Framework.Internal.ITestExecutionContext) (at ./Library/PackageCache/com.unity.test-framework@40e262928427/UnityEngine.TestRunner/NUnitExtensions/Commands/ImmediateEnumerableCommand.cs:18)
0x000001e9aa251f01 (Mono JIT Code) UnityEngine.TestTools.BeforeAfterTestCommandBase`1/<ExecuteEnumerable>d__16<T_REF>:MoveNext () (at ./Library/PackageCache/com.unity.test-framework@40e262928427/UnityEngine.TestRunner/NUnitExtensions/Commands/BeforeAfterTestCommandBase.cs:219)
0x000001e9aa251e01 (Mono JIT Code) UnityEngine.TestTools.BeforeAfterTestCommandBase`1/<ExecuteEnumerable>d__16<T_REF>:MoveNext () (at ./Library/PackageCache/com.unity.test-framework@40e262928427/UnityEngine.TestRunner/NUnitExtensions/Commands/BeforeAfterTestCommandBase.cs:212)
0x000001e9aa251e01 (Mono JIT Code) UnityEngine.TestTools.BeforeAfterTestCommandBase`1/<ExecuteEnumerable>d__16<T_REF>:MoveNext () (at ./Library/PackageCache/com.unity.test-framework@40e262928427/UnityEngine.TestRunner/NUnitExtensions/Commands/BeforeAfterTestCommandBase.cs:212)
0x000001e9aa26b457 (Mono JIT Code) UnityEngine.TestTools.RetryCommand/<ExecuteEnumerable>d__2:MoveNext () (at ./Library/PackageCache/com.unity.test-framework@40e262928427/UnityEngine.TestRunner/NUnitExtensions/Commands/RetryCommand.cs:37)
0x000001e9aa269f2f (Mono JIT Code) UnityEngine.TestTools.RepeatCommand/<ExecuteEnumerable>d__2:MoveNext () (at ./Library/PackageCache/com.unity.test-framework@40e262928427/UnityEngine.TestRunner/NUnitExtensions/Commands/RepeatCommand.cs:36)
0x000001e9aa268fa6 (Mono JIT Code) UnityEngine.TestTools.IgnoreTestCommand/<ExecuteEnumerable>d__3:MoveNext () (at ./Library/PackageCache/com.unity.test-framework@40e262928427/UnityEngine.TestRunner/NUnitExtensions/Commands/IgnoreTestCommand.cs:42)
0x000001e9aa267c7f (Mono JIT Code) UnityEngine.TestTools.StrictCheckCommand/<ExecuteEnumerable>d__2:MoveNext () (at ./Library/PackageCache/com.unity.test-framework@40e262928427/UnityEngine.TestRunner/NUnitExtensions/Commands/StrictCheckCommand.cs:29)
0x000001e9aa266fe1 (Mono JIT Code) UnityEngine.TestRunner.NUnitExtensions.Runner.DefaultTestWorkItem/<PerformWork>d__2:MoveNext () (at ./Library/PackageCache/com.unity.test-framework@40e262928427/UnityEngine.TestRunner/NUnitExtensions/Runner/DefaultTestWorkItem.cs:50)
0x000001e9aa255e12 (Mono JIT Code) UnityEngine.TestRunner.NUnitExtensions.Runner.CompositeWorkItem/<RunChildren>d__17:MoveNext () (at ./Library/PackageCache/com.unity.test-framework@40e262928427/UnityEngine.TestRunner/NUnitExtensions/Runner/CompositeWorkItem.cs:207)
0x000001e9aa247756 (Mono JIT Code) UnityEngine.TestRunner.NUnitExtensions.Runner.CompositeWorkItem/<PerformWork>d__13:MoveNext () (at ./Library/PackageCache/com.unity.test-framework@40e262928427/UnityEngine.TestRunner/NUnitExtensions/Runner/CompositeWorkItem.cs:82)
0x000001e9aa255e12 (Mono JIT Code) UnityEngine.TestRunner.NUnitExtensions.Runner.CompositeWorkItem/<RunChildren>d__17:MoveNext () (at ./Library/PackageCache/com.unity.test-framework@40e262928427/UnityEngine.TestRunner/NUnitExtensions/Runner/CompositeWorkItem.cs:207)
0x000001e9aa247756 (Mono JIT Code) UnityEngine.TestRunner.NUnitExtensions.Runner.CompositeWorkItem/<PerformWork>d__13:MoveNext () (at ./Library/PackageCache/com.unity.test-framework@40e262928427/UnityEngine.TestRunner/NUnitExtensions/Runner/CompositeWorkItem.cs:82)
0x000001e9aa255e12 (Mono JIT Code) UnityEngine.TestRunner.NUnitExtensions.Runner.CompositeWorkItem/<RunChildren>d__17:MoveNext () (at ./Library/PackageCache/com.unity.test-framework@40e262928427/UnityEngine.TestRunner/NUnitExtensions/Runner/CompositeWorkItem.cs:207)
0x000001e9aa247756 (Mono JIT Code) UnityEngine.TestRunner.NUnitExtensions.Runner.CompositeWorkItem/<PerformWork>d__13:MoveNext () (at ./Library/PackageCache/com.unity.test-framework@40e262928427/UnityEngine.TestRunner/NUnitExtensions/Runner/CompositeWorkItem.cs:82)
0x000001e9aa245fcc (Mono JIT Code) UnityEditor.TestTools.TestRunner.EditModeRunner:MoveNextAndUpdateYieldObject () (at ./Library/PackageCache/com.unity.test-framework@40e262928427/UnityEditor.TestRunner/TestRunner/EditModeRunner.cs:167)
0x000001e9aa245b7b (Mono JIT Code) UnityEditor.TestTools.TestRunner.EditModeRunner:TestConsumer (UnityEditor.TestTools.TestRunner.TestRunnerStateSerializer) (at ./Library/PackageCache/com.unity.test-framework@40e262928427/UnityEditor.TestRunner/TestRunner/EditModeRunner.cs:200)
0x000001e9aa23c173 (Mono JIT Code) UnityEditor.TestTools.TestRunner.TestRun.Tasks.EditModeRunTask/<Execute>d__1:MoveNext () (at ./Library/PackageCache/com.unity.test-framework@40e262928427/UnityEditor.TestRunner/TestRun/Tasks/EditModeRunTask.cs:48)
0x000001e977129d5e (Mono JIT Code) UnityEditor.TestTools.TestRunner.TestRun.TestJobRunner:ExecuteStep () (at ./Library/PackageCache/com.unity.test-framework@40e262928427/UnityEditor.TestRunner/TestRun/TestJobRunner.cs:173)
0x000001e977128953 (Mono JIT Code) UnityEditor.TestTools.TestRunner.TestRun.TestJobRunner:ExecuteCallback () (at ./Library/PackageCache/com.unity.test-framework@40e262928427/UnityEditor.TestRunner/TestRun/TestJobRunner.cs:108)
0x000001e99df821b8 (Mono JIT Code) UnityEditor.EditorApplication:Internal_CallUpdateFunctions ()
0x000001e8e6514785 (Mono JIT Code) (wrapper runtime-invoke) object:runtime_invoke_void (object,intptr,intptr,intptr)
0x00007fff3fd16e7e (mono-2.0-bdwgc) mono_jit_runtime_invoke (at C:/build/output/Unity-Technologies/mono/mono/mini/mini-runtime.c:3445)
0x00007fff3fc58874 (mono-2.0-bdwgc) do_runtime_invoke (at C:/build/output/Unity-Technologies/mono/mono/metadata/object.c:3068)
0x00007fff3fc58960 (mono-2.0-bdwgc) mono_runtime_invoke (at C:/build/output/Unity-Technologies/mono/mono/metadata/object.c:3115)
0x00007fff38e4cea4 (Unity) scripting_method_invoke
0x00007fff38e25433 (Unity) ScriptingInvocation::Invoke
0x00007fff38e20b35 (Unity) ScriptingInvocation::Invoke<void>
0x00007fff38f8b4bb (Unity) Scripting::UnityEditor::EditorApplicationProxy::Internal_CallUpdateFunctions
0x00007fff3a07e0e4 (Unity) SceneTracker::Update
0x00007fff39be1247 (Unity) Application::TickTimer
0x00007fff3a1b25ac (Unity) MainMessageLoop
0x00007fff3a1b9d1c (Unity) UnityMain
0x00007ff68b302f2a (Unity) __scrt_common_main_seh
0x00007fffddade8d7 (KERNEL32) BaseThreadInitThunk
0x00007fffde88c53c (ntdll) RtlUserThreadStart

[RecoilConfiguration] Failed to deserialize JSON: JSON parse error: Missing a name for object member.. Returning default configuration.
0x00007fff38f222ae (Unity) StackWalker::ShowCallstack
0x00007fff38f31ee9 (Unity) PlatformStacktrace::GetStacktrace
0x00007fff3a1ac04e (Unity) Stacktrace::GetStacktrace
0x00007fff3a7859df (Unity) DebugStringToFile
0x00007fff37fd2930 (Unity) DebugLogHandler_CUSTOM_Internal_Log
0x000001e9766cbd3e (Mono JIT Code) (wrapper managed-to-native) UnityEngine.DebugLogHandler:Internal_Log_Injected (UnityEngine.LogType,UnityEngine.LogOption,UnityEngine.Bindings.ManagedSpanWrapper&,intptr)
0x000001e9766cbb43 (Mono JIT Code) UnityEngine.DebugLogHandler:Internal_Log (UnityEngine.LogType,UnityEngine.LogOption,string,UnityEngine.Object)
0x000001e9766cb7fb (Mono JIT Code) UnityEngine.DebugLogHandler:LogFormat (UnityEngine.LogType,UnityEngine.Object,string,object[])
0x000001e9766ca6ae (Mono JIT Code) UnityEngine.Logger:Log (UnityEngine.LogType,object)
0x000001e9aa2b404d (Mono JIT Code) UnityEngine.Debug:LogWarning (object)
0x000001e976d47adb (Mono JIT Code) RecoilConfiguration:FromJson (string) (at C:/Users/Ubuntu/Desktop/_DEV/AFFECT-2025-10-11/Assets/_SCRIPTS/_PLAYER/Recoil/RecoilConfiguration.cs:152)
0x000001e976d48643 (Mono JIT Code) SerializationProperties:Property16_InvalidJsonReturnsDefaultConfiguration () (at C:/Users/Ubuntu/Desktop/_DEV/AFFECT-2025-10-11/Assets/_SCRIPTS/Editor/SerializationProperties.cs:115)
0x000001e9aa264548 (Mono JIT Code) (wrapper runtime-invoke) object:runtime_invoke_void__this__ (object,intptr,intptr,intptr)
0x00007fff3fd16e7e (mono-2.0-bdwgc) mono_jit_runtime_invoke (at C:/build/output/Unity-Technologies/mono/mono/mini/mini-runtime.c:3445)
0x00007fff3fc58874 (mono-2.0-bdwgc) do_runtime_invoke (at C:/build/output/Unity-Technologies/mono/mono/metadata/object.c:3068)
0x00007fff3fc5f926 (mono-2.0-bdwgc) mono_runtime_try_invoke_array (at C:/build/output/Unity-Technologies/mono/mono/metadata/object.c:5774)
0x00007fff3fb91b81 (mono-2.0-bdwgc) ves_icall_InternalInvoke (at C:/build/output/Unity-Technologies/mono/mono/metadata/icall.c:4038)
0x00007fff3fbb7e31 (mono-2.0-bdwgc) ves_icall_InternalInvoke_raw (at C:/build/output/Unity-Technologies/mono/mono/metadata/icall-def.h:692)
0x000001e8e22b0f92 (Mono JIT Code) (wrapper managed-to-native) System.Reflection.RuntimeMethodInfo:InternalInvoke (System.Reflection.RuntimeMethodInfo,object,object[],System.Exception&)
0x000001e8e3c7ea73 (Mono JIT Code) System.Reflection.RuntimeMethodInfo:Invoke (object,System.Reflection.BindingFlags,System.Reflection.Binder,object[],System.Globalization.CultureInfo)
0x000001e8db9555ef (Mono JIT Code) System.Reflection.MethodBase:Invoke (object,object[])
0x000001e9aa26e783 (Mono JIT Code) NUnit.Framework.Internal.Reflect:InvokeMethod (System.Reflection.MethodInfo,object,object[])
0x000001e9aa2760ab (Mono JIT Code) NUnit.Framework.Internal.MethodWrapper:Invoke (object,object[])
0x000001e9aa275f8a (Mono JIT Code) NUnit.Framework.Internal.Commands.TestMethodCommand:RunNonAsyncTestMethod (NUnit.Framework.Internal.ITestExecutionContext)
0x000001e9aa275dd3 (Mono JIT Code) NUnit.Framework.Internal.Commands.TestMethodCommand:RunTestMethod (NUnit.Framework.Internal.ITestExecutionContext)
0x000001e9aa275973 (Mono JIT Code) NUnit.Framework.Internal.Commands.TestMethodCommand:Execute (NUnit.Framework.Internal.ITestExecutionContext)
0x000001e9aa27556b (Mono JIT Code) UnityEngine.TestTools.UnityTestMethodCommand:Execute (NUnit.Framework.Internal.ITestExecutionContext) (at ./Library/PackageCache/com.unity.test-framework@40e262928427/UnityEngine.TestRunner/NUnitExtensions/Commands/UnityTestMethodCommand.cs:19)
0x000001e9aa2752fb (Mono JIT Code) UnityEngine.TestRunner.NUnitExtensions.Runner.UnityLogCheckDelegatingCommand/<>c__DisplayClass2_0:<Execute>b__0 () (at ./Library/PackageCache/com.unity.test-framework@40e262928427/UnityEngine.TestRunner/NUnitExtensions/Runner/UnityLogCheckDelegatingCommand.cs:24)
0x000001e9aa275123 (Mono JIT Code) UnityEngine.TestRunner.NUnitExtensions.Runner.UnityLogCheckDelegatingCommand:CaptureException (NUnit.Framework.Internal.TestResult,System.Action) (at ./Library/PackageCache/com.unity.test-framework@40e262928427/UnityEngine.TestRunner/NUnitExtensions/Runner/UnityLogCheckDelegatingCommand.cs:72)
0x000001e9aa274fb3 (Mono JIT Code) UnityEngine.TestRunner.NUnitExtensions.Runner.UnityLogCheckDelegatingCommand:ExecuteAndCheckLog (UnityEngine.TestTools.Logging.LogScope,NUnit.Framework.Internal.TestResult,System.Action) (at ./Library/PackageCache/com.unity.test-framework@40e262928427/UnityEngine.TestRunner/NUnitExtensions/Runner/UnityLogCheckDelegatingCommand.cs:83)
0x000001e9aa274c3b (Mono JIT Code) UnityEngine.TestRunner.NUnitExtensions.Runner.UnityLogCheckDelegatingCommand:Execute (NUnit.Framework.Internal.ITestExecutionContext) (at ./Library/PackageCache/com.unity.test-framework@40e262928427/UnityEngine.TestRunner/NUnitExtensions/Runner/UnityLogCheckDelegatingCommand.cs:24)
0x000001e9aa273c19 (Mono JIT Code) UnityEngine.TestRunner.NUnitExtensions.Runner.UnityLogCheckDelegatingCommand/<ExecuteEnumerable>d__3:MoveNext () (at ./Library/PackageCache/com.unity.test-framework@40e262928427/UnityEngine.TestRunner/NUnitExtensions/Runner/UnityLogCheckDelegatingCommand.cs:35)
0x000001e9aa251e01 (Mono JIT Code) UnityEngine.TestTools.BeforeAfterTestCommandBase`1/<ExecuteEnumerable>d__16<T_REF>:MoveNext () (at ./Library/PackageCache/com.unity.test-framework@40e262928427/UnityEngine.TestRunner/NUnitExtensions/Commands/BeforeAfterTestCommandBase.cs:212)
0x000001e9aa272fb6 (Mono JIT Code) UnityEngine.TestTools.ImmediateEnumerableCommand:Execute (NUnit.Framework.Internal.ITestExecutionContext) (at ./Library/PackageCache/com.unity.test-framework@40e262928427/UnityEngine.TestRunner/NUnitExtensions/Commands/ImmediateEnumerableCommand.cs:18)
0x000001e9aa251f01 (Mono JIT Code) UnityEngine.TestTools.BeforeAfterTestCommandBase`1/<ExecuteEnumerable>d__16<T_REF>:MoveNext () (at ./Library/PackageCache/com.unity.test-framework@40e262928427/UnityEngine.TestRunner/NUnitExtensions/Commands/BeforeAfterTestCommandBase.cs:219)
0x000001e9aa251e01 (Mono JIT Code) UnityEngine.TestTools.BeforeAfterTestCommandBase`1/<ExecuteEnumerable>d__16<T_REF>:MoveNext () (at ./Library/PackageCache/com.unity.test-framework@40e262928427/UnityEngine.TestRunner/NUnitExtensions/Commands/BeforeAfterTestCommandBase.cs:212)
0x000001e9aa251e01 (Mono JIT Code) UnityEngine.TestTools.BeforeAfterTestCommandBase`1/<ExecuteEnumerable>d__16<T_REF>:MoveNext () (at ./Library/PackageCache/com.unity.test-framework@40e262928427/UnityEngine.TestRunner/NUnitExtensions/Commands/BeforeAfterTestCommandBase.cs:212)
0x000001e9aa26b457 (Mono JIT Code) UnityEngine.TestTools.RetryCommand/<ExecuteEnumerable>d__2:MoveNext () (at ./Library/PackageCache/com.unity.test-framework@40e262928427/UnityEngine.TestRunner/NUnitExtensions/Commands/RetryCommand.cs:37)
0x000001e9aa269f2f (Mono JIT Code) UnityEngine.TestTools.RepeatCommand/<ExecuteEnumerable>d__2:MoveNext () (at ./Library/PackageCache/com.unity.test-framework@40e262928427/UnityEngine.TestRunner/NUnitExtensions/Commands/RepeatCommand.cs:36)
0x000001e9aa268fa6 (Mono JIT Code) UnityEngine.TestTools.IgnoreTestCommand/<ExecuteEnumerable>d__3:MoveNext () (at ./Library/PackageCache/com.unity.test-framework@40e262928427/UnityEngine.TestRunner/NUnitExtensions/Commands/IgnoreTestCommand.cs:42)
0x000001e9aa267c7f (Mono JIT Code) UnityEngine.TestTools.StrictCheckCommand/<ExecuteEnumerable>d__2:MoveNext () (at ./Library/PackageCache/com.unity.test-framework@40e262928427/UnityEngine.TestRunner/NUnitExtensions/Commands/StrictCheckCommand.cs:29)
0x000001e9aa266fe1 (Mono JIT Code) UnityEngine.TestRunner.NUnitExtensions.Runner.DefaultTestWorkItem/<PerformWork>d__2:MoveNext () (at ./Library/PackageCache/com.unity.test-framework@40e262928427/UnityEngine.TestRunner/NUnitExtensions/Runner/DefaultTestWorkItem.cs:50)
0x000001e9aa255e12 (Mono JIT Code) UnityEngine.TestRunner.NUnitExtensions.Runner.CompositeWorkItem/<RunChildren>d__17:MoveNext () (at ./Library/PackageCache/com.unity.test-framework@40e262928427/UnityEngine.TestRunner/NUnitExtensions/Runner/CompositeWorkItem.cs:207)
0x000001e9aa247756 (Mono JIT Code) UnityEngine.TestRunner.NUnitExtensions.Runner.CompositeWorkItem/<PerformWork>d__13:MoveNext () (at ./Library/PackageCache/com.unity.test-framework@40e262928427/UnityEngine.TestRunner/NUnitExtensions/Runner/CompositeWorkItem.cs:82)
0x000001e9aa255e12 (Mono JIT Code) UnityEngine.TestRunner.NUnitExtensions.Runner.CompositeWorkItem/<RunChildren>d__17:MoveNext () (at ./Library/PackageCache/com.unity.test-framework@40e262928427/UnityEngine.TestRunner/NUnitExtensions/Runner/CompositeWorkItem.cs:207)
0x000001e9aa247756 (Mono JIT Code) UnityEngine.TestRunner.NUnitExtensions.Runner.CompositeWorkItem/<PerformWork>d__13:MoveNext () (at ./Library/PackageCache/com.unity.test-framework@40e262928427/UnityEngine.TestRunner/NUnitExtensions/Runner/CompositeWorkItem.cs:82)
0x000001e9aa255e12 (Mono JIT Code) UnityEngine.TestRunner.NUnitExtensions.Runner.CompositeWorkItem/<RunChildren>d__17:MoveNext () (at ./Library/PackageCache/com.unity.test-framework@40e262928427/UnityEngine.TestRunner/NUnitExtensions/Runner/CompositeWorkItem.cs:207)
0x000001e9aa247756 (Mono JIT Code) UnityEngine.TestRunner.NUnitExtensions.Runner.CompositeWorkItem/<PerformWork>d__13:MoveNext () (at ./Library/PackageCache/com.unity.test-framework@40e262928427/UnityEngine.TestRunner/NUnitExtensions/Runner/CompositeWorkItem.cs:82)
0x000001e9aa245fcc (Mono JIT Code) UnityEditor.TestTools.TestRunner.EditModeRunner:MoveNextAndUpdateYieldObject () (at ./Library/PackageCache/com.unity.test-framework@40e262928427/UnityEditor.TestRunner/TestRunner/EditModeRunner.cs:167)
0x000001e9aa245b7b (Mono JIT Code) UnityEditor.TestTools.TestRunner.EditModeRunner:TestConsumer (UnityEditor.TestTools.TestRunner.TestRunnerStateSerializer) (at ./Library/PackageCache/com.unity.test-framework@40e262928427/UnityEditor.TestRunner/TestRunner/EditModeRunner.cs:200)
0x000001e9aa23c173 (Mono JIT Code) UnityEditor.TestTools.TestRunner.TestRun.Tasks.EditModeRunTask/<Execute>d__1:MoveNext () (at ./Library/PackageCache/com.unity.test-framework@40e262928427/UnityEditor.TestRunner/TestRun/Tasks/EditModeRunTask.cs:48)
0x000001e977129d5e (Mono JIT Code) UnityEditor.TestTools.TestRunner.TestRun.TestJobRunner:ExecuteStep () (at ./Library/PackageCache/com.unity.test-framework@40e262928427/UnityEditor.TestRunner/TestRun/TestJobRunner.cs:173)
0x000001e977128953 (Mono JIT Code) UnityEditor.TestTools.TestRunner.TestRun.TestJobRunner:ExecuteCallback () (at ./Library/PackageCache/com.unity.test-framework@40e262928427/UnityEditor.TestRunner/TestRun/TestJobRunner.cs:108)
0x000001e99df821b8 (Mono JIT Code) UnityEditor.EditorApplication:Internal_CallUpdateFunctions ()
0x000001e8e6514785 (Mono JIT Code) (wrapper runtime-invoke) object:runtime_invoke_void (object,intptr,intptr,intptr)
0x00007fff3fd16e7e (mono-2.0-bdwgc) mono_jit_runtime_invoke (at C:/build/output/Unity-Technologies/mono/mono/mini/mini-runtime.c:3445)
0x00007fff3fc58874 (mono-2.0-bdwgc) do_runtime_invoke (at C:/build/output/Unity-Technologies/mono/mono/metadata/object.c:3068)
0x00007fff3fc58960 (mono-2.0-bdwgc) mono_runtime_invoke (at C:/build/output/Unity-Technologies/mono/mono/metadata/object.c:3115)
0x00007fff38e4cea4 (Unity) scripting_method_invoke
0x00007fff38e25433 (Unity) ScriptingInvocation::Invoke
0x00007fff38e20b35 (Unity) ScriptingInvocation::Invoke<void>
0x00007fff38f8b4bb (Unity) Scripting::UnityEditor::EditorApplicationProxy::Internal_CallUpdateFunctions
0x00007fff3a07e0e4 (Unity) SceneTracker::Update
0x00007fff39be1247 (Unity) Application::TickTimer
0x00007fff3a1b25ac (Unity) MainMessageLoop
0x00007fff3a1b9d1c (Unity) UnityMain
0x00007ff68b302f2a (Unity) __scrt_common_main_seh
0x00007fffddade8d7 (KERNEL32) BaseThreadInitThunk
0x00007fffde88c53c (ntdll) RtlUserThreadStart

[RecoilConfiguration] Empty or null JSON provided, returning default configuration.
0x00007fff38f222ae (Unity) StackWalker::ShowCallstack
0x00007fff38f31ee9 (Unity) PlatformStacktrace::GetStacktrace
0x00007fff3a1ac04e (Unity) Stacktrace::GetStacktrace
0x00007fff3a7859df (Unity) DebugStringToFile
0x00007fff37fd2930 (Unity) DebugLogHandler_CUSTOM_Internal_Log
0x000001e9766cbd3e (Mono JIT Code) (wrapper managed-to-native) UnityEngine.DebugLogHandler:Internal_Log_Injected (UnityEngine.LogType,UnityEngine.LogOption,UnityEngine.Bindings.ManagedSpanWrapper&,intptr)
0x000001e9766cbb43 (Mono JIT Code) UnityEngine.DebugLogHandler:Internal_Log (UnityEngine.LogType,UnityEngine.LogOption,string,UnityEngine.Object)
0x000001e9766cb7fb (Mono JIT Code) UnityEngine.DebugLogHandler:LogFormat (UnityEngine.LogType,UnityEngine.Object,string,object[])
0x000001e9766ca6ae (Mono JIT Code) UnityEngine.Logger:Log (UnityEngine.LogType,object)
0x000001e9aa2b404d (Mono JIT Code) UnityEngine.Debug:LogWarning (object)
0x000001e976d477fb (Mono JIT Code) RecoilConfiguration:FromJson (string) (at C:/Users/Ubuntu/Desktop/_DEV/AFFECT-2025-10-11/Assets/_SCRIPTS/_PLAYER/Recoil/RecoilConfiguration.cs:136)
0x000001e976d48643 (Mono JIT Code) SerializationProperties:Property16_InvalidJsonReturnsDefaultConfiguration () (at C:/Users/Ubuntu/Desktop/_DEV/AFFECT-2025-10-11/Assets/_SCRIPTS/Editor/SerializationProperties.cs:115)
0x000001e9aa264548 (Mono JIT Code) (wrapper runtime-invoke) object:runtime_invoke_void__this__ (object,intptr,intptr,intptr)
0x00007fff3fd16e7e (mono-2.0-bdwgc) mono_jit_runtime_invoke (at C:/build/output/Unity-Technologies/mono/mono/mini/mini-runtime.c:3445)
0x00007fff3fc58874 (mono-2.0-bdwgc) do_runtime_invoke (at C:/build/output/Unity-Technologies/mono/mono/metadata/object.c:3068)
0x00007fff3fc5f926 (mono-2.0-bdwgc) mono_runtime_try_invoke_array (at C:/build/output/Unity-Technologies/mono/mono/metadata/object.c:5774)
0x00007fff3fb91b81 (mono-2.0-bdwgc) ves_icall_InternalInvoke (at C:/build/output/Unity-Technologies/mono/mono/metadata/icall.c:4038)
0x00007fff3fbb7e31 (mono-2.0-bdwgc) ves_icall_InternalInvoke_raw (at C:/build/output/Unity-Technologies/mono/mono/metadata/icall-def.h:692)
0x000001e8e22b0f92 (Mono JIT Code) (wrapper managed-to-native) System.Reflection.RuntimeMethodInfo:InternalInvoke (System.Reflection.RuntimeMethodInfo,object,object[],System.Exception&)
0x000001e8e3c7ea73 (Mono JIT Code) System.Reflection.RuntimeMethodInfo:Invoke (object,System.Reflection.BindingFlags,System.Reflection.Binder,object[],System.Globalization.CultureInfo)
0x000001e8db9555ef (Mono JIT Code) System.Reflection.MethodBase:Invoke (object,object[])
0x000001e9aa26e783 (Mono JIT Code) NUnit.Framework.Internal.Reflect:InvokeMethod (System.Reflection.MethodInfo,object,object[])
0x000001e9aa2760ab (Mono JIT Code) NUnit.Framework.Internal.MethodWrapper:Invoke (object,object[])
0x000001e9aa275f8a (Mono JIT Code) NUnit.Framework.Internal.Commands.TestMethodCommand:RunNonAsyncTestMethod (NUnit.Framework.Internal.ITestExecutionContext)
0x000001e9aa275dd3 (Mono JIT Code) NUnit.Framework.Internal.Commands.TestMethodCommand:RunTestMethod (NUnit.Framework.Internal.ITestExecutionContext)
0x000001e9aa275973 (Mono JIT Code) NUnit.Framework.Internal.Commands.TestMethodCommand:Execute (NUnit.Framework.Internal.ITestExecutionContext)
0x000001e9aa27556b (Mono JIT Code) UnityEngine.TestTools.UnityTestMethodCommand:Execute (NUnit.Framework.Internal.ITestExecutionContext) (at ./Library/PackageCache/com.unity.test-framework@40e262928427/UnityEngine.TestRunner/NUnitExtensions/Commands/UnityTestMethodCommand.cs:19)
0x000001e9aa2752fb (Mono JIT Code) UnityEngine.TestRunner.NUnitExtensions.Runner.UnityLogCheckDelegatingCommand/<>c__DisplayClass2_0:<Execute>b__0 () (at ./Library/PackageCache/com.unity.test-framework@40e262928427/UnityEngine.TestRunner/NUnitExtensions/Runner/UnityLogCheckDelegatingCommand.cs:24)
0x000001e9aa275123 (Mono JIT Code) UnityEngine.TestRunner.NUnitExtensions.Runner.UnityLogCheckDelegatingCommand:CaptureException (NUnit.Framework.Internal.TestResult,System.Action) (at ./Library/PackageCache/com.unity.test-framework@40e262928427/UnityEngine.TestRunner/NUnitExtensions/Runner/UnityLogCheckDelegatingCommand.cs:72)
0x000001e9aa274fb3 (Mono JIT Code) UnityEngine.TestRunner.NUnitExtensions.Runner.UnityLogCheckDelegatingCommand:ExecuteAndCheckLog (UnityEngine.TestTools.Logging.LogScope,NUnit.Framework.Internal.TestResult,System.Action) (at ./Library/PackageCache/com.unity.test-framework@40e262928427/UnityEngine.TestRunner/NUnitExtensions/Runner/UnityLogCheckDelegatingCommand.cs:83)
0x000001e9aa274c3b (Mono JIT Code) UnityEngine.TestRunner.NUnitExtensions.Runner.UnityLogCheckDelegatingCommand:Execute (NUnit.Framework.Internal.ITestExecutionContext) (at ./Library/PackageCache/com.unity.test-framework@40e262928427/UnityEngine.TestRunner/NUnitExtensions/Runner/UnityLogCheckDelegatingCommand.cs:24)
0x000001e9aa273c19 (Mono JIT Code) UnityEngine.TestRunner.NUnitExtensions.Runner.UnityLogCheckDelegatingCommand/<ExecuteEnumerable>d__3:MoveNext () (at ./Library/PackageCache/com.unity.test-framework@40e262928427/UnityEngine.TestRunner/NUnitExtensions/Runner/UnityLogCheckDelegatingCommand.cs:35)
0x000001e9aa251e01 (Mono JIT Code) UnityEngine.TestTools.BeforeAfterTestCommandBase`1/<ExecuteEnumerable>d__16<T_REF>:MoveNext () (at ./Library/PackageCache/com.unity.test-framework@40e262928427/UnityEngine.TestRunner/NUnitExtensions/Commands/BeforeAfterTestCommandBase.cs:212)
0x000001e9aa272fb6 (Mono JIT Code) UnityEngine.TestTools.ImmediateEnumerableCommand:Execute (NUnit.Framework.Internal.ITestExecutionContext) (at ./Library/PackageCache/com.unity.test-framework@40e262928427/UnityEngine.TestRunner/NUnitExtensions/Commands/ImmediateEnumerableCommand.cs:18)
0x000001e9aa251f01 (Mono JIT Code) UnityEngine.TestTools.BeforeAfterTestCommandBase`1/<ExecuteEnumerable>d__16<T_REF>:MoveNext () (at ./Library/PackageCache/com.unity.test-framework@40e262928427/UnityEngine.TestRunner/NUnitExtensions/Commands/BeforeAfterTestCommandBase.cs:219)
0x000001e9aa251e01 (Mono JIT Code) UnityEngine.TestTools.BeforeAfterTestCommandBase`1/<ExecuteEnumerable>d__16<T_REF>:MoveNext () (at ./Library/PackageCache/com.unity.test-framework@40e262928427/UnityEngine.TestRunner/NUnitExtensions/Commands/BeforeAfterTestCommandBase.cs:212)
0x000001e9aa251e01 (Mono JIT Code) UnityEngine.TestTools.BeforeAfterTestCommandBase`1/<ExecuteEnumerable>d__16<T_REF>:MoveNext () (at ./Library/PackageCache/com.unity.test-framework@40e262928427/UnityEngine.TestRunner/NUnitExtensions/Commands/BeforeAfterTestCommandBase.cs:212)
0x000001e9aa26b457 (Mono JIT Code) UnityEngine.TestTools.RetryCommand/<ExecuteEnumerable>d__2:MoveNext () (at ./Library/PackageCache/com.unity.test-framework@40e262928427/UnityEngine.TestRunner/NUnitExtensions/Commands/RetryCommand.cs:37)
0x000001e9aa269f2f (Mono JIT Code) UnityEngine.TestTools.RepeatCommand/<ExecuteEnumerable>d__2:MoveNext () (at ./Library/PackageCache/com.unity.test-framework@40e262928427/UnityEngine.TestRunner/NUnitExtensions/Commands/RepeatCommand.cs:36)
0x000001e9aa268fa6 (Mono JIT Code) UnityEngine.TestTools.IgnoreTestCommand/<ExecuteEnumerable>d__3:MoveNext () (at ./Library/PackageCache/com.unity.test-framework@40e262928427/UnityEngine.TestRunner/NUnitExtensions/Commands/IgnoreTestCommand.cs:42)
0x000001e9aa267c7f (Mono JIT Code) UnityEngine.TestTools.StrictCheckCommand/<ExecuteEnumerable>d__2:MoveNext () (at ./Library/PackageCache/com.unity.test-framework@40e262928427/UnityEngine.TestRunner/NUnitExtensions/Commands/StrictCheckCommand.cs:29)
0x000001e9aa266fe1 (Mono JIT Code) UnityEngine.TestRunner.NUnitExtensions.Runner.DefaultTestWorkItem/<PerformWork>d__2:MoveNext () (at ./Library/PackageCache/com.unity.test-framework@40e262928427/UnityEngine.TestRunner/NUnitExtensions/Runner/DefaultTestWorkItem.cs:50)
0x000001e9aa255e12 (Mono JIT Code) UnityEngine.TestRunner.NUnitExtensions.Runner.CompositeWorkItem/<RunChildren>d__17:MoveNext () (at ./Library/PackageCache/com.unity.test-framework@40e262928427/UnityEngine.TestRunner/NUnitExtensions/Runner/CompositeWorkItem.cs:207)
0x000001e9aa247756 (Mono JIT Code) UnityEngine.TestRunner.NUnitExtensions.Runner.CompositeWorkItem/<PerformWork>d__13:MoveNext () (at ./Library/PackageCache/com.unity.test-framework@40e262928427/UnityEngine.TestRunner/NUnitExtensions/Runner/CompositeWorkItem.cs:82)
0x000001e9aa255e12 (Mono JIT Code) UnityEngine.TestRunner.NUnitExtensions.Runner.CompositeWorkItem/<RunChildren>d__17:MoveNext () (at ./Library/PackageCache/com.unity.test-framework@40e262928427/UnityEngine.TestRunner/NUnitExtensions/Runner/CompositeWorkItem.cs:207)
0x000001e9aa247756 (Mono JIT Code) UnityEngine.TestRunner.NUnitExtensions.Runner.CompositeWorkItem/<PerformWork>d__13:MoveNext () (at ./Library/PackageCache/com.unity.test-framework@40e262928427/UnityEngine.TestRunner/NUnitExtensions/Runner/CompositeWorkItem.cs:82)
0x000001e9aa255e12 (Mono JIT Code) UnityEngine.TestRunner.NUnitExtensions.Runner.CompositeWorkItem/<RunChildren>d__17:MoveNext () (at ./Library/PackageCache/com.unity.test-framework@40e262928427/UnityEngine.TestRunner/NUnitExtensions/Runner/CompositeWorkItem.cs:207)
0x000001e9aa247756 (Mono JIT Code) UnityEngine.TestRunner.NUnitExtensions.Runner.CompositeWorkItem/<PerformWork>d__13:MoveNext () (at ./Library/PackageCache/com.unity.test-framework@40e262928427/UnityEngine.TestRunner/NUnitExtensions/Runner/CompositeWorkItem.cs:82)
0x000001e9aa245fcc (Mono JIT Code) UnityEditor.TestTools.TestRunner.EditModeRunner:MoveNextAndUpdateYieldObject () (at ./Library/PackageCache/com.unity.test-framework@40e262928427/UnityEditor.TestRunner/TestRunner/EditModeRunner.cs:167)
0x000001e9aa245b7b (Mono JIT Code) UnityEditor.TestTools.TestRunner.EditModeRunner:TestConsumer (UnityEditor.TestTools.TestRunner.TestRunnerStateSerializer) (at ./Library/PackageCache/com.unity.test-framework@40e262928427/UnityEditor.TestRunner/TestRunner/EditModeRunner.cs:200)
0x000001e9aa23c173 (Mono JIT Code) UnityEditor.TestTools.TestRunner.TestRun.Tasks.EditModeRunTask/<Execute>d__1:MoveNext () (at ./Library/PackageCache/com.unity.test-framework@40e262928427/UnityEditor.TestRunner/TestRun/Tasks/EditModeRunTask.cs:48)
0x000001e977129d5e (Mono JIT Code) UnityEditor.TestTools.TestRunner.TestRun.TestJobRunner:ExecuteStep () (at ./Library/PackageCache/com.unity.test-framework@40e262928427/UnityEditor.TestRunner/TestRun/TestJobRunner.cs:173)
0x000001e977128953 (Mono JIT Code) UnityEditor.TestTools.TestRunner.TestRun.TestJobRunner:ExecuteCallback () (at ./Library/PackageCache/com.unity.test-framework@40e262928427/UnityEditor.TestRunner/TestRun/TestJobRunner.cs:108)
0x000001e99df821b8 (Mono JIT Code) UnityEditor.EditorApplication:Internal_CallUpdateFunctions ()
0x000001e8e6514785 (Mono JIT Code) (wrapper runtime-invoke) object:runtime_invoke_void (object,intptr,intptr,intptr)
0x00007fff3fd16e7e (mono-2.0-bdwgc) mono_jit_runtime_invoke (at C:/build/output/Unity-Technologies/mono/mono/mini/mini-runtime.c:3445)
0x00007fff3fc58874 (mono-2.0-bdwgc) do_runtime_invoke (at C:/build/output/Unity-Technologies/mono/mono/metadata/object.c:3068)
0x00007fff3fc58960 (mono-2.0-bdwgc) mono_runtime_invoke (at C:/build/output/Unity-Technologies/mono/mono/metadata/object.c:3115)
0x00007fff38e4cea4 (Unity) scripting_method_invoke
0x00007fff38e25433 (Unity) ScriptingInvocation::Invoke
0x00007fff38e20b35 (Unity) ScriptingInvocation::Invoke<void>
0x00007fff38f8b4bb (Unity) Scripting::UnityEditor::EditorApplicationProxy::Internal_CallUpdateFunctions
0x00007fff3a07e0e4 (Unity) SceneTracker::Update
0x00007fff39be1247 (Unity) Application::TickTimer
0x00007fff3a1b25ac (Unity) MainMessageLoop
0x00007fff3a1b9d1c (Unity) UnityMain
0x00007ff68b302f2a (Unity) __scrt_common_main_seh
0x00007fffddade8d7 (KERNEL32) BaseThreadInitThunk
0x00007fffde88c53c (ntdll) RtlUserThreadStart

[RecoilConfiguration] Empty or null JSON provided, returning default configuration.
0x00007fff38f222ae (Unity) StackWalker::ShowCallstack
0x00007fff38f31ee9 (Unity) PlatformStacktrace::GetStacktrace
0x00007fff3a1ac04e (Unity) Stacktrace::GetStacktrace
0x00007fff3a7859df (Unity) DebugStringToFile
0x00007fff37fd2930 (Unity) DebugLogHandler_CUSTOM_Internal_Log
0x000001e9766cbd3e (Mono JIT Code) (wrapper managed-to-native) UnityEngine.DebugLogHandler:Internal_Log_Injected (UnityEngine.LogType,UnityEngine.LogOption,UnityEngine.Bindings.ManagedSpanWrapper&,intptr)
0x000001e9766cbb43 (Mono JIT Code) UnityEngine.DebugLogHandler:Internal_Log (UnityEngine.LogType,UnityEngine.LogOption,string,UnityEngine.Object)
0x000001e9766cb7fb (Mono JIT Code) UnityEngine.DebugLogHandler:LogFormat (UnityEngine.LogType,UnityEngine.Object,string,object[])
0x000001e9766ca6ae (Mono JIT Code) UnityEngine.Logger:Log (UnityEngine.LogType,object)
0x000001e9aa2b404d (Mono JIT Code) UnityEngine.Debug:LogWarning (object)
0x000001e976d477fb (Mono JIT Code) RecoilConfiguration:FromJson (string) (at C:/Users/Ubuntu/Desktop/_DEV/AFFECT-2025-10-11/Assets/_SCRIPTS/_PLAYER/Recoil/RecoilConfiguration.cs:136)
0x000001e976d48643 (Mono JIT Code) SerializationProperties:Property16_InvalidJsonReturnsDefaultConfiguration () (at C:/Users/Ubuntu/Desktop/_DEV/AFFECT-2025-10-11/Assets/_SCRIPTS/Editor/SerializationProperties.cs:115)
0x000001e9aa264548 (Mono JIT Code) (wrapper runtime-invoke) object:runtime_invoke_void__this__ (object,intptr,intptr,intptr)
0x00007fff3fd16e7e (mono-2.0-bdwgc) mono_jit_runtime_invoke (at C:/build/output/Unity-Technologies/mono/mono/mini/mini-runtime.c:3445)
0x00007fff3fc58874 (mono-2.0-bdwgc) do_runtime_invoke (at C:/build/output/Unity-Technologies/mono/mono/metadata/object.c:3068)
0x00007fff3fc5f926 (mono-2.0-bdwgc) mono_runtime_try_invoke_array (at C:/build/output/Unity-Technologies/mono/mono/metadata/object.c:5774)
0x00007fff3fb91b81 (mono-2.0-bdwgc) ves_icall_InternalInvoke (at C:/build/output/Unity-Technologies/mono/mono/metadata/icall.c:4038)
0x00007fff3fbb7e31 (mono-2.0-bdwgc) ves_icall_InternalInvoke_raw (at C:/build/output/Unity-Technologies/mono/mono/metadata/icall-def.h:692)
0x000001e8e22b0f92 (Mono JIT Code) (wrapper managed-to-native) System.Reflection.RuntimeMethodInfo:InternalInvoke (System.Reflection.RuntimeMethodInfo,object,object[],System.Exception&)
0x000001e8e3c7ea73 (Mono JIT Code) System.Reflection.RuntimeMethodInfo:Invoke (object,System.Reflection.BindingFlags,System.Reflection.Binder,object[],System.Globalization.CultureInfo)
0x000001e8db9555ef (Mono JIT Code) System.Reflection.MethodBase:Invoke (object,object[])
0x000001e9aa26e783 (Mono JIT Code) NUnit.Framework.Internal.Reflect:InvokeMethod (System.Reflection.MethodInfo,object,object[])
0x000001e9aa2760ab (Mono JIT Code) NUnit.Framework.Internal.MethodWrapper:Invoke (object,object[])
0x000001e9aa275f8a (Mono JIT Code) NUnit.Framework.Internal.Commands.TestMethodCommand:RunNonAsyncTestMethod (NUnit.Framework.Internal.ITestExecutionContext)
0x000001e9aa275dd3 (Mono JIT Code) NUnit.Framework.Internal.Commands.TestMethodCommand:RunTestMethod (NUnit.Framework.Internal.ITestExecutionContext)
0x000001e9aa275973 (Mono JIT Code) NUnit.Framework.Internal.Commands.TestMethodCommand:Execute (NUnit.Framework.Internal.ITestExecutionContext)
0x000001e9aa27556b (Mono JIT Code) UnityEngine.TestTools.UnityTestMethodCommand:Execute (NUnit.Framework.Internal.ITestExecutionContext) (at ./Library/PackageCache/com.unity.test-framework@40e262928427/UnityEngine.TestRunner/NUnitExtensions/Commands/UnityTestMethodCommand.cs:19)
0x000001e9aa2752fb (Mono JIT Code) UnityEngine.TestRunner.NUnitExtensions.Runner.UnityLogCheckDelegatingCommand/<>c__DisplayClass2_0:<Execute>b__0 () (at ./Library/PackageCache/com.unity.test-framework@40e262928427/UnityEngine.TestRunner/NUnitExtensions/Runner/UnityLogCheckDelegatingCommand.cs:24)
0x000001e9aa275123 (Mono JIT Code) UnityEngine.TestRunner.NUnitExtensions.Runner.UnityLogCheckDelegatingCommand:CaptureException (NUnit.Framework.Internal.TestResult,System.Action) (at ./Library/PackageCache/com.unity.test-framework@40e262928427/UnityEngine.TestRunner/NUnitExtensions/Runner/UnityLogCheckDelegatingCommand.cs:72)
0x000001e9aa274fb3 (Mono JIT Code) UnityEngine.TestRunner.NUnitExtensions.Runner.UnityLogCheckDelegatingCommand:ExecuteAndCheckLog (UnityEngine.TestTools.Logging.LogScope,NUnit.Framework.Internal.TestResult,System.Action) (at ./Library/PackageCache/com.unity.test-framework@40e262928427/UnityEngine.TestRunner/NUnitExtensions/Runner/UnityLogCheckDelegatingCommand.cs:83)
0x000001e9aa274c3b (Mono JIT Code) UnityEngine.TestRunner.NUnitExtensions.Runner.UnityLogCheckDelegatingCommand:Execute (NUnit.Framework.Internal.ITestExecutionContext) (at ./Library/PackageCache/com.unity.test-framework@40e262928427/UnityEngine.TestRunner/NUnitExtensions/Runner/UnityLogCheckDelegatingCommand.cs:24)
0x000001e9aa273c19 (Mono JIT Code) UnityEngine.TestRunner.NUnitExtensions.Runner.UnityLogCheckDelegatingCommand/<ExecuteEnumerable>d__3:MoveNext () (at ./Library/PackageCache/com.unity.test-framework@40e262928427/UnityEngine.TestRunner/NUnitExtensions/Runner/UnityLogCheckDelegatingCommand.cs:35)
0x000001e9aa251e01 (Mono JIT Code) UnityEngine.TestTools.BeforeAfterTestCommandBase`1/<ExecuteEnumerable>d__16<T_REF>:MoveNext () (at ./Library/PackageCache/com.unity.test-framework@40e262928427/UnityEngine.TestRunner/NUnitExtensions/Commands/BeforeAfterTestCommandBase.cs:212)
0x000001e9aa272fb6 (Mono JIT Code) UnityEngine.TestTools.ImmediateEnumerableCommand:Execute (NUnit.Framework.Internal.ITestExecutionContext) (at ./Library/PackageCache/com.unity.test-framework@40e262928427/UnityEngine.TestRunner/NUnitExtensions/Commands/ImmediateEnumerableCommand.cs:18)
0x000001e9aa251f01 (Mono JIT Code) UnityEngine.TestTools.BeforeAfterTestCommandBase`1/<ExecuteEnumerable>d__16<T_REF>:MoveNext () (at ./Library/PackageCache/com.unity.test-framework@40e262928427/UnityEngine.TestRunner/NUnitExtensions/Commands/BeforeAfterTestCommandBase.cs:219)
0x000001e9aa251e01 (Mono JIT Code) UnityEngine.TestTools.BeforeAfterTestCommandBase`1/<ExecuteEnumerable>d__16<T_REF>:MoveNext () (at ./Library/PackageCache/com.unity.test-framework@40e262928427/UnityEngine.TestRunner/NUnitExtensions/Commands/BeforeAfterTestCommandBase.cs:212)
0x000001e9aa251e01 (Mono JIT Code) UnityEngine.TestTools.BeforeAfterTestCommandBase`1/<ExecuteEnumerable>d__16<T_REF>:MoveNext () (at ./Library/PackageCache/com.unity.test-framework@40e262928427/UnityEngine.TestRunner/NUnitExtensions/Commands/BeforeAfterTestCommandBase.cs:212)
0x000001e9aa26b457 (Mono JIT Code) UnityEngine.TestTools.RetryCommand/<ExecuteEnumerable>d__2:MoveNext () (at ./Library/PackageCache/com.unity.test-framework@40e262928427/UnityEngine.TestRunner/NUnitExtensions/Commands/RetryCommand.cs:37)
0x000001e9aa269f2f (Mono JIT Code) UnityEngine.TestTools.RepeatCommand/<ExecuteEnumerable>d__2:MoveNext () (at ./Library/PackageCache/com.unity.test-framework@40e262928427/UnityEngine.TestRunner/NUnitExtensions/Commands/RepeatCommand.cs:36)
0x000001e9aa268fa6 (Mono JIT Code) UnityEngine.TestTools.IgnoreTestCommand/<ExecuteEnumerable>d__3:MoveNext () (at ./Library/PackageCache/com.unity.test-framework@40e262928427/UnityEngine.TestRunner/NUnitExtensions/Commands/IgnoreTestCommand.cs:42)
0x000001e9aa267c7f (Mono JIT Code) UnityEngine.TestTools.StrictCheckCommand/<ExecuteEnumerable>d__2:MoveNext () (at ./Library/PackageCache/com.unity.test-framework@40e262928427/UnityEngine.TestRunner/NUnitExtensions/Commands/StrictCheckCommand.cs:29)
0x000001e9aa266fe1 (Mono JIT Code) UnityEngine.TestRunner.NUnitExtensions.Runner.DefaultTestWorkItem/<PerformWork>d__2:MoveNext () (at ./Library/PackageCache/com.unity.test-framework@40e262928427/UnityEngine.TestRunner/NUnitExtensions/Runner/DefaultTestWorkItem.cs:50)
0x000001e9aa255e12 (Mono JIT Code) UnityEngine.TestRunner.NUnitExtensions.Runner.CompositeWorkItem/<RunChildren>d__17:MoveNext () (at ./Library/PackageCache/com.unity.test-framework@40e262928427/UnityEngine.TestRunner/NUnitExtensions/Runner/CompositeWorkItem.cs:207)
0x000001e9aa247756 (Mono JIT Code) UnityEngine.TestRunner.NUnitExtensions.Runner.CompositeWorkItem/<PerformWork>d__13:MoveNext () (at ./Library/PackageCache/com.unity.test-framework@40e262928427/UnityEngine.TestRunner/NUnitExtensions/Runner/CompositeWorkItem.cs:82)
0x000001e9aa255e12 (Mono JIT Code) UnityEngine.TestRunner.NUnitExtensions.Runner.CompositeWorkItem/<RunChildren>d__17:MoveNext () (at ./Library/PackageCache/com.unity.test-framework@40e262928427/UnityEngine.TestRunner/NUnitExtensions/Runner/CompositeWorkItem.cs:207)
0x000001e9aa247756 (Mono JIT Code) UnityEngine.TestRunner.NUnitExtensions.Runner.CompositeWorkItem/<PerformWork>d__13:MoveNext () (at ./Library/PackageCache/com.unity.test-framework@40e262928427/UnityEngine.TestRunner/NUnitExtensions/Runner/CompositeWorkItem.cs:82)
0x000001e9aa255e12 (Mono JIT Code) UnityEngine.TestRunner.NUnitExtensions.Runner.CompositeWorkItem/<RunChildren>d__17:MoveNext () (at ./Library/PackageCache/com.unity.test-framework@40e262928427/UnityEngine.TestRunner/NUnitExtensions/Runner/CompositeWorkItem.cs:207)
0x000001e9aa247756 (Mono JIT Code) UnityEngine.TestRunner.NUnitExtensions.Runner.CompositeWorkItem/<PerformWork>d__13:MoveNext () (at ./Library/PackageCache/com.unity.test-framework@40e262928427/UnityEngine.TestRunner/NUnitExtensions/Runner/CompositeWorkItem.cs:82)
0x000001e9aa245fcc (Mono JIT Code) UnityEditor.TestTools.TestRunner.EditModeRunner:MoveNextAndUpdateYieldObject () (at ./Library/PackageCache/com.unity.test-framework@40e262928427/UnityEditor.TestRunner/TestRunner/EditModeRunner.cs:167)
0x000001e9aa245b7b (Mono JIT Code) UnityEditor.TestTools.TestRunner.EditModeRunner:TestConsumer (UnityEditor.TestTools.TestRunner.TestRunnerStateSerializer) (at ./Library/PackageCache/com.unity.test-framework@40e262928427/UnityEditor.TestRunner/TestRunner/EditModeRunner.cs:200)
0x000001e9aa23c173 (Mono JIT Code) UnityEditor.TestTools.TestRunner.TestRun.Tasks.EditModeRunTask/<Execute>d__1:MoveNext () (at ./Library/PackageCache/com.unity.test-framework@40e262928427/UnityEditor.TestRunner/TestRun/Tasks/EditModeRunTask.cs:48)
0x000001e977129d5e (Mono JIT Code) UnityEditor.TestTools.TestRunner.TestRun.TestJobRunner:ExecuteStep () (at ./Library/PackageCache/com.unity.test-framework@40e262928427/UnityEditor.TestRunner/TestRun/TestJobRunner.cs:173)
0x000001e977128953 (Mono JIT Code) UnityEditor.TestTools.TestRunner.TestRun.TestJobRunner:ExecuteCallback () (at ./Library/PackageCache/com.unity.test-framework@40e262928427/UnityEditor.TestRunner/TestRun/TestJobRunner.cs:108)
0x000001e99df821b8 (Mono JIT Code) UnityEditor.EditorApplication:Internal_CallUpdateFunctions ()
0x000001e8e6514785 (Mono JIT Code) (wrapper runtime-invoke) object:runtime_invoke_void (object,intptr,intptr,intptr)
0x00007fff3fd16e7e (mono-2.0-bdwgc) mono_jit_runtime_invoke (at C:/build/output/Unity-Technologies/mono/mono/mini/mini-runtime.c:3445)
0x00007fff3fc58874 (mono-2.0-bdwgc) do_runtime_invoke (at C:/build/output/Unity-Technologies/mono/mono/metadata/object.c:3068)
0x00007fff3fc58960 (mono-2.0-bdwgc) mono_runtime_invoke (at C:/build/output/Unity-Technologies/mono/mono/metadata/object.c:3115)
0x00007fff38e4cea4 (Unity) scripting_method_invoke
0x00007fff38e25433 (Unity) ScriptingInvocation::Invoke
0x00007fff38e20b35 (Unity) ScriptingInvocation::Invoke<void>
0x00007fff38f8b4bb (Unity) Scripting::UnityEditor::EditorApplicationProxy::Internal_CallUpdateFunctions
0x00007fff3a07e0e4 (Unity) SceneTracker::Update
0x00007fff39be1247 (Unity) Application::TickTimer
0x00007fff3a1b25ac (Unity) MainMessageLoop
0x00007fff3a1b9d1c (Unity) UnityMain
0x00007ff68b302f2a (Unity) __scrt_common_main_seh
0x00007fffddade8d7 (KERNEL32) BaseThreadInitThunk
0x00007fffde88c53c (ntdll) RtlUserThreadStart

[RecoilConfiguration] Empty or null JSON provided, returning default configuration.
0x00007fff38f222ae (Unity) StackWalker::ShowCallstack
0x00007fff38f31ee9 (Unity) PlatformStacktrace::GetStacktrace
0x00007fff3a1ac04e (Unity) Stacktrace::GetStacktrace
0x00007fff3a7859df (Unity) DebugStringToFile
0x00007fff37fd2930 (Unity) DebugLogHandler_CUSTOM_Internal_Log
0x000001e9766cbd3e (Mono JIT Code) (wrapper managed-to-native) UnityEngine.DebugLogHandler:Internal_Log_Injected (UnityEngine.LogType,UnityEngine.LogOption,UnityEngine.Bindings.ManagedSpanWrapper&,intptr)
0x000001e9766cbb43 (Mono JIT Code) UnityEngine.DebugLogHandler:Internal_Log (UnityEngine.LogType,UnityEngine.LogOption,string,UnityEngine.Object)
0x000001e9766cb7fb (Mono JIT Code) UnityEngine.DebugLogHandler:LogFormat (UnityEngine.LogType,UnityEngine.Object,string,object[])
0x000001e9766ca6ae (Mono JIT Code) UnityEngine.Logger:Log (UnityEngine.LogType,object)
0x000001e9aa2b404d (Mono JIT Code) UnityEngine.Debug:LogWarning (object)
0x000001e976d477fb (Mono JIT Code) RecoilConfiguration:FromJson (string) (at C:/Users/Ubuntu/Desktop/_DEV/AFFECT-2025-10-11/Assets/_SCRIPTS/_PLAYER/Recoil/RecoilConfiguration.cs:136)
0x000001e976d48643 (Mono JIT Code) SerializationProperties:Property16_InvalidJsonReturnsDefaultConfiguration () (at C:/Users/Ubuntu/Desktop/_DEV/AFFECT-2025-10-11/Assets/_SCRIPTS/Editor/SerializationProperties.cs:115)
0x000001e9aa264548 (Mono JIT Code) (wrapper runtime-invoke) object:runtime_invoke_void__this__ (object,intptr,intptr,intptr)
0x00007fff3fd16e7e (mono-2.0-bdwgc) mono_jit_runtime_invoke (at C:/build/output/Unity-Technologies/mono/mono/mini/mini-runtime.c:3445)
0x00007fff3fc58874 (mono-2.0-bdwgc) do_runtime_invoke (at C:/build/output/Unity-Technologies/mono/mono/metadata/object.c:3068)
0x00007fff3fc5f926 (mono-2.0-bdwgc) mono_runtime_try_invoke_array (at C:/build/output/Unity-Technologies/mono/mono/metadata/object.c:5774)
0x00007fff3fb91b81 (mono-2.0-bdwgc) ves_icall_InternalInvoke (at C:/build/output/Unity-Technologies/mono/mono/metadata/icall.c:4038)
0x00007fff3fbb7e31 (mono-2.0-bdwgc) ves_icall_InternalInvoke_raw (at C:/build/output/Unity-Technologies/mono/mono/metadata/icall-def.h:692)
0x000001e8e22b0f92 (Mono JIT Code) (wrapper managed-to-native) System.Reflection.RuntimeMethodInfo:InternalInvoke (System.Reflection.RuntimeMethodInfo,object,object[],System.Exception&)
0x000001e8e3c7ea73 (Mono JIT Code) System.Reflection.RuntimeMethodInfo:Invoke (object,System.Reflection.BindingFlags,System.Reflection.Binder,object[],System.Globalization.CultureInfo)
0x000001e8db9555ef (Mono JIT Code) System.Reflection.MethodBase:Invoke (object,object[])
0x000001e9aa26e783 (Mono JIT Code) NUnit.Framework.Internal.Reflect:InvokeMethod (System.Reflection.MethodInfo,object,object[])
0x000001e9aa2760ab (Mono JIT Code) NUnit.Framework.Internal.MethodWrapper:Invoke (object,object[])
0x000001e9aa275f8a (Mono JIT Code) NUnit.Framework.Internal.Commands.TestMethodCommand:RunNonAsyncTestMethod (NUnit.Framework.Internal.ITestExecutionContext)
0x000001e9aa275dd3 (Mono JIT Code) NUnit.Framework.Internal.Commands.TestMethodCommand:RunTestMethod (NUnit.Framework.Internal.ITestExecutionContext)
0x000001e9aa275973 (Mono JIT Code) NUnit.Framework.Internal.Commands.TestMethodCommand:Execute (NUnit.Framework.Internal.ITestExecutionContext)
0x000001e9aa27556b (Mono JIT Code) UnityEngine.TestTools.UnityTestMethodCommand:Execute (NUnit.Framework.Internal.ITestExecutionContext) (at ./Library/PackageCache/com.unity.test-framework@40e262928427/UnityEngine.TestRunner/NUnitExtensions/Commands/UnityTestMethodCommand.cs:19)
0x000001e9aa2752fb (Mono JIT Code) UnityEngine.TestRunner.NUnitExtensions.Runner.UnityLogCheckDelegatingCommand/<>c__DisplayClass2_0:<Execute>b__0 () (at ./Library/PackageCache/com.unity.test-framework@40e262928427/UnityEngine.TestRunner/NUnitExtensions/Runner/UnityLogCheckDelegatingCommand.cs:24)
0x000001e9aa275123 (Mono JIT Code) UnityEngine.TestRunner.NUnitExtensions.Runner.UnityLogCheckDelegatingCommand:CaptureException (NUnit.Framework.Internal.TestResult,System.Action) (at ./Library/PackageCache/com.unity.test-framework@40e262928427/UnityEngine.TestRunner/NUnitExtensions/Runner/UnityLogCheckDelegatingCommand.cs:72)
0x000001e9aa274fb3 (Mono JIT Code) UnityEngine.TestRunner.NUnitExtensions.Runner.UnityLogCheckDelegatingCommand:ExecuteAndCheckLog (UnityEngine.TestTools.Logging.LogScope,NUnit.Framework.Internal.TestResult,System.Action) (at ./Library/PackageCache/com.unity.test-framework@40e262928427/UnityEngine.TestRunner/NUnitExtensions/Runner/UnityLogCheckDelegatingCommand.cs:83)
0x000001e9aa274c3b (Mono JIT Code) UnityEngine.TestRunner.NUnitExtensions.Runner.UnityLogCheckDelegatingCommand:Execute (NUnit.Framework.Internal.ITestExecutionContext) (at ./Library/PackageCache/com.unity.test-framework@40e262928427/UnityEngine.TestRunner/NUnitExtensions/Runner/UnityLogCheckDelegatingCommand.cs:24)
0x000001e9aa273c19 (Mono JIT Code) UnityEngine.TestRunner.NUnitExtensions.Runner.UnityLogCheckDelegatingCommand/<ExecuteEnumerable>d__3:MoveNext () (at ./Library/PackageCache/com.unity.test-framework@40e262928427/UnityEngine.TestRunner/NUnitExtensions/Runner/UnityLogCheckDelegatingCommand.cs:35)
0x000001e9aa251e01 (Mono JIT Code) UnityEngine.TestTools.BeforeAfterTestCommandBase`1/<ExecuteEnumerable>d__16<T_REF>:MoveNext () (at ./Library/PackageCache/com.unity.test-framework@40e262928427/UnityEngine.TestRunner/NUnitExtensions/Commands/BeforeAfterTestCommandBase.cs:212)
0x000001e9aa272fb6 (Mono JIT Code) UnityEngine.TestTools.ImmediateEnumerableCommand:Execute (NUnit.Framework.Internal.ITestExecutionContext) (at ./Library/PackageCache/com.unity.test-framework@40e262928427/UnityEngine.TestRunner/NUnitExtensions/Commands/ImmediateEnumerableCommand.cs:18)
0x000001e9aa251f01 (Mono JIT Code) UnityEngine.TestTools.BeforeAfterTestCommandBase`1/<ExecuteEnumerable>d__16<T_REF>:MoveNext () (at ./Library/PackageCache/com.unity.test-framework@40e262928427/UnityEngine.TestRunner/NUnitExtensions/Commands/BeforeAfterTestCommandBase.cs:219)
0x000001e9aa251e01 (Mono JIT Code) UnityEngine.TestTools.BeforeAfterTestCommandBase`1/<ExecuteEnumerable>d__16<T_REF>:MoveNext () (at ./Library/PackageCache/com.unity.test-framework@40e262928427/UnityEngine.TestRunner/NUnitExtensions/Commands/BeforeAfterTestCommandBase.cs:212)
0x000001e9aa251e01 (Mono JIT Code) UnityEngine.TestTools.BeforeAfterTestCommandBase`1/<ExecuteEnumerable>d__16<T_REF>:MoveNext () (at ./Library/PackageCache/com.unity.test-framework@40e262928427/UnityEngine.TestRunner/NUnitExtensions/Commands/BeforeAfterTestCommandBase.cs:212)
0x000001e9aa26b457 (Mono JIT Code) UnityEngine.TestTools.RetryCommand/<ExecuteEnumerable>d__2:MoveNext () (at ./Library/PackageCache/com.unity.test-framework@40e262928427/UnityEngine.TestRunner/NUnitExtensions/Commands/RetryCommand.cs:37)
0x000001e9aa269f2f (Mono JIT Code) UnityEngine.TestTools.RepeatCommand/<ExecuteEnumerable>d__2:MoveNext () (at ./Library/PackageCache/com.unity.test-framework@40e262928427/UnityEngine.TestRunner/NUnitExtensions/Commands/RepeatCommand.cs:36)
0x000001e9aa268fa6 (Mono JIT Code) UnityEngine.TestTools.IgnoreTestCommand/<ExecuteEnumerable>d__3:MoveNext () (at ./Library/PackageCache/com.unity.test-framework@40e262928427/UnityEngine.TestRunner/NUnitExtensions/Commands/IgnoreTestCommand.cs:42)
0x000001e9aa267c7f (Mono JIT Code) UnityEngine.TestTools.StrictCheckCommand/<ExecuteEnumerable>d__2:MoveNext () (at ./Library/PackageCache/com.unity.test-framework@40e262928427/UnityEngine.TestRunner/NUnitExtensions/Commands/StrictCheckCommand.cs:29)
0x000001e9aa266fe1 (Mono JIT Code) UnityEngine.TestRunner.NUnitExtensions.Runner.DefaultTestWorkItem/<PerformWork>d__2:MoveNext () (at ./Library/PackageCache/com.unity.test-framework@40e262928427/UnityEngine.TestRunner/NUnitExtensions/Runner/DefaultTestWorkItem.cs:50)
0x000001e9aa255e12 (Mono JIT Code) UnityEngine.TestRunner.NUnitExtensions.Runner.CompositeWorkItem/<RunChildren>d__17:MoveNext () (at ./Library/PackageCache/com.unity.test-framework@40e262928427/UnityEngine.TestRunner/NUnitExtensions/Runner/CompositeWorkItem.cs:207)
0x000001e9aa247756 (Mono JIT Code) UnityEngine.TestRunner.NUnitExtensions.Runner.CompositeWorkItem/<PerformWork>d__13:MoveNext () (at ./Library/PackageCache/com.unity.test-framework@40e262928427/UnityEngine.TestRunner/NUnitExtensions/Runner/CompositeWorkItem.cs:82)
0x000001e9aa255e12 (Mono JIT Code) UnityEngine.TestRunner.NUnitExtensions.Runner.CompositeWorkItem/<RunChildren>d__17:MoveNext () (at ./Library/PackageCache/com.unity.test-framework@40e262928427/UnityEngine.TestRunner/NUnitExtensions/Runner/CompositeWorkItem.cs:207)
0x000001e9aa247756 (Mono JIT Code) UnityEngine.TestRunner.NUnitExtensions.Runner.CompositeWorkItem/<PerformWork>d__13:MoveNext () (at ./Library/PackageCache/com.unity.test-framework@40e262928427/UnityEngine.TestRunner/NUnitExtensions/Runner/CompositeWorkItem.cs:82)
0x000001e9aa255e12 (Mono JIT Code) UnityEngine.TestRunner.NUnitExtensions.Runner.CompositeWorkItem/<RunChildren>d__17:MoveNext () (at ./Library/PackageCache/com.unity.test-framework@40e262928427/UnityEngine.TestRunner/NUnitExtensions/Runner/CompositeWorkItem.cs:207)
0x000001e9aa247756 (Mono JIT Code) UnityEngine.TestRunner.NUnitExtensions.Runner.CompositeWorkItem/<PerformWork>d__13:MoveNext () (at ./Library/PackageCache/com.unity.test-framework@40e262928427/UnityEngine.TestRunner/NUnitExtensions/Runner/CompositeWorkItem.cs:82)
0x000001e9aa245fcc (Mono JIT Code) UnityEditor.TestTools.TestRunner.EditModeRunner:MoveNextAndUpdateYieldObject () (at ./Library/PackageCache/com.unity.test-framework@40e262928427/UnityEditor.TestRunner/TestRunner/EditModeRunner.cs:167)
0x000001e9aa245b7b (Mono JIT Code) UnityEditor.TestTools.TestRunner.EditModeRunner:TestConsumer (UnityEditor.TestTools.TestRunner.TestRunnerStateSerializer) (at ./Library/PackageCache/com.unity.test-framework@40e262928427/UnityEditor.TestRunner/TestRunner/EditModeRunner.cs:200)
0x000001e9aa23c173 (Mono JIT Code) UnityEditor.TestTools.TestRunner.TestRun.Tasks.EditModeRunTask/<Execute>d__1:MoveNext () (at ./Library/PackageCache/com.unity.test-framework@40e262928427/UnityEditor.TestRunner/TestRun/Tasks/EditModeRunTask.cs:48)
0x000001e977129d5e (Mono JIT Code) UnityEditor.TestTools.TestRunner.TestRun.TestJobRunner:ExecuteStep () (at ./Library/PackageCache/com.unity.test-framework@40e262928427/UnityEditor.TestRunner/TestRun/TestJobRunner.cs:173)
0x000001e977128953 (Mono JIT Code) UnityEditor.TestTools.TestRunner.TestRun.TestJobRunner:ExecuteCallback () (at ./Library/PackageCache/com.unity.test-framework@40e262928427/UnityEditor.TestRunner/TestRun/TestJobRunner.cs:108)
0x000001e99df821b8 (Mono JIT Code) UnityEditor.EditorApplication:Internal_CallUpdateFunctions ()
0x000001e8e6514785 (Mono JIT Code) (wrapper runtime-invoke) object:runtime_invoke_void (object,intptr,intptr,intptr)
0x00007fff3fd16e7e (mono-2.0-bdwgc) mono_jit_runtime_invoke (at C:/build/output/Unity-Technologies/mono/mono/mini/mini-runtime.c:3445)
0x00007fff3fc58874 (mono-2.0-bdwgc) do_runtime_invoke (at C:/build/output/Unity-Technologies/mono/mono/metadata/object.c:3068)
0x00007fff3fc58960 (mono-2.0-bdwgc) mono_runtime_invoke (at C:/build/output/Unity-Technologies/mono/mono/metadata/object.c:3115)
0x00007fff38e4cea4 (Unity) scripting_method_invoke
0x00007fff38e25433 (Unity) ScriptingInvocation::Invoke
0x00007fff38e20b35 (Unity) ScriptingInvocation::Invoke<void>
0x00007fff38f8b4bb (Unity) Scripting::UnityEditor::EditorApplicationProxy::Internal_CallUpdateFunctions
0x00007fff3a07e0e4 (Unity) SceneTracker::Update
0x00007fff39be1247 (Unity) Application::TickTimer
0x00007fff3a1b25ac (Unity) MainMessageLoop
0x00007fff3a1b9d1c (Unity) UnityMain
0x00007ff68b302f2a (Unity) __scrt_common_main_seh
0x00007fffddade8d7 (KERNEL32) BaseThreadInitThunk
0x00007fffde88c53c (ntdll) RtlUserThreadStart

[RecoilConfiguration] Failed to deserialize JSON: JSON parse error: Invalid value.. Returning default configuration.
0x00007fff38f222ae (Unity) StackWalker::ShowCallstack
0x00007fff38f31ee9 (Unity) PlatformStacktrace::GetStacktrace
0x00007fff3a1ac04e (Unity) Stacktrace::GetStacktrace
0x00007fff3a7859df (Unity) DebugStringToFile
0x00007fff37fd2930 (Unity) DebugLogHandler_CUSTOM_Internal_Log
0x000001e9766cbd3e (Mono JIT Code) (wrapper managed-to-native) UnityEngine.DebugLogHandler:Internal_Log_Injected (UnityEngine.LogType,UnityEngine.LogOption,UnityEngine.Bindings.ManagedSpanWrapper&,intptr)
0x000001e9766cbb43 (Mono JIT Code) UnityEngine.DebugLogHandler:Internal_Log (UnityEngine.LogType,UnityEngine.LogOption,string,UnityEngine.Object)
0x000001e9766cb7fb (Mono JIT Code) UnityEngine.DebugLogHandler:LogFormat (UnityEngine.LogType,UnityEngine.Object,string,object[])
0x000001e9766ca6ae (Mono JIT Code) UnityEngine.Logger:Log (UnityEngine.LogType,object)
0x000001e9aa2b404d (Mono JIT Code) UnityEngine.Debug:LogWarning (object)
0x000001e976d47adb (Mono JIT Code) RecoilConfiguration:FromJson (string) (at C:/Users/Ubuntu/Desktop/_DEV/AFFECT-2025-10-11/Assets/_SCRIPTS/_PLAYER/Recoil/RecoilConfiguration.cs:152)
0x000001e976d48643 (Mono JIT Code) SerializationProperties:Property16_InvalidJsonReturnsDefaultConfiguration () (at C:/Users/Ubuntu/Desktop/_DEV/AFFECT-2025-10-11/Assets/_SCRIPTS/Editor/SerializationProperties.cs:115)
0x000001e9aa264548 (Mono JIT Code) (wrapper runtime-invoke) object:runtime_invoke_void__this__ (object,intptr,intptr,intptr)
0x00007fff3fd16e7e (mono-2.0-bdwgc) mono_jit_runtime_invoke (at C:/build/output/Unity-Technologies/mono/mono/mini/mini-runtime.c:3445)
0x00007fff3fc58874 (mono-2.0-bdwgc) do_runtime_invoke (at C:/build/output/Unity-Technologies/mono/mono/metadata/object.c:3068)
0x00007fff3fc5f926 (mono-2.0-bdwgc) mono_runtime_try_invoke_array (at C:/build/output/Unity-Technologies/mono/mono/metadata/object.c:5774)
0x00007fff3fb91b81 (mono-2.0-bdwgc) ves_icall_InternalInvoke (at C:/build/output/Unity-Technologies/mono/mono/metadata/icall.c:4038)
0x00007fff3fbb7e31 (mono-2.0-bdwgc) ves_icall_InternalInvoke_raw (at C:/build/output/Unity-Technologies/mono/mono/metadata/icall-def.h:692)
0x000001e8e22b0f92 (Mono JIT Code) (wrapper managed-to-native) System.Reflection.RuntimeMethodInfo:InternalInvoke (System.Reflection.RuntimeMethodInfo,object,object[],System.Exception&)
0x000001e8e3c7ea73 (Mono JIT Code) System.Reflection.RuntimeMethodInfo:Invoke (object,System.Reflection.BindingFlags,System.Reflection.Binder,object[],System.Globalization.CultureInfo)
0x000001e8db9555ef (Mono JIT Code) System.Reflection.MethodBase:Invoke (object,object[])
0x000001e9aa26e783 (Mono JIT Code) NUnit.Framework.Internal.Reflect:InvokeMethod (System.Reflection.MethodInfo,object,object[])
0x000001e9aa2760ab (Mono JIT Code) NUnit.Framework.Internal.MethodWrapper:Invoke (object,object[])
0x000001e9aa275f8a (Mono JIT Code) NUnit.Framework.Internal.Commands.TestMethodCommand:RunNonAsyncTestMethod (NUnit.Framework.Internal.ITestExecutionContext)
0x000001e9aa275dd3 (Mono JIT Code) NUnit.Framework.Internal.Commands.TestMethodCommand:RunTestMethod (NUnit.Framework.Internal.ITestExecutionContext)
0x000001e9aa275973 (Mono JIT Code) NUnit.Framework.Internal.Commands.TestMethodCommand:Execute (NUnit.Framework.Internal.ITestExecutionContext)
0x000001e9aa27556b (Mono JIT Code) UnityEngine.TestTools.UnityTestMethodCommand:Execute (NUnit.Framework.Internal.ITestExecutionContext) (at ./Library/PackageCache/com.unity.test-framework@40e262928427/UnityEngine.TestRunner/NUnitExtensions/Commands/UnityTestMethodCommand.cs:19)
0x000001e9aa2752fb (Mono JIT Code) UnityEngine.TestRunner.NUnitExtensions.Runner.UnityLogCheckDelegatingCommand/<>c__DisplayClass2_0:<Execute>b__0 () (at ./Library/PackageCache/com.unity.test-framework@40e262928427/UnityEngine.TestRunner/NUnitExtensions/Runner/UnityLogCheckDelegatingCommand.cs:24)
0x000001e9aa275123 (Mono JIT Code) UnityEngine.TestRunner.NUnitExtensions.Runner.UnityLogCheckDelegatingCommand:CaptureException (NUnit.Framework.Internal.TestResult,System.Action) (at ./Library/PackageCache/com.unity.test-framework@40e262928427/UnityEngine.TestRunner/NUnitExtensions/Runner/UnityLogCheckDelegatingCommand.cs:72)
0x000001e9aa274fb3 (Mono JIT Code) UnityEngine.TestRunner.NUnitExtensions.Runner.UnityLogCheckDelegatingCommand:ExecuteAndCheckLog (UnityEngine.TestTools.Logging.LogScope,NUnit.Framework.Internal.TestResult,System.Action) (at ./Library/PackageCache/com.unity.test-framework@40e262928427/UnityEngine.TestRunner/NUnitExtensions/Runner/UnityLogCheckDelegatingCommand.cs:83)
0x000001e9aa274c3b (Mono JIT Code) UnityEngine.TestRunner.NUnitExtensions.Runner.UnityLogCheckDelegatingCommand:Execute (NUnit.Framework.Internal.ITestExecutionContext) (at ./Library/PackageCache/com.unity.test-framework@40e262928427/UnityEngine.TestRunner/NUnitExtensions/Runner/UnityLogCheckDelegatingCommand.cs:24)
0x000001e9aa273c19 (Mono JIT Code) UnityEngine.TestRunner.NUnitExtensions.Runner.UnityLogCheckDelegatingCommand/<ExecuteEnumerable>d__3:MoveNext () (at ./Library/PackageCache/com.unity.test-framework@40e262928427/UnityEngine.TestRunner/NUnitExtensions/Runner/UnityLogCheckDelegatingCommand.cs:35)
0x000001e9aa251e01 (Mono JIT Code) UnityEngine.TestTools.BeforeAfterTestCommandBase`1/<ExecuteEnumerable>d__16<T_REF>:MoveNext () (at ./Library/PackageCache/com.unity.test-framework@40e262928427/UnityEngine.TestRunner/NUnitExtensions/Commands/BeforeAfterTestCommandBase.cs:212)
0x000001e9aa272fb6 (Mono JIT Code) UnityEngine.TestTools.ImmediateEnumerableCommand:Execute (NUnit.Framework.Internal.ITestExecutionContext) (at ./Library/PackageCache/com.unity.test-framework@40e262928427/UnityEngine.TestRunner/NUnitExtensions/Commands/ImmediateEnumerableCommand.cs:18)
0x000001e9aa251f01 (Mono JIT Code) UnityEngine.TestTools.BeforeAfterTestCommandBase`1/<ExecuteEnumerable>d__16<T_REF>:MoveNext () (at ./Library/PackageCache/com.unity.test-framework@40e262928427/UnityEngine.TestRunner/NUnitExtensions/Commands/BeforeAfterTestCommandBase.cs:219)
0x000001e9aa251e01 (Mono JIT Code) UnityEngine.TestTools.BeforeAfterTestCommandBase`1/<ExecuteEnumerable>d__16<T_REF>:MoveNext () (at ./Library/PackageCache/com.unity.test-framework@40e262928427/UnityEngine.TestRunner/NUnitExtensions/Commands/BeforeAfterTestCommandBase.cs:212)
0x000001e9aa251e01 (Mono JIT Code) UnityEngine.TestTools.BeforeAfterTestCommandBase`1/<ExecuteEnumerable>d__16<T_REF>:MoveNext () (at ./Library/PackageCache/com.unity.test-framework@40e262928427/UnityEngine.TestRunner/NUnitExtensions/Commands/BeforeAfterTestCommandBase.cs:212)
0x000001e9aa26b457 (Mono JIT Code) UnityEngine.TestTools.RetryCommand/<ExecuteEnumerable>d__2:MoveNext () (at ./Library/PackageCache/com.unity.test-framework@40e262928427/UnityEngine.TestRunner/NUnitExtensions/Commands/RetryCommand.cs:37)
0x000001e9aa269f2f (Mono JIT Code) UnityEngine.TestTools.RepeatCommand/<ExecuteEnumerable>d__2:MoveNext () (at ./Library/PackageCache/com.unity.test-framework@40e262928427/UnityEngine.TestRunner/NUnitExtensions/Commands/RepeatCommand.cs:36)
0x000001e9aa268fa6 (Mono JIT Code) UnityEngine.TestTools.IgnoreTestCommand/<ExecuteEnumerable>d__3:MoveNext () (at ./Library/PackageCache/com.unity.test-framework@40e262928427/UnityEngine.TestRunner/NUnitExtensions/Commands/IgnoreTestCommand.cs:42)
0x000001e9aa267c7f (Mono JIT Code) UnityEngine.TestTools.StrictCheckCommand/<ExecuteEnumerable>d__2:MoveNext () (at ./Library/PackageCache/com.unity.test-framework@40e262928427/UnityEngine.TestRunner/NUnitExtensions/Commands/StrictCheckCommand.cs:29)
0x000001e9aa266fe1 (Mono JIT Code) UnityEngine.TestRunner.NUnitExtensions.Runner.DefaultTestWorkItem/<PerformWork>d__2:MoveNext () (at ./Library/PackageCache/com.unity.test-framework@40e262928427/UnityEngine.TestRunner/NUnitExtensions/Runner/DefaultTestWorkItem.cs:50)
0x000001e9aa255e12 (Mono JIT Code) UnityEngine.TestRunner.NUnitExtensions.Runner.CompositeWorkItem/<RunChildren>d__17:MoveNext () (at ./Library/PackageCache/com.unity.test-framework@40e262928427/UnityEngine.TestRunner/NUnitExtensions/Runner/CompositeWorkItem.cs:207)
0x000001e9aa247756 (Mono JIT Code) UnityEngine.TestRunner.NUnitExtensions.Runner.CompositeWorkItem/<PerformWork>d__13:MoveNext () (at ./Library/PackageCache/com.unity.test-framework@40e262928427/UnityEngine.TestRunner/NUnitExtensions/Runner/CompositeWorkItem.cs:82)
0x000001e9aa255e12 (Mono JIT Code) UnityEngine.TestRunner.NUnitExtensions.Runner.CompositeWorkItem/<RunChildren>d__17:MoveNext () (at ./Library/PackageCache/com.unity.test-framework@40e262928427/UnityEngine.TestRunner/NUnitExtensions/Runner/CompositeWorkItem.cs:207)
0x000001e9aa247756 (Mono JIT Code) UnityEngine.TestRunner.NUnitExtensions.Runner.CompositeWorkItem/<PerformWork>d__13:MoveNext () (at ./Library/PackageCache/com.unity.test-framework@40e262928427/UnityEngine.TestRunner/NUnitExtensions/Runner/CompositeWorkItem.cs:82)
0x000001e9aa255e12 (Mono JIT Code) UnityEngine.TestRunner.NUnitExtensions.Runner.CompositeWorkItem/<RunChildren>d__17:MoveNext () (at ./Library/PackageCache/com.unity.test-framework@40e262928427/UnityEngine.TestRunner/NUnitExtensions/Runner/CompositeWorkItem.cs:207)
0x000001e9aa247756 (Mono JIT Code) UnityEngine.TestRunner.NUnitExtensions.Runner.CompositeWorkItem/<PerformWork>d__13:MoveNext () (at ./Library/PackageCache/com.unity.test-framework@40e262928427/UnityEngine.TestRunner/NUnitExtensions/Runner/CompositeWorkItem.cs:82)
0x000001e9aa245fcc (Mono JIT Code) UnityEditor.TestTools.TestRunner.EditModeRunner:MoveNextAndUpdateYieldObject () (at ./Library/PackageCache/com.unity.test-framework@40e262928427/UnityEditor.TestRunner/TestRunner/EditModeRunner.cs:167)
0x000001e9aa245b7b (Mono JIT Code) UnityEditor.TestTools.TestRunner.EditModeRunner:TestConsumer (UnityEditor.TestTools.TestRunner.TestRunnerStateSerializer) (at ./Library/PackageCache/com.unity.test-framework@40e262928427/UnityEditor.TestRunner/TestRunner/EditModeRunner.cs:200)
0x000001e9aa23c173 (Mono JIT Code) UnityEditor.TestTools.TestRunner.TestRun.Tasks.EditModeRunTask/<Execute>d__1:MoveNext () (at ./Library/PackageCache/com.unity.test-framework@40e262928427/UnityEditor.TestRunner/TestRun/Tasks/EditModeRunTask.cs:48)
0x000001e977129d5e (Mono JIT Code) UnityEditor.TestTools.TestRunner.TestRun.TestJobRunner:ExecuteStep () (at ./Library/PackageCache/com.unity.test-framework@40e262928427/UnityEditor.TestRunner/TestRun/TestJobRunner.cs:173)
0x000001e977128953 (Mono JIT Code) UnityEditor.TestTools.TestRunner.TestRun.TestJobRunner:ExecuteCallback () (at ./Library/PackageCache/com.unity.test-framework@40e262928427/UnityEditor.TestRunner/TestRun/TestJobRunner.cs:108)
0x000001e99df821b8 (Mono JIT Code) UnityEditor.EditorApplication:Internal_CallUpdateFunctions ()
0x000001e8e6514785 (Mono JIT Code) (wrapper runtime-invoke) object:runtime_invoke_void (object,intptr,intptr,intptr)
0x00007fff3fd16e7e (mono-2.0-bdwgc) mono_jit_runtime_invoke (at C:/build/output/Unity-Technologies/mono/mono/mini/mini-runtime.c:3445)
0x00007fff3fc58874 (mono-2.0-bdwgc) do_runtime_invoke (at C:/build/output/Unity-Technologies/mono/mono/metadata/object.c:3068)
0x00007fff3fc58960 (mono-2.0-bdwgc) mono_runtime_invoke (at C:/build/output/Unity-Technologies/mono/mono/metadata/object.c:3115)
0x00007fff38e4cea4 (Unity) scripting_method_invoke
0x00007fff38e25433 (Unity) ScriptingInvocation::Invoke
0x00007fff38e20b35 (Unity) ScriptingInvocation::Invoke<void>
0x00007fff38f8b4bb (Unity) Scripting::UnityEditor::EditorApplicationProxy::Internal_CallUpdateFunctions
0x00007fff3a07e0e4 (Unity) SceneTracker::Update
0x00007fff39be1247 (Unity) Application::TickTimer
0x00007fff3a1b25ac (Unity) MainMessageLoop
0x00007fff3a1b9d1c (Unity) UnityMain
0x00007ff68b302f2a (Unity) __scrt_common_main_seh
0x00007fffddade8d7 (KERNEL32) BaseThreadInitThunk
0x00007fffde88c53c (ntdll) RtlUserThreadStart

[RecoilConfiguration] Failed to deserialize JSON: JSON parse error: Invalid value.. Returning default configuration.
0x00007fff38f222ae (Unity) StackWalker::ShowCallstack
0x00007fff38f31ee9 (Unity) PlatformStacktrace::GetStacktrace
0x00007fff3a1ac04e (Unity) Stacktrace::GetStacktrace
0x00007fff3a7859df (Unity) DebugStringToFile
0x00007fff37fd2930 (Unity) DebugLogHandler_CUSTOM_Internal_Log
0x000001e9766cbd3e (Mono JIT Code) (wrapper managed-to-native) UnityEngine.DebugLogHandler:Internal_Log_Injected (UnityEngine.LogType,UnityEngine.LogOption,UnityEngine.Bindings.ManagedSpanWrapper&,intptr)
0x000001e9766cbb43 (Mono JIT Code) UnityEngine.DebugLogHandler:Internal_Log (UnityEngine.LogType,UnityEngine.LogOption,string,UnityEngine.Object)
0x000001e9766cb7fb (Mono JIT Code) UnityEngine.DebugLogHandler:LogFormat (UnityEngine.LogType,UnityEngine.Object,string,object[])
0x000001e9766ca6ae (Mono JIT Code) UnityEngine.Logger:Log (UnityEngine.LogType,object)
0x000001e9aa2b404d (Mono JIT Code) UnityEngine.Debug:LogWarning (object)
0x000001e976d47adb (Mono JIT Code) RecoilConfiguration:FromJson (string) (at C:/Users/Ubuntu/Desktop/_DEV/AFFECT-2025-10-11/Assets/_SCRIPTS/_PLAYER/Recoil/RecoilConfiguration.cs:152)
0x000001e976d48643 (Mono JIT Code) SerializationProperties:Property16_InvalidJsonReturnsDefaultConfiguration () (at C:/Users/Ubuntu/Desktop/_DEV/AFFECT-2025-10-11/Assets/_SCRIPTS/Editor/SerializationProperties.cs:115)
0x000001e9aa264548 (Mono JIT Code) (wrapper runtime-invoke) object:runtime_invoke_void__this__ (object,intptr,intptr,intptr)
0x00007fff3fd16e7e (mono-2.0-bdwgc) mono_jit_runtime_invoke (at C:/build/output/Unity-Technologies/mono/mono/mini/mini-runtime.c:3445)
0x00007fff3fc58874 (mono-2.0-bdwgc) do_runtime_invoke (at C:/build/output/Unity-Technologies/mono/mono/metadata/object.c:3068)
0x00007fff3fc5f926 (mono-2.0-bdwgc) mono_runtime_try_invoke_array (at C:/build/output/Unity-Technologies/mono/mono/metadata/object.c:5774)
0x00007fff3fb91b81 (mono-2.0-bdwgc) ves_icall_InternalInvoke (at C:/build/output/Unity-Technologies/mono/mono/metadata/icall.c:4038)
0x00007fff3fbb7e31 (mono-2.0-bdwgc) ves_icall_InternalInvoke_raw (at C:/build/output/Unity-Technologies/mono/mono/metadata/icall-def.h:692)
0x000001e8e22b0f92 (Mono JIT Code) (wrapper managed-to-native) System.Reflection.RuntimeMethodInfo:InternalInvoke (System.Reflection.RuntimeMethodInfo,object,object[],System.Exception&)
0x000001e8e3c7ea73 (Mono JIT Code) System.Reflection.RuntimeMethodInfo:Invoke (object,System.Reflection.BindingFlags,System.Reflection.Binder,object[],System.Globalization.CultureInfo)
0x000001e8db9555ef (Mono JIT Code) System.Reflection.MethodBase:Invoke (object,object[])
0x000001e9aa26e783 (Mono JIT Code) NUnit.Framework.Internal.Reflect:InvokeMethod (System.Reflection.MethodInfo,object,object[])
0x000001e9aa2760ab (Mono JIT Code) NUnit.Framework.Internal.MethodWrapper:Invoke (object,object[])
0x000001e9aa275f8a (Mono JIT Code) NUnit.Framework.Internal.Commands.TestMethodCommand:RunNonAsyncTestMethod (NUnit.Framework.Internal.ITestExecutionContext)
0x000001e9aa275dd3 (Mono JIT Code) NUnit.Framework.Internal.Commands.TestMethodCommand:RunTestMethod (NUnit.Framework.Internal.ITestExecutionContext)
0x000001e9aa275973 (Mono JIT Code) NUnit.Framework.Internal.Commands.TestMethodCommand:Execute (NUnit.Framework.Internal.ITestExecutionContext)
0x000001e9aa27556b (Mono JIT Code) UnityEngine.TestTools.UnityTestMethodCommand:Execute (NUnit.Framework.Internal.ITestExecutionContext) (at ./Library/PackageCache/com.unity.test-framework@40e262928427/UnityEngine.TestRunner/NUnitExtensions/Commands/UnityTestMethodCommand.cs:19)
0x000001e9aa2752fb (Mono JIT Code) UnityEngine.TestRunner.NUnitExtensions.Runner.UnityLogCheckDelegatingCommand/<>c__DisplayClass2_0:<Execute>b__0 () (at ./Library/PackageCache/com.unity.test-framework@40e262928427/UnityEngine.TestRunner/NUnitExtensions/Runner/UnityLogCheckDelegatingCommand.cs:24)
0x000001e9aa275123 (Mono JIT Code) UnityEngine.TestRunner.NUnitExtensions.Runner.UnityLogCheckDelegatingCommand:CaptureException (NUnit.Framework.Internal.TestResult,System.Action) (at ./Library/PackageCache/com.unity.test-framework@40e262928427/UnityEngine.TestRunner/NUnitExtensions/Runner/UnityLogCheckDelegatingCommand.cs:72)
0x000001e9aa274fb3 (Mono JIT Code) UnityEngine.TestRunner.NUnitExtensions.Runner.UnityLogCheckDelegatingCommand:ExecuteAndCheckLog (UnityEngine.TestTools.Logging.LogScope,NUnit.Framework.Internal.TestResult,System.Action) (at ./Library/PackageCache/com.unity.test-framework@40e262928427/UnityEngine.TestRunner/NUnitExtensions/Runner/UnityLogCheckDelegatingCommand.cs:83)
0x000001e9aa274c3b (Mono JIT Code) UnityEngine.TestRunner.NUnitExtensions.Runner.UnityLogCheckDelegatingCommand:Execute (NUnit.Framework.Internal.ITestExecutionContext) (at ./Library/PackageCache/com.unity.test-framework@40e262928427/UnityEngine.TestRunner/NUnitExtensions/Runner/UnityLogCheckDelegatingCommand.cs:24)
0x000001e9aa273c19 (Mono JIT Code) UnityEngine.TestRunner.NUnitExtensions.Runner.UnityLogCheckDelegatingCommand/<ExecuteEnumerable>d__3:MoveNext () (at ./Library/PackageCache/com.unity.test-framework@40e262928427/UnityEngine.TestRunner/NUnitExtensions/Runner/UnityLogCheckDelegatingCommand.cs:35)
0x000001e9aa251e01 (Mono JIT Code) UnityEngine.TestTools.BeforeAfterTestCommandBase`1/<ExecuteEnumerable>d__16<T_REF>:MoveNext () (at ./Library/PackageCache/com.unity.test-framework@40e262928427/UnityEngine.TestRunner/NUnitExtensions/Commands/BeforeAfterTestCommandBase.cs:212)
0x000001e9aa272fb6 (Mono JIT Code) UnityEngine.TestTools.ImmediateEnumerableCommand:Execute (NUnit.Framework.Internal.ITestExecutionContext) (at ./Library/PackageCache/com.unity.test-framework@40e262928427/UnityEngine.TestRunner/NUnitExtensions/Commands/ImmediateEnumerableCommand.cs:18)
0x000001e9aa251f01 (Mono JIT Code) UnityEngine.TestTools.BeforeAfterTestCommandBase`1/<ExecuteEnumerable>d__16<T_REF>:MoveNext () (at ./Library/PackageCache/com.unity.test-framework@40e262928427/UnityEngine.TestRunner/NUnitExtensions/Commands/BeforeAfterTestCommandBase.cs:219)
0x000001e9aa251e01 (Mono JIT Code) UnityEngine.TestTools.BeforeAfterTestCommandBase`1/<ExecuteEnumerable>d__16<T_REF>:MoveNext () (at ./Library/PackageCache/com.unity.test-framework@40e262928427/UnityEngine.TestRunner/NUnitExtensions/Commands/BeforeAfterTestCommandBase.cs:212)
0x000001e9aa251e01 (Mono JIT Code) UnityEngine.TestTools.BeforeAfterTestCommandBase`1/<ExecuteEnumerable>d__16<T_REF>:MoveNext () (at ./Library/PackageCache/com.unity.test-framework@40e262928427/UnityEngine.TestRunner/NUnitExtensions/Commands/BeforeAfterTestCommandBase.cs:212)
0x000001e9aa26b457 (Mono JIT Code) UnityEngine.TestTools.RetryCommand/<ExecuteEnumerable>d__2:MoveNext () (at ./Library/PackageCache/com.unity.test-framework@40e262928427/UnityEngine.TestRunner/NUnitExtensions/Commands/RetryCommand.cs:37)
0x000001e9aa269f2f (Mono JIT Code) UnityEngine.TestTools.RepeatCommand/<ExecuteEnumerable>d__2:MoveNext () (at ./Library/PackageCache/com.unity.test-framework@40e262928427/UnityEngine.TestRunner/NUnitExtensions/Commands/RepeatCommand.cs:36)
0x000001e9aa268fa6 (Mono JIT Code) UnityEngine.TestTools.IgnoreTestCommand/<ExecuteEnumerable>d__3:MoveNext () (at ./Library/PackageCache/com.unity.test-framework@40e262928427/UnityEngine.TestRunner/NUnitExtensions/Commands/IgnoreTestCommand.cs:42)
0x000001e9aa267c7f (Mono JIT Code) UnityEngine.TestTools.StrictCheckCommand/<ExecuteEnumerable>d__2:MoveNext () (at ./Library/PackageCache/com.unity.test-framework@40e262928427/UnityEngine.TestRunner/NUnitExtensions/Commands/StrictCheckCommand.cs:29)
0x000001e9aa266fe1 (Mono JIT Code) UnityEngine.TestRunner.NUnitExtensions.Runner.DefaultTestWorkItem/<PerformWork>d__2:MoveNext () (at ./Library/PackageCache/com.unity.test-framework@40e262928427/UnityEngine.TestRunner/NUnitExtensions/Runner/DefaultTestWorkItem.cs:50)
0x000001e9aa255e12 (Mono JIT Code) UnityEngine.TestRunner.NUnitExtensions.Runner.CompositeWorkItem/<RunChildren>d__17:MoveNext () (at ./Library/PackageCache/com.unity.test-framework@40e262928427/UnityEngine.TestRunner/NUnitExtensions/Runner/CompositeWorkItem.cs:207)
0x000001e9aa247756 (Mono JIT Code) UnityEngine.TestRunner.NUnitExtensions.Runner.CompositeWorkItem/<PerformWork>d__13:MoveNext () (at ./Library/PackageCache/com.unity.test-framework@40e262928427/UnityEngine.TestRunner/NUnitExtensions/Runner/CompositeWorkItem.cs:82)
0x000001e9aa255e12 (Mono JIT Code) UnityEngine.TestRunner.NUnitExtensions.Runner.CompositeWorkItem/<RunChildren>d__17:MoveNext () (at ./Library/PackageCache/com.unity.test-framework@40e262928427/UnityEngine.TestRunner/NUnitExtensions/Runner/CompositeWorkItem.cs:207)
0x000001e9aa247756 (Mono JIT Code) UnityEngine.TestRunner.NUnitExtensions.Runner.CompositeWorkItem/<PerformWork>d__13:MoveNext () (at ./Library/PackageCache/com.unity.test-framework@40e262928427/UnityEngine.TestRunner/NUnitExtensions/Runner/CompositeWorkItem.cs:82)
0x000001e9aa255e12 (Mono JIT Code) UnityEngine.TestRunner.NUnitExtensions.Runner.CompositeWorkItem/<RunChildren>d__17:MoveNext () (at ./Library/PackageCache/com.unity.test-framework@40e262928427/UnityEngine.TestRunner/NUnitExtensions/Runner/CompositeWorkItem.cs:207)
0x000001e9aa247756 (Mono JIT Code) UnityEngine.TestRunner.NUnitExtensions.Runner.CompositeWorkItem/<PerformWork>d__13:MoveNext () (at ./Library/PackageCache/com.unity.test-framework@40e262928427/UnityEngine.TestRunner/NUnitExtensions/Runner/CompositeWorkItem.cs:82)
0x000001e9aa245fcc (Mono JIT Code) UnityEditor.TestTools.TestRunner.EditModeRunner:MoveNextAndUpdateYieldObject () (at ./Library/PackageCache/com.unity.test-framework@40e262928427/UnityEditor.TestRunner/TestRunner/EditModeRunner.cs:167)
0x000001e9aa245b7b (Mono JIT Code) UnityEditor.TestTools.TestRunner.EditModeRunner:TestConsumer (UnityEditor.TestTools.TestRunner.TestRunnerStateSerializer) (at ./Library/PackageCache/com.unity.test-framework@40e262928427/UnityEditor.TestRunner/TestRunner/EditModeRunner.cs:200)
0x000001e9aa23c173 (Mono JIT Code) UnityEditor.TestTools.TestRunner.TestRun.Tasks.EditModeRunTask/<Execute>d__1:MoveNext () (at ./Library/PackageCache/com.unity.test-framework@40e262928427/UnityEditor.TestRunner/TestRun/Tasks/EditModeRunTask.cs:48)
0x000001e977129d5e (Mono JIT Code) UnityEditor.TestTools.TestRunner.TestRun.TestJobRunner:ExecuteStep () (at ./Library/PackageCache/com.unity.test-framework@40e262928427/UnityEditor.TestRunner/TestRun/TestJobRunner.cs:173)
0x000001e977128953 (Mono JIT Code) UnityEditor.TestTools.TestRunner.TestRun.TestJobRunner:ExecuteCallback () (at ./Library/PackageCache/com.unity.test-framework@40e262928427/UnityEditor.TestRunner/TestRun/TestJobRunner.cs:108)
0x000001e99df821b8 (Mono JIT Code) UnityEditor.EditorApplication:Internal_CallUpdateFunctions ()
0x000001e8e6514785 (Mono JIT Code) (wrapper runtime-invoke) object:runtime_invoke_void (object,intptr,intptr,intptr)
0x00007fff3fd16e7e (mono-2.0-bdwgc) mono_jit_runtime_invoke (at C:/build/output/Unity-Technologies/mono/mono/mini/mini-runtime.c:3445)
0x00007fff3fc58874 (mono-2.0-bdwgc) do_runtime_invoke (at C:/build/output/Unity-Technologies/mono/mono/metadata/object.c:3068)
0x00007fff3fc58960 (mono-2.0-bdwgc) mono_runtime_invoke (at C:/build/output/Unity-Technologies/mono/mono/metadata/object.c:3115)
0x00007fff38e4cea4 (Unity) scripting_method_invoke
0x00007fff38e25433 (Unity) ScriptingInvocation::Invoke
0x00007fff38e20b35 (Unity) ScriptingInvocation::Invoke<void>
0x00007fff38f8b4bb (Unity) Scripting::UnityEditor::EditorApplicationProxy::Internal_CallUpdateFunctions
0x00007fff3a07e0e4 (Unity) SceneTracker::Update
0x00007fff39be1247 (Unity) Application::TickTimer
0x00007fff3a1b25ac (Unity) MainMessageLoop
0x00007fff3a1b9d1c (Unity) UnityMain
0x00007ff68b302f2a (Unity) __scrt_common_main_seh
0x00007fffddade8d7 (KERNEL32) BaseThreadInitThunk
0x00007fffde88c53c (ntdll) RtlUserThreadStart

[RecoilConfiguration] Failed to deserialize JSON: JSON parse error: Invalid value.. Returning default configuration.
0x00007fff38f222ae (Unity) StackWalker::ShowCallstack
0x00007fff38f31ee9 (Unity) PlatformStacktrace::GetStacktrace
0x00007fff3a1ac04e (Unity) Stacktrace::GetStacktrace
0x00007fff3a7859df (Unity) DebugStringToFile
0x00007fff37fd2930 (Unity) DebugLogHandler_CUSTOM_Internal_Log
0x000001e9766cbd3e (Mono JIT Code) (wrapper managed-to-native) UnityEngine.DebugLogHandler:Internal_Log_Injected (UnityEngine.LogType,UnityEngine.LogOption,UnityEngine.Bindings.ManagedSpanWrapper&,intptr)
0x000001e9766cbb43 (Mono JIT Code) UnityEngine.DebugLogHandler:Internal_Log (UnityEngine.LogType,UnityEngine.LogOption,string,UnityEngine.Object)
0x000001e9766cb7fb (Mono JIT Code) UnityEngine.DebugLogHandler:LogFormat (UnityEngine.LogType,UnityEngine.Object,string,object[])
0x000001e9766ca6ae (Mono JIT Code) UnityEngine.Logger:Log (UnityEngine.LogType,object)
0x000001e9aa2b404d (Mono JIT Code) UnityEngine.Debug:LogWarning (object)
0x000001e976d47adb (Mono JIT Code) RecoilConfiguration:FromJson (string) (at C:/Users/Ubuntu/Desktop/_DEV/AFFECT-2025-10-11/Assets/_SCRIPTS/_PLAYER/Recoil/RecoilConfiguration.cs:152)
0x000001e976d48643 (Mono JIT Code) SerializationProperties:Property16_InvalidJsonReturnsDefaultConfiguration () (at C:/Users/Ubuntu/Desktop/_DEV/AFFECT-2025-10-11/Assets/_SCRIPTS/Editor/SerializationProperties.cs:115)
0x000001e9aa264548 (Mono JIT Code) (wrapper runtime-invoke) object:runtime_invoke_void__this__ (object,intptr,intptr,intptr)
0x00007fff3fd16e7e (mono-2.0-bdwgc) mono_jit_runtime_invoke (at C:/build/output/Unity-Technologies/mono/mono/mini/mini-runtime.c:3445)
0x00007fff3fc58874 (mono-2.0-bdwgc) do_runtime_invoke (at C:/build/output/Unity-Technologies/mono/mono/metadata/object.c:3068)
0x00007fff3fc5f926 (mono-2.0-bdwgc) mono_runtime_try_invoke_array (at C:/build/output/Unity-Technologies/mono/mono/metadata/object.c:5774)
0x00007fff3fb91b81 (mono-2.0-bdwgc) ves_icall_InternalInvoke (at C:/build/output/Unity-Technologies/mono/mono/metadata/icall.c:4038)
0x00007fff3fbb7e31 (mono-2.0-bdwgc) ves_icall_InternalInvoke_raw (at C:/build/output/Unity-Technologies/mono/mono/metadata/icall-def.h:692)
0x000001e8e22b0f92 (Mono JIT Code) (wrapper managed-to-native) System.Reflection.RuntimeMethodInfo:InternalInvoke (System.Reflection.RuntimeMethodInfo,object,object[],System.Exception&)
0x000001e8e3c7ea73 (Mono JIT Code) System.Reflection.RuntimeMethodInfo:Invoke (object,System.Reflection.BindingFlags,System.Reflection.Binder,object[],System.Globalization.CultureInfo)
0x000001e8db9555ef (Mono JIT Code) System.Reflection.MethodBase:Invoke (object,object[])
0x000001e9aa26e783 (Mono JIT Code) NUnit.Framework.Internal.Reflect:InvokeMethod (System.Reflection.MethodInfo,object,object[])
0x000001e9aa2760ab (Mono JIT Code) NUnit.Framework.Internal.MethodWrapper:Invoke (object,object[])
0x000001e9aa275f8a (Mono JIT Code) NUnit.Framework.Internal.Commands.TestMethodCommand:RunNonAsyncTestMethod (NUnit.Framework.Internal.ITestExecutionContext)
0x000001e9aa275dd3 (Mono JIT Code) NUnit.Framework.Internal.Commands.TestMethodCommand:RunTestMethod (NUnit.Framework.Internal.ITestExecutionContext)
0x000001e9aa275973 (Mono JIT Code) NUnit.Framework.Internal.Commands.TestMethodCommand:Execute (NUnit.Framework.Internal.ITestExecutionContext)
0x000001e9aa27556b (Mono JIT Code) UnityEngine.TestTools.UnityTestMethodCommand:Execute (NUnit.Framework.Internal.ITestExecutionContext) (at ./Library/PackageCache/com.unity.test-framework@40e262928427/UnityEngine.TestRunner/NUnitExtensions/Commands/UnityTestMethodCommand.cs:19)
0x000001e9aa2752fb (Mono JIT Code) UnityEngine.TestRunner.NUnitExtensions.Runner.UnityLogCheckDelegatingCommand/<>c__DisplayClass2_0:<Execute>b__0 () (at ./Library/PackageCache/com.unity.test-framework@40e262928427/UnityEngine.TestRunner/NUnitExtensions/Runner/UnityLogCheckDelegatingCommand.cs:24)
0x000001e9aa275123 (Mono JIT Code) UnityEngine.TestRunner.NUnitExtensions.Runner.UnityLogCheckDelegatingCommand:CaptureException (NUnit.Framework.Internal.TestResult,System.Action) (at ./Library/PackageCache/com.unity.test-framework@40e262928427/UnityEngine.TestRunner/NUnitExtensions/Runner/UnityLogCheckDelegatingCommand.cs:72)
0x000001e9aa274fb3 (Mono JIT Code) UnityEngine.TestRunner.NUnitExtensions.Runner.UnityLogCheckDelegatingCommand:ExecuteAndCheckLog (UnityEngine.TestTools.Logging.LogScope,NUnit.Framework.Internal.TestResult,System.Action) (at ./Library/PackageCache/com.unity.test-framework@40e262928427/UnityEngine.TestRunner/NUnitExtensions/Runner/UnityLogCheckDelegatingCommand.cs:83)
0x000001e9aa274c3b (Mono JIT Code) UnityEngine.TestRunner.NUnitExtensions.Runner.UnityLogCheckDelegatingCommand:Execute (NUnit.Framework.Internal.ITestExecutionContext) (at ./Library/PackageCache/com.unity.test-framework@40e262928427/UnityEngine.TestRunner/NUnitExtensions/Runner/UnityLogCheckDelegatingCommand.cs:24)
0x000001e9aa273c19 (Mono JIT Code) UnityEngine.TestRunner.NUnitExtensions.Runner.UnityLogCheckDelegatingCommand/<ExecuteEnumerable>d__3:MoveNext () (at ./Library/PackageCache/com.unity.test-framework@40e262928427/UnityEngine.TestRunner/NUnitExtensions/Runner/UnityLogCheckDelegatingCommand.cs:35)
0x000001e9aa251e01 (Mono JIT Code) UnityEngine.TestTools.BeforeAfterTestCommandBase`1/<ExecuteEnumerable>d__16<T_REF>:MoveNext () (at ./Library/PackageCache/com.unity.test-framework@40e262928427/UnityEngine.TestRunner/NUnitExtensions/Commands/BeforeAfterTestCommandBase.cs:212)
0x000001e9aa272fb6 (Mono JIT Code) UnityEngine.TestTools.ImmediateEnumerableCommand:Execute (NUnit.Framework.Internal.ITestExecutionContext) (at ./Library/PackageCache/com.unity.test-framework@40e262928427/UnityEngine.TestRunner/NUnitExtensions/Commands/ImmediateEnumerableCommand.cs:18)
0x000001e9aa251f01 (Mono JIT Code) UnityEngine.TestTools.BeforeAfterTestCommandBase`1/<ExecuteEnumerable>d__16<T_REF>:MoveNext () (at ./Library/PackageCache/com.unity.test-framework@40e262928427/UnityEngine.TestRunner/NUnitExtensions/Commands/BeforeAfterTestCommandBase.cs:219)
0x000001e9aa251e01 (Mono JIT Code) UnityEngine.TestTools.BeforeAfterTestCommandBase`1/<ExecuteEnumerable>d__16<T_REF>:MoveNext () (at ./Library/PackageCache/com.unity.test-framework@40e262928427/UnityEngine.TestRunner/NUnitExtensions/Commands/BeforeAfterTestCommandBase.cs:212)
0x000001e9aa251e01 (Mono JIT Code) UnityEngine.TestTools.BeforeAfterTestCommandBase`1/<ExecuteEnumerable>d__16<T_REF>:MoveNext () (at ./Library/PackageCache/com.unity.test-framework@40e262928427/UnityEngine.TestRunner/NUnitExtensions/Commands/BeforeAfterTestCommandBase.cs:212)
0x000001e9aa26b457 (Mono JIT Code) UnityEngine.TestTools.RetryCommand/<ExecuteEnumerable>d__2:MoveNext () (at ./Library/PackageCache/com.unity.test-framework@40e262928427/UnityEngine.TestRunner/NUnitExtensions/Commands/RetryCommand.cs:37)
0x000001e9aa269f2f (Mono JIT Code) UnityEngine.TestTools.RepeatCommand/<ExecuteEnumerable>d__2:MoveNext () (at ./Library/PackageCache/com.unity.test-framework@40e262928427/UnityEngine.TestRunner/NUnitExtensions/Commands/RepeatCommand.cs:36)
0x000001e9aa268fa6 (Mono JIT Code) UnityEngine.TestTools.IgnoreTestCommand/<ExecuteEnumerable>d__3:MoveNext () (at ./Library/PackageCache/com.unity.test-framework@40e262928427/UnityEngine.TestRunner/NUnitExtensions/Commands/IgnoreTestCommand.cs:42)
0x000001e9aa267c7f (Mono JIT Code) UnityEngine.TestTools.StrictCheckCommand/<ExecuteEnumerable>d__2:MoveNext () (at ./Library/PackageCache/com.unity.test-framework@40e262928427/UnityEngine.TestRunner/NUnitExtensions/Commands/StrictCheckCommand.cs:29)
0x000001e9aa266fe1 (Mono JIT Code) UnityEngine.TestRunner.NUnitExtensions.Runner.DefaultTestWorkItem/<PerformWork>d__2:MoveNext () (at ./Library/PackageCache/com.unity.test-framework@40e262928427/UnityEngine.TestRunner/NUnitExtensions/Runner/DefaultTestWorkItem.cs:50)
0x000001e9aa255e12 (Mono JIT Code) UnityEngine.TestRunner.NUnitExtensions.Runner.CompositeWorkItem/<RunChildren>d__17:MoveNext () (at ./Library/PackageCache/com.unity.test-framework@40e262928427/UnityEngine.TestRunner/NUnitExtensions/Runner/CompositeWorkItem.cs:207)
0x000001e9aa247756 (Mono JIT Code) UnityEngine.TestRunner.NUnitExtensions.Runner.CompositeWorkItem/<PerformWork>d__13:MoveNext () (at ./Library/PackageCache/com.unity.test-framework@40e262928427/UnityEngine.TestRunner/NUnitExtensions/Runner/CompositeWorkItem.cs:82)
0x000001e9aa255e12 (Mono JIT Code) UnityEngine.TestRunner.NUnitExtensions.Runner.CompositeWorkItem/<RunChildren>d__17:MoveNext () (at ./Library/PackageCache/com.unity.test-framework@40e262928427/UnityEngine.TestRunner/NUnitExtensions/Runner/CompositeWorkItem.cs:207)
0x000001e9aa247756 (Mono JIT Code) UnityEngine.TestRunner.NUnitExtensions.Runner.CompositeWorkItem/<PerformWork>d__13:MoveNext () (at ./Library/PackageCache/com.unity.test-framework@40e262928427/UnityEngine.TestRunner/NUnitExtensions/Runner/CompositeWorkItem.cs:82)
0x000001e9aa255e12 (Mono JIT Code) UnityEngine.TestRunner.NUnitExtensions.Runner.CompositeWorkItem/<RunChildren>d__17:MoveNext () (at ./Library/PackageCache/com.unity.test-framework@40e262928427/UnityEngine.TestRunner/NUnitExtensions/Runner/CompositeWorkItem.cs:207)
0x000001e9aa247756 (Mono JIT Code) UnityEngine.TestRunner.NUnitExtensions.Runner.CompositeWorkItem/<PerformWork>d__13:MoveNext () (at ./Library/PackageCache/com.unity.test-framework@40e262928427/UnityEngine.TestRunner/NUnitExtensions/Runner/CompositeWorkItem.cs:82)
0x000001e9aa245fcc (Mono JIT Code) UnityEditor.TestTools.TestRunner.EditModeRunner:MoveNextAndUpdateYieldObject () (at ./Library/PackageCache/com.unity.test-framework@40e262928427/UnityEditor.TestRunner/TestRunner/EditModeRunner.cs:167)
0x000001e9aa245b7b (Mono JIT Code) UnityEditor.TestTools.TestRunner.EditModeRunner:TestConsumer (UnityEditor.TestTools.TestRunner.TestRunnerStateSerializer) (at ./Library/PackageCache/com.unity.test-framework@40e262928427/UnityEditor.TestRunner/TestRunner/EditModeRunner.cs:200)
0x000001e9aa23c173 (Mono JIT Code) UnityEditor.TestTools.TestRunner.TestRun.Tasks.EditModeRunTask/<Execute>d__1:MoveNext () (at ./Library/PackageCache/com.unity.test-framework@40e262928427/UnityEditor.TestRunner/TestRun/Tasks/EditModeRunTask.cs:48)
0x000001e977129d5e (Mono JIT Code) UnityEditor.TestTools.TestRunner.TestRun.TestJobRunner:ExecuteStep () (at ./Library/PackageCache/com.unity.test-framework@40e262928427/UnityEditor.TestRunner/TestRun/TestJobRunner.cs:173)
0x000001e977128953 (Mono JIT Code) UnityEditor.TestTools.TestRunner.TestRun.TestJobRunner:ExecuteCallback () (at ./Library/PackageCache/com.unity.test-framework@40e262928427/UnityEditor.TestRunner/TestRun/TestJobRunner.cs:108)
0x000001e99df821b8 (Mono JIT Code) UnityEditor.EditorApplication:Internal_CallUpdateFunctions ()
0x000001e8e6514785 (Mono JIT Code) (wrapper runtime-invoke) object:runtime_invoke_void (object,intptr,intptr,intptr)
0x00007fff3fd16e7e (mono-2.0-bdwgc) mono_jit_runtime_invoke (at C:/build/output/Unity-Technologies/mono/mono/mini/mini-runtime.c:3445)
0x00007fff3fc58874 (mono-2.0-bdwgc) do_runtime_invoke (at C:/build/output/Unity-Technologies/mono/mono/metadata/object.c:3068)
0x00007fff3fc58960 (mono-2.0-bdwgc) mono_runtime_invoke (at C:/build/output/Unity-Technologies/mono/mono/metadata/object.c:3115)
0x00007fff38e4cea4 (Unity) scripting_method_invoke
0x00007fff38e25433 (Unity) ScriptingInvocation::Invoke
0x00007fff38e20b35 (Unity) ScriptingInvocation::Invoke<void>
0x00007fff38f8b4bb (Unity) Scripting::UnityEditor::EditorApplicationProxy::Internal_CallUpdateFunctions
0x00007fff3a07e0e4 (Unity) SceneTracker::Update
0x00007fff39be1247 (Unity) Application::TickTimer
0x00007fff3a1b25ac (Unity) MainMessageLoop
0x00007fff3a1b9d1c (Unity) UnityMain
0x00007ff68b302f2a (Unity) __scrt_common_main_seh
0x00007fffddade8d7 (KERNEL32) BaseThreadInitThunk
0x00007fffde88c53c (ntdll) RtlUserThreadStart

[RecoilConfiguration] Empty or null JSON provided, returning default configuration.
0x00007fff38f222ae (Unity) StackWalker::ShowCallstack
0x00007fff38f31ee9 (Unity) PlatformStacktrace::GetStacktrace
0x00007fff3a1ac04e (Unity) Stacktrace::GetStacktrace
0x00007fff3a7859df (Unity) DebugStringToFile
0x00007fff37fd2930 (Unity) DebugLogHandler_CUSTOM_Internal_Log
0x000001e9766cbd3e (Mono JIT Code) (wrapper managed-to-native) UnityEngine.DebugLogHandler:Internal_Log_Injected (UnityEngine.LogType,UnityEngine.LogOption,UnityEngine.Bindings.ManagedSpanWrapper&,intptr)
0x000001e9766cbb43 (Mono JIT Code) UnityEngine.DebugLogHandler:Internal_Log (UnityEngine.LogType,UnityEngine.LogOption,string,UnityEngine.Object)
0x000001e9766cb7fb (Mono JIT Code) UnityEngine.DebugLogHandler:LogFormat (UnityEngine.LogType,UnityEngine.Object,string,object[])
0x000001e9766ca6ae (Mono JIT Code) UnityEngine.Logger:Log (UnityEngine.LogType,object)
0x000001e9aa2b404d (Mono JIT Code) UnityEngine.Debug:LogWarning (object)
0x000001e976d477fb (Mono JIT Code) RecoilConfiguration:FromJson (string) (at C:/Users/Ubuntu/Desktop/_DEV/AFFECT-2025-10-11/Assets/_SCRIPTS/_PLAYER/Recoil/RecoilConfiguration.cs:136)
0x000001e976d48643 (Mono JIT Code) SerializationProperties:Property16_InvalidJsonReturnsDefaultConfiguration () (at C:/Users/Ubuntu/Desktop/_DEV/AFFECT-2025-10-11/Assets/_SCRIPTS/Editor/SerializationProperties.cs:115)
0x000001e9aa264548 (Mono JIT Code) (wrapper runtime-invoke) object:runtime_invoke_void__this__ (object,intptr,intptr,intptr)
0x00007fff3fd16e7e (mono-2.0-bdwgc) mono_jit_runtime_invoke (at C:/build/output/Unity-Technologies/mono/mono/mini/mini-runtime.c:3445)
0x00007fff3fc58874 (mono-2.0-bdwgc) do_runtime_invoke (at C:/build/output/Unity-Technologies/mono/mono/metadata/object.c:3068)
0x00007fff3fc5f926 (mono-2.0-bdwgc) mono_runtime_try_invoke_array (at C:/build/output/Unity-Technologies/mono/mono/metadata/object.c:5774)
0x00007fff3fb91b81 (mono-2.0-bdwgc) ves_icall_InternalInvoke (at C:/build/output/Unity-Technologies/mono/mono/metadata/icall.c:4038)
0x00007fff3fbb7e31 (mono-2.0-bdwgc) ves_icall_InternalInvoke_raw (at C:/build/output/Unity-Technologies/mono/mono/metadata/icall-def.h:692)
0x000001e8e22b0f92 (Mono JIT Code) (wrapper managed-to-native) System.Reflection.RuntimeMethodInfo:InternalInvoke (System.Reflection.RuntimeMethodInfo,object,object[],System.Exception&)
0x000001e8e3c7ea73 (Mono JIT Code) System.Reflection.RuntimeMethodInfo:Invoke (object,System.Reflection.BindingFlags,System.Reflection.Binder,object[],System.Globalization.CultureInfo)
0x000001e8db9555ef (Mono JIT Code) System.Reflection.MethodBase:Invoke (object,object[])
0x000001e9aa26e783 (Mono JIT Code) NUnit.Framework.Internal.Reflect:InvokeMethod (System.Reflection.MethodInfo,object,object[])
0x000001e9aa2760ab (Mono JIT Code) NUnit.Framework.Internal.MethodWrapper:Invoke (object,object[])
0x000001e9aa275f8a (Mono JIT Code) NUnit.Framework.Internal.Commands.TestMethodCommand:RunNonAsyncTestMethod (NUnit.Framework.Internal.ITestExecutionContext)
0x000001e9aa275dd3 (Mono JIT Code) NUnit.Framework.Internal.Commands.TestMethodCommand:RunTestMethod (NUnit.Framework.Internal.ITestExecutionContext)
0x000001e9aa275973 (Mono JIT Code) NUnit.Framework.Internal.Commands.TestMethodCommand:Execute (NUnit.Framework.Internal.ITestExecutionContext)
0x000001e9aa27556b (Mono JIT Code) UnityEngine.TestTools.UnityTestMethodCommand:Execute (NUnit.Framework.Internal.ITestExecutionContext) (at ./Library/PackageCache/com.unity.test-framework@40e262928427/UnityEngine.TestRunner/NUnitExtensions/Commands/UnityTestMethodCommand.cs:19)
0x000001e9aa2752fb (Mono JIT Code) UnityEngine.TestRunner.NUnitExtensions.Runner.UnityLogCheckDelegatingCommand/<>c__DisplayClass2_0:<Execute>b__0 () (at ./Library/PackageCache/com.unity.test-framework@40e262928427/UnityEngine.TestRunner/NUnitExtensions/Runner/UnityLogCheckDelegatingCommand.cs:24)
0x000001e9aa275123 (Mono JIT Code) UnityEngine.TestRunner.NUnitExtensions.Runner.UnityLogCheckDelegatingCommand:CaptureException (NUnit.Framework.Internal.TestResult,System.Action) (at ./Library/PackageCache/com.unity.test-framework@40e262928427/UnityEngine.TestRunner/NUnitExtensions/Runner/UnityLogCheckDelegatingCommand.cs:72)
0x000001e9aa274fb3 (Mono JIT Code) UnityEngine.TestRunner.NUnitExtensions.Runner.UnityLogCheckDelegatingCommand:ExecuteAndCheckLog (UnityEngine.TestTools.Logging.LogScope,NUnit.Framework.Internal.TestResult,System.Action) (at ./Library/PackageCache/com.unity.test-framework@40e262928427/UnityEngine.TestRunner/NUnitExtensions/Runner/UnityLogCheckDelegatingCommand.cs:83)
0x000001e9aa274c3b (Mono JIT Code) UnityEngine.TestRunner.NUnitExtensions.Runner.UnityLogCheckDelegatingCommand:Execute (NUnit.Framework.Internal.ITestExecutionContext) (at ./Library/PackageCache/com.unity.test-framework@40e262928427/UnityEngine.TestRunner/NUnitExtensions/Runner/UnityLogCheckDelegatingCommand.cs:24)
0x000001e9aa273c19 (Mono JIT Code) UnityEngine.TestRunner.NUnitExtensions.Runner.UnityLogCheckDelegatingCommand/<ExecuteEnumerable>d__3:MoveNext () (at ./Library/PackageCache/com.unity.test-framework@40e262928427/UnityEngine.TestRunner/NUnitExtensions/Runner/UnityLogCheckDelegatingCommand.cs:35)
0x000001e9aa251e01 (Mono JIT Code) UnityEngine.TestTools.BeforeAfterTestCommandBase`1/<ExecuteEnumerable>d__16<T_REF>:MoveNext () (at ./Library/PackageCache/com.unity.test-framework@40e262928427/UnityEngine.TestRunner/NUnitExtensions/Commands/BeforeAfterTestCommandBase.cs:212)
0x000001e9aa272fb6 (Mono JIT Code) UnityEngine.TestTools.ImmediateEnumerableCommand:Execute (NUnit.Framework.Internal.ITestExecutionContext) (at ./Library/PackageCache/com.unity.test-framework@40e262928427/UnityEngine.TestRunner/NUnitExtensions/Commands/ImmediateEnumerableCommand.cs:18)
0x000001e9aa251f01 (Mono JIT Code) UnityEngine.TestTools.BeforeAfterTestCommandBase`1/<ExecuteEnumerable>d__16<T_REF>:MoveNext () (at ./Library/PackageCache/com.unity.test-framework@40e262928427/UnityEngine.TestRunner/NUnitExtensions/Commands/BeforeAfterTestCommandBase.cs:219)
0x000001e9aa251e01 (Mono JIT Code) UnityEngine.TestTools.BeforeAfterTestCommandBase`1/<ExecuteEnumerable>d__16<T_REF>:MoveNext () (at ./Library/PackageCache/com.unity.test-framework@40e262928427/UnityEngine.TestRunner/NUnitExtensions/Commands/BeforeAfterTestCommandBase.cs:212)
0x000001e9aa251e01 (Mono JIT Code) UnityEngine.TestTools.BeforeAfterTestCommandBase`1/<ExecuteEnumerable>d__16<T_REF>:MoveNext () (at ./Library/PackageCache/com.unity.test-framework@40e262928427/UnityEngine.TestRunner/NUnitExtensions/Commands/BeforeAfterTestCommandBase.cs:212)
0x000001e9aa26b457 (Mono JIT Code) UnityEngine.TestTools.RetryCommand/<ExecuteEnumerable>d__2:MoveNext () (at ./Library/PackageCache/com.unity.test-framework@40e262928427/UnityEngine.TestRunner/NUnitExtensions/Commands/RetryCommand.cs:37)
0x000001e9aa269f2f (Mono JIT Code) UnityEngine.TestTools.RepeatCommand/<ExecuteEnumerable>d__2:MoveNext () (at ./Library/PackageCache/com.unity.test-framework@40e262928427/UnityEngine.TestRunner/NUnitExtensions/Commands/RepeatCommand.cs:36)
0x000001e9aa268fa6 (Mono JIT Code) UnityEngine.TestTools.IgnoreTestCommand/<ExecuteEnumerable>d__3:MoveNext () (at ./Library/PackageCache/com.unity.test-framework@40e262928427/UnityEngine.TestRunner/NUnitExtensions/Commands/IgnoreTestCommand.cs:42)
0x000001e9aa267c7f (Mono JIT Code) UnityEngine.TestTools.StrictCheckCommand/<ExecuteEnumerable>d__2:MoveNext () (at ./Library/PackageCache/com.unity.test-framework@40e262928427/UnityEngine.TestRunner/NUnitExtensions/Commands/StrictCheckCommand.cs:29)
0x000001e9aa266fe1 (Mono JIT Code) UnityEngine.TestRunner.NUnitExtensions.Runner.DefaultTestWorkItem/<PerformWork>d__2:MoveNext () (at ./Library/PackageCache/com.unity.test-framework@40e262928427/UnityEngine.TestRunner/NUnitExtensions/Runner/DefaultTestWorkItem.cs:50)
0x000001e9aa255e12 (Mono JIT Code) UnityEngine.TestRunner.NUnitExtensions.Runner.CompositeWorkItem/<RunChildren>d__17:MoveNext () (at ./Library/PackageCache/com.unity.test-framework@40e262928427/UnityEngine.TestRunner/NUnitExtensions/Runner/CompositeWorkItem.cs:207)
0x000001e9aa247756 (Mono JIT Code) UnityEngine.TestRunner.NUnitExtensions.Runner.CompositeWorkItem/<PerformWork>d__13:MoveNext () (at ./Library/PackageCache/com.unity.test-framework@40e262928427/UnityEngine.TestRunner/NUnitExtensions/Runner/CompositeWorkItem.cs:82)
0x000001e9aa255e12 (Mono JIT Code) UnityEngine.TestRunner.NUnitExtensions.Runner.CompositeWorkItem/<RunChildren>d__17:MoveNext () (at ./Library/PackageCache/com.unity.test-framework@40e262928427/UnityEngine.TestRunner/NUnitExtensions/Runner/CompositeWorkItem.cs:207)
0x000001e9aa247756 (Mono JIT Code) UnityEngine.TestRunner.NUnitExtensions.Runner.CompositeWorkItem/<PerformWork>d__13:MoveNext () (at ./Library/PackageCache/com.unity.test-framework@40e262928427/UnityEngine.TestRunner/NUnitExtensions/Runner/CompositeWorkItem.cs:82)
0x000001e9aa255e12 (Mono JIT Code) UnityEngine.TestRunner.NUnitExtensions.Runner.CompositeWorkItem/<RunChildren>d__17:MoveNext () (at ./Library/PackageCache/com.unity.test-framework@40e262928427/UnityEngine.TestRunner/NUnitExtensions/Runner/CompositeWorkItem.cs:207)
0x000001e9aa247756 (Mono JIT Code) UnityEngine.TestRunner.NUnitExtensions.Runner.CompositeWorkItem/<PerformWork>d__13:MoveNext () (at ./Library/PackageCache/com.unity.test-framework@40e262928427/UnityEngine.TestRunner/NUnitExtensions/Runner/CompositeWorkItem.cs:82)
0x000001e9aa245fcc (Mono JIT Code) UnityEditor.TestTools.TestRunner.EditModeRunner:MoveNextAndUpdateYieldObject () (at ./Library/PackageCache/com.unity.test-framework@40e262928427/UnityEditor.TestRunner/TestRunner/EditModeRunner.cs:167)
0x000001e9aa245b7b (Mono JIT Code) UnityEditor.TestTools.TestRunner.EditModeRunner:TestConsumer (UnityEditor.TestTools.TestRunner.TestRunnerStateSerializer) (at ./Library/PackageCache/com.unity.test-framework@40e262928427/UnityEditor.TestRunner/TestRunner/EditModeRunner.cs:200)
0x000001e9aa23c173 (Mono JIT Code) UnityEditor.TestTools.TestRunner.TestRun.Tasks.EditModeRunTask/<Execute>d__1:MoveNext () (at ./Library/PackageCache/com.unity.test-framework@40e262928427/UnityEditor.TestRunner/TestRun/Tasks/EditModeRunTask.cs:48)
0x000001e977129d5e (Mono JIT Code) UnityEditor.TestTools.TestRunner.TestRun.TestJobRunner:ExecuteStep () (at ./Library/PackageCache/com.unity.test-framework@40e262928427/UnityEditor.TestRunner/TestRun/TestJobRunner.cs:173)
0x000001e977128953 (Mono JIT Code) UnityEditor.TestTools.TestRunner.TestRun.TestJobRunner:ExecuteCallback () (at ./Library/PackageCache/com.unity.test-framework@40e262928427/UnityEditor.TestRunner/TestRun/TestJobRunner.cs:108)
0x000001e99df821b8 (Mono JIT Code) UnityEditor.EditorApplication:Internal_CallUpdateFunctions ()
0x000001e8e6514785 (Mono JIT Code) (wrapper runtime-invoke) object:runtime_invoke_void (object,intptr,intptr,intptr)
0x00007fff3fd16e7e (mono-2.0-bdwgc) mono_jit_runtime_invoke (at C:/build/output/Unity-Technologies/mono/mono/mini/mini-runtime.c:3445)
0x00007fff3fc58874 (mono-2.0-bdwgc) do_runtime_invoke (at C:/build/output/Unity-Technologies/mono/mono/metadata/object.c:3068)
0x00007fff3fc58960 (mono-2.0-bdwgc) mono_runtime_invoke (at C:/build/output/Unity-Technologies/mono/mono/metadata/object.c:3115)
0x00007fff38e4cea4 (Unity) scripting_method_invoke
0x00007fff38e25433 (Unity) ScriptingInvocation::Invoke
0x00007fff38e20b35 (Unity) ScriptingInvocation::Invoke<void>
0x00007fff38f8b4bb (Unity) Scripting::UnityEditor::EditorApplicationProxy::Internal_CallUpdateFunctions
0x00007fff3a07e0e4 (Unity) SceneTracker::Update
0x00007fff39be1247 (Unity) Application::TickTimer
0x00007fff3a1b25ac (Unity) MainMessageLoop
0x00007fff3a1b9d1c (Unity) UnityMain
0x00007ff68b302f2a (Unity) __scrt_common_main_seh
0x00007fffddade8d7 (KERNEL32) BaseThreadInitThunk
0x00007fffde88c53c (ntdll) RtlUserThreadStart

[RecoilConfiguration] Failed to deserialize JSON: JSON parse error: Invalid value.. Returning default configuration.
0x00007fff38f222ae (Unity) StackWalker::ShowCallstack
0x00007fff38f31ee9 (Unity) PlatformStacktrace::GetStacktrace
0x00007fff3a1ac04e (Unity) Stacktrace::GetStacktrace
0x00007fff3a7859df (Unity) DebugStringToFile
0x00007fff37fd2930 (Unity) DebugLogHandler_CUSTOM_Internal_Log
0x000001e9766cbd3e (Mono JIT Code) (wrapper managed-to-native) UnityEngine.DebugLogHandler:Internal_Log_Injected (UnityEngine.LogType,UnityEngine.LogOption,UnityEngine.Bindings.ManagedSpanWrapper&,intptr)
0x000001e9766cbb43 (Mono JIT Code) UnityEngine.DebugLogHandler:Internal_Log (UnityEngine.LogType,UnityEngine.LogOption,string,UnityEngine.Object)
0x000001e9766cb7fb (Mono JIT Code) UnityEngine.DebugLogHandler:LogFormat (UnityEngine.LogType,UnityEngine.Object,string,object[])
0x000001e9766ca6ae (Mono JIT Code) UnityEngine.Logger:Log (UnityEngine.LogType,object)
0x000001e9aa2b404d (Mono JIT Code) UnityEngine.Debug:LogWarning (object)
0x000001e976d47adb (Mono JIT Code) RecoilConfiguration:FromJson (string) (at C:/Users/Ubuntu/Desktop/_DEV/AFFECT-2025-10-11/Assets/_SCRIPTS/_PLAYER/Recoil/RecoilConfiguration.cs:152)
0x000001e976d48643 (Mono JIT Code) SerializationProperties:Property16_InvalidJsonReturnsDefaultConfiguration () (at C:/Users/Ubuntu/Desktop/_DEV/AFFECT-2025-10-11/Assets/_SCRIPTS/Editor/SerializationProperties.cs:115)
0x000001e9aa264548 (Mono JIT Code) (wrapper runtime-invoke) object:runtime_invoke_void__this__ (object,intptr,intptr,intptr)
0x00007fff3fd16e7e (mono-2.0-bdwgc) mono_jit_runtime_invoke (at C:/build/output/Unity-Technologies/mono/mono/mini/mini-runtime.c:3445)
0x00007fff3fc58874 (mono-2.0-bdwgc) do_runtime_invoke (at C:/build/output/Unity-Technologies/mono/mono/metadata/object.c:3068)
0x00007fff3fc5f926 (mono-2.0-bdwgc) mono_runtime_try_invoke_array (at C:/build/output/Unity-Technologies/mono/mono/metadata/object.c:5774)
0x00007fff3fb91b81 (mono-2.0-bdwgc) ves_icall_InternalInvoke (at C:/build/output/Unity-Technologies/mono/mono/metadata/icall.c:4038)
0x00007fff3fbb7e31 (mono-2.0-bdwgc) ves_icall_InternalInvoke_raw (at C:/build/output/Unity-Technologies/mono/mono/metadata/icall-def.h:692)
0x000001e8e22b0f92 (Mono JIT Code) (wrapper managed-to-native) System.Reflection.RuntimeMethodInfo:InternalInvoke (System.Reflection.RuntimeMethodInfo,object,object[],System.Exception&)
0x000001e8e3c7ea73 (Mono JIT Code) System.Reflection.RuntimeMethodInfo:Invoke (object,System.Reflection.BindingFlags,System.Reflection.Binder,object[],System.Globalization.CultureInfo)
0x000001e8db9555ef (Mono JIT Code) System.Reflection.MethodBase:Invoke (object,object[])
0x000001e9aa26e783 (Mono JIT Code) NUnit.Framework.Internal.Reflect:InvokeMethod (System.Reflection.MethodInfo,object,object[])
0x000001e9aa2760ab (Mono JIT Code) NUnit.Framework.Internal.MethodWrapper:Invoke (object,object[])
0x000001e9aa275f8a (Mono JIT Code) NUnit.Framework.Internal.Commands.TestMethodCommand:RunNonAsyncTestMethod (NUnit.Framework.Internal.ITestExecutionContext)
0x000001e9aa275dd3 (Mono JIT Code) NUnit.Framework.Internal.Commands.TestMethodCommand:RunTestMethod (NUnit.Framework.Internal.ITestExecutionContext)
0x000001e9aa275973 (Mono JIT Code) NUnit.Framework.Internal.Commands.TestMethodCommand:Execute (NUnit.Framework.Internal.ITestExecutionContext)
0x000001e9aa27556b (Mono JIT Code) UnityEngine.TestTools.UnityTestMethodCommand:Execute (NUnit.Framework.Internal.ITestExecutionContext) (at ./Library/PackageCache/com.unity.test-framework@40e262928427/UnityEngine.TestRunner/NUnitExtensions/Commands/UnityTestMethodCommand.cs:19)
0x000001e9aa2752fb (Mono JIT Code) UnityEngine.TestRunner.NUnitExtensions.Runner.UnityLogCheckDelegatingCommand/<>c__DisplayClass2_0:<Execute>b__0 () (at ./Library/PackageCache/com.unity.test-framework@40e262928427/UnityEngine.TestRunner/NUnitExtensions/Runner/UnityLogCheckDelegatingCommand.cs:24)
0x000001e9aa275123 (Mono JIT Code) UnityEngine.TestRunner.NUnitExtensions.Runner.UnityLogCheckDelegatingCommand:CaptureException (NUnit.Framework.Internal.TestResult,System.Action) (at ./Library/PackageCache/com.unity.test-framework@40e262928427/UnityEngine.TestRunner/NUnitExtensions/Runner/UnityLogCheckDelegatingCommand.cs:72)
0x000001e9aa274fb3 (Mono JIT Code) UnityEngine.TestRunner.NUnitExtensions.Runner.UnityLogCheckDelegatingCommand:ExecuteAndCheckLog (UnityEngine.TestTools.Logging.LogScope,NUnit.Framework.Internal.TestResult,System.Action) (at ./Library/PackageCache/com.unity.test-framework@40e262928427/UnityEngine.TestRunner/NUnitExtensions/Runner/UnityLogCheckDelegatingCommand.cs:83)
0x000001e9aa274c3b (Mono JIT Code) UnityEngine.TestRunner.NUnitExtensions.Runner.UnityLogCheckDelegatingCommand:Execute (NUnit.Framework.Internal.ITestExecutionContext) (at ./Library/PackageCache/com.unity.test-framework@40e262928427/UnityEngine.TestRunner/NUnitExtensions/Runner/UnityLogCheckDelegatingCommand.cs:24)
0x000001e9aa273c19 (Mono JIT Code) UnityEngine.TestRunner.NUnitExtensions.Runner.UnityLogCheckDelegatingCommand/<ExecuteEnumerable>d__3:MoveNext () (at ./Library/PackageCache/com.unity.test-framework@40e262928427/UnityEngine.TestRunner/NUnitExtensions/Runner/UnityLogCheckDelegatingCommand.cs:35)
0x000001e9aa251e01 (Mono JIT Code) UnityEngine.TestTools.BeforeAfterTestCommandBase`1/<ExecuteEnumerable>d__16<T_REF>:MoveNext () (at ./Library/PackageCache/com.unity.test-framework@40e262928427/UnityEngine.TestRunner/NUnitExtensions/Commands/BeforeAfterTestCommandBase.cs:212)
0x000001e9aa272fb6 (Mono JIT Code) UnityEngine.TestTools.ImmediateEnumerableCommand:Execute (NUnit.Framework.Internal.ITestExecutionContext) (at ./Library/PackageCache/com.unity.test-framework@40e262928427/UnityEngine.TestRunner/NUnitExtensions/Commands/ImmediateEnumerableCommand.cs:18)
0x000001e9aa251f01 (Mono JIT Code) UnityEngine.TestTools.BeforeAfterTestCommandBase`1/<ExecuteEnumerable>d__16<T_REF>:MoveNext () (at ./Library/PackageCache/com.unity.test-framework@40e262928427/UnityEngine.TestRunner/NUnitExtensions/Commands/BeforeAfterTestCommandBase.cs:219)
0x000001e9aa251e01 (Mono JIT Code) UnityEngine.TestTools.BeforeAfterTestCommandBase`1/<ExecuteEnumerable>d__16<T_REF>:MoveNext () (at ./Library/PackageCache/com.unity.test-framework@40e262928427/UnityEngine.TestRunner/NUnitExtensions/Commands/BeforeAfterTestCommandBase.cs:212)
0x000001e9aa251e01 (Mono JIT Code) UnityEngine.TestTools.BeforeAfterTestCommandBase`1/<ExecuteEnumerable>d__16<T_REF>:MoveNext () (at ./Library/PackageCache/com.unity.test-framework@40e262928427/UnityEngine.TestRunner/NUnitExtensions/Commands/BeforeAfterTestCommandBase.cs:212)
0x000001e9aa26b457 (Mono JIT Code) UnityEngine.TestTools.RetryCommand/<ExecuteEnumerable>d__2:MoveNext () (at ./Library/PackageCache/com.unity.test-framework@40e262928427/UnityEngine.TestRunner/NUnitExtensions/Commands/RetryCommand.cs:37)
0x000001e9aa269f2f (Mono JIT Code) UnityEngine.TestTools.RepeatCommand/<ExecuteEnumerable>d__2:MoveNext () (at ./Library/PackageCache/com.unity.test-framework@40e262928427/UnityEngine.TestRunner/NUnitExtensions/Commands/RepeatCommand.cs:36)
0x000001e9aa268fa6 (Mono JIT Code) UnityEngine.TestTools.IgnoreTestCommand/<ExecuteEnumerable>d__3:MoveNext () (at ./Library/PackageCache/com.unity.test-framework@40e262928427/UnityEngine.TestRunner/NUnitExtensions/Commands/IgnoreTestCommand.cs:42)
0x000001e9aa267c7f (Mono JIT Code) UnityEngine.TestTools.StrictCheckCommand/<ExecuteEnumerable>d__2:MoveNext () (at ./Library/PackageCache/com.unity.test-framework@40e262928427/UnityEngine.TestRunner/NUnitExtensions/Commands/StrictCheckCommand.cs:29)
0x000001e9aa266fe1 (Mono JIT Code) UnityEngine.TestRunner.NUnitExtensions.Runner.DefaultTestWorkItem/<PerformWork>d__2:MoveNext () (at ./Library/PackageCache/com.unity.test-framework@40e262928427/UnityEngine.TestRunner/NUnitExtensions/Runner/DefaultTestWorkItem.cs:50)
0x000001e9aa255e12 (Mono JIT Code) UnityEngine.TestRunner.NUnitExtensions.Runner.CompositeWorkItem/<RunChildren>d__17:MoveNext () (at ./Library/PackageCache/com.unity.test-framework@40e262928427/UnityEngine.TestRunner/NUnitExtensions/Runner/CompositeWorkItem.cs:207)
0x000001e9aa247756 (Mono JIT Code) UnityEngine.TestRunner.NUnitExtensions.Runner.CompositeWorkItem/<PerformWork>d__13:MoveNext () (at ./Library/PackageCache/com.unity.test-framework@40e262928427/UnityEngine.TestRunner/NUnitExtensions/Runner/CompositeWorkItem.cs:82)
0x000001e9aa255e12 (Mono JIT Code) UnityEngine.TestRunner.NUnitExtensions.Runner.CompositeWorkItem/<RunChildren>d__17:MoveNext () (at ./Library/PackageCache/com.unity.test-framework@40e262928427/UnityEngine.TestRunner/NUnitExtensions/Runner/CompositeWorkItem.cs:207)
0x000001e9aa247756 (Mono JIT Code) UnityEngine.TestRunner.NUnitExtensions.Runner.CompositeWorkItem/<PerformWork>d__13:MoveNext () (at ./Library/PackageCache/com.unity.test-framework@40e262928427/UnityEngine.TestRunner/NUnitExtensions/Runner/CompositeWorkItem.cs:82)
0x000001e9aa255e12 (Mono JIT Code) UnityEngine.TestRunner.NUnitExtensions.Runner.CompositeWorkItem/<RunChildren>d__17:MoveNext () (at ./Library/PackageCache/com.unity.test-framework@40e262928427/UnityEngine.TestRunner/NUnitExtensions/Runner/CompositeWorkItem.cs:207)
0x000001e9aa247756 (Mono JIT Code) UnityEngine.TestRunner.NUnitExtensions.Runner.CompositeWorkItem/<PerformWork>d__13:MoveNext () (at ./Library/PackageCache/com.unity.test-framework@40e262928427/UnityEngine.TestRunner/NUnitExtensions/Runner/CompositeWorkItem.cs:82)
0x000001e9aa245fcc (Mono JIT Code) UnityEditor.TestTools.TestRunner.EditModeRunner:MoveNextAndUpdateYieldObject () (at ./Library/PackageCache/com.unity.test-framework@40e262928427/UnityEditor.TestRunner/TestRunner/EditModeRunner.cs:167)
0x000001e9aa245b7b (Mono JIT Code) UnityEditor.TestTools.TestRunner.EditModeRunner:TestConsumer (UnityEditor.TestTools.TestRunner.TestRunnerStateSerializer) (at ./Library/PackageCache/com.unity.test-framework@40e262928427/UnityEditor.TestRunner/TestRunner/EditModeRunner.cs:200)
0x000001e9aa23c173 (Mono JIT Code) UnityEditor.TestTools.TestRunner.TestRun.Tasks.EditModeRunTask/<Execute>d__1:MoveNext () (at ./Library/PackageCache/com.unity.test-framework@40e262928427/UnityEditor.TestRunner/TestRun/Tasks/EditModeRunTask.cs:48)
0x000001e977129d5e (Mono JIT Code) UnityEditor.TestTools.TestRunner.TestRun.TestJobRunner:ExecuteStep () (at ./Library/PackageCache/com.unity.test-framework@40e262928427/UnityEditor.TestRunner/TestRun/TestJobRunner.cs:173)
0x000001e977128953 (Mono JIT Code) UnityEditor.TestTools.TestRunner.TestRun.TestJobRunner:ExecuteCallback () (at ./Library/PackageCache/com.unity.test-framework@40e262928427/UnityEditor.TestRunner/TestRun/TestJobRunner.cs:108)
0x000001e99df821b8 (Mono JIT Code) UnityEditor.EditorApplication:Internal_CallUpdateFunctions ()
0x000001e8e6514785 (Mono JIT Code) (wrapper runtime-invoke) object:runtime_invoke_void (object,intptr,intptr,intptr)
0x00007fff3fd16e7e (mono-2.0-bdwgc) mono_jit_runtime_invoke (at C:/build/output/Unity-Technologies/mono/mono/mini/mini-runtime.c:3445)
0x00007fff3fc58874 (mono-2.0-bdwgc) do_runtime_invoke (at C:/build/output/Unity-Technologies/mono/mono/metadata/object.c:3068)
0x00007fff3fc58960 (mono-2.0-bdwgc) mono_runtime_invoke (at C:/build/output/Unity-Technologies/mono/mono/metadata/object.c:3115)
0x00007fff38e4cea4 (Unity) scripting_method_invoke
0x00007fff38e25433 (Unity) ScriptingInvocation::Invoke
0x00007fff38e20b35 (Unity) ScriptingInvocation::Invoke<void>
0x00007fff38f8b4bb (Unity) Scripting::UnityEditor::EditorApplicationProxy::Internal_CallUpdateFunctions
0x00007fff3a07e0e4 (Unity) SceneTracker::Update
0x00007fff39be1247 (Unity) Application::TickTimer
0x00007fff3a1b25ac (Unity) MainMessageLoop
0x00007fff3a1b9d1c (Unity) UnityMain
0x00007ff68b302f2a (Unity) __scrt_common_main_seh
0x00007fffddade8d7 (KERNEL32) BaseThreadInitThunk
0x00007fffde88c53c (ntdll) RtlUserThreadStart

[RecoilConfiguration] Empty or null JSON provided, returning default configuration.
0x00007fff38f222ae (Unity) StackWalker::ShowCallstack
0x00007fff38f31ee9 (Unity) PlatformStacktrace::GetStacktrace
0x00007fff3a1ac04e (Unity) Stacktrace::GetStacktrace
0x00007fff3a7859df (Unity) DebugStringToFile
0x00007fff37fd2930 (Unity) DebugLogHandler_CUSTOM_Internal_Log
0x000001e9766cbd3e (Mono JIT Code) (wrapper managed-to-native) UnityEngine.DebugLogHandler:Internal_Log_Injected (UnityEngine.LogType,UnityEngine.LogOption,UnityEngine.Bindings.ManagedSpanWrapper&,intptr)
0x000001e9766cbb43 (Mono JIT Code) UnityEngine.DebugLogHandler:Internal_Log (UnityEngine.LogType,UnityEngine.LogOption,string,UnityEngine.Object)
0x000001e9766cb7fb (Mono JIT Code) UnityEngine.DebugLogHandler:LogFormat (UnityEngine.LogType,UnityEngine.Object,string,object[])
0x000001e9766ca6ae (Mono JIT Code) UnityEngine.Logger:Log (UnityEngine.LogType,object)
0x000001e9aa2b404d (Mono JIT Code) UnityEngine.Debug:LogWarning (object)
0x000001e976d477fb (Mono JIT Code) RecoilConfiguration:FromJson (string) (at C:/Users/Ubuntu/Desktop/_DEV/AFFECT-2025-10-11/Assets/_SCRIPTS/_PLAYER/Recoil/RecoilConfiguration.cs:136)
0x000001e976d48643 (Mono JIT Code) SerializationProperties:Property16_InvalidJsonReturnsDefaultConfiguration () (at C:/Users/Ubuntu/Desktop/_DEV/AFFECT-2025-10-11/Assets/_SCRIPTS/Editor/SerializationProperties.cs:115)
0x000001e9aa264548 (Mono JIT Code) (wrapper runtime-invoke) object:runtime_invoke_void__this__ (object,intptr,intptr,intptr)
0x00007fff3fd16e7e (mono-2.0-bdwgc) mono_jit_runtime_invoke (at C:/build/output/Unity-Technologies/mono/mono/mini/mini-runtime.c:3445)
0x00007fff3fc58874 (mono-2.0-bdwgc) do_runtime_invoke (at C:/build/output/Unity-Technologies/mono/mono/metadata/object.c:3068)
0x00007fff3fc5f926 (mono-2.0-bdwgc) mono_runtime_try_invoke_array (at C:/build/output/Unity-Technologies/mono/mono/metadata/object.c:5774)
0x00007fff3fb91b81 (mono-2.0-bdwgc) ves_icall_InternalInvoke (at C:/build/output/Unity-Technologies/mono/mono/metadata/icall.c:4038)
0x00007fff3fbb7e31 (mono-2.0-bdwgc) ves_icall_InternalInvoke_raw (at C:/build/output/Unity-Technologies/mono/mono/metadata/icall-def.h:692)
0x000001e8e22b0f92 (Mono JIT Code) (wrapper managed-to-native) System.Reflection.RuntimeMethodInfo:InternalInvoke (System.Reflection.RuntimeMethodInfo,object,object[],System.Exception&)
0x000001e8e3c7ea73 (Mono JIT Code) System.Reflection.RuntimeMethodInfo:Invoke (object,System.Reflection.BindingFlags,System.Reflection.Binder,object[],System.Globalization.CultureInfo)
0x000001e8db9555ef (Mono JIT Code) System.Reflection.MethodBase:Invoke (object,object[])
0x000001e9aa26e783 (Mono JIT Code) NUnit.Framework.Internal.Reflect:InvokeMethod (System.Reflection.MethodInfo,object,object[])
0x000001e9aa2760ab (Mono JIT Code) NUnit.Framework.Internal.MethodWrapper:Invoke (object,object[])
0x000001e9aa275f8a (Mono JIT Code) NUnit.Framework.Internal.Commands.TestMethodCommand:RunNonAsyncTestMethod (NUnit.Framework.Internal.ITestExecutionContext)
0x000001e9aa275dd3 (Mono JIT Code) NUnit.Framework.Internal.Commands.TestMethodCommand:RunTestMethod (NUnit.Framework.Internal.ITestExecutionContext)
0x000001e9aa275973 (Mono JIT Code) NUnit.Framework.Internal.Commands.TestMethodCommand:Execute (NUnit.Framework.Internal.ITestExecutionContext)
0x000001e9aa27556b (Mono JIT Code) UnityEngine.TestTools.UnityTestMethodCommand:Execute (NUnit.Framework.Internal.ITestExecutionContext) (at ./Library/PackageCache/com.unity.test-framework@40e262928427/UnityEngine.TestRunner/NUnitExtensions/Commands/UnityTestMethodCommand.cs:19)
0x000001e9aa2752fb (Mono JIT Code) UnityEngine.TestRunner.NUnitExtensions.Runner.UnityLogCheckDelegatingCommand/<>c__DisplayClass2_0:<Execute>b__0 () (at ./Library/PackageCache/com.unity.test-framework@40e262928427/UnityEngine.TestRunner/NUnitExtensions/Runner/UnityLogCheckDelegatingCommand.cs:24)
0x000001e9aa275123 (Mono JIT Code) UnityEngine.TestRunner.NUnitExtensions.Runner.UnityLogCheckDelegatingCommand:CaptureException (NUnit.Framework.Internal.TestResult,System.Action) (at ./Library/PackageCache/com.unity.test-framework@40e262928427/UnityEngine.TestRunner/NUnitExtensions/Runner/UnityLogCheckDelegatingCommand.cs:72)
0x000001e9aa274fb3 (Mono JIT Code) UnityEngine.TestRunner.NUnitExtensions.Runner.UnityLogCheckDelegatingCommand:ExecuteAndCheckLog (UnityEngine.TestTools.Logging.LogScope,NUnit.Framework.Internal.TestResult,System.Action) (at ./Library/PackageCache/com.unity.test-framework@40e262928427/UnityEngine.TestRunner/NUnitExtensions/Runner/UnityLogCheckDelegatingCommand.cs:83)
0x000001e9aa274c3b (Mono JIT Code) UnityEngine.TestRunner.NUnitExtensions.Runner.UnityLogCheckDelegatingCommand:Execute (NUnit.Framework.Internal.ITestExecutionContext) (at ./Library/PackageCache/com.unity.test-framework@40e262928427/UnityEngine.TestRunner/NUnitExtensions/Runner/UnityLogCheckDelegatingCommand.cs:24)
0x000001e9aa273c19 (Mono JIT Code) UnityEngine.TestRunner.NUnitExtensions.Runner.UnityLogCheckDelegatingCommand/<ExecuteEnumerable>d__3:MoveNext () (at ./Library/PackageCache/com.unity.test-framework@40e262928427/UnityEngine.TestRunner/NUnitExtensions/Runner/UnityLogCheckDelegatingCommand.cs:35)
0x000001e9aa251e01 (Mono JIT Code) UnityEngine.TestTools.BeforeAfterTestCommandBase`1/<ExecuteEnumerable>d__16<T_REF>:MoveNext () (at ./Library/PackageCache/com.unity.test-framework@40e262928427/UnityEngine.TestRunner/NUnitExtensions/Commands/BeforeAfterTestCommandBase.cs:212)
0x000001e9aa272fb6 (Mono JIT Code) UnityEngine.TestTools.ImmediateEnumerableCommand:Execute (NUnit.Framework.Internal.ITestExecutionContext) (at ./Library/PackageCache/com.unity.test-framework@40e262928427/UnityEngine.TestRunner/NUnitExtensions/Commands/ImmediateEnumerableCommand.cs:18)
0x000001e9aa251f01 (Mono JIT Code) UnityEngine.TestTools.BeforeAfterTestCommandBase`1/<ExecuteEnumerable>d__16<T_REF>:MoveNext () (at ./Library/PackageCache/com.unity.test-framework@40e262928427/UnityEngine.TestRunner/NUnitExtensions/Commands/BeforeAfterTestCommandBase.cs:219)
0x000001e9aa251e01 (Mono JIT Code) UnityEngine.TestTools.BeforeAfterTestCommandBase`1/<ExecuteEnumerable>d__16<T_REF>:MoveNext () (at ./Library/PackageCache/com.unity.test-framework@40e262928427/UnityEngine.TestRunner/NUnitExtensions/Commands/BeforeAfterTestCommandBase.cs:212)
0x000001e9aa251e01 (Mono JIT Code) UnityEngine.TestTools.BeforeAfterTestCommandBase`1/<ExecuteEnumerable>d__16<T_REF>:MoveNext () (at ./Library/PackageCache/com.unity.test-framework@40e262928427/UnityEngine.TestRunner/NUnitExtensions/Commands/BeforeAfterTestCommandBase.cs:212)
0x000001e9aa26b457 (Mono JIT Code) UnityEngine.TestTools.RetryCommand/<ExecuteEnumerable>d__2:MoveNext () (at ./Library/PackageCache/com.unity.test-framework@40e262928427/UnityEngine.TestRunner/NUnitExtensions/Commands/RetryCommand.cs:37)
0x000001e9aa269f2f (Mono JIT Code) UnityEngine.TestTools.RepeatCommand/<ExecuteEnumerable>d__2:MoveNext () (at ./Library/PackageCache/com.unity.test-framework@40e262928427/UnityEngine.TestRunner/NUnitExtensions/Commands/RepeatCommand.cs:36)
0x000001e9aa268fa6 (Mono JIT Code) UnityEngine.TestTools.IgnoreTestCommand/<ExecuteEnumerable>d__3:MoveNext () (at ./Library/PackageCache/com.unity.test-framework@40e262928427/UnityEngine.TestRunner/NUnitExtensions/Commands/IgnoreTestCommand.cs:42)
0x000001e9aa267c7f (Mono JIT Code) UnityEngine.TestTools.StrictCheckCommand/<ExecuteEnumerable>d__2:MoveNext () (at ./Library/PackageCache/com.unity.test-framework@40e262928427/UnityEngine.TestRunner/NUnitExtensions/Commands/StrictCheckCommand.cs:29)
0x000001e9aa266fe1 (Mono JIT Code) UnityEngine.TestRunner.NUnitExtensions.Runner.DefaultTestWorkItem/<PerformWork>d__2:MoveNext () (at ./Library/PackageCache/com.unity.test-framework@40e262928427/UnityEngine.TestRunner/NUnitExtensions/Runner/DefaultTestWorkItem.cs:50)
0x000001e9aa255e12 (Mono JIT Code) UnityEngine.TestRunner.NUnitExtensions.Runner.CompositeWorkItem/<RunChildren>d__17:MoveNext () (at ./Library/PackageCache/com.unity.test-framework@40e262928427/UnityEngine.TestRunner/NUnitExtensions/Runner/CompositeWorkItem.cs:207)
0x000001e9aa247756 (Mono JIT Code) UnityEngine.TestRunner.NUnitExtensions.Runner.CompositeWorkItem/<PerformWork>d__13:MoveNext () (at ./Library/PackageCache/com.unity.test-framework@40e262928427/UnityEngine.TestRunner/NUnitExtensions/Runner/CompositeWorkItem.cs:82)
0x000001e9aa255e12 (Mono JIT Code) UnityEngine.TestRunner.NUnitExtensions.Runner.CompositeWorkItem/<RunChildren>d__17:MoveNext () (at ./Library/PackageCache/com.unity.test-framework@40e262928427/UnityEngine.TestRunner/NUnitExtensions/Runner/CompositeWorkItem.cs:207)
0x000001e9aa247756 (Mono JIT Code) UnityEngine.TestRunner.NUnitExtensions.Runner.CompositeWorkItem/<PerformWork>d__13:MoveNext () (at ./Library/PackageCache/com.unity.test-framework@40e262928427/UnityEngine.TestRunner/NUnitExtensions/Runner/CompositeWorkItem.cs:82)
0x000001e9aa255e12 (Mono JIT Code) UnityEngine.TestRunner.NUnitExtensions.Runner.CompositeWorkItem/<RunChildren>d__17:MoveNext () (at ./Library/PackageCache/com.unity.test-framework@40e262928427/UnityEngine.TestRunner/NUnitExtensions/Runner/CompositeWorkItem.cs:207)
0x000001e9aa247756 (Mono JIT Code) UnityEngine.TestRunner.NUnitExtensions.Runner.CompositeWorkItem/<PerformWork>d__13:MoveNext () (at ./Library/PackageCache/com.unity.test-framework@40e262928427/UnityEngine.TestRunner/NUnitExtensions/Runner/CompositeWorkItem.cs:82)
0x000001e9aa245fcc (Mono JIT Code) UnityEditor.TestTools.TestRunner.EditModeRunner:MoveNextAndUpdateYieldObject () (at ./Library/PackageCache/com.unity.test-framework@40e262928427/UnityEditor.TestRunner/TestRunner/EditModeRunner.cs:167)
0x000001e9aa245b7b (Mono JIT Code) UnityEditor.TestTools.TestRunner.EditModeRunner:TestConsumer (UnityEditor.TestTools.TestRunner.TestRunnerStateSerializer) (at ./Library/PackageCache/com.unity.test-framework@40e262928427/UnityEditor.TestRunner/TestRunner/EditModeRunner.cs:200)
0x000001e9aa23c173 (Mono JIT Code) UnityEditor.TestTools.TestRunner.TestRun.Tasks.EditModeRunTask/<Execute>d__1:MoveNext () (at ./Library/PackageCache/com.unity.test-framework@40e262928427/UnityEditor.TestRunner/TestRun/Tasks/EditModeRunTask.cs:48)
0x000001e977129d5e (Mono JIT Code) UnityEditor.TestTools.TestRunner.TestRun.TestJobRunner:ExecuteStep () (at ./Library/PackageCache/com.unity.test-framework@40e262928427/UnityEditor.TestRunner/TestRun/TestJobRunner.cs:173)
0x000001e977128953 (Mono JIT Code) UnityEditor.TestTools.TestRunner.TestRun.TestJobRunner:ExecuteCallback () (at ./Library/PackageCache/com.unity.test-framework@40e262928427/UnityEditor.TestRunner/TestRun/TestJobRunner.cs:108)
0x000001e99df821b8 (Mono JIT Code) UnityEditor.EditorApplication:Internal_CallUpdateFunctions ()
0x000001e8e6514785 (Mono JIT Code) (wrapper runtime-invoke) object:runtime_invoke_void (object,intptr,intptr,intptr)
0x00007fff3fd16e7e (mono-2.0-bdwgc) mono_jit_runtime_invoke (at C:/build/output/Unity-Technologies/mono/mono/mini/mini-runtime.c:3445)
0x00007fff3fc58874 (mono-2.0-bdwgc) do_runtime_invoke (at C:/build/output/Unity-Technologies/mono/mono/metadata/object.c:3068)
0x00007fff3fc58960 (mono-2.0-bdwgc) mono_runtime_invoke (at C:/build/output/Unity-Technologies/mono/mono/metadata/object.c:3115)
0x00007fff38e4cea4 (Unity) scripting_method_invoke
0x00007fff38e25433 (Unity) ScriptingInvocation::Invoke
0x00007fff38e20b35 (Unity) ScriptingInvocation::Invoke<void>
0x00007fff38f8b4bb (Unity) Scripting::UnityEditor::EditorApplicationProxy::Internal_CallUpdateFunctions
0x00007fff3a07e0e4 (Unity) SceneTracker::Update
0x00007fff39be1247 (Unity) Application::TickTimer
0x00007fff3a1b25ac (Unity) MainMessageLoop
0x00007fff3a1b9d1c (Unity) UnityMain
0x00007ff68b302f2a (Unity) __scrt_common_main_seh
0x00007fffddade8d7 (KERNEL32) BaseThreadInitThunk
0x00007fffde88c53c (ntdll) RtlUserThreadStart

[RecoilConfiguration] Failed to deserialize JSON: JSON parse error: Invalid value.. Returning default configuration.
0x00007fff38f222ae (Unity) StackWalker::ShowCallstack
0x00007fff38f31ee9 (Unity) PlatformStacktrace::GetStacktrace
0x00007fff3a1ac04e (Unity) Stacktrace::GetStacktrace
0x00007fff3a7859df (Unity) DebugStringToFile
0x00007fff37fd2930 (Unity) DebugLogHandler_CUSTOM_Internal_Log
0x000001e9766cbd3e (Mono JIT Code) (wrapper managed-to-native) UnityEngine.DebugLogHandler:Internal_Log_Injected (UnityEngine.LogType,UnityEngine.LogOption,UnityEngine.Bindings.ManagedSpanWrapper&,intptr)
0x000001e9766cbb43 (Mono JIT Code) UnityEngine.DebugLogHandler:Internal_Log (UnityEngine.LogType,UnityEngine.LogOption,string,UnityEngine.Object)
0x000001e9766cb7fb (Mono JIT Code) UnityEngine.DebugLogHandler:LogFormat (UnityEngine.LogType,UnityEngine.Object,string,object[])
0x000001e9766ca6ae (Mono JIT Code) UnityEngine.Logger:Log (UnityEngine.LogType,object)
0x000001e9aa2b404d (Mono JIT Code) UnityEngine.Debug:LogWarning (object)
0x000001e976d47adb (Mono JIT Code) RecoilConfiguration:FromJson (string) (at C:/Users/Ubuntu/Desktop/_DEV/AFFECT-2025-10-11/Assets/_SCRIPTS/_PLAYER/Recoil/RecoilConfiguration.cs:152)
0x000001e976d48643 (Mono JIT Code) SerializationProperties:Property16_InvalidJsonReturnsDefaultConfiguration () (at C:/Users/Ubuntu/Desktop/_DEV/AFFECT-2025-10-11/Assets/_SCRIPTS/Editor/SerializationProperties.cs:115)
0x000001e9aa264548 (Mono JIT Code) (wrapper runtime-invoke) object:runtime_invoke_void__this__ (object,intptr,intptr,intptr)
0x00007fff3fd16e7e (mono-2.0-bdwgc) mono_jit_runtime_invoke (at C:/build/output/Unity-Technologies/mono/mono/mini/mini-runtime.c:3445)
0x00007fff3fc58874 (mono-2.0-bdwgc) do_runtime_invoke (at C:/build/output/Unity-Technologies/mono/mono/metadata/object.c:3068)
0x00007fff3fc5f926 (mono-2.0-bdwgc) mono_runtime_try_invoke_array (at C:/build/output/Unity-Technologies/mono/mono/metadata/object.c:5774)
0x00007fff3fb91b81 (mono-2.0-bdwgc) ves_icall_InternalInvoke (at C:/build/output/Unity-Technologies/mono/mono/metadata/icall.c:4038)
0x00007fff3fbb7e31 (mono-2.0-bdwgc) ves_icall_InternalInvoke_raw (at C:/build/output/Unity-Technologies/mono/mono/metadata/icall-def.h:692)
0x000001e8e22b0f92 (Mono JIT Code) (wrapper managed-to-native) System.Reflection.RuntimeMethodInfo:InternalInvoke (System.Reflection.RuntimeMethodInfo,object,object[],System.Exception&)
0x000001e8e3c7ea73 (Mono JIT Code) System.Reflection.RuntimeMethodInfo:Invoke (object,System.Reflection.BindingFlags,System.Reflection.Binder,object[],System.Globalization.CultureInfo)
0x000001e8db9555ef (Mono JIT Code) System.Reflection.MethodBase:Invoke (object,object[])
0x000001e9aa26e783 (Mono JIT Code) NUnit.Framework.Internal.Reflect:InvokeMethod (System.Reflection.MethodInfo,object,object[])
0x000001e9aa2760ab (Mono JIT Code) NUnit.Framework.Internal.MethodWrapper:Invoke (object,object[])
0x000001e9aa275f8a (Mono JIT Code) NUnit.Framework.Internal.Commands.TestMethodCommand:RunNonAsyncTestMethod (NUnit.Framework.Internal.ITestExecutionContext)
0x000001e9aa275dd3 (Mono JIT Code) NUnit.Framework.Internal.Commands.TestMethodCommand:RunTestMethod (NUnit.Framework.Internal.ITestExecutionContext)
0x000001e9aa275973 (Mono JIT Code) NUnit.Framework.Internal.Commands.TestMethodCommand:Execute (NUnit.Framework.Internal.ITestExecutionContext)
0x000001e9aa27556b (Mono JIT Code) UnityEngine.TestTools.UnityTestMethodCommand:Execute (NUnit.Framework.Internal.ITestExecutionContext) (at ./Library/PackageCache/com.unity.test-framework@40e262928427/UnityEngine.TestRunner/NUnitExtensions/Commands/UnityTestMethodCommand.cs:19)
0x000001e9aa2752fb (Mono JIT Code) UnityEngine.TestRunner.NUnitExtensions.Runner.UnityLogCheckDelegatingCommand/<>c__DisplayClass2_0:<Execute>b__0 () (at ./Library/PackageCache/com.unity.test-framework@40e262928427/UnityEngine.TestRunner/NUnitExtensions/Runner/UnityLogCheckDelegatingCommand.cs:24)
0x000001e9aa275123 (Mono JIT Code) UnityEngine.TestRunner.NUnitExtensions.Runner.UnityLogCheckDelegatingCommand:CaptureException (NUnit.Framework.Internal.TestResult,System.Action) (at ./Library/PackageCache/com.unity.test-framework@40e262928427/UnityEngine.TestRunner/NUnitExtensions/Runner/UnityLogCheckDelegatingCommand.cs:72)
0x000001e9aa274fb3 (Mono JIT Code) UnityEngine.TestRunner.NUnitExtensions.Runner.UnityLogCheckDelegatingCommand:ExecuteAndCheckLog (UnityEngine.TestTools.Logging.LogScope,NUnit.Framework.Internal.TestResult,System.Action) (at ./Library/PackageCache/com.unity.test-framework@40e262928427/UnityEngine.TestRunner/NUnitExtensions/Runner/UnityLogCheckDelegatingCommand.cs:83)
0x000001e9aa274c3b (Mono JIT Code) UnityEngine.TestRunner.NUnitExtensions.Runner.UnityLogCheckDelegatingCommand:Execute (NUnit.Framework.Internal.ITestExecutionContext) (at ./Library/PackageCache/com.unity.test-framework@40e262928427/UnityEngine.TestRunner/NUnitExtensions/Runner/UnityLogCheckDelegatingCommand.cs:24)
0x000001e9aa273c19 (Mono JIT Code) UnityEngine.TestRunner.NUnitExtensions.Runner.UnityLogCheckDelegatingCommand/<ExecuteEnumerable>d__3:MoveNext () (at ./Library/PackageCache/com.unity.test-framework@40e262928427/UnityEngine.TestRunner/NUnitExtensions/Runner/UnityLogCheckDelegatingCommand.cs:35)
0x000001e9aa251e01 (Mono JIT Code) UnityEngine.TestTools.BeforeAfterTestCommandBase`1/<ExecuteEnumerable>d__16<T_REF>:MoveNext () (at ./Library/PackageCache/com.unity.test-framework@40e262928427/UnityEngine.TestRunner/NUnitExtensions/Commands/BeforeAfterTestCommandBase.cs:212)
0x000001e9aa272fb6 (Mono JIT Code) UnityEngine.TestTools.ImmediateEnumerableCommand:Execute (NUnit.Framework.Internal.ITestExecutionContext) (at ./Library/PackageCache/com.unity.test-framework@40e262928427/UnityEngine.TestRunner/NUnitExtensions/Commands/ImmediateEnumerableCommand.cs:18)
0x000001e9aa251f01 (Mono JIT Code) UnityEngine.TestTools.BeforeAfterTestCommandBase`1/<ExecuteEnumerable>d__16<T_REF>:MoveNext () (at ./Library/PackageCache/com.unity.test-framework@40e262928427/UnityEngine.TestRunner/NUnitExtensions/Commands/BeforeAfterTestCommandBase.cs:219)
0x000001e9aa251e01 (Mono JIT Code) UnityEngine.TestTools.BeforeAfterTestCommandBase`1/<ExecuteEnumerable>d__16<T_REF>:MoveNext () (at ./Library/PackageCache/com.unity.test-framework@40e262928427/UnityEngine.TestRunner/NUnitExtensions/Commands/BeforeAfterTestCommandBase.cs:212)
0x000001e9aa251e01 (Mono JIT Code) UnityEngine.TestTools.BeforeAfterTestCommandBase`1/<ExecuteEnumerable>d__16<T_REF>:MoveNext () (at ./Library/PackageCache/com.unity.test-framework@40e262928427/UnityEngine.TestRunner/NUnitExtensions/Commands/BeforeAfterTestCommandBase.cs:212)
0x000001e9aa26b457 (Mono JIT Code) UnityEngine.TestTools.RetryCommand/<ExecuteEnumerable>d__2:MoveNext () (at ./Library/PackageCache/com.unity.test-framework@40e262928427/UnityEngine.TestRunner/NUnitExtensions/Commands/RetryCommand.cs:37)
0x000001e9aa269f2f (Mono JIT Code) UnityEngine.TestTools.RepeatCommand/<ExecuteEnumerable>d__2:MoveNext () (at ./Library/PackageCache/com.unity.test-framework@40e262928427/UnityEngine.TestRunner/NUnitExtensions/Commands/RepeatCommand.cs:36)
0x000001e9aa268fa6 (Mono JIT Code) UnityEngine.TestTools.IgnoreTestCommand/<ExecuteEnumerable>d__3:MoveNext () (at ./Library/PackageCache/com.unity.test-framework@40e262928427/UnityEngine.TestRunner/NUnitExtensions/Commands/IgnoreTestCommand.cs:42)
0x000001e9aa267c7f (Mono JIT Code) UnityEngine.TestTools.StrictCheckCommand/<ExecuteEnumerable>d__2:MoveNext () (at ./Library/PackageCache/com.unity.test-framework@40e262928427/UnityEngine.TestRunner/NUnitExtensions/Commands/StrictCheckCommand.cs:29)
0x000001e9aa266fe1 (Mono JIT Code) UnityEngine.TestRunner.NUnitExtensions.Runner.DefaultTestWorkItem/<PerformWork>d__2:MoveNext () (at ./Library/PackageCache/com.unity.test-framework@40e262928427/UnityEngine.TestRunner/NUnitExtensions/Runner/DefaultTestWorkItem.cs:50)
0x000001e9aa255e12 (Mono JIT Code) UnityEngine.TestRunner.NUnitExtensions.Runner.CompositeWorkItem/<RunChildren>d__17:MoveNext () (at ./Library/PackageCache/com.unity.test-framework@40e262928427/UnityEngine.TestRunner/NUnitExtensions/Runner/CompositeWorkItem.cs:207)
0x000001e9aa247756 (Mono JIT Code) UnityEngine.TestRunner.NUnitExtensions.Runner.CompositeWorkItem/<PerformWork>d__13:MoveNext () (at ./Library/PackageCache/com.unity.test-framework@40e262928427/UnityEngine.TestRunner/NUnitExtensions/Runner/CompositeWorkItem.cs:82)
0x000001e9aa255e12 (Mono JIT Code) UnityEngine.TestRunner.NUnitExtensions.Runner.CompositeWorkItem/<RunChildren>d__17:MoveNext () (at ./Library/PackageCache/com.unity.test-framework@40e262928427/UnityEngine.TestRunner/NUnitExtensions/Runner/CompositeWorkItem.cs:207)
0x000001e9aa247756 (Mono JIT Code) UnityEngine.TestRunner.NUnitExtensions.Runner.CompositeWorkItem/<PerformWork>d__13:MoveNext () (at ./Library/PackageCache/com.unity.test-framework@40e262928427/UnityEngine.TestRunner/NUnitExtensions/Runner/CompositeWorkItem.cs:82)
0x000001e9aa255e12 (Mono JIT Code) UnityEngine.TestRunner.NUnitExtensions.Runner.CompositeWorkItem/<RunChildren>d__17:MoveNext () (at ./Library/PackageCache/com.unity.test-framework@40e262928427/UnityEngine.TestRunner/NUnitExtensions/Runner/CompositeWorkItem.cs:207)
0x000001e9aa247756 (Mono JIT Code) UnityEngine.TestRunner.NUnitExtensions.Runner.CompositeWorkItem/<PerformWork>d__13:MoveNext () (at ./Library/PackageCache/com.unity.test-framework@40e262928427/UnityEngine.TestRunner/NUnitExtensions/Runner/CompositeWorkItem.cs:82)
0x000001e9aa245fcc (Mono JIT Code) UnityEditor.TestTools.TestRunner.EditModeRunner:MoveNextAndUpdateYieldObject () (at ./Library/PackageCache/com.unity.test-framework@40e262928427/UnityEditor.TestRunner/TestRunner/EditModeRunner.cs:167)
0x000001e9aa245b7b (Mono JIT Code) UnityEditor.TestTools.TestRunner.EditModeRunner:TestConsumer (UnityEditor.TestTools.TestRunner.TestRunnerStateSerializer) (at ./Library/PackageCache/com.unity.test-framework@40e262928427/UnityEditor.TestRunner/TestRunner/EditModeRunner.cs:200)
0x000001e9aa23c173 (Mono JIT Code) UnityEditor.TestTools.TestRunner.TestRun.Tasks.EditModeRunTask/<Execute>d__1:MoveNext () (at ./Library/PackageCache/com.unity.test-framework@40e262928427/UnityEditor.TestRunner/TestRun/Tasks/EditModeRunTask.cs:48)
0x000001e977129d5e (Mono JIT Code) UnityEditor.TestTools.TestRunner.TestRun.TestJobRunner:ExecuteStep () (at ./Library/PackageCache/com.unity.test-framework@40e262928427/UnityEditor.TestRunner/TestRun/TestJobRunner.cs:173)
0x000001e977128953 (Mono JIT Code) UnityEditor.TestTools.TestRunner.TestRun.TestJobRunner:ExecuteCallback () (at ./Library/PackageCache/com.unity.test-framework@40e262928427/UnityEditor.TestRunner/TestRun/TestJobRunner.cs:108)
0x000001e99df821b8 (Mono JIT Code) UnityEditor.EditorApplication:Internal_CallUpdateFunctions ()
0x000001e8e6514785 (Mono JIT Code) (wrapper runtime-invoke) object:runtime_invoke_void (object,intptr,intptr,intptr)
0x00007fff3fd16e7e (mono-2.0-bdwgc) mono_jit_runtime_invoke (at C:/build/output/Unity-Technologies/mono/mono/mini/mini-runtime.c:3445)
0x00007fff3fc58874 (mono-2.0-bdwgc) do_runtime_invoke (at C:/build/output/Unity-Technologies/mono/mono/metadata/object.c:3068)
0x00007fff3fc58960 (mono-2.0-bdwgc) mono_runtime_invoke (at C:/build/output/Unity-Technologies/mono/mono/metadata/object.c:3115)
0x00007fff38e4cea4 (Unity) scripting_method_invoke
0x00007fff38e25433 (Unity) ScriptingInvocation::Invoke
0x00007fff38e20b35 (Unity) ScriptingInvocation::Invoke<void>
0x00007fff38f8b4bb (Unity) Scripting::UnityEditor::EditorApplicationProxy::Internal_CallUpdateFunctions
0x00007fff3a07e0e4 (Unity) SceneTracker::Update
0x00007fff39be1247 (Unity) Application::TickTimer
0x00007fff3a1b25ac (Unity) MainMessageLoop
0x00007fff3a1b9d1c (Unity) UnityMain
0x00007ff68b302f2a (Unity) __scrt_common_main_seh
0x00007fffddade8d7 (KERNEL32) BaseThreadInitThunk
0x00007fffde88c53c (ntdll) RtlUserThreadStart

[RecoilConfiguration] Empty or null JSON provided, returning default configuration.
0x00007fff38f222ae (Unity) StackWalker::ShowCallstack
0x00007fff38f31ee9 (Unity) PlatformStacktrace::GetStacktrace
0x00007fff3a1ac04e (Unity) Stacktrace::GetStacktrace
0x00007fff3a7859df (Unity) DebugStringToFile
0x00007fff37fd2930 (Unity) DebugLogHandler_CUSTOM_Internal_Log
0x000001e9766cbd3e (Mono JIT Code) (wrapper managed-to-native) UnityEngine.DebugLogHandler:Internal_Log_Injected (UnityEngine.LogType,UnityEngine.LogOption,UnityEngine.Bindings.ManagedSpanWrapper&,intptr)
0x000001e9766cbb43 (Mono JIT Code) UnityEngine.DebugLogHandler:Internal_Log (UnityEngine.LogType,UnityEngine.LogOption,string,UnityEngine.Object)
0x000001e9766cb7fb (Mono JIT Code) UnityEngine.DebugLogHandler:LogFormat (UnityEngine.LogType,UnityEngine.Object,string,object[])
0x000001e9766ca6ae (Mono JIT Code) UnityEngine.Logger:Log (UnityEngine.LogType,object)
0x000001e9aa2b404d (Mono JIT Code) UnityEngine.Debug:LogWarning (object)
0x000001e976d477fb (Mono JIT Code) RecoilConfiguration:FromJson (string) (at C:/Users/Ubuntu/Desktop/_DEV/AFFECT-2025-10-11/Assets/_SCRIPTS/_PLAYER/Recoil/RecoilConfiguration.cs:136)
0x000001e976d48643 (Mono JIT Code) SerializationProperties:Property16_InvalidJsonReturnsDefaultConfiguration () (at C:/Users/Ubuntu/Desktop/_DEV/AFFECT-2025-10-11/Assets/_SCRIPTS/Editor/SerializationProperties.cs:115)
0x000001e9aa264548 (Mono JIT Code) (wrapper runtime-invoke) object:runtime_invoke_void__this__ (object,intptr,intptr,intptr)
0x00007fff3fd16e7e (mono-2.0-bdwgc) mono_jit_runtime_invoke (at C:/build/output/Unity-Technologies/mono/mono/mini/mini-runtime.c:3445)
0x00007fff3fc58874 (mono-2.0-bdwgc) do_runtime_invoke (at C:/build/output/Unity-Technologies/mono/mono/metadata/object.c:3068)
0x00007fff3fc5f926 (mono-2.0-bdwgc) mono_runtime_try_invoke_array (at C:/build/output/Unity-Technologies/mono/mono/metadata/object.c:5774)
0x00007fff3fb91b81 (mono-2.0-bdwgc) ves_icall_InternalInvoke (at C:/build/output/Unity-Technologies/mono/mono/metadata/icall.c:4038)
0x00007fff3fbb7e31 (mono-2.0-bdwgc) ves_icall_InternalInvoke_raw (at C:/build/output/Unity-Technologies/mono/mono/metadata/icall-def.h:692)
0x000001e8e22b0f92 (Mono JIT Code) (wrapper managed-to-native) System.Reflection.RuntimeMethodInfo:InternalInvoke (System.Reflection.RuntimeMethodInfo,object,object[],System.Exception&)
0x000001e8e3c7ea73 (Mono JIT Code) System.Reflection.RuntimeMethodInfo:Invoke (object,System.Reflection.BindingFlags,System.Reflection.Binder,object[],System.Globalization.CultureInfo)
0x000001e8db9555ef (Mono JIT Code) System.Reflection.MethodBase:Invoke (object,object[])
0x000001e9aa26e783 (Mono JIT Code) NUnit.Framework.Internal.Reflect:InvokeMethod (System.Reflection.MethodInfo,object,object[])
0x000001e9aa2760ab (Mono JIT Code) NUnit.Framework.Internal.MethodWrapper:Invoke (object,object[])
0x000001e9aa275f8a (Mono JIT Code) NUnit.Framework.Internal.Commands.TestMethodCommand:RunNonAsyncTestMethod (NUnit.Framework.Internal.ITestExecutionContext)
0x000001e9aa275dd3 (Mono JIT Code) NUnit.Framework.Internal.Commands.TestMethodCommand:RunTestMethod (NUnit.Framework.Internal.ITestExecutionContext)
0x000001e9aa275973 (Mono JIT Code) NUnit.Framework.Internal.Commands.TestMethodCommand:Execute (NUnit.Framework.Internal.ITestExecutionContext)
0x000001e9aa27556b (Mono JIT Code) UnityEngine.TestTools.UnityTestMethodCommand:Execute (NUnit.Framework.Internal.ITestExecutionContext) (at ./Library/PackageCache/com.unity.test-framework@40e262928427/UnityEngine.TestRunner/NUnitExtensions/Commands/UnityTestMethodCommand.cs:19)
0x000001e9aa2752fb (Mono JIT Code) UnityEngine.TestRunner.NUnitExtensions.Runner.UnityLogCheckDelegatingCommand/<>c__DisplayClass2_0:<Execute>b__0 () (at ./Library/PackageCache/com.unity.test-framework@40e262928427/UnityEngine.TestRunner/NUnitExtensions/Runner/UnityLogCheckDelegatingCommand.cs:24)
0x000001e9aa275123 (Mono JIT Code) UnityEngine.TestRunner.NUnitExtensions.Runner.UnityLogCheckDelegatingCommand:CaptureException (NUnit.Framework.Internal.TestResult,System.Action) (at ./Library/PackageCache/com.unity.test-framework@40e262928427/UnityEngine.TestRunner/NUnitExtensions/Runner/UnityLogCheckDelegatingCommand.cs:72)
0x000001e9aa274fb3 (Mono JIT Code) UnityEngine.TestRunner.NUnitExtensions.Runner.UnityLogCheckDelegatingCommand:ExecuteAndCheckLog (UnityEngine.TestTools.Logging.LogScope,NUnit.Framework.Internal.TestResult,System.Action) (at ./Library/PackageCache/com.unity.test-framework@40e262928427/UnityEngine.TestRunner/NUnitExtensions/Runner/UnityLogCheckDelegatingCommand.cs:83)
0x000001e9aa274c3b (Mono JIT Code) UnityEngine.TestRunner.NUnitExtensions.Runner.UnityLogCheckDelegatingCommand:Execute (NUnit.Framework.Internal.ITestExecutionContext) (at ./Library/PackageCache/com.unity.test-framework@40e262928427/UnityEngine.TestRunner/NUnitExtensions/Runner/UnityLogCheckDelegatingCommand.cs:24)
0x000001e9aa273c19 (Mono JIT Code) UnityEngine.TestRunner.NUnitExtensions.Runner.UnityLogCheckDelegatingCommand/<ExecuteEnumerable>d__3:MoveNext () (at ./Library/PackageCache/com.unity.test-framework@40e262928427/UnityEngine.TestRunner/NUnitExtensions/Runner/UnityLogCheckDelegatingCommand.cs:35)
0x000001e9aa251e01 (Mono JIT Code) UnityEngine.TestTools.BeforeAfterTestCommandBase`1/<ExecuteEnumerable>d__16<T_REF>:MoveNext () (at ./Library/PackageCache/com.unity.test-framework@40e262928427/UnityEngine.TestRunner/NUnitExtensions/Commands/BeforeAfterTestCommandBase.cs:212)
0x000001e9aa272fb6 (Mono JIT Code) UnityEngine.TestTools.ImmediateEnumerableCommand:Execute (NUnit.Framework.Internal.ITestExecutionContext) (at ./Library/PackageCache/com.unity.test-framework@40e262928427/UnityEngine.TestRunner/NUnitExtensions/Commands/ImmediateEnumerableCommand.cs:18)
0x000001e9aa251f01 (Mono JIT Code) UnityEngine.TestTools.BeforeAfterTestCommandBase`1/<ExecuteEnumerable>d__16<T_REF>:MoveNext () (at ./Library/PackageCache/com.unity.test-framework@40e262928427/UnityEngine.TestRunner/NUnitExtensions/Commands/BeforeAfterTestCommandBase.cs:219)
0x000001e9aa251e01 (Mono JIT Code) UnityEngine.TestTools.BeforeAfterTestCommandBase`1/<ExecuteEnumerable>d__16<T_REF>:MoveNext () (at ./Library/PackageCache/com.unity.test-framework@40e262928427/UnityEngine.TestRunner/NUnitExtensions/Commands/BeforeAfterTestCommandBase.cs:212)
0x000001e9aa251e01 (Mono JIT Code) UnityEngine.TestTools.BeforeAfterTestCommandBase`1/<ExecuteEnumerable>d__16<T_REF>:MoveNext () (at ./Library/PackageCache/com.unity.test-framework@40e262928427/UnityEngine.TestRunner/NUnitExtensions/Commands/BeforeAfterTestCommandBase.cs:212)
0x000001e9aa26b457 (Mono JIT Code) UnityEngine.TestTools.RetryCommand/<ExecuteEnumerable>d__2:MoveNext () (at ./Library/PackageCache/com.unity.test-framework@40e262928427/UnityEngine.TestRunner/NUnitExtensions/Commands/RetryCommand.cs:37)
0x000001e9aa269f2f (Mono JIT Code) UnityEngine.TestTools.RepeatCommand/<ExecuteEnumerable>d__2:MoveNext () (at ./Library/PackageCache/com.unity.test-framework@40e262928427/UnityEngine.TestRunner/NUnitExtensions/Commands/RepeatCommand.cs:36)
0x000001e9aa268fa6 (Mono JIT Code) UnityEngine.TestTools.IgnoreTestCommand/<ExecuteEnumerable>d__3:MoveNext () (at ./Library/PackageCache/com.unity.test-framework@40e262928427/UnityEngine.TestRunner/NUnitExtensions/Commands/IgnoreTestCommand.cs:42)
0x000001e9aa267c7f (Mono JIT Code) UnityEngine.TestTools.StrictCheckCommand/<ExecuteEnumerable>d__2:MoveNext () (at ./Library/PackageCache/com.unity.test-framework@40e262928427/UnityEngine.TestRunner/NUnitExtensions/Commands/StrictCheckCommand.cs:29)
0x000001e9aa266fe1 (Mono JIT Code) UnityEngine.TestRunner.NUnitExtensions.Runner.DefaultTestWorkItem/<PerformWork>d__2:MoveNext () (at ./Library/PackageCache/com.unity.test-framework@40e262928427/UnityEngine.TestRunner/NUnitExtensions/Runner/DefaultTestWorkItem.cs:50)
0x000001e9aa255e12 (Mono JIT Code) UnityEngine.TestRunner.NUnitExtensions.Runner.CompositeWorkItem/<RunChildren>d__17:MoveNext () (at ./Library/PackageCache/com.unity.test-framework@40e262928427/UnityEngine.TestRunner/NUnitExtensions/Runner/CompositeWorkItem.cs:207)
0x000001e9aa247756 (Mono JIT Code) UnityEngine.TestRunner.NUnitExtensions.Runner.CompositeWorkItem/<PerformWork>d__13:MoveNext () (at ./Library/PackageCache/com.unity.test-framework@40e262928427/UnityEngine.TestRunner/NUnitExtensions/Runner/CompositeWorkItem.cs:82)
0x000001e9aa255e12 (Mono JIT Code) UnityEngine.TestRunner.NUnitExtensions.Runner.CompositeWorkItem/<RunChildren>d__17:MoveNext () (at ./Library/PackageCache/com.unity.test-framework@40e262928427/UnityEngine.TestRunner/NUnitExtensions/Runner/CompositeWorkItem.cs:207)
0x000001e9aa247756 (Mono JIT Code) UnityEngine.TestRunner.NUnitExtensions.Runner.CompositeWorkItem/<PerformWork>d__13:MoveNext () (at ./Library/PackageCache/com.unity.test-framework@40e262928427/UnityEngine.TestRunner/NUnitExtensions/Runner/CompositeWorkItem.cs:82)
0x000001e9aa255e12 (Mono JIT Code) UnityEngine.TestRunner.NUnitExtensions.Runner.CompositeWorkItem/<RunChildren>d__17:MoveNext () (at ./Library/PackageCache/com.unity.test-framework@40e262928427/UnityEngine.TestRunner/NUnitExtensions/Runner/CompositeWorkItem.cs:207)
0x000001e9aa247756 (Mono JIT Code) UnityEngine.TestRunner.NUnitExtensions.Runner.CompositeWorkItem/<PerformWork>d__13:MoveNext () (at ./Library/PackageCache/com.unity.test-framework@40e262928427/UnityEngine.TestRunner/NUnitExtensions/Runner/CompositeWorkItem.cs:82)
0x000001e9aa245fcc (Mono JIT Code) UnityEditor.TestTools.TestRunner.EditModeRunner:MoveNextAndUpdateYieldObject () (at ./Library/PackageCache/com.unity.test-framework@40e262928427/UnityEditor.TestRunner/TestRunner/EditModeRunner.cs:167)
0x000001e9aa245b7b (Mono JIT Code) UnityEditor.TestTools.TestRunner.EditModeRunner:TestConsumer (UnityEditor.TestTools.TestRunner.TestRunnerStateSerializer) (at ./Library/PackageCache/com.unity.test-framework@40e262928427/UnityEditor.TestRunner/TestRunner/EditModeRunner.cs:200)
0x000001e9aa23c173 (Mono JIT Code) UnityEditor.TestTools.TestRunner.TestRun.Tasks.EditModeRunTask/<Execute>d__1:MoveNext () (at ./Library/PackageCache/com.unity.test-framework@40e262928427/UnityEditor.TestRunner/TestRun/Tasks/EditModeRunTask.cs:48)
0x000001e977129d5e (Mono JIT Code) UnityEditor.TestTools.TestRunner.TestRun.TestJobRunner:ExecuteStep () (at ./Library/PackageCache/com.unity.test-framework@40e262928427/UnityEditor.TestRunner/TestRun/TestJobRunner.cs:173)
0x000001e977128953 (Mono JIT Code) UnityEditor.TestTools.TestRunner.TestRun.TestJobRunner:ExecuteCallback () (at ./Library/PackageCache/com.unity.test-framework@40e262928427/UnityEditor.TestRunner/TestRun/TestJobRunner.cs:108)
0x000001e99df821b8 (Mono JIT Code) UnityEditor.EditorApplication:Internal_CallUpdateFunctions ()
0x000001e8e6514785 (Mono JIT Code) (wrapper runtime-invoke) object:runtime_invoke_void (object,intptr,intptr,intptr)
0x00007fff3fd16e7e (mono-2.0-bdwgc) mono_jit_runtime_invoke (at C:/build/output/Unity-Technologies/mono/mono/mini/mini-runtime.c:3445)
0x00007fff3fc58874 (mono-2.0-bdwgc) do_runtime_invoke (at C:/build/output/Unity-Technologies/mono/mono/metadata/object.c:3068)
0x00007fff3fc58960 (mono-2.0-bdwgc) mono_runtime_invoke (at C:/build/output/Unity-Technologies/mono/mono/metadata/object.c:3115)
0x00007fff38e4cea4 (Unity) scripting_method_invoke
0x00007fff38e25433 (Unity) ScriptingInvocation::Invoke
0x00007fff38e20b35 (Unity) ScriptingInvocation::Invoke<void>
0x00007fff38f8b4bb (Unity) Scripting::UnityEditor::EditorApplicationProxy::Internal_CallUpdateFunctions
0x00007fff3a07e0e4 (Unity) SceneTracker::Update
0x00007fff39be1247 (Unity) Application::TickTimer
0x00007fff3a1b25ac (Unity) MainMessageLoop
0x00007fff3a1b9d1c (Unity) UnityMain
0x00007ff68b302f2a (Unity) __scrt_common_main_seh
0x00007fffddade8d7 (KERNEL32) BaseThreadInitThunk
0x00007fffde88c53c (ntdll) RtlUserThreadStart

[RecoilConfiguration] Failed to deserialize JSON: JSON parse error: Missing a name for object member.. Returning default configuration.
0x00007fff38f222ae (Unity) StackWalker::ShowCallstack
0x00007fff38f31ee9 (Unity) PlatformStacktrace::GetStacktrace
0x00007fff3a1ac04e (Unity) Stacktrace::GetStacktrace
0x00007fff3a7859df (Unity) DebugStringToFile
0x00007fff37fd2930 (Unity) DebugLogHandler_CUSTOM_Internal_Log
0x000001e9766cbd3e (Mono JIT Code) (wrapper managed-to-native) UnityEngine.DebugLogHandler:Internal_Log_Injected (UnityEngine.LogType,UnityEngine.LogOption,UnityEngine.Bindings.ManagedSpanWrapper&,intptr)
0x000001e9766cbb43 (Mono JIT Code) UnityEngine.DebugLogHandler:Internal_Log (UnityEngine.LogType,UnityEngine.LogOption,string,UnityEngine.Object)
0x000001e9766cb7fb (Mono JIT Code) UnityEngine.DebugLogHandler:LogFormat (UnityEngine.LogType,UnityEngine.Object,string,object[])
0x000001e9766ca6ae (Mono JIT Code) UnityEngine.Logger:Log (UnityEngine.LogType,object)
0x000001e9aa2b404d (Mono JIT Code) UnityEngine.Debug:LogWarning (object)
0x000001e976d47adb (Mono JIT Code) RecoilConfiguration:FromJson (string) (at C:/Users/Ubuntu/Desktop/_DEV/AFFECT-2025-10-11/Assets/_SCRIPTS/_PLAYER/Recoil/RecoilConfiguration.cs:152)
0x000001e976d48643 (Mono JIT Code) SerializationProperties:Property16_InvalidJsonReturnsDefaultConfiguration () (at C:/Users/Ubuntu/Desktop/_DEV/AFFECT-2025-10-11/Assets/_SCRIPTS/Editor/SerializationProperties.cs:115)
0x000001e9aa264548 (Mono JIT Code) (wrapper runtime-invoke) object:runtime_invoke_void__this__ (object,intptr,intptr,intptr)
0x00007fff3fd16e7e (mono-2.0-bdwgc) mono_jit_runtime_invoke (at C:/build/output/Unity-Technologies/mono/mono/mini/mini-runtime.c:3445)
0x00007fff3fc58874 (mono-2.0-bdwgc) do_runtime_invoke (at C:/build/output/Unity-Technologies/mono/mono/metadata/object.c:3068)
0x00007fff3fc5f926 (mono-2.0-bdwgc) mono_runtime_try_invoke_array (at C:/build/output/Unity-Technologies/mono/mono/metadata/object.c:5774)
0x00007fff3fb91b81 (mono-2.0-bdwgc) ves_icall_InternalInvoke (at C:/build/output/Unity-Technologies/mono/mono/metadata/icall.c:4038)
0x00007fff3fbb7e31 (mono-2.0-bdwgc) ves_icall_InternalInvoke_raw (at C:/build/output/Unity-Technologies/mono/mono/metadata/icall-def.h:692)
0x000001e8e22b0f92 (Mono JIT Code) (wrapper managed-to-native) System.Reflection.RuntimeMethodInfo:InternalInvoke (System.Reflection.RuntimeMethodInfo,object,object[],System.Exception&)
0x000001e8e3c7ea73 (Mono JIT Code) System.Reflection.RuntimeMethodInfo:Invoke (object,System.Reflection.BindingFlags,System.Reflection.Binder,object[],System.Globalization.CultureInfo)
0x000001e8db9555ef (Mono JIT Code) System.Reflection.MethodBase:Invoke (object,object[])
0x000001e9aa26e783 (Mono JIT Code) NUnit.Framework.Internal.Reflect:InvokeMethod (System.Reflection.MethodInfo,object,object[])
0x000001e9aa2760ab (Mono JIT Code) NUnit.Framework.Internal.MethodWrapper:Invoke (object,object[])
0x000001e9aa275f8a (Mono JIT Code) NUnit.Framework.Internal.Commands.TestMethodCommand:RunNonAsyncTestMethod (NUnit.Framework.Internal.ITestExecutionContext)
0x000001e9aa275dd3 (Mono JIT Code) NUnit.Framework.Internal.Commands.TestMethodCommand:RunTestMethod (NUnit.Framework.Internal.ITestExecutionContext)
0x000001e9aa275973 (Mono JIT Code) NUnit.Framework.Internal.Commands.TestMethodCommand:Execute (NUnit.Framework.Internal.ITestExecutionContext)
0x000001e9aa27556b (Mono JIT Code) UnityEngine.TestTools.UnityTestMethodCommand:Execute (NUnit.Framework.Internal.ITestExecutionContext) (at ./Library/PackageCache/com.unity.test-framework@40e262928427/UnityEngine.TestRunner/NUnitExtensions/Commands/UnityTestMethodCommand.cs:19)
0x000001e9aa2752fb (Mono JIT Code) UnityEngine.TestRunner.NUnitExtensions.Runner.UnityLogCheckDelegatingCommand/<>c__DisplayClass2_0:<Execute>b__0 () (at ./Library/PackageCache/com.unity.test-framework@40e262928427/UnityEngine.TestRunner/NUnitExtensions/Runner/UnityLogCheckDelegatingCommand.cs:24)
0x000001e9aa275123 (Mono JIT Code) UnityEngine.TestRunner.NUnitExtensions.Runner.UnityLogCheckDelegatingCommand:CaptureException (NUnit.Framework.Internal.TestResult,System.Action) (at ./Library/PackageCache/com.unity.test-framework@40e262928427/UnityEngine.TestRunner/NUnitExtensions/Runner/UnityLogCheckDelegatingCommand.cs:72)
0x000001e9aa274fb3 (Mono JIT Code) UnityEngine.TestRunner.NUnitExtensions.Runner.UnityLogCheckDelegatingCommand:ExecuteAndCheckLog (UnityEngine.TestTools.Logging.LogScope,NUnit.Framework.Internal.TestResult,System.Action) (at ./Library/PackageCache/com.unity.test-framework@40e262928427/UnityEngine.TestRunner/NUnitExtensions/Runner/UnityLogCheckDelegatingCommand.cs:83)
0x000001e9aa274c3b (Mono JIT Code) UnityEngine.TestRunner.NUnitExtensions.Runner.UnityLogCheckDelegatingCommand:Execute (NUnit.Framework.Internal.ITestExecutionContext) (at ./Library/PackageCache/com.unity.test-framework@40e262928427/UnityEngine.TestRunner/NUnitExtensions/Runner/UnityLogCheckDelegatingCommand.cs:24)
0x000001e9aa273c19 (Mono JIT Code) UnityEngine.TestRunner.NUnitExtensions.Runner.UnityLogCheckDelegatingCommand/<ExecuteEnumerable>d__3:MoveNext () (at ./Library/PackageCache/com.unity.test-framework@40e262928427/UnityEngine.TestRunner/NUnitExtensions/Runner/UnityLogCheckDelegatingCommand.cs:35)
0x000001e9aa251e01 (Mono JIT Code) UnityEngine.TestTools.BeforeAfterTestCommandBase`1/<ExecuteEnumerable>d__16<T_REF>:MoveNext () (at ./Library/PackageCache/com.unity.test-framework@40e262928427/UnityEngine.TestRunner/NUnitExtensions/Commands/BeforeAfterTestCommandBase.cs:212)
0x000001e9aa272fb6 (Mono JIT Code) UnityEngine.TestTools.ImmediateEnumerableCommand:Execute (NUnit.Framework.Internal.ITestExecutionContext) (at ./Library/PackageCache/com.unity.test-framework@40e262928427/UnityEngine.TestRunner/NUnitExtensions/Commands/ImmediateEnumerableCommand.cs:18)
0x000001e9aa251f01 (Mono JIT Code) UnityEngine.TestTools.BeforeAfterTestCommandBase`1/<ExecuteEnumerable>d__16<T_REF>:MoveNext () (at ./Library/PackageCache/com.unity.test-framework@40e262928427/UnityEngine.TestRunner/NUnitExtensions/Commands/BeforeAfterTestCommandBase.cs:219)
0x000001e9aa251e01 (Mono JIT Code) UnityEngine.TestTools.BeforeAfterTestCommandBase`1/<ExecuteEnumerable>d__16<T_REF>:MoveNext () (at ./Library/PackageCache/com.unity.test-framework@40e262928427/UnityEngine.TestRunner/NUnitExtensions/Commands/BeforeAfterTestCommandBase.cs:212)
0x000001e9aa251e01 (Mono JIT Code) UnityEngine.TestTools.BeforeAfterTestCommandBase`1/<ExecuteEnumerable>d__16<T_REF>:MoveNext () (at ./Library/PackageCache/com.unity.test-framework@40e262928427/UnityEngine.TestRunner/NUnitExtensions/Commands/BeforeAfterTestCommandBase.cs:212)
0x000001e9aa26b457 (Mono JIT Code) UnityEngine.TestTools.RetryCommand/<ExecuteEnumerable>d__2:MoveNext () (at ./Library/PackageCache/com.unity.test-framework@40e262928427/UnityEngine.TestRunner/NUnitExtensions/Commands/RetryCommand.cs:37)
0x000001e9aa269f2f (Mono JIT Code) UnityEngine.TestTools.RepeatCommand/<ExecuteEnumerable>d__2:MoveNext () (at ./Library/PackageCache/com.unity.test-framework@40e262928427/UnityEngine.TestRunner/NUnitExtensions/Commands/RepeatCommand.cs:36)
0x000001e9aa268fa6 (Mono JIT Code) UnityEngine.TestTools.IgnoreTestCommand/<ExecuteEnumerable>d__3:MoveNext () (at ./Library/PackageCache/com.unity.test-framework@40e262928427/UnityEngine.TestRunner/NUnitExtensions/Commands/IgnoreTestCommand.cs:42)
0x000001e9aa267c7f (Mono JIT Code) UnityEngine.TestTools.StrictCheckCommand/<ExecuteEnumerable>d__2:MoveNext () (at ./Library/PackageCache/com.unity.test-framework@40e262928427/UnityEngine.TestRunner/NUnitExtensions/Commands/StrictCheckCommand.cs:29)
0x000001e9aa266fe1 (Mono JIT Code) UnityEngine.TestRunner.NUnitExtensions.Runner.DefaultTestWorkItem/<PerformWork>d__2:MoveNext () (at ./Library/PackageCache/com.unity.test-framework@40e262928427/UnityEngine.TestRunner/NUnitExtensions/Runner/DefaultTestWorkItem.cs:50)
0x000001e9aa255e12 (Mono JIT Code) UnityEngine.TestRunner.NUnitExtensions.Runner.CompositeWorkItem/<RunChildren>d__17:MoveNext () (at ./Library/PackageCache/com.unity.test-framework@40e262928427/UnityEngine.TestRunner/NUnitExtensions/Runner/CompositeWorkItem.cs:207)
0x000001e9aa247756 (Mono JIT Code) UnityEngine.TestRunner.NUnitExtensions.Runner.CompositeWorkItem/<PerformWork>d__13:MoveNext () (at ./Library/PackageCache/com.unity.test-framework@40e262928427/UnityEngine.TestRunner/NUnitExtensions/Runner/CompositeWorkItem.cs:82)
0x000001e9aa255e12 (Mono JIT Code) UnityEngine.TestRunner.NUnitExtensions.Runner.CompositeWorkItem/<RunChildren>d__17:MoveNext () (at ./Library/PackageCache/com.unity.test-framework@40e262928427/UnityEngine.TestRunner/NUnitExtensions/Runner/CompositeWorkItem.cs:207)
0x000001e9aa247756 (Mono JIT Code) UnityEngine.TestRunner.NUnitExtensions.Runner.CompositeWorkItem/<PerformWork>d__13:MoveNext () (at ./Library/PackageCache/com.unity.test-framework@40e262928427/UnityEngine.TestRunner/NUnitExtensions/Runner/CompositeWorkItem.cs:82)
0x000001e9aa255e12 (Mono JIT Code) UnityEngine.TestRunner.NUnitExtensions.Runner.CompositeWorkItem/<RunChildren>d__17:MoveNext () (at ./Library/PackageCache/com.unity.test-framework@40e262928427/UnityEngine.TestRunner/NUnitExtensions/Runner/CompositeWorkItem.cs:207)
0x000001e9aa247756 (Mono JIT Code) UnityEngine.TestRunner.NUnitExtensions.Runner.CompositeWorkItem/<PerformWork>d__13:MoveNext () (at ./Library/PackageCache/com.unity.test-framework@40e262928427/UnityEngine.TestRunner/NUnitExtensions/Runner/CompositeWorkItem.cs:82)
0x000001e9aa245fcc (Mono JIT Code) UnityEditor.TestTools.TestRunner.EditModeRunner:MoveNextAndUpdateYieldObject () (at ./Library/PackageCache/com.unity.test-framework@40e262928427/UnityEditor.TestRunner/TestRunner/EditModeRunner.cs:167)
0x000001e9aa245b7b (Mono JIT Code) UnityEditor.TestTools.TestRunner.EditModeRunner:TestConsumer (UnityEditor.TestTools.TestRunner.TestRunnerStateSerializer) (at ./Library/PackageCache/com.unity.test-framework@40e262928427/UnityEditor.TestRunner/TestRunner/EditModeRunner.cs:200)
0x000001e9aa23c173 (Mono JIT Code) UnityEditor.TestTools.TestRunner.TestRun.Tasks.EditModeRunTask/<Execute>d__1:MoveNext () (at ./Library/PackageCache/com.unity.test-framework@40e262928427/UnityEditor.TestRunner/TestRun/Tasks/EditModeRunTask.cs:48)
0x000001e977129d5e (Mono JIT Code) UnityEditor.TestTools.TestRunner.TestRun.TestJobRunner:ExecuteStep () (at ./Library/PackageCache/com.unity.test-framework@40e262928427/UnityEditor.TestRunner/TestRun/TestJobRunner.cs:173)
0x000001e977128953 (Mono JIT Code) UnityEditor.TestTools.TestRunner.TestRun.TestJobRunner:ExecuteCallback () (at ./Library/PackageCache/com.unity.test-framework@40e262928427/UnityEditor.TestRunner/TestRun/TestJobRunner.cs:108)
0x000001e99df821b8 (Mono JIT Code) UnityEditor.EditorApplication:Internal_CallUpdateFunctions ()
0x000001e8e6514785 (Mono JIT Code) (wrapper runtime-invoke) object:runtime_invoke_void (object,intptr,intptr,intptr)
0x00007fff3fd16e7e (mono-2.0-bdwgc) mono_jit_runtime_invoke (at C:/build/output/Unity-Technologies/mono/mono/mini/mini-runtime.c:3445)
0x00007fff3fc58874 (mono-2.0-bdwgc) do_runtime_invoke (at C:/build/output/Unity-Technologies/mono/mono/metadata/object.c:3068)
0x00007fff3fc58960 (mono-2.0-bdwgc) mono_runtime_invoke (at C:/build/output/Unity-Technologies/mono/mono/metadata/object.c:3115)
0x00007fff38e4cea4 (Unity) scripting_method_invoke
0x00007fff38e25433 (Unity) ScriptingInvocation::Invoke
0x00007fff38e20b35 (Unity) ScriptingInvocation::Invoke<void>
0x00007fff38f8b4bb (Unity) Scripting::UnityEditor::EditorApplicationProxy::Internal_CallUpdateFunctions
0x00007fff3a07e0e4 (Unity) SceneTracker::Update
0x00007fff39be1247 (Unity) Application::TickTimer
0x00007fff3a1b25ac (Unity) MainMessageLoop
0x00007fff3a1b9d1c (Unity) UnityMain
0x00007ff68b302f2a (Unity) __scrt_common_main_seh
0x00007fffddade8d7 (KERNEL32) BaseThreadInitThunk
0x00007fffde88c53c (ntdll) RtlUserThreadStart

[RecoilConfiguration] Empty or null JSON provided, returning default configuration.
0x00007fff38f222ae (Unity) StackWalker::ShowCallstack
0x00007fff38f31ee9 (Unity) PlatformStacktrace::GetStacktrace
0x00007fff3a1ac04e (Unity) Stacktrace::GetStacktrace
0x00007fff3a7859df (Unity) DebugStringToFile
0x00007fff37fd2930 (Unity) DebugLogHandler_CUSTOM_Internal_Log
0x000001e9766cbd3e (Mono JIT Code) (wrapper managed-to-native) UnityEngine.DebugLogHandler:Internal_Log_Injected (UnityEngine.LogType,UnityEngine.LogOption,UnityEngine.Bindings.ManagedSpanWrapper&,intptr)
0x000001e9766cbb43 (Mono JIT Code) UnityEngine.DebugLogHandler:Internal_Log (UnityEngine.LogType,UnityEngine.LogOption,string,UnityEngine.Object)
0x000001e9766cb7fb (Mono JIT Code) UnityEngine.DebugLogHandler:LogFormat (UnityEngine.LogType,UnityEngine.Object,string,object[])
0x000001e9766ca6ae (Mono JIT Code) UnityEngine.Logger:Log (UnityEngine.LogType,object)
0x000001e9aa2b404d (Mono JIT Code) UnityEngine.Debug:LogWarning (object)
0x000001e976d477fb (Mono JIT Code) RecoilConfiguration:FromJson (string) (at C:/Users/Ubuntu/Desktop/_DEV/AFFECT-2025-10-11/Assets/_SCRIPTS/_PLAYER/Recoil/RecoilConfiguration.cs:136)
0x000001e976d48643 (Mono JIT Code) SerializationProperties:Property16_InvalidJsonReturnsDefaultConfiguration () (at C:/Users/Ubuntu/Desktop/_DEV/AFFECT-2025-10-11/Assets/_SCRIPTS/Editor/SerializationProperties.cs:115)
0x000001e9aa264548 (Mono JIT Code) (wrapper runtime-invoke) object:runtime_invoke_void__this__ (object,intptr,intptr,intptr)
0x00007fff3fd16e7e (mono-2.0-bdwgc) mono_jit_runtime_invoke (at C:/build/output/Unity-Technologies/mono/mono/mini/mini-runtime.c:3445)
0x00007fff3fc58874 (mono-2.0-bdwgc) do_runtime_invoke (at C:/build/output/Unity-Technologies/mono/mono/metadata/object.c:3068)
0x00007fff3fc5f926 (mono-2.0-bdwgc) mono_runtime_try_invoke_array (at C:/build/output/Unity-Technologies/mono/mono/metadata/object.c:5774)
0x00007fff3fb91b81 (mono-2.0-bdwgc) ves_icall_InternalInvoke (at C:/build/output/Unity-Technologies/mono/mono/metadata/icall.c:4038)
0x00007fff3fbb7e31 (mono-2.0-bdwgc) ves_icall_InternalInvoke_raw (at C:/build/output/Unity-Technologies/mono/mono/metadata/icall-def.h:692)
0x000001e8e22b0f92 (Mono JIT Code) (wrapper managed-to-native) System.Reflection.RuntimeMethodInfo:InternalInvoke (System.Reflection.RuntimeMethodInfo,object,object[],System.Exception&)
0x000001e8e3c7ea73 (Mono JIT Code) System.Reflection.RuntimeMethodInfo:Invoke (object,System.Reflection.BindingFlags,System.Reflection.Binder,object[],System.Globalization.CultureInfo)
0x000001e8db9555ef (Mono JIT Code) System.Reflection.MethodBase:Invoke (object,object[])
0x000001e9aa26e783 (Mono JIT Code) NUnit.Framework.Internal.Reflect:InvokeMethod (System.Reflection.MethodInfo,object,object[])
0x000001e9aa2760ab (Mono JIT Code) NUnit.Framework.Internal.MethodWrapper:Invoke (object,object[])
0x000001e9aa275f8a (Mono JIT Code) NUnit.Framework.Internal.Commands.TestMethodCommand:RunNonAsyncTestMethod (NUnit.Framework.Internal.ITestExecutionContext)
0x000001e9aa275dd3 (Mono JIT Code) NUnit.Framework.Internal.Commands.TestMethodCommand:RunTestMethod (NUnit.Framework.Internal.ITestExecutionContext)
0x000001e9aa275973 (Mono JIT Code) NUnit.Framework.Internal.Commands.TestMethodCommand:Execute (NUnit.Framework.Internal.ITestExecutionContext)
0x000001e9aa27556b (Mono JIT Code) UnityEngine.TestTools.UnityTestMethodCommand:Execute (NUnit.Framework.Internal.ITestExecutionContext) (at ./Library/PackageCache/com.unity.test-framework@40e262928427/UnityEngine.TestRunner/NUnitExtensions/Commands/UnityTestMethodCommand.cs:19)
0x000001e9aa2752fb (Mono JIT Code) UnityEngine.TestRunner.NUnitExtensions.Runner.UnityLogCheckDelegatingCommand/<>c__DisplayClass2_0:<Execute>b__0 () (at ./Library/PackageCache/com.unity.test-framework@40e262928427/UnityEngine.TestRunner/NUnitExtensions/Runner/UnityLogCheckDelegatingCommand.cs:24)
0x000001e9aa275123 (Mono JIT Code) UnityEngine.TestRunner.NUnitExtensions.Runner.UnityLogCheckDelegatingCommand:CaptureException (NUnit.Framework.Internal.TestResult,System.Action) (at ./Library/PackageCache/com.unity.test-framework@40e262928427/UnityEngine.TestRunner/NUnitExtensions/Runner/UnityLogCheckDelegatingCommand.cs:72)
0x000001e9aa274fb3 (Mono JIT Code) UnityEngine.TestRunner.NUnitExtensions.Runner.UnityLogCheckDelegatingCommand:ExecuteAndCheckLog (UnityEngine.TestTools.Logging.LogScope,NUnit.Framework.Internal.TestResult,System.Action) (at ./Library/PackageCache/com.unity.test-framework@40e262928427/UnityEngine.TestRunner/NUnitExtensions/Runner/UnityLogCheckDelegatingCommand.cs:83)
0x000001e9aa274c3b (Mono JIT Code) UnityEngine.TestRunner.NUnitExtensions.Runner.UnityLogCheckDelegatingCommand:Execute (NUnit.Framework.Internal.ITestExecutionContext) (at ./Library/PackageCache/com.unity.test-framework@40e262928427/UnityEngine.TestRunner/NUnitExtensions/Runner/UnityLogCheckDelegatingCommand.cs:24)
0x000001e9aa273c19 (Mono JIT Code) UnityEngine.TestRunner.NUnitExtensions.Runner.UnityLogCheckDelegatingCommand/<ExecuteEnumerable>d__3:MoveNext () (at ./Library/PackageCache/com.unity.test-framework@40e262928427/UnityEngine.TestRunner/NUnitExtensions/Runner/UnityLogCheckDelegatingCommand.cs:35)
0x000001e9aa251e01 (Mono JIT Code) UnityEngine.TestTools.BeforeAfterTestCommandBase`1/<ExecuteEnumerable>d__16<T_REF>:MoveNext () (at ./Library/PackageCache/com.unity.test-framework@40e262928427/UnityEngine.TestRunner/NUnitExtensions/Commands/BeforeAfterTestCommandBase.cs:212)
0x000001e9aa272fb6 (Mono JIT Code) UnityEngine.TestTools.ImmediateEnumerableCommand:Execute (NUnit.Framework.Internal.ITestExecutionContext) (at ./Library/PackageCache/com.unity.test-framework@40e262928427/UnityEngine.TestRunner/NUnitExtensions/Commands/ImmediateEnumerableCommand.cs:18)
0x000001e9aa251f01 (Mono JIT Code) UnityEngine.TestTools.BeforeAfterTestCommandBase`1/<ExecuteEnumerable>d__16<T_REF>:MoveNext () (at ./Library/PackageCache/com.unity.test-framework@40e262928427/UnityEngine.TestRunner/NUnitExtensions/Commands/BeforeAfterTestCommandBase.cs:219)
0x000001e9aa251e01 (Mono JIT Code) UnityEngine.TestTools.BeforeAfterTestCommandBase`1/<ExecuteEnumerable>d__16<T_REF>:MoveNext () (at ./Library/PackageCache/com.unity.test-framework@40e262928427/UnityEngine.TestRunner/NUnitExtensions/Commands/BeforeAfterTestCommandBase.cs:212)
0x000001e9aa251e01 (Mono JIT Code) UnityEngine.TestTools.BeforeAfterTestCommandBase`1/<ExecuteEnumerable>d__16<T_REF>:MoveNext () (at ./Library/PackageCache/com.unity.test-framework@40e262928427/UnityEngine.TestRunner/NUnitExtensions/Commands/BeforeAfterTestCommandBase.cs:212)
0x000001e9aa26b457 (Mono JIT Code) UnityEngine.TestTools.RetryCommand/<ExecuteEnumerable>d__2:MoveNext () (at ./Library/PackageCache/com.unity.test-framework@40e262928427/UnityEngine.TestRunner/NUnitExtensions/Commands/RetryCommand.cs:37)
0x000001e9aa269f2f (Mono JIT Code) UnityEngine.TestTools.RepeatCommand/<ExecuteEnumerable>d__2:MoveNext () (at ./Library/PackageCache/com.unity.test-framework@40e262928427/UnityEngine.TestRunner/NUnitExtensions/Commands/RepeatCommand.cs:36)
0x000001e9aa268fa6 (Mono JIT Code) UnityEngine.TestTools.IgnoreTestCommand/<ExecuteEnumerable>d__3:MoveNext () (at ./Library/PackageCache/com.unity.test-framework@40e262928427/UnityEngine.TestRunner/NUnitExtensions/Commands/IgnoreTestCommand.cs:42)
0x000001e9aa267c7f (Mono JIT Code) UnityEngine.TestTools.StrictCheckCommand/<ExecuteEnumerable>d__2:MoveNext () (at ./Library/PackageCache/com.unity.test-framework@40e262928427/UnityEngine.TestRunner/NUnitExtensions/Commands/StrictCheckCommand.cs:29)
0x000001e9aa266fe1 (Mono JIT Code) UnityEngine.TestRunner.NUnitExtensions.Runner.DefaultTestWorkItem/<PerformWork>d__2:MoveNext () (at ./Library/PackageCache/com.unity.test-framework@40e262928427/UnityEngine.TestRunner/NUnitExtensions/Runner/DefaultTestWorkItem.cs:50)
0x000001e9aa255e12 (Mono JIT Code) UnityEngine.TestRunner.NUnitExtensions.Runner.CompositeWorkItem/<RunChildren>d__17:MoveNext () (at ./Library/PackageCache/com.unity.test-framework@40e262928427/UnityEngine.TestRunner/NUnitExtensions/Runner/CompositeWorkItem.cs:207)
0x000001e9aa247756 (Mono JIT Code) UnityEngine.TestRunner.NUnitExtensions.Runner.CompositeWorkItem/<PerformWork>d__13:MoveNext () (at ./Library/PackageCache/com.unity.test-framework@40e262928427/UnityEngine.TestRunner/NUnitExtensions/Runner/CompositeWorkItem.cs:82)
0x000001e9aa255e12 (Mono JIT Code) UnityEngine.TestRunner.NUnitExtensions.Runner.CompositeWorkItem/<RunChildren>d__17:MoveNext () (at ./Library/PackageCache/com.unity.test-framework@40e262928427/UnityEngine.TestRunner/NUnitExtensions/Runner/CompositeWorkItem.cs:207)
0x000001e9aa247756 (Mono JIT Code) UnityEngine.TestRunner.NUnitExtensions.Runner.CompositeWorkItem/<PerformWork>d__13:MoveNext () (at ./Library/PackageCache/com.unity.test-framework@40e262928427/UnityEngine.TestRunner/NUnitExtensions/Runner/CompositeWorkItem.cs:82)
0x000001e9aa255e12 (Mono JIT Code) UnityEngine.TestRunner.NUnitExtensions.Runner.CompositeWorkItem/<RunChildren>d__17:MoveNext () (at ./Library/PackageCache/com.unity.test-framework@40e262928427/UnityEngine.TestRunner/NUnitExtensions/Runner/CompositeWorkItem.cs:207)
0x000001e9aa247756 (Mono JIT Code) UnityEngine.TestRunner.NUnitExtensions.Runner.CompositeWorkItem/<PerformWork>d__13:MoveNext () (at ./Library/PackageCache/com.unity.test-framework@40e262928427/UnityEngine.TestRunner/NUnitExtensions/Runner/CompositeWorkItem.cs:82)
0x000001e9aa245fcc (Mono JIT Code) UnityEditor.TestTools.TestRunner.EditModeRunner:MoveNextAndUpdateYieldObject () (at ./Library/PackageCache/com.unity.test-framework@40e262928427/UnityEditor.TestRunner/TestRunner/EditModeRunner.cs:167)
0x000001e9aa245b7b (Mono JIT Code) UnityEditor.TestTools.TestRunner.EditModeRunner:TestConsumer (UnityEditor.TestTools.TestRunner.TestRunnerStateSerializer) (at ./Library/PackageCache/com.unity.test-framework@40e262928427/UnityEditor.TestRunner/TestRunner/EditModeRunner.cs:200)
0x000001e9aa23c173 (Mono JIT Code) UnityEditor.TestTools.TestRunner.TestRun.Tasks.EditModeRunTask/<Execute>d__1:MoveNext () (at ./Library/PackageCache/com.unity.test-framework@40e262928427/UnityEditor.TestRunner/TestRun/Tasks/EditModeRunTask.cs:48)
0x000001e977129d5e (Mono JIT Code) UnityEditor.TestTools.TestRunner.TestRun.TestJobRunner:ExecuteStep () (at ./Library/PackageCache/com.unity.test-framework@40e262928427/UnityEditor.TestRunner/TestRun/TestJobRunner.cs:173)
0x000001e977128953 (Mono JIT Code) UnityEditor.TestTools.TestRunner.TestRun.TestJobRunner:ExecuteCallback () (at ./Library/PackageCache/com.unity.test-framework@40e262928427/UnityEditor.TestRunner/TestRun/TestJobRunner.cs:108)
0x000001e99df821b8 (Mono JIT Code) UnityEditor.EditorApplication:Internal_CallUpdateFunctions ()
0x000001e8e6514785 (Mono JIT Code) (wrapper runtime-invoke) object:runtime_invoke_void (object,intptr,intptr,intptr)
0x00007fff3fd16e7e (mono-2.0-bdwgc) mono_jit_runtime_invoke (at C:/build/output/Unity-Technologies/mono/mono/mini/mini-runtime.c:3445)
0x00007fff3fc58874 (mono-2.0-bdwgc) do_runtime_invoke (at C:/build/output/Unity-Technologies/mono/mono/metadata/object.c:3068)
0x00007fff3fc58960 (mono-2.0-bdwgc) mono_runtime_invoke (at C:/build/output/Unity-Technologies/mono/mono/metadata/object.c:3115)
0x00007fff38e4cea4 (Unity) scripting_method_invoke
0x00007fff38e25433 (Unity) ScriptingInvocation::Invoke
0x00007fff38e20b35 (Unity) ScriptingInvocation::Invoke<void>
0x00007fff38f8b4bb (Unity) Scripting::UnityEditor::EditorApplicationProxy::Internal_CallUpdateFunctions
0x00007fff3a07e0e4 (Unity) SceneTracker::Update
0x00007fff39be1247 (Unity) Application::TickTimer
0x00007fff3a1b25ac (Unity) MainMessageLoop
0x00007fff3a1b9d1c (Unity) UnityMain
0x00007ff68b302f2a (Unity) __scrt_common_main_seh
0x00007fffddade8d7 (KERNEL32) BaseThreadInitThunk
0x00007fffde88c53c (ntdll) RtlUserThreadStart

[RecoilConfiguration] Failed to deserialize JSON: JSON parse error: Missing a name for object member.. Returning default configuration.
0x00007fff38f222ae (Unity) StackWalker::ShowCallstack
0x00007fff38f31ee9 (Unity) PlatformStacktrace::GetStacktrace
0x00007fff3a1ac04e (Unity) Stacktrace::GetStacktrace
0x00007fff3a7859df (Unity) DebugStringToFile
0x00007fff37fd2930 (Unity) DebugLogHandler_CUSTOM_Internal_Log
0x000001e9766cbd3e (Mono JIT Code) (wrapper managed-to-native) UnityEngine.DebugLogHandler:Internal_Log_Injected (UnityEngine.LogType,UnityEngine.LogOption,UnityEngine.Bindings.ManagedSpanWrapper&,intptr)
0x000001e9766cbb43 (Mono JIT Code) UnityEngine.DebugLogHandler:Internal_Log (UnityEngine.LogType,UnityEngine.LogOption,string,UnityEngine.Object)
0x000001e9766cb7fb (Mono JIT Code) UnityEngine.DebugLogHandler:LogFormat (UnityEngine.LogType,UnityEngine.Object,string,object[])
0x000001e9766ca6ae (Mono JIT Code) UnityEngine.Logger:Log (UnityEngine.LogType,object)
0x000001e9aa2b404d (Mono JIT Code) UnityEngine.Debug:LogWarning (object)
0x000001e976d47adb (Mono JIT Code) RecoilConfiguration:FromJson (string) (at C:/Users/Ubuntu/Desktop/_DEV/AFFECT-2025-10-11/Assets/_SCRIPTS/_PLAYER/Recoil/RecoilConfiguration.cs:152)
0x000001e976d48643 (Mono JIT Code) SerializationProperties:Property16_InvalidJsonReturnsDefaultConfiguration () (at C:/Users/Ubuntu/Desktop/_DEV/AFFECT-2025-10-11/Assets/_SCRIPTS/Editor/SerializationProperties.cs:115)
0x000001e9aa264548 (Mono JIT Code) (wrapper runtime-invoke) object:runtime_invoke_void__this__ (object,intptr,intptr,intptr)
0x00007fff3fd16e7e (mono-2.0-bdwgc) mono_jit_runtime_invoke (at C:/build/output/Unity-Technologies/mono/mono/mini/mini-runtime.c:3445)
0x00007fff3fc58874 (mono-2.0-bdwgc) do_runtime_invoke (at C:/build/output/Unity-Technologies/mono/mono/metadata/object.c:3068)
0x00007fff3fc5f926 (mono-2.0-bdwgc) mono_runtime_try_invoke_array (at C:/build/output/Unity-Technologies/mono/mono/metadata/object.c:5774)
0x00007fff3fb91b81 (mono-2.0-bdwgc) ves_icall_InternalInvoke (at C:/build/output/Unity-Technologies/mono/mono/metadata/icall.c:4038)
0x00007fff3fbb7e31 (mono-2.0-bdwgc) ves_icall_InternalInvoke_raw (at C:/build/output/Unity-Technologies/mono/mono/metadata/icall-def.h:692)
0x000001e8e22b0f92 (Mono JIT Code) (wrapper managed-to-native) System.Reflection.RuntimeMethodInfo:InternalInvoke (System.Reflection.RuntimeMethodInfo,object,object[],System.Exception&)
0x000001e8e3c7ea73 (Mono JIT Code) System.Reflection.RuntimeMethodInfo:Invoke (object,System.Reflection.BindingFlags,System.Reflection.Binder,object[],System.Globalization.CultureInfo)
0x000001e8db9555ef (Mono JIT Code) System.Reflection.MethodBase:Invoke (object,object[])
0x000001e9aa26e783 (Mono JIT Code) NUnit.Framework.Internal.Reflect:InvokeMethod (System.Reflection.MethodInfo,object,object[])
0x000001e9aa2760ab (Mono JIT Code) NUnit.Framework.Internal.MethodWrapper:Invoke (object,object[])
0x000001e9aa275f8a (Mono JIT Code) NUnit.Framework.Internal.Commands.TestMethodCommand:RunNonAsyncTestMethod (NUnit.Framework.Internal.ITestExecutionContext)
0x000001e9aa275dd3 (Mono JIT Code) NUnit.Framework.Internal.Commands.TestMethodCommand:RunTestMethod (NUnit.Framework.Internal.ITestExecutionContext)
0x000001e9aa275973 (Mono JIT Code) NUnit.Framework.Internal.Commands.TestMethodCommand:Execute (NUnit.Framework.Internal.ITestExecutionContext)
0x000001e9aa27556b (Mono JIT Code) UnityEngine.TestTools.UnityTestMethodCommand:Execute (NUnit.Framework.Internal.ITestExecutionContext) (at ./Library/PackageCache/com.unity.test-framework@40e262928427/UnityEngine.TestRunner/NUnitExtensions/Commands/UnityTestMethodCommand.cs:19)
0x000001e9aa2752fb (Mono JIT Code) UnityEngine.TestRunner.NUnitExtensions.Runner.UnityLogCheckDelegatingCommand/<>c__DisplayClass2_0:<Execute>b__0 () (at ./Library/PackageCache/com.unity.test-framework@40e262928427/UnityEngine.TestRunner/NUnitExtensions/Runner/UnityLogCheckDelegatingCommand.cs:24)
0x000001e9aa275123 (Mono JIT Code) UnityEngine.TestRunner.NUnitExtensions.Runner.UnityLogCheckDelegatingCommand:CaptureException (NUnit.Framework.Internal.TestResult,System.Action) (at ./Library/PackageCache/com.unity.test-framework@40e262928427/UnityEngine.TestRunner/NUnitExtensions/Runner/UnityLogCheckDelegatingCommand.cs:72)
0x000001e9aa274fb3 (Mono JIT Code) UnityEngine.TestRunner.NUnitExtensions.Runner.UnityLogCheckDelegatingCommand:ExecuteAndCheckLog (UnityEngine.TestTools.Logging.LogScope,NUnit.Framework.Internal.TestResult,System.Action) (at ./Library/PackageCache/com.unity.test-framework@40e262928427/UnityEngine.TestRunner/NUnitExtensions/Runner/UnityLogCheckDelegatingCommand.cs:83)
0x000001e9aa274c3b (Mono JIT Code) UnityEngine.TestRunner.NUnitExtensions.Runner.UnityLogCheckDelegatingCommand:Execute (NUnit.Framework.Internal.ITestExecutionContext) (at ./Library/PackageCache/com.unity.test-framework@40e262928427/UnityEngine.TestRunner/NUnitExtensions/Runner/UnityLogCheckDelegatingCommand.cs:24)
0x000001e9aa273c19 (Mono JIT Code) UnityEngine.TestRunner.NUnitExtensions.Runner.UnityLogCheckDelegatingCommand/<ExecuteEnumerable>d__3:MoveNext () (at ./Library/PackageCache/com.unity.test-framework@40e262928427/UnityEngine.TestRunner/NUnitExtensions/Runner/UnityLogCheckDelegatingCommand.cs:35)
0x000001e9aa251e01 (Mono JIT Code) UnityEngine.TestTools.BeforeAfterTestCommandBase`1/<ExecuteEnumerable>d__16<T_REF>:MoveNext () (at ./Library/PackageCache/com.unity.test-framework@40e262928427/UnityEngine.TestRunner/NUnitExtensions/Commands/BeforeAfterTestCommandBase.cs:212)
0x000001e9aa272fb6 (Mono JIT Code) UnityEngine.TestTools.ImmediateEnumerableCommand:Execute (NUnit.Framework.Internal.ITestExecutionContext) (at ./Library/PackageCache/com.unity.test-framework@40e262928427/UnityEngine.TestRunner/NUnitExtensions/Commands/ImmediateEnumerableCommand.cs:18)
0x000001e9aa251f01 (Mono JIT Code) UnityEngine.TestTools.BeforeAfterTestCommandBase`1/<ExecuteEnumerable>d__16<T_REF>:MoveNext () (at ./Library/PackageCache/com.unity.test-framework@40e262928427/UnityEngine.TestRunner/NUnitExtensions/Commands/BeforeAfterTestCommandBase.cs:219)
0x000001e9aa251e01 (Mono JIT Code) UnityEngine.TestTools.BeforeAfterTestCommandBase`1/<ExecuteEnumerable>d__16<T_REF>:MoveNext () (at ./Library/PackageCache/com.unity.test-framework@40e262928427/UnityEngine.TestRunner/NUnitExtensions/Commands/BeforeAfterTestCommandBase.cs:212)
0x000001e9aa251e01 (Mono JIT Code) UnityEngine.TestTools.BeforeAfterTestCommandBase`1/<ExecuteEnumerable>d__16<T_REF>:MoveNext () (at ./Library/PackageCache/com.unity.test-framework@40e262928427/UnityEngine.TestRunner/NUnitExtensions/Commands/BeforeAfterTestCommandBase.cs:212)
0x000001e9aa26b457 (Mono JIT Code) UnityEngine.TestTools.RetryCommand/<ExecuteEnumerable>d__2:MoveNext () (at ./Library/PackageCache/com.unity.test-framework@40e262928427/UnityEngine.TestRunner/NUnitExtensions/Commands/RetryCommand.cs:37)
0x000001e9aa269f2f (Mono JIT Code) UnityEngine.TestTools.RepeatCommand/<ExecuteEnumerable>d__2:MoveNext () (at ./Library/PackageCache/com.unity.test-framework@40e262928427/UnityEngine.TestRunner/NUnitExtensions/Commands/RepeatCommand.cs:36)
0x000001e9aa268fa6 (Mono JIT Code) UnityEngine.TestTools.IgnoreTestCommand/<ExecuteEnumerable>d__3:MoveNext () (at ./Library/PackageCache/com.unity.test-framework@40e262928427/UnityEngine.TestRunner/NUnitExtensions/Commands/IgnoreTestCommand.cs:42)
0x000001e9aa267c7f (Mono JIT Code) UnityEngine.TestTools.StrictCheckCommand/<ExecuteEnumerable>d__2:MoveNext () (at ./Library/PackageCache/com.unity.test-framework@40e262928427/UnityEngine.TestRunner/NUnitExtensions/Commands/StrictCheckCommand.cs:29)
0x000001e9aa266fe1 (Mono JIT Code) UnityEngine.TestRunner.NUnitExtensions.Runner.DefaultTestWorkItem/<PerformWork>d__2:MoveNext () (at ./Library/PackageCache/com.unity.test-framework@40e262928427/UnityEngine.TestRunner/NUnitExtensions/Runner/DefaultTestWorkItem.cs:50)
0x000001e9aa255e12 (Mono JIT Code) UnityEngine.TestRunner.NUnitExtensions.Runner.CompositeWorkItem/<RunChildren>d__17:MoveNext () (at ./Library/PackageCache/com.unity.test-framework@40e262928427/UnityEngine.TestRunner/NUnitExtensions/Runner/CompositeWorkItem.cs:207)
0x000001e9aa247756 (Mono JIT Code) UnityEngine.TestRunner.NUnitExtensions.Runner.CompositeWorkItem/<PerformWork>d__13:MoveNext () (at ./Library/PackageCache/com.unity.test-framework@40e262928427/UnityEngine.TestRunner/NUnitExtensions/Runner/CompositeWorkItem.cs:82)
0x000001e9aa255e12 (Mono JIT Code) UnityEngine.TestRunner.NUnitExtensions.Runner.CompositeWorkItem/<RunChildren>d__17:MoveNext () (at ./Library/PackageCache/com.unity.test-framework@40e262928427/UnityEngine.TestRunner/NUnitExtensions/Runner/CompositeWorkItem.cs:207)
0x000001e9aa247756 (Mono JIT Code) UnityEngine.TestRunner.NUnitExtensions.Runner.CompositeWorkItem/<PerformWork>d__13:MoveNext () (at ./Library/PackageCache/com.unity.test-framework@40e262928427/UnityEngine.TestRunner/NUnitExtensions/Runner/CompositeWorkItem.cs:82)
0x000001e9aa255e12 (Mono JIT Code) UnityEngine.TestRunner.NUnitExtensions.Runner.CompositeWorkItem/<RunChildren>d__17:MoveNext () (at ./Library/PackageCache/com.unity.test-framework@40e262928427/UnityEngine.TestRunner/NUnitExtensions/Runner/CompositeWorkItem.cs:207)
0x000001e9aa247756 (Mono JIT Code) UnityEngine.TestRunner.NUnitExtensions.Runner.CompositeWorkItem/<PerformWork>d__13:MoveNext () (at ./Library/PackageCache/com.unity.test-framework@40e262928427/UnityEngine.TestRunner/NUnitExtensions/Runner/CompositeWorkItem.cs:82)
0x000001e9aa245fcc (Mono JIT Code) UnityEditor.TestTools.TestRunner.EditModeRunner:MoveNextAndUpdateYieldObject () (at ./Library/PackageCache/com.unity.test-framework@40e262928427/UnityEditor.TestRunner/TestRunner/EditModeRunner.cs:167)
0x000001e9aa245b7b (Mono JIT Code) UnityEditor.TestTools.TestRunner.EditModeRunner:TestConsumer (UnityEditor.TestTools.TestRunner.TestRunnerStateSerializer) (at ./Library/PackageCache/com.unity.test-framework@40e262928427/UnityEditor.TestRunner/TestRunner/EditModeRunner.cs:200)
0x000001e9aa23c173 (Mono JIT Code) UnityEditor.TestTools.TestRunner.TestRun.Tasks.EditModeRunTask/<Execute>d__1:MoveNext () (at ./Library/PackageCache/com.unity.test-framework@40e262928427/UnityEditor.TestRunner/TestRun/Tasks/EditModeRunTask.cs:48)
0x000001e977129d5e (Mono JIT Code) UnityEditor.TestTools.TestRunner.TestRun.TestJobRunner:ExecuteStep () (at ./Library/PackageCache/com.unity.test-framework@40e262928427/UnityEditor.TestRunner/TestRun/TestJobRunner.cs:173)
0x000001e977128953 (Mono JIT Code) UnityEditor.TestTools.TestRunner.TestRun.TestJobRunner:ExecuteCallback () (at ./Library/PackageCache/com.unity.test-framework@40e262928427/UnityEditor.TestRunner/TestRun/TestJobRunner.cs:108)
0x000001e99df821b8 (Mono JIT Code) UnityEditor.EditorApplication:Internal_CallUpdateFunctions ()
0x000001e8e6514785 (Mono JIT Code) (wrapper runtime-invoke) object:runtime_invoke_void (object,intptr,intptr,intptr)
0x00007fff3fd16e7e (mono-2.0-bdwgc) mono_jit_runtime_invoke (at C:/build/output/Unity-Technologies/mono/mono/mini/mini-runtime.c:3445)
0x00007fff3fc58874 (mono-2.0-bdwgc) do_runtime_invoke (at C:/build/output/Unity-Technologies/mono/mono/metadata/object.c:3068)
0x00007fff3fc58960 (mono-2.0-bdwgc) mono_runtime_invoke (at C:/build/output/Unity-Technologies/mono/mono/metadata/object.c:3115)
0x00007fff38e4cea4 (Unity) scripting_method_invoke
0x00007fff38e25433 (Unity) ScriptingInvocation::Invoke
0x00007fff38e20b35 (Unity) ScriptingInvocation::Invoke<void>
0x00007fff38f8b4bb (Unity) Scripting::UnityEditor::EditorApplicationProxy::Internal_CallUpdateFunctions
0x00007fff3a07e0e4 (Unity) SceneTracker::Update
0x00007fff39be1247 (Unity) Application::TickTimer
0x00007fff3a1b25ac (Unity) MainMessageLoop
0x00007fff3a1b9d1c (Unity) UnityMain
0x00007ff68b302f2a (Unity) __scrt_common_main_seh
0x00007fffddade8d7 (KERNEL32) BaseThreadInitThunk
0x00007fffde88c53c (ntdll) RtlUserThreadStart

[RecoilConfiguration] Empty or null JSON provided, returning default configuration.
0x00007fff38f222ae (Unity) StackWalker::ShowCallstack
0x00007fff38f31ee9 (Unity) PlatformStacktrace::GetStacktrace
0x00007fff3a1ac04e (Unity) Stacktrace::GetStacktrace
0x00007fff3a7859df (Unity) DebugStringToFile
0x00007fff37fd2930 (Unity) DebugLogHandler_CUSTOM_Internal_Log
0x000001e9766cbd3e (Mono JIT Code) (wrapper managed-to-native) UnityEngine.DebugLogHandler:Internal_Log_Injected (UnityEngine.LogType,UnityEngine.LogOption,UnityEngine.Bindings.ManagedSpanWrapper&,intptr)
0x000001e9766cbb43 (Mono JIT Code) UnityEngine.DebugLogHandler:Internal_Log (UnityEngine.LogType,UnityEngine.LogOption,string,UnityEngine.Object)
0x000001e9766cb7fb (Mono JIT Code) UnityEngine.DebugLogHandler:LogFormat (UnityEngine.LogType,UnityEngine.Object,string,object[])
0x000001e9766ca6ae (Mono JIT Code) UnityEngine.Logger:Log (UnityEngine.LogType,object)
0x000001e9aa2b404d (Mono JIT Code) UnityEngine.Debug:LogWarning (object)
0x000001e976d477fb (Mono JIT Code) RecoilConfiguration:FromJson (string) (at C:/Users/Ubuntu/Desktop/_DEV/AFFECT-2025-10-11/Assets/_SCRIPTS/_PLAYER/Recoil/RecoilConfiguration.cs:136)
0x000001e976d48643 (Mono JIT Code) SerializationProperties:Property16_InvalidJsonReturnsDefaultConfiguration () (at C:/Users/Ubuntu/Desktop/_DEV/AFFECT-2025-10-11/Assets/_SCRIPTS/Editor/SerializationProperties.cs:115)
0x000001e9aa264548 (Mono JIT Code) (wrapper runtime-invoke) object:runtime_invoke_void__this__ (object,intptr,intptr,intptr)
0x00007fff3fd16e7e (mono-2.0-bdwgc) mono_jit_runtime_invoke (at C:/build/output/Unity-Technologies/mono/mono/mini/mini-runtime.c:3445)
0x00007fff3fc58874 (mono-2.0-bdwgc) do_runtime_invoke (at C:/build/output/Unity-Technologies/mono/mono/metadata/object.c:3068)
0x00007fff3fc5f926 (mono-2.0-bdwgc) mono_runtime_try_invoke_array (at C:/build/output/Unity-Technologies/mono/mono/metadata/object.c:5774)
0x00007fff3fb91b81 (mono-2.0-bdwgc) ves_icall_InternalInvoke (at C:/build/output/Unity-Technologies/mono/mono/metadata/icall.c:4038)
0x00007fff3fbb7e31 (mono-2.0-bdwgc) ves_icall_InternalInvoke_raw (at C:/build/output/Unity-Technologies/mono/mono/metadata/icall-def.h:692)
0x000001e8e22b0f92 (Mono JIT Code) (wrapper managed-to-native) System.Reflection.RuntimeMethodInfo:InternalInvoke (System.Reflection.RuntimeMethodInfo,object,object[],System.Exception&)
0x000001e8e3c7ea73 (Mono JIT Code) System.Reflection.RuntimeMethodInfo:Invoke (object,System.Reflection.BindingFlags,System.Reflection.Binder,object[],System.Globalization.CultureInfo)
0x000001e8db9555ef (Mono JIT Code) System.Reflection.MethodBase:Invoke (object,object[])
0x000001e9aa26e783 (Mono JIT Code) NUnit.Framework.Internal.Reflect:InvokeMethod (System.Reflection.MethodInfo,object,object[])
0x000001e9aa2760ab (Mono JIT Code) NUnit.Framework.Internal.MethodWrapper:Invoke (object,object[])
0x000001e9aa275f8a (Mono JIT Code) NUnit.Framework.Internal.Commands.TestMethodCommand:RunNonAsyncTestMethod (NUnit.Framework.Internal.ITestExecutionContext)
0x000001e9aa275dd3 (Mono JIT Code) NUnit.Framework.Internal.Commands.TestMethodCommand:RunTestMethod (NUnit.Framework.Internal.ITestExecutionContext)
0x000001e9aa275973 (Mono JIT Code) NUnit.Framework.Internal.Commands.TestMethodCommand:Execute (NUnit.Framework.Internal.ITestExecutionContext)
0x000001e9aa27556b (Mono JIT Code) UnityEngine.TestTools.UnityTestMethodCommand:Execute (NUnit.Framework.Internal.ITestExecutionContext) (at ./Library/PackageCache/com.unity.test-framework@40e262928427/UnityEngine.TestRunner/NUnitExtensions/Commands/UnityTestMethodCommand.cs:19)
0x000001e9aa2752fb (Mono JIT Code) UnityEngine.TestRunner.NUnitExtensions.Runner.UnityLogCheckDelegatingCommand/<>c__DisplayClass2_0:<Execute>b__0 () (at ./Library/PackageCache/com.unity.test-framework@40e262928427/UnityEngine.TestRunner/NUnitExtensions/Runner/UnityLogCheckDelegatingCommand.cs:24)
0x000001e9aa275123 (Mono JIT Code) UnityEngine.TestRunner.NUnitExtensions.Runner.UnityLogCheckDelegatingCommand:CaptureException (NUnit.Framework.Internal.TestResult,System.Action) (at ./Library/PackageCache/com.unity.test-framework@40e262928427/UnityEngine.TestRunner/NUnitExtensions/Runner/UnityLogCheckDelegatingCommand.cs:72)
0x000001e9aa274fb3 (Mono JIT Code) UnityEngine.TestRunner.NUnitExtensions.Runner.UnityLogCheckDelegatingCommand:ExecuteAndCheckLog (UnityEngine.TestTools.Logging.LogScope,NUnit.Framework.Internal.TestResult,System.Action) (at ./Library/PackageCache/com.unity.test-framework@40e262928427/UnityEngine.TestRunner/NUnitExtensions/Runner/UnityLogCheckDelegatingCommand.cs:83)
0x000001e9aa274c3b (Mono JIT Code) UnityEngine.TestRunner.NUnitExtensions.Runner.UnityLogCheckDelegatingCommand:Execute (NUnit.Framework.Internal.ITestExecutionContext) (at ./Library/PackageCache/com.unity.test-framework@40e262928427/UnityEngine.TestRunner/NUnitExtensions/Runner/UnityLogCheckDelegatingCommand.cs:24)
0x000001e9aa273c19 (Mono JIT Code) UnityEngine.TestRunner.NUnitExtensions.Runner.UnityLogCheckDelegatingCommand/<ExecuteEnumerable>d__3:MoveNext () (at ./Library/PackageCache/com.unity.test-framework@40e262928427/UnityEngine.TestRunner/NUnitExtensions/Runner/UnityLogCheckDelegatingCommand.cs:35)
0x000001e9aa251e01 (Mono JIT Code) UnityEngine.TestTools.BeforeAfterTestCommandBase`1/<ExecuteEnumerable>d__16<T_REF>:MoveNext () (at ./Library/PackageCache/com.unity.test-framework@40e262928427/UnityEngine.TestRunner/NUnitExtensions/Commands/BeforeAfterTestCommandBase.cs:212)
0x000001e9aa272fb6 (Mono JIT Code) UnityEngine.TestTools.ImmediateEnumerableCommand:Execute (NUnit.Framework.Internal.ITestExecutionContext) (at ./Library/PackageCache/com.unity.test-framework@40e262928427/UnityEngine.TestRunner/NUnitExtensions/Commands/ImmediateEnumerableCommand.cs:18)
0x000001e9aa251f01 (Mono JIT Code) UnityEngine.TestTools.BeforeAfterTestCommandBase`1/<ExecuteEnumerable>d__16<T_REF>:MoveNext () (at ./Library/PackageCache/com.unity.test-framework@40e262928427/UnityEngine.TestRunner/NUnitExtensions/Commands/BeforeAfterTestCommandBase.cs:219)
0x000001e9aa251e01 (Mono JIT Code) UnityEngine.TestTools.BeforeAfterTestCommandBase`1/<ExecuteEnumerable>d__16<T_REF>:MoveNext () (at ./Library/PackageCache/com.unity.test-framework@40e262928427/UnityEngine.TestRunner/NUnitExtensions/Commands/BeforeAfterTestCommandBase.cs:212)
0x000001e9aa251e01 (Mono JIT Code) UnityEngine.TestTools.BeforeAfterTestCommandBase`1/<ExecuteEnumerable>d__16<T_REF>:MoveNext () (at ./Library/PackageCache/com.unity.test-framework@40e262928427/UnityEngine.TestRunner/NUnitExtensions/Commands/BeforeAfterTestCommandBase.cs:212)
0x000001e9aa26b457 (Mono JIT Code) UnityEngine.TestTools.RetryCommand/<ExecuteEnumerable>d__2:MoveNext () (at ./Library/PackageCache/com.unity.test-framework@40e262928427/UnityEngine.TestRunner/NUnitExtensions/Commands/RetryCommand.cs:37)
0x000001e9aa269f2f (Mono JIT Code) UnityEngine.TestTools.RepeatCommand/<ExecuteEnumerable>d__2:MoveNext () (at ./Library/PackageCache/com.unity.test-framework@40e262928427/UnityEngine.TestRunner/NUnitExtensions/Commands/RepeatCommand.cs:36)
0x000001e9aa268fa6 (Mono JIT Code) UnityEngine.TestTools.IgnoreTestCommand/<ExecuteEnumerable>d__3:MoveNext () (at ./Library/PackageCache/com.unity.test-framework@40e262928427/UnityEngine.TestRunner/NUnitExtensions/Commands/IgnoreTestCommand.cs:42)
0x000001e9aa267c7f (Mono JIT Code) UnityEngine.TestTools.StrictCheckCommand/<ExecuteEnumerable>d__2:MoveNext () (at ./Library/PackageCache/com.unity.test-framework@40e262928427/UnityEngine.TestRunner/NUnitExtensions/Commands/StrictCheckCommand.cs:29)
0x000001e9aa266fe1 (Mono JIT Code) UnityEngine.TestRunner.NUnitExtensions.Runner.DefaultTestWorkItem/<PerformWork>d__2:MoveNext () (at ./Library/PackageCache/com.unity.test-framework@40e262928427/UnityEngine.TestRunner/NUnitExtensions/Runner/DefaultTestWorkItem.cs:50)
0x000001e9aa255e12 (Mono JIT Code) UnityEngine.TestRunner.NUnitExtensions.Runner.CompositeWorkItem/<RunChildren>d__17:MoveNext () (at ./Library/PackageCache/com.unity.test-framework@40e262928427/UnityEngine.TestRunner/NUnitExtensions/Runner/CompositeWorkItem.cs:207)
0x000001e9aa247756 (Mono JIT Code) UnityEngine.TestRunner.NUnitExtensions.Runner.CompositeWorkItem/<PerformWork>d__13:MoveNext () (at ./Library/PackageCache/com.unity.test-framework@40e262928427/UnityEngine.TestRunner/NUnitExtensions/Runner/CompositeWorkItem.cs:82)
0x000001e9aa255e12 (Mono JIT Code) UnityEngine.TestRunner.NUnitExtensions.Runner.CompositeWorkItem/<RunChildren>d__17:MoveNext () (at ./Library/PackageCache/com.unity.test-framework@40e262928427/UnityEngine.TestRunner/NUnitExtensions/Runner/CompositeWorkItem.cs:207)
0x000001e9aa247756 (Mono JIT Code) UnityEngine.TestRunner.NUnitExtensions.Runner.CompositeWorkItem/<PerformWork>d__13:MoveNext () (at ./Library/PackageCache/com.unity.test-framework@40e262928427/UnityEngine.TestRunner/NUnitExtensions/Runner/CompositeWorkItem.cs:82)
0x000001e9aa255e12 (Mono JIT Code) UnityEngine.TestRunner.NUnitExtensions.Runner.CompositeWorkItem/<RunChildren>d__17:MoveNext () (at ./Library/PackageCache/com.unity.test-framework@40e262928427/UnityEngine.TestRunner/NUnitExtensions/Runner/CompositeWorkItem.cs:207)
0x000001e9aa247756 (Mono JIT Code) UnityEngine.TestRunner.NUnitExtensions.Runner.CompositeWorkItem/<PerformWork>d__13:MoveNext () (at ./Library/PackageCache/com.unity.test-framework@40e262928427/UnityEngine.TestRunner/NUnitExtensions/Runner/CompositeWorkItem.cs:82)
0x000001e9aa245fcc (Mono JIT Code) UnityEditor.TestTools.TestRunner.EditModeRunner:MoveNextAndUpdateYieldObject () (at ./Library/PackageCache/com.unity.test-framework@40e262928427/UnityEditor.TestRunner/TestRunner/EditModeRunner.cs:167)
0x000001e9aa245b7b (Mono JIT Code) UnityEditor.TestTools.TestRunner.EditModeRunner:TestConsumer (UnityEditor.TestTools.TestRunner.TestRunnerStateSerializer) (at ./Library/PackageCache/com.unity.test-framework@40e262928427/UnityEditor.TestRunner/TestRunner/EditModeRunner.cs:200)
0x000001e9aa23c173 (Mono JIT Code) UnityEditor.TestTools.TestRunner.TestRun.Tasks.EditModeRunTask/<Execute>d__1:MoveNext () (at ./Library/PackageCache/com.unity.test-framework@40e262928427/UnityEditor.TestRunner/TestRun/Tasks/EditModeRunTask.cs:48)
0x000001e977129d5e (Mono JIT Code) UnityEditor.TestTools.TestRunner.TestRun.TestJobRunner:ExecuteStep () (at ./Library/PackageCache/com.unity.test-framework@40e262928427/UnityEditor.TestRunner/TestRun/TestJobRunner.cs:173)
0x000001e977128953 (Mono JIT Code) UnityEditor.TestTools.TestRunner.TestRun.TestJobRunner:ExecuteCallback () (at ./Library/PackageCache/com.unity.test-framework@40e262928427/UnityEditor.TestRunner/TestRun/TestJobRunner.cs:108)
0x000001e99df821b8 (Mono JIT Code) UnityEditor.EditorApplication:Internal_CallUpdateFunctions ()
0x000001e8e6514785 (Mono JIT Code) (wrapper runtime-invoke) object:runtime_invoke_void (object,intptr,intptr,intptr)
0x00007fff3fd16e7e (mono-2.0-bdwgc) mono_jit_runtime_invoke (at C:/build/output/Unity-Technologies/mono/mono/mini/mini-runtime.c:3445)
0x00007fff3fc58874 (mono-2.0-bdwgc) do_runtime_invoke (at C:/build/output/Unity-Technologies/mono/mono/metadata/object.c:3068)
0x00007fff3fc58960 (mono-2.0-bdwgc) mono_runtime_invoke (at C:/build/output/Unity-Technologies/mono/mono/metadata/object.c:3115)
0x00007fff38e4cea4 (Unity) scripting_method_invoke
0x00007fff38e25433 (Unity) ScriptingInvocation::Invoke
0x00007fff38e20b35 (Unity) ScriptingInvocation::Invoke<void>
0x00007fff38f8b4bb (Unity) Scripting::UnityEditor::EditorApplicationProxy::Internal_CallUpdateFunctions
0x00007fff3a07e0e4 (Unity) SceneTracker::Update
0x00007fff39be1247 (Unity) Application::TickTimer
0x00007fff3a1b25ac (Unity) MainMessageLoop
0x00007fff3a1b9d1c (Unity) UnityMain
0x00007ff68b302f2a (Unity) __scrt_common_main_seh
0x00007fffddade8d7 (KERNEL32) BaseThreadInitThunk
0x00007fffde88c53c (ntdll) RtlUserThreadStart

[RecoilConfiguration] Failed to deserialize JSON: JSON parse error: Missing a name for object member.. Returning default configuration.
0x00007fff38f222ae (Unity) StackWalker::ShowCallstack
0x00007fff38f31ee9 (Unity) PlatformStacktrace::GetStacktrace
0x00007fff3a1ac04e (Unity) Stacktrace::GetStacktrace
0x00007fff3a7859df (Unity) DebugStringToFile
0x00007fff37fd2930 (Unity) DebugLogHandler_CUSTOM_Internal_Log
0x000001e9766cbd3e (Mono JIT Code) (wrapper managed-to-native) UnityEngine.DebugLogHandler:Internal_Log_Injected (UnityEngine.LogType,UnityEngine.LogOption,UnityEngine.Bindings.ManagedSpanWrapper&,intptr)
0x000001e9766cbb43 (Mono JIT Code) UnityEngine.DebugLogHandler:Internal_Log (UnityEngine.LogType,UnityEngine.LogOption,string,UnityEngine.Object)
0x000001e9766cb7fb (Mono JIT Code) UnityEngine.DebugLogHandler:LogFormat (UnityEngine.LogType,UnityEngine.Object,string,object[])
0x000001e9766ca6ae (Mono JIT Code) UnityEngine.Logger:Log (UnityEngine.LogType,object)
0x000001e9aa2b404d (Mono JIT Code) UnityEngine.Debug:LogWarning (object)
0x000001e976d47adb (Mono JIT Code) RecoilConfiguration:FromJson (string) (at C:/Users/Ubuntu/Desktop/_DEV/AFFECT-2025-10-11/Assets/_SCRIPTS/_PLAYER/Recoil/RecoilConfiguration.cs:152)
0x000001e976d48643 (Mono JIT Code) SerializationProperties:Property16_InvalidJsonReturnsDefaultConfiguration () (at C:/Users/Ubuntu/Desktop/_DEV/AFFECT-2025-10-11/Assets/_SCRIPTS/Editor/SerializationProperties.cs:115)
0x000001e9aa264548 (Mono JIT Code) (wrapper runtime-invoke) object:runtime_invoke_void__this__ (object,intptr,intptr,intptr)
0x00007fff3fd16e7e (mono-2.0-bdwgc) mono_jit_runtime_invoke (at C:/build/output/Unity-Technologies/mono/mono/mini/mini-runtime.c:3445)
0x00007fff3fc58874 (mono-2.0-bdwgc) do_runtime_invoke (at C:/build/output/Unity-Technologies/mono/mono/metadata/object.c:3068)
0x00007fff3fc5f926 (mono-2.0-bdwgc) mono_runtime_try_invoke_array (at C:/build/output/Unity-Technologies/mono/mono/metadata/object.c:5774)
0x00007fff3fb91b81 (mono-2.0-bdwgc) ves_icall_InternalInvoke (at C:/build/output/Unity-Technologies/mono/mono/metadata/icall.c:4038)
0x00007fff3fbb7e31 (mono-2.0-bdwgc) ves_icall_InternalInvoke_raw (at C:/build/output/Unity-Technologies/mono/mono/metadata/icall-def.h:692)
0x000001e8e22b0f92 (Mono JIT Code) (wrapper managed-to-native) System.Reflection.RuntimeMethodInfo:InternalInvoke (System.Reflection.RuntimeMethodInfo,object,object[],System.Exception&)
0x000001e8e3c7ea73 (Mono JIT Code) System.Reflection.RuntimeMethodInfo:Invoke (object,System.Reflection.BindingFlags,System.Reflection.Binder,object[],System.Globalization.CultureInfo)
0x000001e8db9555ef (Mono JIT Code) System.Reflection.MethodBase:Invoke (object,object[])
0x000001e9aa26e783 (Mono JIT Code) NUnit.Framework.Internal.Reflect:InvokeMethod (System.Reflection.MethodInfo,object,object[])
0x000001e9aa2760ab (Mono JIT Code) NUnit.Framework.Internal.MethodWrapper:Invoke (object,object[])
0x000001e9aa275f8a (Mono JIT Code) NUnit.Framework.Internal.Commands.TestMethodCommand:RunNonAsyncTestMethod (NUnit.Framework.Internal.ITestExecutionContext)
0x000001e9aa275dd3 (Mono JIT Code) NUnit.Framework.Internal.Commands.TestMethodCommand:RunTestMethod (NUnit.Framework.Internal.ITestExecutionContext)
0x000001e9aa275973 (Mono JIT Code) NUnit.Framework.Internal.Commands.TestMethodCommand:Execute (NUnit.Framework.Internal.ITestExecutionContext)
0x000001e9aa27556b (Mono JIT Code) UnityEngine.TestTools.UnityTestMethodCommand:Execute (NUnit.Framework.Internal.ITestExecutionContext) (at ./Library/PackageCache/com.unity.test-framework@40e262928427/UnityEngine.TestRunner/NUnitExtensions/Commands/UnityTestMethodCommand.cs:19)
0x000001e9aa2752fb (Mono JIT Code) UnityEngine.TestRunner.NUnitExtensions.Runner.UnityLogCheckDelegatingCommand/<>c__DisplayClass2_0:<Execute>b__0 () (at ./Library/PackageCache/com.unity.test-framework@40e262928427/UnityEngine.TestRunner/NUnitExtensions/Runner/UnityLogCheckDelegatingCommand.cs:24)
0x000001e9aa275123 (Mono JIT Code) UnityEngine.TestRunner.NUnitExtensions.Runner.UnityLogCheckDelegatingCommand:CaptureException (NUnit.Framework.Internal.TestResult,System.Action) (at ./Library/PackageCache/com.unity.test-framework@40e262928427/UnityEngine.TestRunner/NUnitExtensions/Runner/UnityLogCheckDelegatingCommand.cs:72)
0x000001e9aa274fb3 (Mono JIT Code) UnityEngine.TestRunner.NUnitExtensions.Runner.UnityLogCheckDelegatingCommand:ExecuteAndCheckLog (UnityEngine.TestTools.Logging.LogScope,NUnit.Framework.Internal.TestResult,System.Action) (at ./Library/PackageCache/com.unity.test-framework@40e262928427/UnityEngine.TestRunner/NUnitExtensions/Runner/UnityLogCheckDelegatingCommand.cs:83)
0x000001e9aa274c3b (Mono JIT Code) UnityEngine.TestRunner.NUnitExtensions.Runner.UnityLogCheckDelegatingCommand:Execute (NUnit.Framework.Internal.ITestExecutionContext) (at ./Library/PackageCache/com.unity.test-framework@40e262928427/UnityEngine.TestRunner/NUnitExtensions/Runner/UnityLogCheckDelegatingCommand.cs:24)
0x000001e9aa273c19 (Mono JIT Code) UnityEngine.TestRunner.NUnitExtensions.Runner.UnityLogCheckDelegatingCommand/<ExecuteEnumerable>d__3:MoveNext () (at ./Library/PackageCache/com.unity.test-framework@40e262928427/UnityEngine.TestRunner/NUnitExtensions/Runner/UnityLogCheckDelegatingCommand.cs:35)
0x000001e9aa251e01 (Mono JIT Code) UnityEngine.TestTools.BeforeAfterTestCommandBase`1/<ExecuteEnumerable>d__16<T_REF>:MoveNext () (at ./Library/PackageCache/com.unity.test-framework@40e262928427/UnityEngine.TestRunner/NUnitExtensions/Commands/BeforeAfterTestCommandBase.cs:212)
0x000001e9aa272fb6 (Mono JIT Code) UnityEngine.TestTools.ImmediateEnumerableCommand:Execute (NUnit.Framework.Internal.ITestExecutionContext) (at ./Library/PackageCache/com.unity.test-framework@40e262928427/UnityEngine.TestRunner/NUnitExtensions/Commands/ImmediateEnumerableCommand.cs:18)
0x000001e9aa251f01 (Mono JIT Code) UnityEngine.TestTools.BeforeAfterTestCommandBase`1/<ExecuteEnumerable>d__16<T_REF>:MoveNext () (at ./Library/PackageCache/com.unity.test-framework@40e262928427/UnityEngine.TestRunner/NUnitExtensions/Commands/BeforeAfterTestCommandBase.cs:219)
0x000001e9aa251e01 (Mono JIT Code) UnityEngine.TestTools.BeforeAfterTestCommandBase`1/<ExecuteEnumerable>d__16<T_REF>:MoveNext () (at ./Library/PackageCache/com.unity.test-framework@40e262928427/UnityEngine.TestRunner/NUnitExtensions/Commands/BeforeAfterTestCommandBase.cs:212)
0x000001e9aa251e01 (Mono JIT Code) UnityEngine.TestTools.BeforeAfterTestCommandBase`1/<ExecuteEnumerable>d__16<T_REF>:MoveNext () (at ./Library/PackageCache/com.unity.test-framework@40e262928427/UnityEngine.TestRunner/NUnitExtensions/Commands/BeforeAfterTestCommandBase.cs:212)
0x000001e9aa26b457 (Mono JIT Code) UnityEngine.TestTools.RetryCommand/<ExecuteEnumerable>d__2:MoveNext () (at ./Library/PackageCache/com.unity.test-framework@40e262928427/UnityEngine.TestRunner/NUnitExtensions/Commands/RetryCommand.cs:37)
0x000001e9aa269f2f (Mono JIT Code) UnityEngine.TestTools.RepeatCommand/<ExecuteEnumerable>d__2:MoveNext () (at ./Library/PackageCache/com.unity.test-framework@40e262928427/UnityEngine.TestRunner/NUnitExtensions/Commands/RepeatCommand.cs:36)
0x000001e9aa268fa6 (Mono JIT Code) UnityEngine.TestTools.IgnoreTestCommand/<ExecuteEnumerable>d__3:MoveNext () (at ./Library/PackageCache/com.unity.test-framework@40e262928427/UnityEngine.TestRunner/NUnitExtensions/Commands/IgnoreTestCommand.cs:42)
0x000001e9aa267c7f (Mono JIT Code) UnityEngine.TestTools.StrictCheckCommand/<ExecuteEnumerable>d__2:MoveNext () (at ./Library/PackageCache/com.unity.test-framework@40e262928427/UnityEngine.TestRunner/NUnitExtensions/Commands/StrictCheckCommand.cs:29)
0x000001e9aa266fe1 (Mono JIT Code) UnityEngine.TestRunner.NUnitExtensions.Runner.DefaultTestWorkItem/<PerformWork>d__2:MoveNext () (at ./Library/PackageCache/com.unity.test-framework@40e262928427/UnityEngine.TestRunner/NUnitExtensions/Runner/DefaultTestWorkItem.cs:50)
0x000001e9aa255e12 (Mono JIT Code) UnityEngine.TestRunner.NUnitExtensions.Runner.CompositeWorkItem/<RunChildren>d__17:MoveNext () (at ./Library/PackageCache/com.unity.test-framework@40e262928427/UnityEngine.TestRunner/NUnitExtensions/Runner/CompositeWorkItem.cs:207)
0x000001e9aa247756 (Mono JIT Code) UnityEngine.TestRunner.NUnitExtensions.Runner.CompositeWorkItem/<PerformWork>d__13:MoveNext () (at ./Library/PackageCache/com.unity.test-framework@40e262928427/UnityEngine.TestRunner/NUnitExtensions/Runner/CompositeWorkItem.cs:82)
0x000001e9aa255e12 (Mono JIT Code) UnityEngine.TestRunner.NUnitExtensions.Runner.CompositeWorkItem/<RunChildren>d__17:MoveNext () (at ./Library/PackageCache/com.unity.test-framework@40e262928427/UnityEngine.TestRunner/NUnitExtensions/Runner/CompositeWorkItem.cs:207)
0x000001e9aa247756 (Mono JIT Code) UnityEngine.TestRunner.NUnitExtensions.Runner.CompositeWorkItem/<PerformWork>d__13:MoveNext () (at ./Library/PackageCache/com.unity.test-framework@40e262928427/UnityEngine.TestRunner/NUnitExtensions/Runner/CompositeWorkItem.cs:82)
0x000001e9aa255e12 (Mono JIT Code) UnityEngine.TestRunner.NUnitExtensions.Runner.CompositeWorkItem/<RunChildren>d__17:MoveNext () (at ./Library/PackageCache/com.unity.test-framework@40e262928427/UnityEngine.TestRunner/NUnitExtensions/Runner/CompositeWorkItem.cs:207)
0x000001e9aa247756 (Mono JIT Code) UnityEngine.TestRunner.NUnitExtensions.Runner.CompositeWorkItem/<PerformWork>d__13:MoveNext () (at ./Library/PackageCache/com.unity.test-framework@40e262928427/UnityEngine.TestRunner/NUnitExtensions/Runner/CompositeWorkItem.cs:82)
0x000001e9aa245fcc (Mono JIT Code) UnityEditor.TestTools.TestRunner.EditModeRunner:MoveNextAndUpdateYieldObject () (at ./Library/PackageCache/com.unity.test-framework@40e262928427/UnityEditor.TestRunner/TestRunner/EditModeRunner.cs:167)
0x000001e9aa245b7b (Mono JIT Code) UnityEditor.TestTools.TestRunner.EditModeRunner:TestConsumer (UnityEditor.TestTools.TestRunner.TestRunnerStateSerializer) (at ./Library/PackageCache/com.unity.test-framework@40e262928427/UnityEditor.TestRunner/TestRunner/EditModeRunner.cs:200)
0x000001e9aa23c173 (Mono JIT Code) UnityEditor.TestTools.TestRunner.TestRun.Tasks.EditModeRunTask/<Execute>d__1:MoveNext () (at ./Library/PackageCache/com.unity.test-framework@40e262928427/UnityEditor.TestRunner/TestRun/Tasks/EditModeRunTask.cs:48)
0x000001e977129d5e (Mono JIT Code) UnityEditor.TestTools.TestRunner.TestRun.TestJobRunner:ExecuteStep () (at ./Library/PackageCache/com.unity.test-framework@40e262928427/UnityEditor.TestRunner/TestRun/TestJobRunner.cs:173)
0x000001e977128953 (Mono JIT Code) UnityEditor.TestTools.TestRunner.TestRun.TestJobRunner:ExecuteCallback () (at ./Library/PackageCache/com.unity.test-framework@40e262928427/UnityEditor.TestRunner/TestRun/TestJobRunner.cs:108)
0x000001e99df821b8 (Mono JIT Code) UnityEditor.EditorApplication:Internal_CallUpdateFunctions ()
0x000001e8e6514785 (Mono JIT Code) (wrapper runtime-invoke) object:runtime_invoke_void (object,intptr,intptr,intptr)
0x00007fff3fd16e7e (mono-2.0-bdwgc) mono_jit_runtime_invoke (at C:/build/output/Unity-Technologies/mono/mono/mini/mini-runtime.c:3445)
0x00007fff3fc58874 (mono-2.0-bdwgc) do_runtime_invoke (at C:/build/output/Unity-Technologies/mono/mono/metadata/object.c:3068)
0x00007fff3fc58960 (mono-2.0-bdwgc) mono_runtime_invoke (at C:/build/output/Unity-Technologies/mono/mono/metadata/object.c:3115)
0x00007fff38e4cea4 (Unity) scripting_method_invoke
0x00007fff38e25433 (Unity) ScriptingInvocation::Invoke
0x00007fff38e20b35 (Unity) ScriptingInvocation::Invoke<void>
0x00007fff38f8b4bb (Unity) Scripting::UnityEditor::EditorApplicationProxy::Internal_CallUpdateFunctions
0x00007fff3a07e0e4 (Unity) SceneTracker::Update
0x00007fff39be1247 (Unity) Application::TickTimer
0x00007fff3a1b25ac (Unity) MainMessageLoop
0x00007fff3a1b9d1c (Unity) UnityMain
0x00007ff68b302f2a (Unity) __scrt_common_main_seh
0x00007fffddade8d7 (KERNEL32) BaseThreadInitThunk
0x00007fffde88c53c (ntdll) RtlUserThreadStart

[RecoilConfiguration] Empty or null JSON provided, returning default configuration.
0x00007fff38f222ae (Unity) StackWalker::ShowCallstack
0x00007fff38f31ee9 (Unity) PlatformStacktrace::GetStacktrace
0x00007fff3a1ac04e (Unity) Stacktrace::GetStacktrace
0x00007fff3a7859df (Unity) DebugStringToFile
0x00007fff37fd2930 (Unity) DebugLogHandler_CUSTOM_Internal_Log
0x000001e9766cbd3e (Mono JIT Code) (wrapper managed-to-native) UnityEngine.DebugLogHandler:Internal_Log_Injected (UnityEngine.LogType,UnityEngine.LogOption,UnityEngine.Bindings.ManagedSpanWrapper&,intptr)
0x000001e9766cbb43 (Mono JIT Code) UnityEngine.DebugLogHandler:Internal_Log (UnityEngine.LogType,UnityEngine.LogOption,string,UnityEngine.Object)
0x000001e9766cb7fb (Mono JIT Code) UnityEngine.DebugLogHandler:LogFormat (UnityEngine.LogType,UnityEngine.Object,string,object[])
0x000001e9766ca6ae (Mono JIT Code) UnityEngine.Logger:Log (UnityEngine.LogType,object)
0x000001e9aa2b404d (Mono JIT Code) UnityEngine.Debug:LogWarning (object)
0x000001e976d477fb (Mono JIT Code) RecoilConfiguration:FromJson (string) (at C:/Users/Ubuntu/Desktop/_DEV/AFFECT-2025-10-11/Assets/_SCRIPTS/_PLAYER/Recoil/RecoilConfiguration.cs:136)
0x000001e976d48643 (Mono JIT Code) SerializationProperties:Property16_InvalidJsonReturnsDefaultConfiguration () (at C:/Users/Ubuntu/Desktop/_DEV/AFFECT-2025-10-11/Assets/_SCRIPTS/Editor/SerializationProperties.cs:115)
0x000001e9aa264548 (Mono JIT Code) (wrapper runtime-invoke) object:runtime_invoke_void__this__ (object,intptr,intptr,intptr)
0x00007fff3fd16e7e (mono-2.0-bdwgc) mono_jit_runtime_invoke (at C:/build/output/Unity-Technologies/mono/mono/mini/mini-runtime.c:3445)
0x00007fff3fc58874 (mono-2.0-bdwgc) do_runtime_invoke (at C:/build/output/Unity-Technologies/mono/mono/metadata/object.c:3068)
0x00007fff3fc5f926 (mono-2.0-bdwgc) mono_runtime_try_invoke_array (at C:/build/output/Unity-Technologies/mono/mono/metadata/object.c:5774)
0x00007fff3fb91b81 (mono-2.0-bdwgc) ves_icall_InternalInvoke (at C:/build/output/Unity-Technologies/mono/mono/metadata/icall.c:4038)
0x00007fff3fbb7e31 (mono-2.0-bdwgc) ves_icall_InternalInvoke_raw (at C:/build/output/Unity-Technologies/mono/mono/metadata/icall-def.h:692)
0x000001e8e22b0f92 (Mono JIT Code) (wrapper managed-to-native) System.Reflection.RuntimeMethodInfo:InternalInvoke (System.Reflection.RuntimeMethodInfo,object,object[],System.Exception&)
0x000001e8e3c7ea73 (Mono JIT Code) System.Reflection.RuntimeMethodInfo:Invoke (object,System.Reflection.BindingFlags,System.Reflection.Binder,object[],System.Globalization.CultureInfo)
0x000001e8db9555ef (Mono JIT Code) System.Reflection.MethodBase:Invoke (object,object[])
0x000001e9aa26e783 (Mono JIT Code) NUnit.Framework.Internal.Reflect:InvokeMethod (System.Reflection.MethodInfo,object,object[])
0x000001e9aa2760ab (Mono JIT Code) NUnit.Framework.Internal.MethodWrapper:Invoke (object,object[])
0x000001e9aa275f8a (Mono JIT Code) NUnit.Framework.Internal.Commands.TestMethodCommand:RunNonAsyncTestMethod (NUnit.Framework.Internal.ITestExecutionContext)
0x000001e9aa275dd3 (Mono JIT Code) NUnit.Framework.Internal.Commands.TestMethodCommand:RunTestMethod (NUnit.Framework.Internal.ITestExecutionContext)
0x000001e9aa275973 (Mono JIT Code) NUnit.Framework.Internal.Commands.TestMethodCommand:Execute (NUnit.Framework.Internal.ITestExecutionContext)
0x000001e9aa27556b (Mono JIT Code) UnityEngine.TestTools.UnityTestMethodCommand:Execute (NUnit.Framework.Internal.ITestExecutionContext) (at ./Library/PackageCache/com.unity.test-framework@40e262928427/UnityEngine.TestRunner/NUnitExtensions/Commands/UnityTestMethodCommand.cs:19)
0x000001e9aa2752fb (Mono JIT Code) UnityEngine.TestRunner.NUnitExtensions.Runner.UnityLogCheckDelegatingCommand/<>c__DisplayClass2_0:<Execute>b__0 () (at ./Library/PackageCache/com.unity.test-framework@40e262928427/UnityEngine.TestRunner/NUnitExtensions/Runner/UnityLogCheckDelegatingCommand.cs:24)
0x000001e9aa275123 (Mono JIT Code) UnityEngine.TestRunner.NUnitExtensions.Runner.UnityLogCheckDelegatingCommand:CaptureException (NUnit.Framework.Internal.TestResult,System.Action) (at ./Library/PackageCache/com.unity.test-framework@40e262928427/UnityEngine.TestRunner/NUnitExtensions/Runner/UnityLogCheckDelegatingCommand.cs:72)
0x000001e9aa274fb3 (Mono JIT Code) UnityEngine.TestRunner.NUnitExtensions.Runner.UnityLogCheckDelegatingCommand:ExecuteAndCheckLog (UnityEngine.TestTools.Logging.LogScope,NUnit.Framework.Internal.TestResult,System.Action) (at ./Library/PackageCache/com.unity.test-framework@40e262928427/UnityEngine.TestRunner/NUnitExtensions/Runner/UnityLogCheckDelegatingCommand.cs:83)
0x000001e9aa274c3b (Mono JIT Code) UnityEngine.TestRunner.NUnitExtensions.Runner.UnityLogCheckDelegatingCommand:Execute (NUnit.Framework.Internal.ITestExecutionContext) (at ./Library/PackageCache/com.unity.test-framework@40e262928427/UnityEngine.TestRunner/NUnitExtensions/Runner/UnityLogCheckDelegatingCommand.cs:24)
0x000001e9aa273c19 (Mono JIT Code) UnityEngine.TestRunner.NUnitExtensions.Runner.UnityLogCheckDelegatingCommand/<ExecuteEnumerable>d__3:MoveNext () (at ./Library/PackageCache/com.unity.test-framework@40e262928427/UnityEngine.TestRunner/NUnitExtensions/Runner/UnityLogCheckDelegatingCommand.cs:35)
0x000001e9aa251e01 (Mono JIT Code) UnityEngine.TestTools.BeforeAfterTestCommandBase`1/<ExecuteEnumerable>d__16<T_REF>:MoveNext () (at ./Library/PackageCache/com.unity.test-framework@40e262928427/UnityEngine.TestRunner/NUnitExtensions/Commands/BeforeAfterTestCommandBase.cs:212)
0x000001e9aa272fb6 (Mono JIT Code) UnityEngine.TestTools.ImmediateEnumerableCommand:Execute (NUnit.Framework.Internal.ITestExecutionContext) (at ./Library/PackageCache/com.unity.test-framework@40e262928427/UnityEngine.TestRunner/NUnitExtensions/Commands/ImmediateEnumerableCommand.cs:18)
0x000001e9aa251f01 (Mono JIT Code) UnityEngine.TestTools.BeforeAfterTestCommandBase`1/<ExecuteEnumerable>d__16<T_REF>:MoveNext () (at ./Library/PackageCache/com.unity.test-framework@40e262928427/UnityEngine.TestRunner/NUnitExtensions/Commands/BeforeAfterTestCommandBase.cs:219)
0x000001e9aa251e01 (Mono JIT Code) UnityEngine.TestTools.BeforeAfterTestCommandBase`1/<ExecuteEnumerable>d__16<T_REF>:MoveNext () (at ./Library/PackageCache/com.unity.test-framework@40e262928427/UnityEngine.TestRunner/NUnitExtensions/Commands/BeforeAfterTestCommandBase.cs:212)
0x000001e9aa251e01 (Mono JIT Code) UnityEngine.TestTools.BeforeAfterTestCommandBase`1/<ExecuteEnumerable>d__16<T_REF>:MoveNext () (at ./Library/PackageCache/com.unity.test-framework@40e262928427/UnityEngine.TestRunner/NUnitExtensions/Commands/BeforeAfterTestCommandBase.cs:212)
0x000001e9aa26b457 (Mono JIT Code) UnityEngine.TestTools.RetryCommand/<ExecuteEnumerable>d__2:MoveNext () (at ./Library/PackageCache/com.unity.test-framework@40e262928427/UnityEngine.TestRunner/NUnitExtensions/Commands/RetryCommand.cs:37)
0x000001e9aa269f2f (Mono JIT Code) UnityEngine.TestTools.RepeatCommand/<ExecuteEnumerable>d__2:MoveNext () (at ./Library/PackageCache/com.unity.test-framework@40e262928427/UnityEngine.TestRunner/NUnitExtensions/Commands/RepeatCommand.cs:36)
0x000001e9aa268fa6 (Mono JIT Code) UnityEngine.TestTools.IgnoreTestCommand/<ExecuteEnumerable>d__3:MoveNext () (at ./Library/PackageCache/com.unity.test-framework@40e262928427/UnityEngine.TestRunner/NUnitExtensions/Commands/IgnoreTestCommand.cs:42)
0x000001e9aa267c7f (Mono JIT Code) UnityEngine.TestTools.StrictCheckCommand/<ExecuteEnumerable>d__2:MoveNext () (at ./Library/PackageCache/com.unity.test-framework@40e262928427/UnityEngine.TestRunner/NUnitExtensions/Commands/StrictCheckCommand.cs:29)
0x000001e9aa266fe1 (Mono JIT Code) UnityEngine.TestRunner.NUnitExtensions.Runner.DefaultTestWorkItem/<PerformWork>d__2:MoveNext () (at ./Library/PackageCache/com.unity.test-framework@40e262928427/UnityEngine.TestRunner/NUnitExtensions/Runner/DefaultTestWorkItem.cs:50)
0x000001e9aa255e12 (Mono JIT Code) UnityEngine.TestRunner.NUnitExtensions.Runner.CompositeWorkItem/<RunChildren>d__17:MoveNext () (at ./Library/PackageCache/com.unity.test-framework@40e262928427/UnityEngine.TestRunner/NUnitExtensions/Runner/CompositeWorkItem.cs:207)
0x000001e9aa247756 (Mono JIT Code) UnityEngine.TestRunner.NUnitExtensions.Runner.CompositeWorkItem/<PerformWork>d__13:MoveNext () (at ./Library/PackageCache/com.unity.test-framework@40e262928427/UnityEngine.TestRunner/NUnitExtensions/Runner/CompositeWorkItem.cs:82)
0x000001e9aa255e12 (Mono JIT Code) UnityEngine.TestRunner.NUnitExtensions.Runner.CompositeWorkItem/<RunChildren>d__17:MoveNext () (at ./Library/PackageCache/com.unity.test-framework@40e262928427/UnityEngine.TestRunner/NUnitExtensions/Runner/CompositeWorkItem.cs:207)
0x000001e9aa247756 (Mono JIT Code) UnityEngine.TestRunner.NUnitExtensions.Runner.CompositeWorkItem/<PerformWork>d__13:MoveNext () (at ./Library/PackageCache/com.unity.test-framework@40e262928427/UnityEngine.TestRunner/NUnitExtensions/Runner/CompositeWorkItem.cs:82)
0x000001e9aa255e12 (Mono JIT Code) UnityEngine.TestRunner.NUnitExtensions.Runner.CompositeWorkItem/<RunChildren>d__17:MoveNext () (at ./Library/PackageCache/com.unity.test-framework@40e262928427/UnityEngine.TestRunner/NUnitExtensions/Runner/CompositeWorkItem.cs:207)
0x000001e9aa247756 (Mono JIT Code) UnityEngine.TestRunner.NUnitExtensions.Runner.CompositeWorkItem/<PerformWork>d__13:MoveNext () (at ./Library/PackageCache/com.unity.test-framework@40e262928427/UnityEngine.TestRunner/NUnitExtensions/Runner/CompositeWorkItem.cs:82)
0x000001e9aa245fcc (Mono JIT Code) UnityEditor.TestTools.TestRunner.EditModeRunner:MoveNextAndUpdateYieldObject () (at ./Library/PackageCache/com.unity.test-framework@40e262928427/UnityEditor.TestRunner/TestRunner/EditModeRunner.cs:167)
0x000001e9aa245b7b (Mono JIT Code) UnityEditor.TestTools.TestRunner.EditModeRunner:TestConsumer (UnityEditor.TestTools.TestRunner.TestRunnerStateSerializer) (at ./Library/PackageCache/com.unity.test-framework@40e262928427/UnityEditor.TestRunner/TestRunner/EditModeRunner.cs:200)
0x000001e9aa23c173 (Mono JIT Code) UnityEditor.TestTools.TestRunner.TestRun.Tasks.EditModeRunTask/<Execute>d__1:MoveNext () (at ./Library/PackageCache/com.unity.test-framework@40e262928427/UnityEditor.TestRunner/TestRun/Tasks/EditModeRunTask.cs:48)
0x000001e977129d5e (Mono JIT Code) UnityEditor.TestTools.TestRunner.TestRun.TestJobRunner:ExecuteStep () (at ./Library/PackageCache/com.unity.test-framework@40e262928427/UnityEditor.TestRunner/TestRun/TestJobRunner.cs:173)
0x000001e977128953 (Mono JIT Code) UnityEditor.TestTools.TestRunner.TestRun.TestJobRunner:ExecuteCallback () (at ./Library/PackageCache/com.unity.test-framework@40e262928427/UnityEditor.TestRunner/TestRun/TestJobRunner.cs:108)
0x000001e99df821b8 (Mono JIT Code) UnityEditor.EditorApplication:Internal_CallUpdateFunctions ()
0x000001e8e6514785 (Mono JIT Code) (wrapper runtime-invoke) object:runtime_invoke_void (object,intptr,intptr,intptr)
0x00007fff3fd16e7e (mono-2.0-bdwgc) mono_jit_runtime_invoke (at C:/build/output/Unity-Technologies/mono/mono/mini/mini-runtime.c:3445)
0x00007fff3fc58874 (mono-2.0-bdwgc) do_runtime_invoke (at C:/build/output/Unity-Technologies/mono/mono/metadata/object.c:3068)
0x00007fff3fc58960 (mono-2.0-bdwgc) mono_runtime_invoke (at C:/build/output/Unity-Technologies/mono/mono/metadata/object.c:3115)
0x00007fff38e4cea4 (Unity) scripting_method_invoke
0x00007fff38e25433 (Unity) ScriptingInvocation::Invoke
0x00007fff38e20b35 (Unity) ScriptingInvocation::Invoke<void>
0x00007fff38f8b4bb (Unity) Scripting::UnityEditor::EditorApplicationProxy::Internal_CallUpdateFunctions
0x00007fff3a07e0e4 (Unity) SceneTracker::Update
0x00007fff39be1247 (Unity) Application::TickTimer
0x00007fff3a1b25ac (Unity) MainMessageLoop
0x00007fff3a1b9d1c (Unity) UnityMain
0x00007ff68b302f2a (Unity) __scrt_common_main_seh
0x00007fffddade8d7 (KERNEL32) BaseThreadInitThunk
0x00007fffde88c53c (ntdll) RtlUserThreadStart

[RecoilConfiguration] Failed to deserialize JSON: JSON parse error: Missing a name for object member.. Returning default configuration.
0x00007fff38f222ae (Unity) StackWalker::ShowCallstack
0x00007fff38f31ee9 (Unity) PlatformStacktrace::GetStacktrace
0x00007fff3a1ac04e (Unity) Stacktrace::GetStacktrace
0x00007fff3a7859df (Unity) DebugStringToFile
0x00007fff37fd2930 (Unity) DebugLogHandler_CUSTOM_Internal_Log
0x000001e9766cbd3e (Mono JIT Code) (wrapper managed-to-native) UnityEngine.DebugLogHandler:Internal_Log_Injected (UnityEngine.LogType,UnityEngine.LogOption,UnityEngine.Bindings.ManagedSpanWrapper&,intptr)
0x000001e9766cbb43 (Mono JIT Code) UnityEngine.DebugLogHandler:Internal_Log (UnityEngine.LogType,UnityEngine.LogOption,string,UnityEngine.Object)
0x000001e9766cb7fb (Mono JIT Code) UnityEngine.DebugLogHandler:LogFormat (UnityEngine.LogType,UnityEngine.Object,string,object[])
0x000001e9766ca6ae (Mono JIT Code) UnityEngine.Logger:Log (UnityEngine.LogType,object)
0x000001e9aa2b404d (Mono JIT Code) UnityEngine.Debug:LogWarning (object)
0x000001e976d47adb (Mono JIT Code) RecoilConfiguration:FromJson (string) (at C:/Users/Ubuntu/Desktop/_DEV/AFFECT-2025-10-11/Assets/_SCRIPTS/_PLAYER/Recoil/RecoilConfiguration.cs:152)
0x000001e976d48643 (Mono JIT Code) SerializationProperties:Property16_InvalidJsonReturnsDefaultConfiguration () (at C:/Users/Ubuntu/Desktop/_DEV/AFFECT-2025-10-11/Assets/_SCRIPTS/Editor/SerializationProperties.cs:115)
0x000001e9aa264548 (Mono JIT Code) (wrapper runtime-invoke) object:runtime_invoke_void__this__ (object,intptr,intptr,intptr)
0x00007fff3fd16e7e (mono-2.0-bdwgc) mono_jit_runtime_invoke (at C:/build/output/Unity-Technologies/mono/mono/mini/mini-runtime.c:3445)
0x00007fff3fc58874 (mono-2.0-bdwgc) do_runtime_invoke (at C:/build/output/Unity-Technologies/mono/mono/metadata/object.c:3068)
0x00007fff3fc5f926 (mono-2.0-bdwgc) mono_runtime_try_invoke_array (at C:/build/output/Unity-Technologies/mono/mono/metadata/object.c:5774)
0x00007fff3fb91b81 (mono-2.0-bdwgc) ves_icall_InternalInvoke (at C:/build/output/Unity-Technologies/mono/mono/metadata/icall.c:4038)
0x00007fff3fbb7e31 (mono-2.0-bdwgc) ves_icall_InternalInvoke_raw (at C:/build/output/Unity-Technologies/mono/mono/metadata/icall-def.h:692)
0x000001e8e22b0f92 (Mono JIT Code) (wrapper managed-to-native) System.Reflection.RuntimeMethodInfo:InternalInvoke (System.Reflection.RuntimeMethodInfo,object,object[],System.Exception&)
0x000001e8e3c7ea73 (Mono JIT Code) System.Reflection.RuntimeMethodInfo:Invoke (object,System.Reflection.BindingFlags,System.Reflection.Binder,object[],System.Globalization.CultureInfo)
0x000001e8db9555ef (Mono JIT Code) System.Reflection.MethodBase:Invoke (object,object[])
0x000001e9aa26e783 (Mono JIT Code) NUnit.Framework.Internal.Reflect:InvokeMethod (System.Reflection.MethodInfo,object,object[])
0x000001e9aa2760ab (Mono JIT Code) NUnit.Framework.Internal.MethodWrapper:Invoke (object,object[])
0x000001e9aa275f8a (Mono JIT Code) NUnit.Framework.Internal.Commands.TestMethodCommand:RunNonAsyncTestMethod (NUnit.Framework.Internal.ITestExecutionContext)
0x000001e9aa275dd3 (Mono JIT Code) NUnit.Framework.Internal.Commands.TestMethodCommand:RunTestMethod (NUnit.Framework.Internal.ITestExecutionContext)
0x000001e9aa275973 (Mono JIT Code) NUnit.Framework.Internal.Commands.TestMethodCommand:Execute (NUnit.Framework.Internal.ITestExecutionContext)
0x000001e9aa27556b (Mono JIT Code) UnityEngine.TestTools.UnityTestMethodCommand:Execute (NUnit.Framework.Internal.ITestExecutionContext) (at ./Library/PackageCache/com.unity.test-framework@40e262928427/UnityEngine.TestRunner/NUnitExtensions/Commands/UnityTestMethodCommand.cs:19)
0x000001e9aa2752fb (Mono JIT Code) UnityEngine.TestRunner.NUnitExtensions.Runner.UnityLogCheckDelegatingCommand/<>c__DisplayClass2_0:<Execute>b__0 () (at ./Library/PackageCache/com.unity.test-framework@40e262928427/UnityEngine.TestRunner/NUnitExtensions/Runner/UnityLogCheckDelegatingCommand.cs:24)
0x000001e9aa275123 (Mono JIT Code) UnityEngine.TestRunner.NUnitExtensions.Runner.UnityLogCheckDelegatingCommand:CaptureException (NUnit.Framework.Internal.TestResult,System.Action) (at ./Library/PackageCache/com.unity.test-framework@40e262928427/UnityEngine.TestRunner/NUnitExtensions/Runner/UnityLogCheckDelegatingCommand.cs:72)
0x000001e9aa274fb3 (Mono JIT Code) UnityEngine.TestRunner.NUnitExtensions.Runner.UnityLogCheckDelegatingCommand:ExecuteAndCheckLog (UnityEngine.TestTools.Logging.LogScope,NUnit.Framework.Internal.TestResult,System.Action) (at ./Library/PackageCache/com.unity.test-framework@40e262928427/UnityEngine.TestRunner/NUnitExtensions/Runner/UnityLogCheckDelegatingCommand.cs:83)
0x000001e9aa274c3b (Mono JIT Code) UnityEngine.TestRunner.NUnitExtensions.Runner.UnityLogCheckDelegatingCommand:Execute (NUnit.Framework.Internal.ITestExecutionContext) (at ./Library/PackageCache/com.unity.test-framework@40e262928427/UnityEngine.TestRunner/NUnitExtensions/Runner/UnityLogCheckDelegatingCommand.cs:24)
0x000001e9aa273c19 (Mono JIT Code) UnityEngine.TestRunner.NUnitExtensions.Runner.UnityLogCheckDelegatingCommand/<ExecuteEnumerable>d__3:MoveNext () (at ./Library/PackageCache/com.unity.test-framework@40e262928427/UnityEngine.TestRunner/NUnitExtensions/Runner/UnityLogCheckDelegatingCommand.cs:35)
0x000001e9aa251e01 (Mono JIT Code) UnityEngine.TestTools.BeforeAfterTestCommandBase`1/<ExecuteEnumerable>d__16<T_REF>:MoveNext () (at ./Library/PackageCache/com.unity.test-framework@40e262928427/UnityEngine.TestRunner/NUnitExtensions/Commands/BeforeAfterTestCommandBase.cs:212)
0x000001e9aa272fb6 (Mono JIT Code) UnityEngine.TestTools.ImmediateEnumerableCommand:Execute (NUnit.Framework.Internal.ITestExecutionContext) (at ./Library/PackageCache/com.unity.test-framework@40e262928427/UnityEngine.TestRunner/NUnitExtensions/Commands/ImmediateEnumerableCommand.cs:18)
0x000001e9aa251f01 (Mono JIT Code) UnityEngine.TestTools.BeforeAfterTestCommandBase`1/<ExecuteEnumerable>d__16<T_REF>:MoveNext () (at ./Library/PackageCache/com.unity.test-framework@40e262928427/UnityEngine.TestRunner/NUnitExtensions/Commands/BeforeAfterTestCommandBase.cs:219)
0x000001e9aa251e01 (Mono JIT Code) UnityEngine.TestTools.BeforeAfterTestCommandBase`1/<ExecuteEnumerable>d__16<T_REF>:MoveNext () (at ./Library/PackageCache/com.unity.test-framework@40e262928427/UnityEngine.TestRunner/NUnitExtensions/Commands/BeforeAfterTestCommandBase.cs:212)
0x000001e9aa251e01 (Mono JIT Code) UnityEngine.TestTools.BeforeAfterTestCommandBase`1/<ExecuteEnumerable>d__16<T_REF>:MoveNext () (at ./Library/PackageCache/com.unity.test-framework@40e262928427/UnityEngine.TestRunner/NUnitExtensions/Commands/BeforeAfterTestCommandBase.cs:212)
0x000001e9aa26b457 (Mono JIT Code) UnityEngine.TestTools.RetryCommand/<ExecuteEnumerable>d__2:MoveNext () (at ./Library/PackageCache/com.unity.test-framework@40e262928427/UnityEngine.TestRunner/NUnitExtensions/Commands/RetryCommand.cs:37)
0x000001e9aa269f2f (Mono JIT Code) UnityEngine.TestTools.RepeatCommand/<ExecuteEnumerable>d__2:MoveNext () (at ./Library/PackageCache/com.unity.test-framework@40e262928427/UnityEngine.TestRunner/NUnitExtensions/Commands/RepeatCommand.cs:36)
0x000001e9aa268fa6 (Mono JIT Code) UnityEngine.TestTools.IgnoreTestCommand/<ExecuteEnumerable>d__3:MoveNext () (at ./Library/PackageCache/com.unity.test-framework@40e262928427/UnityEngine.TestRunner/NUnitExtensions/Commands/IgnoreTestCommand.cs:42)
0x000001e9aa267c7f (Mono JIT Code) UnityEngine.TestTools.StrictCheckCommand/<ExecuteEnumerable>d__2:MoveNext () (at ./Library/PackageCache/com.unity.test-framework@40e262928427/UnityEngine.TestRunner/NUnitExtensions/Commands/StrictCheckCommand.cs:29)
0x000001e9aa266fe1 (Mono JIT Code) UnityEngine.TestRunner.NUnitExtensions.Runner.DefaultTestWorkItem/<PerformWork>d__2:MoveNext () (at ./Library/PackageCache/com.unity.test-framework@40e262928427/UnityEngine.TestRunner/NUnitExtensions/Runner/DefaultTestWorkItem.cs:50)
0x000001e9aa255e12 (Mono JIT Code) UnityEngine.TestRunner.NUnitExtensions.Runner.CompositeWorkItem/<RunChildren>d__17:MoveNext () (at ./Library/PackageCache/com.unity.test-framework@40e262928427/UnityEngine.TestRunner/NUnitExtensions/Runner/CompositeWorkItem.cs:207)
0x000001e9aa247756 (Mono JIT Code) UnityEngine.TestRunner.NUnitExtensions.Runner.CompositeWorkItem/<PerformWork>d__13:MoveNext () (at ./Library/PackageCache/com.unity.test-framework@40e262928427/UnityEngine.TestRunner/NUnitExtensions/Runner/CompositeWorkItem.cs:82)
0x000001e9aa255e12 (Mono JIT Code) UnityEngine.TestRunner.NUnitExtensions.Runner.CompositeWorkItem/<RunChildren>d__17:MoveNext () (at ./Library/PackageCache/com.unity.test-framework@40e262928427/UnityEngine.TestRunner/NUnitExtensions/Runner/CompositeWorkItem.cs:207)
0x000001e9aa247756 (Mono JIT Code) UnityEngine.TestRunner.NUnitExtensions.Runner.CompositeWorkItem/<PerformWork>d__13:MoveNext () (at ./Library/PackageCache/com.unity.test-framework@40e262928427/UnityEngine.TestRunner/NUnitExtensions/Runner/CompositeWorkItem.cs:82)
0x000001e9aa255e12 (Mono JIT Code) UnityEngine.TestRunner.NUnitExtensions.Runner.CompositeWorkItem/<RunChildren>d__17:MoveNext () (at ./Library/PackageCache/com.unity.test-framework@40e262928427/UnityEngine.TestRunner/NUnitExtensions/Runner/CompositeWorkItem.cs:207)
0x000001e9aa247756 (Mono JIT Code) UnityEngine.TestRunner.NUnitExtensions.Runner.CompositeWorkItem/<PerformWork>d__13:MoveNext () (at ./Library/PackageCache/com.unity.test-framework@40e262928427/UnityEngine.TestRunner/NUnitExtensions/Runner/CompositeWorkItem.cs:82)
0x000001e9aa245fcc (Mono JIT Code) UnityEditor.TestTools.TestRunner.EditModeRunner:MoveNextAndUpdateYieldObject () (at ./Library/PackageCache/com.unity.test-framework@40e262928427/UnityEditor.TestRunner/TestRunner/EditModeRunner.cs:167)
0x000001e9aa245b7b (Mono JIT Code) UnityEditor.TestTools.TestRunner.EditModeRunner:TestConsumer (UnityEditor.TestTools.TestRunner.TestRunnerStateSerializer) (at ./Library/PackageCache/com.unity.test-framework@40e262928427/UnityEditor.TestRunner/TestRunner/EditModeRunner.cs:200)
0x000001e9aa23c173 (Mono JIT Code) UnityEditor.TestTools.TestRunner.TestRun.Tasks.EditModeRunTask/<Execute>d__1:MoveNext () (at ./Library/PackageCache/com.unity.test-framework@40e262928427/UnityEditor.TestRunner/TestRun/Tasks/EditModeRunTask.cs:48)
0x000001e977129d5e (Mono JIT Code) UnityEditor.TestTools.TestRunner.TestRun.TestJobRunner:ExecuteStep () (at ./Library/PackageCache/com.unity.test-framework@40e262928427/UnityEditor.TestRunner/TestRun/TestJobRunner.cs:173)
0x000001e977128953 (Mono JIT Code) UnityEditor.TestTools.TestRunner.TestRun.TestJobRunner:ExecuteCallback () (at ./Library/PackageCache/com.unity.test-framework@40e262928427/UnityEditor.TestRunner/TestRun/TestJobRunner.cs:108)
0x000001e99df821b8 (Mono JIT Code) UnityEditor.EditorApplication:Internal_CallUpdateFunctions ()
0x000001e8e6514785 (Mono JIT Code) (wrapper runtime-invoke) object:runtime_invoke_void (object,intptr,intptr,intptr)
0x00007fff3fd16e7e (mono-2.0-bdwgc) mono_jit_runtime_invoke (at C:/build/output/Unity-Technologies/mono/mono/mini/mini-runtime.c:3445)
0x00007fff3fc58874 (mono-2.0-bdwgc) do_runtime_invoke (at C:/build/output/Unity-Technologies/mono/mono/metadata/object.c:3068)
0x00007fff3fc58960 (mono-2.0-bdwgc) mono_runtime_invoke (at C:/build/output/Unity-Technologies/mono/mono/metadata/object.c:3115)
0x00007fff38e4cea4 (Unity) scripting_method_invoke
0x00007fff38e25433 (Unity) ScriptingInvocation::Invoke
0x00007fff38e20b35 (Unity) ScriptingInvocation::Invoke<void>
0x00007fff38f8b4bb (Unity) Scripting::UnityEditor::EditorApplicationProxy::Internal_CallUpdateFunctions
0x00007fff3a07e0e4 (Unity) SceneTracker::Update
0x00007fff39be1247 (Unity) Application::TickTimer
0x00007fff3a1b25ac (Unity) MainMessageLoop
0x00007fff3a1b9d1c (Unity) UnityMain
0x00007ff68b302f2a (Unity) __scrt_common_main_seh
0x00007fffddade8d7 (KERNEL32) BaseThreadInitThunk
0x00007fffde88c53c (ntdll) RtlUserThreadStart

[RecoilConfiguration] Empty or null JSON provided, returning default configuration.
0x00007fff38f222ae (Unity) StackWalker::ShowCallstack
0x00007fff38f31ee9 (Unity) PlatformStacktrace::GetStacktrace
0x00007fff3a1ac04e (Unity) Stacktrace::GetStacktrace
0x00007fff3a7859df (Unity) DebugStringToFile
0x00007fff37fd2930 (Unity) DebugLogHandler_CUSTOM_Internal_Log
0x000001e9766cbd3e (Mono JIT Code) (wrapper managed-to-native) UnityEngine.DebugLogHandler:Internal_Log_Injected (UnityEngine.LogType,UnityEngine.LogOption,UnityEngine.Bindings.ManagedSpanWrapper&,intptr)
0x000001e9766cbb43 (Mono JIT Code) UnityEngine.DebugLogHandler:Internal_Log (UnityEngine.LogType,UnityEngine.LogOption,string,UnityEngine.Object)
0x000001e9766cb7fb (Mono JIT Code) UnityEngine.DebugLogHandler:LogFormat (UnityEngine.LogType,UnityEngine.Object,string,object[])
0x000001e9766ca6ae (Mono JIT Code) UnityEngine.Logger:Log (UnityEngine.LogType,object)
0x000001e9aa2b404d (Mono JIT Code) UnityEngine.Debug:LogWarning (object)
0x000001e976d477fb (Mono JIT Code) RecoilConfiguration:FromJson (string) (at C:/Users/Ubuntu/Desktop/_DEV/AFFECT-2025-10-11/Assets/_SCRIPTS/_PLAYER/Recoil/RecoilConfiguration.cs:136)
0x000001e976d48643 (Mono JIT Code) SerializationProperties:Property16_InvalidJsonReturnsDefaultConfiguration () (at C:/Users/Ubuntu/Desktop/_DEV/AFFECT-2025-10-11/Assets/_SCRIPTS/Editor/SerializationProperties.cs:115)
0x000001e9aa264548 (Mono JIT Code) (wrapper runtime-invoke) object:runtime_invoke_void__this__ (object,intptr,intptr,intptr)
0x00007fff3fd16e7e (mono-2.0-bdwgc) mono_jit_runtime_invoke (at C:/build/output/Unity-Technologies/mono/mono/mini/mini-runtime.c:3445)
0x00007fff3fc58874 (mono-2.0-bdwgc) do_runtime_invoke (at C:/build/output/Unity-Technologies/mono/mono/metadata/object.c:3068)
0x00007fff3fc5f926 (mono-2.0-bdwgc) mono_runtime_try_invoke_array (at C:/build/output/Unity-Technologies/mono/mono/metadata/object.c:5774)
0x00007fff3fb91b81 (mono-2.0-bdwgc) ves_icall_InternalInvoke (at C:/build/output/Unity-Technologies/mono/mono/metadata/icall.c:4038)
0x00007fff3fbb7e31 (mono-2.0-bdwgc) ves_icall_InternalInvoke_raw (at C:/build/output/Unity-Technologies/mono/mono/metadata/icall-def.h:692)
0x000001e8e22b0f92 (Mono JIT Code) (wrapper managed-to-native) System.Reflection.RuntimeMethodInfo:InternalInvoke (System.Reflection.RuntimeMethodInfo,object,object[],System.Exception&)
0x000001e8e3c7ea73 (Mono JIT Code) System.Reflection.RuntimeMethodInfo:Invoke (object,System.Reflection.BindingFlags,System.Reflection.Binder,object[],System.Globalization.CultureInfo)
0x000001e8db9555ef (Mono JIT Code) System.Reflection.MethodBase:Invoke (object,object[])
0x000001e9aa26e783 (Mono JIT Code) NUnit.Framework.Internal.Reflect:InvokeMethod (System.Reflection.MethodInfo,object,object[])
0x000001e9aa2760ab (Mono JIT Code) NUnit.Framework.Internal.MethodWrapper:Invoke (object,object[])
0x000001e9aa275f8a (Mono JIT Code) NUnit.Framework.Internal.Commands.TestMethodCommand:RunNonAsyncTestMethod (NUnit.Framework.Internal.ITestExecutionContext)
0x000001e9aa275dd3 (Mono JIT Code) NUnit.Framework.Internal.Commands.TestMethodCommand:RunTestMethod (NUnit.Framework.Internal.ITestExecutionContext)
0x000001e9aa275973 (Mono JIT Code) NUnit.Framework.Internal.Commands.TestMethodCommand:Execute (NUnit.Framework.Internal.ITestExecutionContext)
0x000001e9aa27556b (Mono JIT Code) UnityEngine.TestTools.UnityTestMethodCommand:Execute (NUnit.Framework.Internal.ITestExecutionContext) (at ./Library/PackageCache/com.unity.test-framework@40e262928427/UnityEngine.TestRunner/NUnitExtensions/Commands/UnityTestMethodCommand.cs:19)
0x000001e9aa2752fb (Mono JIT Code) UnityEngine.TestRunner.NUnitExtensions.Runner.UnityLogCheckDelegatingCommand/<>c__DisplayClass2_0:<Execute>b__0 () (at ./Library/PackageCache/com.unity.test-framework@40e262928427/UnityEngine.TestRunner/NUnitExtensions/Runner/UnityLogCheckDelegatingCommand.cs:24)
0x000001e9aa275123 (Mono JIT Code) UnityEngine.TestRunner.NUnitExtensions.Runner.UnityLogCheckDelegatingCommand:CaptureException (NUnit.Framework.Internal.TestResult,System.Action) (at ./Library/PackageCache/com.unity.test-framework@40e262928427/UnityEngine.TestRunner/NUnitExtensions/Runner/UnityLogCheckDelegatingCommand.cs:72)
0x000001e9aa274fb3 (Mono JIT Code) UnityEngine.TestRunner.NUnitExtensions.Runner.UnityLogCheckDelegatingCommand:ExecuteAndCheckLog (UnityEngine.TestTools.Logging.LogScope,NUnit.Framework.Internal.TestResult,System.Action) (at ./Library/PackageCache/com.unity.test-framework@40e262928427/UnityEngine.TestRunner/NUnitExtensions/Runner/UnityLogCheckDelegatingCommand.cs:83)
0x000001e9aa274c3b (Mono JIT Code) UnityEngine.TestRunner.NUnitExtensions.Runner.UnityLogCheckDelegatingCommand:Execute (NUnit.Framework.Internal.ITestExecutionContext) (at ./Library/PackageCache/com.unity.test-framework@40e262928427/UnityEngine.TestRunner/NUnitExtensions/Runner/UnityLogCheckDelegatingCommand.cs:24)
0x000001e9aa273c19 (Mono JIT Code) UnityEngine.TestRunner.NUnitExtensions.Runner.UnityLogCheckDelegatingCommand/<ExecuteEnumerable>d__3:MoveNext () (at ./Library/PackageCache/com.unity.test-framework@40e262928427/UnityEngine.TestRunner/NUnitExtensions/Runner/UnityLogCheckDelegatingCommand.cs:35)
0x000001e9aa251e01 (Mono JIT Code) UnityEngine.TestTools.BeforeAfterTestCommandBase`1/<ExecuteEnumerable>d__16<T_REF>:MoveNext () (at ./Library/PackageCache/com.unity.test-framework@40e262928427/UnityEngine.TestRunner/NUnitExtensions/Commands/BeforeAfterTestCommandBase.cs:212)
0x000001e9aa272fb6 (Mono JIT Code) UnityEngine.TestTools.ImmediateEnumerableCommand:Execute (NUnit.Framework.Internal.ITestExecutionContext) (at ./Library/PackageCache/com.unity.test-framework@40e262928427/UnityEngine.TestRunner/NUnitExtensions/Commands/ImmediateEnumerableCommand.cs:18)
0x000001e9aa251f01 (Mono JIT Code) UnityEngine.TestTools.BeforeAfterTestCommandBase`1/<ExecuteEnumerable>d__16<T_REF>:MoveNext () (at ./Library/PackageCache/com.unity.test-framework@40e262928427/UnityEngine.TestRunner/NUnitExtensions/Commands/BeforeAfterTestCommandBase.cs:219)
0x000001e9aa251e01 (Mono JIT Code) UnityEngine.TestTools.BeforeAfterTestCommandBase`1/<ExecuteEnumerable>d__16<T_REF>:MoveNext () (at ./Library/PackageCache/com.unity.test-framework@40e262928427/UnityEngine.TestRunner/NUnitExtensions/Commands/BeforeAfterTestCommandBase.cs:212)
0x000001e9aa251e01 (Mono JIT Code) UnityEngine.TestTools.BeforeAfterTestCommandBase`1/<ExecuteEnumerable>d__16<T_REF>:MoveNext () (at ./Library/PackageCache/com.unity.test-framework@40e262928427/UnityEngine.TestRunner/NUnitExtensions/Commands/BeforeAfterTestCommandBase.cs:212)
0x000001e9aa26b457 (Mono JIT Code) UnityEngine.TestTools.RetryCommand/<ExecuteEnumerable>d__2:MoveNext () (at ./Library/PackageCache/com.unity.test-framework@40e262928427/UnityEngine.TestRunner/NUnitExtensions/Commands/RetryCommand.cs:37)
0x000001e9aa269f2f (Mono JIT Code) UnityEngine.TestTools.RepeatCommand/<ExecuteEnumerable>d__2:MoveNext () (at ./Library/PackageCache/com.unity.test-framework@40e262928427/UnityEngine.TestRunner/NUnitExtensions/Commands/RepeatCommand.cs:36)
0x000001e9aa268fa6 (Mono JIT Code) UnityEngine.TestTools.IgnoreTestCommand/<ExecuteEnumerable>d__3:MoveNext () (at ./Library/PackageCache/com.unity.test-framework@40e262928427/UnityEngine.TestRunner/NUnitExtensions/Commands/IgnoreTestCommand.cs:42)
0x000001e9aa267c7f (Mono JIT Code) UnityEngine.TestTools.StrictCheckCommand/<ExecuteEnumerable>d__2:MoveNext () (at ./Library/PackageCache/com.unity.test-framework@40e262928427/UnityEngine.TestRunner/NUnitExtensions/Commands/StrictCheckCommand.cs:29)
0x000001e9aa266fe1 (Mono JIT Code) UnityEngine.TestRunner.NUnitExtensions.Runner.DefaultTestWorkItem/<PerformWork>d__2:MoveNext () (at ./Library/PackageCache/com.unity.test-framework@40e262928427/UnityEngine.TestRunner/NUnitExtensions/Runner/DefaultTestWorkItem.cs:50)
0x000001e9aa255e12 (Mono JIT Code) UnityEngine.TestRunner.NUnitExtensions.Runner.CompositeWorkItem/<RunChildren>d__17:MoveNext () (at ./Library/PackageCache/com.unity.test-framework@40e262928427/UnityEngine.TestRunner/NUnitExtensions/Runner/CompositeWorkItem.cs:207)
0x000001e9aa247756 (Mono JIT Code) UnityEngine.TestRunner.NUnitExtensions.Runner.CompositeWorkItem/<PerformWork>d__13:MoveNext () (at ./Library/PackageCache/com.unity.test-framework@40e262928427/UnityEngine.TestRunner/NUnitExtensions/Runner/CompositeWorkItem.cs:82)
0x000001e9aa255e12 (Mono JIT Code) UnityEngine.TestRunner.NUnitExtensions.Runner.CompositeWorkItem/<RunChildren>d__17:MoveNext () (at ./Library/PackageCache/com.unity.test-framework@40e262928427/UnityEngine.TestRunner/NUnitExtensions/Runner/CompositeWorkItem.cs:207)
0x000001e9aa247756 (Mono JIT Code) UnityEngine.TestRunner.NUnitExtensions.Runner.CompositeWorkItem/<PerformWork>d__13:MoveNext () (at ./Library/PackageCache/com.unity.test-framework@40e262928427/UnityEngine.TestRunner/NUnitExtensions/Runner/CompositeWorkItem.cs:82)
0x000001e9aa255e12 (Mono JIT Code) UnityEngine.TestRunner.NUnitExtensions.Runner.CompositeWorkItem/<RunChildren>d__17:MoveNext () (at ./Library/PackageCache/com.unity.test-framework@40e262928427/UnityEngine.TestRunner/NUnitExtensions/Runner/CompositeWorkItem.cs:207)
0x000001e9aa247756 (Mono JIT Code) UnityEngine.TestRunner.NUnitExtensions.Runner.CompositeWorkItem/<PerformWork>d__13:MoveNext () (at ./Library/PackageCache/com.unity.test-framework@40e262928427/UnityEngine.TestRunner/NUnitExtensions/Runner/CompositeWorkItem.cs:82)
0x000001e9aa245fcc (Mono JIT Code) UnityEditor.TestTools.TestRunner.EditModeRunner:MoveNextAndUpdateYieldObject () (at ./Library/PackageCache/com.unity.test-framework@40e262928427/UnityEditor.TestRunner/TestRunner/EditModeRunner.cs:167)
0x000001e9aa245b7b (Mono JIT Code) UnityEditor.TestTools.TestRunner.EditModeRunner:TestConsumer (UnityEditor.TestTools.TestRunner.TestRunnerStateSerializer) (at ./Library/PackageCache/com.unity.test-framework@40e262928427/UnityEditor.TestRunner/TestRunner/EditModeRunner.cs:200)
0x000001e9aa23c173 (Mono JIT Code) UnityEditor.TestTools.TestRunner.TestRun.Tasks.EditModeRunTask/<Execute>d__1:MoveNext () (at ./Library/PackageCache/com.unity.test-framework@40e262928427/UnityEditor.TestRunner/TestRun/Tasks/EditModeRunTask.cs:48)
0x000001e977129d5e (Mono JIT Code) UnityEditor.TestTools.TestRunner.TestRun.TestJobRunner:ExecuteStep () (at ./Library/PackageCache/com.unity.test-framework@40e262928427/UnityEditor.TestRunner/TestRun/TestJobRunner.cs:173)
0x000001e977128953 (Mono JIT Code) UnityEditor.TestTools.TestRunner.TestRun.TestJobRunner:ExecuteCallback () (at ./Library/PackageCache/com.unity.test-framework@40e262928427/UnityEditor.TestRunner/TestRun/TestJobRunner.cs:108)
0x000001e99df821b8 (Mono JIT Code) UnityEditor.EditorApplication:Internal_CallUpdateFunctions ()
0x000001e8e6514785 (Mono JIT Code) (wrapper runtime-invoke) object:runtime_invoke_void (object,intptr,intptr,intptr)
0x00007fff3fd16e7e (mono-2.0-bdwgc) mono_jit_runtime_invoke (at C:/build/output/Unity-Technologies/mono/mono/mini/mini-runtime.c:3445)
0x00007fff3fc58874 (mono-2.0-bdwgc) do_runtime_invoke (at C:/build/output/Unity-Technologies/mono/mono/metadata/object.c:3068)
0x00007fff3fc58960 (mono-2.0-bdwgc) mono_runtime_invoke (at C:/build/output/Unity-Technologies/mono/mono/metadata/object.c:3115)
0x00007fff38e4cea4 (Unity) scripting_method_invoke
0x00007fff38e25433 (Unity) ScriptingInvocation::Invoke
0x00007fff38e20b35 (Unity) ScriptingInvocation::Invoke<void>
0x00007fff38f8b4bb (Unity) Scripting::UnityEditor::EditorApplicationProxy::Internal_CallUpdateFunctions
0x00007fff3a07e0e4 (Unity) SceneTracker::Update
0x00007fff39be1247 (Unity) Application::TickTimer
0x00007fff3a1b25ac (Unity) MainMessageLoop
0x00007fff3a1b9d1c (Unity) UnityMain
0x00007ff68b302f2a (Unity) __scrt_common_main_seh
0x00007fffddade8d7 (KERNEL32) BaseThreadInitThunk
0x00007fffde88c53c (ntdll) RtlUserThreadStart

[RecoilConfiguration] Empty or null JSON provided, returning default configuration.
0x00007fff38f222ae (Unity) StackWalker::ShowCallstack
0x00007fff38f31ee9 (Unity) PlatformStacktrace::GetStacktrace
0x00007fff3a1ac04e (Unity) Stacktrace::GetStacktrace
0x00007fff3a7859df (Unity) DebugStringToFile
0x00007fff37fd2930 (Unity) DebugLogHandler_CUSTOM_Internal_Log
0x000001e9766cbd3e (Mono JIT Code) (wrapper managed-to-native) UnityEngine.DebugLogHandler:Internal_Log_Injected (UnityEngine.LogType,UnityEngine.LogOption,UnityEngine.Bindings.ManagedSpanWrapper&,intptr)
0x000001e9766cbb43 (Mono JIT Code) UnityEngine.DebugLogHandler:Internal_Log (UnityEngine.LogType,UnityEngine.LogOption,string,UnityEngine.Object)
0x000001e9766cb7fb (Mono JIT Code) UnityEngine.DebugLogHandler:LogFormat (UnityEngine.LogType,UnityEngine.Object,string,object[])
0x000001e9766ca6ae (Mono JIT Code) UnityEngine.Logger:Log (UnityEngine.LogType,object)
0x000001e9aa2b404d (Mono JIT Code) UnityEngine.Debug:LogWarning (object)
0x000001e976d477fb (Mono JIT Code) RecoilConfiguration:FromJson (string) (at C:/Users/Ubuntu/Desktop/_DEV/AFFECT-2025-10-11/Assets/_SCRIPTS/_PLAYER/Recoil/RecoilConfiguration.cs:136)
0x000001e976d48643 (Mono JIT Code) SerializationProperties:Property16_InvalidJsonReturnsDefaultConfiguration () (at C:/Users/Ubuntu/Desktop/_DEV/AFFECT-2025-10-11/Assets/_SCRIPTS/Editor/SerializationProperties.cs:115)
0x000001e9aa264548 (Mono JIT Code) (wrapper runtime-invoke) object:runtime_invoke_void__this__ (object,intptr,intptr,intptr)
0x00007fff3fd16e7e (mono-2.0-bdwgc) mono_jit_runtime_invoke (at C:/build/output/Unity-Technologies/mono/mono/mini/mini-runtime.c:3445)
0x00007fff3fc58874 (mono-2.0-bdwgc) do_runtime_invoke (at C:/build/output/Unity-Technologies/mono/mono/metadata/object.c:3068)
0x00007fff3fc5f926 (mono-2.0-bdwgc) mono_runtime_try_invoke_array (at C:/build/output/Unity-Technologies/mono/mono/metadata/object.c:5774)
0x00007fff3fb91b81 (mono-2.0-bdwgc) ves_icall_InternalInvoke (at C:/build/output/Unity-Technologies/mono/mono/metadata/icall.c:4038)
0x00007fff3fbb7e31 (mono-2.0-bdwgc) ves_icall_InternalInvoke_raw (at C:/build/output/Unity-Technologies/mono/mono/metadata/icall-def.h:692)
0x000001e8e22b0f92 (Mono JIT Code) (wrapper managed-to-native) System.Reflection.RuntimeMethodInfo:InternalInvoke (System.Reflection.RuntimeMethodInfo,object,object[],System.Exception&)
0x000001e8e3c7ea73 (Mono JIT Code) System.Reflection.RuntimeMethodInfo:Invoke (object,System.Reflection.BindingFlags,System.Reflection.Binder,object[],System.Globalization.CultureInfo)
0x000001e8db9555ef (Mono JIT Code) System.Reflection.MethodBase:Invoke (object,object[])
0x000001e9aa26e783 (Mono JIT Code) NUnit.Framework.Internal.Reflect:InvokeMethod (System.Reflection.MethodInfo,object,object[])
0x000001e9aa2760ab (Mono JIT Code) NUnit.Framework.Internal.MethodWrapper:Invoke (object,object[])
0x000001e9aa275f8a (Mono JIT Code) NUnit.Framework.Internal.Commands.TestMethodCommand:RunNonAsyncTestMethod (NUnit.Framework.Internal.ITestExecutionContext)
0x000001e9aa275dd3 (Mono JIT Code) NUnit.Framework.Internal.Commands.TestMethodCommand:RunTestMethod (NUnit.Framework.Internal.ITestExecutionContext)
0x000001e9aa275973 (Mono JIT Code) NUnit.Framework.Internal.Commands.TestMethodCommand:Execute (NUnit.Framework.Internal.ITestExecutionContext)
0x000001e9aa27556b (Mono JIT Code) UnityEngine.TestTools.UnityTestMethodCommand:Execute (NUnit.Framework.Internal.ITestExecutionContext) (at ./Library/PackageCache/com.unity.test-framework@40e262928427/UnityEngine.TestRunner/NUnitExtensions/Commands/UnityTestMethodCommand.cs:19)
0x000001e9aa2752fb (Mono JIT Code) UnityEngine.TestRunner.NUnitExtensions.Runner.UnityLogCheckDelegatingCommand/<>c__DisplayClass2_0:<Execute>b__0 () (at ./Library/PackageCache/com.unity.test-framework@40e262928427/UnityEngine.TestRunner/NUnitExtensions/Runner/UnityLogCheckDelegatingCommand.cs:24)
0x000001e9aa275123 (Mono JIT Code) UnityEngine.TestRunner.NUnitExtensions.Runner.UnityLogCheckDelegatingCommand:CaptureException (NUnit.Framework.Internal.TestResult,System.Action) (at ./Library/PackageCache/com.unity.test-framework@40e262928427/UnityEngine.TestRunner/NUnitExtensions/Runner/UnityLogCheckDelegatingCommand.cs:72)
0x000001e9aa274fb3 (Mono JIT Code) UnityEngine.TestRunner.NUnitExtensions.Runner.UnityLogCheckDelegatingCommand:ExecuteAndCheckLog (UnityEngine.TestTools.Logging.LogScope,NUnit.Framework.Internal.TestResult,System.Action) (at ./Library/PackageCache/com.unity.test-framework@40e262928427/UnityEngine.TestRunner/NUnitExtensions/Runner/UnityLogCheckDelegatingCommand.cs:83)
0x000001e9aa274c3b (Mono JIT Code) UnityEngine.TestRunner.NUnitExtensions.Runner.UnityLogCheckDelegatingCommand:Execute (NUnit.Framework.Internal.ITestExecutionContext) (at ./Library/PackageCache/com.unity.test-framework@40e262928427/UnityEngine.TestRunner/NUnitExtensions/Runner/UnityLogCheckDelegatingCommand.cs:24)
0x000001e9aa273c19 (Mono JIT Code) UnityEngine.TestRunner.NUnitExtensions.Runner.UnityLogCheckDelegatingCommand/<ExecuteEnumerable>d__3:MoveNext () (at ./Library/PackageCache/com.unity.test-framework@40e262928427/UnityEngine.TestRunner/NUnitExtensions/Runner/UnityLogCheckDelegatingCommand.cs:35)
0x000001e9aa251e01 (Mono JIT Code) UnityEngine.TestTools.BeforeAfterTestCommandBase`1/<ExecuteEnumerable>d__16<T_REF>:MoveNext () (at ./Library/PackageCache/com.unity.test-framework@40e262928427/UnityEngine.TestRunner/NUnitExtensions/Commands/BeforeAfterTestCommandBase.cs:212)
0x000001e9aa272fb6 (Mono JIT Code) UnityEngine.TestTools.ImmediateEnumerableCommand:Execute (NUnit.Framework.Internal.ITestExecutionContext) (at ./Library/PackageCache/com.unity.test-framework@40e262928427/UnityEngine.TestRunner/NUnitExtensions/Commands/ImmediateEnumerableCommand.cs:18)
0x000001e9aa251f01 (Mono JIT Code) UnityEngine.TestTools.BeforeAfterTestCommandBase`1/<ExecuteEnumerable>d__16<T_REF>:MoveNext () (at ./Library/PackageCache/com.unity.test-framework@40e262928427/UnityEngine.TestRunner/NUnitExtensions/Commands/BeforeAfterTestCommandBase.cs:219)
0x000001e9aa251e01 (Mono JIT Code) UnityEngine.TestTools.BeforeAfterTestCommandBase`1/<ExecuteEnumerable>d__16<T_REF>:MoveNext () (at ./Library/PackageCache/com.unity.test-framework@40e262928427/UnityEngine.TestRunner/NUnitExtensions/Commands/BeforeAfterTestCommandBase.cs:212)
0x000001e9aa251e01 (Mono JIT Code) UnityEngine.TestTools.BeforeAfterTestCommandBase`1/<ExecuteEnumerable>d__16<T_REF>:MoveNext () (at ./Library/PackageCache/com.unity.test-framework@40e262928427/UnityEngine.TestRunner/NUnitExtensions/Commands/BeforeAfterTestCommandBase.cs:212)
0x000001e9aa26b457 (Mono JIT Code) UnityEngine.TestTools.RetryCommand/<ExecuteEnumerable>d__2:MoveNext () (at ./Library/PackageCache/com.unity.test-framework@40e262928427/UnityEngine.TestRunner/NUnitExtensions/Commands/RetryCommand.cs:37)
0x000001e9aa269f2f (Mono JIT Code) UnityEngine.TestTools.RepeatCommand/<ExecuteEnumerable>d__2:MoveNext () (at ./Library/PackageCache/com.unity.test-framework@40e262928427/UnityEngine.TestRunner/NUnitExtensions/Commands/RepeatCommand.cs:36)
0x000001e9aa268fa6 (Mono JIT Code) UnityEngine.TestTools.IgnoreTestCommand/<ExecuteEnumerable>d__3:MoveNext () (at ./Library/PackageCache/com.unity.test-framework@40e262928427/UnityEngine.TestRunner/NUnitExtensions/Commands/IgnoreTestCommand.cs:42)
0x000001e9aa267c7f (Mono JIT Code) UnityEngine.TestTools.StrictCheckCommand/<ExecuteEnumerable>d__2:MoveNext () (at ./Library/PackageCache/com.unity.test-framework@40e262928427/UnityEngine.TestRunner/NUnitExtensions/Commands/StrictCheckCommand.cs:29)
0x000001e9aa266fe1 (Mono JIT Code) UnityEngine.TestRunner.NUnitExtensions.Runner.DefaultTestWorkItem/<PerformWork>d__2:MoveNext () (at ./Library/PackageCache/com.unity.test-framework@40e262928427/UnityEngine.TestRunner/NUnitExtensions/Runner/DefaultTestWorkItem.cs:50)
0x000001e9aa255e12 (Mono JIT Code) UnityEngine.TestRunner.NUnitExtensions.Runner.CompositeWorkItem/<RunChildren>d__17:MoveNext () (at ./Library/PackageCache/com.unity.test-framework@40e262928427/UnityEngine.TestRunner/NUnitExtensions/Runner/CompositeWorkItem.cs:207)
0x000001e9aa247756 (Mono JIT Code) UnityEngine.TestRunner.NUnitExtensions.Runner.CompositeWorkItem/<PerformWork>d__13:MoveNext () (at ./Library/PackageCache/com.unity.test-framework@40e262928427/UnityEngine.TestRunner/NUnitExtensions/Runner/CompositeWorkItem.cs:82)
0x000001e9aa255e12 (Mono JIT Code) UnityEngine.TestRunner.NUnitExtensions.Runner.CompositeWorkItem/<RunChildren>d__17:MoveNext () (at ./Library/PackageCache/com.unity.test-framework@40e262928427/UnityEngine.TestRunner/NUnitExtensions/Runner/CompositeWorkItem.cs:207)
0x000001e9aa247756 (Mono JIT Code) UnityEngine.TestRunner.NUnitExtensions.Runner.CompositeWorkItem/<PerformWork>d__13:MoveNext () (at ./Library/PackageCache/com.unity.test-framework@40e262928427/UnityEngine.TestRunner/NUnitExtensions/Runner/CompositeWorkItem.cs:82)
0x000001e9aa255e12 (Mono JIT Code) UnityEngine.TestRunner.NUnitExtensions.Runner.CompositeWorkItem/<RunChildren>d__17:MoveNext () (at ./Library/PackageCache/com.unity.test-framework@40e262928427/UnityEngine.TestRunner/NUnitExtensions/Runner/CompositeWorkItem.cs:207)
0x000001e9aa247756 (Mono JIT Code) UnityEngine.TestRunner.NUnitExtensions.Runner.CompositeWorkItem/<PerformWork>d__13:MoveNext () (at ./Library/PackageCache/com.unity.test-framework@40e262928427/UnityEngine.TestRunner/NUnitExtensions/Runner/CompositeWorkItem.cs:82)
0x000001e9aa245fcc (Mono JIT Code) UnityEditor.TestTools.TestRunner.EditModeRunner:MoveNextAndUpdateYieldObject () (at ./Library/PackageCache/com.unity.test-framework@40e262928427/UnityEditor.TestRunner/TestRunner/EditModeRunner.cs:167)
0x000001e9aa245b7b (Mono JIT Code) UnityEditor.TestTools.TestRunner.EditModeRunner:TestConsumer (UnityEditor.TestTools.TestRunner.TestRunnerStateSerializer) (at ./Library/PackageCache/com.unity.test-framework@40e262928427/UnityEditor.TestRunner/TestRunner/EditModeRunner.cs:200)
0x000001e9aa23c173 (Mono JIT Code) UnityEditor.TestTools.TestRunner.TestRun.Tasks.EditModeRunTask/<Execute>d__1:MoveNext () (at ./Library/PackageCache/com.unity.test-framework@40e262928427/UnityEditor.TestRunner/TestRun/Tasks/EditModeRunTask.cs:48)
0x000001e977129d5e (Mono JIT Code) UnityEditor.TestTools.TestRunner.TestRun.TestJobRunner:ExecuteStep () (at ./Library/PackageCache/com.unity.test-framework@40e262928427/UnityEditor.TestRunner/TestRun/TestJobRunner.cs:173)
0x000001e977128953 (Mono JIT Code) UnityEditor.TestTools.TestRunner.TestRun.TestJobRunner:ExecuteCallback () (at ./Library/PackageCache/com.unity.test-framework@40e262928427/UnityEditor.TestRunner/TestRun/TestJobRunner.cs:108)
0x000001e99df821b8 (Mono JIT Code) UnityEditor.EditorApplication:Internal_CallUpdateFunctions ()
0x000001e8e6514785 (Mono JIT Code) (wrapper runtime-invoke) object:runtime_invoke_void (object,intptr,intptr,intptr)
0x00007fff3fd16e7e (mono-2.0-bdwgc) mono_jit_runtime_invoke (at C:/build/output/Unity-Technologies/mono/mono/mini/mini-runtime.c:3445)
0x00007fff3fc58874 (mono-2.0-bdwgc) do_runtime_invoke (at C:/build/output/Unity-Technologies/mono/mono/metadata/object.c:3068)
0x00007fff3fc58960 (mono-2.0-bdwgc) mono_runtime_invoke (at C:/build/output/Unity-Technologies/mono/mono/metadata/object.c:3115)
0x00007fff38e4cea4 (Unity) scripting_method_invoke
0x00007fff38e25433 (Unity) ScriptingInvocation::Invoke
0x00007fff38e20b35 (Unity) ScriptingInvocation::Invoke<void>
0x00007fff38f8b4bb (Unity) Scripting::UnityEditor::EditorApplicationProxy::Internal_CallUpdateFunctions
0x00007fff3a07e0e4 (Unity) SceneTracker::Update
0x00007fff39be1247 (Unity) Application::TickTimer
0x00007fff3a1b25ac (Unity) MainMessageLoop
0x00007fff3a1b9d1c (Unity) UnityMain
0x00007ff68b302f2a (Unity) __scrt_common_main_seh
0x00007fffddade8d7 (KERNEL32) BaseThreadInitThunk
0x00007fffde88c53c (ntdll) RtlUserThreadStart

[RecoilConfiguration] Empty or null JSON provided, returning default configuration.
0x00007fff38f222ae (Unity) StackWalker::ShowCallstack
0x00007fff38f31ee9 (Unity) PlatformStacktrace::GetStacktrace
0x00007fff3a1ac04e (Unity) Stacktrace::GetStacktrace
0x00007fff3a7859df (Unity) DebugStringToFile
0x00007fff37fd2930 (Unity) DebugLogHandler_CUSTOM_Internal_Log
0x000001e9766cbd3e (Mono JIT Code) (wrapper managed-to-native) UnityEngine.DebugLogHandler:Internal_Log_Injected (UnityEngine.LogType,UnityEngine.LogOption,UnityEngine.Bindings.ManagedSpanWrapper&,intptr)
0x000001e9766cbb43 (Mono JIT Code) UnityEngine.DebugLogHandler:Internal_Log (UnityEngine.LogType,UnityEngine.LogOption,string,UnityEngine.Object)
0x000001e9766cb7fb (Mono JIT Code) UnityEngine.DebugLogHandler:LogFormat (UnityEngine.LogType,UnityEngine.Object,string,object[])
0x000001e9766ca6ae (Mono JIT Code) UnityEngine.Logger:Log (UnityEngine.LogType,object)
0x000001e9aa2b404d (Mono JIT Code) UnityEngine.Debug:LogWarning (object)
0x000001e976d477fb (Mono JIT Code) RecoilConfiguration:FromJson (string) (at C:/Users/Ubuntu/Desktop/_DEV/AFFECT-2025-10-11/Assets/_SCRIPTS/_PLAYER/Recoil/RecoilConfiguration.cs:136)
0x000001e976d48643 (Mono JIT Code) SerializationProperties:Property16_InvalidJsonReturnsDefaultConfiguration () (at C:/Users/Ubuntu/Desktop/_DEV/AFFECT-2025-10-11/Assets/_SCRIPTS/Editor/SerializationProperties.cs:115)
0x000001e9aa264548 (Mono JIT Code) (wrapper runtime-invoke) object:runtime_invoke_void__this__ (object,intptr,intptr,intptr)
0x00007fff3fd16e7e (mono-2.0-bdwgc) mono_jit_runtime_invoke (at C:/build/output/Unity-Technologies/mono/mono/mini/mini-runtime.c:3445)
0x00007fff3fc58874 (mono-2.0-bdwgc) do_runtime_invoke (at C:/build/output/Unity-Technologies/mono/mono/metadata/object.c:3068)
0x00007fff3fc5f926 (mono-2.0-bdwgc) mono_runtime_try_invoke_array (at C:/build/output/Unity-Technologies/mono/mono/metadata/object.c:5774)
0x00007fff3fb91b81 (mono-2.0-bdwgc) ves_icall_InternalInvoke (at C:/build/output/Unity-Technologies/mono/mono/metadata/icall.c:4038)
0x00007fff3fbb7e31 (mono-2.0-bdwgc) ves_icall_InternalInvoke_raw (at C:/build/output/Unity-Technologies/mono/mono/metadata/icall-def.h:692)
0x000001e8e22b0f92 (Mono JIT Code) (wrapper managed-to-native) System.Reflection.RuntimeMethodInfo:InternalInvoke (System.Reflection.RuntimeMethodInfo,object,object[],System.Exception&)
0x000001e8e3c7ea73 (Mono JIT Code) System.Reflection.RuntimeMethodInfo:Invoke (object,System.Reflection.BindingFlags,System.Reflection.Binder,object[],System.Globalization.CultureInfo)
0x000001e8db9555ef (Mono JIT Code) System.Reflection.MethodBase:Invoke (object,object[])
0x000001e9aa26e783 (Mono JIT Code) NUnit.Framework.Internal.Reflect:InvokeMethod (System.Reflection.MethodInfo,object,object[])
0x000001e9aa2760ab (Mono JIT Code) NUnit.Framework.Internal.MethodWrapper:Invoke (object,object[])
0x000001e9aa275f8a (Mono JIT Code) NUnit.Framework.Internal.Commands.TestMethodCommand:RunNonAsyncTestMethod (NUnit.Framework.Internal.ITestExecutionContext)
0x000001e9aa275dd3 (Mono JIT Code) NUnit.Framework.Internal.Commands.TestMethodCommand:RunTestMethod (NUnit.Framework.Internal.ITestExecutionContext)
0x000001e9aa275973 (Mono JIT Code) NUnit.Framework.Internal.Commands.TestMethodCommand:Execute (NUnit.Framework.Internal.ITestExecutionContext)
0x000001e9aa27556b (Mono JIT Code) UnityEngine.TestTools.UnityTestMethodCommand:Execute (NUnit.Framework.Internal.ITestExecutionContext) (at ./Library/PackageCache/com.unity.test-framework@40e262928427/UnityEngine.TestRunner/NUnitExtensions/Commands/UnityTestMethodCommand.cs:19)
0x000001e9aa2752fb (Mono JIT Code) UnityEngine.TestRunner.NUnitExtensions.Runner.UnityLogCheckDelegatingCommand/<>c__DisplayClass2_0:<Execute>b__0 () (at ./Library/PackageCache/com.unity.test-framework@40e262928427/UnityEngine.TestRunner/NUnitExtensions/Runner/UnityLogCheckDelegatingCommand.cs:24)
0x000001e9aa275123 (Mono JIT Code) UnityEngine.TestRunner.NUnitExtensions.Runner.UnityLogCheckDelegatingCommand:CaptureException (NUnit.Framework.Internal.TestResult,System.Action) (at ./Library/PackageCache/com.unity.test-framework@40e262928427/UnityEngine.TestRunner/NUnitExtensions/Runner/UnityLogCheckDelegatingCommand.cs:72)
0x000001e9aa274fb3 (Mono JIT Code) UnityEngine.TestRunner.NUnitExtensions.Runner.UnityLogCheckDelegatingCommand:ExecuteAndCheckLog (UnityEngine.TestTools.Logging.LogScope,NUnit.Framework.Internal.TestResult,System.Action) (at ./Library/PackageCache/com.unity.test-framework@40e262928427/UnityEngine.TestRunner/NUnitExtensions/Runner/UnityLogCheckDelegatingCommand.cs:83)
0x000001e9aa274c3b (Mono JIT Code) UnityEngine.TestRunner.NUnitExtensions.Runner.UnityLogCheckDelegatingCommand:Execute (NUnit.Framework.Internal.ITestExecutionContext) (at ./Library/PackageCache/com.unity.test-framework@40e262928427/UnityEngine.TestRunner/NUnitExtensions/Runner/UnityLogCheckDelegatingCommand.cs:24)
0x000001e9aa273c19 (Mono JIT Code) UnityEngine.TestRunner.NUnitExtensions.Runner.UnityLogCheckDelegatingCommand/<ExecuteEnumerable>d__3:MoveNext () (at ./Library/PackageCache/com.unity.test-framework@40e262928427/UnityEngine.TestRunner/NUnitExtensions/Runner/UnityLogCheckDelegatingCommand.cs:35)
0x000001e9aa251e01 (Mono JIT Code) UnityEngine.TestTools.BeforeAfterTestCommandBase`1/<ExecuteEnumerable>d__16<T_REF>:MoveNext () (at ./Library/PackageCache/com.unity.test-framework@40e262928427/UnityEngine.TestRunner/NUnitExtensions/Commands/BeforeAfterTestCommandBase.cs:212)
0x000001e9aa272fb6 (Mono JIT Code) UnityEngine.TestTools.ImmediateEnumerableCommand:Execute (NUnit.Framework.Internal.ITestExecutionContext) (at ./Library/PackageCache/com.unity.test-framework@40e262928427/UnityEngine.TestRunner/NUnitExtensions/Commands/ImmediateEnumerableCommand.cs:18)
0x000001e9aa251f01 (Mono JIT Code) UnityEngine.TestTools.BeforeAfterTestCommandBase`1/<ExecuteEnumerable>d__16<T_REF>:MoveNext () (at ./Library/PackageCache/com.unity.test-framework@40e262928427/UnityEngine.TestRunner/NUnitExtensions/Commands/BeforeAfterTestCommandBase.cs:219)
0x000001e9aa251e01 (Mono JIT Code) UnityEngine.TestTools.BeforeAfterTestCommandBase`1/<ExecuteEnumerable>d__16<T_REF>:MoveNext () (at ./Library/PackageCache/com.unity.test-framework@40e262928427/UnityEngine.TestRunner/NUnitExtensions/Commands/BeforeAfterTestCommandBase.cs:212)
0x000001e9aa251e01 (Mono JIT Code) UnityEngine.TestTools.BeforeAfterTestCommandBase`1/<ExecuteEnumerable>d__16<T_REF>:MoveNext () (at ./Library/PackageCache/com.unity.test-framework@40e262928427/UnityEngine.TestRunner/NUnitExtensions/Commands/BeforeAfterTestCommandBase.cs:212)
0x000001e9aa26b457 (Mono JIT Code) UnityEngine.TestTools.RetryCommand/<ExecuteEnumerable>d__2:MoveNext () (at ./Library/PackageCache/com.unity.test-framework@40e262928427/UnityEngine.TestRunner/NUnitExtensions/Commands/RetryCommand.cs:37)
0x000001e9aa269f2f (Mono JIT Code) UnityEngine.TestTools.RepeatCommand/<ExecuteEnumerable>d__2:MoveNext () (at ./Library/PackageCache/com.unity.test-framework@40e262928427/UnityEngine.TestRunner/NUnitExtensions/Commands/RepeatCommand.cs:36)
0x000001e9aa268fa6 (Mono JIT Code) UnityEngine.TestTools.IgnoreTestCommand/<ExecuteEnumerable>d__3:MoveNext () (at ./Library/PackageCache/com.unity.test-framework@40e262928427/UnityEngine.TestRunner/NUnitExtensions/Commands/IgnoreTestCommand.cs:42)
0x000001e9aa267c7f (Mono JIT Code) UnityEngine.TestTools.StrictCheckCommand/<ExecuteEnumerable>d__2:MoveNext () (at ./Library/PackageCache/com.unity.test-framework@40e262928427/UnityEngine.TestRunner/NUnitExtensions/Commands/StrictCheckCommand.cs:29)
0x000001e9aa266fe1 (Mono JIT Code) UnityEngine.TestRunner.NUnitExtensions.Runner.DefaultTestWorkItem/<PerformWork>d__2:MoveNext () (at ./Library/PackageCache/com.unity.test-framework@40e262928427/UnityEngine.TestRunner/NUnitExtensions/Runner/DefaultTestWorkItem.cs:50)
0x000001e9aa255e12 (Mono JIT Code) UnityEngine.TestRunner.NUnitExtensions.Runner.CompositeWorkItem/<RunChildren>d__17:MoveNext () (at ./Library/PackageCache/com.unity.test-framework@40e262928427/UnityEngine.TestRunner/NUnitExtensions/Runner/CompositeWorkItem.cs:207)
0x000001e9aa247756 (Mono JIT Code) UnityEngine.TestRunner.NUnitExtensions.Runner.CompositeWorkItem/<PerformWork>d__13:MoveNext () (at ./Library/PackageCache/com.unity.test-framework@40e262928427/UnityEngine.TestRunner/NUnitExtensions/Runner/CompositeWorkItem.cs:82)
0x000001e9aa255e12 (Mono JIT Code) UnityEngine.TestRunner.NUnitExtensions.Runner.CompositeWorkItem/<RunChildren>d__17:MoveNext () (at ./Library/PackageCache/com.unity.test-framework@40e262928427/UnityEngine.TestRunner/NUnitExtensions/Runner/CompositeWorkItem.cs:207)
0x000001e9aa247756 (Mono JIT Code) UnityEngine.TestRunner.NUnitExtensions.Runner.CompositeWorkItem/<PerformWork>d__13:MoveNext () (at ./Library/PackageCache/com.unity.test-framework@40e262928427/UnityEngine.TestRunner/NUnitExtensions/Runner/CompositeWorkItem.cs:82)
0x000001e9aa255e12 (Mono JIT Code) UnityEngine.TestRunner.NUnitExtensions.Runner.CompositeWorkItem/<RunChildren>d__17:MoveNext () (at ./Library/PackageCache/com.unity.test-framework@40e262928427/UnityEngine.TestRunner/NUnitExtensions/Runner/CompositeWorkItem.cs:207)
0x000001e9aa247756 (Mono JIT Code) UnityEngine.TestRunner.NUnitExtensions.Runner.CompositeWorkItem/<PerformWork>d__13:MoveNext () (at ./Library/PackageCache/com.unity.test-framework@40e262928427/UnityEngine.TestRunner/NUnitExtensions/Runner/CompositeWorkItem.cs:82)
0x000001e9aa245fcc (Mono JIT Code) UnityEditor.TestTools.TestRunner.EditModeRunner:MoveNextAndUpdateYieldObject () (at ./Library/PackageCache/com.unity.test-framework@40e262928427/UnityEditor.TestRunner/TestRunner/EditModeRunner.cs:167)
0x000001e9aa245b7b (Mono JIT Code) UnityEditor.TestTools.TestRunner.EditModeRunner:TestConsumer (UnityEditor.TestTools.TestRunner.TestRunnerStateSerializer) (at ./Library/PackageCache/com.unity.test-framework@40e262928427/UnityEditor.TestRunner/TestRunner/EditModeRunner.cs:200)
0x000001e9aa23c173 (Mono JIT Code) UnityEditor.TestTools.TestRunner.TestRun.Tasks.EditModeRunTask/<Execute>d__1:MoveNext () (at ./Library/PackageCache/com.unity.test-framework@40e262928427/UnityEditor.TestRunner/TestRun/Tasks/EditModeRunTask.cs:48)
0x000001e977129d5e (Mono JIT Code) UnityEditor.TestTools.TestRunner.TestRun.TestJobRunner:ExecuteStep () (at ./Library/PackageCache/com.unity.test-framework@40e262928427/UnityEditor.TestRunner/TestRun/TestJobRunner.cs:173)
0x000001e977128953 (Mono JIT Code) UnityEditor.TestTools.TestRunner.TestRun.TestJobRunner:ExecuteCallback () (at ./Library/PackageCache/com.unity.test-framework@40e262928427/UnityEditor.TestRunner/TestRun/TestJobRunner.cs:108)
0x000001e99df821b8 (Mono JIT Code) UnityEditor.EditorApplication:Internal_CallUpdateFunctions ()
0x000001e8e6514785 (Mono JIT Code) (wrapper runtime-invoke) object:runtime_invoke_void (object,intptr,intptr,intptr)
0x00007fff3fd16e7e (mono-2.0-bdwgc) mono_jit_runtime_invoke (at C:/build/output/Unity-Technologies/mono/mono/mini/mini-runtime.c:3445)
0x00007fff3fc58874 (mono-2.0-bdwgc) do_runtime_invoke (at C:/build/output/Unity-Technologies/mono/mono/metadata/object.c:3068)
0x00007fff3fc58960 (mono-2.0-bdwgc) mono_runtime_invoke (at C:/build/output/Unity-Technologies/mono/mono/metadata/object.c:3115)
0x00007fff38e4cea4 (Unity) scripting_method_invoke
0x00007fff38e25433 (Unity) ScriptingInvocation::Invoke
0x00007fff38e20b35 (Unity) ScriptingInvocation::Invoke<void>
0x00007fff38f8b4bb (Unity) Scripting::UnityEditor::EditorApplicationProxy::Internal_CallUpdateFunctions
0x00007fff3a07e0e4 (Unity) SceneTracker::Update
0x00007fff39be1247 (Unity) Application::TickTimer
0x00007fff3a1b25ac (Unity) MainMessageLoop
0x00007fff3a1b9d1c (Unity) UnityMain
0x00007ff68b302f2a (Unity) __scrt_common_main_seh
0x00007fffddade8d7 (KERNEL32) BaseThreadInitThunk
0x00007fffde88c53c (ntdll) RtlUserThreadStart

[RecoilConfiguration] Failed to deserialize JSON: JSON parse error: Invalid value.. Returning default configuration.
0x00007fff38f222ae (Unity) StackWalker::ShowCallstack
0x00007fff38f31ee9 (Unity) PlatformStacktrace::GetStacktrace
0x00007fff3a1ac04e (Unity) Stacktrace::GetStacktrace
0x00007fff3a7859df (Unity) DebugStringToFile
0x00007fff37fd2930 (Unity) DebugLogHandler_CUSTOM_Internal_Log
0x000001e9766cbd3e (Mono JIT Code) (wrapper managed-to-native) UnityEngine.DebugLogHandler:Internal_Log_Injected (UnityEngine.LogType,UnityEngine.LogOption,UnityEngine.Bindings.ManagedSpanWrapper&,intptr)
0x000001e9766cbb43 (Mono JIT Code) UnityEngine.DebugLogHandler:Internal_Log (UnityEngine.LogType,UnityEngine.LogOption,string,UnityEngine.Object)
0x000001e9766cb7fb (Mono JIT Code) UnityEngine.DebugLogHandler:LogFormat (UnityEngine.LogType,UnityEngine.Object,string,object[])
0x000001e9766ca6ae (Mono JIT Code) UnityEngine.Logger:Log (UnityEngine.LogType,object)
0x000001e9aa2b404d (Mono JIT Code) UnityEngine.Debug:LogWarning (object)
0x000001e976d47adb (Mono JIT Code) RecoilConfiguration:FromJson (string) (at C:/Users/Ubuntu/Desktop/_DEV/AFFECT-2025-10-11/Assets/_SCRIPTS/_PLAYER/Recoil/RecoilConfiguration.cs:152)
0x000001e976d48643 (Mono JIT Code) SerializationProperties:Property16_InvalidJsonReturnsDefaultConfiguration () (at C:/Users/Ubuntu/Desktop/_DEV/AFFECT-2025-10-11/Assets/_SCRIPTS/Editor/SerializationProperties.cs:115)
0x000001e9aa264548 (Mono JIT Code) (wrapper runtime-invoke) object:runtime_invoke_void__this__ (object,intptr,intptr,intptr)
0x00007fff3fd16e7e (mono-2.0-bdwgc) mono_jit_runtime_invoke (at C:/build/output/Unity-Technologies/mono/mono/mini/mini-runtime.c:3445)
0x00007fff3fc58874 (mono-2.0-bdwgc) do_runtime_invoke (at C:/build/output/Unity-Technologies/mono/mono/metadata/object.c:3068)
0x00007fff3fc5f926 (mono-2.0-bdwgc) mono_runtime_try_invoke_array (at C:/build/output/Unity-Technologies/mono/mono/metadata/object.c:5774)
0x00007fff3fb91b81 (mono-2.0-bdwgc) ves_icall_InternalInvoke (at C:/build/output/Unity-Technologies/mono/mono/metadata/icall.c:4038)
0x00007fff3fbb7e31 (mono-2.0-bdwgc) ves_icall_InternalInvoke_raw (at C:/build/output/Unity-Technologies/mono/mono/metadata/icall-def.h:692)
0x000001e8e22b0f92 (Mono JIT Code) (wrapper managed-to-native) System.Reflection.RuntimeMethodInfo:InternalInvoke (System.Reflection.RuntimeMethodInfo,object,object[],System.Exception&)
0x000001e8e3c7ea73 (Mono JIT Code) System.Reflection.RuntimeMethodInfo:Invoke (object,System.Reflection.BindingFlags,System.Reflection.Binder,object[],System.Globalization.CultureInfo)
0x000001e8db9555ef (Mono JIT Code) System.Reflection.MethodBase:Invoke (object,object[])
0x000001e9aa26e783 (Mono JIT Code) NUnit.Framework.Internal.Reflect:InvokeMethod (System.Reflection.MethodInfo,object,object[])
0x000001e9aa2760ab (Mono JIT Code) NUnit.Framework.Internal.MethodWrapper:Invoke (object,object[])
0x000001e9aa275f8a (Mono JIT Code) NUnit.Framework.Internal.Commands.TestMethodCommand:RunNonAsyncTestMethod (NUnit.Framework.Internal.ITestExecutionContext)
0x000001e9aa275dd3 (Mono JIT Code) NUnit.Framework.Internal.Commands.TestMethodCommand:RunTestMethod (NUnit.Framework.Internal.ITestExecutionContext)
0x000001e9aa275973 (Mono JIT Code) NUnit.Framework.Internal.Commands.TestMethodCommand:Execute (NUnit.Framework.Internal.ITestExecutionContext)
0x000001e9aa27556b (Mono JIT Code) UnityEngine.TestTools.UnityTestMethodCommand:Execute (NUnit.Framework.Internal.ITestExecutionContext) (at ./Library/PackageCache/com.unity.test-framework@40e262928427/UnityEngine.TestRunner/NUnitExtensions/Commands/UnityTestMethodCommand.cs:19)
0x000001e9aa2752fb (Mono JIT Code) UnityEngine.TestRunner.NUnitExtensions.Runner.UnityLogCheckDelegatingCommand/<>c__DisplayClass2_0:<Execute>b__0 () (at ./Library/PackageCache/com.unity.test-framework@40e262928427/UnityEngine.TestRunner/NUnitExtensions/Runner/UnityLogCheckDelegatingCommand.cs:24)
0x000001e9aa275123 (Mono JIT Code) UnityEngine.TestRunner.NUnitExtensions.Runner.UnityLogCheckDelegatingCommand:CaptureException (NUnit.Framework.Internal.TestResult,System.Action) (at ./Library/PackageCache/com.unity.test-framework@40e262928427/UnityEngine.TestRunner/NUnitExtensions/Runner/UnityLogCheckDelegatingCommand.cs:72)
0x000001e9aa274fb3 (Mono JIT Code) UnityEngine.TestRunner.NUnitExtensions.Runner.UnityLogCheckDelegatingCommand:ExecuteAndCheckLog (UnityEngine.TestTools.Logging.LogScope,NUnit.Framework.Internal.TestResult,System.Action) (at ./Library/PackageCache/com.unity.test-framework@40e262928427/UnityEngine.TestRunner/NUnitExtensions/Runner/UnityLogCheckDelegatingCommand.cs:83)
0x000001e9aa274c3b (Mono JIT Code) UnityEngine.TestRunner.NUnitExtensions.Runner.UnityLogCheckDelegatingCommand:Execute (NUnit.Framework.Internal.ITestExecutionContext) (at ./Library/PackageCache/com.unity.test-framework@40e262928427/UnityEngine.TestRunner/NUnitExtensions/Runner/UnityLogCheckDelegatingCommand.cs:24)
0x000001e9aa273c19 (Mono JIT Code) UnityEngine.TestRunner.NUnitExtensions.Runner.UnityLogCheckDelegatingCommand/<ExecuteEnumerable>d__3:MoveNext () (at ./Library/PackageCache/com.unity.test-framework@40e262928427/UnityEngine.TestRunner/NUnitExtensions/Runner/UnityLogCheckDelegatingCommand.cs:35)
0x000001e9aa251e01 (Mono JIT Code) UnityEngine.TestTools.BeforeAfterTestCommandBase`1/<ExecuteEnumerable>d__16<T_REF>:MoveNext () (at ./Library/PackageCache/com.unity.test-framework@40e262928427/UnityEngine.TestRunner/NUnitExtensions/Commands/BeforeAfterTestCommandBase.cs:212)
0x000001e9aa272fb6 (Mono JIT Code) UnityEngine.TestTools.ImmediateEnumerableCommand:Execute (NUnit.Framework.Internal.ITestExecutionContext) (at ./Library/PackageCache/com.unity.test-framework@40e262928427/UnityEngine.TestRunner/NUnitExtensions/Commands/ImmediateEnumerableCommand.cs:18)
0x000001e9aa251f01 (Mono JIT Code) UnityEngine.TestTools.BeforeAfterTestCommandBase`1/<ExecuteEnumerable>d__16<T_REF>:MoveNext () (at ./Library/PackageCache/com.unity.test-framework@40e262928427/UnityEngine.TestRunner/NUnitExtensions/Commands/BeforeAfterTestCommandBase.cs:219)
0x000001e9aa251e01 (Mono JIT Code) UnityEngine.TestTools.BeforeAfterTestCommandBase`1/<ExecuteEnumerable>d__16<T_REF>:MoveNext () (at ./Library/PackageCache/com.unity.test-framework@40e262928427/UnityEngine.TestRunner/NUnitExtensions/Commands/BeforeAfterTestCommandBase.cs:212)
0x000001e9aa251e01 (Mono JIT Code) UnityEngine.TestTools.BeforeAfterTestCommandBase`1/<ExecuteEnumerable>d__16<T_REF>:MoveNext () (at ./Library/PackageCache/com.unity.test-framework@40e262928427/UnityEngine.TestRunner/NUnitExtensions/Commands/BeforeAfterTestCommandBase.cs:212)
0x000001e9aa26b457 (Mono JIT Code) UnityEngine.TestTools.RetryCommand/<ExecuteEnumerable>d__2:MoveNext () (at ./Library/PackageCache/com.unity.test-framework@40e262928427/UnityEngine.TestRunner/NUnitExtensions/Commands/RetryCommand.cs:37)
0x000001e9aa269f2f (Mono JIT Code) UnityEngine.TestTools.RepeatCommand/<ExecuteEnumerable>d__2:MoveNext () (at ./Library/PackageCache/com.unity.test-framework@40e262928427/UnityEngine.TestRunner/NUnitExtensions/Commands/RepeatCommand.cs:36)
0x000001e9aa268fa6 (Mono JIT Code) UnityEngine.TestTools.IgnoreTestCommand/<ExecuteEnumerable>d__3:MoveNext () (at ./Library/PackageCache/com.unity.test-framework@40e262928427/UnityEngine.TestRunner/NUnitExtensions/Commands/IgnoreTestCommand.cs:42)
0x000001e9aa267c7f (Mono JIT Code) UnityEngine.TestTools.StrictCheckCommand/<ExecuteEnumerable>d__2:MoveNext () (at ./Library/PackageCache/com.unity.test-framework@40e262928427/UnityEngine.TestRunner/NUnitExtensions/Commands/StrictCheckCommand.cs:29)
0x000001e9aa266fe1 (Mono JIT Code) UnityEngine.TestRunner.NUnitExtensions.Runner.DefaultTestWorkItem/<PerformWork>d__2:MoveNext () (at ./Library/PackageCache/com.unity.test-framework@40e262928427/UnityEngine.TestRunner/NUnitExtensions/Runner/DefaultTestWorkItem.cs:50)
0x000001e9aa255e12 (Mono JIT Code) UnityEngine.TestRunner.NUnitExtensions.Runner.CompositeWorkItem/<RunChildren>d__17:MoveNext () (at ./Library/PackageCache/com.unity.test-framework@40e262928427/UnityEngine.TestRunner/NUnitExtensions/Runner/CompositeWorkItem.cs:207)
0x000001e9aa247756 (Mono JIT Code) UnityEngine.TestRunner.NUnitExtensions.Runner.CompositeWorkItem/<PerformWork>d__13:MoveNext () (at ./Library/PackageCache/com.unity.test-framework@40e262928427/UnityEngine.TestRunner/NUnitExtensions/Runner/CompositeWorkItem.cs:82)
0x000001e9aa255e12 (Mono JIT Code) UnityEngine.TestRunner.NUnitExtensions.Runner.CompositeWorkItem/<RunChildren>d__17:MoveNext () (at ./Library/PackageCache/com.unity.test-framework@40e262928427/UnityEngine.TestRunner/NUnitExtensions/Runner/CompositeWorkItem.cs:207)
0x000001e9aa247756 (Mono JIT Code) UnityEngine.TestRunner.NUnitExtensions.Runner.CompositeWorkItem/<PerformWork>d__13:MoveNext () (at ./Library/PackageCache/com.unity.test-framework@40e262928427/UnityEngine.TestRunner/NUnitExtensions/Runner/CompositeWorkItem.cs:82)
0x000001e9aa255e12 (Mono JIT Code) UnityEngine.TestRunner.NUnitExtensions.Runner.CompositeWorkItem/<RunChildren>d__17:MoveNext () (at ./Library/PackageCache/com.unity.test-framework@40e262928427/UnityEngine.TestRunner/NUnitExtensions/Runner/CompositeWorkItem.cs:207)
0x000001e9aa247756 (Mono JIT Code) UnityEngine.TestRunner.NUnitExtensions.Runner.CompositeWorkItem/<PerformWork>d__13:MoveNext () (at ./Library/PackageCache/com.unity.test-framework@40e262928427/UnityEngine.TestRunner/NUnitExtensions/Runner/CompositeWorkItem.cs:82)
0x000001e9aa245fcc (Mono JIT Code) UnityEditor.TestTools.TestRunner.EditModeRunner:MoveNextAndUpdateYieldObject () (at ./Library/PackageCache/com.unity.test-framework@40e262928427/UnityEditor.TestRunner/TestRunner/EditModeRunner.cs:167)
0x000001e9aa245b7b (Mono JIT Code) UnityEditor.TestTools.TestRunner.EditModeRunner:TestConsumer (UnityEditor.TestTools.TestRunner.TestRunnerStateSerializer) (at ./Library/PackageCache/com.unity.test-framework@40e262928427/UnityEditor.TestRunner/TestRunner/EditModeRunner.cs:200)
0x000001e9aa23c173 (Mono JIT Code) UnityEditor.TestTools.TestRunner.TestRun.Tasks.EditModeRunTask/<Execute>d__1:MoveNext () (at ./Library/PackageCache/com.unity.test-framework@40e262928427/UnityEditor.TestRunner/TestRun/Tasks/EditModeRunTask.cs:48)
0x000001e977129d5e (Mono JIT Code) UnityEditor.TestTools.TestRunner.TestRun.TestJobRunner:ExecuteStep () (at ./Library/PackageCache/com.unity.test-framework@40e262928427/UnityEditor.TestRunner/TestRun/TestJobRunner.cs:173)
0x000001e977128953 (Mono JIT Code) UnityEditor.TestTools.TestRunner.TestRun.TestJobRunner:ExecuteCallback () (at ./Library/PackageCache/com.unity.test-framework@40e262928427/UnityEditor.TestRunner/TestRun/TestJobRunner.cs:108)
0x000001e99df821b8 (Mono JIT Code) UnityEditor.EditorApplication:Internal_CallUpdateFunctions ()
0x000001e8e6514785 (Mono JIT Code) (wrapper runtime-invoke) object:runtime_invoke_void (object,intptr,intptr,intptr)
0x00007fff3fd16e7e (mono-2.0-bdwgc) mono_jit_runtime_invoke (at C:/build/output/Unity-Technologies/mono/mono/mini/mini-runtime.c:3445)
0x00007fff3fc58874 (mono-2.0-bdwgc) do_runtime_invoke (at C:/build/output/Unity-Technologies/mono/mono/metadata/object.c:3068)
0x00007fff3fc58960 (mono-2.0-bdwgc) mono_runtime_invoke (at C:/build/output/Unity-Technologies/mono/mono/metadata/object.c:3115)
0x00007fff38e4cea4 (Unity) scripting_method_invoke
0x00007fff38e25433 (Unity) ScriptingInvocation::Invoke
0x00007fff38e20b35 (Unity) ScriptingInvocation::Invoke<void>
0x00007fff38f8b4bb (Unity) Scripting::UnityEditor::EditorApplicationProxy::Internal_CallUpdateFunctions
0x00007fff3a07e0e4 (Unity) SceneTracker::Update
0x00007fff39be1247 (Unity) Application::TickTimer
0x00007fff3a1b25ac (Unity) MainMessageLoop
0x00007fff3a1b9d1c (Unity) UnityMain
0x00007ff68b302f2a (Unity) __scrt_common_main_seh
0x00007fffddade8d7 (KERNEL32) BaseThreadInitThunk
0x00007fffde88c53c (ntdll) RtlUserThreadStart

[RecoilConfiguration] Failed to deserialize JSON: JSON parse error: Invalid value.. Returning default configuration.
0x00007fff38f222ae (Unity) StackWalker::ShowCallstack
0x00007fff38f31ee9 (Unity) PlatformStacktrace::GetStacktrace
0x00007fff3a1ac04e (Unity) Stacktrace::GetStacktrace
0x00007fff3a7859df (Unity) DebugStringToFile
0x00007fff37fd2930 (Unity) DebugLogHandler_CUSTOM_Internal_Log
0x000001e9766cbd3e (Mono JIT Code) (wrapper managed-to-native) UnityEngine.DebugLogHandler:Internal_Log_Injected (UnityEngine.LogType,UnityEngine.LogOption,UnityEngine.Bindings.ManagedSpanWrapper&,intptr)
0x000001e9766cbb43 (Mono JIT Code) UnityEngine.DebugLogHandler:Internal_Log (UnityEngine.LogType,UnityEngine.LogOption,string,UnityEngine.Object)
0x000001e9766cb7fb (Mono JIT Code) UnityEngine.DebugLogHandler:LogFormat (UnityEngine.LogType,UnityEngine.Object,string,object[])
0x000001e9766ca6ae (Mono JIT Code) UnityEngine.Logger:Log (UnityEngine.LogType,object)
0x000001e9aa2b404d (Mono JIT Code) UnityEngine.Debug:LogWarning (object)
0x000001e976d47adb (Mono JIT Code) RecoilConfiguration:FromJson (string) (at C:/Users/Ubuntu/Desktop/_DEV/AFFECT-2025-10-11/Assets/_SCRIPTS/_PLAYER/Recoil/RecoilConfiguration.cs:152)
0x000001e976d48643 (Mono JIT Code) SerializationProperties:Property16_InvalidJsonReturnsDefaultConfiguration () (at C:/Users/Ubuntu/Desktop/_DEV/AFFECT-2025-10-11/Assets/_SCRIPTS/Editor/SerializationProperties.cs:115)
0x000001e9aa264548 (Mono JIT Code) (wrapper runtime-invoke) object:runtime_invoke_void__this__ (object,intptr,intptr,intptr)
0x00007fff3fd16e7e (mono-2.0-bdwgc) mono_jit_runtime_invoke (at C:/build/output/Unity-Technologies/mono/mono/mini/mini-runtime.c:3445)
0x00007fff3fc58874 (mono-2.0-bdwgc) do_runtime_invoke (at C:/build/output/Unity-Technologies/mono/mono/metadata/object.c:3068)
0x00007fff3fc5f926 (mono-2.0-bdwgc) mono_runtime_try_invoke_array (at C:/build/output/Unity-Technologies/mono/mono/metadata/object.c:5774)
0x00007fff3fb91b81 (mono-2.0-bdwgc) ves_icall_InternalInvoke (at C:/build/output/Unity-Technologies/mono/mono/metadata/icall.c:4038)
0x00007fff3fbb7e31 (mono-2.0-bdwgc) ves_icall_InternalInvoke_raw (at C:/build/output/Unity-Technologies/mono/mono/metadata/icall-def.h:692)
0x000001e8e22b0f92 (Mono JIT Code) (wrapper managed-to-native) System.Reflection.RuntimeMethodInfo:InternalInvoke (System.Reflection.RuntimeMethodInfo,object,object[],System.Exception&)
0x000001e8e3c7ea73 (Mono JIT Code) System.Reflection.RuntimeMethodInfo:Invoke (object,System.Reflection.BindingFlags,System.Reflection.Binder,object[],System.Globalization.CultureInfo)
0x000001e8db9555ef (Mono JIT Code) System.Reflection.MethodBase:Invoke (object,object[])
0x000001e9aa26e783 (Mono JIT Code) NUnit.Framework.Internal.Reflect:InvokeMethod (System.Reflection.MethodInfo,object,object[])
0x000001e9aa2760ab (Mono JIT Code) NUnit.Framework.Internal.MethodWrapper:Invoke (object,object[])
0x000001e9aa275f8a (Mono JIT Code) NUnit.Framework.Internal.Commands.TestMethodCommand:RunNonAsyncTestMethod (NUnit.Framework.Internal.ITestExecutionContext)
0x000001e9aa275dd3 (Mono JIT Code) NUnit.Framework.Internal.Commands.TestMethodCommand:RunTestMethod (NUnit.Framework.Internal.ITestExecutionContext)
0x000001e9aa275973 (Mono JIT Code) NUnit.Framework.Internal.Commands.TestMethodCommand:Execute (NUnit.Framework.Internal.ITestExecutionContext)
0x000001e9aa27556b (Mono JIT Code) UnityEngine.TestTools.UnityTestMethodCommand:Execute (NUnit.Framework.Internal.ITestExecutionContext) (at ./Library/PackageCache/com.unity.test-framework@40e262928427/UnityEngine.TestRunner/NUnitExtensions/Commands/UnityTestMethodCommand.cs:19)
0x000001e9aa2752fb (Mono JIT Code) UnityEngine.TestRunner.NUnitExtensions.Runner.UnityLogCheckDelegatingCommand/<>c__DisplayClass2_0:<Execute>b__0 () (at ./Library/PackageCache/com.unity.test-framework@40e262928427/UnityEngine.TestRunner/NUnitExtensions/Runner/UnityLogCheckDelegatingCommand.cs:24)
0x000001e9aa275123 (Mono JIT Code) UnityEngine.TestRunner.NUnitExtensions.Runner.UnityLogCheckDelegatingCommand:CaptureException (NUnit.Framework.Internal.TestResult,System.Action) (at ./Library/PackageCache/com.unity.test-framework@40e262928427/UnityEngine.TestRunner/NUnitExtensions/Runner/UnityLogCheckDelegatingCommand.cs:72)
0x000001e9aa274fb3 (Mono JIT Code) UnityEngine.TestRunner.NUnitExtensions.Runner.UnityLogCheckDelegatingCommand:ExecuteAndCheckLog (UnityEngine.TestTools.Logging.LogScope,NUnit.Framework.Internal.TestResult,System.Action) (at ./Library/PackageCache/com.unity.test-framework@40e262928427/UnityEngine.TestRunner/NUnitExtensions/Runner/UnityLogCheckDelegatingCommand.cs:83)
0x000001e9aa274c3b (Mono JIT Code) UnityEngine.TestRunner.NUnitExtensions.Runner.UnityLogCheckDelegatingCommand:Execute (NUnit.Framework.Internal.ITestExecutionContext) (at ./Library/PackageCache/com.unity.test-framework@40e262928427/UnityEngine.TestRunner/NUnitExtensions/Runner/UnityLogCheckDelegatingCommand.cs:24)
0x000001e9aa273c19 (Mono JIT Code) UnityEngine.TestRunner.NUnitExtensions.Runner.UnityLogCheckDelegatingCommand/<ExecuteEnumerable>d__3:MoveNext () (at ./Library/PackageCache/com.unity.test-framework@40e262928427/UnityEngine.TestRunner/NUnitExtensions/Runner/UnityLogCheckDelegatingCommand.cs:35)
0x000001e9aa251e01 (Mono JIT Code) UnityEngine.TestTools.BeforeAfterTestCommandBase`1/<ExecuteEnumerable>d__16<T_REF>:MoveNext () (at ./Library/PackageCache/com.unity.test-framework@40e262928427/UnityEngine.TestRunner/NUnitExtensions/Commands/BeforeAfterTestCommandBase.cs:212)
0x000001e9aa272fb6 (Mono JIT Code) UnityEngine.TestTools.ImmediateEnumerableCommand:Execute (NUnit.Framework.Internal.ITestExecutionContext) (at ./Library/PackageCache/com.unity.test-framework@40e262928427/UnityEngine.TestRunner/NUnitExtensions/Commands/ImmediateEnumerableCommand.cs:18)
0x000001e9aa251f01 (Mono JIT Code) UnityEngine.TestTools.BeforeAfterTestCommandBase`1/<ExecuteEnumerable>d__16<T_REF>:MoveNext () (at ./Library/PackageCache/com.unity.test-framework@40e262928427/UnityEngine.TestRunner/NUnitExtensions/Commands/BeforeAfterTestCommandBase.cs:219)
0x000001e9aa251e01 (Mono JIT Code) UnityEngine.TestTools.BeforeAfterTestCommandBase`1/<ExecuteEnumerable>d__16<T_REF>:MoveNext () (at ./Library/PackageCache/com.unity.test-framework@40e262928427/UnityEngine.TestRunner/NUnitExtensions/Commands/BeforeAfterTestCommandBase.cs:212)
0x000001e9aa251e01 (Mono JIT Code) UnityEngine.TestTools.BeforeAfterTestCommandBase`1/<ExecuteEnumerable>d__16<T_REF>:MoveNext () (at ./Library/PackageCache/com.unity.test-framework@40e262928427/UnityEngine.TestRunner/NUnitExtensions/Commands/BeforeAfterTestCommandBase.cs:212)
0x000001e9aa26b457 (Mono JIT Code) UnityEngine.TestTools.RetryCommand/<ExecuteEnumerable>d__2:MoveNext () (at ./Library/PackageCache/com.unity.test-framework@40e262928427/UnityEngine.TestRunner/NUnitExtensions/Commands/RetryCommand.cs:37)
0x000001e9aa269f2f (Mono JIT Code) UnityEngine.TestTools.RepeatCommand/<ExecuteEnumerable>d__2:MoveNext () (at ./Library/PackageCache/com.unity.test-framework@40e262928427/UnityEngine.TestRunner/NUnitExtensions/Commands/RepeatCommand.cs:36)
0x000001e9aa268fa6 (Mono JIT Code) UnityEngine.TestTools.IgnoreTestCommand/<ExecuteEnumerable>d__3:MoveNext () (at ./Library/PackageCache/com.unity.test-framework@40e262928427/UnityEngine.TestRunner/NUnitExtensions/Commands/IgnoreTestCommand.cs:42)
0x000001e9aa267c7f (Mono JIT Code) UnityEngine.TestTools.StrictCheckCommand/<ExecuteEnumerable>d__2:MoveNext () (at ./Library/PackageCache/com.unity.test-framework@40e262928427/UnityEngine.TestRunner/NUnitExtensions/Commands/StrictCheckCommand.cs:29)
0x000001e9aa266fe1 (Mono JIT Code) UnityEngine.TestRunner.NUnitExtensions.Runner.DefaultTestWorkItem/<PerformWork>d__2:MoveNext () (at ./Library/PackageCache/com.unity.test-framework@40e262928427/UnityEngine.TestRunner/NUnitExtensions/Runner/DefaultTestWorkItem.cs:50)
0x000001e9aa255e12 (Mono JIT Code) UnityEngine.TestRunner.NUnitExtensions.Runner.CompositeWorkItem/<RunChildren>d__17:MoveNext () (at ./Library/PackageCache/com.unity.test-framework@40e262928427/UnityEngine.TestRunner/NUnitExtensions/Runner/CompositeWorkItem.cs:207)
0x000001e9aa247756 (Mono JIT Code) UnityEngine.TestRunner.NUnitExtensions.Runner.CompositeWorkItem/<PerformWork>d__13:MoveNext () (at ./Library/PackageCache/com.unity.test-framework@40e262928427/UnityEngine.TestRunner/NUnitExtensions/Runner/CompositeWorkItem.cs:82)
0x000001e9aa255e12 (Mono JIT Code) UnityEngine.TestRunner.NUnitExtensions.Runner.CompositeWorkItem/<RunChildren>d__17:MoveNext () (at ./Library/PackageCache/com.unity.test-framework@40e262928427/UnityEngine.TestRunner/NUnitExtensions/Runner/CompositeWorkItem.cs:207)
0x000001e9aa247756 (Mono JIT Code) UnityEngine.TestRunner.NUnitExtensions.Runner.CompositeWorkItem/<PerformWork>d__13:MoveNext () (at ./Library/PackageCache/com.unity.test-framework@40e262928427/UnityEngine.TestRunner/NUnitExtensions/Runner/CompositeWorkItem.cs:82)
0x000001e9aa255e12 (Mono JIT Code) UnityEngine.TestRunner.NUnitExtensions.Runner.CompositeWorkItem/<RunChildren>d__17:MoveNext () (at ./Library/PackageCache/com.unity.test-framework@40e262928427/UnityEngine.TestRunner/NUnitExtensions/Runner/CompositeWorkItem.cs:207)
0x000001e9aa247756 (Mono JIT Code) UnityEngine.TestRunner.NUnitExtensions.Runner.CompositeWorkItem/<PerformWork>d__13:MoveNext () (at ./Library/PackageCache/com.unity.test-framework@40e262928427/UnityEngine.TestRunner/NUnitExtensions/Runner/CompositeWorkItem.cs:82)
0x000001e9aa245fcc (Mono JIT Code) UnityEditor.TestTools.TestRunner.EditModeRunner:MoveNextAndUpdateYieldObject () (at ./Library/PackageCache/com.unity.test-framework@40e262928427/UnityEditor.TestRunner/TestRunner/EditModeRunner.cs:167)
0x000001e9aa245b7b (Mono JIT Code) UnityEditor.TestTools.TestRunner.EditModeRunner:TestConsumer (UnityEditor.TestTools.TestRunner.TestRunnerStateSerializer) (at ./Library/PackageCache/com.unity.test-framework@40e262928427/UnityEditor.TestRunner/TestRunner/EditModeRunner.cs:200)
0x000001e9aa23c173 (Mono JIT Code) UnityEditor.TestTools.TestRunner.TestRun.Tasks.EditModeRunTask/<Execute>d__1:MoveNext () (at ./Library/PackageCache/com.unity.test-framework@40e262928427/UnityEditor.TestRunner/TestRun/Tasks/EditModeRunTask.cs:48)
0x000001e977129d5e (Mono JIT Code) UnityEditor.TestTools.TestRunner.TestRun.TestJobRunner:ExecuteStep () (at ./Library/PackageCache/com.unity.test-framework@40e262928427/UnityEditor.TestRunner/TestRun/TestJobRunner.cs:173)
0x000001e977128953 (Mono JIT Code) UnityEditor.TestTools.TestRunner.TestRun.TestJobRunner:ExecuteCallback () (at ./Library/PackageCache/com.unity.test-framework@40e262928427/UnityEditor.TestRunner/TestRun/TestJobRunner.cs:108)
0x000001e99df821b8 (Mono JIT Code) UnityEditor.EditorApplication:Internal_CallUpdateFunctions ()
0x000001e8e6514785 (Mono JIT Code) (wrapper runtime-invoke) object:runtime_invoke_void (object,intptr,intptr,intptr)
0x00007fff3fd16e7e (mono-2.0-bdwgc) mono_jit_runtime_invoke (at C:/build/output/Unity-Technologies/mono/mono/mini/mini-runtime.c:3445)
0x00007fff3fc58874 (mono-2.0-bdwgc) do_runtime_invoke (at C:/build/output/Unity-Technologies/mono/mono/metadata/object.c:3068)
0x00007fff3fc58960 (mono-2.0-bdwgc) mono_runtime_invoke (at C:/build/output/Unity-Technologies/mono/mono/metadata/object.c:3115)
0x00007fff38e4cea4 (Unity) scripting_method_invoke
0x00007fff38e25433 (Unity) ScriptingInvocation::Invoke
0x00007fff38e20b35 (Unity) ScriptingInvocation::Invoke<void>
0x00007fff38f8b4bb (Unity) Scripting::UnityEditor::EditorApplicationProxy::Internal_CallUpdateFunctions
0x00007fff3a07e0e4 (Unity) SceneTracker::Update
0x00007fff39be1247 (Unity) Application::TickTimer
0x00007fff3a1b25ac (Unity) MainMessageLoop
0x00007fff3a1b9d1c (Unity) UnityMain
0x00007ff68b302f2a (Unity) __scrt_common_main_seh
0x00007fffddade8d7 (KERNEL32) BaseThreadInitThunk
0x00007fffde88c53c (ntdll) RtlUserThreadStart

[RecoilConfiguration] Failed to deserialize JSON: JSON parse error: Invalid value.. Returning default configuration.
0x00007fff38f222ae (Unity) StackWalker::ShowCallstack
0x00007fff38f31ee9 (Unity) PlatformStacktrace::GetStacktrace
0x00007fff3a1ac04e (Unity) Stacktrace::GetStacktrace
0x00007fff3a7859df (Unity) DebugStringToFile
0x00007fff37fd2930 (Unity) DebugLogHandler_CUSTOM_Internal_Log
0x000001e9766cbd3e (Mono JIT Code) (wrapper managed-to-native) UnityEngine.DebugLogHandler:Internal_Log_Injected (UnityEngine.LogType,UnityEngine.LogOption,UnityEngine.Bindings.ManagedSpanWrapper&,intptr)
0x000001e9766cbb43 (Mono JIT Code) UnityEngine.DebugLogHandler:Internal_Log (UnityEngine.LogType,UnityEngine.LogOption,string,UnityEngine.Object)
0x000001e9766cb7fb (Mono JIT Code) UnityEngine.DebugLogHandler:LogFormat (UnityEngine.LogType,UnityEngine.Object,string,object[])
0x000001e9766ca6ae (Mono JIT Code) UnityEngine.Logger:Log (UnityEngine.LogType,object)
0x000001e9aa2b404d (Mono JIT Code) UnityEngine.Debug:LogWarning (object)
0x000001e976d47adb (Mono JIT Code) RecoilConfiguration:FromJson (string) (at C:/Users/Ubuntu/Desktop/_DEV/AFFECT-2025-10-11/Assets/_SCRIPTS/_PLAYER/Recoil/RecoilConfiguration.cs:152)
0x000001e976d48643 (Mono JIT Code) SerializationProperties:Property16_InvalidJsonReturnsDefaultConfiguration () (at C:/Users/Ubuntu/Desktop/_DEV/AFFECT-2025-10-11/Assets/_SCRIPTS/Editor/SerializationProperties.cs:115)
0x000001e9aa264548 (Mono JIT Code) (wrapper runtime-invoke) object:runtime_invoke_void__this__ (object,intptr,intptr,intptr)
0x00007fff3fd16e7e (mono-2.0-bdwgc) mono_jit_runtime_invoke (at C:/build/output/Unity-Technologies/mono/mono/mini/mini-runtime.c:3445)
0x00007fff3fc58874 (mono-2.0-bdwgc) do_runtime_invoke (at C:/build/output/Unity-Technologies/mono/mono/metadata/object.c:3068)
0x00007fff3fc5f926 (mono-2.0-bdwgc) mono_runtime_try_invoke_array (at C:/build/output/Unity-Technologies/mono/mono/metadata/object.c:5774)
0x00007fff3fb91b81 (mono-2.0-bdwgc) ves_icall_InternalInvoke (at C:/build/output/Unity-Technologies/mono/mono/metadata/icall.c:4038)
0x00007fff3fbb7e31 (mono-2.0-bdwgc) ves_icall_InternalInvoke_raw (at C:/build/output/Unity-Technologies/mono/mono/metadata/icall-def.h:692)
0x000001e8e22b0f92 (Mono JIT Code) (wrapper managed-to-native) System.Reflection.RuntimeMethodInfo:InternalInvoke (System.Reflection.RuntimeMethodInfo,object,object[],System.Exception&)
0x000001e8e3c7ea73 (Mono JIT Code) System.Reflection.RuntimeMethodInfo:Invoke (object,System.Reflection.BindingFlags,System.Reflection.Binder,object[],System.Globalization.CultureInfo)
0x000001e8db9555ef (Mono JIT Code) System.Reflection.MethodBase:Invoke (object,object[])
0x000001e9aa26e783 (Mono JIT Code) NUnit.Framework.Internal.Reflect:InvokeMethod (System.Reflection.MethodInfo,object,object[])
0x000001e9aa2760ab (Mono JIT Code) NUnit.Framework.Internal.MethodWrapper:Invoke (object,object[])
0x000001e9aa275f8a (Mono JIT Code) NUnit.Framework.Internal.Commands.TestMethodCommand:RunNonAsyncTestMethod (NUnit.Framework.Internal.ITestExecutionContext)
0x000001e9aa275dd3 (Mono JIT Code) NUnit.Framework.Internal.Commands.TestMethodCommand:RunTestMethod (NUnit.Framework.Internal.ITestExecutionContext)
0x000001e9aa275973 (Mono JIT Code) NUnit.Framework.Internal.Commands.TestMethodCommand:Execute (NUnit.Framework.Internal.ITestExecutionContext)
0x000001e9aa27556b (Mono JIT Code) UnityEngine.TestTools.UnityTestMethodCommand:Execute (NUnit.Framework.Internal.ITestExecutionContext) (at ./Library/PackageCache/com.unity.test-framework@40e262928427/UnityEngine.TestRunner/NUnitExtensions/Commands/UnityTestMethodCommand.cs:19)
0x000001e9aa2752fb (Mono JIT Code) UnityEngine.TestRunner.NUnitExtensions.Runner.UnityLogCheckDelegatingCommand/<>c__DisplayClass2_0:<Execute>b__0 () (at ./Library/PackageCache/com.unity.test-framework@40e262928427/UnityEngine.TestRunner/NUnitExtensions/Runner/UnityLogCheckDelegatingCommand.cs:24)
0x000001e9aa275123 (Mono JIT Code) UnityEngine.TestRunner.NUnitExtensions.Runner.UnityLogCheckDelegatingCommand:CaptureException (NUnit.Framework.Internal.TestResult,System.Action) (at ./Library/PackageCache/com.unity.test-framework@40e262928427/UnityEngine.TestRunner/NUnitExtensions/Runner/UnityLogCheckDelegatingCommand.cs:72)
0x000001e9aa274fb3 (Mono JIT Code) UnityEngine.TestRunner.NUnitExtensions.Runner.UnityLogCheckDelegatingCommand:ExecuteAndCheckLog (UnityEngine.TestTools.Logging.LogScope,NUnit.Framework.Internal.TestResult,System.Action) (at ./Library/PackageCache/com.unity.test-framework@40e262928427/UnityEngine.TestRunner/NUnitExtensions/Runner/UnityLogCheckDelegatingCommand.cs:83)
0x000001e9aa274c3b (Mono JIT Code) UnityEngine.TestRunner.NUnitExtensions.Runner.UnityLogCheckDelegatingCommand:Execute (NUnit.Framework.Internal.ITestExecutionContext) (at ./Library/PackageCache/com.unity.test-framework@40e262928427/UnityEngine.TestRunner/NUnitExtensions/Runner/UnityLogCheckDelegatingCommand.cs:24)
0x000001e9aa273c19 (Mono JIT Code) UnityEngine.TestRunner.NUnitExtensions.Runner.UnityLogCheckDelegatingCommand/<ExecuteEnumerable>d__3:MoveNext () (at ./Library/PackageCache/com.unity.test-framework@40e262928427/UnityEngine.TestRunner/NUnitExtensions/Runner/UnityLogCheckDelegatingCommand.cs:35)
0x000001e9aa251e01 (Mono JIT Code) UnityEngine.TestTools.BeforeAfterTestCommandBase`1/<ExecuteEnumerable>d__16<T_REF>:MoveNext () (at ./Library/PackageCache/com.unity.test-framework@40e262928427/UnityEngine.TestRunner/NUnitExtensions/Commands/BeforeAfterTestCommandBase.cs:212)
0x000001e9aa272fb6 (Mono JIT Code) UnityEngine.TestTools.ImmediateEnumerableCommand:Execute (NUnit.Framework.Internal.ITestExecutionContext) (at ./Library/PackageCache/com.unity.test-framework@40e262928427/UnityEngine.TestRunner/NUnitExtensions/Commands/ImmediateEnumerableCommand.cs:18)
0x000001e9aa251f01 (Mono JIT Code) UnityEngine.TestTools.BeforeAfterTestCommandBase`1/<ExecuteEnumerable>d__16<T_REF>:MoveNext () (at ./Library/PackageCache/com.unity.test-framework@40e262928427/UnityEngine.TestRunner/NUnitExtensions/Commands/BeforeAfterTestCommandBase.cs:219)
0x000001e9aa251e01 (Mono JIT Code) UnityEngine.TestTools.BeforeAfterTestCommandBase`1/<ExecuteEnumerable>d__16<T_REF>:MoveNext () (at ./Library/PackageCache/com.unity.test-framework@40e262928427/UnityEngine.TestRunner/NUnitExtensions/Commands/BeforeAfterTestCommandBase.cs:212)
0x000001e9aa251e01 (Mono JIT Code) UnityEngine.TestTools.BeforeAfterTestCommandBase`1/<ExecuteEnumerable>d__16<T_REF>:MoveNext () (at ./Library/PackageCache/com.unity.test-framework@40e262928427/UnityEngine.TestRunner/NUnitExtensions/Commands/BeforeAfterTestCommandBase.cs:212)
0x000001e9aa26b457 (Mono JIT Code) UnityEngine.TestTools.RetryCommand/<ExecuteEnumerable>d__2:MoveNext () (at ./Library/PackageCache/com.unity.test-framework@40e262928427/UnityEngine.TestRunner/NUnitExtensions/Commands/RetryCommand.cs:37)
0x000001e9aa269f2f (Mono JIT Code) UnityEngine.TestTools.RepeatCommand/<ExecuteEnumerable>d__2:MoveNext () (at ./Library/PackageCache/com.unity.test-framework@40e262928427/UnityEngine.TestRunner/NUnitExtensions/Commands/RepeatCommand.cs:36)
0x000001e9aa268fa6 (Mono JIT Code) UnityEngine.TestTools.IgnoreTestCommand/<ExecuteEnumerable>d__3:MoveNext () (at ./Library/PackageCache/com.unity.test-framework@40e262928427/UnityEngine.TestRunner/NUnitExtensions/Commands/IgnoreTestCommand.cs:42)
0x000001e9aa267c7f (Mono JIT Code) UnityEngine.TestTools.StrictCheckCommand/<ExecuteEnumerable>d__2:MoveNext () (at ./Library/PackageCache/com.unity.test-framework@40e262928427/UnityEngine.TestRunner/NUnitExtensions/Commands/StrictCheckCommand.cs:29)
0x000001e9aa266fe1 (Mono JIT Code) UnityEngine.TestRunner.NUnitExtensions.Runner.DefaultTestWorkItem/<PerformWork>d__2:MoveNext () (at ./Library/PackageCache/com.unity.test-framework@40e262928427/UnityEngine.TestRunner/NUnitExtensions/Runner/DefaultTestWorkItem.cs:50)
0x000001e9aa255e12 (Mono JIT Code) UnityEngine.TestRunner.NUnitExtensions.Runner.CompositeWorkItem/<RunChildren>d__17:MoveNext () (at ./Library/PackageCache/com.unity.test-framework@40e262928427/UnityEngine.TestRunner/NUnitExtensions/Runner/CompositeWorkItem.cs:207)
0x000001e9aa247756 (Mono JIT Code) UnityEngine.TestRunner.NUnitExtensions.Runner.CompositeWorkItem/<PerformWork>d__13:MoveNext () (at ./Library/PackageCache/com.unity.test-framework@40e262928427/UnityEngine.TestRunner/NUnitExtensions/Runner/CompositeWorkItem.cs:82)
0x000001e9aa255e12 (Mono JIT Code) UnityEngine.TestRunner.NUnitExtensions.Runner.CompositeWorkItem/<RunChildren>d__17:MoveNext () (at ./Library/PackageCache/com.unity.test-framework@40e262928427/UnityEngine.TestRunner/NUnitExtensions/Runner/CompositeWorkItem.cs:207)
0x000001e9aa247756 (Mono JIT Code) UnityEngine.TestRunner.NUnitExtensions.Runner.CompositeWorkItem/<PerformWork>d__13:MoveNext () (at ./Library/PackageCache/com.unity.test-framework@40e262928427/UnityEngine.TestRunner/NUnitExtensions/Runner/CompositeWorkItem.cs:82)
0x000001e9aa255e12 (Mono JIT Code) UnityEngine.TestRunner.NUnitExtensions.Runner.CompositeWorkItem/<RunChildren>d__17:MoveNext () (at ./Library/PackageCache/com.unity.test-framework@40e262928427/UnityEngine.TestRunner/NUnitExtensions/Runner/CompositeWorkItem.cs:207)
0x000001e9aa247756 (Mono JIT Code) UnityEngine.TestRunner.NUnitExtensions.Runner.CompositeWorkItem/<PerformWork>d__13:MoveNext () (at ./Library/PackageCache/com.unity.test-framework@40e262928427/UnityEngine.TestRunner/NUnitExtensions/Runner/CompositeWorkItem.cs:82)
0x000001e9aa245fcc (Mono JIT Code) UnityEditor.TestTools.TestRunner.EditModeRunner:MoveNextAndUpdateYieldObject () (at ./Library/PackageCache/com.unity.test-framework@40e262928427/UnityEditor.TestRunner/TestRunner/EditModeRunner.cs:167)
0x000001e9aa245b7b (Mono JIT Code) UnityEditor.TestTools.TestRunner.EditModeRunner:TestConsumer (UnityEditor.TestTools.TestRunner.TestRunnerStateSerializer) (at ./Library/PackageCache/com.unity.test-framework@40e262928427/UnityEditor.TestRunner/TestRunner/EditModeRunner.cs:200)
0x000001e9aa23c173 (Mono JIT Code) UnityEditor.TestTools.TestRunner.TestRun.Tasks.EditModeRunTask/<Execute>d__1:MoveNext () (at ./Library/PackageCache/com.unity.test-framework@40e262928427/UnityEditor.TestRunner/TestRun/Tasks/EditModeRunTask.cs:48)
0x000001e977129d5e (Mono JIT Code) UnityEditor.TestTools.TestRunner.TestRun.TestJobRunner:ExecuteStep () (at ./Library/PackageCache/com.unity.test-framework@40e262928427/UnityEditor.TestRunner/TestRun/TestJobRunner.cs:173)
0x000001e977128953 (Mono JIT Code) UnityEditor.TestTools.TestRunner.TestRun.TestJobRunner:ExecuteCallback () (at ./Library/PackageCache/com.unity.test-framework@40e262928427/UnityEditor.TestRunner/TestRun/TestJobRunner.cs:108)
0x000001e99df821b8 (Mono JIT Code) UnityEditor.EditorApplication:Internal_CallUpdateFunctions ()
0x000001e8e6514785 (Mono JIT Code) (wrapper runtime-invoke) object:runtime_invoke_void (object,intptr,intptr,intptr)
0x00007fff3fd16e7e (mono-2.0-bdwgc) mono_jit_runtime_invoke (at C:/build/output/Unity-Technologies/mono/mono/mini/mini-runtime.c:3445)
0x00007fff3fc58874 (mono-2.0-bdwgc) do_runtime_invoke (at C:/build/output/Unity-Technologies/mono/mono/metadata/object.c:3068)
0x00007fff3fc58960 (mono-2.0-bdwgc) mono_runtime_invoke (at C:/build/output/Unity-Technologies/mono/mono/metadata/object.c:3115)
0x00007fff38e4cea4 (Unity) scripting_method_invoke
0x00007fff38e25433 (Unity) ScriptingInvocation::Invoke
0x00007fff38e20b35 (Unity) ScriptingInvocation::Invoke<void>
0x00007fff38f8b4bb (Unity) Scripting::UnityEditor::EditorApplicationProxy::Internal_CallUpdateFunctions
0x00007fff3a07e0e4 (Unity) SceneTracker::Update
0x00007fff39be1247 (Unity) Application::TickTimer
0x00007fff3a1b25ac (Unity) MainMessageLoop
0x00007fff3a1b9d1c (Unity) UnityMain
0x00007ff68b302f2a (Unity) __scrt_common_main_seh
0x00007fffddade8d7 (KERNEL32) BaseThreadInitThunk
0x00007fffde88c53c (ntdll) RtlUserThreadStart

[RecoilConfiguration] Empty or null JSON provided, returning default configuration.
0x00007fff38f222ae (Unity) StackWalker::ShowCallstack
0x00007fff38f31ee9 (Unity) PlatformStacktrace::GetStacktrace
0x00007fff3a1ac04e (Unity) Stacktrace::GetStacktrace
0x00007fff3a7859df (Unity) DebugStringToFile
0x00007fff37fd2930 (Unity) DebugLogHandler_CUSTOM_Internal_Log
0x000001e9766cbd3e (Mono JIT Code) (wrapper managed-to-native) UnityEngine.DebugLogHandler:Internal_Log_Injected (UnityEngine.LogType,UnityEngine.LogOption,UnityEngine.Bindings.ManagedSpanWrapper&,intptr)
0x000001e9766cbb43 (Mono JIT Code) UnityEngine.DebugLogHandler:Internal_Log (UnityEngine.LogType,UnityEngine.LogOption,string,UnityEngine.Object)
0x000001e9766cb7fb (Mono JIT Code) UnityEngine.DebugLogHandler:LogFormat (UnityEngine.LogType,UnityEngine.Object,string,object[])
0x000001e9766ca6ae (Mono JIT Code) UnityEngine.Logger:Log (UnityEngine.LogType,object)
0x000001e9aa2b404d (Mono JIT Code) UnityEngine.Debug:LogWarning (object)
0x000001e976d477fb (Mono JIT Code) RecoilConfiguration:FromJson (string) (at C:/Users/Ubuntu/Desktop/_DEV/AFFECT-2025-10-11/Assets/_SCRIPTS/_PLAYER/Recoil/RecoilConfiguration.cs:136)
0x000001e976d48643 (Mono JIT Code) SerializationProperties:Property16_InvalidJsonReturnsDefaultConfiguration () (at C:/Users/Ubuntu/Desktop/_DEV/AFFECT-2025-10-11/Assets/_SCRIPTS/Editor/SerializationProperties.cs:115)
0x000001e9aa264548 (Mono JIT Code) (wrapper runtime-invoke) object:runtime_invoke_void__this__ (object,intptr,intptr,intptr)
0x00007fff3fd16e7e (mono-2.0-bdwgc) mono_jit_runtime_invoke (at C:/build/output/Unity-Technologies/mono/mono/mini/mini-runtime.c:3445)
0x00007fff3fc58874 (mono-2.0-bdwgc) do_runtime_invoke (at C:/build/output/Unity-Technologies/mono/mono/metadata/object.c:3068)
0x00007fff3fc5f926 (mono-2.0-bdwgc) mono_runtime_try_invoke_array (at C:/build/output/Unity-Technologies/mono/mono/metadata/object.c:5774)
0x00007fff3fb91b81 (mono-2.0-bdwgc) ves_icall_InternalInvoke (at C:/build/output/Unity-Technologies/mono/mono/metadata/icall.c:4038)
0x00007fff3fbb7e31 (mono-2.0-bdwgc) ves_icall_InternalInvoke_raw (at C:/build/output/Unity-Technologies/mono/mono/metadata/icall-def.h:692)
0x000001e8e22b0f92 (Mono JIT Code) (wrapper managed-to-native) System.Reflection.RuntimeMethodInfo:InternalInvoke (System.Reflection.RuntimeMethodInfo,object,object[],System.Exception&)
0x000001e8e3c7ea73 (Mono JIT Code) System.Reflection.RuntimeMethodInfo:Invoke (object,System.Reflection.BindingFlags,System.Reflection.Binder,object[],System.Globalization.CultureInfo)
0x000001e8db9555ef (Mono JIT Code) System.Reflection.MethodBase:Invoke (object,object[])
0x000001e9aa26e783 (Mono JIT Code) NUnit.Framework.Internal.Reflect:InvokeMethod (System.Reflection.MethodInfo,object,object[])
0x000001e9aa2760ab (Mono JIT Code) NUnit.Framework.Internal.MethodWrapper:Invoke (object,object[])
0x000001e9aa275f8a (Mono JIT Code) NUnit.Framework.Internal.Commands.TestMethodCommand:RunNonAsyncTestMethod (NUnit.Framework.Internal.ITestExecutionContext)
0x000001e9aa275dd3 (Mono JIT Code) NUnit.Framework.Internal.Commands.TestMethodCommand:RunTestMethod (NUnit.Framework.Internal.ITestExecutionContext)
0x000001e9aa275973 (Mono JIT Code) NUnit.Framework.Internal.Commands.TestMethodCommand:Execute (NUnit.Framework.Internal.ITestExecutionContext)
0x000001e9aa27556b (Mono JIT Code) UnityEngine.TestTools.UnityTestMethodCommand:Execute (NUnit.Framework.Internal.ITestExecutionContext) (at ./Library/PackageCache/com.unity.test-framework@40e262928427/UnityEngine.TestRunner/NUnitExtensions/Commands/UnityTestMethodCommand.cs:19)
0x000001e9aa2752fb (Mono JIT Code) UnityEngine.TestRunner.NUnitExtensions.Runner.UnityLogCheckDelegatingCommand/<>c__DisplayClass2_0:<Execute>b__0 () (at ./Library/PackageCache/com.unity.test-framework@40e262928427/UnityEngine.TestRunner/NUnitExtensions/Runner/UnityLogCheckDelegatingCommand.cs:24)
0x000001e9aa275123 (Mono JIT Code) UnityEngine.TestRunner.NUnitExtensions.Runner.UnityLogCheckDelegatingCommand:CaptureException (NUnit.Framework.Internal.TestResult,System.Action) (at ./Library/PackageCache/com.unity.test-framework@40e262928427/UnityEngine.TestRunner/NUnitExtensions/Runner/UnityLogCheckDelegatingCommand.cs:72)
0x000001e9aa274fb3 (Mono JIT Code) UnityEngine.TestRunner.NUnitExtensions.Runner.UnityLogCheckDelegatingCommand:ExecuteAndCheckLog (UnityEngine.TestTools.Logging.LogScope,NUnit.Framework.Internal.TestResult,System.Action) (at ./Library/PackageCache/com.unity.test-framework@40e262928427/UnityEngine.TestRunner/NUnitExtensions/Runner/UnityLogCheckDelegatingCommand.cs:83)
0x000001e9aa274c3b (Mono JIT Code) UnityEngine.TestRunner.NUnitExtensions.Runner.UnityLogCheckDelegatingCommand:Execute (NUnit.Framework.Internal.ITestExecutionContext) (at ./Library/PackageCache/com.unity.test-framework@40e262928427/UnityEngine.TestRunner/NUnitExtensions/Runner/UnityLogCheckDelegatingCommand.cs:24)
0x000001e9aa273c19 (Mono JIT Code) UnityEngine.TestRunner.NUnitExtensions.Runner.UnityLogCheckDelegatingCommand/<ExecuteEnumerable>d__3:MoveNext () (at ./Library/PackageCache/com.unity.test-framework@40e262928427/UnityEngine.TestRunner/NUnitExtensions/Runner/UnityLogCheckDelegatingCommand.cs:35)
0x000001e9aa251e01 (Mono JIT Code) UnityEngine.TestTools.BeforeAfterTestCommandBase`1/<ExecuteEnumerable>d__16<T_REF>:MoveNext () (at ./Library/PackageCache/com.unity.test-framework@40e262928427/UnityEngine.TestRunner/NUnitExtensions/Commands/BeforeAfterTestCommandBase.cs:212)
0x000001e9aa272fb6 (Mono JIT Code) UnityEngine.TestTools.ImmediateEnumerableCommand:Execute (NUnit.Framework.Internal.ITestExecutionContext) (at ./Library/PackageCache/com.unity.test-framework@40e262928427/UnityEngine.TestRunner/NUnitExtensions/Commands/ImmediateEnumerableCommand.cs:18)
0x000001e9aa251f01 (Mono JIT Code) UnityEngine.TestTools.BeforeAfterTestCommandBase`1/<ExecuteEnumerable>d__16<T_REF>:MoveNext () (at ./Library/PackageCache/com.unity.test-framework@40e262928427/UnityEngine.TestRunner/NUnitExtensions/Commands/BeforeAfterTestCommandBase.cs:219)
0x000001e9aa251e01 (Mono JIT Code) UnityEngine.TestTools.BeforeAfterTestCommandBase`1/<ExecuteEnumerable>d__16<T_REF>:MoveNext () (at ./Library/PackageCache/com.unity.test-framework@40e262928427/UnityEngine.TestRunner/NUnitExtensions/Commands/BeforeAfterTestCommandBase.cs:212)
0x000001e9aa251e01 (Mono JIT Code) UnityEngine.TestTools.BeforeAfterTestCommandBase`1/<ExecuteEnumerable>d__16<T_REF>:MoveNext () (at ./Library/PackageCache/com.unity.test-framework@40e262928427/UnityEngine.TestRunner/NUnitExtensions/Commands/BeforeAfterTestCommandBase.cs:212)
0x000001e9aa26b457 (Mono JIT Code) UnityEngine.TestTools.RetryCommand/<ExecuteEnumerable>d__2:MoveNext () (at ./Library/PackageCache/com.unity.test-framework@40e262928427/UnityEngine.TestRunner/NUnitExtensions/Commands/RetryCommand.cs:37)
0x000001e9aa269f2f (Mono JIT Code) UnityEngine.TestTools.RepeatCommand/<ExecuteEnumerable>d__2:MoveNext () (at ./Library/PackageCache/com.unity.test-framework@40e262928427/UnityEngine.TestRunner/NUnitExtensions/Commands/RepeatCommand.cs:36)
0x000001e9aa268fa6 (Mono JIT Code) UnityEngine.TestTools.IgnoreTestCommand/<ExecuteEnumerable>d__3:MoveNext () (at ./Library/PackageCache/com.unity.test-framework@40e262928427/UnityEngine.TestRunner/NUnitExtensions/Commands/IgnoreTestCommand.cs:42)
0x000001e9aa267c7f (Mono JIT Code) UnityEngine.TestTools.StrictCheckCommand/<ExecuteEnumerable>d__2:MoveNext () (at ./Library/PackageCache/com.unity.test-framework@40e262928427/UnityEngine.TestRunner/NUnitExtensions/Commands/StrictCheckCommand.cs:29)
0x000001e9aa266fe1 (Mono JIT Code) UnityEngine.TestRunner.NUnitExtensions.Runner.DefaultTestWorkItem/<PerformWork>d__2:MoveNext () (at ./Library/PackageCache/com.unity.test-framework@40e262928427/UnityEngine.TestRunner/NUnitExtensions/Runner/DefaultTestWorkItem.cs:50)
0x000001e9aa255e12 (Mono JIT Code) UnityEngine.TestRunner.NUnitExtensions.Runner.CompositeWorkItem/<RunChildren>d__17:MoveNext () (at ./Library/PackageCache/com.unity.test-framework@40e262928427/UnityEngine.TestRunner/NUnitExtensions/Runner/CompositeWorkItem.cs:207)
0x000001e9aa247756 (Mono JIT Code) UnityEngine.TestRunner.NUnitExtensions.Runner.CompositeWorkItem/<PerformWork>d__13:MoveNext () (at ./Library/PackageCache/com.unity.test-framework@40e262928427/UnityEngine.TestRunner/NUnitExtensions/Runner/CompositeWorkItem.cs:82)
0x000001e9aa255e12 (Mono JIT Code) UnityEngine.TestRunner.NUnitExtensions.Runner.CompositeWorkItem/<RunChildren>d__17:MoveNext () (at ./Library/PackageCache/com.unity.test-framework@40e262928427/UnityEngine.TestRunner/NUnitExtensions/Runner/CompositeWorkItem.cs:207)
0x000001e9aa247756 (Mono JIT Code) UnityEngine.TestRunner.NUnitExtensions.Runner.CompositeWorkItem/<PerformWork>d__13:MoveNext () (at ./Library/PackageCache/com.unity.test-framework@40e262928427/UnityEngine.TestRunner/NUnitExtensions/Runner/CompositeWorkItem.cs:82)
0x000001e9aa255e12 (Mono JIT Code) UnityEngine.TestRunner.NUnitExtensions.Runner.CompositeWorkItem/<RunChildren>d__17:MoveNext () (at ./Library/PackageCache/com.unity.test-framework@40e262928427/UnityEngine.TestRunner/NUnitExtensions/Runner/CompositeWorkItem.cs:207)
0x000001e9aa247756 (Mono JIT Code) UnityEngine.TestRunner.NUnitExtensions.Runner.CompositeWorkItem/<PerformWork>d__13:MoveNext () (at ./Library/PackageCache/com.unity.test-framework@40e262928427/UnityEngine.TestRunner/NUnitExtensions/Runner/CompositeWorkItem.cs:82)
0x000001e9aa245fcc (Mono JIT Code) UnityEditor.TestTools.TestRunner.EditModeRunner:MoveNextAndUpdateYieldObject () (at ./Library/PackageCache/com.unity.test-framework@40e262928427/UnityEditor.TestRunner/TestRunner/EditModeRunner.cs:167)
0x000001e9aa245b7b (Mono JIT Code) UnityEditor.TestTools.TestRunner.EditModeRunner:TestConsumer (UnityEditor.TestTools.TestRunner.TestRunnerStateSerializer) (at ./Library/PackageCache/com.unity.test-framework@40e262928427/UnityEditor.TestRunner/TestRunner/EditModeRunner.cs:200)
0x000001e9aa23c173 (Mono JIT Code) UnityEditor.TestTools.TestRunner.TestRun.Tasks.EditModeRunTask/<Execute>d__1:MoveNext () (at ./Library/PackageCache/com.unity.test-framework@40e262928427/UnityEditor.TestRunner/TestRun/Tasks/EditModeRunTask.cs:48)
0x000001e977129d5e (Mono JIT Code) UnityEditor.TestTools.TestRunner.TestRun.TestJobRunner:ExecuteStep () (at ./Library/PackageCache/com.unity.test-framework@40e262928427/UnityEditor.TestRunner/TestRun/TestJobRunner.cs:173)
0x000001e977128953 (Mono JIT Code) UnityEditor.TestTools.TestRunner.TestRun.TestJobRunner:ExecuteCallback () (at ./Library/PackageCache/com.unity.test-framework@40e262928427/UnityEditor.TestRunner/TestRun/TestJobRunner.cs:108)
0x000001e99df821b8 (Mono JIT Code) UnityEditor.EditorApplication:Internal_CallUpdateFunctions ()
0x000001e8e6514785 (Mono JIT Code) (wrapper runtime-invoke) object:runtime_invoke_void (object,intptr,intptr,intptr)
0x00007fff3fd16e7e (mono-2.0-bdwgc) mono_jit_runtime_invoke (at C:/build/output/Unity-Technologies/mono/mono/mini/mini-runtime.c:3445)
0x00007fff3fc58874 (mono-2.0-bdwgc) do_runtime_invoke (at C:/build/output/Unity-Technologies/mono/mono/metadata/object.c:3068)
0x00007fff3fc58960 (mono-2.0-bdwgc) mono_runtime_invoke (at C:/build/output/Unity-Technologies/mono/mono/metadata/object.c:3115)
0x00007fff38e4cea4 (Unity) scripting_method_invoke
0x00007fff38e25433 (Unity) ScriptingInvocation::Invoke
0x00007fff38e20b35 (Unity) ScriptingInvocation::Invoke<void>
0x00007fff38f8b4bb (Unity) Scripting::UnityEditor::EditorApplicationProxy::Internal_CallUpdateFunctions
0x00007fff3a07e0e4 (Unity) SceneTracker::Update
0x00007fff39be1247 (Unity) Application::TickTimer
0x00007fff3a1b25ac (Unity) MainMessageLoop
0x00007fff3a1b9d1c (Unity) UnityMain
0x00007ff68b302f2a (Unity) __scrt_common_main_seh
0x00007fffddade8d7 (KERNEL32) BaseThreadInitThunk
0x00007fffde88c53c (ntdll) RtlUserThreadStart

[RecoilConfiguration] Failed to deserialize JSON: JSON parse error: Invalid value.. Returning default configuration.
0x00007fff38f222ae (Unity) StackWalker::ShowCallstack
0x00007fff38f31ee9 (Unity) PlatformStacktrace::GetStacktrace
0x00007fff3a1ac04e (Unity) Stacktrace::GetStacktrace
0x00007fff3a7859df (Unity) DebugStringToFile
0x00007fff37fd2930 (Unity) DebugLogHandler_CUSTOM_Internal_Log
0x000001e9766cbd3e (Mono JIT Code) (wrapper managed-to-native) UnityEngine.DebugLogHandler:Internal_Log_Injected (UnityEngine.LogType,UnityEngine.LogOption,UnityEngine.Bindings.ManagedSpanWrapper&,intptr)
0x000001e9766cbb43 (Mono JIT Code) UnityEngine.DebugLogHandler:Internal_Log (UnityEngine.LogType,UnityEngine.LogOption,string,UnityEngine.Object)
0x000001e9766cb7fb (Mono JIT Code) UnityEngine.DebugLogHandler:LogFormat (UnityEngine.LogType,UnityEngine.Object,string,object[])
0x000001e9766ca6ae (Mono JIT Code) UnityEngine.Logger:Log (UnityEngine.LogType,object)
0x000001e9aa2b404d (Mono JIT Code) UnityEngine.Debug:LogWarning (object)
0x000001e976d47adb (Mono JIT Code) RecoilConfiguration:FromJson (string) (at C:/Users/Ubuntu/Desktop/_DEV/AFFECT-2025-10-11/Assets/_SCRIPTS/_PLAYER/Recoil/RecoilConfiguration.cs:152)
0x000001e976d48643 (Mono JIT Code) SerializationProperties:Property16_InvalidJsonReturnsDefaultConfiguration () (at C:/Users/Ubuntu/Desktop/_DEV/AFFECT-2025-10-11/Assets/_SCRIPTS/Editor/SerializationProperties.cs:115)
0x000001e9aa264548 (Mono JIT Code) (wrapper runtime-invoke) object:runtime_invoke_void__this__ (object,intptr,intptr,intptr)
0x00007fff3fd16e7e (mono-2.0-bdwgc) mono_jit_runtime_invoke (at C:/build/output/Unity-Technologies/mono/mono/mini/mini-runtime.c:3445)
0x00007fff3fc58874 (mono-2.0-bdwgc) do_runtime_invoke (at C:/build/output/Unity-Technologies/mono/mono/metadata/object.c:3068)
0x00007fff3fc5f926 (mono-2.0-bdwgc) mono_runtime_try_invoke_array (at C:/build/output/Unity-Technologies/mono/mono/metadata/object.c:5774)
0x00007fff3fb91b81 (mono-2.0-bdwgc) ves_icall_InternalInvoke (at C:/build/output/Unity-Technologies/mono/mono/metadata/icall.c:4038)
0x00007fff3fbb7e31 (mono-2.0-bdwgc) ves_icall_InternalInvoke_raw (at C:/build/output/Unity-Technologies/mono/mono/metadata/icall-def.h:692)
0x000001e8e22b0f92 (Mono JIT Code) (wrapper managed-to-native) System.Reflection.RuntimeMethodInfo:InternalInvoke (System.Reflection.RuntimeMethodInfo,object,object[],System.Exception&)
0x000001e8e3c7ea73 (Mono JIT Code) System.Reflection.RuntimeMethodInfo:Invoke (object,System.Reflection.BindingFlags,System.Reflection.Binder,object[],System.Globalization.CultureInfo)
0x000001e8db9555ef (Mono JIT Code) System.Reflection.MethodBase:Invoke (object,object[])
0x000001e9aa26e783 (Mono JIT Code) NUnit.Framework.Internal.Reflect:InvokeMethod (System.Reflection.MethodInfo,object,object[])
0x000001e9aa2760ab (Mono JIT Code) NUnit.Framework.Internal.MethodWrapper:Invoke (object,object[])
0x000001e9aa275f8a (Mono JIT Code) NUnit.Framework.Internal.Commands.TestMethodCommand:RunNonAsyncTestMethod (NUnit.Framework.Internal.ITestExecutionContext)
0x000001e9aa275dd3 (Mono JIT Code) NUnit.Framework.Internal.Commands.TestMethodCommand:RunTestMethod (NUnit.Framework.Internal.ITestExecutionContext)
0x000001e9aa275973 (Mono JIT Code) NUnit.Framework.Internal.Commands.TestMethodCommand:Execute (NUnit.Framework.Internal.ITestExecutionContext)
0x000001e9aa27556b (Mono JIT Code) UnityEngine.TestTools.UnityTestMethodCommand:Execute (NUnit.Framework.Internal.ITestExecutionContext) (at ./Library/PackageCache/com.unity.test-framework@40e262928427/UnityEngine.TestRunner/NUnitExtensions/Commands/UnityTestMethodCommand.cs:19)
0x000001e9aa2752fb (Mono JIT Code) UnityEngine.TestRunner.NUnitExtensions.Runner.UnityLogCheckDelegatingCommand/<>c__DisplayClass2_0:<Execute>b__0 () (at ./Library/PackageCache/com.unity.test-framework@40e262928427/UnityEngine.TestRunner/NUnitExtensions/Runner/UnityLogCheckDelegatingCommand.cs:24)
0x000001e9aa275123 (Mono JIT Code) UnityEngine.TestRunner.NUnitExtensions.Runner.UnityLogCheckDelegatingCommand:CaptureException (NUnit.Framework.Internal.TestResult,System.Action) (at ./Library/PackageCache/com.unity.test-framework@40e262928427/UnityEngine.TestRunner/NUnitExtensions/Runner/UnityLogCheckDelegatingCommand.cs:72)
0x000001e9aa274fb3 (Mono JIT Code) UnityEngine.TestRunner.NUnitExtensions.Runner.UnityLogCheckDelegatingCommand:ExecuteAndCheckLog (UnityEngine.TestTools.Logging.LogScope,NUnit.Framework.Internal.TestResult,System.Action) (at ./Library/PackageCache/com.unity.test-framework@40e262928427/UnityEngine.TestRunner/NUnitExtensions/Runner/UnityLogCheckDelegatingCommand.cs:83)
0x000001e9aa274c3b (Mono JIT Code) UnityEngine.TestRunner.NUnitExtensions.Runner.UnityLogCheckDelegatingCommand:Execute (NUnit.Framework.Internal.ITestExecutionContext) (at ./Library/PackageCache/com.unity.test-framework@40e262928427/UnityEngine.TestRunner/NUnitExtensions/Runner/UnityLogCheckDelegatingCommand.cs:24)
0x000001e9aa273c19 (Mono JIT Code) UnityEngine.TestRunner.NUnitExtensions.Runner.UnityLogCheckDelegatingCommand/<ExecuteEnumerable>d__3:MoveNext () (at ./Library/PackageCache/com.unity.test-framework@40e262928427/UnityEngine.TestRunner/NUnitExtensions/Runner/UnityLogCheckDelegatingCommand.cs:35)
0x000001e9aa251e01 (Mono JIT Code) UnityEngine.TestTools.BeforeAfterTestCommandBase`1/<ExecuteEnumerable>d__16<T_REF>:MoveNext () (at ./Library/PackageCache/com.unity.test-framework@40e262928427/UnityEngine.TestRunner/NUnitExtensions/Commands/BeforeAfterTestCommandBase.cs:212)
0x000001e9aa272fb6 (Mono JIT Code) UnityEngine.TestTools.ImmediateEnumerableCommand:Execute (NUnit.Framework.Internal.ITestExecutionContext) (at ./Library/PackageCache/com.unity.test-framework@40e262928427/UnityEngine.TestRunner/NUnitExtensions/Commands/ImmediateEnumerableCommand.cs:18)
0x000001e9aa251f01 (Mono JIT Code) UnityEngine.TestTools.BeforeAfterTestCommandBase`1/<ExecuteEnumerable>d__16<T_REF>:MoveNext () (at ./Library/PackageCache/com.unity.test-framework@40e262928427/UnityEngine.TestRunner/NUnitExtensions/Commands/BeforeAfterTestCommandBase.cs:219)
0x000001e9aa251e01 (Mono JIT Code) UnityEngine.TestTools.BeforeAfterTestCommandBase`1/<ExecuteEnumerable>d__16<T_REF>:MoveNext () (at ./Library/PackageCache/com.unity.test-framework@40e262928427/UnityEngine.TestRunner/NUnitExtensions/Commands/BeforeAfterTestCommandBase.cs:212)
0x000001e9aa251e01 (Mono JIT Code) UnityEngine.TestTools.BeforeAfterTestCommandBase`1/<ExecuteEnumerable>d__16<T_REF>:MoveNext () (at ./Library/PackageCache/com.unity.test-framework@40e262928427/UnityEngine.TestRunner/NUnitExtensions/Commands/BeforeAfterTestCommandBase.cs:212)
0x000001e9aa26b457 (Mono JIT Code) UnityEngine.TestTools.RetryCommand/<ExecuteEnumerable>d__2:MoveNext () (at ./Library/PackageCache/com.unity.test-framework@40e262928427/UnityEngine.TestRunner/NUnitExtensions/Commands/RetryCommand.cs:37)
0x000001e9aa269f2f (Mono JIT Code) UnityEngine.TestTools.RepeatCommand/<ExecuteEnumerable>d__2:MoveNext () (at ./Library/PackageCache/com.unity.test-framework@40e262928427/UnityEngine.TestRunner/NUnitExtensions/Commands/RepeatCommand.cs:36)
0x000001e9aa268fa6 (Mono JIT Code) UnityEngine.TestTools.IgnoreTestCommand/<ExecuteEnumerable>d__3:MoveNext () (at ./Library/PackageCache/com.unity.test-framework@40e262928427/UnityEngine.TestRunner/NUnitExtensions/Commands/IgnoreTestCommand.cs:42)
0x000001e9aa267c7f (Mono JIT Code) UnityEngine.TestTools.StrictCheckCommand/<ExecuteEnumerable>d__2:MoveNext () (at ./Library/PackageCache/com.unity.test-framework@40e262928427/UnityEngine.TestRunner/NUnitExtensions/Commands/StrictCheckCommand.cs:29)
0x000001e9aa266fe1 (Mono JIT Code) UnityEngine.TestRunner.NUnitExtensions.Runner.DefaultTestWorkItem/<PerformWork>d__2:MoveNext () (at ./Library/PackageCache/com.unity.test-framework@40e262928427/UnityEngine.TestRunner/NUnitExtensions/Runner/DefaultTestWorkItem.cs:50)
0x000001e9aa255e12 (Mono JIT Code) UnityEngine.TestRunner.NUnitExtensions.Runner.CompositeWorkItem/<RunChildren>d__17:MoveNext () (at ./Library/PackageCache/com.unity.test-framework@40e262928427/UnityEngine.TestRunner/NUnitExtensions/Runner/CompositeWorkItem.cs:207)
0x000001e9aa247756 (Mono JIT Code) UnityEngine.TestRunner.NUnitExtensions.Runner.CompositeWorkItem/<PerformWork>d__13:MoveNext () (at ./Library/PackageCache/com.unity.test-framework@40e262928427/UnityEngine.TestRunner/NUnitExtensions/Runner/CompositeWorkItem.cs:82)
0x000001e9aa255e12 (Mono JIT Code) UnityEngine.TestRunner.NUnitExtensions.Runner.CompositeWorkItem/<RunChildren>d__17:MoveNext () (at ./Library/PackageCache/com.unity.test-framework@40e262928427/UnityEngine.TestRunner/NUnitExtensions/Runner/CompositeWorkItem.cs:207)
0x000001e9aa247756 (Mono JIT Code) UnityEngine.TestRunner.NUnitExtensions.Runner.CompositeWorkItem/<PerformWork>d__13:MoveNext () (at ./Library/PackageCache/com.unity.test-framework@40e262928427/UnityEngine.TestRunner/NUnitExtensions/Runner/CompositeWorkItem.cs:82)
0x000001e9aa255e12 (Mono JIT Code) UnityEngine.TestRunner.NUnitExtensions.Runner.CompositeWorkItem/<RunChildren>d__17:MoveNext () (at ./Library/PackageCache/com.unity.test-framework@40e262928427/UnityEngine.TestRunner/NUnitExtensions/Runner/CompositeWorkItem.cs:207)
0x000001e9aa247756 (Mono JIT Code) UnityEngine.TestRunner.NUnitExtensions.Runner.CompositeWorkItem/<PerformWork>d__13:MoveNext () (at ./Library/PackageCache/com.unity.test-framework@40e262928427/UnityEngine.TestRunner/NUnitExtensions/Runner/CompositeWorkItem.cs:82)
0x000001e9aa245fcc (Mono JIT Code) UnityEditor.TestTools.TestRunner.EditModeRunner:MoveNextAndUpdateYieldObject () (at ./Library/PackageCache/com.unity.test-framework@40e262928427/UnityEditor.TestRunner/TestRunner/EditModeRunner.cs:167)
0x000001e9aa245b7b (Mono JIT Code) UnityEditor.TestTools.TestRunner.EditModeRunner:TestConsumer (UnityEditor.TestTools.TestRunner.TestRunnerStateSerializer) (at ./Library/PackageCache/com.unity.test-framework@40e262928427/UnityEditor.TestRunner/TestRunner/EditModeRunner.cs:200)
0x000001e9aa23c173 (Mono JIT Code) UnityEditor.TestTools.TestRunner.TestRun.Tasks.EditModeRunTask/<Execute>d__1:MoveNext () (at ./Library/PackageCache/com.unity.test-framework@40e262928427/UnityEditor.TestRunner/TestRun/Tasks/EditModeRunTask.cs:48)
0x000001e977129d5e (Mono JIT Code) UnityEditor.TestTools.TestRunner.TestRun.TestJobRunner:ExecuteStep () (at ./Library/PackageCache/com.unity.test-framework@40e262928427/UnityEditor.TestRunner/TestRun/TestJobRunner.cs:173)
0x000001e977128953 (Mono JIT Code) UnityEditor.TestTools.TestRunner.TestRun.TestJobRunner:ExecuteCallback () (at ./Library/PackageCache/com.unity.test-framework@40e262928427/UnityEditor.TestRunner/TestRun/TestJobRunner.cs:108)
0x000001e99df821b8 (Mono JIT Code) UnityEditor.EditorApplication:Internal_CallUpdateFunctions ()
0x000001e8e6514785 (Mono JIT Code) (wrapper runtime-invoke) object:runtime_invoke_void (object,intptr,intptr,intptr)
0x00007fff3fd16e7e (mono-2.0-bdwgc) mono_jit_runtime_invoke (at C:/build/output/Unity-Technologies/mono/mono/mini/mini-runtime.c:3445)
0x00007fff3fc58874 (mono-2.0-bdwgc) do_runtime_invoke (at C:/build/output/Unity-Technologies/mono/mono/metadata/object.c:3068)
0x00007fff3fc58960 (mono-2.0-bdwgc) mono_runtime_invoke (at C:/build/output/Unity-Technologies/mono/mono/metadata/object.c:3115)
0x00007fff38e4cea4 (Unity) scripting_method_invoke
0x00007fff38e25433 (Unity) ScriptingInvocation::Invoke
0x00007fff38e20b35 (Unity) ScriptingInvocation::Invoke<void>
0x00007fff38f8b4bb (Unity) Scripting::UnityEditor::EditorApplicationProxy::Internal_CallUpdateFunctions
0x00007fff3a07e0e4 (Unity) SceneTracker::Update
0x00007fff39be1247 (Unity) Application::TickTimer
0x00007fff3a1b25ac (Unity) MainMessageLoop
0x00007fff3a1b9d1c (Unity) UnityMain
0x00007ff68b302f2a (Unity) __scrt_common_main_seh
0x00007fffddade8d7 (KERNEL32) BaseThreadInitThunk
0x00007fffde88c53c (ntdll) RtlUserThreadStart

[RecoilConfiguration] Empty or null JSON provided, returning default configuration.
0x00007fff38f222ae (Unity) StackWalker::ShowCallstack
0x00007fff38f31ee9 (Unity) PlatformStacktrace::GetStacktrace
0x00007fff3a1ac04e (Unity) Stacktrace::GetStacktrace
0x00007fff3a7859df (Unity) DebugStringToFile
0x00007fff37fd2930 (Unity) DebugLogHandler_CUSTOM_Internal_Log
0x000001e9766cbd3e (Mono JIT Code) (wrapper managed-to-native) UnityEngine.DebugLogHandler:Internal_Log_Injected (UnityEngine.LogType,UnityEngine.LogOption,UnityEngine.Bindings.ManagedSpanWrapper&,intptr)
0x000001e9766cbb43 (Mono JIT Code) UnityEngine.DebugLogHandler:Internal_Log (UnityEngine.LogType,UnityEngine.LogOption,string,UnityEngine.Object)
0x000001e9766cb7fb (Mono JIT Code) UnityEngine.DebugLogHandler:LogFormat (UnityEngine.LogType,UnityEngine.Object,string,object[])
0x000001e9766ca6ae (Mono JIT Code) UnityEngine.Logger:Log (UnityEngine.LogType,object)
0x000001e9aa2b404d (Mono JIT Code) UnityEngine.Debug:LogWarning (object)
0x000001e976d477fb (Mono JIT Code) RecoilConfiguration:FromJson (string) (at C:/Users/Ubuntu/Desktop/_DEV/AFFECT-2025-10-11/Assets/_SCRIPTS/_PLAYER/Recoil/RecoilConfiguration.cs:136)
0x000001e976d48643 (Mono JIT Code) SerializationProperties:Property16_InvalidJsonReturnsDefaultConfiguration () (at C:/Users/Ubuntu/Desktop/_DEV/AFFECT-2025-10-11/Assets/_SCRIPTS/Editor/SerializationProperties.cs:115)
0x000001e9aa264548 (Mono JIT Code) (wrapper runtime-invoke) object:runtime_invoke_void__this__ (object,intptr,intptr,intptr)
0x00007fff3fd16e7e (mono-2.0-bdwgc) mono_jit_runtime_invoke (at C:/build/output/Unity-Technologies/mono/mono/mini/mini-runtime.c:3445)
0x00007fff3fc58874 (mono-2.0-bdwgc) do_runtime_invoke (at C:/build/output/Unity-Technologies/mono/mono/metadata/object.c:3068)
0x00007fff3fc5f926 (mono-2.0-bdwgc) mono_runtime_try_invoke_array (at C:/build/output/Unity-Technologies/mono/mono/metadata/object.c:5774)
0x00007fff3fb91b81 (mono-2.0-bdwgc) ves_icall_InternalInvoke (at C:/build/output/Unity-Technologies/mono/mono/metadata/icall.c:4038)
0x00007fff3fbb7e31 (mono-2.0-bdwgc) ves_icall_InternalInvoke_raw (at C:/build/output/Unity-Technologies/mono/mono/metadata/icall-def.h:692)
0x000001e8e22b0f92 (Mono JIT Code) (wrapper managed-to-native) System.Reflection.RuntimeMethodInfo:InternalInvoke (System.Reflection.RuntimeMethodInfo,object,object[],System.Exception&)
0x000001e8e3c7ea73 (Mono JIT Code) System.Reflection.RuntimeMethodInfo:Invoke (object,System.Reflection.BindingFlags,System.Reflection.Binder,object[],System.Globalization.CultureInfo)
0x000001e8db9555ef (Mono JIT Code) System.Reflection.MethodBase:Invoke (object,object[])
0x000001e9aa26e783 (Mono JIT Code) NUnit.Framework.Internal.Reflect:InvokeMethod (System.Reflection.MethodInfo,object,object[])
0x000001e9aa2760ab (Mono JIT Code) NUnit.Framework.Internal.MethodWrapper:Invoke (object,object[])
0x000001e9aa275f8a (Mono JIT Code) NUnit.Framework.Internal.Commands.TestMethodCommand:RunNonAsyncTestMethod (NUnit.Framework.Internal.ITestExecutionContext)
0x000001e9aa275dd3 (Mono JIT Code) NUnit.Framework.Internal.Commands.TestMethodCommand:RunTestMethod (NUnit.Framework.Internal.ITestExecutionContext)
0x000001e9aa275973 (Mono JIT Code) NUnit.Framework.Internal.Commands.TestMethodCommand:Execute (NUnit.Framework.Internal.ITestExecutionContext)
0x000001e9aa27556b (Mono JIT Code) UnityEngine.TestTools.UnityTestMethodCommand:Execute (NUnit.Framework.Internal.ITestExecutionContext) (at ./Library/PackageCache/com.unity.test-framework@40e262928427/UnityEngine.TestRunner/NUnitExtensions/Commands/UnityTestMethodCommand.cs:19)
0x000001e9aa2752fb (Mono JIT Code) UnityEngine.TestRunner.NUnitExtensions.Runner.UnityLogCheckDelegatingCommand/<>c__DisplayClass2_0:<Execute>b__0 () (at ./Library/PackageCache/com.unity.test-framework@40e262928427/UnityEngine.TestRunner/NUnitExtensions/Runner/UnityLogCheckDelegatingCommand.cs:24)
0x000001e9aa275123 (Mono JIT Code) UnityEngine.TestRunner.NUnitExtensions.Runner.UnityLogCheckDelegatingCommand:CaptureException (NUnit.Framework.Internal.TestResult,System.Action) (at ./Library/PackageCache/com.unity.test-framework@40e262928427/UnityEngine.TestRunner/NUnitExtensions/Runner/UnityLogCheckDelegatingCommand.cs:72)
0x000001e9aa274fb3 (Mono JIT Code) UnityEngine.TestRunner.NUnitExtensions.Runner.UnityLogCheckDelegatingCommand:ExecuteAndCheckLog (UnityEngine.TestTools.Logging.LogScope,NUnit.Framework.Internal.TestResult,System.Action) (at ./Library/PackageCache/com.unity.test-framework@40e262928427/UnityEngine.TestRunner/NUnitExtensions/Runner/UnityLogCheckDelegatingCommand.cs:83)
0x000001e9aa274c3b (Mono JIT Code) UnityEngine.TestRunner.NUnitExtensions.Runner.UnityLogCheckDelegatingCommand:Execute (NUnit.Framework.Internal.ITestExecutionContext) (at ./Library/PackageCache/com.unity.test-framework@40e262928427/UnityEngine.TestRunner/NUnitExtensions/Runner/UnityLogCheckDelegatingCommand.cs:24)
0x000001e9aa273c19 (Mono JIT Code) UnityEngine.TestRunner.NUnitExtensions.Runner.UnityLogCheckDelegatingCommand/<ExecuteEnumerable>d__3:MoveNext () (at ./Library/PackageCache/com.unity.test-framework@40e262928427/UnityEngine.TestRunner/NUnitExtensions/Runner/UnityLogCheckDelegatingCommand.cs:35)
0x000001e9aa251e01 (Mono JIT Code) UnityEngine.TestTools.BeforeAfterTestCommandBase`1/<ExecuteEnumerable>d__16<T_REF>:MoveNext () (at ./Library/PackageCache/com.unity.test-framework@40e262928427/UnityEngine.TestRunner/NUnitExtensions/Commands/BeforeAfterTestCommandBase.cs:212)
0x000001e9aa272fb6 (Mono JIT Code) UnityEngine.TestTools.ImmediateEnumerableCommand:Execute (NUnit.Framework.Internal.ITestExecutionContext) (at ./Library/PackageCache/com.unity.test-framework@40e262928427/UnityEngine.TestRunner/NUnitExtensions/Commands/ImmediateEnumerableCommand.cs:18)
0x000001e9aa251f01 (Mono JIT Code) UnityEngine.TestTools.BeforeAfterTestCommandBase`1/<ExecuteEnumerable>d__16<T_REF>:MoveNext () (at ./Library/PackageCache/com.unity.test-framework@40e262928427/UnityEngine.TestRunner/NUnitExtensions/Commands/BeforeAfterTestCommandBase.cs:219)
0x000001e9aa251e01 (Mono JIT Code) UnityEngine.TestTools.BeforeAfterTestCommandBase`1/<ExecuteEnumerable>d__16<T_REF>:MoveNext () (at ./Library/PackageCache/com.unity.test-framework@40e262928427/UnityEngine.TestRunner/NUnitExtensions/Commands/BeforeAfterTestCommandBase.cs:212)
0x000001e9aa251e01 (Mono JIT Code) UnityEngine.TestTools.BeforeAfterTestCommandBase`1/<ExecuteEnumerable>d__16<T_REF>:MoveNext () (at ./Library/PackageCache/com.unity.test-framework@40e262928427/UnityEngine.TestRunner/NUnitExtensions/Commands/BeforeAfterTestCommandBase.cs:212)
0x000001e9aa26b457 (Mono JIT Code) UnityEngine.TestTools.RetryCommand/<ExecuteEnumerable>d__2:MoveNext () (at ./Library/PackageCache/com.unity.test-framework@40e262928427/UnityEngine.TestRunner/NUnitExtensions/Commands/RetryCommand.cs:37)
0x000001e9aa269f2f (Mono JIT Code) UnityEngine.TestTools.RepeatCommand/<ExecuteEnumerable>d__2:MoveNext () (at ./Library/PackageCache/com.unity.test-framework@40e262928427/UnityEngine.TestRunner/NUnitExtensions/Commands/RepeatCommand.cs:36)
0x000001e9aa268fa6 (Mono JIT Code) UnityEngine.TestTools.IgnoreTestCommand/<ExecuteEnumerable>d__3:MoveNext () (at ./Library/PackageCache/com.unity.test-framework@40e262928427/UnityEngine.TestRunner/NUnitExtensions/Commands/IgnoreTestCommand.cs:42)
0x000001e9aa267c7f (Mono JIT Code) UnityEngine.TestTools.StrictCheckCommand/<ExecuteEnumerable>d__2:MoveNext () (at ./Library/PackageCache/com.unity.test-framework@40e262928427/UnityEngine.TestRunner/NUnitExtensions/Commands/StrictCheckCommand.cs:29)
0x000001e9aa266fe1 (Mono JIT Code) UnityEngine.TestRunner.NUnitExtensions.Runner.DefaultTestWorkItem/<PerformWork>d__2:MoveNext () (at ./Library/PackageCache/com.unity.test-framework@40e262928427/UnityEngine.TestRunner/NUnitExtensions/Runner/DefaultTestWorkItem.cs:50)
0x000001e9aa255e12 (Mono JIT Code) UnityEngine.TestRunner.NUnitExtensions.Runner.CompositeWorkItem/<RunChildren>d__17:MoveNext () (at ./Library/PackageCache/com.unity.test-framework@40e262928427/UnityEngine.TestRunner/NUnitExtensions/Runner/CompositeWorkItem.cs:207)
0x000001e9aa247756 (Mono JIT Code) UnityEngine.TestRunner.NUnitExtensions.Runner.CompositeWorkItem/<PerformWork>d__13:MoveNext () (at ./Library/PackageCache/com.unity.test-framework@40e262928427/UnityEngine.TestRunner/NUnitExtensions/Runner/CompositeWorkItem.cs:82)
0x000001e9aa255e12 (Mono JIT Code) UnityEngine.TestRunner.NUnitExtensions.Runner.CompositeWorkItem/<RunChildren>d__17:MoveNext () (at ./Library/PackageCache/com.unity.test-framework@40e262928427/UnityEngine.TestRunner/NUnitExtensions/Runner/CompositeWorkItem.cs:207)
0x000001e9aa247756 (Mono JIT Code) UnityEngine.TestRunner.NUnitExtensions.Runner.CompositeWorkItem/<PerformWork>d__13:MoveNext () (at ./Library/PackageCache/com.unity.test-framework@40e262928427/UnityEngine.TestRunner/NUnitExtensions/Runner/CompositeWorkItem.cs:82)
0x000001e9aa255e12 (Mono JIT Code) UnityEngine.TestRunner.NUnitExtensions.Runner.CompositeWorkItem/<RunChildren>d__17:MoveNext () (at ./Library/PackageCache/com.unity.test-framework@40e262928427/UnityEngine.TestRunner/NUnitExtensions/Runner/CompositeWorkItem.cs:207)
0x000001e9aa247756 (Mono JIT Code) UnityEngine.TestRunner.NUnitExtensions.Runner.CompositeWorkItem/<PerformWork>d__13:MoveNext () (at ./Library/PackageCache/com.unity.test-framework@40e262928427/UnityEngine.TestRunner/NUnitExtensions/Runner/CompositeWorkItem.cs:82)
0x000001e9aa245fcc (Mono JIT Code) UnityEditor.TestTools.TestRunner.EditModeRunner:MoveNextAndUpdateYieldObject () (at ./Library/PackageCache/com.unity.test-framework@40e262928427/UnityEditor.TestRunner/TestRunner/EditModeRunner.cs:167)
0x000001e9aa245b7b (Mono JIT Code) UnityEditor.TestTools.TestRunner.EditModeRunner:TestConsumer (UnityEditor.TestTools.TestRunner.TestRunnerStateSerializer) (at ./Library/PackageCache/com.unity.test-framework@40e262928427/UnityEditor.TestRunner/TestRunner/EditModeRunner.cs:200)
0x000001e9aa23c173 (Mono JIT Code) UnityEditor.TestTools.TestRunner.TestRun.Tasks.EditModeRunTask/<Execute>d__1:MoveNext () (at ./Library/PackageCache/com.unity.test-framework@40e262928427/UnityEditor.TestRunner/TestRun/Tasks/EditModeRunTask.cs:48)
0x000001e977129d5e (Mono JIT Code) UnityEditor.TestTools.TestRunner.TestRun.TestJobRunner:ExecuteStep () (at ./Library/PackageCache/com.unity.test-framework@40e262928427/UnityEditor.TestRunner/TestRun/TestJobRunner.cs:173)
0x000001e977128953 (Mono JIT Code) UnityEditor.TestTools.TestRunner.TestRun.TestJobRunner:ExecuteCallback () (at ./Library/PackageCache/com.unity.test-framework@40e262928427/UnityEditor.TestRunner/TestRun/TestJobRunner.cs:108)
0x000001e99df821b8 (Mono JIT Code) UnityEditor.EditorApplication:Internal_CallUpdateFunctions ()
0x000001e8e6514785 (Mono JIT Code) (wrapper runtime-invoke) object:runtime_invoke_void (object,intptr,intptr,intptr)
0x00007fff3fd16e7e (mono-2.0-bdwgc) mono_jit_runtime_invoke (at C:/build/output/Unity-Technologies/mono/mono/mini/mini-runtime.c:3445)
0x00007fff3fc58874 (mono-2.0-bdwgc) do_runtime_invoke (at C:/build/output/Unity-Technologies/mono/mono/metadata/object.c:3068)
0x00007fff3fc58960 (mono-2.0-bdwgc) mono_runtime_invoke (at C:/build/output/Unity-Technologies/mono/mono/metadata/object.c:3115)
0x00007fff38e4cea4 (Unity) scripting_method_invoke
0x00007fff38e25433 (Unity) ScriptingInvocation::Invoke
0x00007fff38e20b35 (Unity) ScriptingInvocation::Invoke<void>
0x00007fff38f8b4bb (Unity) Scripting::UnityEditor::EditorApplicationProxy::Internal_CallUpdateFunctions
0x00007fff3a07e0e4 (Unity) SceneTracker::Update
0x00007fff39be1247 (Unity) Application::TickTimer
0x00007fff3a1b25ac (Unity) MainMessageLoop
0x00007fff3a1b9d1c (Unity) UnityMain
0x00007ff68b302f2a (Unity) __scrt_common_main_seh
0x00007fffddade8d7 (KERNEL32) BaseThreadInitThunk
0x00007fffde88c53c (ntdll) RtlUserThreadStart

[RecoilConfiguration] Failed to deserialize JSON: JSON parse error: Missing a name for object member.. Returning default configuration.
0x00007fff38f222ae (Unity) StackWalker::ShowCallstack
0x00007fff38f31ee9 (Unity) PlatformStacktrace::GetStacktrace
0x00007fff3a1ac04e (Unity) Stacktrace::GetStacktrace
0x00007fff3a7859df (Unity) DebugStringToFile
0x00007fff37fd2930 (Unity) DebugLogHandler_CUSTOM_Internal_Log
0x000001e9766cbd3e (Mono JIT Code) (wrapper managed-to-native) UnityEngine.DebugLogHandler:Internal_Log_Injected (UnityEngine.LogType,UnityEngine.LogOption,UnityEngine.Bindings.ManagedSpanWrapper&,intptr)
0x000001e9766cbb43 (Mono JIT Code) UnityEngine.DebugLogHandler:Internal_Log (UnityEngine.LogType,UnityEngine.LogOption,string,UnityEngine.Object)
0x000001e9766cb7fb (Mono JIT Code) UnityEngine.DebugLogHandler:LogFormat (UnityEngine.LogType,UnityEngine.Object,string,object[])
0x000001e9766ca6ae (Mono JIT Code) UnityEngine.Logger:Log (UnityEngine.LogType,object)
0x000001e9aa2b404d (Mono JIT Code) UnityEngine.Debug:LogWarning (object)
0x000001e976d47adb (Mono JIT Code) RecoilConfiguration:FromJson (string) (at C:/Users/Ubuntu/Desktop/_DEV/AFFECT-2025-10-11/Assets/_SCRIPTS/_PLAYER/Recoil/RecoilConfiguration.cs:152)
0x000001e976d48643 (Mono JIT Code) SerializationProperties:Property16_InvalidJsonReturnsDefaultConfiguration () (at C:/Users/Ubuntu/Desktop/_DEV/AFFECT-2025-10-11/Assets/_SCRIPTS/Editor/SerializationProperties.cs:115)
0x000001e9aa264548 (Mono JIT Code) (wrapper runtime-invoke) object:runtime_invoke_void__this__ (object,intptr,intptr,intptr)
0x00007fff3fd16e7e (mono-2.0-bdwgc) mono_jit_runtime_invoke (at C:/build/output/Unity-Technologies/mono/mono/mini/mini-runtime.c:3445)
0x00007fff3fc58874 (mono-2.0-bdwgc) do_runtime_invoke (at C:/build/output/Unity-Technologies/mono/mono/metadata/object.c:3068)
0x00007fff3fc5f926 (mono-2.0-bdwgc) mono_runtime_try_invoke_array (at C:/build/output/Unity-Technologies/mono/mono/metadata/object.c:5774)
0x00007fff3fb91b81 (mono-2.0-bdwgc) ves_icall_InternalInvoke (at C:/build/output/Unity-Technologies/mono/mono/metadata/icall.c:4038)
0x00007fff3fbb7e31 (mono-2.0-bdwgc) ves_icall_InternalInvoke_raw (at C:/build/output/Unity-Technologies/mono/mono/metadata/icall-def.h:692)
0x000001e8e22b0f92 (Mono JIT Code) (wrapper managed-to-native) System.Reflection.RuntimeMethodInfo:InternalInvoke (System.Reflection.RuntimeMethodInfo,object,object[],System.Exception&)
0x000001e8e3c7ea73 (Mono JIT Code) System.Reflection.RuntimeMethodInfo:Invoke (object,System.Reflection.BindingFlags,System.Reflection.Binder,object[],System.Globalization.CultureInfo)
0x000001e8db9555ef (Mono JIT Code) System.Reflection.MethodBase:Invoke (object,object[])
0x000001e9aa26e783 (Mono JIT Code) NUnit.Framework.Internal.Reflect:InvokeMethod (System.Reflection.MethodInfo,object,object[])
0x000001e9aa2760ab (Mono JIT Code) NUnit.Framework.Internal.MethodWrapper:Invoke (object,object[])
0x000001e9aa275f8a (Mono JIT Code) NUnit.Framework.Internal.Commands.TestMethodCommand:RunNonAsyncTestMethod (NUnit.Framework.Internal.ITestExecutionContext)
0x000001e9aa275dd3 (Mono JIT Code) NUnit.Framework.Internal.Commands.TestMethodCommand:RunTestMethod (NUnit.Framework.Internal.ITestExecutionContext)
0x000001e9aa275973 (Mono JIT Code) NUnit.Framework.Internal.Commands.TestMethodCommand:Execute (NUnit.Framework.Internal.ITestExecutionContext)
0x000001e9aa27556b (Mono JIT Code) UnityEngine.TestTools.UnityTestMethodCommand:Execute (NUnit.Framework.Internal.ITestExecutionContext) (at ./Library/PackageCache/com.unity.test-framework@40e262928427/UnityEngine.TestRunner/NUnitExtensions/Commands/UnityTestMethodCommand.cs:19)
0x000001e9aa2752fb (Mono JIT Code) UnityEngine.TestRunner.NUnitExtensions.Runner.UnityLogCheckDelegatingCommand/<>c__DisplayClass2_0:<Execute>b__0 () (at ./Library/PackageCache/com.unity.test-framework@40e262928427/UnityEngine.TestRunner/NUnitExtensions/Runner/UnityLogCheckDelegatingCommand.cs:24)
0x000001e9aa275123 (Mono JIT Code) UnityEngine.TestRunner.NUnitExtensions.Runner.UnityLogCheckDelegatingCommand:CaptureException (NUnit.Framework.Internal.TestResult,System.Action) (at ./Library/PackageCache/com.unity.test-framework@40e262928427/UnityEngine.TestRunner/NUnitExtensions/Runner/UnityLogCheckDelegatingCommand.cs:72)
0x000001e9aa274fb3 (Mono JIT Code) UnityEngine.TestRunner.NUnitExtensions.Runner.UnityLogCheckDelegatingCommand:ExecuteAndCheckLog (UnityEngine.TestTools.Logging.LogScope,NUnit.Framework.Internal.TestResult,System.Action) (at ./Library/PackageCache/com.unity.test-framework@40e262928427/UnityEngine.TestRunner/NUnitExtensions/Runner/UnityLogCheckDelegatingCommand.cs:83)
0x000001e9aa274c3b (Mono JIT Code) UnityEngine.TestRunner.NUnitExtensions.Runner.UnityLogCheckDelegatingCommand:Execute (NUnit.Framework.Internal.ITestExecutionContext) (at ./Library/PackageCache/com.unity.test-framework@40e262928427/UnityEngine.TestRunner/NUnitExtensions/Runner/UnityLogCheckDelegatingCommand.cs:24)
0x000001e9aa273c19 (Mono JIT Code) UnityEngine.TestRunner.NUnitExtensions.Runner.UnityLogCheckDelegatingCommand/<ExecuteEnumerable>d__3:MoveNext () (at ./Library/PackageCache/com.unity.test-framework@40e262928427/UnityEngine.TestRunner/NUnitExtensions/Runner/UnityLogCheckDelegatingCommand.cs:35)
0x000001e9aa251e01 (Mono JIT Code) UnityEngine.TestTools.BeforeAfterTestCommandBase`1/<ExecuteEnumerable>d__16<T_REF>:MoveNext () (at ./Library/PackageCache/com.unity.test-framework@40e262928427/UnityEngine.TestRunner/NUnitExtensions/Commands/BeforeAfterTestCommandBase.cs:212)
0x000001e9aa272fb6 (Mono JIT Code) UnityEngine.TestTools.ImmediateEnumerableCommand:Execute (NUnit.Framework.Internal.ITestExecutionContext) (at ./Library/PackageCache/com.unity.test-framework@40e262928427/UnityEngine.TestRunner/NUnitExtensions/Commands/ImmediateEnumerableCommand.cs:18)
0x000001e9aa251f01 (Mono JIT Code) UnityEngine.TestTools.BeforeAfterTestCommandBase`1/<ExecuteEnumerable>d__16<T_REF>:MoveNext () (at ./Library/PackageCache/com.unity.test-framework@40e262928427/UnityEngine.TestRunner/NUnitExtensions/Commands/BeforeAfterTestCommandBase.cs:219)
0x000001e9aa251e01 (Mono JIT Code) UnityEngine.TestTools.BeforeAfterTestCommandBase`1/<ExecuteEnumerable>d__16<T_REF>:MoveNext () (at ./Library/PackageCache/com.unity.test-framework@40e262928427/UnityEngine.TestRunner/NUnitExtensions/Commands/BeforeAfterTestCommandBase.cs:212)
0x000001e9aa251e01 (Mono JIT Code) UnityEngine.TestTools.BeforeAfterTestCommandBase`1/<ExecuteEnumerable>d__16<T_REF>:MoveNext () (at ./Library/PackageCache/com.unity.test-framework@40e262928427/UnityEngine.TestRunner/NUnitExtensions/Commands/BeforeAfterTestCommandBase.cs:212)
0x000001e9aa26b457 (Mono JIT Code) UnityEngine.TestTools.RetryCommand/<ExecuteEnumerable>d__2:MoveNext () (at ./Library/PackageCache/com.unity.test-framework@40e262928427/UnityEngine.TestRunner/NUnitExtensions/Commands/RetryCommand.cs:37)
0x000001e9aa269f2f (Mono JIT Code) UnityEngine.TestTools.RepeatCommand/<ExecuteEnumerable>d__2:MoveNext () (at ./Library/PackageCache/com.unity.test-framework@40e262928427/UnityEngine.TestRunner/NUnitExtensions/Commands/RepeatCommand.cs:36)
0x000001e9aa268fa6 (Mono JIT Code) UnityEngine.TestTools.IgnoreTestCommand/<ExecuteEnumerable>d__3:MoveNext () (at ./Library/PackageCache/com.unity.test-framework@40e262928427/UnityEngine.TestRunner/NUnitExtensions/Commands/IgnoreTestCommand.cs:42)
0x000001e9aa267c7f (Mono JIT Code) UnityEngine.TestTools.StrictCheckCommand/<ExecuteEnumerable>d__2:MoveNext () (at ./Library/PackageCache/com.unity.test-framework@40e262928427/UnityEngine.TestRunner/NUnitExtensions/Commands/StrictCheckCommand.cs:29)
0x000001e9aa266fe1 (Mono JIT Code) UnityEngine.TestRunner.NUnitExtensions.Runner.DefaultTestWorkItem/<PerformWork>d__2:MoveNext () (at ./Library/PackageCache/com.unity.test-framework@40e262928427/UnityEngine.TestRunner/NUnitExtensions/Runner/DefaultTestWorkItem.cs:50)
0x000001e9aa255e12 (Mono JIT Code) UnityEngine.TestRunner.NUnitExtensions.Runner.CompositeWorkItem/<RunChildren>d__17:MoveNext () (at ./Library/PackageCache/com.unity.test-framework@40e262928427/UnityEngine.TestRunner/NUnitExtensions/Runner/CompositeWorkItem.cs:207)
0x000001e9aa247756 (Mono JIT Code) UnityEngine.TestRunner.NUnitExtensions.Runner.CompositeWorkItem/<PerformWork>d__13:MoveNext () (at ./Library/PackageCache/com.unity.test-framework@40e262928427/UnityEngine.TestRunner/NUnitExtensions/Runner/CompositeWorkItem.cs:82)
0x000001e9aa255e12 (Mono JIT Code) UnityEngine.TestRunner.NUnitExtensions.Runner.CompositeWorkItem/<RunChildren>d__17:MoveNext () (at ./Library/PackageCache/com.unity.test-framework@40e262928427/UnityEngine.TestRunner/NUnitExtensions/Runner/CompositeWorkItem.cs:207)
0x000001e9aa247756 (Mono JIT Code) UnityEngine.TestRunner.NUnitExtensions.Runner.CompositeWorkItem/<PerformWork>d__13:MoveNext () (at ./Library/PackageCache/com.unity.test-framework@40e262928427/UnityEngine.TestRunner/NUnitExtensions/Runner/CompositeWorkItem.cs:82)
0x000001e9aa255e12 (Mono JIT Code) UnityEngine.TestRunner.NUnitExtensions.Runner.CompositeWorkItem/<RunChildren>d__17:MoveNext () (at ./Library/PackageCache/com.unity.test-framework@40e262928427/UnityEngine.TestRunner/NUnitExtensions/Runner/CompositeWorkItem.cs:207)
0x000001e9aa247756 (Mono JIT Code) UnityEngine.TestRunner.NUnitExtensions.Runner.CompositeWorkItem/<PerformWork>d__13:MoveNext () (at ./Library/PackageCache/com.unity.test-framework@40e262928427/UnityEngine.TestRunner/NUnitExtensions/Runner/CompositeWorkItem.cs:82)
0x000001e9aa245fcc (Mono JIT Code) UnityEditor.TestTools.TestRunner.EditModeRunner:MoveNextAndUpdateYieldObject () (at ./Library/PackageCache/com.unity.test-framework@40e262928427/UnityEditor.TestRunner/TestRunner/EditModeRunner.cs:167)
0x000001e9aa245b7b (Mono JIT Code) UnityEditor.TestTools.TestRunner.EditModeRunner:TestConsumer (UnityEditor.TestTools.TestRunner.TestRunnerStateSerializer) (at ./Library/PackageCache/com.unity.test-framework@40e262928427/UnityEditor.TestRunner/TestRunner/EditModeRunner.cs:200)
0x000001e9aa23c173 (Mono JIT Code) UnityEditor.TestTools.TestRunner.TestRun.Tasks.EditModeRunTask/<Execute>d__1:MoveNext () (at ./Library/PackageCache/com.unity.test-framework@40e262928427/UnityEditor.TestRunner/TestRun/Tasks/EditModeRunTask.cs:48)
0x000001e977129d5e (Mono JIT Code) UnityEditor.TestTools.TestRunner.TestRun.TestJobRunner:ExecuteStep () (at ./Library/PackageCache/com.unity.test-framework@40e262928427/UnityEditor.TestRunner/TestRun/TestJobRunner.cs:173)
0x000001e977128953 (Mono JIT Code) UnityEditor.TestTools.TestRunner.TestRun.TestJobRunner:ExecuteCallback () (at ./Library/PackageCache/com.unity.test-framework@40e262928427/UnityEditor.TestRunner/TestRun/TestJobRunner.cs:108)
0x000001e99df821b8 (Mono JIT Code) UnityEditor.EditorApplication:Internal_CallUpdateFunctions ()
0x000001e8e6514785 (Mono JIT Code) (wrapper runtime-invoke) object:runtime_invoke_void (object,intptr,intptr,intptr)
0x00007fff3fd16e7e (mono-2.0-bdwgc) mono_jit_runtime_invoke (at C:/build/output/Unity-Technologies/mono/mono/mini/mini-runtime.c:3445)
0x00007fff3fc58874 (mono-2.0-bdwgc) do_runtime_invoke (at C:/build/output/Unity-Technologies/mono/mono/metadata/object.c:3068)
0x00007fff3fc58960 (mono-2.0-bdwgc) mono_runtime_invoke (at C:/build/output/Unity-Technologies/mono/mono/metadata/object.c:3115)
0x00007fff38e4cea4 (Unity) scripting_method_invoke
0x00007fff38e25433 (Unity) ScriptingInvocation::Invoke
0x00007fff38e20b35 (Unity) ScriptingInvocation::Invoke<void>
0x00007fff38f8b4bb (Unity) Scripting::UnityEditor::EditorApplicationProxy::Internal_CallUpdateFunctions
0x00007fff3a07e0e4 (Unity) SceneTracker::Update
0x00007fff39be1247 (Unity) Application::TickTimer
0x00007fff3a1b25ac (Unity) MainMessageLoop
0x00007fff3a1b9d1c (Unity) UnityMain
0x00007ff68b302f2a (Unity) __scrt_common_main_seh
0x00007fffddade8d7 (KERNEL32) BaseThreadInitThunk
0x00007fffde88c53c (ntdll) RtlUserThreadStart

[RecoilConfiguration] Empty or null JSON provided, returning default configuration.
0x00007fff38f222ae (Unity) StackWalker::ShowCallstack
0x00007fff38f31ee9 (Unity) PlatformStacktrace::GetStacktrace
0x00007fff3a1ac04e (Unity) Stacktrace::GetStacktrace
0x00007fff3a7859df (Unity) DebugStringToFile
0x00007fff37fd2930 (Unity) DebugLogHandler_CUSTOM_Internal_Log
0x000001e9766cbd3e (Mono JIT Code) (wrapper managed-to-native) UnityEngine.DebugLogHandler:Internal_Log_Injected (UnityEngine.LogType,UnityEngine.LogOption,UnityEngine.Bindings.ManagedSpanWrapper&,intptr)
0x000001e9766cbb43 (Mono JIT Code) UnityEngine.DebugLogHandler:Internal_Log (UnityEngine.LogType,UnityEngine.LogOption,string,UnityEngine.Object)
0x000001e9766cb7fb (Mono JIT Code) UnityEngine.DebugLogHandler:LogFormat (UnityEngine.LogType,UnityEngine.Object,string,object[])
0x000001e9766ca6ae (Mono JIT Code) UnityEngine.Logger:Log (UnityEngine.LogType,object)
0x000001e9aa2b404d (Mono JIT Code) UnityEngine.Debug:LogWarning (object)
0x000001e976d477fb (Mono JIT Code) RecoilConfiguration:FromJson (string) (at C:/Users/Ubuntu/Desktop/_DEV/AFFECT-2025-10-11/Assets/_SCRIPTS/_PLAYER/Recoil/RecoilConfiguration.cs:136)
0x000001e976d48643 (Mono JIT Code) SerializationProperties:Property16_InvalidJsonReturnsDefaultConfiguration () (at C:/Users/Ubuntu/Desktop/_DEV/AFFECT-2025-10-11/Assets/_SCRIPTS/Editor/SerializationProperties.cs:115)
0x000001e9aa264548 (Mono JIT Code) (wrapper runtime-invoke) object:runtime_invoke_void__this__ (object,intptr,intptr,intptr)
0x00007fff3fd16e7e (mono-2.0-bdwgc) mono_jit_runtime_invoke (at C:/build/output/Unity-Technologies/mono/mono/mini/mini-runtime.c:3445)
0x00007fff3fc58874 (mono-2.0-bdwgc) do_runtime_invoke (at C:/build/output/Unity-Technologies/mono/mono/metadata/object.c:3068)
0x00007fff3fc5f926 (mono-2.0-bdwgc) mono_runtime_try_invoke_array (at C:/build/output/Unity-Technologies/mono/mono/metadata/object.c:5774)
0x00007fff3fb91b81 (mono-2.0-bdwgc) ves_icall_InternalInvoke (at C:/build/output/Unity-Technologies/mono/mono/metadata/icall.c:4038)
0x00007fff3fbb7e31 (mono-2.0-bdwgc) ves_icall_InternalInvoke_raw (at C:/build/output/Unity-Technologies/mono/mono/metadata/icall-def.h:692)
0x000001e8e22b0f92 (Mono JIT Code) (wrapper managed-to-native) System.Reflection.RuntimeMethodInfo:InternalInvoke (System.Reflection.RuntimeMethodInfo,object,object[],System.Exception&)
0x000001e8e3c7ea73 (Mono JIT Code) System.Reflection.RuntimeMethodInfo:Invoke (object,System.Reflection.BindingFlags,System.Reflection.Binder,object[],System.Globalization.CultureInfo)
0x000001e8db9555ef (Mono JIT Code) System.Reflection.MethodBase:Invoke (object,object[])
0x000001e9aa26e783 (Mono JIT Code) NUnit.Framework.Internal.Reflect:InvokeMethod (System.Reflection.MethodInfo,object,object[])
0x000001e9aa2760ab (Mono JIT Code) NUnit.Framework.Internal.MethodWrapper:Invoke (object,object[])
0x000001e9aa275f8a (Mono JIT Code) NUnit.Framework.Internal.Commands.TestMethodCommand:RunNonAsyncTestMethod (NUnit.Framework.Internal.ITestExecutionContext)
0x000001e9aa275dd3 (Mono JIT Code) NUnit.Framework.Internal.Commands.TestMethodCommand:RunTestMethod (NUnit.Framework.Internal.ITestExecutionContext)
0x000001e9aa275973 (Mono JIT Code) NUnit.Framework.Internal.Commands.TestMethodCommand:Execute (NUnit.Framework.Internal.ITestExecutionContext)
0x000001e9aa27556b (Mono JIT Code) UnityEngine.TestTools.UnityTestMethodCommand:Execute (NUnit.Framework.Internal.ITestExecutionContext) (at ./Library/PackageCache/com.unity.test-framework@40e262928427/UnityEngine.TestRunner/NUnitExtensions/Commands/UnityTestMethodCommand.cs:19)
0x000001e9aa2752fb (Mono JIT Code) UnityEngine.TestRunner.NUnitExtensions.Runner.UnityLogCheckDelegatingCommand/<>c__DisplayClass2_0:<Execute>b__0 () (at ./Library/PackageCache/com.unity.test-framework@40e262928427/UnityEngine.TestRunner/NUnitExtensions/Runner/UnityLogCheckDelegatingCommand.cs:24)
0x000001e9aa275123 (Mono JIT Code) UnityEngine.TestRunner.NUnitExtensions.Runner.UnityLogCheckDelegatingCommand:CaptureException (NUnit.Framework.Internal.TestResult,System.Action) (at ./Library/PackageCache/com.unity.test-framework@40e262928427/UnityEngine.TestRunner/NUnitExtensions/Runner/UnityLogCheckDelegatingCommand.cs:72)
0x000001e9aa274fb3 (Mono JIT Code) UnityEngine.TestRunner.NUnitExtensions.Runner.UnityLogCheckDelegatingCommand:ExecuteAndCheckLog (UnityEngine.TestTools.Logging.LogScope,NUnit.Framework.Internal.TestResult,System.Action) (at ./Library/PackageCache/com.unity.test-framework@40e262928427/UnityEngine.TestRunner/NUnitExtensions/Runner/UnityLogCheckDelegatingCommand.cs:83)
0x000001e9aa274c3b (Mono JIT Code) UnityEngine.TestRunner.NUnitExtensions.Runner.UnityLogCheckDelegatingCommand:Execute (NUnit.Framework.Internal.ITestExecutionContext) (at ./Library/PackageCache/com.unity.test-framework@40e262928427/UnityEngine.TestRunner/NUnitExtensions/Runner/UnityLogCheckDelegatingCommand.cs:24)
0x000001e9aa273c19 (Mono JIT Code) UnityEngine.TestRunner.NUnitExtensions.Runner.UnityLogCheckDelegatingCommand/<ExecuteEnumerable>d__3:MoveNext () (at ./Library/PackageCache/com.unity.test-framework@40e262928427/UnityEngine.TestRunner/NUnitExtensions/Runner/UnityLogCheckDelegatingCommand.cs:35)
0x000001e9aa251e01 (Mono JIT Code) UnityEngine.TestTools.BeforeAfterTestCommandBase`1/<ExecuteEnumerable>d__16<T_REF>:MoveNext () (at ./Library/PackageCache/com.unity.test-framework@40e262928427/UnityEngine.TestRunner/NUnitExtensions/Commands/BeforeAfterTestCommandBase.cs:212)
0x000001e9aa272fb6 (Mono JIT Code) UnityEngine.TestTools.ImmediateEnumerableCommand:Execute (NUnit.Framework.Internal.ITestExecutionContext) (at ./Library/PackageCache/com.unity.test-framework@40e262928427/UnityEngine.TestRunner/NUnitExtensions/Commands/ImmediateEnumerableCommand.cs:18)
0x000001e9aa251f01 (Mono JIT Code) UnityEngine.TestTools.BeforeAfterTestCommandBase`1/<ExecuteEnumerable>d__16<T_REF>:MoveNext () (at ./Library/PackageCache/com.unity.test-framework@40e262928427/UnityEngine.TestRunner/NUnitExtensions/Commands/BeforeAfterTestCommandBase.cs:219)
0x000001e9aa251e01 (Mono JIT Code) UnityEngine.TestTools.BeforeAfterTestCommandBase`1/<ExecuteEnumerable>d__16<T_REF>:MoveNext () (at ./Library/PackageCache/com.unity.test-framework@40e262928427/UnityEngine.TestRunner/NUnitExtensions/Commands/BeforeAfterTestCommandBase.cs:212)
0x000001e9aa251e01 (Mono JIT Code) UnityEngine.TestTools.BeforeAfterTestCommandBase`1/<ExecuteEnumerable>d__16<T_REF>:MoveNext () (at ./Library/PackageCache/com.unity.test-framework@40e262928427/UnityEngine.TestRunner/NUnitExtensions/Commands/BeforeAfterTestCommandBase.cs:212)
0x000001e9aa26b457 (Mono JIT Code) UnityEngine.TestTools.RetryCommand/<ExecuteEnumerable>d__2:MoveNext () (at ./Library/PackageCache/com.unity.test-framework@40e262928427/UnityEngine.TestRunner/NUnitExtensions/Commands/RetryCommand.cs:37)
0x000001e9aa269f2f (Mono JIT Code) UnityEngine.TestTools.RepeatCommand/<ExecuteEnumerable>d__2:MoveNext () (at ./Library/PackageCache/com.unity.test-framework@40e262928427/UnityEngine.TestRunner/NUnitExtensions/Commands/RepeatCommand.cs:36)
0x000001e9aa268fa6 (Mono JIT Code) UnityEngine.TestTools.IgnoreTestCommand/<ExecuteEnumerable>d__3:MoveNext () (at ./Library/PackageCache/com.unity.test-framework@40e262928427/UnityEngine.TestRunner/NUnitExtensions/Commands/IgnoreTestCommand.cs:42)
0x000001e9aa267c7f (Mono JIT Code) UnityEngine.TestTools.StrictCheckCommand/<ExecuteEnumerable>d__2:MoveNext () (at ./Library/PackageCache/com.unity.test-framework@40e262928427/UnityEngine.TestRunner/NUnitExtensions/Commands/StrictCheckCommand.cs:29)
0x000001e9aa266fe1 (Mono JIT Code) UnityEngine.TestRunner.NUnitExtensions.Runner.DefaultTestWorkItem/<PerformWork>d__2:MoveNext () (at ./Library/PackageCache/com.unity.test-framework@40e262928427/UnityEngine.TestRunner/NUnitExtensions/Runner/DefaultTestWorkItem.cs:50)
0x000001e9aa255e12 (Mono JIT Code) UnityEngine.TestRunner.NUnitExtensions.Runner.CompositeWorkItem/<RunChildren>d__17:MoveNext () (at ./Library/PackageCache/com.unity.test-framework@40e262928427/UnityEngine.TestRunner/NUnitExtensions/Runner/CompositeWorkItem.cs:207)
0x000001e9aa247756 (Mono JIT Code) UnityEngine.TestRunner.NUnitExtensions.Runner.CompositeWorkItem/<PerformWork>d__13:MoveNext () (at ./Library/PackageCache/com.unity.test-framework@40e262928427/UnityEngine.TestRunner/NUnitExtensions/Runner/CompositeWorkItem.cs:82)
0x000001e9aa255e12 (Mono JIT Code) UnityEngine.TestRunner.NUnitExtensions.Runner.CompositeWorkItem/<RunChildren>d__17:MoveNext () (at ./Library/PackageCache/com.unity.test-framework@40e262928427/UnityEngine.TestRunner/NUnitExtensions/Runner/CompositeWorkItem.cs:207)
0x000001e9aa247756 (Mono JIT Code) UnityEngine.TestRunner.NUnitExtensions.Runner.CompositeWorkItem/<PerformWork>d__13:MoveNext () (at ./Library/PackageCache/com.unity.test-framework@40e262928427/UnityEngine.TestRunner/NUnitExtensions/Runner/CompositeWorkItem.cs:82)
0x000001e9aa255e12 (Mono JIT Code) UnityEngine.TestRunner.NUnitExtensions.Runner.CompositeWorkItem/<RunChildren>d__17:MoveNext () (at ./Library/PackageCache/com.unity.test-framework@40e262928427/UnityEngine.TestRunner/NUnitExtensions/Runner/CompositeWorkItem.cs:207)
0x000001e9aa247756 (Mono JIT Code) UnityEngine.TestRunner.NUnitExtensions.Runner.CompositeWorkItem/<PerformWork>d__13:MoveNext () (at ./Library/PackageCache/com.unity.test-framework@40e262928427/UnityEngine.TestRunner/NUnitExtensions/Runner/CompositeWorkItem.cs:82)
0x000001e9aa245fcc (Mono JIT Code) UnityEditor.TestTools.TestRunner.EditModeRunner:MoveNextAndUpdateYieldObject () (at ./Library/PackageCache/com.unity.test-framework@40e262928427/UnityEditor.TestRunner/TestRunner/EditModeRunner.cs:167)
0x000001e9aa245b7b (Mono JIT Code) UnityEditor.TestTools.TestRunner.EditModeRunner:TestConsumer (UnityEditor.TestTools.TestRunner.TestRunnerStateSerializer) (at ./Library/PackageCache/com.unity.test-framework@40e262928427/UnityEditor.TestRunner/TestRunner/EditModeRunner.cs:200)
0x000001e9aa23c173 (Mono JIT Code) UnityEditor.TestTools.TestRunner.TestRun.Tasks.EditModeRunTask/<Execute>d__1:MoveNext () (at ./Library/PackageCache/com.unity.test-framework@40e262928427/UnityEditor.TestRunner/TestRun/Tasks/EditModeRunTask.cs:48)
0x000001e977129d5e (Mono JIT Code) UnityEditor.TestTools.TestRunner.TestRun.TestJobRunner:ExecuteStep () (at ./Library/PackageCache/com.unity.test-framework@40e262928427/UnityEditor.TestRunner/TestRun/TestJobRunner.cs:173)
0x000001e977128953 (Mono JIT Code) UnityEditor.TestTools.TestRunner.TestRun.TestJobRunner:ExecuteCallback () (at ./Library/PackageCache/com.unity.test-framework@40e262928427/UnityEditor.TestRunner/TestRun/TestJobRunner.cs:108)
0x000001e99df821b8 (Mono JIT Code) UnityEditor.EditorApplication:Internal_CallUpdateFunctions ()
0x000001e8e6514785 (Mono JIT Code) (wrapper runtime-invoke) object:runtime_invoke_void (object,intptr,intptr,intptr)
0x00007fff3fd16e7e (mono-2.0-bdwgc) mono_jit_runtime_invoke (at C:/build/output/Unity-Technologies/mono/mono/mini/mini-runtime.c:3445)
0x00007fff3fc58874 (mono-2.0-bdwgc) do_runtime_invoke (at C:/build/output/Unity-Technologies/mono/mono/metadata/object.c:3068)
0x00007fff3fc58960 (mono-2.0-bdwgc) mono_runtime_invoke (at C:/build/output/Unity-Technologies/mono/mono/metadata/object.c:3115)
0x00007fff38e4cea4 (Unity) scripting_method_invoke
0x00007fff38e25433 (Unity) ScriptingInvocation::Invoke
0x00007fff38e20b35 (Unity) ScriptingInvocation::Invoke<void>
0x00007fff38f8b4bb (Unity) Scripting::UnityEditor::EditorApplicationProxy::Internal_CallUpdateFunctions
0x00007fff3a07e0e4 (Unity) SceneTracker::Update
0x00007fff39be1247 (Unity) Application::TickTimer
0x00007fff3a1b25ac (Unity) MainMessageLoop
0x00007fff3a1b9d1c (Unity) UnityMain
0x00007ff68b302f2a (Unity) __scrt_common_main_seh
0x00007fffddade8d7 (KERNEL32) BaseThreadInitThunk
0x00007fffde88c53c (ntdll) RtlUserThreadStart

[RecoilConfiguration] Failed to deserialize JSON: JSON parse error: Missing a name for object member.. Returning default configuration.
0x00007fff38f222ae (Unity) StackWalker::ShowCallstack
0x00007fff38f31ee9 (Unity) PlatformStacktrace::GetStacktrace
0x00007fff3a1ac04e (Unity) Stacktrace::GetStacktrace
0x00007fff3a7859df (Unity) DebugStringToFile
0x00007fff37fd2930 (Unity) DebugLogHandler_CUSTOM_Internal_Log
0x000001e9766cbd3e (Mono JIT Code) (wrapper managed-to-native) UnityEngine.DebugLogHandler:Internal_Log_Injected (UnityEngine.LogType,UnityEngine.LogOption,UnityEngine.Bindings.ManagedSpanWrapper&,intptr)
0x000001e9766cbb43 (Mono JIT Code) UnityEngine.DebugLogHandler:Internal_Log (UnityEngine.LogType,UnityEngine.LogOption,string,UnityEngine.Object)
0x000001e9766cb7fb (Mono JIT Code) UnityEngine.DebugLogHandler:LogFormat (UnityEngine.LogType,UnityEngine.Object,string,object[])
0x000001e9766ca6ae (Mono JIT Code) UnityEngine.Logger:Log (UnityEngine.LogType,object)
0x000001e9aa2b404d (Mono JIT Code) UnityEngine.Debug:LogWarning (object)
0x000001e976d47adb (Mono JIT Code) RecoilConfiguration:FromJson (string) (at C:/Users/Ubuntu/Desktop/_DEV/AFFECT-2025-10-11/Assets/_SCRIPTS/_PLAYER/Recoil/RecoilConfiguration.cs:152)
0x000001e976d48643 (Mono JIT Code) SerializationProperties:Property16_InvalidJsonReturnsDefaultConfiguration () (at C:/Users/Ubuntu/Desktop/_DEV/AFFECT-2025-10-11/Assets/_SCRIPTS/Editor/SerializationProperties.cs:115)
0x000001e9aa264548 (Mono JIT Code) (wrapper runtime-invoke) object:runtime_invoke_void__this__ (object,intptr,intptr,intptr)
0x00007fff3fd16e7e (mono-2.0-bdwgc) mono_jit_runtime_invoke (at C:/build/output/Unity-Technologies/mono/mono/mini/mini-runtime.c:3445)
0x00007fff3fc58874 (mono-2.0-bdwgc) do_runtime_invoke (at C:/build/output/Unity-Technologies/mono/mono/metadata/object.c:3068)
0x00007fff3fc5f926 (mono-2.0-bdwgc) mono_runtime_try_invoke_array (at C:/build/output/Unity-Technologies/mono/mono/metadata/object.c:5774)
0x00007fff3fb91b81 (mono-2.0-bdwgc) ves_icall_InternalInvoke (at C:/build/output/Unity-Technologies/mono/mono/metadata/icall.c:4038)
0x00007fff3fbb7e31 (mono-2.0-bdwgc) ves_icall_InternalInvoke_raw (at C:/build/output/Unity-Technologies/mono/mono/metadata/icall-def.h:692)
0x000001e8e22b0f92 (Mono JIT Code) (wrapper managed-to-native) System.Reflection.RuntimeMethodInfo:InternalInvoke (System.Reflection.RuntimeMethodInfo,object,object[],System.Exception&)
0x000001e8e3c7ea73 (Mono JIT Code) System.Reflection.RuntimeMethodInfo:Invoke (object,System.Reflection.BindingFlags,System.Reflection.Binder,object[],System.Globalization.CultureInfo)
0x000001e8db9555ef (Mono JIT Code) System.Reflection.MethodBase:Invoke (object,object[])
0x000001e9aa26e783 (Mono JIT Code) NUnit.Framework.Internal.Reflect:InvokeMethod (System.Reflection.MethodInfo,object,object[])
0x000001e9aa2760ab (Mono JIT Code) NUnit.Framework.Internal.MethodWrapper:Invoke (object,object[])
0x000001e9aa275f8a (Mono JIT Code) NUnit.Framework.Internal.Commands.TestMethodCommand:RunNonAsyncTestMethod (NUnit.Framework.Internal.ITestExecutionContext)
0x000001e9aa275dd3 (Mono JIT Code) NUnit.Framework.Internal.Commands.TestMethodCommand:RunTestMethod (NUnit.Framework.Internal.ITestExecutionContext)
0x000001e9aa275973 (Mono JIT Code) NUnit.Framework.Internal.Commands.TestMethodCommand:Execute (NUnit.Framework.Internal.ITestExecutionContext)
0x000001e9aa27556b (Mono JIT Code) UnityEngine.TestTools.UnityTestMethodCommand:Execute (NUnit.Framework.Internal.ITestExecutionContext) (at ./Library/PackageCache/com.unity.test-framework@40e262928427/UnityEngine.TestRunner/NUnitExtensions/Commands/UnityTestMethodCommand.cs:19)
0x000001e9aa2752fb (Mono JIT Code) UnityEngine.TestRunner.NUnitExtensions.Runner.UnityLogCheckDelegatingCommand/<>c__DisplayClass2_0:<Execute>b__0 () (at ./Library/PackageCache/com.unity.test-framework@40e262928427/UnityEngine.TestRunner/NUnitExtensions/Runner/UnityLogCheckDelegatingCommand.cs:24)
0x000001e9aa275123 (Mono JIT Code) UnityEngine.TestRunner.NUnitExtensions.Runner.UnityLogCheckDelegatingCommand:CaptureException (NUnit.Framework.Internal.TestResult,System.Action) (at ./Library/PackageCache/com.unity.test-framework@40e262928427/UnityEngine.TestRunner/NUnitExtensions/Runner/UnityLogCheckDelegatingCommand.cs:72)
0x000001e9aa274fb3 (Mono JIT Code) UnityEngine.TestRunner.NUnitExtensions.Runner.UnityLogCheckDelegatingCommand:ExecuteAndCheckLog (UnityEngine.TestTools.Logging.LogScope,NUnit.Framework.Internal.TestResult,System.Action) (at ./Library/PackageCache/com.unity.test-framework@40e262928427/UnityEngine.TestRunner/NUnitExtensions/Runner/UnityLogCheckDelegatingCommand.cs:83)
0x000001e9aa274c3b (Mono JIT Code) UnityEngine.TestRunner.NUnitExtensions.Runner.UnityLogCheckDelegatingCommand:Execute (NUnit.Framework.Internal.ITestExecutionContext) (at ./Library/PackageCache/com.unity.test-framework@40e262928427/UnityEngine.TestRunner/NUnitExtensions/Runner/UnityLogCheckDelegatingCommand.cs:24)
0x000001e9aa273c19 (Mono JIT Code) UnityEngine.TestRunner.NUnitExtensions.Runner.UnityLogCheckDelegatingCommand/<ExecuteEnumerable>d__3:MoveNext () (at ./Library/PackageCache/com.unity.test-framework@40e262928427/UnityEngine.TestRunner/NUnitExtensions/Runner/UnityLogCheckDelegatingCommand.cs:35)
0x000001e9aa251e01 (Mono JIT Code) UnityEngine.TestTools.BeforeAfterTestCommandBase`1/<ExecuteEnumerable>d__16<T_REF>:MoveNext () (at ./Library/PackageCache/com.unity.test-framework@40e262928427/UnityEngine.TestRunner/NUnitExtensions/Commands/BeforeAfterTestCommandBase.cs:212)
0x000001e9aa272fb6 (Mono JIT Code) UnityEngine.TestTools.ImmediateEnumerableCommand:Execute (NUnit.Framework.Internal.ITestExecutionContext) (at ./Library/PackageCache/com.unity.test-framework@40e262928427/UnityEngine.TestRunner/NUnitExtensions/Commands/ImmediateEnumerableCommand.cs:18)
0x000001e9aa251f01 (Mono JIT Code) UnityEngine.TestTools.BeforeAfterTestCommandBase`1/<ExecuteEnumerable>d__16<T_REF>:MoveNext () (at ./Library/PackageCache/com.unity.test-framework@40e262928427/UnityEngine.TestRunner/NUnitExtensions/Commands/BeforeAfterTestCommandBase.cs:219)
0x000001e9aa251e01 (Mono JIT Code) UnityEngine.TestTools.BeforeAfterTestCommandBase`1/<ExecuteEnumerable>d__16<T_REF>:MoveNext () (at ./Library/PackageCache/com.unity.test-framework@40e262928427/UnityEngine.TestRunner/NUnitExtensions/Commands/BeforeAfterTestCommandBase.cs:212)
0x000001e9aa251e01 (Mono JIT Code) UnityEngine.TestTools.BeforeAfterTestCommandBase`1/<ExecuteEnumerable>d__16<T_REF>:MoveNext () (at ./Library/PackageCache/com.unity.test-framework@40e262928427/UnityEngine.TestRunner/NUnitExtensions/Commands/BeforeAfterTestCommandBase.cs:212)
0x000001e9aa26b457 (Mono JIT Code) UnityEngine.TestTools.RetryCommand/<ExecuteEnumerable>d__2:MoveNext () (at ./Library/PackageCache/com.unity.test-framework@40e262928427/UnityEngine.TestRunner/NUnitExtensions/Commands/RetryCommand.cs:37)
0x000001e9aa269f2f (Mono JIT Code) UnityEngine.TestTools.RepeatCommand/<ExecuteEnumerable>d__2:MoveNext () (at ./Library/PackageCache/com.unity.test-framework@40e262928427/UnityEngine.TestRunner/NUnitExtensions/Commands/RepeatCommand.cs:36)
0x000001e9aa268fa6 (Mono JIT Code) UnityEngine.TestTools.IgnoreTestCommand/<ExecuteEnumerable>d__3:MoveNext () (at ./Library/PackageCache/com.unity.test-framework@40e262928427/UnityEngine.TestRunner/NUnitExtensions/Commands/IgnoreTestCommand.cs:42)
0x000001e9aa267c7f (Mono JIT Code) UnityEngine.TestTools.StrictCheckCommand/<ExecuteEnumerable>d__2:MoveNext () (at ./Library/PackageCache/com.unity.test-framework@40e262928427/UnityEngine.TestRunner/NUnitExtensions/Commands/StrictCheckCommand.cs:29)
0x000001e9aa266fe1 (Mono JIT Code) UnityEngine.TestRunner.NUnitExtensions.Runner.DefaultTestWorkItem/<PerformWork>d__2:MoveNext () (at ./Library/PackageCache/com.unity.test-framework@40e262928427/UnityEngine.TestRunner/NUnitExtensions/Runner/DefaultTestWorkItem.cs:50)
0x000001e9aa255e12 (Mono JIT Code) UnityEngine.TestRunner.NUnitExtensions.Runner.CompositeWorkItem/<RunChildren>d__17:MoveNext () (at ./Library/PackageCache/com.unity.test-framework@40e262928427/UnityEngine.TestRunner/NUnitExtensions/Runner/CompositeWorkItem.cs:207)
0x000001e9aa247756 (Mono JIT Code) UnityEngine.TestRunner.NUnitExtensions.Runner.CompositeWorkItem/<PerformWork>d__13:MoveNext () (at ./Library/PackageCache/com.unity.test-framework@40e262928427/UnityEngine.TestRunner/NUnitExtensions/Runner/CompositeWorkItem.cs:82)
0x000001e9aa255e12 (Mono JIT Code) UnityEngine.TestRunner.NUnitExtensions.Runner.CompositeWorkItem/<RunChildren>d__17:MoveNext () (at ./Library/PackageCache/com.unity.test-framework@40e262928427/UnityEngine.TestRunner/NUnitExtensions/Runner/CompositeWorkItem.cs:207)
0x000001e9aa247756 (Mono JIT Code) UnityEngine.TestRunner.NUnitExtensions.Runner.CompositeWorkItem/<PerformWork>d__13:MoveNext () (at ./Library/PackageCache/com.unity.test-framework@40e262928427/UnityEngine.TestRunner/NUnitExtensions/Runner/CompositeWorkItem.cs:82)
0x000001e9aa255e12 (Mono JIT Code) UnityEngine.TestRunner.NUnitExtensions.Runner.CompositeWorkItem/<RunChildren>d__17:MoveNext () (at ./Library/PackageCache/com.unity.test-framework@40e262928427/UnityEngine.TestRunner/NUnitExtensions/Runner/CompositeWorkItem.cs:207)
0x000001e9aa247756 (Mono JIT Code) UnityEngine.TestRunner.NUnitExtensions.Runner.CompositeWorkItem/<PerformWork>d__13:MoveNext () (at ./Library/PackageCache/com.unity.test-framework@40e262928427/UnityEngine.TestRunner/NUnitExtensions/Runner/CompositeWorkItem.cs:82)
0x000001e9aa245fcc (Mono JIT Code) UnityEditor.TestTools.TestRunner.EditModeRunner:MoveNextAndUpdateYieldObject () (at ./Library/PackageCache/com.unity.test-framework@40e262928427/UnityEditor.TestRunner/TestRunner/EditModeRunner.cs:167)
0x000001e9aa245b7b (Mono JIT Code) UnityEditor.TestTools.TestRunner.EditModeRunner:TestConsumer (UnityEditor.TestTools.TestRunner.TestRunnerStateSerializer) (at ./Library/PackageCache/com.unity.test-framework@40e262928427/UnityEditor.TestRunner/TestRunner/EditModeRunner.cs:200)
0x000001e9aa23c173 (Mono JIT Code) UnityEditor.TestTools.TestRunner.TestRun.Tasks.EditModeRunTask/<Execute>d__1:MoveNext () (at ./Library/PackageCache/com.unity.test-framework@40e262928427/UnityEditor.TestRunner/TestRun/Tasks/EditModeRunTask.cs:48)
0x000001e977129d5e (Mono JIT Code) UnityEditor.TestTools.TestRunner.TestRun.TestJobRunner:ExecuteStep () (at ./Library/PackageCache/com.unity.test-framework@40e262928427/UnityEditor.TestRunner/TestRun/TestJobRunner.cs:173)
0x000001e977128953 (Mono JIT Code) UnityEditor.TestTools.TestRunner.TestRun.TestJobRunner:ExecuteCallback () (at ./Library/PackageCache/com.unity.test-framework@40e262928427/UnityEditor.TestRunner/TestRun/TestJobRunner.cs:108)
0x000001e99df821b8 (Mono JIT Code) UnityEditor.EditorApplication:Internal_CallUpdateFunctions ()
0x000001e8e6514785 (Mono JIT Code) (wrapper runtime-invoke) object:runtime_invoke_void (object,intptr,intptr,intptr)
0x00007fff3fd16e7e (mono-2.0-bdwgc) mono_jit_runtime_invoke (at C:/build/output/Unity-Technologies/mono/mono/mini/mini-runtime.c:3445)
0x00007fff3fc58874 (mono-2.0-bdwgc) do_runtime_invoke (at C:/build/output/Unity-Technologies/mono/mono/metadata/object.c:3068)
0x00007fff3fc58960 (mono-2.0-bdwgc) mono_runtime_invoke (at C:/build/output/Unity-Technologies/mono/mono/metadata/object.c:3115)
0x00007fff38e4cea4 (Unity) scripting_method_invoke
0x00007fff38e25433 (Unity) ScriptingInvocation::Invoke
0x00007fff38e20b35 (Unity) ScriptingInvocation::Invoke<void>
0x00007fff38f8b4bb (Unity) Scripting::UnityEditor::EditorApplicationProxy::Internal_CallUpdateFunctions
0x00007fff3a07e0e4 (Unity) SceneTracker::Update
0x00007fff39be1247 (Unity) Application::TickTimer
0x00007fff3a1b25ac (Unity) MainMessageLoop
0x00007fff3a1b9d1c (Unity) UnityMain
0x00007ff68b302f2a (Unity) __scrt_common_main_seh
0x00007fffddade8d7 (KERNEL32) BaseThreadInitThunk
0x00007fffde88c53c (ntdll) RtlUserThreadStart

[RecoilConfiguration] Empty or null JSON provided, returning default configuration.
0x00007fff38f222ae (Unity) StackWalker::ShowCallstack
0x00007fff38f31ee9 (Unity) PlatformStacktrace::GetStacktrace
0x00007fff3a1ac04e (Unity) Stacktrace::GetStacktrace
0x00007fff3a7859df (Unity) DebugStringToFile
0x00007fff37fd2930 (Unity) DebugLogHandler_CUSTOM_Internal_Log
0x000001e9766cbd3e (Mono JIT Code) (wrapper managed-to-native) UnityEngine.DebugLogHandler:Internal_Log_Injected (UnityEngine.LogType,UnityEngine.LogOption,UnityEngine.Bindings.ManagedSpanWrapper&,intptr)
0x000001e9766cbb43 (Mono JIT Code) UnityEngine.DebugLogHandler:Internal_Log (UnityEngine.LogType,UnityEngine.LogOption,string,UnityEngine.Object)
0x000001e9766cb7fb (Mono JIT Code) UnityEngine.DebugLogHandler:LogFormat (UnityEngine.LogType,UnityEngine.Object,string,object[])
0x000001e9766ca6ae (Mono JIT Code) UnityEngine.Logger:Log (UnityEngine.LogType,object)
0x000001e9aa2b404d (Mono JIT Code) UnityEngine.Debug:LogWarning (object)
0x000001e976d477fb (Mono JIT Code) RecoilConfiguration:FromJson (string) (at C:/Users/Ubuntu/Desktop/_DEV/AFFECT-2025-10-11/Assets/_SCRIPTS/_PLAYER/Recoil/RecoilConfiguration.cs:136)
0x000001e976d48643 (Mono JIT Code) SerializationProperties:Property16_InvalidJsonReturnsDefaultConfiguration () (at C:/Users/Ubuntu/Desktop/_DEV/AFFECT-2025-10-11/Assets/_SCRIPTS/Editor/SerializationProperties.cs:115)
0x000001e9aa264548 (Mono JIT Code) (wrapper runtime-invoke) object:runtime_invoke_void__this__ (object,intptr,intptr,intptr)
0x00007fff3fd16e7e (mono-2.0-bdwgc) mono_jit_runtime_invoke (at C:/build/output/Unity-Technologies/mono/mono/mini/mini-runtime.c:3445)
0x00007fff3fc58874 (mono-2.0-bdwgc) do_runtime_invoke (at C:/build/output/Unity-Technologies/mono/mono/metadata/object.c:3068)
0x00007fff3fc5f926 (mono-2.0-bdwgc) mono_runtime_try_invoke_array (at C:/build/output/Unity-Technologies/mono/mono/metadata/object.c:5774)
0x00007fff3fb91b81 (mono-2.0-bdwgc) ves_icall_InternalInvoke (at C:/build/output/Unity-Technologies/mono/mono/metadata/icall.c:4038)
0x00007fff3fbb7e31 (mono-2.0-bdwgc) ves_icall_InternalInvoke_raw (at C:/build/output/Unity-Technologies/mono/mono/metadata/icall-def.h:692)
0x000001e8e22b0f92 (Mono JIT Code) (wrapper managed-to-native) System.Reflection.RuntimeMethodInfo:InternalInvoke (System.Reflection.RuntimeMethodInfo,object,object[],System.Exception&)
0x000001e8e3c7ea73 (Mono JIT Code) System.Reflection.RuntimeMethodInfo:Invoke (object,System.Reflection.BindingFlags,System.Reflection.Binder,object[],System.Globalization.CultureInfo)
0x000001e8db9555ef (Mono JIT Code) System.Reflection.MethodBase:Invoke (object,object[])
0x000001e9aa26e783 (Mono JIT Code) NUnit.Framework.Internal.Reflect:InvokeMethod (System.Reflection.MethodInfo,object,object[])
0x000001e9aa2760ab (Mono JIT Code) NUnit.Framework.Internal.MethodWrapper:Invoke (object,object[])
0x000001e9aa275f8a (Mono JIT Code) NUnit.Framework.Internal.Commands.TestMethodCommand:RunNonAsyncTestMethod (NUnit.Framework.Internal.ITestExecutionContext)
0x000001e9aa275dd3 (Mono JIT Code) NUnit.Framework.Internal.Commands.TestMethodCommand:RunTestMethod (NUnit.Framework.Internal.ITestExecutionContext)
0x000001e9aa275973 (Mono JIT Code) NUnit.Framework.Internal.Commands.TestMethodCommand:Execute (NUnit.Framework.Internal.ITestExecutionContext)
0x000001e9aa27556b (Mono JIT Code) UnityEngine.TestTools.UnityTestMethodCommand:Execute (NUnit.Framework.Internal.ITestExecutionContext) (at ./Library/PackageCache/com.unity.test-framework@40e262928427/UnityEngine.TestRunner/NUnitExtensions/Commands/UnityTestMethodCommand.cs:19)
0x000001e9aa2752fb (Mono JIT Code) UnityEngine.TestRunner.NUnitExtensions.Runner.UnityLogCheckDelegatingCommand/<>c__DisplayClass2_0:<Execute>b__0 () (at ./Library/PackageCache/com.unity.test-framework@40e262928427/UnityEngine.TestRunner/NUnitExtensions/Runner/UnityLogCheckDelegatingCommand.cs:24)
0x000001e9aa275123 (Mono JIT Code) UnityEngine.TestRunner.NUnitExtensions.Runner.UnityLogCheckDelegatingCommand:CaptureException (NUnit.Framework.Internal.TestResult,System.Action) (at ./Library/PackageCache/com.unity.test-framework@40e262928427/UnityEngine.TestRunner/NUnitExtensions/Runner/UnityLogCheckDelegatingCommand.cs:72)
0x000001e9aa274fb3 (Mono JIT Code) UnityEngine.TestRunner.NUnitExtensions.Runner.UnityLogCheckDelegatingCommand:ExecuteAndCheckLog (UnityEngine.TestTools.Logging.LogScope,NUnit.Framework.Internal.TestResult,System.Action) (at ./Library/PackageCache/com.unity.test-framework@40e262928427/UnityEngine.TestRunner/NUnitExtensions/Runner/UnityLogCheckDelegatingCommand.cs:83)
0x000001e9aa274c3b (Mono JIT Code) UnityEngine.TestRunner.NUnitExtensions.Runner.UnityLogCheckDelegatingCommand:Execute (NUnit.Framework.Internal.ITestExecutionContext) (at ./Library/PackageCache/com.unity.test-framework@40e262928427/UnityEngine.TestRunner/NUnitExtensions/Runner/UnityLogCheckDelegatingCommand.cs:24)
0x000001e9aa273c19 (Mono JIT Code) UnityEngine.TestRunner.NUnitExtensions.Runner.UnityLogCheckDelegatingCommand/<ExecuteEnumerable>d__3:MoveNext () (at ./Library/PackageCache/com.unity.test-framework@40e262928427/UnityEngine.TestRunner/NUnitExtensions/Runner/UnityLogCheckDelegatingCommand.cs:35)
0x000001e9aa251e01 (Mono JIT Code) UnityEngine.TestTools.BeforeAfterTestCommandBase`1/<ExecuteEnumerable>d__16<T_REF>:MoveNext () (at ./Library/PackageCache/com.unity.test-framework@40e262928427/UnityEngine.TestRunner/NUnitExtensions/Commands/BeforeAfterTestCommandBase.cs:212)
0x000001e9aa272fb6 (Mono JIT Code) UnityEngine.TestTools.ImmediateEnumerableCommand:Execute (NUnit.Framework.Internal.ITestExecutionContext) (at ./Library/PackageCache/com.unity.test-framework@40e262928427/UnityEngine.TestRunner/NUnitExtensions/Commands/ImmediateEnumerableCommand.cs:18)
0x000001e9aa251f01 (Mono JIT Code) UnityEngine.TestTools.BeforeAfterTestCommandBase`1/<ExecuteEnumerable>d__16<T_REF>:MoveNext () (at ./Library/PackageCache/com.unity.test-framework@40e262928427/UnityEngine.TestRunner/NUnitExtensions/Commands/BeforeAfterTestCommandBase.cs:219)
0x000001e9aa251e01 (Mono JIT Code) UnityEngine.TestTools.BeforeAfterTestCommandBase`1/<ExecuteEnumerable>d__16<T_REF>:MoveNext () (at ./Library/PackageCache/com.unity.test-framework@40e262928427/UnityEngine.TestRunner/NUnitExtensions/Commands/BeforeAfterTestCommandBase.cs:212)
0x000001e9aa251e01 (Mono JIT Code) UnityEngine.TestTools.BeforeAfterTestCommandBase`1/<ExecuteEnumerable>d__16<T_REF>:MoveNext () (at ./Library/PackageCache/com.unity.test-framework@40e262928427/UnityEngine.TestRunner/NUnitExtensions/Commands/BeforeAfterTestCommandBase.cs:212)
0x000001e9aa26b457 (Mono JIT Code) UnityEngine.TestTools.RetryCommand/<ExecuteEnumerable>d__2:MoveNext () (at ./Library/PackageCache/com.unity.test-framework@40e262928427/UnityEngine.TestRunner/NUnitExtensions/Commands/RetryCommand.cs:37)
0x000001e9aa269f2f (Mono JIT Code) UnityEngine.TestTools.RepeatCommand/<ExecuteEnumerable>d__2:MoveNext () (at ./Library/PackageCache/com.unity.test-framework@40e262928427/UnityEngine.TestRunner/NUnitExtensions/Commands/RepeatCommand.cs:36)
0x000001e9aa268fa6 (Mono JIT Code) UnityEngine.TestTools.IgnoreTestCommand/<ExecuteEnumerable>d__3:MoveNext () (at ./Library/PackageCache/com.unity.test-framework@40e262928427/UnityEngine.TestRunner/NUnitExtensions/Commands/IgnoreTestCommand.cs:42)
0x000001e9aa267c7f (Mono JIT Code) UnityEngine.TestTools.StrictCheckCommand/<ExecuteEnumerable>d__2:MoveNext () (at ./Library/PackageCache/com.unity.test-framework@40e262928427/UnityEngine.TestRunner/NUnitExtensions/Commands/StrictCheckCommand.cs:29)
0x000001e9aa266fe1 (Mono JIT Code) UnityEngine.TestRunner.NUnitExtensions.Runner.DefaultTestWorkItem/<PerformWork>d__2:MoveNext () (at ./Library/PackageCache/com.unity.test-framework@40e262928427/UnityEngine.TestRunner/NUnitExtensions/Runner/DefaultTestWorkItem.cs:50)
0x000001e9aa255e12 (Mono JIT Code) UnityEngine.TestRunner.NUnitExtensions.Runner.CompositeWorkItem/<RunChildren>d__17:MoveNext () (at ./Library/PackageCache/com.unity.test-framework@40e262928427/UnityEngine.TestRunner/NUnitExtensions/Runner/CompositeWorkItem.cs:207)
0x000001e9aa247756 (Mono JIT Code) UnityEngine.TestRunner.NUnitExtensions.Runner.CompositeWorkItem/<PerformWork>d__13:MoveNext () (at ./Library/PackageCache/com.unity.test-framework@40e262928427/UnityEngine.TestRunner/NUnitExtensions/Runner/CompositeWorkItem.cs:82)
0x000001e9aa255e12 (Mono JIT Code) UnityEngine.TestRunner.NUnitExtensions.Runner.CompositeWorkItem/<RunChildren>d__17:MoveNext () (at ./Library/PackageCache/com.unity.test-framework@40e262928427/UnityEngine.TestRunner/NUnitExtensions/Runner/CompositeWorkItem.cs:207)
0x000001e9aa247756 (Mono JIT Code) UnityEngine.TestRunner.NUnitExtensions.Runner.CompositeWorkItem/<PerformWork>d__13:MoveNext () (at ./Library/PackageCache/com.unity.test-framework@40e262928427/UnityEngine.TestRunner/NUnitExtensions/Runner/CompositeWorkItem.cs:82)
0x000001e9aa255e12 (Mono JIT Code) UnityEngine.TestRunner.NUnitExtensions.Runner.CompositeWorkItem/<RunChildren>d__17:MoveNext () (at ./Library/PackageCache/com.unity.test-framework@40e262928427/UnityEngine.TestRunner/NUnitExtensions/Runner/CompositeWorkItem.cs:207)
0x000001e9aa247756 (Mono JIT Code) UnityEngine.TestRunner.NUnitExtensions.Runner.CompositeWorkItem/<PerformWork>d__13:MoveNext () (at ./Library/PackageCache/com.unity.test-framework@40e262928427/UnityEngine.TestRunner/NUnitExtensions/Runner/CompositeWorkItem.cs:82)
0x000001e9aa245fcc (Mono JIT Code) UnityEditor.TestTools.TestRunner.EditModeRunner:MoveNextAndUpdateYieldObject () (at ./Library/PackageCache/com.unity.test-framework@40e262928427/UnityEditor.TestRunner/TestRunner/EditModeRunner.cs:167)
0x000001e9aa245b7b (Mono JIT Code) UnityEditor.TestTools.TestRunner.EditModeRunner:TestConsumer (UnityEditor.TestTools.TestRunner.TestRunnerStateSerializer) (at ./Library/PackageCache/com.unity.test-framework@40e262928427/UnityEditor.TestRunner/TestRunner/EditModeRunner.cs:200)
0x000001e9aa23c173 (Mono JIT Code) UnityEditor.TestTools.TestRunner.TestRun.Tasks.EditModeRunTask/<Execute>d__1:MoveNext () (at ./Library/PackageCache/com.unity.test-framework@40e262928427/UnityEditor.TestRunner/TestRun/Tasks/EditModeRunTask.cs:48)
0x000001e977129d5e (Mono JIT Code) UnityEditor.TestTools.TestRunner.TestRun.TestJobRunner:ExecuteStep () (at ./Library/PackageCache/com.unity.test-framework@40e262928427/UnityEditor.TestRunner/TestRun/TestJobRunner.cs:173)
0x000001e977128953 (Mono JIT Code) UnityEditor.TestTools.TestRunner.TestRun.TestJobRunner:ExecuteCallback () (at ./Library/PackageCache/com.unity.test-framework@40e262928427/UnityEditor.TestRunner/TestRun/TestJobRunner.cs:108)
0x000001e99df821b8 (Mono JIT Code) UnityEditor.EditorApplication:Internal_CallUpdateFunctions ()
0x000001e8e6514785 (Mono JIT Code) (wrapper runtime-invoke) object:runtime_invoke_void (object,intptr,intptr,intptr)
0x00007fff3fd16e7e (mono-2.0-bdwgc) mono_jit_runtime_invoke (at C:/build/output/Unity-Technologies/mono/mono/mini/mini-runtime.c:3445)
0x00007fff3fc58874 (mono-2.0-bdwgc) do_runtime_invoke (at C:/build/output/Unity-Technologies/mono/mono/metadata/object.c:3068)
0x00007fff3fc58960 (mono-2.0-bdwgc) mono_runtime_invoke (at C:/build/output/Unity-Technologies/mono/mono/metadata/object.c:3115)
0x00007fff38e4cea4 (Unity) scripting_method_invoke
0x00007fff38e25433 (Unity) ScriptingInvocation::Invoke
0x00007fff38e20b35 (Unity) ScriptingInvocation::Invoke<void>
0x00007fff38f8b4bb (Unity) Scripting::UnityEditor::EditorApplicationProxy::Internal_CallUpdateFunctions
0x00007fff3a07e0e4 (Unity) SceneTracker::Update
0x00007fff39be1247 (Unity) Application::TickTimer
0x00007fff3a1b25ac (Unity) MainMessageLoop
0x00007fff3a1b9d1c (Unity) UnityMain
0x00007ff68b302f2a (Unity) __scrt_common_main_seh
0x00007fffddade8d7 (KERNEL32) BaseThreadInitThunk
0x00007fffde88c53c (ntdll) RtlUserThreadStart

[RecoilConfiguration] Failed to deserialize JSON: JSON parse error: Missing a name for object member.. Returning default configuration.
0x00007fff38f222ae (Unity) StackWalker::ShowCallstack
0x00007fff38f31ee9 (Unity) PlatformStacktrace::GetStacktrace
0x00007fff3a1ac04e (Unity) Stacktrace::GetStacktrace
0x00007fff3a7859df (Unity) DebugStringToFile
0x00007fff37fd2930 (Unity) DebugLogHandler_CUSTOM_Internal_Log
0x000001e9766cbd3e (Mono JIT Code) (wrapper managed-to-native) UnityEngine.DebugLogHandler:Internal_Log_Injected (UnityEngine.LogType,UnityEngine.LogOption,UnityEngine.Bindings.ManagedSpanWrapper&,intptr)
0x000001e9766cbb43 (Mono JIT Code) UnityEngine.DebugLogHandler:Internal_Log (UnityEngine.LogType,UnityEngine.LogOption,string,UnityEngine.Object)
0x000001e9766cb7fb (Mono JIT Code) UnityEngine.DebugLogHandler:LogFormat (UnityEngine.LogType,UnityEngine.Object,string,object[])
0x000001e9766ca6ae (Mono JIT Code) UnityEngine.Logger:Log (UnityEngine.LogType,object)
0x000001e9aa2b404d (Mono JIT Code) UnityEngine.Debug:LogWarning (object)
0x000001e976d47adb (Mono JIT Code) RecoilConfiguration:FromJson (string) (at C:/Users/Ubuntu/Desktop/_DEV/AFFECT-2025-10-11/Assets/_SCRIPTS/_PLAYER/Recoil/RecoilConfiguration.cs:152)
0x000001e976d48643 (Mono JIT Code) SerializationProperties:Property16_InvalidJsonReturnsDefaultConfiguration () (at C:/Users/Ubuntu/Desktop/_DEV/AFFECT-2025-10-11/Assets/_SCRIPTS/Editor/SerializationProperties.cs:115)
0x000001e9aa264548 (Mono JIT Code) (wrapper runtime-invoke) object:runtime_invoke_void__this__ (object,intptr,intptr,intptr)
0x00007fff3fd16e7e (mono-2.0-bdwgc) mono_jit_runtime_invoke (at C:/build/output/Unity-Technologies/mono/mono/mini/mini-runtime.c:3445)
0x00007fff3fc58874 (mono-2.0-bdwgc) do_runtime_invoke (at C:/build/output/Unity-Technologies/mono/mono/metadata/object.c:3068)
0x00007fff3fc5f926 (mono-2.0-bdwgc) mono_runtime_try_invoke_array (at C:/build/output/Unity-Technologies/mono/mono/metadata/object.c:5774)
0x00007fff3fb91b81 (mono-2.0-bdwgc) ves_icall_InternalInvoke (at C:/build/output/Unity-Technologies/mono/mono/metadata/icall.c:4038)
0x00007fff3fbb7e31 (mono-2.0-bdwgc) ves_icall_InternalInvoke_raw (at C:/build/output/Unity-Technologies/mono/mono/metadata/icall-def.h:692)
0x000001e8e22b0f92 (Mono JIT Code) (wrapper managed-to-native) System.Reflection.RuntimeMethodInfo:InternalInvoke (System.Reflection.RuntimeMethodInfo,object,object[],System.Exception&)
0x000001e8e3c7ea73 (Mono JIT Code) System.Reflection.RuntimeMethodInfo:Invoke (object,System.Reflection.BindingFlags,System.Reflection.Binder,object[],System.Globalization.CultureInfo)
0x000001e8db9555ef (Mono JIT Code) System.Reflection.MethodBase:Invoke (object,object[])
0x000001e9aa26e783 (Mono JIT Code) NUnit.Framework.Internal.Reflect:InvokeMethod (System.Reflection.MethodInfo,object,object[])
0x000001e9aa2760ab (Mono JIT Code) NUnit.Framework.Internal.MethodWrapper:Invoke (object,object[])
0x000001e9aa275f8a (Mono JIT Code) NUnit.Framework.Internal.Commands.TestMethodCommand:RunNonAsyncTestMethod (NUnit.Framework.Internal.ITestExecutionContext)
0x000001e9aa275dd3 (Mono JIT Code) NUnit.Framework.Internal.Commands.TestMethodCommand:RunTestMethod (NUnit.Framework.Internal.ITestExecutionContext)
0x000001e9aa275973 (Mono JIT Code) NUnit.Framework.Internal.Commands.TestMethodCommand:Execute (NUnit.Framework.Internal.ITestExecutionContext)
0x000001e9aa27556b (Mono JIT Code) UnityEngine.TestTools.UnityTestMethodCommand:Execute (NUnit.Framework.Internal.ITestExecutionContext) (at ./Library/PackageCache/com.unity.test-framework@40e262928427/UnityEngine.TestRunner/NUnitExtensions/Commands/UnityTestMethodCommand.cs:19)
0x000001e9aa2752fb (Mono JIT Code) UnityEngine.TestRunner.NUnitExtensions.Runner.UnityLogCheckDelegatingCommand/<>c__DisplayClass2_0:<Execute>b__0 () (at ./Library/PackageCache/com.unity.test-framework@40e262928427/UnityEngine.TestRunner/NUnitExtensions/Runner/UnityLogCheckDelegatingCommand.cs:24)
0x000001e9aa275123 (Mono JIT Code) UnityEngine.TestRunner.NUnitExtensions.Runner.UnityLogCheckDelegatingCommand:CaptureException (NUnit.Framework.Internal.TestResult,System.Action) (at ./Library/PackageCache/com.unity.test-framework@40e262928427/UnityEngine.TestRunner/NUnitExtensions/Runner/UnityLogCheckDelegatingCommand.cs:72)
0x000001e9aa274fb3 (Mono JIT Code) UnityEngine.TestRunner.NUnitExtensions.Runner.UnityLogCheckDelegatingCommand:ExecuteAndCheckLog (UnityEngine.TestTools.Logging.LogScope,NUnit.Framework.Internal.TestResult,System.Action) (at ./Library/PackageCache/com.unity.test-framework@40e262928427/UnityEngine.TestRunner/NUnitExtensions/Runner/UnityLogCheckDelegatingCommand.cs:83)
0x000001e9aa274c3b (Mono JIT Code) UnityEngine.TestRunner.NUnitExtensions.Runner.UnityLogCheckDelegatingCommand:Execute (NUnit.Framework.Internal.ITestExecutionContext) (at ./Library/PackageCache/com.unity.test-framework@40e262928427/UnityEngine.TestRunner/NUnitExtensions/Runner/UnityLogCheckDelegatingCommand.cs:24)
0x000001e9aa273c19 (Mono JIT Code) UnityEngine.TestRunner.NUnitExtensions.Runner.UnityLogCheckDelegatingCommand/<ExecuteEnumerable>d__3:MoveNext () (at ./Library/PackageCache/com.unity.test-framework@40e262928427/UnityEngine.TestRunner/NUnitExtensions/Runner/UnityLogCheckDelegatingCommand.cs:35)
0x000001e9aa251e01 (Mono JIT Code) UnityEngine.TestTools.BeforeAfterTestCommandBase`1/<ExecuteEnumerable>d__16<T_REF>:MoveNext () (at ./Library/PackageCache/com.unity.test-framework@40e262928427/UnityEngine.TestRunner/NUnitExtensions/Commands/BeforeAfterTestCommandBase.cs:212)
0x000001e9aa272fb6 (Mono JIT Code) UnityEngine.TestTools.ImmediateEnumerableCommand:Execute (NUnit.Framework.Internal.ITestExecutionContext) (at ./Library/PackageCache/com.unity.test-framework@40e262928427/UnityEngine.TestRunner/NUnitExtensions/Commands/ImmediateEnumerableCommand.cs:18)
0x000001e9aa251f01 (Mono JIT Code) UnityEngine.TestTools.BeforeAfterTestCommandBase`1/<ExecuteEnumerable>d__16<T_REF>:MoveNext () (at ./Library/PackageCache/com.unity.test-framework@40e262928427/UnityEngine.TestRunner/NUnitExtensions/Commands/BeforeAfterTestCommandBase.cs:219)
0x000001e9aa251e01 (Mono JIT Code) UnityEngine.TestTools.BeforeAfterTestCommandBase`1/<ExecuteEnumerable>d__16<T_REF>:MoveNext () (at ./Library/PackageCache/com.unity.test-framework@40e262928427/UnityEngine.TestRunner/NUnitExtensions/Commands/BeforeAfterTestCommandBase.cs:212)
0x000001e9aa251e01 (Mono JIT Code) UnityEngine.TestTools.BeforeAfterTestCommandBase`1/<ExecuteEnumerable>d__16<T_REF>:MoveNext () (at ./Library/PackageCache/com.unity.test-framework@40e262928427/UnityEngine.TestRunner/NUnitExtensions/Commands/BeforeAfterTestCommandBase.cs:212)
0x000001e9aa26b457 (Mono JIT Code) UnityEngine.TestTools.RetryCommand/<ExecuteEnumerable>d__2:MoveNext () (at ./Library/PackageCache/com.unity.test-framework@40e262928427/UnityEngine.TestRunner/NUnitExtensions/Commands/RetryCommand.cs:37)
0x000001e9aa269f2f (Mono JIT Code) UnityEngine.TestTools.RepeatCommand/<ExecuteEnumerable>d__2:MoveNext () (at ./Library/PackageCache/com.unity.test-framework@40e262928427/UnityEngine.TestRunner/NUnitExtensions/Commands/RepeatCommand.cs:36)
0x000001e9aa268fa6 (Mono JIT Code) UnityEngine.TestTools.IgnoreTestCommand/<ExecuteEnumerable>d__3:MoveNext () (at ./Library/PackageCache/com.unity.test-framework@40e262928427/UnityEngine.TestRunner/NUnitExtensions/Commands/IgnoreTestCommand.cs:42)
0x000001e9aa267c7f (Mono JIT Code) UnityEngine.TestTools.StrictCheckCommand/<ExecuteEnumerable>d__2:MoveNext () (at ./Library/PackageCache/com.unity.test-framework@40e262928427/UnityEngine.TestRunner/NUnitExtensions/Commands/StrictCheckCommand.cs:29)
0x000001e9aa266fe1 (Mono JIT Code) UnityEngine.TestRunner.NUnitExtensions.Runner.DefaultTestWorkItem/<PerformWork>d__2:MoveNext () (at ./Library/PackageCache/com.unity.test-framework@40e262928427/UnityEngine.TestRunner/NUnitExtensions/Runner/DefaultTestWorkItem.cs:50)
0x000001e9aa255e12 (Mono JIT Code) UnityEngine.TestRunner.NUnitExtensions.Runner.CompositeWorkItem/<RunChildren>d__17:MoveNext () (at ./Library/PackageCache/com.unity.test-framework@40e262928427/UnityEngine.TestRunner/NUnitExtensions/Runner/CompositeWorkItem.cs:207)
0x000001e9aa247756 (Mono JIT Code) UnityEngine.TestRunner.NUnitExtensions.Runner.CompositeWorkItem/<PerformWork>d__13:MoveNext () (at ./Library/PackageCache/com.unity.test-framework@40e262928427/UnityEngine.TestRunner/NUnitExtensions/Runner/CompositeWorkItem.cs:82)
0x000001e9aa255e12 (Mono JIT Code) UnityEngine.TestRunner.NUnitExtensions.Runner.CompositeWorkItem/<RunChildren>d__17:MoveNext () (at ./Library/PackageCache/com.unity.test-framework@40e262928427/UnityEngine.TestRunner/NUnitExtensions/Runner/CompositeWorkItem.cs:207)
0x000001e9aa247756 (Mono JIT Code) UnityEngine.TestRunner.NUnitExtensions.Runner.CompositeWorkItem/<PerformWork>d__13:MoveNext () (at ./Library/PackageCache/com.unity.test-framework@40e262928427/UnityEngine.TestRunner/NUnitExtensions/Runner/CompositeWorkItem.cs:82)
0x000001e9aa255e12 (Mono JIT Code) UnityEngine.TestRunner.NUnitExtensions.Runner.CompositeWorkItem/<RunChildren>d__17:MoveNext () (at ./Library/PackageCache/com.unity.test-framework@40e262928427/UnityEngine.TestRunner/NUnitExtensions/Runner/CompositeWorkItem.cs:207)
0x000001e9aa247756 (Mono JIT Code) UnityEngine.TestRunner.NUnitExtensions.Runner.CompositeWorkItem/<PerformWork>d__13:MoveNext () (at ./Library/PackageCache/com.unity.test-framework@40e262928427/UnityEngine.TestRunner/NUnitExtensions/Runner/CompositeWorkItem.cs:82)
0x000001e9aa245fcc (Mono JIT Code) UnityEditor.TestTools.TestRunner.EditModeRunner:MoveNextAndUpdateYieldObject () (at ./Library/PackageCache/com.unity.test-framework@40e262928427/UnityEditor.TestRunner/TestRunner/EditModeRunner.cs:167)
0x000001e9aa245b7b (Mono JIT Code) UnityEditor.TestTools.TestRunner.EditModeRunner:TestConsumer (UnityEditor.TestTools.TestRunner.TestRunnerStateSerializer) (at ./Library/PackageCache/com.unity.test-framework@40e262928427/UnityEditor.TestRunner/TestRunner/EditModeRunner.cs:200)
0x000001e9aa23c173 (Mono JIT Code) UnityEditor.TestTools.TestRunner.TestRun.Tasks.EditModeRunTask/<Execute>d__1:MoveNext () (at ./Library/PackageCache/com.unity.test-framework@40e262928427/UnityEditor.TestRunner/TestRun/Tasks/EditModeRunTask.cs:48)
0x000001e977129d5e (Mono JIT Code) UnityEditor.TestTools.TestRunner.TestRun.TestJobRunner:ExecuteStep () (at ./Library/PackageCache/com.unity.test-framework@40e262928427/UnityEditor.TestRunner/TestRun/TestJobRunner.cs:173)
0x000001e977128953 (Mono JIT Code) UnityEditor.TestTools.TestRunner.TestRun.TestJobRunner:ExecuteCallback () (at ./Library/PackageCache/com.unity.test-framework@40e262928427/UnityEditor.TestRunner/TestRun/TestJobRunner.cs:108)
0x000001e99df821b8 (Mono JIT Code) UnityEditor.EditorApplication:Internal_CallUpdateFunctions ()
0x000001e8e6514785 (Mono JIT Code) (wrapper runtime-invoke) object:runtime_invoke_void (object,intptr,intptr,intptr)
0x00007fff3fd16e7e (mono-2.0-bdwgc) mono_jit_runtime_invoke (at C:/build/output/Unity-Technologies/mono/mono/mini/mini-runtime.c:3445)
0x00007fff3fc58874 (mono-2.0-bdwgc) do_runtime_invoke (at C:/build/output/Unity-Technologies/mono/mono/metadata/object.c:3068)
0x00007fff3fc58960 (mono-2.0-bdwgc) mono_runtime_invoke (at C:/build/output/Unity-Technologies/mono/mono/metadata/object.c:3115)
0x00007fff38e4cea4 (Unity) scripting_method_invoke
0x00007fff38e25433 (Unity) ScriptingInvocation::Invoke
0x00007fff38e20b35 (Unity) ScriptingInvocation::Invoke<void>
0x00007fff38f8b4bb (Unity) Scripting::UnityEditor::EditorApplicationProxy::Internal_CallUpdateFunctions
0x00007fff3a07e0e4 (Unity) SceneTracker::Update
0x00007fff39be1247 (Unity) Application::TickTimer
0x00007fff3a1b25ac (Unity) MainMessageLoop
0x00007fff3a1b9d1c (Unity) UnityMain
0x00007ff68b302f2a (Unity) __scrt_common_main_seh
0x00007fffddade8d7 (KERNEL32) BaseThreadInitThunk
0x00007fffde88c53c (ntdll) RtlUserThreadStart

[RecoilConfiguration] Empty or null JSON provided, returning default configuration.
0x00007fff38f222ae (Unity) StackWalker::ShowCallstack
0x00007fff38f31ee9 (Unity) PlatformStacktrace::GetStacktrace
0x00007fff3a1ac04e (Unity) Stacktrace::GetStacktrace
0x00007fff3a7859df (Unity) DebugStringToFile
0x00007fff37fd2930 (Unity) DebugLogHandler_CUSTOM_Internal_Log
0x000001e9766cbd3e (Mono JIT Code) (wrapper managed-to-native) UnityEngine.DebugLogHandler:Internal_Log_Injected (UnityEngine.LogType,UnityEngine.LogOption,UnityEngine.Bindings.ManagedSpanWrapper&,intptr)
0x000001e9766cbb43 (Mono JIT Code) UnityEngine.DebugLogHandler:Internal_Log (UnityEngine.LogType,UnityEngine.LogOption,string,UnityEngine.Object)
0x000001e9766cb7fb (Mono JIT Code) UnityEngine.DebugLogHandler:LogFormat (UnityEngine.LogType,UnityEngine.Object,string,object[])
0x000001e9766ca6ae (Mono JIT Code) UnityEngine.Logger:Log (UnityEngine.LogType,object)
0x000001e9aa2b404d (Mono JIT Code) UnityEngine.Debug:LogWarning (object)
0x000001e976d477fb (Mono JIT Code) RecoilConfiguration:FromJson (string) (at C:/Users/Ubuntu/Desktop/_DEV/AFFECT-2025-10-11/Assets/_SCRIPTS/_PLAYER/Recoil/RecoilConfiguration.cs:136)
0x000001e976d48643 (Mono JIT Code) SerializationProperties:Property16_InvalidJsonReturnsDefaultConfiguration () (at C:/Users/Ubuntu/Desktop/_DEV/AFFECT-2025-10-11/Assets/_SCRIPTS/Editor/SerializationProperties.cs:115)
0x000001e9aa264548 (Mono JIT Code) (wrapper runtime-invoke) object:runtime_invoke_void__this__ (object,intptr,intptr,intptr)
0x00007fff3fd16e7e (mono-2.0-bdwgc) mono_jit_runtime_invoke (at C:/build/output/Unity-Technologies/mono/mono/mini/mini-runtime.c:3445)
0x00007fff3fc58874 (mono-2.0-bdwgc) do_runtime_invoke (at C:/build/output/Unity-Technologies/mono/mono/metadata/object.c:3068)
0x00007fff3fc5f926 (mono-2.0-bdwgc) mono_runtime_try_invoke_array (at C:/build/output/Unity-Technologies/mono/mono/metadata/object.c:5774)
0x00007fff3fb91b81 (mono-2.0-bdwgc) ves_icall_InternalInvoke (at C:/build/output/Unity-Technologies/mono/mono/metadata/icall.c:4038)
0x00007fff3fbb7e31 (mono-2.0-bdwgc) ves_icall_InternalInvoke_raw (at C:/build/output/Unity-Technologies/mono/mono/metadata/icall-def.h:692)
0x000001e8e22b0f92 (Mono JIT Code) (wrapper managed-to-native) System.Reflection.RuntimeMethodInfo:InternalInvoke (System.Reflection.RuntimeMethodInfo,object,object[],System.Exception&)
0x000001e8e3c7ea73 (Mono JIT Code) System.Reflection.RuntimeMethodInfo:Invoke (object,System.Reflection.BindingFlags,System.Reflection.Binder,object[],System.Globalization.CultureInfo)
0x000001e8db9555ef (Mono JIT Code) System.Reflection.MethodBase:Invoke (object,object[])
0x000001e9aa26e783 (Mono JIT Code) NUnit.Framework.Internal.Reflect:InvokeMethod (System.Reflection.MethodInfo,object,object[])
0x000001e9aa2760ab (Mono JIT Code) NUnit.Framework.Internal.MethodWrapper:Invoke (object,object[])
0x000001e9aa275f8a (Mono JIT Code) NUnit.Framework.Internal.Commands.TestMethodCommand:RunNonAsyncTestMethod (NUnit.Framework.Internal.ITestExecutionContext)
0x000001e9aa275dd3 (Mono JIT Code) NUnit.Framework.Internal.Commands.TestMethodCommand:RunTestMethod (NUnit.Framework.Internal.ITestExecutionContext)
0x000001e9aa275973 (Mono JIT Code) NUnit.Framework.Internal.Commands.TestMethodCommand:Execute (NUnit.Framework.Internal.ITestExecutionContext)
0x000001e9aa27556b (Mono JIT Code) UnityEngine.TestTools.UnityTestMethodCommand:Execute (NUnit.Framework.Internal.ITestExecutionContext) (at ./Library/PackageCache/com.unity.test-framework@40e262928427/UnityEngine.TestRunner/NUnitExtensions/Commands/UnityTestMethodCommand.cs:19)
0x000001e9aa2752fb (Mono JIT Code) UnityEngine.TestRunner.NUnitExtensions.Runner.UnityLogCheckDelegatingCommand/<>c__DisplayClass2_0:<Execute>b__0 () (at ./Library/PackageCache/com.unity.test-framework@40e262928427/UnityEngine.TestRunner/NUnitExtensions/Runner/UnityLogCheckDelegatingCommand.cs:24)
0x000001e9aa275123 (Mono JIT Code) UnityEngine.TestRunner.NUnitExtensions.Runner.UnityLogCheckDelegatingCommand:CaptureException (NUnit.Framework.Internal.TestResult,System.Action) (at ./Library/PackageCache/com.unity.test-framework@40e262928427/UnityEngine.TestRunner/NUnitExtensions/Runner/UnityLogCheckDelegatingCommand.cs:72)
0x000001e9aa274fb3 (Mono JIT Code) UnityEngine.TestRunner.NUnitExtensions.Runner.UnityLogCheckDelegatingCommand:ExecuteAndCheckLog (UnityEngine.TestTools.Logging.LogScope,NUnit.Framework.Internal.TestResult,System.Action) (at ./Library/PackageCache/com.unity.test-framework@40e262928427/UnityEngine.TestRunner/NUnitExtensions/Runner/UnityLogCheckDelegatingCommand.cs:83)
0x000001e9aa274c3b (Mono JIT Code) UnityEngine.TestRunner.NUnitExtensions.Runner.UnityLogCheckDelegatingCommand:Execute (NUnit.Framework.Internal.ITestExecutionContext) (at ./Library/PackageCache/com.unity.test-framework@40e262928427/UnityEngine.TestRunner/NUnitExtensions/Runner/UnityLogCheckDelegatingCommand.cs:24)
0x000001e9aa273c19 (Mono JIT Code) UnityEngine.TestRunner.NUnitExtensions.Runner.UnityLogCheckDelegatingCommand/<ExecuteEnumerable>d__3:MoveNext () (at ./Library/PackageCache/com.unity.test-framework@40e262928427/UnityEngine.TestRunner/NUnitExtensions/Runner/UnityLogCheckDelegatingCommand.cs:35)
0x000001e9aa251e01 (Mono JIT Code) UnityEngine.TestTools.BeforeAfterTestCommandBase`1/<ExecuteEnumerable>d__16<T_REF>:MoveNext () (at ./Library/PackageCache/com.unity.test-framework@40e262928427/UnityEngine.TestRunner/NUnitExtensions/Commands/BeforeAfterTestCommandBase.cs:212)
0x000001e9aa272fb6 (Mono JIT Code) UnityEngine.TestTools.ImmediateEnumerableCommand:Execute (NUnit.Framework.Internal.ITestExecutionContext) (at ./Library/PackageCache/com.unity.test-framework@40e262928427/UnityEngine.TestRunner/NUnitExtensions/Commands/ImmediateEnumerableCommand.cs:18)
0x000001e9aa251f01 (Mono JIT Code) UnityEngine.TestTools.BeforeAfterTestCommandBase`1/<ExecuteEnumerable>d__16<T_REF>:MoveNext () (at ./Library/PackageCache/com.unity.test-framework@40e262928427/UnityEngine.TestRunner/NUnitExtensions/Commands/BeforeAfterTestCommandBase.cs:219)
0x000001e9aa251e01 (Mono JIT Code) UnityEngine.TestTools.BeforeAfterTestCommandBase`1/<ExecuteEnumerable>d__16<T_REF>:MoveNext () (at ./Library/PackageCache/com.unity.test-framework@40e262928427/UnityEngine.TestRunner/NUnitExtensions/Commands/BeforeAfterTestCommandBase.cs:212)
0x000001e9aa251e01 (Mono JIT Code) UnityEngine.TestTools.BeforeAfterTestCommandBase`1/<ExecuteEnumerable>d__16<T_REF>:MoveNext () (at ./Library/PackageCache/com.unity.test-framework@40e262928427/UnityEngine.TestRunner/NUnitExtensions/Commands/BeforeAfterTestCommandBase.cs:212)
0x000001e9aa26b457 (Mono JIT Code) UnityEngine.TestTools.RetryCommand/<ExecuteEnumerable>d__2:MoveNext () (at ./Library/PackageCache/com.unity.test-framework@40e262928427/UnityEngine.TestRunner/NUnitExtensions/Commands/RetryCommand.cs:37)
0x000001e9aa269f2f (Mono JIT Code) UnityEngine.TestTools.RepeatCommand/<ExecuteEnumerable>d__2:MoveNext () (at ./Library/PackageCache/com.unity.test-framework@40e262928427/UnityEngine.TestRunner/NUnitExtensions/Commands/RepeatCommand.cs:36)
0x000001e9aa268fa6 (Mono JIT Code) UnityEngine.TestTools.IgnoreTestCommand/<ExecuteEnumerable>d__3:MoveNext () (at ./Library/PackageCache/com.unity.test-framework@40e262928427/UnityEngine.TestRunner/NUnitExtensions/Commands/IgnoreTestCommand.cs:42)
0x000001e9aa267c7f (Mono JIT Code) UnityEngine.TestTools.StrictCheckCommand/<ExecuteEnumerable>d__2:MoveNext () (at ./Library/PackageCache/com.unity.test-framework@40e262928427/UnityEngine.TestRunner/NUnitExtensions/Commands/StrictCheckCommand.cs:29)
0x000001e9aa266fe1 (Mono JIT Code) UnityEngine.TestRunner.NUnitExtensions.Runner.DefaultTestWorkItem/<PerformWork>d__2:MoveNext () (at ./Library/PackageCache/com.unity.test-framework@40e262928427/UnityEngine.TestRunner/NUnitExtensions/Runner/DefaultTestWorkItem.cs:50)
0x000001e9aa255e12 (Mono JIT Code) UnityEngine.TestRunner.NUnitExtensions.Runner.CompositeWorkItem/<RunChildren>d__17:MoveNext () (at ./Library/PackageCache/com.unity.test-framework@40e262928427/UnityEngine.TestRunner/NUnitExtensions/Runner/CompositeWorkItem.cs:207)
0x000001e9aa247756 (Mono JIT Code) UnityEngine.TestRunner.NUnitExtensions.Runner.CompositeWorkItem/<PerformWork>d__13:MoveNext () (at ./Library/PackageCache/com.unity.test-framework@40e262928427/UnityEngine.TestRunner/NUnitExtensions/Runner/CompositeWorkItem.cs:82)
0x000001e9aa255e12 (Mono JIT Code) UnityEngine.TestRunner.NUnitExtensions.Runner.CompositeWorkItem/<RunChildren>d__17:MoveNext () (at ./Library/PackageCache/com.unity.test-framework@40e262928427/UnityEngine.TestRunner/NUnitExtensions/Runner/CompositeWorkItem.cs:207)
0x000001e9aa247756 (Mono JIT Code) UnityEngine.TestRunner.NUnitExtensions.Runner.CompositeWorkItem/<PerformWork>d__13:MoveNext () (at ./Library/PackageCache/com.unity.test-framework@40e262928427/UnityEngine.TestRunner/NUnitExtensions/Runner/CompositeWorkItem.cs:82)
0x000001e9aa255e12 (Mono JIT Code) UnityEngine.TestRunner.NUnitExtensions.Runner.CompositeWorkItem/<RunChildren>d__17:MoveNext () (at ./Library/PackageCache/com.unity.test-framework@40e262928427/UnityEngine.TestRunner/NUnitExtensions/Runner/CompositeWorkItem.cs:207)
0x000001e9aa247756 (Mono JIT Code) UnityEngine.TestRunner.NUnitExtensions.Runner.CompositeWorkItem/<PerformWork>d__13:MoveNext () (at ./Library/PackageCache/com.unity.test-framework@40e262928427/UnityEngine.TestRunner/NUnitExtensions/Runner/CompositeWorkItem.cs:82)
0x000001e9aa245fcc (Mono JIT Code) UnityEditor.TestTools.TestRunner.EditModeRunner:MoveNextAndUpdateYieldObject () (at ./Library/PackageCache/com.unity.test-framework@40e262928427/UnityEditor.TestRunner/TestRunner/EditModeRunner.cs:167)
0x000001e9aa245b7b (Mono JIT Code) UnityEditor.TestTools.TestRunner.EditModeRunner:TestConsumer (UnityEditor.TestTools.TestRunner.TestRunnerStateSerializer) (at ./Library/PackageCache/com.unity.test-framework@40e262928427/UnityEditor.TestRunner/TestRunner/EditModeRunner.cs:200)
0x000001e9aa23c173 (Mono JIT Code) UnityEditor.TestTools.TestRunner.TestRun.Tasks.EditModeRunTask/<Execute>d__1:MoveNext () (at ./Library/PackageCache/com.unity.test-framework@40e262928427/UnityEditor.TestRunner/TestRun/Tasks/EditModeRunTask.cs:48)
0x000001e977129d5e (Mono JIT Code) UnityEditor.TestTools.TestRunner.TestRun.TestJobRunner:ExecuteStep () (at ./Library/PackageCache/com.unity.test-framework@40e262928427/UnityEditor.TestRunner/TestRun/TestJobRunner.cs:173)
0x000001e977128953 (Mono JIT Code) UnityEditor.TestTools.TestRunner.TestRun.TestJobRunner:ExecuteCallback () (at ./Library/PackageCache/com.unity.test-framework@40e262928427/UnityEditor.TestRunner/TestRun/TestJobRunner.cs:108)
0x000001e99df821b8 (Mono JIT Code) UnityEditor.EditorApplication:Internal_CallUpdateFunctions ()
0x000001e8e6514785 (Mono JIT Code) (wrapper runtime-invoke) object:runtime_invoke_void (object,intptr,intptr,intptr)
0x00007fff3fd16e7e (mono-2.0-bdwgc) mono_jit_runtime_invoke (at C:/build/output/Unity-Technologies/mono/mono/mini/mini-runtime.c:3445)
0x00007fff3fc58874 (mono-2.0-bdwgc) do_runtime_invoke (at C:/build/output/Unity-Technologies/mono/mono/metadata/object.c:3068)
0x00007fff3fc58960 (mono-2.0-bdwgc) mono_runtime_invoke (at C:/build/output/Unity-Technologies/mono/mono/metadata/object.c:3115)
0x00007fff38e4cea4 (Unity) scripting_method_invoke
0x00007fff38e25433 (Unity) ScriptingInvocation::Invoke
0x00007fff38e20b35 (Unity) ScriptingInvocation::Invoke<void>
0x00007fff38f8b4bb (Unity) Scripting::UnityEditor::EditorApplicationProxy::Internal_CallUpdateFunctions
0x00007fff3a07e0e4 (Unity) SceneTracker::Update
0x00007fff39be1247 (Unity) Application::TickTimer
0x00007fff3a1b25ac (Unity) MainMessageLoop
0x00007fff3a1b9d1c (Unity) UnityMain
0x00007ff68b302f2a (Unity) __scrt_common_main_seh
0x00007fffddade8d7 (KERNEL32) BaseThreadInitThunk
0x00007fffde88c53c (ntdll) RtlUserThreadStart

[RecoilConfiguration] Failed to deserialize JSON: JSON parse error: Missing a name for object member.. Returning default configuration.
0x00007fff38f222ae (Unity) StackWalker::ShowCallstack
0x00007fff38f31ee9 (Unity) PlatformStacktrace::GetStacktrace
0x00007fff3a1ac04e (Unity) Stacktrace::GetStacktrace
0x00007fff3a7859df (Unity) DebugStringToFile
0x00007fff37fd2930 (Unity) DebugLogHandler_CUSTOM_Internal_Log
0x000001e9766cbd3e (Mono JIT Code) (wrapper managed-to-native) UnityEngine.DebugLogHandler:Internal_Log_Injected (UnityEngine.LogType,UnityEngine.LogOption,UnityEngine.Bindings.ManagedSpanWrapper&,intptr)
0x000001e9766cbb43 (Mono JIT Code) UnityEngine.DebugLogHandler:Internal_Log (UnityEngine.LogType,UnityEngine.LogOption,string,UnityEngine.Object)
0x000001e9766cb7fb (Mono JIT Code) UnityEngine.DebugLogHandler:LogFormat (UnityEngine.LogType,UnityEngine.Object,string,object[])
0x000001e9766ca6ae (Mono JIT Code) UnityEngine.Logger:Log (UnityEngine.LogType,object)
0x000001e9aa2b404d (Mono JIT Code) UnityEngine.Debug:LogWarning (object)
0x000001e976d47adb (Mono JIT Code) RecoilConfiguration:FromJson (string) (at C:/Users/Ubuntu/Desktop/_DEV/AFFECT-2025-10-11/Assets/_SCRIPTS/_PLAYER/Recoil/RecoilConfiguration.cs:152)
0x000001e976d48643 (Mono JIT Code) SerializationProperties:Property16_InvalidJsonReturnsDefaultConfiguration () (at C:/Users/Ubuntu/Desktop/_DEV/AFFECT-2025-10-11/Assets/_SCRIPTS/Editor/SerializationProperties.cs:115)
0x000001e9aa264548 (Mono JIT Code) (wrapper runtime-invoke) object:runtime_invoke_void__this__ (object,intptr,intptr,intptr)
0x00007fff3fd16e7e (mono-2.0-bdwgc) mono_jit_runtime_invoke (at C:/build/output/Unity-Technologies/mono/mono/mini/mini-runtime.c:3445)
0x00007fff3fc58874 (mono-2.0-bdwgc) do_runtime_invoke (at C:/build/output/Unity-Technologies/mono/mono/metadata/object.c:3068)
0x00007fff3fc5f926 (mono-2.0-bdwgc) mono_runtime_try_invoke_array (at C:/build/output/Unity-Technologies/mono/mono/metadata/object.c:5774)
0x00007fff3fb91b81 (mono-2.0-bdwgc) ves_icall_InternalInvoke (at C:/build/output/Unity-Technologies/mono/mono/metadata/icall.c:4038)
0x00007fff3fbb7e31 (mono-2.0-bdwgc) ves_icall_InternalInvoke_raw (at C:/build/output/Unity-Technologies/mono/mono/metadata/icall-def.h:692)
0x000001e8e22b0f92 (Mono JIT Code) (wrapper managed-to-native) System.Reflection.RuntimeMethodInfo:InternalInvoke (System.Reflection.RuntimeMethodInfo,object,object[],System.Exception&)
0x000001e8e3c7ea73 (Mono JIT Code) System.Reflection.RuntimeMethodInfo:Invoke (object,System.Reflection.BindingFlags,System.Reflection.Binder,object[],System.Globalization.CultureInfo)
0x000001e8db9555ef (Mono JIT Code) System.Reflection.MethodBase:Invoke (object,object[])
0x000001e9aa26e783 (Mono JIT Code) NUnit.Framework.Internal.Reflect:InvokeMethod (System.Reflection.MethodInfo,object,object[])
0x000001e9aa2760ab (Mono JIT Code) NUnit.Framework.Internal.MethodWrapper:Invoke (object,object[])
0x000001e9aa275f8a (Mono JIT Code) NUnit.Framework.Internal.Commands.TestMethodCommand:RunNonAsyncTestMethod (NUnit.Framework.Internal.ITestExecutionContext)
0x000001e9aa275dd3 (Mono JIT Code) NUnit.Framework.Internal.Commands.TestMethodCommand:RunTestMethod (NUnit.Framework.Internal.ITestExecutionContext)
0x000001e9aa275973 (Mono JIT Code) NUnit.Framework.Internal.Commands.TestMethodCommand:Execute (NUnit.Framework.Internal.ITestExecutionContext)
0x000001e9aa27556b (Mono JIT Code) UnityEngine.TestTools.UnityTestMethodCommand:Execute (NUnit.Framework.Internal.ITestExecutionContext) (at ./Library/PackageCache/com.unity.test-framework@40e262928427/UnityEngine.TestRunner/NUnitExtensions/Commands/UnityTestMethodCommand.cs:19)
0x000001e9aa2752fb (Mono JIT Code) UnityEngine.TestRunner.NUnitExtensions.Runner.UnityLogCheckDelegatingCommand/<>c__DisplayClass2_0:<Execute>b__0 () (at ./Library/PackageCache/com.unity.test-framework@40e262928427/UnityEngine.TestRunner/NUnitExtensions/Runner/UnityLogCheckDelegatingCommand.cs:24)
0x000001e9aa275123 (Mono JIT Code) UnityEngine.TestRunner.NUnitExtensions.Runner.UnityLogCheckDelegatingCommand:CaptureException (NUnit.Framework.Internal.TestResult,System.Action) (at ./Library/PackageCache/com.unity.test-framework@40e262928427/UnityEngine.TestRunner/NUnitExtensions/Runner/UnityLogCheckDelegatingCommand.cs:72)
0x000001e9aa274fb3 (Mono JIT Code) UnityEngine.TestRunner.NUnitExtensions.Runner.UnityLogCheckDelegatingCommand:ExecuteAndCheckLog (UnityEngine.TestTools.Logging.LogScope,NUnit.Framework.Internal.TestResult,System.Action) (at ./Library/PackageCache/com.unity.test-framework@40e262928427/UnityEngine.TestRunner/NUnitExtensions/Runner/UnityLogCheckDelegatingCommand.cs:83)
0x000001e9aa274c3b (Mono JIT Code) UnityEngine.TestRunner.NUnitExtensions.Runner.UnityLogCheckDelegatingCommand:Execute (NUnit.Framework.Internal.ITestExecutionContext) (at ./Library/PackageCache/com.unity.test-framework@40e262928427/UnityEngine.TestRunner/NUnitExtensions/Runner/UnityLogCheckDelegatingCommand.cs:24)
0x000001e9aa273c19 (Mono JIT Code) UnityEngine.TestRunner.NUnitExtensions.Runner.UnityLogCheckDelegatingCommand/<ExecuteEnumerable>d__3:MoveNext () (at ./Library/PackageCache/com.unity.test-framework@40e262928427/UnityEngine.TestRunner/NUnitExtensions/Runner/UnityLogCheckDelegatingCommand.cs:35)
0x000001e9aa251e01 (Mono JIT Code) UnityEngine.TestTools.BeforeAfterTestCommandBase`1/<ExecuteEnumerable>d__16<T_REF>:MoveNext () (at ./Library/PackageCache/com.unity.test-framework@40e262928427/UnityEngine.TestRunner/NUnitExtensions/Commands/BeforeAfterTestCommandBase.cs:212)
0x000001e9aa272fb6 (Mono JIT Code) UnityEngine.TestTools.ImmediateEnumerableCommand:Execute (NUnit.Framework.Internal.ITestExecutionContext) (at ./Library/PackageCache/com.unity.test-framework@40e262928427/UnityEngine.TestRunner/NUnitExtensions/Commands/ImmediateEnumerableCommand.cs:18)
0x000001e9aa251f01 (Mono JIT Code) UnityEngine.TestTools.BeforeAfterTestCommandBase`1/<ExecuteEnumerable>d__16<T_REF>:MoveNext () (at ./Library/PackageCache/com.unity.test-framework@40e262928427/UnityEngine.TestRunner/NUnitExtensions/Commands/BeforeAfterTestCommandBase.cs:219)
0x000001e9aa251e01 (Mono JIT Code) UnityEngine.TestTools.BeforeAfterTestCommandBase`1/<ExecuteEnumerable>d__16<T_REF>:MoveNext () (at ./Library/PackageCache/com.unity.test-framework@40e262928427/UnityEngine.TestRunner/NUnitExtensions/Commands/BeforeAfterTestCommandBase.cs:212)
0x000001e9aa251e01 (Mono JIT Code) UnityEngine.TestTools.BeforeAfterTestCommandBase`1/<ExecuteEnumerable>d__16<T_REF>:MoveNext () (at ./Library/PackageCache/com.unity.test-framework@40e262928427/UnityEngine.TestRunner/NUnitExtensions/Commands/BeforeAfterTestCommandBase.cs:212)
0x000001e9aa26b457 (Mono JIT Code) UnityEngine.TestTools.RetryCommand/<ExecuteEnumerable>d__2:MoveNext () (at ./Library/PackageCache/com.unity.test-framework@40e262928427/UnityEngine.TestRunner/NUnitExtensions/Commands/RetryCommand.cs:37)
0x000001e9aa269f2f (Mono JIT Code) UnityEngine.TestTools.RepeatCommand/<ExecuteEnumerable>d__2:MoveNext () (at ./Library/PackageCache/com.unity.test-framework@40e262928427/UnityEngine.TestRunner/NUnitExtensions/Commands/RepeatCommand.cs:36)
0x000001e9aa268fa6 (Mono JIT Code) UnityEngine.TestTools.IgnoreTestCommand/<ExecuteEnumerable>d__3:MoveNext () (at ./Library/PackageCache/com.unity.test-framework@40e262928427/UnityEngine.TestRunner/NUnitExtensions/Commands/IgnoreTestCommand.cs:42)
0x000001e9aa267c7f (Mono JIT Code) UnityEngine.TestTools.StrictCheckCommand/<ExecuteEnumerable>d__2:MoveNext () (at ./Library/PackageCache/com.unity.test-framework@40e262928427/UnityEngine.TestRunner/NUnitExtensions/Commands/StrictCheckCommand.cs:29)
0x000001e9aa266fe1 (Mono JIT Code) UnityEngine.TestRunner.NUnitExtensions.Runner.DefaultTestWorkItem/<PerformWork>d__2:MoveNext () (at ./Library/PackageCache/com.unity.test-framework@40e262928427/UnityEngine.TestRunner/NUnitExtensions/Runner/DefaultTestWorkItem.cs:50)
0x000001e9aa255e12 (Mono JIT Code) UnityEngine.TestRunner.NUnitExtensions.Runner.CompositeWorkItem/<RunChildren>d__17:MoveNext () (at ./Library/PackageCache/com.unity.test-framework@40e262928427/UnityEngine.TestRunner/NUnitExtensions/Runner/CompositeWorkItem.cs:207)
0x000001e9aa247756 (Mono JIT Code) UnityEngine.TestRunner.NUnitExtensions.Runner.CompositeWorkItem/<PerformWork>d__13:MoveNext () (at ./Library/PackageCache/com.unity.test-framework@40e262928427/UnityEngine.TestRunner/NUnitExtensions/Runner/CompositeWorkItem.cs:82)
0x000001e9aa255e12 (Mono JIT Code) UnityEngine.TestRunner.NUnitExtensions.Runner.CompositeWorkItem/<RunChildren>d__17:MoveNext () (at ./Library/PackageCache/com.unity.test-framework@40e262928427/UnityEngine.TestRunner/NUnitExtensions/Runner/CompositeWorkItem.cs:207)
0x000001e9aa247756 (Mono JIT Code) UnityEngine.TestRunner.NUnitExtensions.Runner.CompositeWorkItem/<PerformWork>d__13:MoveNext () (at ./Library/PackageCache/com.unity.test-framework@40e262928427/UnityEngine.TestRunner/NUnitExtensions/Runner/CompositeWorkItem.cs:82)
0x000001e9aa255e12 (Mono JIT Code) UnityEngine.TestRunner.NUnitExtensions.Runner.CompositeWorkItem/<RunChildren>d__17:MoveNext () (at ./Library/PackageCache/com.unity.test-framework@40e262928427/UnityEngine.TestRunner/NUnitExtensions/Runner/CompositeWorkItem.cs:207)
0x000001e9aa247756 (Mono JIT Code) UnityEngine.TestRunner.NUnitExtensions.Runner.CompositeWorkItem/<PerformWork>d__13:MoveNext () (at ./Library/PackageCache/com.unity.test-framework@40e262928427/UnityEngine.TestRunner/NUnitExtensions/Runner/CompositeWorkItem.cs:82)
0x000001e9aa245fcc (Mono JIT Code) UnityEditor.TestTools.TestRunner.EditModeRunner:MoveNextAndUpdateYieldObject () (at ./Library/PackageCache/com.unity.test-framework@40e262928427/UnityEditor.TestRunner/TestRunner/EditModeRunner.cs:167)
0x000001e9aa245b7b (Mono JIT Code) UnityEditor.TestTools.TestRunner.EditModeRunner:TestConsumer (UnityEditor.TestTools.TestRunner.TestRunnerStateSerializer) (at ./Library/PackageCache/com.unity.test-framework@40e262928427/UnityEditor.TestRunner/TestRunner/EditModeRunner.cs:200)
0x000001e9aa23c173 (Mono JIT Code) UnityEditor.TestTools.TestRunner.TestRun.Tasks.EditModeRunTask/<Execute>d__1:MoveNext () (at ./Library/PackageCache/com.unity.test-framework@40e262928427/UnityEditor.TestRunner/TestRun/Tasks/EditModeRunTask.cs:48)
0x000001e977129d5e (Mono JIT Code) UnityEditor.TestTools.TestRunner.TestRun.TestJobRunner:ExecuteStep () (at ./Library/PackageCache/com.unity.test-framework@40e262928427/UnityEditor.TestRunner/TestRun/TestJobRunner.cs:173)
0x000001e977128953 (Mono JIT Code) UnityEditor.TestTools.TestRunner.TestRun.TestJobRunner:ExecuteCallback () (at ./Library/PackageCache/com.unity.test-framework@40e262928427/UnityEditor.TestRunner/TestRun/TestJobRunner.cs:108)
0x000001e99df821b8 (Mono JIT Code) UnityEditor.EditorApplication:Internal_CallUpdateFunctions ()
0x000001e8e6514785 (Mono JIT Code) (wrapper runtime-invoke) object:runtime_invoke_void (object,intptr,intptr,intptr)
0x00007fff3fd16e7e (mono-2.0-bdwgc) mono_jit_runtime_invoke (at C:/build/output/Unity-Technologies/mono/mono/mini/mini-runtime.c:3445)
0x00007fff3fc58874 (mono-2.0-bdwgc) do_runtime_invoke (at C:/build/output/Unity-Technologies/mono/mono/metadata/object.c:3068)
0x00007fff3fc58960 (mono-2.0-bdwgc) mono_runtime_invoke (at C:/build/output/Unity-Technologies/mono/mono/metadata/object.c:3115)
0x00007fff38e4cea4 (Unity) scripting_method_invoke
0x00007fff38e25433 (Unity) ScriptingInvocation::Invoke
0x00007fff38e20b35 (Unity) ScriptingInvocation::Invoke<void>
0x00007fff38f8b4bb (Unity) Scripting::UnityEditor::EditorApplicationProxy::Internal_CallUpdateFunctions
0x00007fff3a07e0e4 (Unity) SceneTracker::Update
0x00007fff39be1247 (Unity) Application::TickTimer
0x00007fff3a1b25ac (Unity) MainMessageLoop
0x00007fff3a1b9d1c (Unity) UnityMain
0x00007ff68b302f2a (Unity) __scrt_common_main_seh
0x00007fffddade8d7 (KERNEL32) BaseThreadInitThunk
0x00007fffde88c53c (ntdll) RtlUserThreadStart

[RecoilConfiguration] Empty or null JSON provided, returning default configuration.
0x00007fff38f222ae (Unity) StackWalker::ShowCallstack
0x00007fff38f31ee9 (Unity) PlatformStacktrace::GetStacktrace
0x00007fff3a1ac04e (Unity) Stacktrace::GetStacktrace
0x00007fff3a7859df (Unity) DebugStringToFile
0x00007fff37fd2930 (Unity) DebugLogHandler_CUSTOM_Internal_Log
0x000001e9766cbd3e (Mono JIT Code) (wrapper managed-to-native) UnityEngine.DebugLogHandler:Internal_Log_Injected (UnityEngine.LogType,UnityEngine.LogOption,UnityEngine.Bindings.ManagedSpanWrapper&,intptr)
0x000001e9766cbb43 (Mono JIT Code) UnityEngine.DebugLogHandler:Internal_Log (UnityEngine.LogType,UnityEngine.LogOption,string,UnityEngine.Object)
0x000001e9766cb7fb (Mono JIT Code) UnityEngine.DebugLogHandler:LogFormat (UnityEngine.LogType,UnityEngine.Object,string,object[])
0x000001e9766ca6ae (Mono JIT Code) UnityEngine.Logger:Log (UnityEngine.LogType,object)
0x000001e9aa2b404d (Mono JIT Code) UnityEngine.Debug:LogWarning (object)
0x000001e976d477fb (Mono JIT Code) RecoilConfiguration:FromJson (string) (at C:/Users/Ubuntu/Desktop/_DEV/AFFECT-2025-10-11/Assets/_SCRIPTS/_PLAYER/Recoil/RecoilConfiguration.cs:136)
0x000001e976d48643 (Mono JIT Code) SerializationProperties:Property16_InvalidJsonReturnsDefaultConfiguration () (at C:/Users/Ubuntu/Desktop/_DEV/AFFECT-2025-10-11/Assets/_SCRIPTS/Editor/SerializationProperties.cs:115)
0x000001e9aa264548 (Mono JIT Code) (wrapper runtime-invoke) object:runtime_invoke_void__this__ (object,intptr,intptr,intptr)
0x00007fff3fd16e7e (mono-2.0-bdwgc) mono_jit_runtime_invoke (at C:/build/output/Unity-Technologies/mono/mono/mini/mini-runtime.c:3445)
0x00007fff3fc58874 (mono-2.0-bdwgc) do_runtime_invoke (at C:/build/output/Unity-Technologies/mono/mono/metadata/object.c:3068)
0x00007fff3fc5f926 (mono-2.0-bdwgc) mono_runtime_try_invoke_array (at C:/build/output/Unity-Technologies/mono/mono/metadata/object.c:5774)
0x00007fff3fb91b81 (mono-2.0-bdwgc) ves_icall_InternalInvoke (at C:/build/output/Unity-Technologies/mono/mono/metadata/icall.c:4038)
0x00007fff3fbb7e31 (mono-2.0-bdwgc) ves_icall_InternalInvoke_raw (at C:/build/output/Unity-Technologies/mono/mono/metadata/icall-def.h:692)
0x000001e8e22b0f92 (Mono JIT Code) (wrapper managed-to-native) System.Reflection.RuntimeMethodInfo:InternalInvoke (System.Reflection.RuntimeMethodInfo,object,object[],System.Exception&)
0x000001e8e3c7ea73 (Mono JIT Code) System.Reflection.RuntimeMethodInfo:Invoke (object,System.Reflection.BindingFlags,System.Reflection.Binder,object[],System.Globalization.CultureInfo)
0x000001e8db9555ef (Mono JIT Code) System.Reflection.MethodBase:Invoke (object,object[])
0x000001e9aa26e783 (Mono JIT Code) NUnit.Framework.Internal.Reflect:InvokeMethod (System.Reflection.MethodInfo,object,object[])
0x000001e9aa2760ab (Mono JIT Code) NUnit.Framework.Internal.MethodWrapper:Invoke (object,object[])
0x000001e9aa275f8a (Mono JIT Code) NUnit.Framework.Internal.Commands.TestMethodCommand:RunNonAsyncTestMethod (NUnit.Framework.Internal.ITestExecutionContext)
0x000001e9aa275dd3 (Mono JIT Code) NUnit.Framework.Internal.Commands.TestMethodCommand:RunTestMethod (NUnit.Framework.Internal.ITestExecutionContext)
0x000001e9aa275973 (Mono JIT Code) NUnit.Framework.Internal.Commands.TestMethodCommand:Execute (NUnit.Framework.Internal.ITestExecutionContext)
0x000001e9aa27556b (Mono JIT Code) UnityEngine.TestTools.UnityTestMethodCommand:Execute (NUnit.Framework.Internal.ITestExecutionContext) (at ./Library/PackageCache/com.unity.test-framework@40e262928427/UnityEngine.TestRunner/NUnitExtensions/Commands/UnityTestMethodCommand.cs:19)
0x000001e9aa2752fb (Mono JIT Code) UnityEngine.TestRunner.NUnitExtensions.Runner.UnityLogCheckDelegatingCommand/<>c__DisplayClass2_0:<Execute>b__0 () (at ./Library/PackageCache/com.unity.test-framework@40e262928427/UnityEngine.TestRunner/NUnitExtensions/Runner/UnityLogCheckDelegatingCommand.cs:24)
0x000001e9aa275123 (Mono JIT Code) UnityEngine.TestRunner.NUnitExtensions.Runner.UnityLogCheckDelegatingCommand:CaptureException (NUnit.Framework.Internal.TestResult,System.Action) (at ./Library/PackageCache/com.unity.test-framework@40e262928427/UnityEngine.TestRunner/NUnitExtensions/Runner/UnityLogCheckDelegatingCommand.cs:72)
0x000001e9aa274fb3 (Mono JIT Code) UnityEngine.TestRunner.NUnitExtensions.Runner.UnityLogCheckDelegatingCommand:ExecuteAndCheckLog (UnityEngine.TestTools.Logging.LogScope,NUnit.Framework.Internal.TestResult,System.Action) (at ./Library/PackageCache/com.unity.test-framework@40e262928427/UnityEngine.TestRunner/NUnitExtensions/Runner/UnityLogCheckDelegatingCommand.cs:83)
0x000001e9aa274c3b (Mono JIT Code) UnityEngine.TestRunner.NUnitExtensions.Runner.UnityLogCheckDelegatingCommand:Execute (NUnit.Framework.Internal.ITestExecutionContext) (at ./Library/PackageCache/com.unity.test-framework@40e262928427/UnityEngine.TestRunner/NUnitExtensions/Runner/UnityLogCheckDelegatingCommand.cs:24)
0x000001e9aa273c19 (Mono JIT Code) UnityEngine.TestRunner.NUnitExtensions.Runner.UnityLogCheckDelegatingCommand/<ExecuteEnumerable>d__3:MoveNext () (at ./Library/PackageCache/com.unity.test-framework@40e262928427/UnityEngine.TestRunner/NUnitExtensions/Runner/UnityLogCheckDelegatingCommand.cs:35)
0x000001e9aa251e01 (Mono JIT Code) UnityEngine.TestTools.BeforeAfterTestCommandBase`1/<ExecuteEnumerable>d__16<T_REF>:MoveNext () (at ./Library/PackageCache/com.unity.test-framework@40e262928427/UnityEngine.TestRunner/NUnitExtensions/Commands/BeforeAfterTestCommandBase.cs:212)
0x000001e9aa272fb6 (Mono JIT Code) UnityEngine.TestTools.ImmediateEnumerableCommand:Execute (NUnit.Framework.Internal.ITestExecutionContext) (at ./Library/PackageCache/com.unity.test-framework@40e262928427/UnityEngine.TestRunner/NUnitExtensions/Commands/ImmediateEnumerableCommand.cs:18)
0x000001e9aa251f01 (Mono JIT Code) UnityEngine.TestTools.BeforeAfterTestCommandBase`1/<ExecuteEnumerable>d__16<T_REF>:MoveNext () (at ./Library/PackageCache/com.unity.test-framework@40e262928427/UnityEngine.TestRunner/NUnitExtensions/Commands/BeforeAfterTestCommandBase.cs:219)
0x000001e9aa251e01 (Mono JIT Code) UnityEngine.TestTools.BeforeAfterTestCommandBase`1/<ExecuteEnumerable>d__16<T_REF>:MoveNext () (at ./Library/PackageCache/com.unity.test-framework@40e262928427/UnityEngine.TestRunner/NUnitExtensions/Commands/BeforeAfterTestCommandBase.cs:212)
0x000001e9aa251e01 (Mono JIT Code) UnityEngine.TestTools.BeforeAfterTestCommandBase`1/<ExecuteEnumerable>d__16<T_REF>:MoveNext () (at ./Library/PackageCache/com.unity.test-framework@40e262928427/UnityEngine.TestRunner/NUnitExtensions/Commands/BeforeAfterTestCommandBase.cs:212)
0x000001e9aa26b457 (Mono JIT Code) UnityEngine.TestTools.RetryCommand/<ExecuteEnumerable>d__2:MoveNext () (at ./Library/PackageCache/com.unity.test-framework@40e262928427/UnityEngine.TestRunner/NUnitExtensions/Commands/RetryCommand.cs:37)
0x000001e9aa269f2f (Mono JIT Code) UnityEngine.TestTools.RepeatCommand/<ExecuteEnumerable>d__2:MoveNext () (at ./Library/PackageCache/com.unity.test-framework@40e262928427/UnityEngine.TestRunner/NUnitExtensions/Commands/RepeatCommand.cs:36)
0x000001e9aa268fa6 (Mono JIT Code) UnityEngine.TestTools.IgnoreTestCommand/<ExecuteEnumerable>d__3:MoveNext () (at ./Library/PackageCache/com.unity.test-framework@40e262928427/UnityEngine.TestRunner/NUnitExtensions/Commands/IgnoreTestCommand.cs:42)
0x000001e9aa267c7f (Mono JIT Code) UnityEngine.TestTools.StrictCheckCommand/<ExecuteEnumerable>d__2:MoveNext () (at ./Library/PackageCache/com.unity.test-framework@40e262928427/UnityEngine.TestRunner/NUnitExtensions/Commands/StrictCheckCommand.cs:29)
0x000001e9aa266fe1 (Mono JIT Code) UnityEngine.TestRunner.NUnitExtensions.Runner.DefaultTestWorkItem/<PerformWork>d__2:MoveNext () (at ./Library/PackageCache/com.unity.test-framework@40e262928427/UnityEngine.TestRunner/NUnitExtensions/Runner/DefaultTestWorkItem.cs:50)
0x000001e9aa255e12 (Mono JIT Code) UnityEngine.TestRunner.NUnitExtensions.Runner.CompositeWorkItem/<RunChildren>d__17:MoveNext () (at ./Library/PackageCache/com.unity.test-framework@40e262928427/UnityEngine.TestRunner/NUnitExtensions/Runner/CompositeWorkItem.cs:207)
0x000001e9aa247756 (Mono JIT Code) UnityEngine.TestRunner.NUnitExtensions.Runner.CompositeWorkItem/<PerformWork>d__13:MoveNext () (at ./Library/PackageCache/com.unity.test-framework@40e262928427/UnityEngine.TestRunner/NUnitExtensions/Runner/CompositeWorkItem.cs:82)
0x000001e9aa255e12 (Mono JIT Code) UnityEngine.TestRunner.NUnitExtensions.Runner.CompositeWorkItem/<RunChildren>d__17:MoveNext () (at ./Library/PackageCache/com.unity.test-framework@40e262928427/UnityEngine.TestRunner/NUnitExtensions/Runner/CompositeWorkItem.cs:207)
0x000001e9aa247756 (Mono JIT Code) UnityEngine.TestRunner.NUnitExtensions.Runner.CompositeWorkItem/<PerformWork>d__13:MoveNext () (at ./Library/PackageCache/com.unity.test-framework@40e262928427/UnityEngine.TestRunner/NUnitExtensions/Runner/CompositeWorkItem.cs:82)
0x000001e9aa255e12 (Mono JIT Code) UnityEngine.TestRunner.NUnitExtensions.Runner.CompositeWorkItem/<RunChildren>d__17:MoveNext () (at ./Library/PackageCache/com.unity.test-framework@40e262928427/UnityEngine.TestRunner/NUnitExtensions/Runner/CompositeWorkItem.cs:207)
0x000001e9aa247756 (Mono JIT Code) UnityEngine.TestRunner.NUnitExtensions.Runner.CompositeWorkItem/<PerformWork>d__13:MoveNext () (at ./Library/PackageCache/com.unity.test-framework@40e262928427/UnityEngine.TestRunner/NUnitExtensions/Runner/CompositeWorkItem.cs:82)
0x000001e9aa245fcc (Mono JIT Code) UnityEditor.TestTools.TestRunner.EditModeRunner:MoveNextAndUpdateYieldObject () (at ./Library/PackageCache/com.unity.test-framework@40e262928427/UnityEditor.TestRunner/TestRunner/EditModeRunner.cs:167)
0x000001e9aa245b7b (Mono JIT Code) UnityEditor.TestTools.TestRunner.EditModeRunner:TestConsumer (UnityEditor.TestTools.TestRunner.TestRunnerStateSerializer) (at ./Library/PackageCache/com.unity.test-framework@40e262928427/UnityEditor.TestRunner/TestRunner/EditModeRunner.cs:200)
0x000001e9aa23c173 (Mono JIT Code) UnityEditor.TestTools.TestRunner.TestRun.Tasks.EditModeRunTask/<Execute>d__1:MoveNext () (at ./Library/PackageCache/com.unity.test-framework@40e262928427/UnityEditor.TestRunner/TestRun/Tasks/EditModeRunTask.cs:48)
0x000001e977129d5e (Mono JIT Code) UnityEditor.TestTools.TestRunner.TestRun.TestJobRunner:ExecuteStep () (at ./Library/PackageCache/com.unity.test-framework@40e262928427/UnityEditor.TestRunner/TestRun/TestJobRunner.cs:173)
0x000001e977128953 (Mono JIT Code) UnityEditor.TestTools.TestRunner.TestRun.TestJobRunner:ExecuteCallback () (at ./Library/PackageCache/com.unity.test-framework@40e262928427/UnityEditor.TestRunner/TestRun/TestJobRunner.cs:108)
0x000001e99df821b8 (Mono JIT Code) UnityEditor.EditorApplication:Internal_CallUpdateFunctions ()
0x000001e8e6514785 (Mono JIT Code) (wrapper runtime-invoke) object:runtime_invoke_void (object,intptr,intptr,intptr)
0x00007fff3fd16e7e (mono-2.0-bdwgc) mono_jit_runtime_invoke (at C:/build/output/Unity-Technologies/mono/mono/mini/mini-runtime.c:3445)
0x00007fff3fc58874 (mono-2.0-bdwgc) do_runtime_invoke (at C:/build/output/Unity-Technologies/mono/mono/metadata/object.c:3068)
0x00007fff3fc58960 (mono-2.0-bdwgc) mono_runtime_invoke (at C:/build/output/Unity-Technologies/mono/mono/metadata/object.c:3115)
0x00007fff38e4cea4 (Unity) scripting_method_invoke
0x00007fff38e25433 (Unity) ScriptingInvocation::Invoke
0x00007fff38e20b35 (Unity) ScriptingInvocation::Invoke<void>
0x00007fff38f8b4bb (Unity) Scripting::UnityEditor::EditorApplicationProxy::Internal_CallUpdateFunctions
0x00007fff3a07e0e4 (Unity) SceneTracker::Update
0x00007fff39be1247 (Unity) Application::TickTimer
0x00007fff3a1b25ac (Unity) MainMessageLoop
0x00007fff3a1b9d1c (Unity) UnityMain
0x00007ff68b302f2a (Unity) __scrt_common_main_seh
0x00007fffddade8d7 (KERNEL32) BaseThreadInitThunk
0x00007fffde88c53c (ntdll) RtlUserThreadStart

[RecoilConfiguration] Failed to deserialize JSON: JSON parse error: Missing a name for object member.. Returning default configuration.
0x00007fff38f222ae (Unity) StackWalker::ShowCallstack
0x00007fff38f31ee9 (Unity) PlatformStacktrace::GetStacktrace
0x00007fff3a1ac04e (Unity) Stacktrace::GetStacktrace
0x00007fff3a7859df (Unity) DebugStringToFile
0x00007fff37fd2930 (Unity) DebugLogHandler_CUSTOM_Internal_Log
0x000001e9766cbd3e (Mono JIT Code) (wrapper managed-to-native) UnityEngine.DebugLogHandler:Internal_Log_Injected (UnityEngine.LogType,UnityEngine.LogOption,UnityEngine.Bindings.ManagedSpanWrapper&,intptr)
0x000001e9766cbb43 (Mono JIT Code) UnityEngine.DebugLogHandler:Internal_Log (UnityEngine.LogType,UnityEngine.LogOption,string,UnityEngine.Object)
0x000001e9766cb7fb (Mono JIT Code) UnityEngine.DebugLogHandler:LogFormat (UnityEngine.LogType,UnityEngine.Object,string,object[])
0x000001e9766ca6ae (Mono JIT Code) UnityEngine.Logger:Log (UnityEngine.LogType,object)
0x000001e9aa2b404d (Mono JIT Code) UnityEngine.Debug:LogWarning (object)
0x000001e976d47adb (Mono JIT Code) RecoilConfiguration:FromJson (string) (at C:/Users/Ubuntu/Desktop/_DEV/AFFECT-2025-10-11/Assets/_SCRIPTS/_PLAYER/Recoil/RecoilConfiguration.cs:152)
0x000001e976d48643 (Mono JIT Code) SerializationProperties:Property16_InvalidJsonReturnsDefaultConfiguration () (at C:/Users/Ubuntu/Desktop/_DEV/AFFECT-2025-10-11/Assets/_SCRIPTS/Editor/SerializationProperties.cs:115)
0x000001e9aa264548 (Mono JIT Code) (wrapper runtime-invoke) object:runtime_invoke_void__this__ (object,intptr,intptr,intptr)
0x00007fff3fd16e7e (mono-2.0-bdwgc) mono_jit_runtime_invoke (at C:/build/output/Unity-Technologies/mono/mono/mini/mini-runtime.c:3445)
0x00007fff3fc58874 (mono-2.0-bdwgc) do_runtime_invoke (at C:/build/output/Unity-Technologies/mono/mono/metadata/object.c:3068)
0x00007fff3fc5f926 (mono-2.0-bdwgc) mono_runtime_try_invoke_array (at C:/build/output/Unity-Technologies/mono/mono/metadata/object.c:5774)
0x00007fff3fb91b81 (mono-2.0-bdwgc) ves_icall_InternalInvoke (at C:/build/output/Unity-Technologies/mono/mono/metadata/icall.c:4038)
0x00007fff3fbb7e31 (mono-2.0-bdwgc) ves_icall_InternalInvoke_raw (at C:/build/output/Unity-Technologies/mono/mono/metadata/icall-def.h:692)
0x000001e8e22b0f92 (Mono JIT Code) (wrapper managed-to-native) System.Reflection.RuntimeMethodInfo:InternalInvoke (System.Reflection.RuntimeMethodInfo,object,object[],System.Exception&)
0x000001e8e3c7ea73 (Mono JIT Code) System.Reflection.RuntimeMethodInfo:Invoke (object,System.Reflection.BindingFlags,System.Reflection.Binder,object[],System.Globalization.CultureInfo)
0x000001e8db9555ef (Mono JIT Code) System.Reflection.MethodBase:Invoke (object,object[])
0x000001e9aa26e783 (Mono JIT Code) NUnit.Framework.Internal.Reflect:InvokeMethod (System.Reflection.MethodInfo,object,object[])
0x000001e9aa2760ab (Mono JIT Code) NUnit.Framework.Internal.MethodWrapper:Invoke (object,object[])
0x000001e9aa275f8a (Mono JIT Code) NUnit.Framework.Internal.Commands.TestMethodCommand:RunNonAsyncTestMethod (NUnit.Framework.Internal.ITestExecutionContext)
0x000001e9aa275dd3 (Mono JIT Code) NUnit.Framework.Internal.Commands.TestMethodCommand:RunTestMethod (NUnit.Framework.Internal.ITestExecutionContext)
0x000001e9aa275973 (Mono JIT Code) NUnit.Framework.Internal.Commands.TestMethodCommand:Execute (NUnit.Framework.Internal.ITestExecutionContext)
0x000001e9aa27556b (Mono JIT Code) UnityEngine.TestTools.UnityTestMethodCommand:Execute (NUnit.Framework.Internal.ITestExecutionContext) (at ./Library/PackageCache/com.unity.test-framework@40e262928427/UnityEngine.TestRunner/NUnitExtensions/Commands/UnityTestMethodCommand.cs:19)
0x000001e9aa2752fb (Mono JIT Code) UnityEngine.TestRunner.NUnitExtensions.Runner.UnityLogCheckDelegatingCommand/<>c__DisplayClass2_0:<Execute>b__0 () (at ./Library/PackageCache/com.unity.test-framework@40e262928427/UnityEngine.TestRunner/NUnitExtensions/Runner/UnityLogCheckDelegatingCommand.cs:24)
0x000001e9aa275123 (Mono JIT Code) UnityEngine.TestRunner.NUnitExtensions.Runner.UnityLogCheckDelegatingCommand:CaptureException (NUnit.Framework.Internal.TestResult,System.Action) (at ./Library/PackageCache/com.unity.test-framework@40e262928427/UnityEngine.TestRunner/NUnitExtensions/Runner/UnityLogCheckDelegatingCommand.cs:72)
0x000001e9aa274fb3 (Mono JIT Code) UnityEngine.TestRunner.NUnitExtensions.Runner.UnityLogCheckDelegatingCommand:ExecuteAndCheckLog (UnityEngine.TestTools.Logging.LogScope,NUnit.Framework.Internal.TestResult,System.Action) (at ./Library/PackageCache/com.unity.test-framework@40e262928427/UnityEngine.TestRunner/NUnitExtensions/Runner/UnityLogCheckDelegatingCommand.cs:83)
0x000001e9aa274c3b (Mono JIT Code) UnityEngine.TestRunner.NUnitExtensions.Runner.UnityLogCheckDelegatingCommand:Execute (NUnit.Framework.Internal.ITestExecutionContext) (at ./Library/PackageCache/com.unity.test-framework@40e262928427/UnityEngine.TestRunner/NUnitExtensions/Runner/UnityLogCheckDelegatingCommand.cs:24)
0x000001e9aa273c19 (Mono JIT Code) UnityEngine.TestRunner.NUnitExtensions.Runner.UnityLogCheckDelegatingCommand/<ExecuteEnumerable>d__3:MoveNext () (at ./Library/PackageCache/com.unity.test-framework@40e262928427/UnityEngine.TestRunner/NUnitExtensions/Runner/UnityLogCheckDelegatingCommand.cs:35)
0x000001e9aa251e01 (Mono JIT Code) UnityEngine.TestTools.BeforeAfterTestCommandBase`1/<ExecuteEnumerable>d__16<T_REF>:MoveNext () (at ./Library/PackageCache/com.unity.test-framework@40e262928427/UnityEngine.TestRunner/NUnitExtensions/Commands/BeforeAfterTestCommandBase.cs:212)
0x000001e9aa272fb6 (Mono JIT Code) UnityEngine.TestTools.ImmediateEnumerableCommand:Execute (NUnit.Framework.Internal.ITestExecutionContext) (at ./Library/PackageCache/com.unity.test-framework@40e262928427/UnityEngine.TestRunner/NUnitExtensions/Commands/ImmediateEnumerableCommand.cs:18)
0x000001e9aa251f01 (Mono JIT Code) UnityEngine.TestTools.BeforeAfterTestCommandBase`1/<ExecuteEnumerable>d__16<T_REF>:MoveNext () (at ./Library/PackageCache/com.unity.test-framework@40e262928427/UnityEngine.TestRunner/NUnitExtensions/Commands/BeforeAfterTestCommandBase.cs:219)
0x000001e9aa251e01 (Mono JIT Code) UnityEngine.TestTools.BeforeAfterTestCommandBase`1/<ExecuteEnumerable>d__16<T_REF>:MoveNext () (at ./Library/PackageCache/com.unity.test-framework@40e262928427/UnityEngine.TestRunner/NUnitExtensions/Commands/BeforeAfterTestCommandBase.cs:212)
0x000001e9aa251e01 (Mono JIT Code) UnityEngine.TestTools.BeforeAfterTestCommandBase`1/<ExecuteEnumerable>d__16<T_REF>:MoveNext () (at ./Library/PackageCache/com.unity.test-framework@40e262928427/UnityEngine.TestRunner/NUnitExtensions/Commands/BeforeAfterTestCommandBase.cs:212)
0x000001e9aa26b457 (Mono JIT Code) UnityEngine.TestTools.RetryCommand/<ExecuteEnumerable>d__2:MoveNext () (at ./Library/PackageCache/com.unity.test-framework@40e262928427/UnityEngine.TestRunner/NUnitExtensions/Commands/RetryCommand.cs:37)
0x000001e9aa269f2f (Mono JIT Code) UnityEngine.TestTools.RepeatCommand/<ExecuteEnumerable>d__2:MoveNext () (at ./Library/PackageCache/com.unity.test-framework@40e262928427/UnityEngine.TestRunner/NUnitExtensions/Commands/RepeatCommand.cs:36)
0x000001e9aa268fa6 (Mono JIT Code) UnityEngine.TestTools.IgnoreTestCommand/<ExecuteEnumerable>d__3:MoveNext () (at ./Library/PackageCache/com.unity.test-framework@40e262928427/UnityEngine.TestRunner/NUnitExtensions/Commands/IgnoreTestCommand.cs:42)
0x000001e9aa267c7f (Mono JIT Code) UnityEngine.TestTools.StrictCheckCommand/<ExecuteEnumerable>d__2:MoveNext () (at ./Library/PackageCache/com.unity.test-framework@40e262928427/UnityEngine.TestRunner/NUnitExtensions/Commands/StrictCheckCommand.cs:29)
0x000001e9aa266fe1 (Mono JIT Code) UnityEngine.TestRunner.NUnitExtensions.Runner.DefaultTestWorkItem/<PerformWork>d__2:MoveNext () (at ./Library/PackageCache/com.unity.test-framework@40e262928427/UnityEngine.TestRunner/NUnitExtensions/Runner/DefaultTestWorkItem.cs:50)
0x000001e9aa255e12 (Mono JIT Code) UnityEngine.TestRunner.NUnitExtensions.Runner.CompositeWorkItem/<RunChildren>d__17:MoveNext () (at ./Library/PackageCache/com.unity.test-framework@40e262928427/UnityEngine.TestRunner/NUnitExtensions/Runner/CompositeWorkItem.cs:207)
0x000001e9aa247756 (Mono JIT Code) UnityEngine.TestRunner.NUnitExtensions.Runner.CompositeWorkItem/<PerformWork>d__13:MoveNext () (at ./Library/PackageCache/com.unity.test-framework@40e262928427/UnityEngine.TestRunner/NUnitExtensions/Runner/CompositeWorkItem.cs:82)
0x000001e9aa255e12 (Mono JIT Code) UnityEngine.TestRunner.NUnitExtensions.Runner.CompositeWorkItem/<RunChildren>d__17:MoveNext () (at ./Library/PackageCache/com.unity.test-framework@40e262928427/UnityEngine.TestRunner/NUnitExtensions/Runner/CompositeWorkItem.cs:207)
0x000001e9aa247756 (Mono JIT Code) UnityEngine.TestRunner.NUnitExtensions.Runner.CompositeWorkItem/<PerformWork>d__13:MoveNext () (at ./Library/PackageCache/com.unity.test-framework@40e262928427/UnityEngine.TestRunner/NUnitExtensions/Runner/CompositeWorkItem.cs:82)
0x000001e9aa255e12 (Mono JIT Code) UnityEngine.TestRunner.NUnitExtensions.Runner.CompositeWorkItem/<RunChildren>d__17:MoveNext () (at ./Library/PackageCache/com.unity.test-framework@40e262928427/UnityEngine.TestRunner/NUnitExtensions/Runner/CompositeWorkItem.cs:207)
0x000001e9aa247756 (Mono JIT Code) UnityEngine.TestRunner.NUnitExtensions.Runner.CompositeWorkItem/<PerformWork>d__13:MoveNext () (at ./Library/PackageCache/com.unity.test-framework@40e262928427/UnityEngine.TestRunner/NUnitExtensions/Runner/CompositeWorkItem.cs:82)
0x000001e9aa245fcc (Mono JIT Code) UnityEditor.TestTools.TestRunner.EditModeRunner:MoveNextAndUpdateYieldObject () (at ./Library/PackageCache/com.unity.test-framework@40e262928427/UnityEditor.TestRunner/TestRunner/EditModeRunner.cs:167)
0x000001e9aa245b7b (Mono JIT Code) UnityEditor.TestTools.TestRunner.EditModeRunner:TestConsumer (UnityEditor.TestTools.TestRunner.TestRunnerStateSerializer) (at ./Library/PackageCache/com.unity.test-framework@40e262928427/UnityEditor.TestRunner/TestRunner/EditModeRunner.cs:200)
0x000001e9aa23c173 (Mono JIT Code) UnityEditor.TestTools.TestRunner.TestRun.Tasks.EditModeRunTask/<Execute>d__1:MoveNext () (at ./Library/PackageCache/com.unity.test-framework@40e262928427/UnityEditor.TestRunner/TestRun/Tasks/EditModeRunTask.cs:48)
0x000001e977129d5e (Mono JIT Code) UnityEditor.TestTools.TestRunner.TestRun.TestJobRunner:ExecuteStep () (at ./Library/PackageCache/com.unity.test-framework@40e262928427/UnityEditor.TestRunner/TestRun/TestJobRunner.cs:173)
0x000001e977128953 (Mono JIT Code) UnityEditor.TestTools.TestRunner.TestRun.TestJobRunner:ExecuteCallback () (at ./Library/PackageCache/com.unity.test-framework@40e262928427/UnityEditor.TestRunner/TestRun/TestJobRunner.cs:108)
0x000001e99df821b8 (Mono JIT Code) UnityEditor.EditorApplication:Internal_CallUpdateFunctions ()
0x000001e8e6514785 (Mono JIT Code) (wrapper runtime-invoke) object:runtime_invoke_void (object,intptr,intptr,intptr)
0x00007fff3fd16e7e (mono-2.0-bdwgc) mono_jit_runtime_invoke (at C:/build/output/Unity-Technologies/mono/mono/mini/mini-runtime.c:3445)
0x00007fff3fc58874 (mono-2.0-bdwgc) do_runtime_invoke (at C:/build/output/Unity-Technologies/mono/mono/metadata/object.c:3068)
0x00007fff3fc58960 (mono-2.0-bdwgc) mono_runtime_invoke (at C:/build/output/Unity-Technologies/mono/mono/metadata/object.c:3115)
0x00007fff38e4cea4 (Unity) scripting_method_invoke
0x00007fff38e25433 (Unity) ScriptingInvocation::Invoke
0x00007fff38e20b35 (Unity) ScriptingInvocation::Invoke<void>
0x00007fff38f8b4bb (Unity) Scripting::UnityEditor::EditorApplicationProxy::Internal_CallUpdateFunctions
0x00007fff3a07e0e4 (Unity) SceneTracker::Update
0x00007fff39be1247 (Unity) Application::TickTimer
0x00007fff3a1b25ac (Unity) MainMessageLoop
0x00007fff3a1b9d1c (Unity) UnityMain
0x00007ff68b302f2a (Unity) __scrt_common_main_seh
0x00007fffddade8d7 (KERNEL32) BaseThreadInitThunk
0x00007fffde88c53c (ntdll) RtlUserThreadStart

[RecoilConfiguration] Empty or null JSON provided, returning default configuration.
0x00007fff38f222ae (Unity) StackWalker::ShowCallstack
0x00007fff38f31ee9 (Unity) PlatformStacktrace::GetStacktrace
0x00007fff3a1ac04e (Unity) Stacktrace::GetStacktrace
0x00007fff3a7859df (Unity) DebugStringToFile
0x00007fff37fd2930 (Unity) DebugLogHandler_CUSTOM_Internal_Log
0x000001e9766cbd3e (Mono JIT Code) (wrapper managed-to-native) UnityEngine.DebugLogHandler:Internal_Log_Injected (UnityEngine.LogType,UnityEngine.LogOption,UnityEngine.Bindings.ManagedSpanWrapper&,intptr)
0x000001e9766cbb43 (Mono JIT Code) UnityEngine.DebugLogHandler:Internal_Log (UnityEngine.LogType,UnityEngine.LogOption,string,UnityEngine.Object)
0x000001e9766cb7fb (Mono JIT Code) UnityEngine.DebugLogHandler:LogFormat (UnityEngine.LogType,UnityEngine.Object,string,object[])
0x000001e9766ca6ae (Mono JIT Code) UnityEngine.Logger:Log (UnityEngine.LogType,object)
0x000001e9aa2b404d (Mono JIT Code) UnityEngine.Debug:LogWarning (object)
0x000001e976d477fb (Mono JIT Code) RecoilConfiguration:FromJson (string) (at C:/Users/Ubuntu/Desktop/_DEV/AFFECT-2025-10-11/Assets/_SCRIPTS/_PLAYER/Recoil/RecoilConfiguration.cs:136)
0x000001e976d48643 (Mono JIT Code) SerializationProperties:Property16_InvalidJsonReturnsDefaultConfiguration () (at C:/Users/Ubuntu/Desktop/_DEV/AFFECT-2025-10-11/Assets/_SCRIPTS/Editor/SerializationProperties.cs:115)
0x000001e9aa264548 (Mono JIT Code) (wrapper runtime-invoke) object:runtime_invoke_void__this__ (object,intptr,intptr,intptr)
0x00007fff3fd16e7e (mono-2.0-bdwgc) mono_jit_runtime_invoke (at C:/build/output/Unity-Technologies/mono/mono/mini/mini-runtime.c:3445)
0x00007fff3fc58874 (mono-2.0-bdwgc) do_runtime_invoke (at C:/build/output/Unity-Technologies/mono/mono/metadata/object.c:3068)
0x00007fff3fc5f926 (mono-2.0-bdwgc) mono_runtime_try_invoke_array (at C:/build/output/Unity-Technologies/mono/mono/metadata/object.c:5774)
0x00007fff3fb91b81 (mono-2.0-bdwgc) ves_icall_InternalInvoke (at C:/build/output/Unity-Technologies/mono/mono/metadata/icall.c:4038)
0x00007fff3fbb7e31 (mono-2.0-bdwgc) ves_icall_InternalInvoke_raw (at C:/build/output/Unity-Technologies/mono/mono/metadata/icall-def.h:692)
0x000001e8e22b0f92 (Mono JIT Code) (wrapper managed-to-native) System.Reflection.RuntimeMethodInfo:InternalInvoke (System.Reflection.RuntimeMethodInfo,object,object[],System.Exception&)
0x000001e8e3c7ea73 (Mono JIT Code) System.Reflection.RuntimeMethodInfo:Invoke (object,System.Reflection.BindingFlags,System.Reflection.Binder,object[],System.Globalization.CultureInfo)
0x000001e8db9555ef (Mono JIT Code) System.Reflection.MethodBase:Invoke (object,object[])
0x000001e9aa26e783 (Mono JIT Code) NUnit.Framework.Internal.Reflect:InvokeMethod (System.Reflection.MethodInfo,object,object[])
0x000001e9aa2760ab (Mono JIT Code) NUnit.Framework.Internal.MethodWrapper:Invoke (object,object[])
0x000001e9aa275f8a (Mono JIT Code) NUnit.Framework.Internal.Commands.TestMethodCommand:RunNonAsyncTestMethod (NUnit.Framework.Internal.ITestExecutionContext)
0x000001e9aa275dd3 (Mono JIT Code) NUnit.Framework.Internal.Commands.TestMethodCommand:RunTestMethod (NUnit.Framework.Internal.ITestExecutionContext)
0x000001e9aa275973 (Mono JIT Code) NUnit.Framework.Internal.Commands.TestMethodCommand:Execute (NUnit.Framework.Internal.ITestExecutionContext)
0x000001e9aa27556b (Mono JIT Code) UnityEngine.TestTools.UnityTestMethodCommand:Execute (NUnit.Framework.Internal.ITestExecutionContext) (at ./Library/PackageCache/com.unity.test-framework@40e262928427/UnityEngine.TestRunner/NUnitExtensions/Commands/UnityTestMethodCommand.cs:19)
0x000001e9aa2752fb (Mono JIT Code) UnityEngine.TestRunner.NUnitExtensions.Runner.UnityLogCheckDelegatingCommand/<>c__DisplayClass2_0:<Execute>b__0 () (at ./Library/PackageCache/com.unity.test-framework@40e262928427/UnityEngine.TestRunner/NUnitExtensions/Runner/UnityLogCheckDelegatingCommand.cs:24)
0x000001e9aa275123 (Mono JIT Code) UnityEngine.TestRunner.NUnitExtensions.Runner.UnityLogCheckDelegatingCommand:CaptureException (NUnit.Framework.Internal.TestResult,System.Action) (at ./Library/PackageCache/com.unity.test-framework@40e262928427/UnityEngine.TestRunner/NUnitExtensions/Runner/UnityLogCheckDelegatingCommand.cs:72)
0x000001e9aa274fb3 (Mono JIT Code) UnityEngine.TestRunner.NUnitExtensions.Runner.UnityLogCheckDelegatingCommand:ExecuteAndCheckLog (UnityEngine.TestTools.Logging.LogScope,NUnit.Framework.Internal.TestResult,System.Action) (at ./Library/PackageCache/com.unity.test-framework@40e262928427/UnityEngine.TestRunner/NUnitExtensions/Runner/UnityLogCheckDelegatingCommand.cs:83)
0x000001e9aa274c3b (Mono JIT Code) UnityEngine.TestRunner.NUnitExtensions.Runner.UnityLogCheckDelegatingCommand:Execute (NUnit.Framework.Internal.ITestExecutionContext) (at ./Library/PackageCache/com.unity.test-framework@40e262928427/UnityEngine.TestRunner/NUnitExtensions/Runner/UnityLogCheckDelegatingCommand.cs:24)
0x000001e9aa273c19 (Mono JIT Code) UnityEngine.TestRunner.NUnitExtensions.Runner.UnityLogCheckDelegatingCommand/<ExecuteEnumerable>d__3:MoveNext () (at ./Library/PackageCache/com.unity.test-framework@40e262928427/UnityEngine.TestRunner/NUnitExtensions/Runner/UnityLogCheckDelegatingCommand.cs:35)
0x000001e9aa251e01 (Mono JIT Code) UnityEngine.TestTools.BeforeAfterTestCommandBase`1/<ExecuteEnumerable>d__16<T_REF>:MoveNext () (at ./Library/PackageCache/com.unity.test-framework@40e262928427/UnityEngine.TestRunner/NUnitExtensions/Commands/BeforeAfterTestCommandBase.cs:212)
0x000001e9aa272fb6 (Mono JIT Code) UnityEngine.TestTools.ImmediateEnumerableCommand:Execute (NUnit.Framework.Internal.ITestExecutionContext) (at ./Library/PackageCache/com.unity.test-framework@40e262928427/UnityEngine.TestRunner/NUnitExtensions/Commands/ImmediateEnumerableCommand.cs:18)
0x000001e9aa251f01 (Mono JIT Code) UnityEngine.TestTools.BeforeAfterTestCommandBase`1/<ExecuteEnumerable>d__16<T_REF>:MoveNext () (at ./Library/PackageCache/com.unity.test-framework@40e262928427/UnityEngine.TestRunner/NUnitExtensions/Commands/BeforeAfterTestCommandBase.cs:219)
0x000001e9aa251e01 (Mono JIT Code) UnityEngine.TestTools.BeforeAfterTestCommandBase`1/<ExecuteEnumerable>d__16<T_REF>:MoveNext () (at ./Library/PackageCache/com.unity.test-framework@40e262928427/UnityEngine.TestRunner/NUnitExtensions/Commands/BeforeAfterTestCommandBase.cs:212)
0x000001e9aa251e01 (Mono JIT Code) UnityEngine.TestTools.BeforeAfterTestCommandBase`1/<ExecuteEnumerable>d__16<T_REF>:MoveNext () (at ./Library/PackageCache/com.unity.test-framework@40e262928427/UnityEngine.TestRunner/NUnitExtensions/Commands/BeforeAfterTestCommandBase.cs:212)
0x000001e9aa26b457 (Mono JIT Code) UnityEngine.TestTools.RetryCommand/<ExecuteEnumerable>d__2:MoveNext () (at ./Library/PackageCache/com.unity.test-framework@40e262928427/UnityEngine.TestRunner/NUnitExtensions/Commands/RetryCommand.cs:37)
0x000001e9aa269f2f (Mono JIT Code) UnityEngine.TestTools.RepeatCommand/<ExecuteEnumerable>d__2:MoveNext () (at ./Library/PackageCache/com.unity.test-framework@40e262928427/UnityEngine.TestRunner/NUnitExtensions/Commands/RepeatCommand.cs:36)
0x000001e9aa268fa6 (Mono JIT Code) UnityEngine.TestTools.IgnoreTestCommand/<ExecuteEnumerable>d__3:MoveNext () (at ./Library/PackageCache/com.unity.test-framework@40e262928427/UnityEngine.TestRunner/NUnitExtensions/Commands/IgnoreTestCommand.cs:42)
0x000001e9aa267c7f (Mono JIT Code) UnityEngine.TestTools.StrictCheckCommand/<ExecuteEnumerable>d__2:MoveNext () (at ./Library/PackageCache/com.unity.test-framework@40e262928427/UnityEngine.TestRunner/NUnitExtensions/Commands/StrictCheckCommand.cs:29)
0x000001e9aa266fe1 (Mono JIT Code) UnityEngine.TestRunner.NUnitExtensions.Runner.DefaultTestWorkItem/<PerformWork>d__2:MoveNext () (at ./Library/PackageCache/com.unity.test-framework@40e262928427/UnityEngine.TestRunner/NUnitExtensions/Runner/DefaultTestWorkItem.cs:50)
0x000001e9aa255e12 (Mono JIT Code) UnityEngine.TestRunner.NUnitExtensions.Runner.CompositeWorkItem/<RunChildren>d__17:MoveNext () (at ./Library/PackageCache/com.unity.test-framework@40e262928427/UnityEngine.TestRunner/NUnitExtensions/Runner/CompositeWorkItem.cs:207)
0x000001e9aa247756 (Mono JIT Code) UnityEngine.TestRunner.NUnitExtensions.Runner.CompositeWorkItem/<PerformWork>d__13:MoveNext () (at ./Library/PackageCache/com.unity.test-framework@40e262928427/UnityEngine.TestRunner/NUnitExtensions/Runner/CompositeWorkItem.cs:82)
0x000001e9aa255e12 (Mono JIT Code) UnityEngine.TestRunner.NUnitExtensions.Runner.CompositeWorkItem/<RunChildren>d__17:MoveNext () (at ./Library/PackageCache/com.unity.test-framework@40e262928427/UnityEngine.TestRunner/NUnitExtensions/Runner/CompositeWorkItem.cs:207)
0x000001e9aa247756 (Mono JIT Code) UnityEngine.TestRunner.NUnitExtensions.Runner.CompositeWorkItem/<PerformWork>d__13:MoveNext () (at ./Library/PackageCache/com.unity.test-framework@40e262928427/UnityEngine.TestRunner/NUnitExtensions/Runner/CompositeWorkItem.cs:82)
0x000001e9aa255e12 (Mono JIT Code) UnityEngine.TestRunner.NUnitExtensions.Runner.CompositeWorkItem/<RunChildren>d__17:MoveNext () (at ./Library/PackageCache/com.unity.test-framework@40e262928427/UnityEngine.TestRunner/NUnitExtensions/Runner/CompositeWorkItem.cs:207)
0x000001e9aa247756 (Mono JIT Code) UnityEngine.TestRunner.NUnitExtensions.Runner.CompositeWorkItem/<PerformWork>d__13:MoveNext () (at ./Library/PackageCache/com.unity.test-framework@40e262928427/UnityEngine.TestRunner/NUnitExtensions/Runner/CompositeWorkItem.cs:82)
0x000001e9aa245fcc (Mono JIT Code) UnityEditor.TestTools.TestRunner.EditModeRunner:MoveNextAndUpdateYieldObject () (at ./Library/PackageCache/com.unity.test-framework@40e262928427/UnityEditor.TestRunner/TestRunner/EditModeRunner.cs:167)
0x000001e9aa245b7b (Mono JIT Code) UnityEditor.TestTools.TestRunner.EditModeRunner:TestConsumer (UnityEditor.TestTools.TestRunner.TestRunnerStateSerializer) (at ./Library/PackageCache/com.unity.test-framework@40e262928427/UnityEditor.TestRunner/TestRunner/EditModeRunner.cs:200)
0x000001e9aa23c173 (Mono JIT Code) UnityEditor.TestTools.TestRunner.TestRun.Tasks.EditModeRunTask/<Execute>d__1:MoveNext () (at ./Library/PackageCache/com.unity.test-framework@40e262928427/UnityEditor.TestRunner/TestRun/Tasks/EditModeRunTask.cs:48)
0x000001e977129d5e (Mono JIT Code) UnityEditor.TestTools.TestRunner.TestRun.TestJobRunner:ExecuteStep () (at ./Library/PackageCache/com.unity.test-framework@40e262928427/UnityEditor.TestRunner/TestRun/TestJobRunner.cs:173)
0x000001e977128953 (Mono JIT Code) UnityEditor.TestTools.TestRunner.TestRun.TestJobRunner:ExecuteCallback () (at ./Library/PackageCache/com.unity.test-framework@40e262928427/UnityEditor.TestRunner/TestRun/TestJobRunner.cs:108)
0x000001e99df821b8 (Mono JIT Code) UnityEditor.EditorApplication:Internal_CallUpdateFunctions ()
0x000001e8e6514785 (Mono JIT Code) (wrapper runtime-invoke) object:runtime_invoke_void (object,intptr,intptr,intptr)
0x00007fff3fd16e7e (mono-2.0-bdwgc) mono_jit_runtime_invoke (at C:/build/output/Unity-Technologies/mono/mono/mini/mini-runtime.c:3445)
0x00007fff3fc58874 (mono-2.0-bdwgc) do_runtime_invoke (at C:/build/output/Unity-Technologies/mono/mono/metadata/object.c:3068)
0x00007fff3fc58960 (mono-2.0-bdwgc) mono_runtime_invoke (at C:/build/output/Unity-Technologies/mono/mono/metadata/object.c:3115)
0x00007fff38e4cea4 (Unity) scripting_method_invoke
0x00007fff38e25433 (Unity) ScriptingInvocation::Invoke
0x00007fff38e20b35 (Unity) ScriptingInvocation::Invoke<void>
0x00007fff38f8b4bb (Unity) Scripting::UnityEditor::EditorApplicationProxy::Internal_CallUpdateFunctions
0x00007fff3a07e0e4 (Unity) SceneTracker::Update
0x00007fff39be1247 (Unity) Application::TickTimer
0x00007fff3a1b25ac (Unity) MainMessageLoop
0x00007fff3a1b9d1c (Unity) UnityMain
0x00007ff68b302f2a (Unity) __scrt_common_main_seh
0x00007fffddade8d7 (KERNEL32) BaseThreadInitThunk
0x00007fffde88c53c (ntdll) RtlUserThreadStart

[RecoilConfiguration] Empty or null JSON provided, returning default configuration.
0x00007fff38f222ae (Unity) StackWalker::ShowCallstack
0x00007fff38f31ee9 (Unity) PlatformStacktrace::GetStacktrace
0x00007fff3a1ac04e (Unity) Stacktrace::GetStacktrace
0x00007fff3a7859df (Unity) DebugStringToFile
0x00007fff37fd2930 (Unity) DebugLogHandler_CUSTOM_Internal_Log
0x000001e9766cbd3e (Mono JIT Code) (wrapper managed-to-native) UnityEngine.DebugLogHandler:Internal_Log_Injected (UnityEngine.LogType,UnityEngine.LogOption,UnityEngine.Bindings.ManagedSpanWrapper&,intptr)
0x000001e9766cbb43 (Mono JIT Code) UnityEngine.DebugLogHandler:Internal_Log (UnityEngine.LogType,UnityEngine.LogOption,string,UnityEngine.Object)
0x000001e9766cb7fb (Mono JIT Code) UnityEngine.DebugLogHandler:LogFormat (UnityEngine.LogType,UnityEngine.Object,string,object[])
0x000001e9766ca6ae (Mono JIT Code) UnityEngine.Logger:Log (UnityEngine.LogType,object)
0x000001e9aa2b404d (Mono JIT Code) UnityEngine.Debug:LogWarning (object)
0x000001e976d477fb (Mono JIT Code) RecoilConfiguration:FromJson (string) (at C:/Users/Ubuntu/Desktop/_DEV/AFFECT-2025-10-11/Assets/_SCRIPTS/_PLAYER/Recoil/RecoilConfiguration.cs:136)
0x000001e976d48643 (Mono JIT Code) SerializationProperties:Property16_InvalidJsonReturnsDefaultConfiguration () (at C:/Users/Ubuntu/Desktop/_DEV/AFFECT-2025-10-11/Assets/_SCRIPTS/Editor/SerializationProperties.cs:115)
0x000001e9aa264548 (Mono JIT Code) (wrapper runtime-invoke) object:runtime_invoke_void__this__ (object,intptr,intptr,intptr)
0x00007fff3fd16e7e (mono-2.0-bdwgc) mono_jit_runtime_invoke (at C:/build/output/Unity-Technologies/mono/mono/mini/mini-runtime.c:3445)
0x00007fff3fc58874 (mono-2.0-bdwgc) do_runtime_invoke (at C:/build/output/Unity-Technologies/mono/mono/metadata/object.c:3068)
0x00007fff3fc5f926 (mono-2.0-bdwgc) mono_runtime_try_invoke_array (at C:/build/output/Unity-Technologies/mono/mono/metadata/object.c:5774)
0x00007fff3fb91b81 (mono-2.0-bdwgc) ves_icall_InternalInvoke (at C:/build/output/Unity-Technologies/mono/mono/metadata/icall.c:4038)
0x00007fff3fbb7e31 (mono-2.0-bdwgc) ves_icall_InternalInvoke_raw (at C:/build/output/Unity-Technologies/mono/mono/metadata/icall-def.h:692)
0x000001e8e22b0f92 (Mono JIT Code) (wrapper managed-to-native) System.Reflection.RuntimeMethodInfo:InternalInvoke (System.Reflection.RuntimeMethodInfo,object,object[],System.Exception&)
0x000001e8e3c7ea73 (Mono JIT Code) System.Reflection.RuntimeMethodInfo:Invoke (object,System.Reflection.BindingFlags,System.Reflection.Binder,object[],System.Globalization.CultureInfo)
0x000001e8db9555ef (Mono JIT Code) System.Reflection.MethodBase:Invoke (object,object[])
0x000001e9aa26e783 (Mono JIT Code) NUnit.Framework.Internal.Reflect:InvokeMethod (System.Reflection.MethodInfo,object,object[])
0x000001e9aa2760ab (Mono JIT Code) NUnit.Framework.Internal.MethodWrapper:Invoke (object,object[])
0x000001e9aa275f8a (Mono JIT Code) NUnit.Framework.Internal.Commands.TestMethodCommand:RunNonAsyncTestMethod (NUnit.Framework.Internal.ITestExecutionContext)
0x000001e9aa275dd3 (Mono JIT Code) NUnit.Framework.Internal.Commands.TestMethodCommand:RunTestMethod (NUnit.Framework.Internal.ITestExecutionContext)
0x000001e9aa275973 (Mono JIT Code) NUnit.Framework.Internal.Commands.TestMethodCommand:Execute (NUnit.Framework.Internal.ITestExecutionContext)
0x000001e9aa27556b (Mono JIT Code) UnityEngine.TestTools.UnityTestMethodCommand:Execute (NUnit.Framework.Internal.ITestExecutionContext) (at ./Library/PackageCache/com.unity.test-framework@40e262928427/UnityEngine.TestRunner/NUnitExtensions/Commands/UnityTestMethodCommand.cs:19)
0x000001e9aa2752fb (Mono JIT Code) UnityEngine.TestRunner.NUnitExtensions.Runner.UnityLogCheckDelegatingCommand/<>c__DisplayClass2_0:<Execute>b__0 () (at ./Library/PackageCache/com.unity.test-framework@40e262928427/UnityEngine.TestRunner/NUnitExtensions/Runner/UnityLogCheckDelegatingCommand.cs:24)
0x000001e9aa275123 (Mono JIT Code) UnityEngine.TestRunner.NUnitExtensions.Runner.UnityLogCheckDelegatingCommand:CaptureException (NUnit.Framework.Internal.TestResult,System.Action) (at ./Library/PackageCache/com.unity.test-framework@40e262928427/UnityEngine.TestRunner/NUnitExtensions/Runner/UnityLogCheckDelegatingCommand.cs:72)
0x000001e9aa274fb3 (Mono JIT Code) UnityEngine.TestRunner.NUnitExtensions.Runner.UnityLogCheckDelegatingCommand:ExecuteAndCheckLog (UnityEngine.TestTools.Logging.LogScope,NUnit.Framework.Internal.TestResult,System.Action) (at ./Library/PackageCache/com.unity.test-framework@40e262928427/UnityEngine.TestRunner/NUnitExtensions/Runner/UnityLogCheckDelegatingCommand.cs:83)
0x000001e9aa274c3b (Mono JIT Code) UnityEngine.TestRunner.NUnitExtensions.Runner.UnityLogCheckDelegatingCommand:Execute (NUnit.Framework.Internal.ITestExecutionContext) (at ./Library/PackageCache/com.unity.test-framework@40e262928427/UnityEngine.TestRunner/NUnitExtensions/Runner/UnityLogCheckDelegatingCommand.cs:24)
0x000001e9aa273c19 (Mono JIT Code) UnityEngine.TestRunner.NUnitExtensions.Runner.UnityLogCheckDelegatingCommand/<ExecuteEnumerable>d__3:MoveNext () (at ./Library/PackageCache/com.unity.test-framework@40e262928427/UnityEngine.TestRunner/NUnitExtensions/Runner/UnityLogCheckDelegatingCommand.cs:35)
0x000001e9aa251e01 (Mono JIT Code) UnityEngine.TestTools.BeforeAfterTestCommandBase`1/<ExecuteEnumerable>d__16<T_REF>:MoveNext () (at ./Library/PackageCache/com.unity.test-framework@40e262928427/UnityEngine.TestRunner/NUnitExtensions/Commands/BeforeAfterTestCommandBase.cs:212)
0x000001e9aa272fb6 (Mono JIT Code) UnityEngine.TestTools.ImmediateEnumerableCommand:Execute (NUnit.Framework.Internal.ITestExecutionContext) (at ./Library/PackageCache/com.unity.test-framework@40e262928427/UnityEngine.TestRunner/NUnitExtensions/Commands/ImmediateEnumerableCommand.cs:18)
0x000001e9aa251f01 (Mono JIT Code) UnityEngine.TestTools.BeforeAfterTestCommandBase`1/<ExecuteEnumerable>d__16<T_REF>:MoveNext () (at ./Library/PackageCache/com.unity.test-framework@40e262928427/UnityEngine.TestRunner/NUnitExtensions/Commands/BeforeAfterTestCommandBase.cs:219)
0x000001e9aa251e01 (Mono JIT Code) UnityEngine.TestTools.BeforeAfterTestCommandBase`1/<ExecuteEnumerable>d__16<T_REF>:MoveNext () (at ./Library/PackageCache/com.unity.test-framework@40e262928427/UnityEngine.TestRunner/NUnitExtensions/Commands/BeforeAfterTestCommandBase.cs:212)
0x000001e9aa251e01 (Mono JIT Code) UnityEngine.TestTools.BeforeAfterTestCommandBase`1/<ExecuteEnumerable>d__16<T_REF>:MoveNext () (at ./Library/PackageCache/com.unity.test-framework@40e262928427/UnityEngine.TestRunner/NUnitExtensions/Commands/BeforeAfterTestCommandBase.cs:212)
0x000001e9aa26b457 (Mono JIT Code) UnityEngine.TestTools.RetryCommand/<ExecuteEnumerable>d__2:MoveNext () (at ./Library/PackageCache/com.unity.test-framework@40e262928427/UnityEngine.TestRunner/NUnitExtensions/Commands/RetryCommand.cs:37)
0x000001e9aa269f2f (Mono JIT Code) UnityEngine.TestTools.RepeatCommand/<ExecuteEnumerable>d__2:MoveNext () (at ./Library/PackageCache/com.unity.test-framework@40e262928427/UnityEngine.TestRunner/NUnitExtensions/Commands/RepeatCommand.cs:36)
0x000001e9aa268fa6 (Mono JIT Code) UnityEngine.TestTools.IgnoreTestCommand/<ExecuteEnumerable>d__3:MoveNext () (at ./Library/PackageCache/com.unity.test-framework@40e262928427/UnityEngine.TestRunner/NUnitExtensions/Commands/IgnoreTestCommand.cs:42)
0x000001e9aa267c7f (Mono JIT Code) UnityEngine.TestTools.StrictCheckCommand/<ExecuteEnumerable>d__2:MoveNext () (at ./Library/PackageCache/com.unity.test-framework@40e262928427/UnityEngine.TestRunner/NUnitExtensions/Commands/StrictCheckCommand.cs:29)
0x000001e9aa266fe1 (Mono JIT Code) UnityEngine.TestRunner.NUnitExtensions.Runner.DefaultTestWorkItem/<PerformWork>d__2:MoveNext () (at ./Library/PackageCache/com.unity.test-framework@40e262928427/UnityEngine.TestRunner/NUnitExtensions/Runner/DefaultTestWorkItem.cs:50)
0x000001e9aa255e12 (Mono JIT Code) UnityEngine.TestRunner.NUnitExtensions.Runner.CompositeWorkItem/<RunChildren>d__17:MoveNext () (at ./Library/PackageCache/com.unity.test-framework@40e262928427/UnityEngine.TestRunner/NUnitExtensions/Runner/CompositeWorkItem.cs:207)
0x000001e9aa247756 (Mono JIT Code) UnityEngine.TestRunner.NUnitExtensions.Runner.CompositeWorkItem/<PerformWork>d__13:MoveNext () (at ./Library/PackageCache/com.unity.test-framework@40e262928427/UnityEngine.TestRunner/NUnitExtensions/Runner/CompositeWorkItem.cs:82)
0x000001e9aa255e12 (Mono JIT Code) UnityEngine.TestRunner.NUnitExtensions.Runner.CompositeWorkItem/<RunChildren>d__17:MoveNext () (at ./Library/PackageCache/com.unity.test-framework@40e262928427/UnityEngine.TestRunner/NUnitExtensions/Runner/CompositeWorkItem.cs:207)
0x000001e9aa247756 (Mono JIT Code) UnityEngine.TestRunner.NUnitExtensions.Runner.CompositeWorkItem/<PerformWork>d__13:MoveNext () (at ./Library/PackageCache/com.unity.test-framework@40e262928427/UnityEngine.TestRunner/NUnitExtensions/Runner/CompositeWorkItem.cs:82)
0x000001e9aa255e12 (Mono JIT Code) UnityEngine.TestRunner.NUnitExtensions.Runner.CompositeWorkItem/<RunChildren>d__17:MoveNext () (at ./Library/PackageCache/com.unity.test-framework@40e262928427/UnityEngine.TestRunner/NUnitExtensions/Runner/CompositeWorkItem.cs:207)
0x000001e9aa247756 (Mono JIT Code) UnityEngine.TestRunner.NUnitExtensions.Runner.CompositeWorkItem/<PerformWork>d__13:MoveNext () (at ./Library/PackageCache/com.unity.test-framework@40e262928427/UnityEngine.TestRunner/NUnitExtensions/Runner/CompositeWorkItem.cs:82)
0x000001e9aa245fcc (Mono JIT Code) UnityEditor.TestTools.TestRunner.EditModeRunner:MoveNextAndUpdateYieldObject () (at ./Library/PackageCache/com.unity.test-framework@40e262928427/UnityEditor.TestRunner/TestRunner/EditModeRunner.cs:167)
0x000001e9aa245b7b (Mono JIT Code) UnityEditor.TestTools.TestRunner.EditModeRunner:TestConsumer (UnityEditor.TestTools.TestRunner.TestRunnerStateSerializer) (at ./Library/PackageCache/com.unity.test-framework@40e262928427/UnityEditor.TestRunner/TestRunner/EditModeRunner.cs:200)
0x000001e9aa23c173 (Mono JIT Code) UnityEditor.TestTools.TestRunner.TestRun.Tasks.EditModeRunTask/<Execute>d__1:MoveNext () (at ./Library/PackageCache/com.unity.test-framework@40e262928427/UnityEditor.TestRunner/TestRun/Tasks/EditModeRunTask.cs:48)
0x000001e977129d5e (Mono JIT Code) UnityEditor.TestTools.TestRunner.TestRun.TestJobRunner:ExecuteStep () (at ./Library/PackageCache/com.unity.test-framework@40e262928427/UnityEditor.TestRunner/TestRun/TestJobRunner.cs:173)
0x000001e977128953 (Mono JIT Code) UnityEditor.TestTools.TestRunner.TestRun.TestJobRunner:ExecuteCallback () (at ./Library/PackageCache/com.unity.test-framework@40e262928427/UnityEditor.TestRunner/TestRun/TestJobRunner.cs:108)
0x000001e99df821b8 (Mono JIT Code) UnityEditor.EditorApplication:Internal_CallUpdateFunctions ()
0x000001e8e6514785 (Mono JIT Code) (wrapper runtime-invoke) object:runtime_invoke_void (object,intptr,intptr,intptr)
0x00007fff3fd16e7e (mono-2.0-bdwgc) mono_jit_runtime_invoke (at C:/build/output/Unity-Technologies/mono/mono/mini/mini-runtime.c:3445)
0x00007fff3fc58874 (mono-2.0-bdwgc) do_runtime_invoke (at C:/build/output/Unity-Technologies/mono/mono/metadata/object.c:3068)
0x00007fff3fc58960 (mono-2.0-bdwgc) mono_runtime_invoke (at C:/build/output/Unity-Technologies/mono/mono/metadata/object.c:3115)
0x00007fff38e4cea4 (Unity) scripting_method_invoke
0x00007fff38e25433 (Unity) ScriptingInvocation::Invoke
0x00007fff38e20b35 (Unity) ScriptingInvocation::Invoke<void>
0x00007fff38f8b4bb (Unity) Scripting::UnityEditor::EditorApplicationProxy::Internal_CallUpdateFunctions
0x00007fff3a07e0e4 (Unity) SceneTracker::Update
0x00007fff39be1247 (Unity) Application::TickTimer
0x00007fff3a1b25ac (Unity) MainMessageLoop
0x00007fff3a1b9d1c (Unity) UnityMain
0x00007ff68b302f2a (Unity) __scrt_common_main_seh
0x00007fffddade8d7 (KERNEL32) BaseThreadInitThunk
0x00007fffde88c53c (ntdll) RtlUserThreadStart

[RecoilConfiguration] Failed to deserialize JSON: JSON parse error: Invalid value.. Returning default configuration.
0x00007fff38f222ae (Unity) StackWalker::ShowCallstack
0x00007fff38f31ee9 (Unity) PlatformStacktrace::GetStacktrace
0x00007fff3a1ac04e (Unity) Stacktrace::GetStacktrace
0x00007fff3a7859df (Unity) DebugStringToFile
0x00007fff37fd2930 (Unity) DebugLogHandler_CUSTOM_Internal_Log
0x000001e9766cbd3e (Mono JIT Code) (wrapper managed-to-native) UnityEngine.DebugLogHandler:Internal_Log_Injected (UnityEngine.LogType,UnityEngine.LogOption,UnityEngine.Bindings.ManagedSpanWrapper&,intptr)
0x000001e9766cbb43 (Mono JIT Code) UnityEngine.DebugLogHandler:Internal_Log (UnityEngine.LogType,UnityEngine.LogOption,string,UnityEngine.Object)
0x000001e9766cb7fb (Mono JIT Code) UnityEngine.DebugLogHandler:LogFormat (UnityEngine.LogType,UnityEngine.Object,string,object[])
0x000001e9766ca6ae (Mono JIT Code) UnityEngine.Logger:Log (UnityEngine.LogType,object)
0x000001e9aa2b404d (Mono JIT Code) UnityEngine.Debug:LogWarning (object)
0x000001e976d47adb (Mono JIT Code) RecoilConfiguration:FromJson (string) (at C:/Users/Ubuntu/Desktop/_DEV/AFFECT-2025-10-11/Assets/_SCRIPTS/_PLAYER/Recoil/RecoilConfiguration.cs:152)
0x000001e976d48643 (Mono JIT Code) SerializationProperties:Property16_InvalidJsonReturnsDefaultConfiguration () (at C:/Users/Ubuntu/Desktop/_DEV/AFFECT-2025-10-11/Assets/_SCRIPTS/Editor/SerializationProperties.cs:115)
0x000001e9aa264548 (Mono JIT Code) (wrapper runtime-invoke) object:runtime_invoke_void__this__ (object,intptr,intptr,intptr)
0x00007fff3fd16e7e (mono-2.0-bdwgc) mono_jit_runtime_invoke (at C:/build/output/Unity-Technologies/mono/mono/mini/mini-runtime.c:3445)
0x00007fff3fc58874 (mono-2.0-bdwgc) do_runtime_invoke (at C:/build/output/Unity-Technologies/mono/mono/metadata/object.c:3068)
0x00007fff3fc5f926 (mono-2.0-bdwgc) mono_runtime_try_invoke_array (at C:/build/output/Unity-Technologies/mono/mono/metadata/object.c:5774)
0x00007fff3fb91b81 (mono-2.0-bdwgc) ves_icall_InternalInvoke (at C:/build/output/Unity-Technologies/mono/mono/metadata/icall.c:4038)
0x00007fff3fbb7e31 (mono-2.0-bdwgc) ves_icall_InternalInvoke_raw (at C:/build/output/Unity-Technologies/mono/mono/metadata/icall-def.h:692)
0x000001e8e22b0f92 (Mono JIT Code) (wrapper managed-to-native) System.Reflection.RuntimeMethodInfo:InternalInvoke (System.Reflection.RuntimeMethodInfo,object,object[],System.Exception&)
0x000001e8e3c7ea73 (Mono JIT Code) System.Reflection.RuntimeMethodInfo:Invoke (object,System.Reflection.BindingFlags,System.Reflection.Binder,object[],System.Globalization.CultureInfo)
0x000001e8db9555ef (Mono JIT Code) System.Reflection.MethodBase:Invoke (object,object[])
0x000001e9aa26e783 (Mono JIT Code) NUnit.Framework.Internal.Reflect:InvokeMethod (System.Reflection.MethodInfo,object,object[])
0x000001e9aa2760ab (Mono JIT Code) NUnit.Framework.Internal.MethodWrapper:Invoke (object,object[])
0x000001e9aa275f8a (Mono JIT Code) NUnit.Framework.Internal.Commands.TestMethodCommand:RunNonAsyncTestMethod (NUnit.Framework.Internal.ITestExecutionContext)
0x000001e9aa275dd3 (Mono JIT Code) NUnit.Framework.Internal.Commands.TestMethodCommand:RunTestMethod (NUnit.Framework.Internal.ITestExecutionContext)
0x000001e9aa275973 (Mono JIT Code) NUnit.Framework.Internal.Commands.TestMethodCommand:Execute (NUnit.Framework.Internal.ITestExecutionContext)
0x000001e9aa27556b (Mono JIT Code) UnityEngine.TestTools.UnityTestMethodCommand:Execute (NUnit.Framework.Internal.ITestExecutionContext) (at ./Library/PackageCache/com.unity.test-framework@40e262928427/UnityEngine.TestRunner/NUnitExtensions/Commands/UnityTestMethodCommand.cs:19)
0x000001e9aa2752fb (Mono JIT Code) UnityEngine.TestRunner.NUnitExtensions.Runner.UnityLogCheckDelegatingCommand/<>c__DisplayClass2_0:<Execute>b__0 () (at ./Library/PackageCache/com.unity.test-framework@40e262928427/UnityEngine.TestRunner/NUnitExtensions/Runner/UnityLogCheckDelegatingCommand.cs:24)
0x000001e9aa275123 (Mono JIT Code) UnityEngine.TestRunner.NUnitExtensions.Runner.UnityLogCheckDelegatingCommand:CaptureException (NUnit.Framework.Internal.TestResult,System.Action) (at ./Library/PackageCache/com.unity.test-framework@40e262928427/UnityEngine.TestRunner/NUnitExtensions/Runner/UnityLogCheckDelegatingCommand.cs:72)
0x000001e9aa274fb3 (Mono JIT Code) UnityEngine.TestRunner.NUnitExtensions.Runner.UnityLogCheckDelegatingCommand:ExecuteAndCheckLog (UnityEngine.TestTools.Logging.LogScope,NUnit.Framework.Internal.TestResult,System.Action) (at ./Library/PackageCache/com.unity.test-framework@40e262928427/UnityEngine.TestRunner/NUnitExtensions/Runner/UnityLogCheckDelegatingCommand.cs:83)
0x000001e9aa274c3b (Mono JIT Code) UnityEngine.TestRunner.NUnitExtensions.Runner.UnityLogCheckDelegatingCommand:Execute (NUnit.Framework.Internal.ITestExecutionContext) (at ./Library/PackageCache/com.unity.test-framework@40e262928427/UnityEngine.TestRunner/NUnitExtensions/Runner/UnityLogCheckDelegatingCommand.cs:24)
0x000001e9aa273c19 (Mono JIT Code) UnityEngine.TestRunner.NUnitExtensions.Runner.UnityLogCheckDelegatingCommand/<ExecuteEnumerable>d__3:MoveNext () (at ./Library/PackageCache/com.unity.test-framework@40e262928427/UnityEngine.TestRunner/NUnitExtensions/Runner/UnityLogCheckDelegatingCommand.cs:35)
0x000001e9aa251e01 (Mono JIT Code) UnityEngine.TestTools.BeforeAfterTestCommandBase`1/<ExecuteEnumerable>d__16<T_REF>:MoveNext () (at ./Library/PackageCache/com.unity.test-framework@40e262928427/UnityEngine.TestRunner/NUnitExtensions/Commands/BeforeAfterTestCommandBase.cs:212)
0x000001e9aa272fb6 (Mono JIT Code) UnityEngine.TestTools.ImmediateEnumerableCommand:Execute (NUnit.Framework.Internal.ITestExecutionContext) (at ./Library/PackageCache/com.unity.test-framework@40e262928427/UnityEngine.TestRunner/NUnitExtensions/Commands/ImmediateEnumerableCommand.cs:18)
0x000001e9aa251f01 (Mono JIT Code) UnityEngine.TestTools.BeforeAfterTestCommandBase`1/<ExecuteEnumerable>d__16<T_REF>:MoveNext () (at ./Library/PackageCache/com.unity.test-framework@40e262928427/UnityEngine.TestRunner/NUnitExtensions/Commands/BeforeAfterTestCommandBase.cs:219)
0x000001e9aa251e01 (Mono JIT Code) UnityEngine.TestTools.BeforeAfterTestCommandBase`1/<ExecuteEnumerable>d__16<T_REF>:MoveNext () (at ./Library/PackageCache/com.unity.test-framework@40e262928427/UnityEngine.TestRunner/NUnitExtensions/Commands/BeforeAfterTestCommandBase.cs:212)
0x000001e9aa251e01 (Mono JIT Code) UnityEngine.TestTools.BeforeAfterTestCommandBase`1/<ExecuteEnumerable>d__16<T_REF>:MoveNext () (at ./Library/PackageCache/com.unity.test-framework@40e262928427/UnityEngine.TestRunner/NUnitExtensions/Commands/BeforeAfterTestCommandBase.cs:212)
0x000001e9aa26b457 (Mono JIT Code) UnityEngine.TestTools.RetryCommand/<ExecuteEnumerable>d__2:MoveNext () (at ./Library/PackageCache/com.unity.test-framework@40e262928427/UnityEngine.TestRunner/NUnitExtensions/Commands/RetryCommand.cs:37)
0x000001e9aa269f2f (Mono JIT Code) UnityEngine.TestTools.RepeatCommand/<ExecuteEnumerable>d__2:MoveNext () (at ./Library/PackageCache/com.unity.test-framework@40e262928427/UnityEngine.TestRunner/NUnitExtensions/Commands/RepeatCommand.cs:36)
0x000001e9aa268fa6 (Mono JIT Code) UnityEngine.TestTools.IgnoreTestCommand/<ExecuteEnumerable>d__3:MoveNext () (at ./Library/PackageCache/com.unity.test-framework@40e262928427/UnityEngine.TestRunner/NUnitExtensions/Commands/IgnoreTestCommand.cs:42)
0x000001e9aa267c7f (Mono JIT Code) UnityEngine.TestTools.StrictCheckCommand/<ExecuteEnumerable>d__2:MoveNext () (at ./Library/PackageCache/com.unity.test-framework@40e262928427/UnityEngine.TestRunner/NUnitExtensions/Commands/StrictCheckCommand.cs:29)
0x000001e9aa266fe1 (Mono JIT Code) UnityEngine.TestRunner.NUnitExtensions.Runner.DefaultTestWorkItem/<PerformWork>d__2:MoveNext () (at ./Library/PackageCache/com.unity.test-framework@40e262928427/UnityEngine.TestRunner/NUnitExtensions/Runner/DefaultTestWorkItem.cs:50)
0x000001e9aa255e12 (Mono JIT Code) UnityEngine.TestRunner.NUnitExtensions.Runner.CompositeWorkItem/<RunChildren>d__17:MoveNext () (at ./Library/PackageCache/com.unity.test-framework@40e262928427/UnityEngine.TestRunner/NUnitExtensions/Runner/CompositeWorkItem.cs:207)
0x000001e9aa247756 (Mono JIT Code) UnityEngine.TestRunner.NUnitExtensions.Runner.CompositeWorkItem/<PerformWork>d__13:MoveNext () (at ./Library/PackageCache/com.unity.test-framework@40e262928427/UnityEngine.TestRunner/NUnitExtensions/Runner/CompositeWorkItem.cs:82)
0x000001e9aa255e12 (Mono JIT Code) UnityEngine.TestRunner.NUnitExtensions.Runner.CompositeWorkItem/<RunChildren>d__17:MoveNext () (at ./Library/PackageCache/com.unity.test-framework@40e262928427/UnityEngine.TestRunner/NUnitExtensions/Runner/CompositeWorkItem.cs:207)
0x000001e9aa247756 (Mono JIT Code) UnityEngine.TestRunner.NUnitExtensions.Runner.CompositeWorkItem/<PerformWork>d__13:MoveNext () (at ./Library/PackageCache/com.unity.test-framework@40e262928427/UnityEngine.TestRunner/NUnitExtensions/Runner/CompositeWorkItem.cs:82)
0x000001e9aa255e12 (Mono JIT Code) UnityEngine.TestRunner.NUnitExtensions.Runner.CompositeWorkItem/<RunChildren>d__17:MoveNext () (at ./Library/PackageCache/com.unity.test-framework@40e262928427/UnityEngine.TestRunner/NUnitExtensions/Runner/CompositeWorkItem.cs:207)
0x000001e9aa247756 (Mono JIT Code) UnityEngine.TestRunner.NUnitExtensions.Runner.CompositeWorkItem/<PerformWork>d__13:MoveNext () (at ./Library/PackageCache/com.unity.test-framework@40e262928427/UnityEngine.TestRunner/NUnitExtensions/Runner/CompositeWorkItem.cs:82)
0x000001e9aa245fcc (Mono JIT Code) UnityEditor.TestTools.TestRunner.EditModeRunner:MoveNextAndUpdateYieldObject () (at ./Library/PackageCache/com.unity.test-framework@40e262928427/UnityEditor.TestRunner/TestRunner/EditModeRunner.cs:167)
0x000001e9aa245b7b (Mono JIT Code) UnityEditor.TestTools.TestRunner.EditModeRunner:TestConsumer (UnityEditor.TestTools.TestRunner.TestRunnerStateSerializer) (at ./Library/PackageCache/com.unity.test-framework@40e262928427/UnityEditor.TestRunner/TestRunner/EditModeRunner.cs:200)
0x000001e9aa23c173 (Mono JIT Code) UnityEditor.TestTools.TestRunner.TestRun.Tasks.EditModeRunTask/<Execute>d__1:MoveNext () (at ./Library/PackageCache/com.unity.test-framework@40e262928427/UnityEditor.TestRunner/TestRun/Tasks/EditModeRunTask.cs:48)
0x000001e977129d5e (Mono JIT Code) UnityEditor.TestTools.TestRunner.TestRun.TestJobRunner:ExecuteStep () (at ./Library/PackageCache/com.unity.test-framework@40e262928427/UnityEditor.TestRunner/TestRun/TestJobRunner.cs:173)
0x000001e977128953 (Mono JIT Code) UnityEditor.TestTools.TestRunner.TestRun.TestJobRunner:ExecuteCallback () (at ./Library/PackageCache/com.unity.test-framework@40e262928427/UnityEditor.TestRunner/TestRun/TestJobRunner.cs:108)
0x000001e99df821b8 (Mono JIT Code) UnityEditor.EditorApplication:Internal_CallUpdateFunctions ()
0x000001e8e6514785 (Mono JIT Code) (wrapper runtime-invoke) object:runtime_invoke_void (object,intptr,intptr,intptr)
0x00007fff3fd16e7e (mono-2.0-bdwgc) mono_jit_runtime_invoke (at C:/build/output/Unity-Technologies/mono/mono/mini/mini-runtime.c:3445)
0x00007fff3fc58874 (mono-2.0-bdwgc) do_runtime_invoke (at C:/build/output/Unity-Technologies/mono/mono/metadata/object.c:3068)
0x00007fff3fc58960 (mono-2.0-bdwgc) mono_runtime_invoke (at C:/build/output/Unity-Technologies/mono/mono/metadata/object.c:3115)
0x00007fff38e4cea4 (Unity) scripting_method_invoke
0x00007fff38e25433 (Unity) ScriptingInvocation::Invoke
0x00007fff38e20b35 (Unity) ScriptingInvocation::Invoke<void>
0x00007fff38f8b4bb (Unity) Scripting::UnityEditor::EditorApplicationProxy::Internal_CallUpdateFunctions
0x00007fff3a07e0e4 (Unity) SceneTracker::Update
0x00007fff39be1247 (Unity) Application::TickTimer
0x00007fff3a1b25ac (Unity) MainMessageLoop
0x00007fff3a1b9d1c (Unity) UnityMain
0x00007ff68b302f2a (Unity) __scrt_common_main_seh
0x00007fffddade8d7 (KERNEL32) BaseThreadInitThunk
0x00007fffde88c53c (ntdll) RtlUserThreadStart

[RecoilConfiguration] Failed to deserialize JSON: JSON parse error: Invalid value.. Returning default configuration.
0x00007fff38f222ae (Unity) StackWalker::ShowCallstack
0x00007fff38f31ee9 (Unity) PlatformStacktrace::GetStacktrace
0x00007fff3a1ac04e (Unity) Stacktrace::GetStacktrace
0x00007fff3a7859df (Unity) DebugStringToFile
0x00007fff37fd2930 (Unity) DebugLogHandler_CUSTOM_Internal_Log
0x000001e9766cbd3e (Mono JIT Code) (wrapper managed-to-native) UnityEngine.DebugLogHandler:Internal_Log_Injected (UnityEngine.LogType,UnityEngine.LogOption,UnityEngine.Bindings.ManagedSpanWrapper&,intptr)
0x000001e9766cbb43 (Mono JIT Code) UnityEngine.DebugLogHandler:Internal_Log (UnityEngine.LogType,UnityEngine.LogOption,string,UnityEngine.Object)
0x000001e9766cb7fb (Mono JIT Code) UnityEngine.DebugLogHandler:LogFormat (UnityEngine.LogType,UnityEngine.Object,string,object[])
0x000001e9766ca6ae (Mono JIT Code) UnityEngine.Logger:Log (UnityEngine.LogType,object)
0x000001e9aa2b404d (Mono JIT Code) UnityEngine.Debug:LogWarning (object)
0x000001e976d47adb (Mono JIT Code) RecoilConfiguration:FromJson (string) (at C:/Users/Ubuntu/Desktop/_DEV/AFFECT-2025-10-11/Assets/_SCRIPTS/_PLAYER/Recoil/RecoilConfiguration.cs:152)
0x000001e976d48643 (Mono JIT Code) SerializationProperties:Property16_InvalidJsonReturnsDefaultConfiguration () (at C:/Users/Ubuntu/Desktop/_DEV/AFFECT-2025-10-11/Assets/_SCRIPTS/Editor/SerializationProperties.cs:115)
0x000001e9aa264548 (Mono JIT Code) (wrapper runtime-invoke) object:runtime_invoke_void__this__ (object,intptr,intptr,intptr)
0x00007fff3fd16e7e (mono-2.0-bdwgc) mono_jit_runtime_invoke (at C:/build/output/Unity-Technologies/mono/mono/mini/mini-runtime.c:3445)
0x00007fff3fc58874 (mono-2.0-bdwgc) do_runtime_invoke (at C:/build/output/Unity-Technologies/mono/mono/metadata/object.c:3068)
0x00007fff3fc5f926 (mono-2.0-bdwgc) mono_runtime_try_invoke_array (at C:/build/output/Unity-Technologies/mono/mono/metadata/object.c:5774)
0x00007fff3fb91b81 (mono-2.0-bdwgc) ves_icall_InternalInvoke (at C:/build/output/Unity-Technologies/mono/mono/metadata/icall.c:4038)
0x00007fff3fbb7e31 (mono-2.0-bdwgc) ves_icall_InternalInvoke_raw (at C:/build/output/Unity-Technologies/mono/mono/metadata/icall-def.h:692)
0x000001e8e22b0f92 (Mono JIT Code) (wrapper managed-to-native) System.Reflection.RuntimeMethodInfo:InternalInvoke (System.Reflection.RuntimeMethodInfo,object,object[],System.Exception&)
0x000001e8e3c7ea73 (Mono JIT Code) System.Reflection.RuntimeMethodInfo:Invoke (object,System.Reflection.BindingFlags,System.Reflection.Binder,object[],System.Globalization.CultureInfo)
0x000001e8db9555ef (Mono JIT Code) System.Reflection.MethodBase:Invoke (object,object[])
0x000001e9aa26e783 (Mono JIT Code) NUnit.Framework.Internal.Reflect:InvokeMethod (System.Reflection.MethodInfo,object,object[])
0x000001e9aa2760ab (Mono JIT Code) NUnit.Framework.Internal.MethodWrapper:Invoke (object,object[])
0x000001e9aa275f8a (Mono JIT Code) NUnit.Framework.Internal.Commands.TestMethodCommand:RunNonAsyncTestMethod (NUnit.Framework.Internal.ITestExecutionContext)
0x000001e9aa275dd3 (Mono JIT Code) NUnit.Framework.Internal.Commands.TestMethodCommand:RunTestMethod (NUnit.Framework.Internal.ITestExecutionContext)
0x000001e9aa275973 (Mono JIT Code) NUnit.Framework.Internal.Commands.TestMethodCommand:Execute (NUnit.Framework.Internal.ITestExecutionContext)
0x000001e9aa27556b (Mono JIT Code) UnityEngine.TestTools.UnityTestMethodCommand:Execute (NUnit.Framework.Internal.ITestExecutionContext) (at ./Library/PackageCache/com.unity.test-framework@40e262928427/UnityEngine.TestRunner/NUnitExtensions/Commands/UnityTestMethodCommand.cs:19)
0x000001e9aa2752fb (Mono JIT Code) UnityEngine.TestRunner.NUnitExtensions.Runner.UnityLogCheckDelegatingCommand/<>c__DisplayClass2_0:<Execute>b__0 () (at ./Library/PackageCache/com.unity.test-framework@40e262928427/UnityEngine.TestRunner/NUnitExtensions/Runner/UnityLogCheckDelegatingCommand.cs:24)
0x000001e9aa275123 (Mono JIT Code) UnityEngine.TestRunner.NUnitExtensions.Runner.UnityLogCheckDelegatingCommand:CaptureException (NUnit.Framework.Internal.TestResult,System.Action) (at ./Library/PackageCache/com.unity.test-framework@40e262928427/UnityEngine.TestRunner/NUnitExtensions/Runner/UnityLogCheckDelegatingCommand.cs:72)
0x000001e9aa274fb3 (Mono JIT Code) UnityEngine.TestRunner.NUnitExtensions.Runner.UnityLogCheckDelegatingCommand:ExecuteAndCheckLog (UnityEngine.TestTools.Logging.LogScope,NUnit.Framework.Internal.TestResult,System.Action) (at ./Library/PackageCache/com.unity.test-framework@40e262928427/UnityEngine.TestRunner/NUnitExtensions/Runner/UnityLogCheckDelegatingCommand.cs:83)
0x000001e9aa274c3b (Mono JIT Code) UnityEngine.TestRunner.NUnitExtensions.Runner.UnityLogCheckDelegatingCommand:Execute (NUnit.Framework.Internal.ITestExecutionContext) (at ./Library/PackageCache/com.unity.test-framework@40e262928427/UnityEngine.TestRunner/NUnitExtensions/Runner/UnityLogCheckDelegatingCommand.cs:24)
0x000001e9aa273c19 (Mono JIT Code) UnityEngine.TestRunner.NUnitExtensions.Runner.UnityLogCheckDelegatingCommand/<ExecuteEnumerable>d__3:MoveNext () (at ./Library/PackageCache/com.unity.test-framework@40e262928427/UnityEngine.TestRunner/NUnitExtensions/Runner/UnityLogCheckDelegatingCommand.cs:35)
0x000001e9aa251e01 (Mono JIT Code) UnityEngine.TestTools.BeforeAfterTestCommandBase`1/<ExecuteEnumerable>d__16<T_REF>:MoveNext () (at ./Library/PackageCache/com.unity.test-framework@40e262928427/UnityEngine.TestRunner/NUnitExtensions/Commands/BeforeAfterTestCommandBase.cs:212)
0x000001e9aa272fb6 (Mono JIT Code) UnityEngine.TestTools.ImmediateEnumerableCommand:Execute (NUnit.Framework.Internal.ITestExecutionContext) (at ./Library/PackageCache/com.unity.test-framework@40e262928427/UnityEngine.TestRunner/NUnitExtensions/Commands/ImmediateEnumerableCommand.cs:18)
0x000001e9aa251f01 (Mono JIT Code) UnityEngine.TestTools.BeforeAfterTestCommandBase`1/<ExecuteEnumerable>d__16<T_REF>:MoveNext () (at ./Library/PackageCache/com.unity.test-framework@40e262928427/UnityEngine.TestRunner/NUnitExtensions/Commands/BeforeAfterTestCommandBase.cs:219)
0x000001e9aa251e01 (Mono JIT Code) UnityEngine.TestTools.BeforeAfterTestCommandBase`1/<ExecuteEnumerable>d__16<T_REF>:MoveNext () (at ./Library/PackageCache/com.unity.test-framework@40e262928427/UnityEngine.TestRunner/NUnitExtensions/Commands/BeforeAfterTestCommandBase.cs:212)
0x000001e9aa251e01 (Mono JIT Code) UnityEngine.TestTools.BeforeAfterTestCommandBase`1/<ExecuteEnumerable>d__16<T_REF>:MoveNext () (at ./Library/PackageCache/com.unity.test-framework@40e262928427/UnityEngine.TestRunner/NUnitExtensions/Commands/BeforeAfterTestCommandBase.cs:212)
0x000001e9aa26b457 (Mono JIT Code) UnityEngine.TestTools.RetryCommand/<ExecuteEnumerable>d__2:MoveNext () (at ./Library/PackageCache/com.unity.test-framework@40e262928427/UnityEngine.TestRunner/NUnitExtensions/Commands/RetryCommand.cs:37)
0x000001e9aa269f2f (Mono JIT Code) UnityEngine.TestTools.RepeatCommand/<ExecuteEnumerable>d__2:MoveNext () (at ./Library/PackageCache/com.unity.test-framework@40e262928427/UnityEngine.TestRunner/NUnitExtensions/Commands/RepeatCommand.cs:36)
0x000001e9aa268fa6 (Mono JIT Code) UnityEngine.TestTools.IgnoreTestCommand/<ExecuteEnumerable>d__3:MoveNext () (at ./Library/PackageCache/com.unity.test-framework@40e262928427/UnityEngine.TestRunner/NUnitExtensions/Commands/IgnoreTestCommand.cs:42)
0x000001e9aa267c7f (Mono JIT Code) UnityEngine.TestTools.StrictCheckCommand/<ExecuteEnumerable>d__2:MoveNext () (at ./Library/PackageCache/com.unity.test-framework@40e262928427/UnityEngine.TestRunner/NUnitExtensions/Commands/StrictCheckCommand.cs:29)
0x000001e9aa266fe1 (Mono JIT Code) UnityEngine.TestRunner.NUnitExtensions.Runner.DefaultTestWorkItem/<PerformWork>d__2:MoveNext () (at ./Library/PackageCache/com.unity.test-framework@40e262928427/UnityEngine.TestRunner/NUnitExtensions/Runner/DefaultTestWorkItem.cs:50)
0x000001e9aa255e12 (Mono JIT Code) UnityEngine.TestRunner.NUnitExtensions.Runner.CompositeWorkItem/<RunChildren>d__17:MoveNext () (at ./Library/PackageCache/com.unity.test-framework@40e262928427/UnityEngine.TestRunner/NUnitExtensions/Runner/CompositeWorkItem.cs:207)
0x000001e9aa247756 (Mono JIT Code) UnityEngine.TestRunner.NUnitExtensions.Runner.CompositeWorkItem/<PerformWork>d__13:MoveNext () (at ./Library/PackageCache/com.unity.test-framework@40e262928427/UnityEngine.TestRunner/NUnitExtensions/Runner/CompositeWorkItem.cs:82)
0x000001e9aa255e12 (Mono JIT Code) UnityEngine.TestRunner.NUnitExtensions.Runner.CompositeWorkItem/<RunChildren>d__17:MoveNext () (at ./Library/PackageCache/com.unity.test-framework@40e262928427/UnityEngine.TestRunner/NUnitExtensions/Runner/CompositeWorkItem.cs:207)
0x000001e9aa247756 (Mono JIT Code) UnityEngine.TestRunner.NUnitExtensions.Runner.CompositeWorkItem/<PerformWork>d__13:MoveNext () (at ./Library/PackageCache/com.unity.test-framework@40e262928427/UnityEngine.TestRunner/NUnitExtensions/Runner/CompositeWorkItem.cs:82)
0x000001e9aa255e12 (Mono JIT Code) UnityEngine.TestRunner.NUnitExtensions.Runner.CompositeWorkItem/<RunChildren>d__17:MoveNext () (at ./Library/PackageCache/com.unity.test-framework@40e262928427/UnityEngine.TestRunner/NUnitExtensions/Runner/CompositeWorkItem.cs:207)
0x000001e9aa247756 (Mono JIT Code) UnityEngine.TestRunner.NUnitExtensions.Runner.CompositeWorkItem/<PerformWork>d__13:MoveNext () (at ./Library/PackageCache/com.unity.test-framework@40e262928427/UnityEngine.TestRunner/NUnitExtensions/Runner/CompositeWorkItem.cs:82)
0x000001e9aa245fcc (Mono JIT Code) UnityEditor.TestTools.TestRunner.EditModeRunner:MoveNextAndUpdateYieldObject () (at ./Library/PackageCache/com.unity.test-framework@40e262928427/UnityEditor.TestRunner/TestRunner/EditModeRunner.cs:167)
0x000001e9aa245b7b (Mono JIT Code) UnityEditor.TestTools.TestRunner.EditModeRunner:TestConsumer (UnityEditor.TestTools.TestRunner.TestRunnerStateSerializer) (at ./Library/PackageCache/com.unity.test-framework@40e262928427/UnityEditor.TestRunner/TestRunner/EditModeRunner.cs:200)
0x000001e9aa23c173 (Mono JIT Code) UnityEditor.TestTools.TestRunner.TestRun.Tasks.EditModeRunTask/<Execute>d__1:MoveNext () (at ./Library/PackageCache/com.unity.test-framework@40e262928427/UnityEditor.TestRunner/TestRun/Tasks/EditModeRunTask.cs:48)
0x000001e977129d5e (Mono JIT Code) UnityEditor.TestTools.TestRunner.TestRun.TestJobRunner:ExecuteStep () (at ./Library/PackageCache/com.unity.test-framework@40e262928427/UnityEditor.TestRunner/TestRun/TestJobRunner.cs:173)
0x000001e977128953 (Mono JIT Code) UnityEditor.TestTools.TestRunner.TestRun.TestJobRunner:ExecuteCallback () (at ./Library/PackageCache/com.unity.test-framework@40e262928427/UnityEditor.TestRunner/TestRun/TestJobRunner.cs:108)
0x000001e99df821b8 (Mono JIT Code) UnityEditor.EditorApplication:Internal_CallUpdateFunctions ()
0x000001e8e6514785 (Mono JIT Code) (wrapper runtime-invoke) object:runtime_invoke_void (object,intptr,intptr,intptr)
0x00007fff3fd16e7e (mono-2.0-bdwgc) mono_jit_runtime_invoke (at C:/build/output/Unity-Technologies/mono/mono/mini/mini-runtime.c:3445)
0x00007fff3fc58874 (mono-2.0-bdwgc) do_runtime_invoke (at C:/build/output/Unity-Technologies/mono/mono/metadata/object.c:3068)
0x00007fff3fc58960 (mono-2.0-bdwgc) mono_runtime_invoke (at C:/build/output/Unity-Technologies/mono/mono/metadata/object.c:3115)
0x00007fff38e4cea4 (Unity) scripting_method_invoke
0x00007fff38e25433 (Unity) ScriptingInvocation::Invoke
0x00007fff38e20b35 (Unity) ScriptingInvocation::Invoke<void>
0x00007fff38f8b4bb (Unity) Scripting::UnityEditor::EditorApplicationProxy::Internal_CallUpdateFunctions
0x00007fff3a07e0e4 (Unity) SceneTracker::Update
0x00007fff39be1247 (Unity) Application::TickTimer
0x00007fff3a1b25ac (Unity) MainMessageLoop
0x00007fff3a1b9d1c (Unity) UnityMain
0x00007ff68b302f2a (Unity) __scrt_common_main_seh
0x00007fffddade8d7 (KERNEL32) BaseThreadInitThunk
0x00007fffde88c53c (ntdll) RtlUserThreadStart

Saving results to: C:/Users/Ubuntu/AppData/LocalLow/DefaultCompany/AFFECT-2025-10-11\TestResults.xml
Saving results to: C:\Users\Ubuntu\Desktop\_DEV\AFFECT-2025-10-11\TestResults.xml
Executing IPostBuildCleanup for: Unity.PerformanceTesting.Editor.TestRunBuilder.
0x00007fff38f222ae (Unity) StackWalker::ShowCallstack
0x00007fff38f31ee9 (Unity) PlatformStacktrace::GetStacktrace
0x00007fff3a1ac04e (Unity) Stacktrace::GetStacktrace
0x00007fff3a7859df (Unity) DebugStringToFile
0x00007fff37fd2930 (Unity) DebugLogHandler_CUSTOM_Internal_Log
0x000001e9766cbd3e (Mono JIT Code) (wrapper managed-to-native) UnityEngine.DebugLogHandler:Internal_Log_Injected (UnityEngine.LogType,UnityEngine.LogOption,UnityEngine.Bindings.ManagedSpanWrapper&,intptr)
0x000001e9766cbb43 (Mono JIT Code) UnityEngine.DebugLogHandler:Internal_Log (UnityEngine.LogType,UnityEngine.LogOption,string,UnityEngine.Object)
0x000001e9766cb7fb (Mono JIT Code) UnityEngine.DebugLogHandler:LogFormat (UnityEngine.LogType,UnityEngine.Object,string,object[])
0x000001e9766ca6ae (Mono JIT Code) UnityEngine.Logger:Log (UnityEngine.LogType,object)
0x000001e9766ca34d (Mono JIT Code) UnityEngine.Debug:Log (object)
0x000001e977219740 (Mono JIT Code) UnityEditor.TestTools.TestRunner.TestRun.Tasks.BuildActionTaskBase`1/<ExecuteMethods>d__8<T_REF>:MoveNext () (at ./Library/PackageCache/com.unity.test-framework@40e262928427/UnityEditor.TestRunner/TestRun/Tasks/BuildActionTaskBase.cs:48)
0x000001e977218f43 (Mono JIT Code) UnityEditor.TestTools.TestRunner.TestRun.Tasks.BuildActionTaskBase`1/<Execute>d__7<T_REF>:MoveNext () (at ./Library/PackageCache/com.unity.test-framework@40e262928427/UnityEditor.TestRunner/TestRun/Tasks/BuildActionTaskBase.cs:34)
0x000001e977129d5e (Mono JIT Code) UnityEditor.TestTools.TestRunner.TestRun.TestJobRunner:ExecuteStep () (at ./Library/PackageCache/com.unity.test-framework@40e262928427/UnityEditor.TestRunner/TestRun/TestJobRunner.cs:173)
0x000001e977128953 (Mono JIT Code) UnityEditor.TestTools.TestRunner.TestRun.TestJobRunner:ExecuteCallback () (at ./Library/PackageCache/com.unity.test-framework@40e262928427/UnityEditor.TestRunner/TestRun/TestJobRunner.cs:108)
0x000001e99df821b8 (Mono JIT Code) UnityEditor.EditorApplication:Internal_CallUpdateFunctions ()
0x000001e8e6514785 (Mono JIT Code) (wrapper runtime-invoke) object:runtime_invoke_void (object,intptr,intptr,intptr)
0x00007fff3fd16e7e (mono-2.0-bdwgc) mono_jit_runtime_invoke (at C:/build/output/Unity-Technologies/mono/mono/mini/mini-runtime.c:3445)
0x00007fff3fc58874 (mono-2.0-bdwgc) do_runtime_invoke (at C:/build/output/Unity-Technologies/mono/mono/metadata/object.c:3068)
0x00007fff3fc58960 (mono-2.0-bdwgc) mono_runtime_invoke (at C:/build/output/Unity-Technologies/mono/mono/metadata/object.c:3115)
0x00007fff38e4cea4 (Unity) scripting_method_invoke
0x00007fff38e25433 (Unity) ScriptingInvocation::Invoke
0x00007fff38e20b35 (Unity) ScriptingInvocation::Invoke<void>
0x00007fff38f8b4bb (Unity) Scripting::UnityEditor::EditorApplicationProxy::Internal_CallUpdateFunctions
0x00007fff3a07e0e4 (Unity) SceneTracker::Update
0x00007fff39be1247 (Unity) Application::TickTimer
0x00007fff3a1b25ac (Unity) MainMessageLoop
0x00007fff3a1b9d1c (Unity) UnityMain
0x00007ff68b302f2a (Unity) __scrt_common_main_seh
0x00007fffddade8d7 (KERNEL32) BaseThreadInitThunk
0x00007fffde88c53c (ntdll) RtlUserThreadStart

Asset Pipeline Refresh (id=602f9a5040ed6584bad866db28aa1e42): Total: 0.005 seconds - Initiated by RefreshV2(NoUpdateAssetOptions)
Unloading 0 Unused Serialized files (Serialized files now loaded: 0)
Unloading 0 unused Assets / (0 B). Loaded Objects now: 8919.
Memory consumption went from 208.9 MB to 208.9 MB.
Total: 11.734700 ms (FindLiveObjects: 0.269100 ms CreateObjectMapping: 0.110900 ms MarkObjects: 11.342500 ms  DeleteObjects: 0.011400 ms)

DisplayProgressbar: Undo
Test run completed. Exiting with code 0 (Ok). Run completed.
0x00007fff38f222ae (Unity) StackWalker::ShowCallstack
0x00007fff38f31ee9 (Unity) PlatformStacktrace::GetStacktrace
0x00007fff3a1ac04e (Unity) Stacktrace::GetStacktrace
0x00007fff3a7859df (Unity) DebugStringToFile
0x00007fff37fd2930 (Unity) DebugLogHandler_CUSTOM_Internal_Log
0x000001e9766cbd3e (Mono JIT Code) (wrapper managed-to-native) UnityEngine.DebugLogHandler:Internal_Log_Injected (UnityEngine.LogType,UnityEngine.LogOption,UnityEngine.Bindings.ManagedSpanWrapper&,intptr)
0x000001e9766cbb43 (Mono JIT Code) UnityEngine.DebugLogHandler:Internal_Log (UnityEngine.LogType,UnityEngine.LogOption,string,UnityEngine.Object)
0x000001e9766cb7fb (Mono JIT Code) UnityEngine.DebugLogHandler:LogFormat (UnityEngine.LogType,UnityEngine.Object,string,object[])
0x000001e9766ca6ae (Mono JIT Code) UnityEngine.Logger:Log (UnityEngine.LogType,object)
0x000001e9766ca34d (Mono JIT Code) UnityEngine.Debug:Log (object)
0x000001e9ad3ad2cc (Mono JIT Code) UnityEditor.TestTools.TestRunner.CommandLineTest.Executer:ExitApplication (UnityEditor.TestTools.TestRunner.CommandLineTest.Executer/ReturnCodes,string) (at ./Library/PackageCache/com.unity.test-framework@40e262928427/UnityEditor.TestRunner/CommandLineTest/Executer.cs:81)
0x000001e97712e10b (Mono JIT Code) UnityEditor.TestTools.TestRunner.CommandLineTest.Executer:ExitIfRunIsCompleted () (at ./Library/PackageCache/com.unity.test-framework@40e262928427/UnityEditor.TestRunner/CommandLineTest/Executer.cs:74)
0x000001e99df821b8 (Mono JIT Code) UnityEditor.EditorApplication:Internal_CallUpdateFunctions ()
0x000001e8e6514785 (Mono JIT Code) (wrapper runtime-invoke) object:runtime_invoke_void (object,intptr,intptr,intptr)
0x00007fff3fd16e7e (mono-2.0-bdwgc) mono_jit_runtime_invoke (at C:/build/output/Unity-Technologies/mono/mono/mini/mini-runtime.c:3445)
0x00007fff3fc58874 (mono-2.0-bdwgc) do_runtime_invoke (at C:/build/output/Unity-Technologies/mono/mono/metadata/object.c:3068)
0x00007fff3fc58960 (mono-2.0-bdwgc) mono_runtime_invoke (at C:/build/output/Unity-Technologies/mono/mono/metadata/object.c:3115)
0x00007fff38e4cea4 (Unity) scripting_method_invoke
0x00007fff38e25433 (Unity) ScriptingInvocation::Invoke
0x00007fff38e20b35 (Unity) ScriptingInvocation::Invoke<void>
0x00007fff38f8b4bb (Unity) Scripting::UnityEditor::EditorApplicationProxy::Internal_CallUpdateFunctions
0x00007fff3a07e0e4 (Unity) SceneTracker::Update
0x00007fff39be1247 (Unity) Application::TickTimer
0x00007fff3a1b25ac (Unity) MainMessageLoop
0x00007fff3a1b9d1c (Unity) UnityMain
0x00007ff68b302f2a (Unity) __scrt_common_main_seh
0x00007fffddade8d7 (KERNEL32) BaseThreadInitThunk
0x00007fffde88c53c (ntdll) RtlUserThreadStart

[Physics::Module] Cleanup current backend.
[Physics::Module] Id: 0xf2b8ea05
Input System module state changed to: ShutdownInProgress.
Input System polling thread exited.
Input System module state changed to: Shutdown.
[Licensing::IpcConnector] LicenseClient-Ubuntu-notifications channel disconnected successfully.
[Licensing::IpcConnector] LicenseClient-Ubuntu channel disconnected successfully.
AcceleratorClientConnectionCallback - disconnected - :0
Cleanup mono
Checking for leaked weakptr:
  Found no leaked weakptrs.
[Package Manager] Server process was shutdown
##utp:{"type":"MemoryLeaks","version":2,"phase":"Immediate","time":1764338378597,"processId":8720,"allocatedMemory":18926363,"memoryLabels":[{"Default":14265},{"Permanent":15460},{"NewDelete":66025},{"Thread":4230344},{"Manager":32940},{"VertexData":8},{"Geometry":816},{"VFX":-104},{"Texture":296},{"Shader":88039},{"Material":24},{"GfxDevice":55225},{"Animation":392},{"Audio":4040},{"FontEngine":256},{"Physics":2050},{"Serialization":432},{"Input":14824},{"JobScheduler":33024},{"TextLib":160},{"Mono":32},{"MonoCode":256},{"ScriptingNativeRuntime":155060},{"BaseObject":1620176},{"Resource":1304},{"Renderer":2928},{"Transform":4685},{"File":1016},{"WebCam":616},{"Culling":32},{"Terrain":11394},{"Wind":24},{"STL":40},{"String":9580},{"DynamicArray":190374},{"HashMap":93299},{"Utility":2661046},{"Curl":48},{"PoolAlloc":2632},{"AI":40},{"TypeTree":5005},{"ScriptManager":512},{"RuntimeInitializeOnLoadManager":64},{"SpriteAtlas":112},{"GI":7824},{"Director":8240},{"WebRequest":808},{"VR":46114},{"SceneManager":496},{"Video":208},{"LazyScriptCache":32},{"Camera":17},{"Secure":4225},{"SerializationCache":1576},{"APIUpdating":10320},{"Subsystems":336},{"VirtualTexturing":104344},{"StaticSafetyDebugInfo":278528},{"Analytics":256},{"Hierarchy":272},{"CoreStats":12424},{"Identifiers":12384},{"Gui":80},{"EditorUtility":108639},{"VersionControl":4},{"Undo":947},{"AssetDatabase":8941753},{"EditorGi":328},{"UnityConnect":24552},{"Upm":1896},{"DrivenProperties":72},{"LocalIPC":212},{"ProfilerEditor":9746},{"CoreBusinessMetrics":2593},{"TLS":27618},{"Licensing":664},{"AssetReference":32},{"IPCStream":32}]}
